============================================================
Time  2025/08/10 20:35:08 001 
============================================================
[2025/08/10 20:35:08 002] tts        676  SYS_MSG_REGCB param0 =  msp_status_cb  param1 =  func(68014a30) 
[2025/08/10 20:35:08 006] config     43   use general cloud  
[2025/08/10 20:35:08 017] tts_cloud  1417 SYS_MSG_REGCB_CLOUD param0 =   msp_status_cb  param1 =  func(68014a30) 
[2025/08/10 20:35:08 018] tts        647  TTS_MSG_SSB  
[2025/08/10 20:35:08 018] tts        375  params =  engine_type = local,voice_name=xiaoyan, text_encoding = UTF8, tts_res_path = fo|res/tts/xiaoyan.jet;fo|res/tts/common.jet, sample_rate = 16000, speed = 50, volume = 80, pitch = 50, rdn = 2  
[2025/08/10 20:35:08 018] tts        412  ssb|use local  
[2025/08/10 20:35:08 019] tts        349  local_session_begin  
[2025/08/10 20:35:08 023] tts        654  TTS_MSG_SYN  0  
[2025/08/10 20:35:08 023] tts        451  synth|use local  
[2025/08/10 20:35:08 024] tts        657  TTS_MSG_GETAUDIO  0  
[2025/08/10 20:35:08 024] tts        485  get audio|use local  
[2025/08/10 20:35:08 024] tts        527  0  nil  1  
[2025/08/10 20:35:08 025] tts        657  TTS_MSG_GETAUDIO  0  
[2025/08/10 20:35:08 025] tts        485  get audio|use local  
[2025/08/10 20:35:08 025] tts        527  0  nil  1  
[2025/08/10 20:35:08 026] tts        657  TTS_MSG_GETAUDIO  0  
[2025/08/10 20:35:08 026] tts        485  get audio|use local  
[2025/08/10 20:35:08 026] tts        527  0  nil  1  
[2025/08/10 20:35:08 026] tts        657  TTS_MSG_GETAUDIO  0  
[2025/08/10 20:35:08 027] tts        485  get audio|use local  
[2025/08/10 20:35:08 027] tts        527  0  nil  1  
[2025/08/10 20:35:08 027] tts        657  TTS_MSG_GETAUDIO  0  
[2025/08/10 20:35:08 027] tts        485  get audio|use local  
[2025/08/10 20:35:08 027] tts        527  0  nil  1  
[2025/08/10 20:35:08 028] tts        657  TTS_MSG_GETAUDIO  0  
[2025/08/10 20:35:08 028] tts        485  get audio|use local  
[2025/08/10 20:35:08 028] tts        527  0  nil  1  
[2025/08/10 20:35:08 029] tts        657  TTS_MSG_GETAUDIO  0  
[2025/08/10 20:35:08 029] tts        485  get audio|use local  
[2025/08/10 20:35:08 029] tts        527  0  nil  1  
[2025/08/10 20:35:08 029] tts        657  TTS_MSG_GETAUDIO  0  
[2025/08/10 20:35:08 030] tts        485  get audio|use local  
[2025/08/10 20:35:08 030] tts        527  0  nil  1  
[2025/08/10 20:35:08 030] tts        657  TTS_MSG_GETAUDIO  0  
[2025/08/10 20:35:08 031] tts        485  get audio|use local  
[2025/08/10 20:35:08 031] tts        527  0  nil  1  
[2025/08/10 20:35:08 032] tts        657  TTS_MSG_GETAUDIO  0  
[2025/08/10 20:35:08 032] tts        485  get audio|use local  
[2025/08/10 20:35:08 032] tts        527  0  nil  1  
[2025/08/10 20:35:08 033] tts        657  TTS_MSG_GETAUDIO  0  
[2025/08/10 20:35:08 033] tts        485  get audio|use local  
[2025/08/10 20:35:08 033] tts        527  0  nil  1  
[2025/08/10 20:35:08 034] tts        657  TTS_MSG_GETAUDIO  0  
[2025/08/10 20:35:08 034] tts        485  get audio|use local  
[2025/08/10 20:35:08 034] tts        527  0  nil  1  
[2025/08/10 20:35:08 035] tts        657  TTS_MSG_GETAUDIO  0  
[2025/08/10 20:35:08 035] tts        485  get audio|use local  
[2025/08/10 20:35:08 035] tts        527  0  nil  1  
[2025/08/10 20:35:08 036] tts        657  TTS_MSG_GETAUDIO  0  
[2025/08/10 20:35:08 036] tts        485  get audio|use local  
[2025/08/10 20:35:08 036] tts        527  0  nil  1  
[2025/08/10 20:35:08 037] tts        657  TTS_MSG_GETAUDIO  0  
[2025/08/10 20:35:08 037] tts        485  get audio|use local  
[2025/08/10 20:35:08 037] tts        527  0  nil  1  
[2025/08/10 20:35:08 038] tts        657  TTS_MSG_GETAUDIO  0  
[2025/08/10 20:35:08 038] tts        485  get audio|use local  
[2025/08/10 20:35:08 038] tts        527  0  nil  1  
[2025/08/10 20:35:08 039] tts        657  TTS_MSG_GETAUDIO  0  
[2025/08/10 20:35:08 039] tts        485  get audio|use local  
[2025/08/10 20:35:08 039] tts        527  0  nil  1  
[2025/08/10 20:35:08 040] tts        657  TTS_MSG_GETAUDIO  0  
[2025/08/10 20:35:08 040] tts        485  get audio|use local  
[2025/08/10 20:35:08 040] tts        527  0  nil  1  
[2025/08/10 20:35:08 041] tts        657  TTS_MSG_GETAUDIO  0  
[2025/08/10 20:35:08 041] tts        485  get audio|use local  
[2025/08/10 20:35:08 041] tts        527  0  nil  1  
[2025/08/10 20:35:08 041] tts        657  TTS_MSG_GETAUDIO  0  
[2025/08/10 20:35:08 042] tts        485  get audio|use local  
[2025/08/10 20:35:08 042] tts        527  0  nil  1  
[2025/08/10 20:35:08 042] tts        657  TTS_MSG_GETAUDIO  0  
[2025/08/10 20:35:08 042] tts        485  get audio|use local  
[2025/08/10 20:35:08 043] tts        527  0  nil  1  
[2025/08/10 20:35:08 043] tts        657  TTS_MSG_GETAUDIO  0  
[2025/08/10 20:35:08 043] tts        485  get audio|use local  
[2025/08/10 20:35:08 043] tts        527  0  nil  1  
[2025/08/10 20:35:08 044] tts        657  TTS_MSG_GETAUDIO  0  
[2025/08/10 20:35:08 044] tts        485  get audio|use local  
[2025/08/10 20:35:08 044] tts        527  0  nil  1  
[2025/08/10 20:35:08 045] tts        657  TTS_MSG_GETAUDIO  0  
[2025/08/10 20:35:08 045] tts        485  get audio|use local  
[2025/08/10 20:35:08 045] tts        527  0  nil  1  
[2025/08/10 20:35:08 046] tts        657  TTS_MSG_GETAUDIO  0  
[2025/08/10 20:35:08 046] tts        485  get audio|use local  
[2025/08/10 20:35:08 046] tts        527  0  nil  1  
[2025/08/10 20:35:08 047] tts        657  TTS_MSG_GETAUDIO  0  
[2025/08/10 20:35:08 048] tts        485  get audio|use local  
[2025/08/10 20:35:08 048] tts        527  0  nil  1  
[2025/08/10 20:35:08 049] tts        657  TTS_MSG_GETAUDIO  0  
[2025/08/10 20:35:08 049] tts        485  get audio|use local  
[2025/08/10 20:35:08 049] tts        527  0  nil  1  
[2025/08/10 20:35:08 050] tts        657  TTS_MSG_GETAUDIO  0  
[2025/08/10 20:35:08 050] tts        485  get audio|use local  
[2025/08/10 20:35:08 050] tts        527  0  nil  1  
[2025/08/10 20:35:08 051] tts        657  TTS_MSG_GETAUDIO  0  
[2025/08/10 20:35:08 051] tts        485  get audio|use local  
[2025/08/10 20:35:08 051] tts        527  0  nil  1  
[2025/08/10 20:35:08 053] tts        657  TTS_MSG_GETAUDIO  0  
[2025/08/10 20:35:08 053] tts        485  get audio|use local  
[2025/08/10 20:35:08 053] tts        527  0  nil  1  
[2025/08/10 20:35:08 054] tts        657  TTS_MSG_GETAUDIO  0  
[2025/08/10 20:35:08 054] tts        485  get audio|use local  
[2025/08/10 20:35:08 054] tts        527  0  nil  1  
[2025/08/10 20:35:08 057] tts        657  TTS_MSG_GETAUDIO  0  
[2025/08/10 20:35:08 057] tts        485  get audio|use local  
[2025/08/10 20:35:08 057] tts        527  0  nil  1  
[2025/08/10 20:35:08 058] tts        657  TTS_MSG_GETAUDIO  0  
[2025/08/10 20:35:08 058] tts        485  get audio|use local  
[2025/08/10 20:35:08 058] tts        527  0  nil  1  
[2025/08/10 20:35:08 059] tts        657  TTS_MSG_GETAUDIO  0  
[2025/08/10 20:35:08 059] tts        485  get audio|use local  
[2025/08/10 20:35:08 060] tts        527  0  nil  1  
[2025/08/10 20:35:08 061] tts        657  TTS_MSG_GETAUDIO  0  
[2025/08/10 20:35:08 061] tts        485  get audio|use local  
[2025/08/10 20:35:08 061] tts        527  0  nil  1  
[2025/08/10 20:35:08 062] tts        657  TTS_MSG_GETAUDIO  0  
[2025/08/10 20:35:08 062] tts        485  get audio|use local  
[2025/08/10 20:35:08 062] tts        527  0  nil  1  
[2025/08/10 20:35:08 063] tts        657  TTS_MSG_GETAUDIO  0  
[2025/08/10 20:35:08 063] tts        485  get audio|use local  
[2025/08/10 20:35:08 063] tts        527  0  nil  1  
[2025/08/10 20:35:08 064] tts        657  TTS_MSG_GETAUDIO  0  
[2025/08/10 20:35:08 064] tts        485  get audio|use local  
[2025/08/10 20:35:08 064] tts        527  0  nil  1  
[2025/08/10 20:35:08 065] tts        657  TTS_MSG_GETAUDIO  0  
[2025/08/10 20:35:08 065] tts        485  get audio|use local  
[2025/08/10 20:35:08 065] tts        527  0  nil  1  
[2025/08/10 20:35:08 066] tts        657  TTS_MSG_GETAUDIO  0  
[2025/08/10 20:35:08 066] tts        485  get audio|use local  
[2025/08/10 20:35:08 066] tts        527  0  nil  1  
[2025/08/10 20:35:08 067] tts        657  TTS_MSG_GETAUDIO  0  
[2025/08/10 20:35:08 067] tts        485  get audio|use local  
[2025/08/10 20:35:08 067] tts        527  0  nil  1  
[2025/08/10 20:35:08 068] tts        657  TTS_MSG_GETAUDIO  0  
[2025/08/10 20:35:08 068] tts        485  get audio|use local  
[2025/08/10 20:35:08 068] tts        527  0  nil  1  
[2025/08/10 20:35:08 069] tts        657  TTS_MSG_GETAUDIO  0  
[2025/08/10 20:35:08 069] tts        485  get audio|use local  
[2025/08/10 20:35:08 069] tts        527  0  nil  1  
[2025/08/10 20:35:08 070] tts        657  TTS_MSG_GETAUDIO  0  
[2025/08/10 20:35:08 070] tts        485  get audio|use local  
[2025/08/10 20:35:08 070] tts        527  0  nil  1  
[2025/08/10 20:35:08 079] tts        657  TTS_MSG_GETAUDIO  0  
[2025/08/10 20:35:08 079] tts        485  get audio|use local  
[2025/08/10 20:35:08 079] tts        527  0  nil  1  
[2025/08/10 20:35:08 082] tts        657  TTS_MSG_GETAUDIO  0  
[2025/08/10 20:35:08 082] tts        485  get audio|use local  
[2025/08/10 20:35:08 082] tts        527  0  nil  1  
[2025/08/10 20:35:08 083] tts        657  TTS_MSG_GETAUDIO  0  
[2025/08/10 20:35:08 083] tts        485  get audio|use local  
[2025/08/10 20:35:08 084] tts        527  0  nil  1  
[2025/08/10 20:35:08 084] tts        657  TTS_MSG_GETAUDIO  0  
[2025/08/10 20:35:08 084] tts        485  get audio|use local  
[2025/08/10 20:35:08 085] tts        527  0  nil  1  
[2025/08/10 20:35:08 086] tts        657  TTS_MSG_GETAUDIO  0  
[2025/08/10 20:35:08 086] tts        485  get audio|use local  
[2025/08/10 20:35:08 086] tts        527  0  nil  1  
[2025/08/10 20:35:08 087] tts        657  TTS_MSG_GETAUDIO  0  
[2025/08/10 20:35:08 088] tts        485  get audio|use local  
[2025/08/10 20:35:08 088] tts        527  0  nil  1  
[2025/08/10 20:35:08 089] tts        657  TTS_MSG_GETAUDIO  0  
[2025/08/10 20:35:08 089] tts        485  get audio|use local  
[2025/08/10 20:35:08 089] tts        527  0  nil  1  
[2025/08/10 20:35:08 093] tts        657  TTS_MSG_GETAUDIO  0  
[2025/08/10 20:35:08 093] tts        485  get audio|use local  
[2025/08/10 20:35:08 093] tts        527  0  nil  1  
[2025/08/10 20:35:08 095] tts        657  TTS_MSG_GETAUDIO  0  
[2025/08/10 20:35:08 095] tts        485  get audio|use local  
[2025/08/10 20:35:08 095] tts        527  0  nil  1  
[2025/08/10 20:35:08 097] tts        657  TTS_MSG_GETAUDIO  0  
[2025/08/10 20:35:08 097] tts        485  get audio|use local  
[2025/08/10 20:35:08 097] tts        527  0  nil  1  
[2025/08/10 20:35:08 098] tts        657  TTS_MSG_GETAUDIO  0  
[2025/08/10 20:35:08 098] tts        485  get audio|use local  
[2025/08/10 20:35:08 098] tts        527  0  nil  1  
[2025/08/10 20:35:08 100] tts        657  TTS_MSG_GETAUDIO  0  
[2025/08/10 20:35:08 100] tts        485  get audio|use local  
[2025/08/10 20:35:08 100] tts        527  0  nil  1  
[2025/08/10 20:35:08 105] tts        657  TTS_MSG_GETAUDIO  0  
[2025/08/10 20:35:08 107] tts        485  get audio|use local  
[2025/08/10 20:35:08 108] tts        527  0  nil  1  
[2025/08/10 20:35:08 111] tts        657  TTS_MSG_GETAUDIO  0  
[2025/08/10 20:35:08 111] tts        485  get audio|use local  
[2025/08/10 20:35:08 111] tts        527  0  nil  1  
[2025/08/10 20:35:08 112] tts        657  TTS_MSG_GETAUDIO  0  
[2025/08/10 20:35:08 112] tts        485  get audio|use local  
[2025/08/10 20:35:08 112] tts        527  0  nil  1  
[2025/08/10 20:35:08 114] tts        657  TTS_MSG_GETAUDIO  0  
[2025/08/10 20:35:08 114] tts        485  get audio|use local  
[2025/08/10 20:35:08 114] tts        527  0  nil  1  
[2025/08/10 20:35:08 115] tts        657  TTS_MSG_GETAUDIO  0  
[2025/08/10 20:35:08 115] tts        485  get audio|use local  
[2025/08/10 20:35:08 115] tts        527  0  nil  1  
[2025/08/10 20:35:08 117] tts        657  TTS_MSG_GETAUDIO  0  
[2025/08/10 20:35:08 117] tts        485  get audio|use local  
[2025/08/10 20:35:08 117] tts        527  0  nil  1  
[2025/08/10 20:35:08 118] tts        657  TTS_MSG_GETAUDIO  0  
[2025/08/10 20:35:08 119] tts        485  get audio|use local  
[2025/08/10 20:35:08 119] tts        527  0  nil  1  
[2025/08/10 20:35:08 120] tts        657  TTS_MSG_GETAUDIO  0  
[2025/08/10 20:35:08 120] tts        485  get audio|use local  
[2025/08/10 20:35:08 120] tts        527  0  nil  1  
[2025/08/10 20:35:08 121] tts        657  TTS_MSG_GETAUDIO  0  
[2025/08/10 20:35:08 121] tts        485  get audio|use local  
[2025/08/10 20:35:08 121] tts        527  0  nil  1  
[2025/08/10 20:35:08 122] tts        657  TTS_MSG_GETAUDIO  0  
[2025/08/10 20:35:08 122] tts        485  get audio|use local  
[2025/08/10 20:35:08 122] tts        527  0  nil  1  
[2025/08/10 20:35:08 123] tts        657  TTS_MSG_GETAUDIO  0  
[2025/08/10 20:35:08 123] tts        485  get audio|use local  
[2025/08/10 20:35:08 123] tts        527  0  nil  1  
[2025/08/10 20:35:08 124] tts        657  TTS_MSG_GETAUDIO  0  
[2025/08/10 20:35:08 124] tts        485  get audio|use local  
[2025/08/10 20:35:08 124] tts        527  0  nil  1  
[2025/08/10 20:35:08 125] tts        657  TTS_MSG_GETAUDIO  0  
[2025/08/10 20:35:08 125] tts        485  get audio|use local  
[2025/08/10 20:35:08 125] tts        527  0  nil  1  
[2025/08/10 20:35:08 126] tts        657  TTS_MSG_GETAUDIO  0  
[2025/08/10 20:35:08 126] tts        485  get audio|use local  
[2025/08/10 20:35:08 126] tts        527  0  nil  1  
[2025/08/10 20:35:08 127] tts        657  TTS_MSG_GETAUDIO  0  
[2025/08/10 20:35:08 127] tts        485  get audio|use local  
[2025/08/10 20:35:08 127] tts        527  0  nil  1  
[2025/08/10 20:35:08 128] tts        657  TTS_MSG_GETAUDIO  0  
[2025/08/10 20:35:08 128] tts        485  get audio|use local  
[2025/08/10 20:35:08 128] tts        527  0  nil  1  
[2025/08/10 20:35:08 128] tts        657  TTS_MSG_GETAUDIO  0  
[2025/08/10 20:35:08 129] tts        485  get audio|use local  
[2025/08/10 20:35:08 129] tts        527  0  nil  1  
[2025/08/10 20:35:08 129] tts        657  TTS_MSG_GETAUDIO  0  
[2025/08/10 20:35:08 130] tts        485  get audio|use local  
[2025/08/10 20:35:08 130] tts        527  0  nil  1  
[2025/08/10 20:35:08 131] tts        657  TTS_MSG_GETAUDIO  0  
[2025/08/10 20:35:08 131] tts        485  get audio|use local  
[2025/08/10 20:35:08 131] tts        527  0  nil  1  
[2025/08/10 20:35:08 132] tts        657  TTS_MSG_GETAUDIO  0  
[2025/08/10 20:35:08 132] tts        485  get audio|use local  
[2025/08/10 20:35:08 132] tts        527  0  nil  1  
[2025/08/10 20:35:08 132] tts        657  TTS_MSG_GETAUDIO  0  
[2025/08/10 20:35:08 132] tts        485  get audio|use local  
[2025/08/10 20:35:08 133] tts        527  0  nil  1  
[2025/08/10 20:35:08 134] tts        657  TTS_MSG_GETAUDIO  0  
[2025/08/10 20:35:08 135] tts        485  get audio|use local  
[2025/08/10 20:35:08 135] tts        527  0  nil  1  
[2025/08/10 20:35:08 138] tts        299  TTS_LOCAL_CB_BEGIN  
[2025/08/10 20:35:08 140] tts        657  TTS_MSG_GETAUDIO  0  
[2025/08/10 20:35:08 140] tts        485  get audio|use local  
[2025/08/10 20:35:08 140] tts        498  local audiolen:  2042  ,ced:  14  
[2025/08/10 20:35:08 140] tts        527  0  udata(6807d118) 1  
[2025/08/10 20:35:08 144] tts        657  TTS_MSG_GETAUDIO  0  
[2025/08/10 20:35:08 144] tts        485  get audio|use local  
[2025/08/10 20:35:08 144] tts        498  local audiolen:  2016  ,ced:  14  
[2025/08/10 20:35:08 144] tts        527  0  udata(6807d878) 1  
[2025/08/10 20:35:08 146] tts        657  TTS_MSG_GETAUDIO  0  
[2025/08/10 20:35:08 146] tts        485  get audio|use local  
[2025/08/10 20:35:08 146] tts        498  local audiolen:  1964  ,ced:  14  
[2025/08/10 20:35:08 146] tts        527  0  udata(6807ebf8) 1  
[2025/08/10 20:35:08 149] tts        657  TTS_MSG_GETAUDIO  0  
[2025/08/10 20:35:08 149] tts        485  get audio|use local  
[2025/08/10 20:35:08 150] tts        498  local audiolen:  1916  ,ced:  14  
[2025/08/10 20:35:08 150] tts        527  0  udata(6807eae8) 1  
[2025/08/10 20:35:08 153] tts        657  TTS_MSG_GETAUDIO  0  
[2025/08/10 20:35:08 153] tts        485  get audio|use local  
[2025/08/10 20:35:08 153] tts        498  local audiolen:  2018  ,ced:  14  
[2025/08/10 20:35:08 153] tts        527  0  udata(6807fd08) 1  
[2025/08/10 20:35:08 155] tts        657  TTS_MSG_GETAUDIO  0  
[2025/08/10 20:35:08 156] tts        485  get audio|use local  
[2025/08/10 20:35:08 156] tts        498  local audiolen:  2008  ,ced:  14  
[2025/08/10 20:35:08 156] tts        527  0  udata(6807f1a8) 1  
[2025/08/10 20:35:08 160] tts        657  TTS_MSG_GETAUDIO  0  
[2025/08/10 20:35:08 160] tts        485  get audio|use local  
[2025/08/10 20:35:08 160] tts        498  local audiolen:  2046  ,ced:  14  
[2025/08/10 20:35:08 160] tts        527  0  udata(6807e358) 1  
[2025/08/10 20:35:08 161] tts        657  TTS_MSG_GETAUDIO  0  
[2025/08/10 20:35:08 161] tts        485  get audio|use local  
[2025/08/10 20:35:08 162] tts        498  local audiolen:  1972  ,ced:  14  
[2025/08/10 20:35:08 162] tts        527  0  udata(6807e4a8) 1  
[2025/08/10 20:35:08 163] tts        657  TTS_MSG_GETAUDIO  0  
[2025/08/10 20:35:08 164] tts        485  get audio|use local  
[2025/08/10 20:35:08 164] tts        498  local audiolen:  1934  ,ced:  14  
[2025/08/10 20:35:08 164] tts        527  0  udata(6807fca8) 1  
[2025/08/10 20:35:08 164] tts        301  0  0  
[2025/08/10 20:35:08 165] tts        312  TTS_LOCAL_CB_END,  2  
[2025/08/10 20:35:08 165] tts        657  TTS_MSG_GETAUDIO  0  
[2025/08/10 20:35:08 165] tts        485  get audio|use local  
[2025/08/10 20:35:08 166] tts        498  local audiolen:  2018  ,ced:  14  
[2025/08/10 20:35:08 166] tts        527  0  udata(6807e798) 1  
[2025/08/10 20:35:08 168] tts        657  TTS_MSG_GETAUDIO  0  
[2025/08/10 20:35:08 168] tts        485  get audio|use local  
[2025/08/10 20:35:08 168] tts        498  local audiolen:  2040  ,ced:  14  
[2025/08/10 20:35:08 169] tts        527  0  udata(6807e7e8) 1  
[2025/08/10 20:35:08 169] tts        657  TTS_MSG_GETAUDIO  0  
[2025/08/10 20:35:08 170] tts        485  get audio|use local  
[2025/08/10 20:35:08 170] tts        498  local audiolen:  1958  ,ced:  14  
[2025/08/10 20:35:08 170] tts        527  0  udata(6807e838) 1  
[2025/08/10 20:35:08 171] tts        657  TTS_MSG_GETAUDIO  0  
[2025/08/10 20:35:08 171] tts        485  get audio|use local  
[2025/08/10 20:35:08 171] tts        498  local audiolen:  1998  ,ced:  14  
[2025/08/10 20:35:08 171] tts        527  0  udata(6807e888) 1  
[2025/08/10 20:35:08 174] tts        657  TTS_MSG_GETAUDIO  0  
[2025/08/10 20:35:08 174] tts        485  get audio|use local  
[2025/08/10 20:35:08 175] tts        498  local audiolen:  2016  ,ced:  14  
[2025/08/10 20:35:08 175] tts        527  0  udata(6807e8d8) 1  
[2025/08/10 20:35:08 176] tts        657  TTS_MSG_GETAUDIO  0  
[2025/08/10 20:35:08 176] tts        485  get audio|use local  
[2025/08/10 20:35:08 176] tts        498  local audiolen:  2014  ,ced:  14  
[2025/08/10 20:35:08 176] tts        527  0  udata(6807e928) 1  
[2025/08/10 20:35:08 177] tts        657  TTS_MSG_GETAUDIO  0  
[2025/08/10 20:35:08 177] tts        485  get audio|use local  
[2025/08/10 20:35:08 178] tts        498  local audiolen:  1938  ,ced:  14  
[2025/08/10 20:35:08 179] tts        527  0  udata(6807e978) 1  
[2025/08/10 20:35:08 180] tts        657  TTS_MSG_GETAUDIO  0  
[2025/08/10 20:35:08 180] tts        485  get audio|use local  
[2025/08/10 20:35:08 180] tts        498  local audiolen:  1992  ,ced:  14  
[2025/08/10 20:35:08 180] tts        527  0  udata(6807e9c8) 1  
[2025/08/10 20:35:08 181] tts        657  TTS_MSG_GETAUDIO  0  
[2025/08/10 20:35:08 181] tts        485  get audio|use local  
[2025/08/10 20:35:08 181] tts        498  local audiolen:  2006  ,ced:  14  
[2025/08/10 20:35:08 182] tts        527  0  udata(6807ea18) 1  
[2025/08/10 20:35:08 182] tts        657  TTS_MSG_GETAUDIO  0  
[2025/08/10 20:35:08 183] tts        485  get audio|use local  
[2025/08/10 20:35:08 183] tts        498  local audiolen:  2024  ,ced:  14  
[2025/08/10 20:35:08 183] tts        527  0  udata(6807ea68) 1  
[2025/08/10 20:35:08 183] tts        657  TTS_MSG_GETAUDIO  0  
[2025/08/10 20:35:08 184] tts        485  get audio|use local  
[2025/08/10 20:35:08 184] tts        498  local audiolen:  1902  ,ced:  14  
[2025/08/10 20:35:08 184] tts        527  0  udata(68022008) 1  
[2025/08/10 20:35:08 184] tts        657  TTS_MSG_GETAUDIO  0  
[2025/08/10 20:35:08 184] tts        485  get audio|use local  
[2025/08/10 20:35:08 185] tts        498  local audiolen:  1946  ,ced:  14  
[2025/08/10 20:35:08 185] tts        527  0  udata(6807f508) 1  
[2025/08/10 20:35:08 185] tts        657  TTS_MSG_GETAUDIO  0  
[2025/08/10 20:35:08 185] tts        485  get audio|use local  
[2025/08/10 20:35:08 186] tts        498  local audiolen:  1956  ,ced:  14  
[2025/08/10 20:35:08 186] tts        527  0  udata(6807f558) 1  
[2025/08/10 20:35:08 186] tts        657  TTS_MSG_GETAUDIO  0  
[2025/08/10 20:35:08 186] tts        485  get audio|use local  
[2025/08/10 20:35:08 186] tts        498  local audiolen:  864  ,ced:  14  
[2025/08/10 20:35:08 187] tts        527  0  udata(6807f918) 2  
[2025/08/10 20:35:08 188] tts        660  TTS_MSG_SSE  
[2025/08/10 20:35:08 189] tts        585  sse|use local  
[2025/08/10 20:35:08 192] tts        603  tts exit  
