============================================================
Time  2025/08/10 19:58:05 270 
============================================================
[2025/08/10 19:58:05 271] tts        676  SYS_MSG_REGCB param0 =  msp_status_cb  param1 =  func(6c014a30) 
[2025/08/10 19:58:05 276] config     43   use general cloud  
[2025/08/10 19:58:05 287] tts_cloud  1417 SYS_MSG_REGCB_CLOUD param0 =   msp_status_cb  param1 =  func(6c014a30) 
[2025/08/10 19:58:05 288] tts        647  TTS_MSG_SSB  
[2025/08/10 19:58:05 288] tts        375  params =  engine_type = local,voice_name=xiaoyan, text_encoding = UTF8, tts_res_path = fo|res/tts/xiaoyan.jet;fo|res/tts/common.jet, sample_rate = 16000, speed = 50, volume = 80, pitch = 50, rdn = 2  
[2025/08/10 19:58:05 289] tts        412  ssb|use local  
[2025/08/10 19:58:05 289] tts        349  local_session_begin  
[2025/08/10 19:58:05 296] tts        654  TTS_MSG_SYN  0  
[2025/08/10 19:58:05 296] tts        451  synth|use local  
[2025/08/10 19:58:05 297] tts        657  TTS_MSG_GETAUDIO  0  
[2025/08/10 19:58:05 297] tts        485  get audio|use local  
[2025/08/10 19:58:05 297] tts        527  0  nil  1  
[2025/08/10 19:58:05 299] tts        657  TTS_MSG_GETAUDIO  0  
[2025/08/10 19:58:05 299] tts        485  get audio|use local  
[2025/08/10 19:58:05 299] tts        527  0  nil  1  
[2025/08/10 19:58:05 300] tts        657  TTS_MSG_GETAUDIO  0  
[2025/08/10 19:58:05 300] tts        485  get audio|use local  
[2025/08/10 19:58:05 300] tts        527  0  nil  1  
[2025/08/10 19:58:05 301] tts        657  TTS_MSG_GETAUDIO  0  
[2025/08/10 19:58:05 301] tts        485  get audio|use local  
[2025/08/10 19:58:05 301] tts        527  0  nil  1  
[2025/08/10 19:58:05 301] tts        657  TTS_MSG_GETAUDIO  0  
[2025/08/10 19:58:05 301] tts        485  get audio|use local  
[2025/08/10 19:58:05 301] tts        527  0  nil  1  
[2025/08/10 19:58:05 302] tts        657  TTS_MSG_GETAUDIO  0  
[2025/08/10 19:58:05 302] tts        485  get audio|use local  
[2025/08/10 19:58:05 302] tts        527  0  nil  1  
[2025/08/10 19:58:05 303] tts        657  TTS_MSG_GETAUDIO  0  
[2025/08/10 19:58:05 303] tts        485  get audio|use local  
[2025/08/10 19:58:05 303] tts        527  0  nil  1  
[2025/08/10 19:58:05 303] tts        657  TTS_MSG_GETAUDIO  0  
[2025/08/10 19:58:05 303] tts        485  get audio|use local  
[2025/08/10 19:58:05 303] tts        527  0  nil  1  
[2025/08/10 19:58:05 304] tts        657  TTS_MSG_GETAUDIO  0  
[2025/08/10 19:58:05 304] tts        485  get audio|use local  
[2025/08/10 19:58:05 304] tts        527  0  nil  1  
[2025/08/10 19:58:05 305] tts        657  TTS_MSG_GETAUDIO  0  
[2025/08/10 19:58:05 305] tts        485  get audio|use local  
[2025/08/10 19:58:05 305] tts        527  0  nil  1  
[2025/08/10 19:58:05 305] tts        657  TTS_MSG_GETAUDIO  0  
[2025/08/10 19:58:05 305] tts        485  get audio|use local  
[2025/08/10 19:58:05 305] tts        527  0  nil  1  
[2025/08/10 19:58:05 306] tts        657  TTS_MSG_GETAUDIO  0  
[2025/08/10 19:58:05 306] tts        485  get audio|use local  
[2025/08/10 19:58:05 307] tts        527  0  nil  1  
[2025/08/10 19:58:05 307] tts        657  TTS_MSG_GETAUDIO  0  
[2025/08/10 19:58:05 308] tts        485  get audio|use local  
[2025/08/10 19:58:05 308] tts        527  0  nil  1  
[2025/08/10 19:58:05 309] tts        657  TTS_MSG_GETAUDIO  0  
[2025/08/10 19:58:05 309] tts        485  get audio|use local  
[2025/08/10 19:58:05 309] tts        527  0  nil  1  
[2025/08/10 19:58:05 310] tts        657  TTS_MSG_GETAUDIO  0  
[2025/08/10 19:58:05 310] tts        485  get audio|use local  
[2025/08/10 19:58:05 310] tts        527  0  nil  1  
[2025/08/10 19:58:05 310] tts        657  TTS_MSG_GETAUDIO  0  
[2025/08/10 19:58:05 310] tts        485  get audio|use local  
[2025/08/10 19:58:05 310] tts        527  0  nil  1  
[2025/08/10 19:58:05 311] tts        657  TTS_MSG_GETAUDIO  0  
[2025/08/10 19:58:05 311] tts        485  get audio|use local  
[2025/08/10 19:58:05 311] tts        527  0  nil  1  
[2025/08/10 19:58:05 312] tts        657  TTS_MSG_GETAUDIO  0  
[2025/08/10 19:58:05 312] tts        485  get audio|use local  
[2025/08/10 19:58:05 312] tts        527  0  nil  1  
[2025/08/10 19:58:05 312] tts        657  TTS_MSG_GETAUDIO  0  
[2025/08/10 19:58:05 313] tts        485  get audio|use local  
[2025/08/10 19:58:05 313] tts        527  0  nil  1  
[2025/08/10 19:58:05 313] tts        657  TTS_MSG_GETAUDIO  0  
[2025/08/10 19:58:05 313] tts        485  get audio|use local  
[2025/08/10 19:58:05 314] tts        527  0  nil  1  
[2025/08/10 19:58:05 314] tts        657  TTS_MSG_GETAUDIO  0  
[2025/08/10 19:58:05 314] tts        485  get audio|use local  
[2025/08/10 19:58:05 314] tts        527  0  nil  1  
[2025/08/10 19:58:05 315] tts        657  TTS_MSG_GETAUDIO  0  
[2025/08/10 19:58:05 315] tts        485  get audio|use local  
[2025/08/10 19:58:05 315] tts        527  0  nil  1  
[2025/08/10 19:58:05 316] tts        657  TTS_MSG_GETAUDIO  0  
[2025/08/10 19:58:05 316] tts        485  get audio|use local  
[2025/08/10 19:58:05 316] tts        527  0  nil  1  
[2025/08/10 19:58:05 316] tts        657  TTS_MSG_GETAUDIO  0  
[2025/08/10 19:58:05 316] tts        485  get audio|use local  
[2025/08/10 19:58:05 316] tts        527  0  nil  1  
[2025/08/10 19:58:05 317] tts        657  TTS_MSG_GETAUDIO  0  
[2025/08/10 19:58:05 317] tts        485  get audio|use local  
[2025/08/10 19:58:05 317] tts        527  0  nil  1  
[2025/08/10 19:58:05 318] tts        657  TTS_MSG_GETAUDIO  0  
[2025/08/10 19:58:05 318] tts        485  get audio|use local  
[2025/08/10 19:58:05 318] tts        527  0  nil  1  
[2025/08/10 19:58:05 318] tts        657  TTS_MSG_GETAUDIO  0  
[2025/08/10 19:58:05 318] tts        485  get audio|use local  
[2025/08/10 19:58:05 318] tts        527  0  nil  1  
[2025/08/10 19:58:05 319] tts        657  TTS_MSG_GETAUDIO  0  
[2025/08/10 19:58:05 319] tts        485  get audio|use local  
[2025/08/10 19:58:05 319] tts        527  0  nil  1  
[2025/08/10 19:58:05 320] tts        657  TTS_MSG_GETAUDIO  0  
[2025/08/10 19:58:05 320] tts        485  get audio|use local  
[2025/08/10 19:58:05 320] tts        527  0  nil  1  
[2025/08/10 19:58:05 321] tts        657  TTS_MSG_GETAUDIO  0  
[2025/08/10 19:58:05 321] tts        485  get audio|use local  
[2025/08/10 19:58:05 321] tts        527  0  nil  1  
[2025/08/10 19:58:05 322] tts        657  TTS_MSG_GETAUDIO  0  
[2025/08/10 19:58:05 322] tts        485  get audio|use local  
[2025/08/10 19:58:05 322] tts        527  0  nil  1  
[2025/08/10 19:58:05 323] tts        657  TTS_MSG_GETAUDIO  0  
[2025/08/10 19:58:05 323] tts        485  get audio|use local  
[2025/08/10 19:58:05 324] tts        527  0  nil  1  
[2025/08/10 19:58:05 325] tts        657  TTS_MSG_GETAUDIO  0  
[2025/08/10 19:58:05 325] tts        485  get audio|use local  
[2025/08/10 19:58:05 325] tts        527  0  nil  1  
[2025/08/10 19:58:05 326] tts        657  TTS_MSG_GETAUDIO  0  
[2025/08/10 19:58:05 326] tts        485  get audio|use local  
[2025/08/10 19:58:05 326] tts        527  0  nil  1  
[2025/08/10 19:58:05 327] tts        657  TTS_MSG_GETAUDIO  0  
[2025/08/10 19:58:05 327] tts        485  get audio|use local  
[2025/08/10 19:58:05 327] tts        527  0  nil  1  
[2025/08/10 19:58:05 328] tts        657  TTS_MSG_GETAUDIO  0  
[2025/08/10 19:58:05 328] tts        485  get audio|use local  
[2025/08/10 19:58:05 328] tts        527  0  nil  1  
[2025/08/10 19:58:05 329] tts        657  TTS_MSG_GETAUDIO  0  
[2025/08/10 19:58:05 329] tts        485  get audio|use local  
[2025/08/10 19:58:05 329] tts        527  0  nil  1  
[2025/08/10 19:58:05 330] tts        657  TTS_MSG_GETAUDIO  0  
[2025/08/10 19:58:05 330] tts        485  get audio|use local  
[2025/08/10 19:58:05 330] tts        527  0  nil  1  
[2025/08/10 19:58:05 331] tts        657  TTS_MSG_GETAUDIO  0  
[2025/08/10 19:58:05 331] tts        485  get audio|use local  
[2025/08/10 19:58:05 332] tts        527  0  nil  1  
[2025/08/10 19:58:05 333] tts        657  TTS_MSG_GETAUDIO  0  
[2025/08/10 19:58:05 333] tts        485  get audio|use local  
[2025/08/10 19:58:05 333] tts        527  0  nil  1  
[2025/08/10 19:58:05 334] tts        657  TTS_MSG_GETAUDIO  0  
[2025/08/10 19:58:05 334] tts        485  get audio|use local  
[2025/08/10 19:58:05 335] tts        527  0  nil  1  
[2025/08/10 19:58:05 335] tts        657  TTS_MSG_GETAUDIO  0  
[2025/08/10 19:58:05 335] tts        485  get audio|use local  
[2025/08/10 19:58:05 335] tts        527  0  nil  1  
[2025/08/10 19:58:05 336] tts        657  TTS_MSG_GETAUDIO  0  
[2025/08/10 19:58:05 336] tts        485  get audio|use local  
[2025/08/10 19:58:05 336] tts        527  0  nil  1  
[2025/08/10 19:58:05 337] tts        657  TTS_MSG_GETAUDIO  0  
[2025/08/10 19:58:05 337] tts        485  get audio|use local  
[2025/08/10 19:58:05 337] tts        527  0  nil  1  
[2025/08/10 19:58:05 338] tts        657  TTS_MSG_GETAUDIO  0  
[2025/08/10 19:58:05 338] tts        485  get audio|use local  
[2025/08/10 19:58:05 338] tts        527  0  nil  1  
[2025/08/10 19:58:05 339] tts        657  TTS_MSG_GETAUDIO  0  
[2025/08/10 19:58:05 339] tts        485  get audio|use local  
[2025/08/10 19:58:05 339] tts        527  0  nil  1  
[2025/08/10 19:58:05 340] tts        657  TTS_MSG_GETAUDIO  0  
[2025/08/10 19:58:05 340] tts        485  get audio|use local  
[2025/08/10 19:58:05 340] tts        527  0  nil  1  
[2025/08/10 19:58:05 340] tts        657  TTS_MSG_GETAUDIO  0  
[2025/08/10 19:58:05 340] tts        485  get audio|use local  
[2025/08/10 19:58:05 340] tts        527  0  nil  1  
[2025/08/10 19:58:05 341] tts        657  TTS_MSG_GETAUDIO  0  
[2025/08/10 19:58:05 341] tts        485  get audio|use local  
[2025/08/10 19:58:05 341] tts        527  0  nil  1  
[2025/08/10 19:58:05 342] tts        657  TTS_MSG_GETAUDIO  0  
[2025/08/10 19:58:05 343] tts        485  get audio|use local  
[2025/08/10 19:58:05 343] tts        527  0  nil  1  
[2025/08/10 19:58:05 344] tts        657  TTS_MSG_GETAUDIO  0  
[2025/08/10 19:58:05 344] tts        485  get audio|use local  
[2025/08/10 19:58:05 344] tts        527  0  nil  1  
[2025/08/10 19:58:05 345] tts        657  TTS_MSG_GETAUDIO  0  
[2025/08/10 19:58:05 345] tts        485  get audio|use local  
[2025/08/10 19:58:05 345] tts        527  0  nil  1  
[2025/08/10 19:58:05 345] tts        657  TTS_MSG_GETAUDIO  0  
[2025/08/10 19:58:05 346] tts        485  get audio|use local  
[2025/08/10 19:58:05 346] tts        527  0  nil  1  
[2025/08/10 19:58:05 347] tts        657  TTS_MSG_GETAUDIO  0  
[2025/08/10 19:58:05 347] tts        485  get audio|use local  
[2025/08/10 19:58:05 347] tts        527  0  nil  1  
[2025/08/10 19:58:05 348] tts        657  TTS_MSG_GETAUDIO  0  
[2025/08/10 19:58:05 348] tts        485  get audio|use local  
[2025/08/10 19:58:05 348] tts        527  0  nil  1  
[2025/08/10 19:58:05 349] tts        657  TTS_MSG_GETAUDIO  0  
[2025/08/10 19:58:05 349] tts        485  get audio|use local  
[2025/08/10 19:58:05 349] tts        527  0  nil  1  
[2025/08/10 19:58:05 350] tts        657  TTS_MSG_GETAUDIO  0  
[2025/08/10 19:58:05 350] tts        485  get audio|use local  
[2025/08/10 19:58:05 350] tts        527  0  nil  1  
[2025/08/10 19:58:05 350] tts        657  TTS_MSG_GETAUDIO  0  
[2025/08/10 19:58:05 351] tts        485  get audio|use local  
[2025/08/10 19:58:05 351] tts        527  0  nil  1  
[2025/08/10 19:58:05 351] tts        657  TTS_MSG_GETAUDIO  0  
[2025/08/10 19:58:05 351] tts        485  get audio|use local  
[2025/08/10 19:58:05 352] tts        527  0  nil  1  
[2025/08/10 19:58:05 353] tts        657  TTS_MSG_GETAUDIO  0  
[2025/08/10 19:58:05 354] tts        485  get audio|use local  
[2025/08/10 19:58:05 354] tts        527  0  nil  1  
[2025/08/10 19:58:05 354] tts        657  TTS_MSG_GETAUDIO  0  
[2025/08/10 19:58:05 355] tts        485  get audio|use local  
[2025/08/10 19:58:05 355] tts        527  0  nil  1  
[2025/08/10 19:58:05 356] tts        657  TTS_MSG_GETAUDIO  0  
[2025/08/10 19:58:05 356] tts        485  get audio|use local  
[2025/08/10 19:58:05 356] tts        527  0  nil  1  
[2025/08/10 19:58:05 357] tts        657  TTS_MSG_GETAUDIO  0  
[2025/08/10 19:58:05 357] tts        485  get audio|use local  
[2025/08/10 19:58:05 357] tts        527  0  nil  1  
[2025/08/10 19:58:05 358] tts        657  TTS_MSG_GETAUDIO  0  
[2025/08/10 19:58:05 358] tts        485  get audio|use local  
[2025/08/10 19:58:05 358] tts        527  0  nil  1  
[2025/08/10 19:58:05 359] tts        657  TTS_MSG_GETAUDIO  0  
[2025/08/10 19:58:05 359] tts        485  get audio|use local  
[2025/08/10 19:58:05 359] tts        527  0  nil  1  
[2025/08/10 19:58:05 360] tts        657  TTS_MSG_GETAUDIO  0  
[2025/08/10 19:58:05 360] tts        485  get audio|use local  
[2025/08/10 19:58:05 360] tts        527  0  nil  1  
[2025/08/10 19:58:05 361] tts        657  TTS_MSG_GETAUDIO  0  
[2025/08/10 19:58:05 361] tts        485  get audio|use local  
[2025/08/10 19:58:05 361] tts        527  0  nil  1  
[2025/08/10 19:58:05 362] tts        657  TTS_MSG_GETAUDIO  0  
[2025/08/10 19:58:05 362] tts        485  get audio|use local  
[2025/08/10 19:58:05 362] tts        527  0  nil  1  
[2025/08/10 19:58:05 363] tts        657  TTS_MSG_GETAUDIO  0  
[2025/08/10 19:58:05 363] tts        485  get audio|use local  
[2025/08/10 19:58:05 363] tts        527  0  nil  1  
[2025/08/10 19:58:05 364] tts        657  TTS_MSG_GETAUDIO  0  
[2025/08/10 19:58:05 364] tts        485  get audio|use local  
[2025/08/10 19:58:05 364] tts        527  0  nil  1  
[2025/08/10 19:58:05 365] tts        657  TTS_MSG_GETAUDIO  0  
[2025/08/10 19:58:05 365] tts        485  get audio|use local  
[2025/08/10 19:58:05 365] tts        527  0  nil  1  
[2025/08/10 19:58:05 366] tts        657  TTS_MSG_GETAUDIO  0  
[2025/08/10 19:58:05 366] tts        485  get audio|use local  
[2025/08/10 19:58:05 366] tts        527  0  nil  1  
[2025/08/10 19:58:05 366] tts        657  TTS_MSG_GETAUDIO  0  
[2025/08/10 19:58:05 367] tts        485  get audio|use local  
[2025/08/10 19:58:05 367] tts        527  0  nil  1  
[2025/08/10 19:58:05 367] tts        657  TTS_MSG_GETAUDIO  0  
[2025/08/10 19:58:05 368] tts        485  get audio|use local  
[2025/08/10 19:58:05 368] tts        527  0  nil  1  
[2025/08/10 19:58:05 368] tts        657  TTS_MSG_GETAUDIO  0  
[2025/08/10 19:58:05 368] tts        485  get audio|use local  
[2025/08/10 19:58:05 369] tts        527  0  nil  1  
[2025/08/10 19:58:05 369] tts        657  TTS_MSG_GETAUDIO  0  
[2025/08/10 19:58:05 370] tts        485  get audio|use local  
[2025/08/10 19:58:05 370] tts        527  0  nil  1  
[2025/08/10 19:58:05 373] tts        657  TTS_MSG_GETAUDIO  0  
[2025/08/10 19:58:05 373] tts        485  get audio|use local  
[2025/08/10 19:58:05 373] tts        527  0  nil  1  
[2025/08/10 19:58:05 374] tts        657  TTS_MSG_GETAUDIO  0  
[2025/08/10 19:58:05 375] tts        485  get audio|use local  
[2025/08/10 19:58:05 375] tts        527  0  nil  1  
[2025/08/10 19:58:05 376] tts        657  TTS_MSG_GETAUDIO  0  
[2025/08/10 19:58:05 376] tts        485  get audio|use local  
[2025/08/10 19:58:05 376] tts        527  0  nil  1  
[2025/08/10 19:58:05 377] tts        657  TTS_MSG_GETAUDIO  0  
[2025/08/10 19:58:05 377] tts        485  get audio|use local  
[2025/08/10 19:58:05 377] tts        527  0  nil  1  
[2025/08/10 19:58:05 378] tts        657  TTS_MSG_GETAUDIO  0  
[2025/08/10 19:58:05 379] tts        485  get audio|use local  
[2025/08/10 19:58:05 379] tts        527  0  nil  1  
[2025/08/10 19:58:05 380] tts        657  TTS_MSG_GETAUDIO  0  
[2025/08/10 19:58:05 380] tts        485  get audio|use local  
[2025/08/10 19:58:05 380] tts        527  0  nil  1  
[2025/08/10 19:58:05 381] tts        657  TTS_MSG_GETAUDIO  0  
[2025/08/10 19:58:05 381] tts        485  get audio|use local  
[2025/08/10 19:58:05 381] tts        527  0  nil  1  
[2025/08/10 19:58:05 383] tts        657  TTS_MSG_GETAUDIO  0  
[2025/08/10 19:58:05 383] tts        485  get audio|use local  
[2025/08/10 19:58:05 383] tts        527  0  nil  1  
[2025/08/10 19:58:05 385] tts        657  TTS_MSG_GETAUDIO  0  
[2025/08/10 19:58:05 385] tts        485  get audio|use local  
[2025/08/10 19:58:05 385] tts        527  0  nil  1  
[2025/08/10 19:58:05 388] tts        657  TTS_MSG_GETAUDIO  0  
[2025/08/10 19:58:05 388] tts        485  get audio|use local  
[2025/08/10 19:58:05 389] tts        527  0  nil  1  
[2025/08/10 19:58:05 394] tts        657  TTS_MSG_GETAUDIO  0  
[2025/08/10 19:58:05 394] tts        485  get audio|use local  
[2025/08/10 19:58:05 394] tts        527  0  nil  1  
[2025/08/10 19:58:05 394] tts        299  TTS_LOCAL_CB_BEGIN  
[2025/08/10 19:58:05 395] tts        657  TTS_MSG_GETAUDIO  0  
[2025/08/10 19:58:05 395] tts        485  get audio|use local  
[2025/08/10 19:58:05 395] tts        527  0  nil  1  
[2025/08/10 19:58:05 396] tts        657  TTS_MSG_GETAUDIO  0  
[2025/08/10 19:58:05 396] tts        485  get audio|use local  
[2025/08/10 19:58:05 397] tts        527  0  nil  1  
[2025/08/10 19:58:05 398] tts        657  TTS_MSG_GETAUDIO  0  
[2025/08/10 19:58:05 399] tts        485  get audio|use local  
[2025/08/10 19:58:05 399] tts        527  0  nil  1  
[2025/08/10 19:58:05 400] tts        657  TTS_MSG_GETAUDIO  0  
[2025/08/10 19:58:05 400] tts        485  get audio|use local  
[2025/08/10 19:58:05 400] tts        527  0  nil  1  
[2025/08/10 19:58:05 406] tts        657  TTS_MSG_GETAUDIO  0  
[2025/08/10 19:58:05 406] tts        485  get audio|use local  
[2025/08/10 19:58:05 407] tts        527  0  nil  1  
[2025/08/10 19:58:05 411] tts        657  TTS_MSG_GETAUDIO  0  
[2025/08/10 19:58:05 411] tts        485  get audio|use local  
[2025/08/10 19:58:05 412] tts        498  local audiolen:  2042  ,ced:  16  
[2025/08/10 19:58:05 412] tts        527  0  udata(6c07f788) 1  
[2025/08/10 19:58:05 416] tts        657  TTS_MSG_GETAUDIO  0  
[2025/08/10 19:58:05 417] tts        485  get audio|use local  
[2025/08/10 19:58:05 417] tts        498  local audiolen:  2016  ,ced:  16  
[2025/08/10 19:58:05 418] tts        527  0  udata(6c06abc8) 1  
[2025/08/10 19:58:05 423] tts        657  TTS_MSG_GETAUDIO  0  
[2025/08/10 19:58:05 423] tts        485  get audio|use local  
[2025/08/10 19:58:05 423] tts        498  local audiolen:  1970  ,ced:  16  
[2025/08/10 19:58:05 424] tts        527  0  udata(6c088028) 1  
[2025/08/10 19:58:05 429] tts        657  TTS_MSG_GETAUDIO  0  
[2025/08/10 19:58:05 429] tts        485  get audio|use local  
[2025/08/10 19:58:05 429] tts        498  local audiolen:  1900  ,ced:  16  
[2025/08/10 19:58:05 429] tts        527  0  udata(6c070ee8) 1  
[2025/08/10 19:58:05 432] tts        657  TTS_MSG_GETAUDIO  0  
[2025/08/10 19:58:05 432] tts        485  get audio|use local  
[2025/08/10 19:58:05 432] tts        498  local audiolen:  1972  ,ced:  16  
[2025/08/10 19:58:05 432] tts        527  0  udata(6c070768) 1  
[2025/08/10 19:58:05 435] tts        657  TTS_MSG_GETAUDIO  0  
[2025/08/10 19:58:05 435] tts        485  get audio|use local  
[2025/08/10 19:58:05 435] tts        498  local audiolen:  1982  ,ced:  16  
[2025/08/10 19:58:05 435] tts        527  0  udata(6c0709b8) 1  
[2025/08/10 19:58:05 437] tts        657  TTS_MSG_GETAUDIO  0  
[2025/08/10 19:58:05 438] tts        485  get audio|use local  
[2025/08/10 19:58:05 438] tts        498  local audiolen:  2046  ,ced:  16  
[2025/08/10 19:58:05 438] tts        527  0  udata(6c070a08) 1  
[2025/08/10 19:58:05 440] tts        657  TTS_MSG_GETAUDIO  0  
[2025/08/10 19:58:05 441] tts        485  get audio|use local  
[2025/08/10 19:58:05 441] tts        498  local audiolen:  1970  ,ced:  16  
[2025/08/10 19:58:05 441] tts        527  0  udata(6c07f7d8) 1  
[2025/08/10 19:58:05 444] tts        657  TTS_MSG_GETAUDIO  0  
[2025/08/10 19:58:05 444] tts        485  get audio|use local  
[2025/08/10 19:58:05 445] tts        498  local audiolen:  1932  ,ced:  16  
[2025/08/10 19:58:05 445] tts        527  0  udata(6c07e688) 1  
[2025/08/10 19:58:05 447] tts        657  TTS_MSG_GETAUDIO  0  
[2025/08/10 19:58:05 447] tts        485  get audio|use local  
[2025/08/10 19:58:05 449] tts        498  local audiolen:  1994  ,ced:  16  
[2025/08/10 19:58:05 449] tts        527  0  udata(6c07efb8) 1  
[2025/08/10 19:58:05 451] tts        301  0  0  
[2025/08/10 19:58:05 451] tts        312  TTS_LOCAL_CB_END,  2  
[2025/08/10 19:58:05 451] tts        657  TTS_MSG_GETAUDIO  0  
[2025/08/10 19:58:05 451] tts        485  get audio|use local  
[2025/08/10 19:58:05 451] tts        498  local audiolen:  2008  ,ced:  16  
[2025/08/10 19:58:05 451] tts        527  0  udata(6c07f3a8) 1  
[2025/08/10 19:58:05 453] tts        657  TTS_MSG_GETAUDIO  0  
[2025/08/10 19:58:05 453] tts        485  get audio|use local  
[2025/08/10 19:58:05 453] tts        498  local audiolen:  1932  ,ced:  16  
[2025/08/10 19:58:05 453] tts        527  0  udata(6c07f3f8) 1  
[2025/08/10 19:58:05 454] tts        657  TTS_MSG_GETAUDIO  0  
[2025/08/10 19:58:05 454] tts        485  get audio|use local  
[2025/08/10 19:58:05 454] tts        498  local audiolen:  2044  ,ced:  16  
[2025/08/10 19:58:05 455] tts        527  0  udata(6c07f448) 1  
[2025/08/10 19:58:05 456] tts        657  TTS_MSG_GETAUDIO  0  
[2025/08/10 19:58:05 456] tts        485  get audio|use local  
[2025/08/10 19:58:05 456] tts        498  local audiolen:  2014  ,ced:  16  
[2025/08/10 19:58:05 456] tts        527  0  udata(6c07f498) 1  
[2025/08/10 19:58:05 457] tts        657  TTS_MSG_GETAUDIO  0  
[2025/08/10 19:58:05 457] tts        485  get audio|use local  
[2025/08/10 19:58:05 458] tts        498  local audiolen:  1982  ,ced:  16  
[2025/08/10 19:58:05 458] tts        527  0  udata(6c07f4e8) 1  
[2025/08/10 19:58:05 460] tts        657  TTS_MSG_GETAUDIO  0  
[2025/08/10 19:58:05 460] tts        485  get audio|use local  
[2025/08/10 19:58:05 460] tts        498  local audiolen:  2006  ,ced:  16  
[2025/08/10 19:58:05 460] tts        527  0  udata(6c07f558) 1  
[2025/08/10 19:58:05 461] tts        657  TTS_MSG_GETAUDIO  0  
[2025/08/10 19:58:05 461] tts        485  get audio|use local  
[2025/08/10 19:58:05 461] tts        498  local audiolen:  1964  ,ced:  16  
[2025/08/10 19:58:05 462] tts        527  0  udata(6c07f5a8) 1  
[2025/08/10 19:58:05 463] tts        657  TTS_MSG_GETAUDIO  0  
[2025/08/10 19:58:05 463] tts        485  get audio|use local  
[2025/08/10 19:58:05 463] tts        498  local audiolen:  2046  ,ced:  16  
[2025/08/10 19:58:05 463] tts        527  0  udata(6c07f5f8) 1  
[2025/08/10 19:58:05 464] tts        657  TTS_MSG_GETAUDIO  0  
[2025/08/10 19:58:05 464] tts        485  get audio|use local  
[2025/08/10 19:58:05 464] tts        498  local audiolen:  1940  ,ced:  16  
[2025/08/10 19:58:05 464] tts        527  0  udata(6c07f648) 1  
[2025/08/10 19:58:05 465] tts        657  TTS_MSG_GETAUDIO  0  
[2025/08/10 19:58:05 466] tts        485  get audio|use local  
[2025/08/10 19:58:05 466] tts        498  local audiolen:  2000  ,ced:  16  
[2025/08/10 19:58:05 466] tts        527  0  udata(6c07e7d8) 1  
[2025/08/10 19:58:05 467] tts        657  TTS_MSG_GETAUDIO  0  
[2025/08/10 19:58:05 467] tts        485  get audio|use local  
[2025/08/10 19:58:05 467] tts        498  local audiolen:  1940  ,ced:  16  
[2025/08/10 19:58:05 467] tts        527  0  udata(6c07e828) 1  
[2025/08/10 19:58:05 468] tts        657  TTS_MSG_GETAUDIO  0  
[2025/08/10 19:58:05 469] tts        485  get audio|use local  
[2025/08/10 19:58:05 469] tts        498  local audiolen:  2048  ,ced:  16  
[2025/08/10 19:58:05 469] tts        527  0  udata(6c07e878) 1  
[2025/08/10 19:58:05 470] tts        657  TTS_MSG_GETAUDIO  0  
[2025/08/10 19:58:05 470] tts        485  get audio|use local  
[2025/08/10 19:58:05 471] tts        498  local audiolen:  2016  ,ced:  16  
[2025/08/10 19:58:05 471] tts        527  0  udata(6c07e8c8) 1  
[2025/08/10 19:58:05 472] tts        657  TTS_MSG_GETAUDIO  0  
[2025/08/10 19:58:05 472] tts        485  get audio|use local  
[2025/08/10 19:58:05 472] tts        498  local audiolen:  576  ,ced:  16  
[2025/08/10 19:58:05 472] tts        527  0  udata(6c07eb68) 2  
[2025/08/10 19:58:05 474] tts        660  TTS_MSG_SSE  
[2025/08/10 19:58:05 477] tts        585  sse|use local  
[2025/08/10 19:58:05 481] tts        603  tts exit  
