============================================================
Time  2025/08/10 19:59:09 971 
============================================================
[2025/08/10 19:59:09 972] tts        676  SYS_MSG_REGCB param0 =  msp_status_cb  param1 =  func(64014a30) 
[2025/08/10 19:59:09 974] config     43   use general cloud  
[2025/08/10 19:59:09 979] tts_cloud  1417 SYS_MSG_REGCB_CLOUD param0 =   msp_status_cb  param1 =  func(64014a30) 
[2025/08/10 19:59:09 979] tts        647  TTS_MSG_SSB  
[2025/08/10 19:59:09 979] tts        375  params =  engine_type = local,voice_name=xiaoyan, text_encoding = UTF8, tts_res_path = fo|res/tts/xiaoyan.jet;fo|res/tts/common.jet, sample_rate = 16000, speed = 50, volume = 80, pitch = 50, rdn = 2  
[2025/08/10 19:59:09 979] tts        412  ssb|use local  
[2025/08/10 19:59:09 980] tts        349  local_session_begin  
[2025/08/10 19:59:09 982] tts        654  TTS_MSG_SYN  0  
[2025/08/10 19:59:09 982] tts        451  synth|use local  
[2025/08/10 19:59:09 983] tts        657  TTS_MSG_GETAUDIO  0  
[2025/08/10 19:59:09 983] tts        485  get audio|use local  
[2025/08/10 19:59:09 983] tts        527  0  nil  1  
[2025/08/10 19:59:09 983] tts        657  TTS_MSG_GETAUDIO  0  
[2025/08/10 19:59:09 983] tts        485  get audio|use local  
[2025/08/10 19:59:09 983] tts        527  0  nil  1  
[2025/08/10 19:59:09 984] tts        657  TTS_MSG_GETAUDIO  0  
[2025/08/10 19:59:09 984] tts        485  get audio|use local  
[2025/08/10 19:59:09 984] tts        527  0  nil  1  
[2025/08/10 19:59:09 984] tts        657  TTS_MSG_GETAUDIO  0  
[2025/08/10 19:59:09 984] tts        485  get audio|use local  
[2025/08/10 19:59:09 985] tts        527  0  nil  1  
[2025/08/10 19:59:09 985] tts        657  TTS_MSG_GETAUDIO  0  
[2025/08/10 19:59:09 985] tts        485  get audio|use local  
[2025/08/10 19:59:09 985] tts        527  0  nil  1  
[2025/08/10 19:59:09 986] tts        657  TTS_MSG_GETAUDIO  0  
[2025/08/10 19:59:09 986] tts        485  get audio|use local  
[2025/08/10 19:59:09 986] tts        527  0  nil  1  
[2025/08/10 19:59:09 987] tts        657  TTS_MSG_GETAUDIO  0  
[2025/08/10 19:59:09 987] tts        485  get audio|use local  
[2025/08/10 19:59:09 987] tts        527  0  nil  1  
[2025/08/10 19:59:09 987] tts        657  TTS_MSG_GETAUDIO  0  
[2025/08/10 19:59:09 987] tts        485  get audio|use local  
[2025/08/10 19:59:09 987] tts        527  0  nil  1  
[2025/08/10 19:59:09 988] tts        657  TTS_MSG_GETAUDIO  0  
[2025/08/10 19:59:09 988] tts        485  get audio|use local  
[2025/08/10 19:59:09 988] tts        527  0  nil  1  
[2025/08/10 19:59:09 988] tts        657  TTS_MSG_GETAUDIO  0  
[2025/08/10 19:59:09 989] tts        485  get audio|use local  
[2025/08/10 19:59:09 989] tts        527  0  nil  1  
[2025/08/10 19:59:09 989] tts        657  TTS_MSG_GETAUDIO  0  
[2025/08/10 19:59:09 989] tts        485  get audio|use local  
[2025/08/10 19:59:09 989] tts        527  0  nil  1  
[2025/08/10 19:59:09 990] tts        657  TTS_MSG_GETAUDIO  0  
[2025/08/10 19:59:09 990] tts        485  get audio|use local  
[2025/08/10 19:59:09 990] tts        527  0  nil  1  
[2025/08/10 19:59:09 990] tts        657  TTS_MSG_GETAUDIO  0  
[2025/08/10 19:59:09 990] tts        485  get audio|use local  
[2025/08/10 19:59:09 990] tts        527  0  nil  1  
[2025/08/10 19:59:09 991] tts        657  TTS_MSG_GETAUDIO  0  
[2025/08/10 19:59:09 991] tts        485  get audio|use local  
[2025/08/10 19:59:09 991] tts        527  0  nil  1  
[2025/08/10 19:59:09 991] tts        657  TTS_MSG_GETAUDIO  0  
[2025/08/10 19:59:09 991] tts        485  get audio|use local  
[2025/08/10 19:59:09 991] tts        527  0  nil  1  
[2025/08/10 19:59:09 992] tts        657  TTS_MSG_GETAUDIO  0  
[2025/08/10 19:59:09 992] tts        485  get audio|use local  
[2025/08/10 19:59:09 992] tts        527  0  nil  1  
[2025/08/10 19:59:09 993] tts        657  TTS_MSG_GETAUDIO  0  
[2025/08/10 19:59:09 993] tts        485  get audio|use local  
[2025/08/10 19:59:09 993] tts        527  0  nil  1  
[2025/08/10 19:59:09 993] tts        657  TTS_MSG_GETAUDIO  0  
[2025/08/10 19:59:09 993] tts        485  get audio|use local  
[2025/08/10 19:59:09 993] tts        527  0  nil  1  
[2025/08/10 19:59:09 994] tts        657  TTS_MSG_GETAUDIO  0  
[2025/08/10 19:59:09 994] tts        485  get audio|use local  
[2025/08/10 19:59:09 994] tts        527  0  nil  1  
[2025/08/10 19:59:09 997] tts        657  TTS_MSG_GETAUDIO  0  
[2025/08/10 19:59:09 997] tts        485  get audio|use local  
[2025/08/10 19:59:09 997] tts        527  0  nil  1  
[2025/08/10 19:59:09 998] tts        657  TTS_MSG_GETAUDIO  0  
[2025/08/10 19:59:09 998] tts        485  get audio|use local  
[2025/08/10 19:59:09 998] tts        527  0  nil  1  
[2025/08/10 19:59:09 998] tts        657  TTS_MSG_GETAUDIO  0  
[2025/08/10 19:59:09 998] tts        485  get audio|use local  
[2025/08/10 19:59:09 999] tts        527  0  nil  1  
[2025/08/10 19:59:09 999] tts        657  TTS_MSG_GETAUDIO  0  
[2025/08/10 19:59:10 000] tts        485  get audio|use local  
[2025/08/10 19:59:10 000] tts        527  0  nil  1  
[2025/08/10 19:59:10 001] tts        657  TTS_MSG_GETAUDIO  0  
[2025/08/10 19:59:10 001] tts        485  get audio|use local  
[2025/08/10 19:59:10 001] tts        527  0  nil  1  
[2025/08/10 19:59:10 001] tts        657  TTS_MSG_GETAUDIO  0  
[2025/08/10 19:59:10 002] tts        485  get audio|use local  
[2025/08/10 19:59:10 002] tts        527  0  nil  1  
[2025/08/10 19:59:10 002] tts        657  TTS_MSG_GETAUDIO  0  
[2025/08/10 19:59:10 002] tts        485  get audio|use local  
[2025/08/10 19:59:10 002] tts        527  0  nil  1  
[2025/08/10 19:59:10 003] tts        657  TTS_MSG_GETAUDIO  0  
[2025/08/10 19:59:10 003] tts        485  get audio|use local  
[2025/08/10 19:59:10 003] tts        527  0  nil  1  
[2025/08/10 19:59:10 004] tts        657  TTS_MSG_GETAUDIO  0  
[2025/08/10 19:59:10 004] tts        485  get audio|use local  
[2025/08/10 19:59:10 004] tts        527  0  nil  1  
[2025/08/10 19:59:10 004] tts        657  TTS_MSG_GETAUDIO  0  
[2025/08/10 19:59:10 005] tts        485  get audio|use local  
[2025/08/10 19:59:10 005] tts        527  0  nil  1  
[2025/08/10 19:59:10 005] tts        657  TTS_MSG_GETAUDIO  0  
[2025/08/10 19:59:10 006] tts        485  get audio|use local  
[2025/08/10 19:59:10 006] tts        527  0  nil  1  
[2025/08/10 19:59:10 006] tts        657  TTS_MSG_GETAUDIO  0  
[2025/08/10 19:59:10 007] tts        485  get audio|use local  
[2025/08/10 19:59:10 007] tts        527  0  nil  1  
[2025/08/10 19:59:10 007] tts        657  TTS_MSG_GETAUDIO  0  
[2025/08/10 19:59:10 007] tts        485  get audio|use local  
[2025/08/10 19:59:10 008] tts        527  0  nil  1  
[2025/08/10 19:59:10 008] tts        657  TTS_MSG_GETAUDIO  0  
[2025/08/10 19:59:10 008] tts        485  get audio|use local  
[2025/08/10 19:59:10 008] tts        527  0  nil  1  
[2025/08/10 19:59:10 009] tts        657  TTS_MSG_GETAUDIO  0  
[2025/08/10 19:59:10 009] tts        485  get audio|use local  
[2025/08/10 19:59:10 010] tts        527  0  nil  1  
[2025/08/10 19:59:10 010] tts        657  TTS_MSG_GETAUDIO  0  
[2025/08/10 19:59:10 010] tts        485  get audio|use local  
[2025/08/10 19:59:10 011] tts        527  0  nil  1  
[2025/08/10 19:59:10 011] tts        657  TTS_MSG_GETAUDIO  0  
[2025/08/10 19:59:10 011] tts        485  get audio|use local  
[2025/08/10 19:59:10 011] tts        527  0  nil  1  
[2025/08/10 19:59:10 012] tts        657  TTS_MSG_GETAUDIO  0  
[2025/08/10 19:59:10 012] tts        485  get audio|use local  
[2025/08/10 19:59:10 012] tts        527  0  nil  1  
[2025/08/10 19:59:10 013] tts        657  TTS_MSG_GETAUDIO  0  
[2025/08/10 19:59:10 013] tts        485  get audio|use local  
[2025/08/10 19:59:10 013] tts        527  0  nil  1  
[2025/08/10 19:59:10 014] tts        657  TTS_MSG_GETAUDIO  0  
[2025/08/10 19:59:10 014] tts        485  get audio|use local  
[2025/08/10 19:59:10 014] tts        527  0  nil  1  
[2025/08/10 19:59:10 015] tts        657  TTS_MSG_GETAUDIO  0  
[2025/08/10 19:59:10 015] tts        485  get audio|use local  
[2025/08/10 19:59:10 015] tts        527  0  nil  1  
[2025/08/10 19:59:10 018] tts        657  TTS_MSG_GETAUDIO  0  
[2025/08/10 19:59:10 018] tts        485  get audio|use local  
[2025/08/10 19:59:10 018] tts        527  0  nil  1  
[2025/08/10 19:59:10 019] tts        657  TTS_MSG_GETAUDIO  0  
[2025/08/10 19:59:10 019] tts        485  get audio|use local  
[2025/08/10 19:59:10 019] tts        527  0  nil  1  
[2025/08/10 19:59:10 020] tts        657  TTS_MSG_GETAUDIO  0  
[2025/08/10 19:59:10 020] tts        485  get audio|use local  
[2025/08/10 19:59:10 020] tts        527  0  nil  1  
[2025/08/10 19:59:10 021] tts        657  TTS_MSG_GETAUDIO  0  
[2025/08/10 19:59:10 021] tts        485  get audio|use local  
[2025/08/10 19:59:10 021] tts        527  0  nil  1  
[2025/08/10 19:59:10 022] tts        657  TTS_MSG_GETAUDIO  0  
[2025/08/10 19:59:10 023] tts        485  get audio|use local  
[2025/08/10 19:59:10 023] tts        527  0  nil  1  
[2025/08/10 19:59:10 024] tts        657  TTS_MSG_GETAUDIO  0  
[2025/08/10 19:59:10 024] tts        485  get audio|use local  
[2025/08/10 19:59:10 024] tts        527  0  nil  1  
[2025/08/10 19:59:10 024] tts        657  TTS_MSG_GETAUDIO  0  
[2025/08/10 19:59:10 025] tts        485  get audio|use local  
[2025/08/10 19:59:10 025] tts        527  0  nil  1  
[2025/08/10 19:59:10 025] tts        657  TTS_MSG_GETAUDIO  0  
[2025/08/10 19:59:10 025] tts        485  get audio|use local  
[2025/08/10 19:59:10 026] tts        527  0  nil  1  
[2025/08/10 19:59:10 026] tts        657  TTS_MSG_GETAUDIO  0  
[2025/08/10 19:59:10 026] tts        485  get audio|use local  
[2025/08/10 19:59:10 026] tts        527  0  nil  1  
[2025/08/10 19:59:10 027] tts        657  TTS_MSG_GETAUDIO  0  
[2025/08/10 19:59:10 027] tts        485  get audio|use local  
[2025/08/10 19:59:10 027] tts        527  0  nil  1  
[2025/08/10 19:59:10 028] tts        657  TTS_MSG_GETAUDIO  0  
[2025/08/10 19:59:10 028] tts        485  get audio|use local  
[2025/08/10 19:59:10 028] tts        527  0  nil  1  
[2025/08/10 19:59:10 029] tts        657  TTS_MSG_GETAUDIO  0  
[2025/08/10 19:59:10 029] tts        485  get audio|use local  
[2025/08/10 19:59:10 029] tts        527  0  nil  1  
[2025/08/10 19:59:10 030] tts        657  TTS_MSG_GETAUDIO  0  
[2025/08/10 19:59:10 030] tts        485  get audio|use local  
[2025/08/10 19:59:10 030] tts        527  0  nil  1  
[2025/08/10 19:59:10 031] tts        657  TTS_MSG_GETAUDIO  0  
[2025/08/10 19:59:10 031] tts        485  get audio|use local  
[2025/08/10 19:59:10 031] tts        527  0  nil  1  
[2025/08/10 19:59:10 032] tts        657  TTS_MSG_GETAUDIO  0  
[2025/08/10 19:59:10 032] tts        485  get audio|use local  
[2025/08/10 19:59:10 032] tts        527  0  nil  1  
[2025/08/10 19:59:10 033] tts        657  TTS_MSG_GETAUDIO  0  
[2025/08/10 19:59:10 033] tts        485  get audio|use local  
[2025/08/10 19:59:10 033] tts        527  0  nil  1  
[2025/08/10 19:59:10 034] tts        657  TTS_MSG_GETAUDIO  0  
[2025/08/10 19:59:10 034] tts        485  get audio|use local  
[2025/08/10 19:59:10 034] tts        527  0  nil  1  
[2025/08/10 19:59:10 036] tts        657  TTS_MSG_GETAUDIO  0  
[2025/08/10 19:59:10 036] tts        485  get audio|use local  
[2025/08/10 19:59:10 036] tts        527  0  nil  1  
[2025/08/10 19:59:10 037] tts        657  TTS_MSG_GETAUDIO  0  
[2025/08/10 19:59:10 037] tts        485  get audio|use local  
[2025/08/10 19:59:10 037] tts        527  0  nil  1  
[2025/08/10 19:59:10 038] tts        657  TTS_MSG_GETAUDIO  0  
[2025/08/10 19:59:10 038] tts        485  get audio|use local  
[2025/08/10 19:59:10 038] tts        527  0  nil  1  
[2025/08/10 19:59:10 039] tts        657  TTS_MSG_GETAUDIO  0  
[2025/08/10 19:59:10 040] tts        485  get audio|use local  
[2025/08/10 19:59:10 040] tts        527  0  nil  1  
[2025/08/10 19:59:10 041] tts        657  TTS_MSG_GETAUDIO  0  
[2025/08/10 19:59:10 041] tts        485  get audio|use local  
[2025/08/10 19:59:10 041] tts        527  0  nil  1  
[2025/08/10 19:59:10 042] tts        657  TTS_MSG_GETAUDIO  0  
[2025/08/10 19:59:10 042] tts        485  get audio|use local  
[2025/08/10 19:59:10 042] tts        527  0  nil  1  
[2025/08/10 19:59:10 043] tts        657  TTS_MSG_GETAUDIO  0  
[2025/08/10 19:59:10 043] tts        485  get audio|use local  
[2025/08/10 19:59:10 044] tts        527  0  nil  1  
[2025/08/10 19:59:10 045] tts        657  TTS_MSG_GETAUDIO  0  
[2025/08/10 19:59:10 045] tts        485  get audio|use local  
[2025/08/10 19:59:10 045] tts        527  0  nil  1  
[2025/08/10 19:59:10 046] tts        657  TTS_MSG_GETAUDIO  0  
[2025/08/10 19:59:10 046] tts        485  get audio|use local  
[2025/08/10 19:59:10 046] tts        527  0  nil  1  
[2025/08/10 19:59:10 047] tts        657  TTS_MSG_GETAUDIO  0  
[2025/08/10 19:59:10 047] tts        485  get audio|use local  
[2025/08/10 19:59:10 047] tts        527  0  nil  1  
[2025/08/10 19:59:10 048] tts        657  TTS_MSG_GETAUDIO  0  
[2025/08/10 19:59:10 049] tts        485  get audio|use local  
[2025/08/10 19:59:10 049] tts        527  0  nil  1  
[2025/08/10 19:59:10 050] tts        657  TTS_MSG_GETAUDIO  0  
[2025/08/10 19:59:10 050] tts        485  get audio|use local  
[2025/08/10 19:59:10 050] tts        527  0  nil  1  
[2025/08/10 19:59:10 051] tts        657  TTS_MSG_GETAUDIO  0  
[2025/08/10 19:59:10 051] tts        485  get audio|use local  
[2025/08/10 19:59:10 051] tts        527  0  nil  1  
[2025/08/10 19:59:10 052] tts        657  TTS_MSG_GETAUDIO  0  
[2025/08/10 19:59:10 052] tts        485  get audio|use local  
[2025/08/10 19:59:10 053] tts        527  0  nil  1  
[2025/08/10 19:59:10 054] tts        657  TTS_MSG_GETAUDIO  0  
[2025/08/10 19:59:10 054] tts        485  get audio|use local  
[2025/08/10 19:59:10 054] tts        527  0  nil  1  
[2025/08/10 19:59:10 055] tts        657  TTS_MSG_GETAUDIO  0  
[2025/08/10 19:59:10 055] tts        485  get audio|use local  
[2025/08/10 19:59:10 055] tts        527  0  nil  1  
[2025/08/10 19:59:10 057] tts        657  TTS_MSG_GETAUDIO  0  
[2025/08/10 19:59:10 057] tts        485  get audio|use local  
[2025/08/10 19:59:10 057] tts        527  0  nil  1  
[2025/08/10 19:59:10 058] tts        299  TTS_LOCAL_CB_BEGIN  
[2025/08/10 19:59:10 059] tts        657  TTS_MSG_GETAUDIO  0  
[2025/08/10 19:59:10 059] tts        485  get audio|use local  
[2025/08/10 19:59:10 059] tts        527  0  nil  1  
[2025/08/10 19:59:10 060] tts        657  TTS_MSG_GETAUDIO  0  
[2025/08/10 19:59:10 060] tts        485  get audio|use local  
[2025/08/10 19:59:10 060] tts        527  0  nil  1  
[2025/08/10 19:59:10 061] tts        657  TTS_MSG_GETAUDIO  0  
[2025/08/10 19:59:10 061] tts        485  get audio|use local  
[2025/08/10 19:59:10 061] tts        527  0  nil  1  
[2025/08/10 19:59:10 062] tts        657  TTS_MSG_GETAUDIO  0  
[2025/08/10 19:59:10 062] tts        485  get audio|use local  
[2025/08/10 19:59:10 062] tts        527  0  nil  1  
[2025/08/10 19:59:10 063] tts        657  TTS_MSG_GETAUDIO  0  
[2025/08/10 19:59:10 063] tts        485  get audio|use local  
[2025/08/10 19:59:10 063] tts        527  0  nil  1  
[2025/08/10 19:59:10 064] tts        657  TTS_MSG_GETAUDIO  0  
[2025/08/10 19:59:10 064] tts        485  get audio|use local  
[2025/08/10 19:59:10 064] tts        527  0  nil  1  
[2025/08/10 19:59:10 066] tts        657  TTS_MSG_GETAUDIO  0  
[2025/08/10 19:59:10 066] tts        485  get audio|use local  
[2025/08/10 19:59:10 066] tts        498  local audiolen:  2042  ,ced:  15  
[2025/08/10 19:59:10 066] tts        527  0  udata(6407ccc8) 1  
[2025/08/10 19:59:10 068] tts        657  TTS_MSG_GETAUDIO  0  
[2025/08/10 19:59:10 068] tts        485  get audio|use local  
[2025/08/10 19:59:10 069] tts        498  local audiolen:  2016  ,ced:  15  
[2025/08/10 19:59:10 069] tts        527  0  udata(6407cf28) 1  
[2025/08/10 19:59:10 073] tts        657  TTS_MSG_GETAUDIO  0  
[2025/08/10 19:59:10 074] tts        485  get audio|use local  
[2025/08/10 19:59:10 074] tts        498  local audiolen:  1964  ,ced:  15  
[2025/08/10 19:59:10 074] tts        527  0  udata(64087f58) 1  
[2025/08/10 19:59:10 076] tts        657  TTS_MSG_GETAUDIO  0  
[2025/08/10 19:59:10 076] tts        485  get audio|use local  
[2025/08/10 19:59:10 076] tts        498  local audiolen:  1916  ,ced:  15  
[2025/08/10 19:59:10 076] tts        527  0  udata(64087fa8) 1  
[2025/08/10 19:59:10 079] tts        657  TTS_MSG_GETAUDIO  0  
[2025/08/10 19:59:10 079] tts        485  get audio|use local  
[2025/08/10 19:59:10 079] tts        498  local audiolen:  2018  ,ced:  15  
[2025/08/10 19:59:10 079] tts        527  0  udata(6407dbb8) 1  
[2025/08/10 19:59:10 080] tts        657  TTS_MSG_GETAUDIO  0  
[2025/08/10 19:59:10 080] tts        485  get audio|use local  
[2025/08/10 19:59:10 080] tts        498  local audiolen:  2008  ,ced:  15  
[2025/08/10 19:59:10 081] tts        527  0  udata(6407dc08) 1  
[2025/08/10 19:59:10 084] tts        657  TTS_MSG_GETAUDIO  0  
[2025/08/10 19:59:10 084] tts        485  get audio|use local  
[2025/08/10 19:59:10 084] tts        498  local audiolen:  2046  ,ced:  15  
[2025/08/10 19:59:10 085] tts        527  0  udata(6407df68) 1  
[2025/08/10 19:59:10 087] tts        657  TTS_MSG_GETAUDIO  0  
[2025/08/10 19:59:10 091] tts        485  get audio|use local  
[2025/08/10 19:59:10 091] tts        498  local audiolen:  1972  ,ced:  15  
[2025/08/10 19:59:10 091] tts        527  0  udata(64013608) 1  
[2025/08/10 19:59:10 096] tts        657  TTS_MSG_GETAUDIO  0  
[2025/08/10 19:59:10 097] tts        485  get audio|use local  
[2025/08/10 19:59:10 097] tts        498  local audiolen:  1934  ,ced:  15  
[2025/08/10 19:59:10 097] tts        527  0  udata(6407ef08) 1  
[2025/08/10 19:59:10 099] tts        657  TTS_MSG_GETAUDIO  0  
[2025/08/10 19:59:10 100] tts        485  get audio|use local  
[2025/08/10 19:59:10 100] tts        498  local audiolen:  2016  ,ced:  15  
[2025/08/10 19:59:10 100] tts        527  0  udata(6407fb08) 1  
[2025/08/10 19:59:10 102] tts        657  TTS_MSG_GETAUDIO  0  
[2025/08/10 19:59:10 102] tts        485  get audio|use local  
[2025/08/10 19:59:10 102] tts        498  local audiolen:  2036  ,ced:  15  
[2025/08/10 19:59:10 102] tts        527  0  udata(6407f008) 1  
[2025/08/10 19:59:10 105] tts        657  TTS_MSG_GETAUDIO  0  
[2025/08/10 19:59:10 105] tts        485  get audio|use local  
[2025/08/10 19:59:10 106] tts        498  local audiolen:  1944  ,ced:  15  
[2025/08/10 19:59:10 106] tts        527  0  udata(6407f358) 1  
[2025/08/10 19:59:10 107] tts        301  0  0  
[2025/08/10 19:59:10 107] tts        312  TTS_LOCAL_CB_END,  2  
[2025/08/10 19:59:10 107] tts        657  TTS_MSG_GETAUDIO  0  
[2025/08/10 19:59:10 108] tts        485  get audio|use local  
[2025/08/10 19:59:10 108] tts        498  local audiolen:  1958  ,ced:  15  
[2025/08/10 19:59:10 108] tts        527  0  udata(6407f648) 1  
[2025/08/10 19:59:10 108] tts        657  TTS_MSG_GETAUDIO  0  
[2025/08/10 19:59:10 109] tts        485  get audio|use local  
[2025/08/10 19:59:10 109] tts        498  local audiolen:  2016  ,ced:  15  
[2025/08/10 19:59:10 109] tts        527  0  udata(6407f698) 1  
[2025/08/10 19:59:10 109] tts        657  TTS_MSG_GETAUDIO  0  
[2025/08/10 19:59:10 109] tts        485  get audio|use local  
[2025/08/10 19:59:10 110] tts        498  local audiolen:  2016  ,ced:  15  
[2025/08/10 19:59:10 110] tts        527  0  udata(6407e538) 1  
[2025/08/10 19:59:10 111] tts        657  TTS_MSG_GETAUDIO  0  
[2025/08/10 19:59:10 111] tts        485  get audio|use local  
[2025/08/10 19:59:10 111] tts        498  local audiolen:  1976  ,ced:  15  
[2025/08/10 19:59:10 111] tts        527  0  udata(6407e588) 1  
[2025/08/10 19:59:10 111] tts        657  TTS_MSG_GETAUDIO  0  
[2025/08/10 19:59:10 112] tts        485  get audio|use local  
[2025/08/10 19:59:10 112] tts        498  local audiolen:  1932  ,ced:  15  
[2025/08/10 19:59:10 112] tts        527  0  udata(6407e5d8) 1  
[2025/08/10 19:59:10 113] tts        657  TTS_MSG_GETAUDIO  0  
[2025/08/10 19:59:10 113] tts        485  get audio|use local  
[2025/08/10 19:59:10 113] tts        498  local audiolen:  2022  ,ced:  15  
[2025/08/10 19:59:10 113] tts        527  0  udata(6407e628) 1  
[2025/08/10 19:59:10 113] tts        657  TTS_MSG_GETAUDIO  0  
[2025/08/10 19:59:10 114] tts        485  get audio|use local  
[2025/08/10 19:59:10 114] tts        498  local audiolen:  1996  ,ced:  15  
[2025/08/10 19:59:10 114] tts        527  0  udata(6407e678) 1  
[2025/08/10 19:59:10 115] tts        657  TTS_MSG_GETAUDIO  0  
[2025/08/10 19:59:10 115] tts        485  get audio|use local  
[2025/08/10 19:59:10 115] tts        498  local audiolen:  2030  ,ced:  15  
[2025/08/10 19:59:10 115] tts        527  0  udata(6407e6c8) 1  
[2025/08/10 19:59:10 116] tts        657  TTS_MSG_GETAUDIO  0  
[2025/08/10 19:59:10 116] tts        485  get audio|use local  
[2025/08/10 19:59:10 116] tts        498  local audiolen:  2006  ,ced:  15  
[2025/08/10 19:59:10 116] tts        527  0  udata(6407e718) 1  
[2025/08/10 19:59:10 117] tts        657  TTS_MSG_GETAUDIO  0  
[2025/08/10 19:59:10 117] tts        485  get audio|use local  
[2025/08/10 19:59:10 117] tts        498  local audiolen:  2016  ,ced:  15  
[2025/08/10 19:59:10 117] tts        527  0  udata(6407e768) 1  
[2025/08/10 19:59:10 118] tts        657  TTS_MSG_GETAUDIO  0  
[2025/08/10 19:59:10 118] tts        485  get audio|use local  
[2025/08/10 19:59:10 118] tts        498  local audiolen:  2016  ,ced:  15  
[2025/08/10 19:59:10 119] tts        527  0  udata(6407e7b8) 1  
[2025/08/10 19:59:10 119] tts        657  TTS_MSG_GETAUDIO  0  
[2025/08/10 19:59:10 119] tts        485  get audio|use local  
[2025/08/10 19:59:10 119] tts        498  local audiolen:  960  ,ced:  15  
[2025/08/10 19:59:10 120] tts        527  0  udata(6407ebd8) 2  
[2025/08/10 19:59:10 121] tts        660  TTS_MSG_SSE  
[2025/08/10 19:59:10 122] tts        585  sse|use local  
[2025/08/10 19:59:10 125] tts        603  tts exit  
