============================================================
Time  2025/07/10 16:08:11 463 
============================================================
[2025/07/10 16:08:11 463] tts        676  SYS_MSG_REGCB param0 =  msp_status_cb  param1 =  func(6c014a30) 
[2025/07/10 16:08:11 469] config     43   use general cloud  
[2025/07/10 16:08:11 484] tts_cloud  1417 SYS_MSG_REGCB_CLOUD param0 =   msp_status_cb  param1 =  func(6c014a30) 
[2025/07/10 16:08:11 485] tts        647  TTS_MSG_SSB  
[2025/07/10 16:08:11 486] tts        375  params =  engine_type = local,voice_name=xiaoyan, text_encoding = UTF8, tts_res_path = fo|res/tts/xiaoyan.jet;fo|res/tts/common.jet, sample_rate = 16000, speed = 50, volume = 80, pitch = 50, rdn = 2  
[2025/07/10 16:08:11 486] tts        412  ssb|use local  
[2025/07/10 16:08:11 487] tts        349  local_session_begin  
[2025/07/10 16:08:11 493] tts        654  TTS_MSG_SYN  0  
[2025/07/10 16:08:11 493] tts        451  synth|use local  
[2025/07/10 16:08:11 494] tts        657  TTS_MSG_GETAUDIO  0  
[2025/07/10 16:08:11 494] tts        485  get audio|use local  
[2025/07/10 16:08:11 494] tts        527  0  nil  1  
[2025/07/10 16:08:11 496] tts        657  TTS_MSG_GETAUDIO  0  
[2025/07/10 16:08:11 496] tts        485  get audio|use local  
[2025/07/10 16:08:11 496] tts        527  0  nil  1  
[2025/07/10 16:08:11 497] tts        657  TTS_MSG_GETAUDIO  0  
[2025/07/10 16:08:11 497] tts        485  get audio|use local  
[2025/07/10 16:08:11 497] tts        527  0  nil  1  
[2025/07/10 16:08:11 498] tts        657  TTS_MSG_GETAUDIO  0  
[2025/07/10 16:08:11 498] tts        485  get audio|use local  
[2025/07/10 16:08:11 498] tts        527  0  nil  1  
[2025/07/10 16:08:11 499] tts        657  TTS_MSG_GETAUDIO  0  
[2025/07/10 16:08:11 499] tts        485  get audio|use local  
[2025/07/10 16:08:11 500] tts        527  0  nil  1  
[2025/07/10 16:08:11 501] tts        657  TTS_MSG_GETAUDIO  0  
[2025/07/10 16:08:11 501] tts        485  get audio|use local  
[2025/07/10 16:08:11 501] tts        527  0  nil  1  
[2025/07/10 16:08:11 502] tts        657  TTS_MSG_GETAUDIO  0  
[2025/07/10 16:08:11 502] tts        485  get audio|use local  
[2025/07/10 16:08:11 502] tts        527  0  nil  1  
[2025/07/10 16:08:11 503] tts        657  TTS_MSG_GETAUDIO  0  
[2025/07/10 16:08:11 503] tts        485  get audio|use local  
[2025/07/10 16:08:11 503] tts        527  0  nil  1  
[2025/07/10 16:08:11 504] tts        657  TTS_MSG_GETAUDIO  0  
[2025/07/10 16:08:11 504] tts        485  get audio|use local  
[2025/07/10 16:08:11 505] tts        527  0  nil  1  
[2025/07/10 16:08:11 506] tts        657  TTS_MSG_GETAUDIO  0  
[2025/07/10 16:08:11 506] tts        485  get audio|use local  
[2025/07/10 16:08:11 506] tts        527  0  nil  1  
[2025/07/10 16:08:11 507] tts        657  TTS_MSG_GETAUDIO  0  
[2025/07/10 16:08:11 507] tts        485  get audio|use local  
[2025/07/10 16:08:11 507] tts        527  0  nil  1  
[2025/07/10 16:08:11 508] tts        657  TTS_MSG_GETAUDIO  0  
[2025/07/10 16:08:11 508] tts        485  get audio|use local  
[2025/07/10 16:08:11 508] tts        527  0  nil  1  
[2025/07/10 16:08:11 509] tts        657  TTS_MSG_GETAUDIO  0  
[2025/07/10 16:08:11 509] tts        485  get audio|use local  
[2025/07/10 16:08:11 509] tts        527  0  nil  1  
[2025/07/10 16:08:11 510] tts        657  TTS_MSG_GETAUDIO  0  
[2025/07/10 16:08:11 510] tts        485  get audio|use local  
[2025/07/10 16:08:11 510] tts        527  0  nil  1  
[2025/07/10 16:08:11 511] tts        657  TTS_MSG_GETAUDIO  0  
[2025/07/10 16:08:11 512] tts        485  get audio|use local  
[2025/07/10 16:08:11 512] tts        527  0  nil  1  
[2025/07/10 16:08:11 512] tts        657  TTS_MSG_GETAUDIO  0  
[2025/07/10 16:08:11 513] tts        485  get audio|use local  
[2025/07/10 16:08:11 513] tts        527  0  nil  1  
[2025/07/10 16:08:11 514] tts        657  TTS_MSG_GETAUDIO  0  
[2025/07/10 16:08:11 514] tts        485  get audio|use local  
[2025/07/10 16:08:11 514] tts        527  0  nil  1  
[2025/07/10 16:08:11 515] tts        657  TTS_MSG_GETAUDIO  0  
[2025/07/10 16:08:11 515] tts        485  get audio|use local  
[2025/07/10 16:08:11 515] tts        527  0  nil  1  
[2025/07/10 16:08:11 516] tts        657  TTS_MSG_GETAUDIO  0  
[2025/07/10 16:08:11 516] tts        485  get audio|use local  
[2025/07/10 16:08:11 516] tts        527  0  nil  1  
[2025/07/10 16:08:11 517] tts        657  TTS_MSG_GETAUDIO  0  
[2025/07/10 16:08:11 517] tts        485  get audio|use local  
[2025/07/10 16:08:11 517] tts        527  0  nil  1  
[2025/07/10 16:08:11 518] tts        657  TTS_MSG_GETAUDIO  0  
[2025/07/10 16:08:11 518] tts        485  get audio|use local  
[2025/07/10 16:08:11 518] tts        527  0  nil  1  
[2025/07/10 16:08:11 519] tts        657  TTS_MSG_GETAUDIO  0  
[2025/07/10 16:08:11 519] tts        485  get audio|use local  
[2025/07/10 16:08:11 519] tts        527  0  nil  1  
[2025/07/10 16:08:11 520] tts        657  TTS_MSG_GETAUDIO  0  
[2025/07/10 16:08:11 520] tts        485  get audio|use local  
[2025/07/10 16:08:11 520] tts        527  0  nil  1  
[2025/07/10 16:08:11 521] tts        657  TTS_MSG_GETAUDIO  0  
[2025/07/10 16:08:11 521] tts        485  get audio|use local  
[2025/07/10 16:08:11 521] tts        527  0  nil  1  
[2025/07/10 16:08:11 522] tts        657  TTS_MSG_GETAUDIO  0  
[2025/07/10 16:08:11 523] tts        485  get audio|use local  
[2025/07/10 16:08:11 523] tts        527  0  nil  1  
[2025/07/10 16:08:11 524] tts        657  TTS_MSG_GETAUDIO  0  
[2025/07/10 16:08:11 524] tts        485  get audio|use local  
[2025/07/10 16:08:11 525] tts        527  0  nil  1  
[2025/07/10 16:08:11 530] tts        657  TTS_MSG_GETAUDIO  0  
[2025/07/10 16:08:11 530] tts        485  get audio|use local  
[2025/07/10 16:08:11 530] tts        527  0  nil  1  
[2025/07/10 16:08:11 533] tts        657  TTS_MSG_GETAUDIO  0  
[2025/07/10 16:08:11 533] tts        485  get audio|use local  
[2025/07/10 16:08:11 533] tts        527  0  nil  1  
[2025/07/10 16:08:11 540] tts        657  TTS_MSG_GETAUDIO  0  
[2025/07/10 16:08:11 541] tts        485  get audio|use local  
[2025/07/10 16:08:11 541] tts        527  0  nil  1  
[2025/07/10 16:08:11 541] tts        657  TTS_MSG_GETAUDIO  0  
[2025/07/10 16:08:11 542] tts        485  get audio|use local  
[2025/07/10 16:08:11 542] tts        527  0  nil  1  
[2025/07/10 16:08:11 543] tts        657  TTS_MSG_GETAUDIO  0  
[2025/07/10 16:08:11 543] tts        485  get audio|use local  
[2025/07/10 16:08:11 543] tts        527  0  nil  1  
[2025/07/10 16:08:11 544] tts        657  TTS_MSG_GETAUDIO  0  
[2025/07/10 16:08:11 544] tts        485  get audio|use local  
[2025/07/10 16:08:11 544] tts        527  0  nil  1  
[2025/07/10 16:08:11 545] tts        657  TTS_MSG_GETAUDIO  0  
[2025/07/10 16:08:11 545] tts        485  get audio|use local  
[2025/07/10 16:08:11 545] tts        527  0  nil  1  
[2025/07/10 16:08:11 546] tts        657  TTS_MSG_GETAUDIO  0  
[2025/07/10 16:08:11 546] tts        485  get audio|use local  
[2025/07/10 16:08:11 546] tts        527  0  nil  1  
[2025/07/10 16:08:11 547] tts        657  TTS_MSG_GETAUDIO  0  
[2025/07/10 16:08:11 547] tts        485  get audio|use local  
[2025/07/10 16:08:11 547] tts        527  0  nil  1  
[2025/07/10 16:08:11 548] tts        657  TTS_MSG_GETAUDIO  0  
[2025/07/10 16:08:11 548] tts        485  get audio|use local  
[2025/07/10 16:08:11 548] tts        527  0  nil  1  
[2025/07/10 16:08:11 549] tts        657  TTS_MSG_GETAUDIO  0  
[2025/07/10 16:08:11 549] tts        485  get audio|use local  
[2025/07/10 16:08:11 549] tts        527  0  nil  1  
[2025/07/10 16:08:11 550] tts        657  TTS_MSG_GETAUDIO  0  
[2025/07/10 16:08:11 550] tts        485  get audio|use local  
[2025/07/10 16:08:11 550] tts        527  0  nil  1  
[2025/07/10 16:08:11 551] tts        657  TTS_MSG_GETAUDIO  0  
[2025/07/10 16:08:11 551] tts        485  get audio|use local  
[2025/07/10 16:08:11 551] tts        527  0  nil  1  
[2025/07/10 16:08:11 551] tts        657  TTS_MSG_GETAUDIO  0  
[2025/07/10 16:08:11 551] tts        485  get audio|use local  
[2025/07/10 16:08:11 552] tts        527  0  nil  1  
[2025/07/10 16:08:11 552] tts        657  TTS_MSG_GETAUDIO  0  
[2025/07/10 16:08:11 552] tts        485  get audio|use local  
[2025/07/10 16:08:11 552] tts        527  0  nil  1  
[2025/07/10 16:08:11 553] tts        657  TTS_MSG_GETAUDIO  0  
[2025/07/10 16:08:11 553] tts        485  get audio|use local  
[2025/07/10 16:08:11 553] tts        527  0  nil  1  
[2025/07/10 16:08:11 555] tts        657  TTS_MSG_GETAUDIO  0  
[2025/07/10 16:08:11 555] tts        485  get audio|use local  
[2025/07/10 16:08:11 555] tts        527  0  nil  1  
[2025/07/10 16:08:11 556] tts        657  TTS_MSG_GETAUDIO  0  
[2025/07/10 16:08:11 556] tts        485  get audio|use local  
[2025/07/10 16:08:11 557] tts        527  0  nil  1  
[2025/07/10 16:08:11 557] tts        657  TTS_MSG_GETAUDIO  0  
[2025/07/10 16:08:11 557] tts        485  get audio|use local  
[2025/07/10 16:08:11 557] tts        527  0  nil  1  
[2025/07/10 16:08:11 558] tts        657  TTS_MSG_GETAUDIO  0  
[2025/07/10 16:08:11 558] tts        485  get audio|use local  
[2025/07/10 16:08:11 558] tts        527  0  nil  1  
[2025/07/10 16:08:11 559] tts        657  TTS_MSG_GETAUDIO  0  
[2025/07/10 16:08:11 559] tts        485  get audio|use local  
[2025/07/10 16:08:11 560] tts        527  0  nil  1  
[2025/07/10 16:08:11 560] tts        657  TTS_MSG_GETAUDIO  0  
[2025/07/10 16:08:11 561] tts        485  get audio|use local  
[2025/07/10 16:08:11 561] tts        527  0  nil  1  
[2025/07/10 16:08:11 562] tts        657  TTS_MSG_GETAUDIO  0  
[2025/07/10 16:08:11 562] tts        485  get audio|use local  
[2025/07/10 16:08:11 562] tts        527  0  nil  1  
[2025/07/10 16:08:11 564] tts        657  TTS_MSG_GETAUDIO  0  
[2025/07/10 16:08:11 564] tts        485  get audio|use local  
[2025/07/10 16:08:11 564] tts        527  0  nil  1  
[2025/07/10 16:08:11 565] tts        657  TTS_MSG_GETAUDIO  0  
[2025/07/10 16:08:11 565] tts        485  get audio|use local  
[2025/07/10 16:08:11 565] tts        527  0  nil  1  
[2025/07/10 16:08:11 566] tts        657  TTS_MSG_GETAUDIO  0  
[2025/07/10 16:08:11 566] tts        485  get audio|use local  
[2025/07/10 16:08:11 566] tts        527  0  nil  1  
[2025/07/10 16:08:11 567] tts        657  TTS_MSG_GETAUDIO  0  
[2025/07/10 16:08:11 567] tts        485  get audio|use local  
[2025/07/10 16:08:11 567] tts        527  0  nil  1  
[2025/07/10 16:08:11 568] tts        657  TTS_MSG_GETAUDIO  0  
[2025/07/10 16:08:11 568] tts        485  get audio|use local  
[2025/07/10 16:08:11 568] tts        527  0  nil  1  
[2025/07/10 16:08:11 569] tts        657  TTS_MSG_GETAUDIO  0  
[2025/07/10 16:08:11 569] tts        485  get audio|use local  
[2025/07/10 16:08:11 569] tts        527  0  nil  1  
[2025/07/10 16:08:11 570] tts        657  TTS_MSG_GETAUDIO  0  
[2025/07/10 16:08:11 570] tts        485  get audio|use local  
[2025/07/10 16:08:11 570] tts        527  0  nil  1  
[2025/07/10 16:08:11 572] tts        657  TTS_MSG_GETAUDIO  0  
[2025/07/10 16:08:11 572] tts        485  get audio|use local  
[2025/07/10 16:08:11 572] tts        527  0  nil  1  
[2025/07/10 16:08:11 574] tts        657  TTS_MSG_GETAUDIO  0  
[2025/07/10 16:08:11 574] tts        485  get audio|use local  
[2025/07/10 16:08:11 574] tts        527  0  nil  1  
[2025/07/10 16:08:11 575] tts        657  TTS_MSG_GETAUDIO  0  
[2025/07/10 16:08:11 575] tts        485  get audio|use local  
[2025/07/10 16:08:11 575] tts        527  0  nil  1  
[2025/07/10 16:08:11 578] tts        657  TTS_MSG_GETAUDIO  0  
[2025/07/10 16:08:11 579] tts        485  get audio|use local  
[2025/07/10 16:08:11 579] tts        527  0  nil  1  
[2025/07/10 16:08:11 582] tts        657  TTS_MSG_GETAUDIO  0  
[2025/07/10 16:08:11 583] tts        485  get audio|use local  
[2025/07/10 16:08:11 584] tts        527  0  nil  1  
[2025/07/10 16:08:11 585] tts        657  TTS_MSG_GETAUDIO  0  
[2025/07/10 16:08:11 586] tts        485  get audio|use local  
[2025/07/10 16:08:11 586] tts        527  0  nil  1  
[2025/07/10 16:08:11 587] tts        657  TTS_MSG_GETAUDIO  0  
[2025/07/10 16:08:11 587] tts        485  get audio|use local  
[2025/07/10 16:08:11 587] tts        527  0  nil  1  
[2025/07/10 16:08:11 589] tts        657  TTS_MSG_GETAUDIO  0  
[2025/07/10 16:08:11 591] tts        485  get audio|use local  
[2025/07/10 16:08:11 591] tts        527  0  nil  1  
[2025/07/10 16:08:11 593] tts        657  TTS_MSG_GETAUDIO  0  
[2025/07/10 16:08:11 593] tts        485  get audio|use local  
[2025/07/10 16:08:11 593] tts        527  0  nil  1  
[2025/07/10 16:08:11 595] tts        657  TTS_MSG_GETAUDIO  0  
[2025/07/10 16:08:11 596] tts        485  get audio|use local  
[2025/07/10 16:08:11 596] tts        527  0  nil  1  
[2025/07/10 16:08:11 598] tts        657  TTS_MSG_GETAUDIO  0  
[2025/07/10 16:08:11 598] tts        485  get audio|use local  
[2025/07/10 16:08:11 598] tts        527  0  nil  1  
[2025/07/10 16:08:11 599] tts        657  TTS_MSG_GETAUDIO  0  
[2025/07/10 16:08:11 601] tts        485  get audio|use local  
[2025/07/10 16:08:11 602] tts        527  0  nil  1  
[2025/07/10 16:08:11 604] tts        657  TTS_MSG_GETAUDIO  0  
[2025/07/10 16:08:11 605] tts        485  get audio|use local  
[2025/07/10 16:08:11 616] tts        527  0  nil  1  
[2025/07/10 16:08:11 618] tts        657  TTS_MSG_GETAUDIO  0  
[2025/07/10 16:08:11 618] tts        485  get audio|use local  
[2025/07/10 16:08:11 618] tts        527  0  nil  1  
[2025/07/10 16:08:11 619] tts        657  TTS_MSG_GETAUDIO  0  
[2025/07/10 16:08:11 619] tts        485  get audio|use local  
[2025/07/10 16:08:11 619] tts        527  0  nil  1  
[2025/07/10 16:08:11 621] tts        657  TTS_MSG_GETAUDIO  0  
[2025/07/10 16:08:11 621] tts        485  get audio|use local  
[2025/07/10 16:08:11 621] tts        527  0  nil  1  
[2025/07/10 16:08:11 622] tts        657  TTS_MSG_GETAUDIO  0  
[2025/07/10 16:08:11 622] tts        485  get audio|use local  
[2025/07/10 16:08:11 623] tts        527  0  nil  1  
[2025/07/10 16:08:11 623] tts        657  TTS_MSG_GETAUDIO  0  
[2025/07/10 16:08:11 624] tts        485  get audio|use local  
[2025/07/10 16:08:11 625] tts        527  0  nil  1  
[2025/07/10 16:08:11 625] tts        657  TTS_MSG_GETAUDIO  0  
[2025/07/10 16:08:11 626] tts        485  get audio|use local  
[2025/07/10 16:08:11 626] tts        527  0  nil  1  
[2025/07/10 16:08:11 627] tts        657  TTS_MSG_GETAUDIO  0  
[2025/07/10 16:08:11 627] tts        485  get audio|use local  
[2025/07/10 16:08:11 629] tts        527  0  nil  1  
[2025/07/10 16:08:11 632] tts        657  TTS_MSG_GETAUDIO  0  
[2025/07/10 16:08:11 633] tts        485  get audio|use local  
[2025/07/10 16:08:11 640] tts        527  0  nil  1  
[2025/07/10 16:08:11 642] tts        299  TTS_LOCAL_CB_BEGIN  
[2025/07/10 16:08:11 651] tts        657  TTS_MSG_GETAUDIO  0  
[2025/07/10 16:08:11 652] tts        485  get audio|use local  
[2025/07/10 16:08:11 652] tts        498  local audiolen:  2042  ,ced:  14  
[2025/07/10 16:08:11 653] tts        527  0  udata(6c06abc8) 1  
[2025/07/10 16:08:11 654] tts        657  TTS_MSG_GETAUDIO  0  
[2025/07/10 16:08:11 654] tts        485  get audio|use local  
[2025/07/10 16:08:11 655] tts        498  local audiolen:  2016  ,ced:  14  
[2025/07/10 16:08:11 655] tts        527  0  udata(6c0881c8) 1  
[2025/07/10 16:08:11 660] tts        657  TTS_MSG_GETAUDIO  0  
[2025/07/10 16:08:11 660] tts        485  get audio|use local  
[2025/07/10 16:08:11 661] tts        498  local audiolen:  1964  ,ced:  14  
[2025/07/10 16:08:11 661] tts        527  0  udata(6c087fd8) 1  
[2025/07/10 16:08:11 664] tts        657  TTS_MSG_GETAUDIO  0  
[2025/07/10 16:08:11 664] tts        485  get audio|use local  
[2025/07/10 16:08:11 664] tts        498  local audiolen:  1916  ,ced:  14  
[2025/07/10 16:08:11 664] tts        527  0  udata(6c07d0f8) 1  
[2025/07/10 16:08:11 667] tts        657  TTS_MSG_GETAUDIO  0  
[2025/07/10 16:08:11 667] tts        485  get audio|use local  
[2025/07/10 16:08:11 667] tts        498  local audiolen:  2018  ,ced:  14  
[2025/07/10 16:08:11 667] tts        527  0  udata(6c087818) 1  
[2025/07/10 16:08:11 669] tts        657  TTS_MSG_GETAUDIO  0  
[2025/07/10 16:08:11 669] tts        485  get audio|use local  
[2025/07/10 16:08:11 670] tts        498  local audiolen:  2008  ,ced:  14  
[2025/07/10 16:08:11 670] tts        527  0  udata(6c07ee88) 1  
[2025/07/10 16:08:11 672] tts        301  0  0  
[2025/07/10 08:08:11 672] tts        312  TTS_LOCAL_CB_END,  2  
[2025/07/10 16:08:11 672] tts        657  TTS_MSG_GETAUDIO  0  
[2025/07/10 16:08:11 672] tts        485  get audio|use local  
[2025/07/10 16:08:11 673] tts        498  local audiolen:  2046  ,ced:  14  
[2025/07/10 16:08:11 673] tts        527  0  udata(6c07f178) 1  
[2025/07/10 16:08:11 674] tts        657  TTS_MSG_GETAUDIO  0  
[2025/07/10 16:08:11 674] tts        485  get audio|use local  
[2025/07/10 16:08:11 674] tts        498  local audiolen:  1972  ,ced:  14  
[2025/07/10 16:08:11 674] tts        527  0  udata(6c07f1c8) 1  
[2025/07/10 16:08:11 677] tts        657  TTS_MSG_GETAUDIO  0  
[2025/07/10 16:08:11 677] tts        485  get audio|use local  
[2025/07/10 16:08:11 677] tts        498  local audiolen:  1934  ,ced:  14  
[2025/07/10 16:08:11 677] tts        527  0  udata(6c07f218) 1  
[2025/07/10 16:08:11 678] tts        657  TTS_MSG_GETAUDIO  0  
[2025/07/10 16:08:11 678] tts        485  get audio|use local  
[2025/07/10 16:08:11 678] tts        498  local audiolen:  2018  ,ced:  14  
[2025/07/10 16:08:11 679] tts        527  0  udata(6c07f268) 1  
[2025/07/10 16:08:11 679] tts        657  TTS_MSG_GETAUDIO  0  
[2025/07/10 16:08:11 679] tts        485  get audio|use local  
[2025/07/10 16:08:11 679] tts        498  local audiolen:  2040  ,ced:  14  
[2025/07/10 16:08:11 680] tts        527  0  udata(6c07f2b8) 1  
[2025/07/10 16:08:11 680] tts        657  TTS_MSG_GETAUDIO  0  
[2025/07/10 16:08:11 680] tts        485  get audio|use local  
[2025/07/10 16:08:11 680] tts        498  local audiolen:  1958  ,ced:  14  
[2025/07/10 16:08:11 681] tts        527  0  udata(6c087868) 1  
[2025/07/10 16:08:11 681] tts        657  TTS_MSG_GETAUDIO  0  
[2025/07/10 16:08:11 681] tts        485  get audio|use local  
[2025/07/10 16:08:11 682] tts        498  local audiolen:  1998  ,ced:  14  
[2025/07/10 16:08:11 682] tts        527  0  udata(6c0878b8) 1  
[2025/07/10 16:08:11 682] tts        657  TTS_MSG_GETAUDIO  0  
[2025/07/10 16:08:11 682] tts        485  get audio|use local  
[2025/07/10 16:08:11 683] tts        498  local audiolen:  2016  ,ced:  14  
[2025/07/10 16:08:11 683] tts        527  0  udata(6c087908) 1  
[2025/07/10 16:08:11 683] tts        657  TTS_MSG_GETAUDIO  0  
[2025/07/10 16:08:11 683] tts        485  get audio|use local  
[2025/07/10 16:08:11 684] tts        498  local audiolen:  2014  ,ced:  14  
[2025/07/10 16:08:11 684] tts        527  0  udata(6c087958) 1  
[2025/07/10 16:08:11 684] tts        657  TTS_MSG_GETAUDIO  0  
[2025/07/10 16:08:11 685] tts        485  get audio|use local  
[2025/07/10 16:08:11 685] tts        498  local audiolen:  1968  ,ced:  14  
[2025/07/10 16:08:11 685] tts        527  0  udata(6c0879a8) 1  
[2025/07/10 16:08:11 686] tts        657  TTS_MSG_GETAUDIO  0  
[2025/07/10 16:08:11 686] tts        485  get audio|use local  
[2025/07/10 16:08:11 686] tts        498  local audiolen:  2012  ,ced:  14  
[2025/07/10 16:08:11 686] tts        527  0  udata(6c0879f8) 1  
[2025/07/10 16:08:11 687] tts        657  TTS_MSG_GETAUDIO  0  
[2025/07/10 16:08:11 687] tts        485  get audio|use local  
[2025/07/10 16:08:11 687] tts        498  local audiolen:  1986  ,ced:  14  
[2025/07/10 16:08:11 687] tts        527  0  udata(6c087a48) 1  
[2025/07/10 16:08:11 688] tts        657  TTS_MSG_GETAUDIO  0  
[2025/07/10 16:08:11 688] tts        485  get audio|use local  
[2025/07/10 16:08:11 688] tts        498  local audiolen:  1892  ,ced:  14  
[2025/07/10 16:08:11 688] tts        527  0  udata(6c087a98) 1  
[2025/07/10 16:08:11 689] tts        657  TTS_MSG_GETAUDIO  0  
[2025/07/10 16:08:11 689] tts        485  get audio|use local  
[2025/07/10 16:08:11 689] tts        498  local audiolen:  2024  ,ced:  14  
[2025/07/10 16:08:11 689] tts        527  0  udata(6c087ae8) 1  
[2025/07/10 16:08:11 690] tts        657  TTS_MSG_GETAUDIO  0  
[2025/07/10 16:08:11 690] tts        485  get audio|use local  
[2025/07/10 16:08:11 690] tts        498  local audiolen:  1930  ,ced:  14  
[2025/07/10 16:08:11 690] tts        527  0  udata(6c087b38) 2  
[2025/07/10 16:08:11 700] tts        660  TTS_MSG_SSE  
[2025/07/10 16:08:11 711] tts        585  sse|use local  
[2025/07/10 16:08:11 726] tts        603  tts exit  
[2025/07/10 16:08:11 728] tts        667  SYS_MSG_UNLOAD  
