============================================================
Time  2025/08/10 20:34:02 362 
============================================================
[2025/08/10 20:34:02 363] tts        676  SYS_MSG_REGCB param0 =  msp_status_cb  param1 =  func(94014a30) 
[2025/08/10 20:34:02 368] config     43   use general cloud  
[2025/08/10 20:34:02 379] tts_cloud  1417 SYS_MSG_REGCB_CLOUD param0 =   msp_status_cb  param1 =  func(94014a30) 
[2025/08/10 20:34:02 379] tts        647  TTS_MSG_SSB  
[2025/08/10 20:34:02 379] tts        375  params =  engine_type = local,voice_name=xiaoyan, text_encoding = UTF8, tts_res_path = fo|res/tts/xiaoyan.jet;fo|res/tts/common.jet, sample_rate = 16000, speed = 50, volume = 80, pitch = 50, rdn = 2  
[2025/08/10 20:34:02 380] tts        412  ssb|use local  
[2025/08/10 20:34:02 380] tts        349  local_session_begin  
[2025/08/10 20:34:02 383] tts        654  TTS_MSG_SYN  0  
[2025/08/10 20:34:02 383] tts        451  synth|use local  
[2025/08/10 20:34:02 384] tts        657  TTS_MSG_GETAUDIO  0  
[2025/08/10 20:34:02 384] tts        485  get audio|use local  
[2025/08/10 20:34:02 384] tts        527  0  nil  1  
[2025/08/10 20:34:02 385] tts        657  TTS_MSG_GETAUDIO  0  
[2025/08/10 20:34:02 385] tts        485  get audio|use local  
[2025/08/10 20:34:02 385] tts        527  0  nil  1  
[2025/08/10 20:34:02 386] tts        657  TTS_MSG_GETAUDIO  0  
[2025/08/10 20:34:02 386] tts        485  get audio|use local  
[2025/08/10 20:34:02 386] tts        527  0  nil  1  
[2025/08/10 20:34:02 387] tts        657  TTS_MSG_GETAUDIO  0  
[2025/08/10 20:34:02 387] tts        485  get audio|use local  
[2025/08/10 20:34:02 387] tts        527  0  nil  1  
[2025/08/10 20:34:02 388] tts        657  TTS_MSG_GETAUDIO  0  
[2025/08/10 20:34:02 388] tts        485  get audio|use local  
[2025/08/10 20:34:02 388] tts        527  0  nil  1  
[2025/08/10 20:34:02 389] tts        657  TTS_MSG_GETAUDIO  0  
[2025/08/10 20:34:02 389] tts        485  get audio|use local  
[2025/08/10 20:34:02 389] tts        527  0  nil  1  
[2025/08/10 20:34:02 390] tts        657  TTS_MSG_GETAUDIO  0  
[2025/08/10 20:34:02 390] tts        485  get audio|use local  
[2025/08/10 20:34:02 390] tts        527  0  nil  1  
[2025/08/10 20:34:02 391] tts        657  TTS_MSG_GETAUDIO  0  
[2025/08/10 20:34:02 392] tts        485  get audio|use local  
[2025/08/10 20:34:02 392] tts        527  0  nil  1  
[2025/08/10 20:34:02 394] tts        657  TTS_MSG_GETAUDIO  0  
[2025/08/10 20:34:02 394] tts        485  get audio|use local  
[2025/08/10 20:34:02 394] tts        527  0  nil  1  
[2025/08/10 20:34:02 395] tts        657  TTS_MSG_GETAUDIO  0  
[2025/08/10 20:34:02 395] tts        485  get audio|use local  
[2025/08/10 20:34:02 395] tts        527  0  nil  1  
[2025/08/10 20:34:02 396] tts        657  TTS_MSG_GETAUDIO  0  
[2025/08/10 20:34:02 396] tts        485  get audio|use local  
[2025/08/10 20:34:02 396] tts        527  0  nil  1  
[2025/08/10 20:34:02 397] tts        657  TTS_MSG_GETAUDIO  0  
[2025/08/10 20:34:02 397] tts        485  get audio|use local  
[2025/08/10 20:34:02 397] tts        527  0  nil  1  
[2025/08/10 20:34:02 398] tts        657  TTS_MSG_GETAUDIO  0  
[2025/08/10 20:34:02 398] tts        485  get audio|use local  
[2025/08/10 20:34:02 398] tts        527  0  nil  1  
[2025/08/10 20:34:02 399] tts        657  TTS_MSG_GETAUDIO  0  
[2025/08/10 20:34:02 399] tts        485  get audio|use local  
[2025/08/10 20:34:02 400] tts        527  0  nil  1  
[2025/08/10 20:34:02 400] tts        657  TTS_MSG_GETAUDIO  0  
[2025/08/10 20:34:02 401] tts        485  get audio|use local  
[2025/08/10 20:34:02 401] tts        527  0  nil  1  
[2025/08/10 20:34:02 402] tts        657  TTS_MSG_GETAUDIO  0  
[2025/08/10 20:34:02 402] tts        485  get audio|use local  
[2025/08/10 20:34:02 402] tts        527  0  nil  1  
[2025/08/10 20:34:02 403] tts        657  TTS_MSG_GETAUDIO  0  
[2025/08/10 20:34:02 403] tts        485  get audio|use local  
[2025/08/10 20:34:02 403] tts        527  0  nil  1  
[2025/08/10 20:34:02 405] tts        657  TTS_MSG_GETAUDIO  0  
[2025/08/10 20:34:02 405] tts        485  get audio|use local  
[2025/08/10 20:34:02 405] tts        527  0  nil  1  
[2025/08/10 20:34:02 406] tts        657  TTS_MSG_GETAUDIO  0  
[2025/08/10 20:34:02 406] tts        485  get audio|use local  
[2025/08/10 20:34:02 406] tts        527  0  nil  1  
[2025/08/10 20:34:02 407] tts        657  TTS_MSG_GETAUDIO  0  
[2025/08/10 20:34:02 407] tts        485  get audio|use local  
[2025/08/10 20:34:02 407] tts        527  0  nil  1  
[2025/08/10 20:34:02 408] tts        657  TTS_MSG_GETAUDIO  0  
[2025/08/10 20:34:02 408] tts        485  get audio|use local  
[2025/08/10 20:34:02 408] tts        527  0  nil  1  
[2025/08/10 20:34:02 409] tts        657  TTS_MSG_GETAUDIO  0  
[2025/08/10 20:34:02 409] tts        485  get audio|use local  
[2025/08/10 20:34:02 409] tts        527  0  nil  1  
[2025/08/10 20:34:02 410] tts        657  TTS_MSG_GETAUDIO  0  
[2025/08/10 20:34:02 410] tts        485  get audio|use local  
[2025/08/10 20:34:02 410] tts        527  0  nil  1  
[2025/08/10 20:34:02 412] tts        657  TTS_MSG_GETAUDIO  0  
[2025/08/10 20:34:02 412] tts        485  get audio|use local  
[2025/08/10 20:34:02 412] tts        527  0  nil  1  
[2025/08/10 20:34:02 413] tts        657  TTS_MSG_GETAUDIO  0  
[2025/08/10 20:34:02 413] tts        485  get audio|use local  
[2025/08/10 20:34:02 413] tts        527  0  nil  1  
[2025/08/10 20:34:02 414] tts        657  TTS_MSG_GETAUDIO  0  
[2025/08/10 20:34:02 414] tts        485  get audio|use local  
[2025/08/10 20:34:02 414] tts        527  0  nil  1  
[2025/08/10 20:34:02 415] tts        657  TTS_MSG_GETAUDIO  0  
[2025/08/10 20:34:02 415] tts        485  get audio|use local  
[2025/08/10 20:34:02 415] tts        527  0  nil  1  
[2025/08/10 20:34:02 416] tts        657  TTS_MSG_GETAUDIO  0  
[2025/08/10 20:34:02 416] tts        485  get audio|use local  
[2025/08/10 20:34:02 416] tts        527  0  nil  1  
[2025/08/10 20:34:02 417] tts        657  TTS_MSG_GETAUDIO  0  
[2025/08/10 20:34:02 417] tts        485  get audio|use local  
[2025/08/10 20:34:02 417] tts        527  0  nil  1  
[2025/08/10 20:34:02 418] tts        657  TTS_MSG_GETAUDIO  0  
[2025/08/10 20:34:02 418] tts        485  get audio|use local  
[2025/08/10 20:34:02 418] tts        527  0  nil  1  
[2025/08/10 20:34:02 420] tts        657  TTS_MSG_GETAUDIO  0  
[2025/08/10 20:34:02 420] tts        485  get audio|use local  
[2025/08/10 20:34:02 420] tts        527  0  nil  1  
[2025/08/10 20:34:02 421] tts        657  TTS_MSG_GETAUDIO  0  
[2025/08/10 20:34:02 421] tts        485  get audio|use local  
[2025/08/10 20:34:02 421] tts        527  0  nil  1  
[2025/08/10 20:34:02 422] tts        657  TTS_MSG_GETAUDIO  0  
[2025/08/10 20:34:02 422] tts        485  get audio|use local  
[2025/08/10 20:34:02 422] tts        527  0  nil  1  
[2025/08/10 20:34:02 423] tts        657  TTS_MSG_GETAUDIO  0  
[2025/08/10 20:34:02 424] tts        485  get audio|use local  
[2025/08/10 20:34:02 424] tts        527  0  nil  1  
[2025/08/10 20:34:02 424] tts        657  TTS_MSG_GETAUDIO  0  
[2025/08/10 20:34:02 424] tts        485  get audio|use local  
[2025/08/10 20:34:02 425] tts        527  0  nil  1  
[2025/08/10 20:34:02 425] tts        657  TTS_MSG_GETAUDIO  0  
[2025/08/10 20:34:02 425] tts        485  get audio|use local  
[2025/08/10 20:34:02 425] tts        527  0  nil  1  
[2025/08/10 20:34:02 427] tts        657  TTS_MSG_GETAUDIO  0  
[2025/08/10 20:34:02 427] tts        485  get audio|use local  
[2025/08/10 20:34:02 427] tts        527  0  nil  1  
[2025/08/10 20:34:02 431] tts        657  TTS_MSG_GETAUDIO  0  
[2025/08/10 20:34:02 431] tts        485  get audio|use local  
[2025/08/10 20:34:02 431] tts        527  0  nil  1  
[2025/08/10 20:34:02 433] tts        657  TTS_MSG_GETAUDIO  0  
[2025/08/10 20:34:02 433] tts        485  get audio|use local  
[2025/08/10 20:34:02 434] tts        527  0  nil  1  
[2025/08/10 20:34:02 435] tts        657  TTS_MSG_GETAUDIO  0  
[2025/08/10 20:34:02 435] tts        485  get audio|use local  
[2025/08/10 20:34:02 435] tts        527  0  nil  1  
[2025/08/10 20:34:02 436] tts        657  TTS_MSG_GETAUDIO  0  
[2025/08/10 20:34:02 437] tts        485  get audio|use local  
[2025/08/10 20:34:02 437] tts        527  0  nil  1  
[2025/08/10 20:34:02 438] tts        657  TTS_MSG_GETAUDIO  0  
[2025/08/10 20:34:02 438] tts        485  get audio|use local  
[2025/08/10 20:34:02 438] tts        527  0  nil  1  
[2025/08/10 20:34:02 439] tts        657  TTS_MSG_GETAUDIO  0  
[2025/08/10 20:34:02 439] tts        485  get audio|use local  
[2025/08/10 20:34:02 439] tts        527  0  nil  1  
[2025/08/10 20:34:02 440] tts        657  TTS_MSG_GETAUDIO  0  
[2025/08/10 20:34:02 440] tts        485  get audio|use local  
[2025/08/10 20:34:02 440] tts        527  0  nil  1  
[2025/08/10 20:34:02 442] tts        657  TTS_MSG_GETAUDIO  0  
[2025/08/10 20:34:02 442] tts        485  get audio|use local  
[2025/08/10 20:34:02 442] tts        527  0  nil  1  
[2025/08/10 20:34:02 443] tts        657  TTS_MSG_GETAUDIO  0  
[2025/08/10 20:34:02 444] tts        485  get audio|use local  
[2025/08/10 20:34:02 445] tts        527  0  nil  1  
[2025/08/10 20:34:02 447] tts        657  TTS_MSG_GETAUDIO  0  
[2025/08/10 20:34:02 448] tts        485  get audio|use local  
[2025/08/10 20:34:02 448] tts        527  0  nil  1  
[2025/08/10 20:34:02 450] tts        657  TTS_MSG_GETAUDIO  0  
[2025/08/10 20:34:02 451] tts        485  get audio|use local  
[2025/08/10 20:34:02 451] tts        527  0  nil  1  
[2025/08/10 20:34:02 452] tts        657  TTS_MSG_GETAUDIO  0  
[2025/08/10 20:34:02 452] tts        485  get audio|use local  
[2025/08/10 20:34:02 453] tts        527  0  nil  1  
[2025/08/10 20:34:02 455] tts        657  TTS_MSG_GETAUDIO  0  
[2025/08/10 20:34:02 455] tts        485  get audio|use local  
[2025/08/10 20:34:02 455] tts        527  0  nil  1  
[2025/08/10 20:34:02 457] tts        657  TTS_MSG_GETAUDIO  0  
[2025/08/10 20:34:02 457] tts        485  get audio|use local  
[2025/08/10 20:34:02 457] tts        527  0  nil  1  
[2025/08/10 20:34:02 458] tts        657  TTS_MSG_GETAUDIO  0  
[2025/08/10 20:34:02 458] tts        485  get audio|use local  
[2025/08/10 20:34:02 458] tts        527  0  nil  1  
[2025/08/10 20:34:02 459] tts        657  TTS_MSG_GETAUDIO  0  
[2025/08/10 20:34:02 459] tts        485  get audio|use local  
[2025/08/10 20:34:02 459] tts        527  0  nil  1  
[2025/08/10 20:34:02 460] tts        657  TTS_MSG_GETAUDIO  0  
[2025/08/10 20:34:02 460] tts        485  get audio|use local  
[2025/08/10 20:34:02 460] tts        527  0  nil  1  
[2025/08/10 20:34:02 462] tts        657  TTS_MSG_GETAUDIO  0  
[2025/08/10 20:34:02 462] tts        485  get audio|use local  
[2025/08/10 20:34:02 465] tts        527  0  nil  1  
[2025/08/10 20:34:02 466] tts        657  TTS_MSG_GETAUDIO  0  
[2025/08/10 20:34:02 467] tts        485  get audio|use local  
[2025/08/10 20:34:02 467] tts        527  0  nil  1  
[2025/08/10 20:34:02 468] tts        657  TTS_MSG_GETAUDIO  0  
[2025/08/10 20:34:02 468] tts        485  get audio|use local  
[2025/08/10 20:34:02 469] tts        527  0  nil  1  
[2025/08/10 20:34:02 469] tts        657  TTS_MSG_GETAUDIO  0  
[2025/08/10 20:34:02 469] tts        485  get audio|use local  
[2025/08/10 20:34:02 470] tts        527  0  nil  1  
[2025/08/10 20:34:02 477] tts        657  TTS_MSG_GETAUDIO  0  
[2025/08/10 20:34:02 477] tts        485  get audio|use local  
[2025/08/10 20:34:02 477] tts        527  0  nil  1  
[2025/08/10 20:34:02 478] tts        657  TTS_MSG_GETAUDIO  0  
[2025/08/10 20:34:02 478] tts        485  get audio|use local  
[2025/08/10 20:34:02 479] tts        527  0  nil  1  
[2025/08/10 20:34:02 481] tts        657  TTS_MSG_GETAUDIO  0  
[2025/08/10 20:34:02 485] tts        485  get audio|use local  
[2025/08/10 20:34:02 485] tts        527  0  nil  1  
[2025/08/10 20:34:02 486] tts        657  TTS_MSG_GETAUDIO  0  
[2025/08/10 20:34:02 486] tts        485  get audio|use local  
[2025/08/10 20:34:02 486] tts        527  0  nil  1  
[2025/08/10 20:34:02 490] tts        657  TTS_MSG_GETAUDIO  0  
[2025/08/10 20:34:02 490] tts        485  get audio|use local  
[2025/08/10 20:34:02 490] tts        527  0  nil  1  
[2025/08/10 20:34:02 491] tts        657  TTS_MSG_GETAUDIO  0  
[2025/08/10 20:34:02 491] tts        485  get audio|use local  
[2025/08/10 20:34:02 491] tts        527  0  nil  1  
[2025/08/10 20:34:02 492] tts        657  TTS_MSG_GETAUDIO  0  
[2025/08/10 20:34:02 492] tts        485  get audio|use local  
[2025/08/10 20:34:02 493] tts        527  0  nil  1  
[2025/08/10 20:34:02 494] tts        657  TTS_MSG_GETAUDIO  0  
[2025/08/10 20:34:02 494] tts        485  get audio|use local  
[2025/08/10 20:34:02 494] tts        527  0  nil  1  
[2025/08/10 20:34:02 495] tts        657  TTS_MSG_GETAUDIO  0  
[2025/08/10 20:34:02 495] tts        485  get audio|use local  
[2025/08/10 20:34:02 495] tts        527  0  nil  1  
[2025/08/10 20:34:02 496] tts        657  TTS_MSG_GETAUDIO  0  
[2025/08/10 20:34:02 496] tts        485  get audio|use local  
[2025/08/10 20:34:02 496] tts        527  0  nil  1  
[2025/08/10 20:34:02 497] tts        657  TTS_MSG_GETAUDIO  0  
[2025/08/10 20:34:02 497] tts        485  get audio|use local  
[2025/08/10 20:34:02 498] tts        527  0  nil  1  
[2025/08/10 20:34:02 498] tts        657  TTS_MSG_GETAUDIO  0  
[2025/08/10 20:34:02 498] tts        485  get audio|use local  
[2025/08/10 20:34:02 499] tts        527  0  nil  1  
[2025/08/10 20:34:02 499] tts        657  TTS_MSG_GETAUDIO  0  
[2025/08/10 20:34:02 499] tts        485  get audio|use local  
[2025/08/10 20:34:02 500] tts        527  0  nil  1  
[2025/08/10 20:34:02 500] tts        657  TTS_MSG_GETAUDIO  0  
[2025/08/10 20:34:02 500] tts        485  get audio|use local  
[2025/08/10 20:34:02 500] tts        527  0  nil  1  
[2025/08/10 20:34:02 501] tts        657  TTS_MSG_GETAUDIO  0  
[2025/08/10 20:34:02 501] tts        485  get audio|use local  
[2025/08/10 20:34:02 501] tts        527  0  nil  1  
[2025/08/10 20:34:02 502] tts        657  TTS_MSG_GETAUDIO  0  
[2025/08/10 20:34:02 502] tts        485  get audio|use local  
[2025/08/10 20:34:02 502] tts        527  0  nil  1  
[2025/08/10 20:34:02 503] tts        657  TTS_MSG_GETAUDIO  0  
[2025/08/10 20:34:02 503] tts        485  get audio|use local  
[2025/08/10 20:34:02 503] tts        527  0  nil  1  
[2025/08/10 20:34:02 504] tts        657  TTS_MSG_GETAUDIO  0  
[2025/08/10 20:34:02 504] tts        485  get audio|use local  
[2025/08/10 20:34:02 504] tts        527  0  nil  1  
[2025/08/10 20:34:02 505] tts        657  TTS_MSG_GETAUDIO  0  
[2025/08/10 20:34:02 505] tts        485  get audio|use local  
[2025/08/10 20:34:02 505] tts        527  0  nil  1  
[2025/08/10 20:34:02 506] tts        657  TTS_MSG_GETAUDIO  0  
[2025/08/10 20:34:02 506] tts        485  get audio|use local  
[2025/08/10 20:34:02 506] tts        527  0  nil  1  
[2025/08/10 20:34:02 507] tts        657  TTS_MSG_GETAUDIO  0  
[2025/08/10 20:34:02 507] tts        485  get audio|use local  
[2025/08/10 20:34:02 507] tts        527  0  nil  1  
[2025/08/10 20:34:02 508] tts        657  TTS_MSG_GETAUDIO  0  
[2025/08/10 20:34:02 508] tts        485  get audio|use local  
[2025/08/10 20:34:02 508] tts        527  0  nil  1  
[2025/08/10 20:34:02 509] tts        657  TTS_MSG_GETAUDIO  0  
[2025/08/10 20:34:02 509] tts        485  get audio|use local  
[2025/08/10 20:34:02 509] tts        527  0  nil  1  
[2025/08/10 20:34:02 510] tts        657  TTS_MSG_GETAUDIO  0  
[2025/08/10 20:34:02 510] tts        485  get audio|use local  
[2025/08/10 20:34:02 510] tts        527  0  nil  1  
[2025/08/10 20:34:02 511] tts        657  TTS_MSG_GETAUDIO  0  
[2025/08/10 20:34:02 511] tts        485  get audio|use local  
[2025/08/10 20:34:02 511] tts        527  0  nil  1  
[2025/08/10 20:34:02 512] tts        657  TTS_MSG_GETAUDIO  0  
[2025/08/10 20:34:02 512] tts        485  get audio|use local  
[2025/08/10 20:34:02 512] tts        527  0  nil  1  
[2025/08/10 20:34:02 512] tts        657  TTS_MSG_GETAUDIO  0  
[2025/08/10 20:34:02 513] tts        485  get audio|use local  
[2025/08/10 20:34:02 513] tts        527  0  nil  1  
[2025/08/10 20:34:02 514] tts        657  TTS_MSG_GETAUDIO  0  
[2025/08/10 20:34:02 514] tts        485  get audio|use local  
[2025/08/10 20:34:02 514] tts        527  0  nil  1  
[2025/08/10 20:34:02 515] tts        657  TTS_MSG_GETAUDIO  0  
[2025/08/10 20:34:02 515] tts        485  get audio|use local  
[2025/08/10 20:34:02 515] tts        527  0  nil  1  
[2025/08/10 20:34:02 515] tts        657  TTS_MSG_GETAUDIO  0  
[2025/08/10 20:34:02 516] tts        485  get audio|use local  
[2025/08/10 20:34:02 516] tts        527  0  nil  1  
[2025/08/10 20:34:02 516] tts        657  TTS_MSG_GETAUDIO  0  
[2025/08/10 20:34:02 517] tts        485  get audio|use local  
[2025/08/10 20:34:02 517] tts        527  0  nil  1  
[2025/08/10 20:34:02 518] tts        657  TTS_MSG_GETAUDIO  0  
[2025/08/10 20:34:02 518] tts        485  get audio|use local  
[2025/08/10 20:34:02 518] tts        527  0  nil  1  
[2025/08/10 20:34:02 521] tts        657  TTS_MSG_GETAUDIO  0  
[2025/08/10 20:34:02 521] tts        485  get audio|use local  
[2025/08/10 20:34:02 521] tts        527  0  nil  1  
[2025/08/10 20:34:02 522] tts        299  TTS_LOCAL_CB_BEGIN  
[2025/08/10 20:34:02 524] tts        657  TTS_MSG_GETAUDIO  0  
[2025/08/10 20:34:02 524] tts        485  get audio|use local  
[2025/08/10 20:34:02 524] tts        498  local audiolen:  2042  ,ced:  31  
[2025/08/10 20:34:02 525] tts        527  0  udata(9407ccf8) 1  
[2025/08/10 20:34:02 527] tts        657  TTS_MSG_GETAUDIO  0  
[2025/08/10 20:34:02 527] tts        485  get audio|use local  
[2025/08/10 20:34:02 527] tts        498  local audiolen:  2016  ,ced:  31  
[2025/08/10 20:34:02 527] tts        527  0  udata(9407d578) 1  
[2025/08/10 20:34:02 530] tts        657  TTS_MSG_GETAUDIO  0  
[2025/08/10 20:34:02 530] tts        485  get audio|use local  
[2025/08/10 20:34:02 530] tts        498  local audiolen:  2018  ,ced:  31  
[2025/08/10 20:34:02 530] tts        527  0  udata(9407d8c8) 1  
[2025/08/10 20:34:02 533] tts        657  TTS_MSG_GETAUDIO  0  
[2025/08/10 20:34:02 533] tts        485  get audio|use local  
[2025/08/10 20:34:02 533] tts        498  local audiolen:  2018  ,ced:  31  
[2025/08/10 20:34:02 533] tts        527  0  udata(9407ed58) 1  
[2025/08/10 20:34:02 535] tts        657  TTS_MSG_GETAUDIO  0  
[2025/08/10 20:34:02 536] tts        485  get audio|use local  
[2025/08/10 20:34:02 536] tts        498  local audiolen:  2034  ,ced:  31  
[2025/08/10 20:34:02 536] tts        527  0  udata(9407f8a8) 1  
[2025/08/10 20:34:02 538] tts        657  TTS_MSG_GETAUDIO  0  
[2025/08/10 20:34:02 539] tts        485  get audio|use local  
[2025/08/10 20:34:02 539] tts        498  local audiolen:  2046  ,ced:  31  
[2025/08/10 20:34:02 539] tts        527  0  udata(9407fbf8) 1  
[2025/08/10 20:34:02 541] tts        657  TTS_MSG_GETAUDIO  0  
[2025/08/10 20:34:02 541] tts        485  get audio|use local  
[2025/08/10 20:34:02 541] tts        498  local audiolen:  1962  ,ced:  31  
[2025/08/10 20:34:02 541] tts        527  0  udata(9407fee8) 1  
[2025/08/10 20:34:02 544] tts        657  TTS_MSG_GETAUDIO  0  
[2025/08/10 20:34:02 544] tts        485  get audio|use local  
[2025/08/10 20:34:02 545] tts        498  local audiolen:  2014  ,ced:  31  
[2025/08/10 20:34:02 545] tts        527  0  udata(9407e7b8) 1  
[2025/08/10 20:34:02 547] tts        657  TTS_MSG_GETAUDIO  0  
[2025/08/10 20:34:02 548] tts        485  get audio|use local  
[2025/08/10 20:34:02 548] tts        498  local audiolen:  2036  ,ced:  31  
[2025/08/10 20:34:02 548] tts        527  0  udata(9407eb08) 1  
[2025/08/10 20:34:02 552] tts        657  TTS_MSG_GETAUDIO  0  
[2025/08/10 20:34:02 552] tts        485  get audio|use local  
[2025/08/10 20:34:02 552] tts        498  local audiolen:  2028  ,ced:  31  
[2025/08/10 20:34:02 553] tts        527  0  udata(9407f0a8) 1  
[2025/08/10 20:34:02 554] tts        657  TTS_MSG_GETAUDIO  0  
[2025/08/10 20:34:02 555] tts        485  get audio|use local  
[2025/08/10 20:34:02 555] tts        498  local audiolen:  1912  ,ced:  31  
[2025/08/10 20:34:02 555] tts        527  0  udata(9407f3f8) 1  
[2025/08/10 20:34:02 557] tts        657  TTS_MSG_GETAUDIO  0  
[2025/08/10 20:34:02 557] tts        485  get audio|use local  
[2025/08/10 20:34:02 557] tts        498  local audiolen:  1938  ,ced:  31  
[2025/08/10 20:34:02 557] tts        527  0  udata(94022008) 1  
[2025/08/10 20:34:02 559] tts        657  TTS_MSG_GETAUDIO  0  
[2025/08/10 20:34:02 559] tts        485  get audio|use local  
[2025/08/10 20:34:02 560] tts        498  local audiolen:  2036  ,ced:  31  
[2025/08/10 20:34:02 560] tts        527  0  udata(94022358) 1  
[2025/08/10 20:34:02 561] tts        657  TTS_MSG_GETAUDIO  0  
[2025/08/10 20:34:02 561] tts        485  get audio|use local  
[2025/08/10 20:34:02 562] tts        498  local audiolen:  2016  ,ced:  31  
[2025/08/10 20:34:02 562] tts        527  0  udata(940225a8) 1  
[2025/08/10 20:34:02 563] tts        301  0  0  
[2025/08/10 20:34:02 563] tts        312  TTS_LOCAL_CB_END,  2  
[2025/08/10 20:34:02 564] tts        657  TTS_MSG_GETAUDIO  0  
[2025/08/10 20:34:02 564] tts        485  get audio|use local  
[2025/08/10 20:34:02 564] tts        498  local audiolen:  2026  ,ced:  31  
[2025/08/10 20:34:02 564] tts        527  0  udata(94022748) 1  
[2025/08/10 20:34:02 565] tts        657  TTS_MSG_GETAUDIO  0  
[2025/08/10 20:34:02 565] tts        485  get audio|use local  
[2025/08/10 20:34:02 565] tts        498  local audiolen:  2030  ,ced:  31  
[2025/08/10 20:34:02 566] tts        527  0  udata(94022948) 1  
[2025/08/10 20:34:02 568] tts        657  TTS_MSG_GETAUDIO  0  
[2025/08/10 20:34:02 568] tts        485  get audio|use local  
[2025/08/10 20:34:02 568] tts        498  local audiolen:  1992  ,ced:  31  
[2025/08/10 20:34:02 569] tts        527  0  udata(94022998) 1  
[2025/08/10 20:34:02 570] tts        657  TTS_MSG_GETAUDIO  0  
[2025/08/10 20:34:02 570] tts        485  get audio|use local  
[2025/08/10 20:34:02 570] tts        498  local audiolen:  2034  ,ced:  31  
[2025/08/10 20:34:02 570] tts        527  0  udata(9407cd48) 1  
[2025/08/10 20:34:02 573] tts        657  TTS_MSG_GETAUDIO  0  
[2025/08/10 20:34:02 573] tts        485  get audio|use local  
[2025/08/10 20:34:02 573] tts        498  local audiolen:  2024  ,ced:  31  
[2025/08/10 20:34:02 573] tts        527  0  udata(940229e8) 1  
[2025/08/10 20:34:02 582] tts        657  TTS_MSG_GETAUDIO  0  
[2025/08/10 20:34:02 582] tts        485  get audio|use local  
[2025/08/10 20:34:02 582] tts        498  local audiolen:  1954  ,ced:  31  
[2025/08/10 20:34:02 583] tts        527  0  udata(94022a38) 1  
[2025/08/10 20:34:02 584] tts        657  TTS_MSG_GETAUDIO  0  
[2025/08/10 20:34:02 584] tts        485  get audio|use local  
[2025/08/10 20:34:02 584] tts        498  local audiolen:  2046  ,ced:  31  
[2025/08/10 20:34:02 584] tts        527  0  udata(94022a88) 1  
[2025/08/10 20:34:02 585] tts        657  TTS_MSG_GETAUDIO  0  
[2025/08/10 20:34:02 585] tts        485  get audio|use local  
[2025/08/10 20:34:02 585] tts        498  local audiolen:  1958  ,ced:  31  
[2025/08/10 20:34:02 585] tts        527  0  udata(94022ad8) 1  
[2025/08/10 20:34:02 586] tts        657  TTS_MSG_GETAUDIO  0  
[2025/08/10 20:34:02 586] tts        485  get audio|use local  
[2025/08/10 20:34:02 586] tts        498  local audiolen:  1998  ,ced:  31  
[2025/08/10 20:34:02 586] tts        527  0  udata(94022b28) 1  
[2025/08/10 20:34:02 587] tts        657  TTS_MSG_GETAUDIO  0  
[2025/08/10 20:34:02 587] tts        485  get audio|use local  
[2025/08/10 20:34:02 587] tts        498  local audiolen:  2016  ,ced:  31  
[2025/08/10 20:34:02 587] tts        527  0  udata(94022b78) 1  
[2025/08/10 20:34:02 588] tts        657  TTS_MSG_GETAUDIO  0  
[2025/08/10 20:34:02 588] tts        485  get audio|use local  
[2025/08/10 20:34:02 588] tts        498  local audiolen:  1984  ,ced:  31  
[2025/08/10 20:34:02 588] tts        527  0  udata(94022bc8) 1  
[2025/08/10 20:34:02 590] tts        657  TTS_MSG_GETAUDIO  0  
[2025/08/10 20:34:02 590] tts        485  get audio|use local  
[2025/08/10 20:34:02 590] tts        498  local audiolen:  1946  ,ced:  31  
[2025/08/10 20:34:02 590] tts        527  0  udata(94022c18) 1  
[2025/08/10 20:34:02 591] tts        657  TTS_MSG_GETAUDIO  0  
[2025/08/10 20:34:02 591] tts        485  get audio|use local  
[2025/08/10 20:34:02 591] tts        498  local audiolen:  2002  ,ced:  31  
[2025/08/10 20:34:02 591] tts        527  0  udata(94022c68) 1  
[2025/08/10 20:34:02 594] tts        657  TTS_MSG_GETAUDIO  0  
[2025/08/10 20:34:02 594] tts        485  get audio|use local  
[2025/08/10 20:34:02 594] tts        498  local audiolen:  1994  ,ced:  31  
[2025/08/10 20:34:02 594] tts        527  0  udata(94022cb8) 1  
[2025/08/10 20:34:02 595] tts        657  TTS_MSG_GETAUDIO  0  
[2025/08/10 20:34:02 595] tts        485  get audio|use local  
[2025/08/10 20:34:02 596] tts        498  local audiolen:  2028  ,ced:  31  
[2025/08/10 20:34:02 596] tts        527  0  udata(94022d08) 1  
[2025/08/10 20:34:02 597] tts        657  TTS_MSG_GETAUDIO  0  
[2025/08/10 20:34:02 597] tts        485  get audio|use local  
[2025/08/10 20:34:02 597] tts        498  local audiolen:  2042  ,ced:  31  
[2025/08/10 20:34:02 597] tts        527  0  udata(94022d58) 1  
[2025/08/10 20:34:02 598] tts        657  TTS_MSG_GETAUDIO  0  
[2025/08/10 20:34:02 598] tts        485  get audio|use local  
[2025/08/10 20:34:02 598] tts        498  local audiolen:  2018  ,ced:  31  
[2025/08/10 20:34:02 599] tts        527  0  udata(94022da8) 1  
[2025/08/10 20:34:02 600] tts        657  TTS_MSG_GETAUDIO  0  
[2025/08/10 20:34:02 600] tts        485  get audio|use local  
[2025/08/10 20:34:02 600] tts        498  local audiolen:  1950  ,ced:  31  
[2025/08/10 20:34:02 600] tts        527  0  udata(94022df8) 1  
[2025/08/10 20:34:02 601] tts        657  TTS_MSG_GETAUDIO  0  
[2025/08/10 20:34:02 601] tts        485  get audio|use local  
[2025/08/10 20:34:02 601] tts        498  local audiolen:  2028  ,ced:  31  
[2025/08/10 20:34:02 601] tts        527  0  udata(94022e48) 1  
[2025/08/10 20:34:02 603] tts        657  TTS_MSG_GETAUDIO  0  
[2025/08/10 20:34:02 603] tts        485  get audio|use local  
[2025/08/10 20:34:02 603] tts        498  local audiolen:  1944  ,ced:  31  
[2025/08/10 20:34:02 603] tts        527  0  udata(94022e98) 1  
[2025/08/10 20:34:02 645] tts        657  TTS_MSG_GETAUDIO  0  
[2025/08/10 20:34:02 645] tts        485  get audio|use local  
[2025/08/10 20:34:02 645] tts        498  local audiolen:  2044  ,ced:  31  
[2025/08/10 20:34:02 645] tts        527  0  udata(94022ee8) 1  
[2025/08/10 20:34:02 648] tts        657  TTS_MSG_GETAUDIO  0  
[2025/08/10 20:34:02 648] tts        485  get audio|use local  
[2025/08/10 20:34:02 648] tts        498  local audiolen:  1996  ,ced:  31  
[2025/08/10 20:34:02 648] tts        527  0  udata(94022f38) 1  
[2025/08/10 20:34:02 655] tts        657  TTS_MSG_GETAUDIO  0  
[2025/08/10 20:34:02 655] tts        485  get audio|use local  
[2025/08/10 20:34:02 655] tts        498  local audiolen:  1914  ,ced:  31  
[2025/08/10 20:34:02 661] tts        527  0  udata(94022f88) 1  
[2025/08/10 20:34:02 663] tts        657  TTS_MSG_GETAUDIO  0  
[2025/08/10 20:34:02 663] tts        485  get audio|use local  
[2025/08/10 20:34:02 664] tts        498  local audiolen:  1916  ,ced:  31  
[2025/08/10 20:34:02 668] tts        527  0  udata(94022fd8) 1  
[2025/08/10 20:34:02 672] tts        657  TTS_MSG_GETAUDIO  0  
[2025/08/10 20:34:02 672] tts        485  get audio|use local  
[2025/08/10 20:34:02 672] tts        498  local audiolen:  1964  ,ced:  31  
[2025/08/10 20:34:02 672] tts        527  0  udata(94023028) 1  
[2025/08/10 20:34:02 675] tts        657  TTS_MSG_GETAUDIO  0  
[2025/08/10 20:34:02 675] tts        485  get audio|use local  
[2025/08/10 20:34:02 675] tts        498  local audiolen:  1996  ,ced:  31  
[2025/08/10 20:34:02 676] tts        527  0  udata(94023078) 1  
[2025/08/10 20:34:02 679] tts        657  TTS_MSG_GETAUDIO  0  
[2025/08/10 20:34:02 680] tts        485  get audio|use local  
[2025/08/10 20:34:02 680] tts        498  local audiolen:  2016  ,ced:  31  
[2025/08/10 20:34:02 680] tts        527  0  udata(940230c8) 1  
[2025/08/10 20:34:02 681] tts        657  TTS_MSG_GETAUDIO  0  
[2025/08/10 20:34:02 681] tts        485  get audio|use local  
[2025/08/10 20:34:02 681] tts        498  local audiolen:  2016  ,ced:  31  
[2025/08/10 20:34:02 682] tts        527  0  udata(9407cb48) 1  
[2025/08/10 20:34:02 683] tts        657  TTS_MSG_GETAUDIO  0  
[2025/08/10 20:34:02 683] tts        485  get audio|use local  
[2025/08/10 20:34:02 683] tts        498  local audiolen:  576  ,ced:  31  
[2025/08/10 20:34:02 684] tts        527  0  udata(9407e078) 2  
[2025/08/10 20:34:02 685] tts        660  TTS_MSG_SSE  
[2025/08/10 20:34:02 689] tts        585  sse|use local  
[2025/08/10 20:34:02 697] tts        603  tts exit  
[2025/08/10 20:34:02 699] tts        667  SYS_MSG_UNLOAD  
