============================================================
Time  2025/08/10 19:57:50 408 
============================================================
[2025/08/10 19:57:50 408] tts        676  SYS_MSG_REGCB param0 =  msp_status_cb  param1 =  func(84014a30) 
[2025/08/10 19:57:50 411] config     43   use general cloud  
[2025/08/10 19:57:50 417] tts_cloud  1417 SYS_MSG_REGCB_CLOUD param0 =   msp_status_cb  param1 =  func(84014a30) 
[2025/08/10 19:57:50 418] tts        647  TTS_MSG_SSB  
[2025/08/10 19:57:50 418] tts        375  params =  engine_type = local,voice_name=xiaoyan, text_encoding = UTF8, tts_res_path = fo|res/tts/xiaoyan.jet;fo|res/tts/common.jet, sample_rate = 16000, speed = 50, volume = 80, pitch = 50, rdn = 2  
[2025/08/10 19:57:50 418] tts        412  ssb|use local  
[2025/08/10 19:57:50 418] tts        349  local_session_begin  
[2025/08/10 19:57:50 427] tts        654  TTS_MSG_SYN  0  
[2025/08/10 19:57:50 428] tts        451  synth|use local  
[2025/08/10 19:57:50 429] tts        657  TTS_MSG_GETAUDIO  0  
[2025/08/10 19:57:50 429] tts        485  get audio|use local  
[2025/08/10 19:57:50 429] tts        527  0  nil  1  
[2025/08/10 19:57:50 430] tts        657  TTS_MSG_GETAUDIO  0  
[2025/08/10 19:57:50 430] tts        485  get audio|use local  
[2025/08/10 19:57:50 431] tts        527  0  nil  1  
[2025/08/10 19:57:50 432] tts        657  TTS_MSG_GETAUDIO  0  
[2025/08/10 19:57:50 432] tts        485  get audio|use local  
[2025/08/10 19:57:50 432] tts        527  0  nil  1  
[2025/08/10 19:57:50 434] tts        657  TTS_MSG_GETAUDIO  0  
[2025/08/10 19:57:50 434] tts        485  get audio|use local  
[2025/08/10 19:57:50 434] tts        527  0  nil  1  
[2025/08/10 19:57:50 435] tts        657  TTS_MSG_GETAUDIO  0  
[2025/08/10 19:57:50 435] tts        485  get audio|use local  
[2025/08/10 19:57:50 436] tts        527  0  nil  1  
[2025/08/10 19:57:50 437] tts        657  TTS_MSG_GETAUDIO  0  
[2025/08/10 19:57:50 438] tts        485  get audio|use local  
[2025/08/10 19:57:50 438] tts        527  0  nil  1  
[2025/08/10 19:57:50 439] tts        657  TTS_MSG_GETAUDIO  0  
[2025/08/10 19:57:50 439] tts        485  get audio|use local  
[2025/08/10 19:57:50 439] tts        527  0  nil  1  
[2025/08/10 19:57:50 440] tts        657  TTS_MSG_GETAUDIO  0  
[2025/08/10 19:57:50 441] tts        485  get audio|use local  
[2025/08/10 19:57:50 441] tts        527  0  nil  1  
[2025/08/10 19:57:50 441] tts        657  TTS_MSG_GETAUDIO  0  
[2025/08/10 19:57:50 441] tts        485  get audio|use local  
[2025/08/10 19:57:50 442] tts        527  0  nil  1  
[2025/08/10 19:57:50 442] tts        657  TTS_MSG_GETAUDIO  0  
[2025/08/10 19:57:50 442] tts        485  get audio|use local  
[2025/08/10 19:57:50 442] tts        527  0  nil  1  
[2025/08/10 19:57:50 443] tts        657  TTS_MSG_GETAUDIO  0  
[2025/08/10 19:57:50 444] tts        485  get audio|use local  
[2025/08/10 19:57:50 444] tts        527  0  nil  1  
[2025/08/10 19:57:50 445] tts        657  TTS_MSG_GETAUDIO  0  
[2025/08/10 19:57:50 445] tts        485  get audio|use local  
[2025/08/10 19:57:50 446] tts        527  0  nil  1  
[2025/08/10 19:57:50 447] tts        657  TTS_MSG_GETAUDIO  0  
[2025/08/10 19:57:50 447] tts        485  get audio|use local  
[2025/08/10 19:57:50 447] tts        527  0  nil  1  
[2025/08/10 19:57:50 448] tts        657  TTS_MSG_GETAUDIO  0  
[2025/08/10 19:57:50 448] tts        485  get audio|use local  
[2025/08/10 19:57:50 448] tts        527  0  nil  1  
[2025/08/10 19:57:50 449] tts        657  TTS_MSG_GETAUDIO  0  
[2025/08/10 19:57:50 449] tts        485  get audio|use local  
[2025/08/10 19:57:50 449] tts        527  0  nil  1  
[2025/08/10 19:57:50 450] tts        657  TTS_MSG_GETAUDIO  0  
[2025/08/10 19:57:50 450] tts        485  get audio|use local  
[2025/08/10 19:57:50 450] tts        527  0  nil  1  
[2025/08/10 19:57:50 451] tts        657  TTS_MSG_GETAUDIO  0  
[2025/08/10 19:57:50 451] tts        485  get audio|use local  
[2025/08/10 19:57:50 451] tts        527  0  nil  1  
[2025/08/10 19:57:50 452] tts        657  TTS_MSG_GETAUDIO  0  
[2025/08/10 19:57:50 452] tts        485  get audio|use local  
[2025/08/10 19:57:50 452] tts        527  0  nil  1  
[2025/08/10 19:57:50 453] tts        657  TTS_MSG_GETAUDIO  0  
[2025/08/10 19:57:50 453] tts        485  get audio|use local  
[2025/08/10 19:57:50 453] tts        527  0  nil  1  
[2025/08/10 19:57:50 454] tts        657  TTS_MSG_GETAUDIO  0  
[2025/08/10 19:57:50 454] tts        485  get audio|use local  
[2025/08/10 19:57:50 454] tts        527  0  nil  1  
[2025/08/10 19:57:50 455] tts        657  TTS_MSG_GETAUDIO  0  
[2025/08/10 19:57:50 455] tts        485  get audio|use local  
[2025/08/10 19:57:50 455] tts        527  0  nil  1  
[2025/08/10 19:57:50 456] tts        657  TTS_MSG_GETAUDIO  0  
[2025/08/10 19:57:50 456] tts        485  get audio|use local  
[2025/08/10 19:57:50 456] tts        527  0  nil  1  
[2025/08/10 19:57:50 457] tts        657  TTS_MSG_GETAUDIO  0  
[2025/08/10 19:57:50 457] tts        485  get audio|use local  
[2025/08/10 19:57:50 457] tts        527  0  nil  1  
[2025/08/10 19:57:50 458] tts        657  TTS_MSG_GETAUDIO  0  
[2025/08/10 19:57:50 458] tts        485  get audio|use local  
[2025/08/10 19:57:50 459] tts        527  0  nil  1  
[2025/08/10 19:57:50 460] tts        657  TTS_MSG_GETAUDIO  0  
[2025/08/10 19:57:50 460] tts        485  get audio|use local  
[2025/08/10 19:57:50 460] tts        527  0  nil  1  
[2025/08/10 19:57:50 461] tts        657  TTS_MSG_GETAUDIO  0  
[2025/08/10 19:57:50 461] tts        485  get audio|use local  
[2025/08/10 19:57:50 461] tts        527  0  nil  1  
[2025/08/10 19:57:50 462] tts        657  TTS_MSG_GETAUDIO  0  
[2025/08/10 19:57:50 472] tts        485  get audio|use local  
[2025/08/10 19:57:50 472] tts        527  0  nil  1  
[2025/08/10 19:57:50 478] tts        657  TTS_MSG_GETAUDIO  0  
[2025/08/10 19:57:50 478] tts        485  get audio|use local  
[2025/08/10 19:57:50 478] tts        527  0  nil  1  
[2025/08/10 19:57:50 479] tts        657  TTS_MSG_GETAUDIO  0  
[2025/08/10 19:57:50 479] tts        485  get audio|use local  
[2025/08/10 19:57:50 479] tts        527  0  nil  1  
[2025/08/10 19:57:50 480] tts        657  TTS_MSG_GETAUDIO  0  
[2025/08/10 19:57:50 480] tts        485  get audio|use local  
[2025/08/10 19:57:50 480] tts        527  0  nil  1  
[2025/08/10 19:57:50 480] tts        657  TTS_MSG_GETAUDIO  0  
[2025/08/10 19:57:50 480] tts        485  get audio|use local  
[2025/08/10 19:57:50 480] tts        527  0  nil  1  
[2025/08/10 19:57:50 481] tts        657  TTS_MSG_GETAUDIO  0  
[2025/08/10 19:57:50 481] tts        485  get audio|use local  
[2025/08/10 19:57:50 481] tts        527  0  nil  1  
[2025/08/10 19:57:50 481] tts        657  TTS_MSG_GETAUDIO  0  
[2025/08/10 19:57:50 481] tts        485  get audio|use local  
[2025/08/10 19:57:50 481] tts        527  0  nil  1  
[2025/08/10 19:57:50 482] tts        657  TTS_MSG_GETAUDIO  0  
[2025/08/10 19:57:50 482] tts        485  get audio|use local  
[2025/08/10 19:57:50 482] tts        527  0  nil  1  
[2025/08/10 19:57:50 483] tts        657  TTS_MSG_GETAUDIO  0  
[2025/08/10 19:57:50 483] tts        485  get audio|use local  
[2025/08/10 19:57:50 483] tts        527  0  nil  1  
[2025/08/10 19:57:50 485] tts        657  TTS_MSG_GETAUDIO  0  
[2025/08/10 19:57:50 485] tts        485  get audio|use local  
[2025/08/10 19:57:50 485] tts        527  0  nil  1  
[2025/08/10 19:57:50 486] tts        657  TTS_MSG_GETAUDIO  0  
[2025/08/10 19:57:50 486] tts        485  get audio|use local  
[2025/08/10 19:57:50 486] tts        527  0  nil  1  
[2025/08/10 19:57:50 487] tts        657  TTS_MSG_GETAUDIO  0  
[2025/08/10 19:57:50 488] tts        485  get audio|use local  
[2025/08/10 19:57:50 489] tts        527  0  nil  1  
[2025/08/10 19:57:50 492] tts        657  TTS_MSG_GETAUDIO  0  
[2025/08/10 19:57:50 492] tts        485  get audio|use local  
[2025/08/10 19:57:50 492] tts        527  0  nil  1  
[2025/08/10 19:57:50 493] tts        657  TTS_MSG_GETAUDIO  0  
[2025/08/10 19:57:50 493] tts        485  get audio|use local  
[2025/08/10 19:57:50 493] tts        527  0  nil  1  
[2025/08/10 19:57:50 494] tts        657  TTS_MSG_GETAUDIO  0  
[2025/08/10 19:57:50 494] tts        485  get audio|use local  
[2025/08/10 19:57:50 494] tts        527  0  nil  1  
[2025/08/10 19:57:50 495] tts        657  TTS_MSG_GETAUDIO  0  
[2025/08/10 19:57:50 495] tts        485  get audio|use local  
[2025/08/10 19:57:50 495] tts        527  0  nil  1  
[2025/08/10 19:57:50 496] tts        657  TTS_MSG_GETAUDIO  0  
[2025/08/10 19:57:50 496] tts        485  get audio|use local  
[2025/08/10 19:57:50 496] tts        527  0  nil  1  
[2025/08/10 19:57:50 497] tts        657  TTS_MSG_GETAUDIO  0  
[2025/08/10 19:57:50 498] tts        485  get audio|use local  
[2025/08/10 19:57:50 498] tts        527  0  nil  1  
[2025/08/10 19:57:50 499] tts        657  TTS_MSG_GETAUDIO  0  
[2025/08/10 19:57:50 499] tts        485  get audio|use local  
[2025/08/10 19:57:50 499] tts        527  0  nil  1  
[2025/08/10 19:57:50 500] tts        657  TTS_MSG_GETAUDIO  0  
[2025/08/10 19:57:50 500] tts        485  get audio|use local  
[2025/08/10 19:57:50 500] tts        527  0  nil  1  
[2025/08/10 19:57:50 501] tts        657  TTS_MSG_GETAUDIO  0  
[2025/08/10 19:57:50 501] tts        485  get audio|use local  
[2025/08/10 19:57:50 501] tts        527  0  nil  1  
[2025/08/10 19:57:50 502] tts        657  TTS_MSG_GETAUDIO  0  
[2025/08/10 19:57:50 502] tts        485  get audio|use local  
[2025/08/10 19:57:50 502] tts        527  0  nil  1  
[2025/08/10 19:57:50 503] tts        657  TTS_MSG_GETAUDIO  0  
[2025/08/10 19:57:50 503] tts        485  get audio|use local  
[2025/08/10 19:57:50 503] tts        527  0  nil  1  
[2025/08/10 19:57:50 504] tts        657  TTS_MSG_GETAUDIO  0  
[2025/08/10 19:57:50 504] tts        485  get audio|use local  
[2025/08/10 19:57:50 504] tts        527  0  nil  1  
[2025/08/10 19:57:50 505] tts        657  TTS_MSG_GETAUDIO  0  
[2025/08/10 19:57:50 505] tts        485  get audio|use local  
[2025/08/10 19:57:50 508] tts        527  0  nil  1  
[2025/08/10 19:57:50 509] tts        657  TTS_MSG_GETAUDIO  0  
[2025/08/10 19:57:50 514] tts        485  get audio|use local  
[2025/08/10 19:57:50 514] tts        527  0  nil  1  
[2025/08/10 19:57:50 516] tts        657  TTS_MSG_GETAUDIO  0  
[2025/08/10 19:57:50 516] tts        485  get audio|use local  
[2025/08/10 19:57:50 517] tts        527  0  nil  1  
[2025/08/10 19:57:50 518] tts        657  TTS_MSG_GETAUDIO  0  
[2025/08/10 19:57:50 518] tts        485  get audio|use local  
[2025/08/10 19:57:50 518] tts        527  0  nil  1  
[2025/08/10 19:57:50 520] tts        299  TTS_LOCAL_CB_BEGIN  
[2025/08/10 19:57:50 520] tts        657  TTS_MSG_GETAUDIO  0  
[2025/08/10 19:57:50 520] tts        485  get audio|use local  
[2025/08/10 19:57:50 520] tts        527  0  nil  1  
[2025/08/10 19:57:50 521] tts        657  TTS_MSG_GETAUDIO  0  
[2025/08/10 19:57:50 521] tts        485  get audio|use local  
[2025/08/10 19:57:50 521] tts        527  0  nil  1  
[2025/08/10 19:57:50 522] tts        657  TTS_MSG_GETAUDIO  0  
[2025/08/10 19:57:50 522] tts        485  get audio|use local  
[2025/08/10 19:57:50 522] tts        527  0  nil  1  
[2025/08/10 19:57:50 522] tts        657  TTS_MSG_GETAUDIO  0  
[2025/08/10 19:57:50 523] tts        485  get audio|use local  
[2025/08/10 19:57:50 523] tts        527  0  nil  1  
[2025/08/10 19:57:50 524] tts        657  TTS_MSG_GETAUDIO  0  
[2025/08/10 19:57:50 524] tts        485  get audio|use local  
[2025/08/10 19:57:50 524] tts        527  0  nil  1  
[2025/08/10 19:57:50 524] tts        657  TTS_MSG_GETAUDIO  0  
[2025/08/10 19:57:50 525] tts        485  get audio|use local  
[2025/08/10 19:57:50 525] tts        527  0  nil  1  
[2025/08/10 19:57:50 525] tts        657  TTS_MSG_GETAUDIO  0  
[2025/08/10 19:57:50 525] tts        485  get audio|use local  
[2025/08/10 19:57:50 526] tts        527  0  nil  1  
[2025/08/10 19:57:50 526] tts        657  TTS_MSG_GETAUDIO  0  
[2025/08/10 19:57:50 526] tts        485  get audio|use local  
[2025/08/10 19:57:50 526] tts        527  0  nil  1  
[2025/08/10 19:57:50 527] tts        657  TTS_MSG_GETAUDIO  0  
[2025/08/10 19:57:50 527] tts        485  get audio|use local  
[2025/08/10 19:57:50 527] tts        527  0  nil  1  
[2025/08/10 19:57:50 529] tts        657  TTS_MSG_GETAUDIO  0  
[2025/08/10 19:57:50 529] tts        485  get audio|use local  
[2025/08/10 19:57:50 529] tts        527  0  nil  1  
[2025/08/10 19:57:50 533] tts        657  TTS_MSG_GETAUDIO  0  
[2025/08/10 19:57:50 533] tts        485  get audio|use local  
[2025/08/10 19:57:50 534] tts        498  local audiolen:  2042  ,ced:  16  
[2025/08/10 19:57:50 534] tts        527  0  udata(84070fc8) 1  
[2025/08/10 19:57:50 537] tts        657  TTS_MSG_GETAUDIO  0  
[2025/08/10 19:57:50 537] tts        485  get audio|use local  
[2025/08/10 19:57:50 537] tts        498  local audiolen:  2016  ,ced:  16  
[2025/08/10 19:57:50 537] tts        527  0  udata(840713d8) 1  
[2025/08/10 19:57:50 540] tts        657  TTS_MSG_GETAUDIO  0  
[2025/08/10 19:57:50 540] tts        485  get audio|use local  
[2025/08/10 19:57:50 540] tts        498  local audiolen:  1970  ,ced:  16  
[2025/08/10 19:57:50 540] tts        527  0  udata(84087eb8) 1  
[2025/08/10 19:57:50 541] tts        657  TTS_MSG_GETAUDIO  0  
[2025/08/10 19:57:50 541] tts        485  get audio|use local  
[2025/08/10 19:57:50 541] tts        498  local audiolen:  1900  ,ced:  16  
[2025/08/10 19:57:50 542] tts        527  0  udata(84087c98) 1  
[2025/08/10 19:57:50 545] tts        657  TTS_MSG_GETAUDIO  0  
[2025/08/10 19:57:50 545] tts        485  get audio|use local  
[2025/08/10 19:57:50 545] tts        498  local audiolen:  1972  ,ced:  16  
[2025/08/10 19:57:50 545] tts        527  0  udata(84088108) 1  
[2025/08/10 19:57:50 548] tts        657  TTS_MSG_GETAUDIO  0  
[2025/08/10 19:57:50 549] tts        485  get audio|use local  
[2025/08/10 19:57:50 551] tts        498  local audiolen:  1982  ,ced:  16  
[2025/08/10 19:57:50 551] tts        527  0  udata(84088158) 1  
[2025/08/10 19:57:50 554] tts        657  TTS_MSG_GETAUDIO  0  
[2025/08/10 19:57:50 554] tts        485  get audio|use local  
[2025/08/10 19:57:50 555] tts        498  local audiolen:  2046  ,ced:  16  
[2025/08/10 19:57:50 555] tts        527  0  udata(84087778) 1  
[2025/08/10 19:57:50 557] tts        657  TTS_MSG_GETAUDIO  0  
[2025/08/10 19:57:50 557] tts        485  get audio|use local  
[2025/08/10 19:57:50 557] tts        498  local audiolen:  1970  ,ced:  16  
[2025/08/10 19:57:50 557] tts        527  0  udata(840878c8) 1  
[2025/08/10 19:57:50 558] tts        657  TTS_MSG_GETAUDIO  0  
[2025/08/10 19:57:50 558] tts        485  get audio|use local  
[2025/08/10 19:57:50 558] tts        498  local audiolen:  1932  ,ced:  16  
[2025/08/10 19:57:50 558] tts        527  0  udata(84087a18) 1  
[2025/08/10 19:57:50 559] tts        657  TTS_MSG_GETAUDIO  0  
[2025/08/10 19:57:50 559] tts        485  get audio|use local  
[2025/08/10 19:57:50 559] tts        498  local audiolen:  1994  ,ced:  16  
[2025/08/10 19:57:50 559] tts        527  0  udata(84087a68) 1  
[2025/08/10 19:57:50 560] tts        657  TTS_MSG_GETAUDIO  0  
[2025/08/10 19:57:50 560] tts        485  get audio|use local  
[2025/08/10 19:57:50 560] tts        498  local audiolen:  2008  ,ced:  16  
[2025/08/10 19:57:50 560] tts        527  0  udata(84087ab8) 1  
[2025/08/10 19:57:50 561] tts        657  TTS_MSG_GETAUDIO  0  
[2025/08/10 19:57:50 561] tts        485  get audio|use local  
[2025/08/10 19:57:50 561] tts        498  local audiolen:  1932  ,ced:  16  
[2025/08/10 19:57:50 561] tts        527  0  udata(84087b08) 1  
[2025/08/10 19:57:50 561] tts        657  TTS_MSG_GETAUDIO  0  
[2025/08/10 19:57:50 561] tts        485  get audio|use local  
[2025/08/10 19:57:50 561] tts        498  local audiolen:  2044  ,ced:  16  
[2025/08/10 19:57:50 561] tts        527  0  udata(84087b58) 1  
[2025/08/10 19:57:50 562] tts        657  TTS_MSG_GETAUDIO  0  
[2025/08/10 19:57:50 562] tts        485  get audio|use local  
[2025/08/10 19:57:50 562] tts        498  local audiolen:  2014  ,ced:  16  
[2025/08/10 19:57:50 562] tts        527  0  udata(84087ba8) 1  
[2025/08/10 19:57:50 563] tts        657  TTS_MSG_GETAUDIO  0  
[2025/08/10 19:57:50 563] tts        485  get audio|use local  
[2025/08/10 19:57:50 563] tts        527  0  nil  1  
[2025/08/10 19:57:50 563] tts        657  TTS_MSG_GETAUDIO  0  
[2025/08/10 19:57:50 563] tts        485  get audio|use local  
[2025/08/10 19:57:50 563] tts        527  0  nil  1  
[2025/08/10 19:57:50 564] tts        657  TTS_MSG_GETAUDIO  0  
[2025/08/10 19:57:50 564] tts        485  get audio|use local  
[2025/08/10 19:57:50 564] tts        527  0  nil  1  
[2025/08/10 19:57:50 564] tts        657  TTS_MSG_GETAUDIO  0  
[2025/08/10 19:57:50 565] tts        485  get audio|use local  
[2025/08/10 19:57:50 565] tts        527  0  nil  1  
[2025/08/10 19:57:50 565] tts        657  TTS_MSG_GETAUDIO  0  
[2025/08/10 19:57:50 565] tts        485  get audio|use local  
[2025/08/10 19:57:50 565] tts        527  0  nil  1  
[2025/08/10 19:57:50 566] tts        657  TTS_MSG_GETAUDIO  0  
[2025/08/10 19:57:50 566] tts        485  get audio|use local  
[2025/08/10 19:57:50 566] tts        527  0  nil  1  
[2025/08/10 19:57:50 566] tts        657  TTS_MSG_GETAUDIO  0  
[2025/08/10 19:57:50 566] tts        485  get audio|use local  
[2025/08/10 19:57:50 566] tts        527  0  nil  1  
[2025/08/10 19:57:50 567] tts        657  TTS_MSG_GETAUDIO  0  
[2025/08/10 19:57:50 567] tts        485  get audio|use local  
[2025/08/10 19:57:50 567] tts        527  0  nil  1  
[2025/08/10 19:57:50 567] tts        657  TTS_MSG_GETAUDIO  0  
[2025/08/10 19:57:50 568] tts        485  get audio|use local  
[2025/08/10 19:57:50 568] tts        527  0  nil  1  
[2025/08/10 19:57:50 569] tts        657  TTS_MSG_GETAUDIO  0  
[2025/08/10 19:57:50 569] tts        485  get audio|use local  
[2025/08/10 19:57:50 569] tts        527  0  nil  1  
[2025/08/10 19:57:50 571] tts        657  TTS_MSG_GETAUDIO  0  
[2025/08/10 19:57:50 571] tts        485  get audio|use local  
[2025/08/10 19:57:50 571] tts        498  local audiolen:  1982  ,ced:  16  
[2025/08/10 19:57:50 571] tts        527  0  udata(8407dc78) 1  
[2025/08/10 19:57:50 572] tts        657  TTS_MSG_GETAUDIO  0  
[2025/08/10 19:57:50 572] tts        485  get audio|use local  
[2025/08/10 19:57:50 572] tts        498  local audiolen:  2006  ,ced:  16  
[2025/08/10 19:57:50 573] tts        527  0  udata(8407d4a8) 1  
[2025/08/10 19:57:50 574] tts        657  TTS_MSG_GETAUDIO  0  
[2025/08/10 19:57:50 574] tts        485  get audio|use local  
[2025/08/10 19:57:50 574] tts        498  local audiolen:  1964  ,ced:  16  
[2025/08/10 19:57:50 574] tts        527  0  udata(8407d5f8) 1  
[2025/08/10 19:57:50 576] tts        657  TTS_MSG_GETAUDIO  0  
[2025/08/10 19:57:50 576] tts        485  get audio|use local  
[2025/08/10 19:57:50 576] tts        498  local audiolen:  2046  ,ced:  16  
[2025/08/10 19:57:50 576] tts        527  0  udata(8407d748) 1  
[2025/08/10 19:57:50 576] tts        657  TTS_MSG_GETAUDIO  0  
[2025/08/10 19:57:50 576] tts        485  get audio|use local  
[2025/08/10 19:57:50 576] tts        527  0  nil  1  
[2025/08/10 19:57:50 577] tts        657  TTS_MSG_GETAUDIO  0  
[2025/08/10 19:57:50 577] tts        485  get audio|use local  
[2025/08/10 19:57:50 578] tts        527  0  nil  1  
[2025/08/10 19:57:50 579] tts        657  TTS_MSG_GETAUDIO  0  
[2025/08/10 19:57:50 579] tts        485  get audio|use local  
[2025/08/10 19:57:50 579] tts        527  0  nil  1  
[2025/08/10 19:57:50 581] tts        657  TTS_MSG_GETAUDIO  0  
[2025/08/10 19:57:50 581] tts        485  get audio|use local  
[2025/08/10 19:57:50 581] tts        498  local audiolen:  1940  ,ced:  16  
[2025/08/10 19:57:50 581] tts        527  0  udata(8407d898) 1  
[2025/08/10 19:57:50 583] tts        657  TTS_MSG_GETAUDIO  0  
[2025/08/10 19:57:50 583] tts        485  get audio|use local  
[2025/08/10 19:57:50 583] tts        498  local audiolen:  2000  ,ced:  16  
[2025/08/10 19:57:50 583] tts        527  0  udata(8407dae8) 1  
[2025/08/10 19:57:50 583] tts        657  TTS_MSG_GETAUDIO  0  
[2025/08/10 19:57:50 583] tts        485  get audio|use local  
[2025/08/10 19:57:50 584] tts        498  local audiolen:  1940  ,ced:  16  
[2025/08/10 19:57:50 584] tts        527  0  udata(8407db38) 1  
[2025/08/10 19:57:50 586] tts        657  TTS_MSG_GETAUDIO  0  
[2025/08/10 19:57:50 586] tts        485  get audio|use local  
[2025/08/10 19:57:50 586] tts        498  local audiolen:  2048  ,ced:  16  
[2025/08/10 19:57:50 586] tts        527  0  udata(8407dc28) 1  
[2025/08/10 19:57:50 588] tts        657  TTS_MSG_GETAUDIO  0  
[2025/08/10 19:57:50 589] tts        485  get audio|use local  
[2025/08/10 19:57:50 589] tts        527  0  nil  1  
[2025/08/10 19:57:50 590] tts        301  0  0  
[2025/08/10 19:57:50 590] tts        312  TTS_LOCAL_CB_END,  2  
[2025/08/10 19:57:50 590] tts        657  TTS_MSG_GETAUDIO  0  
[2025/08/10 19:57:50 590] tts        485  get audio|use local  
[2025/08/10 19:57:50 591] tts        498  local audiolen:  2016  ,ced:  16  
[2025/08/10 19:57:50 591] tts        527  0  udata(8407e978) 1  
[2025/08/10 19:57:50 591] tts        657  TTS_MSG_GETAUDIO  0  
[2025/08/10 19:57:50 591] tts        485  get audio|use local  
[2025/08/10 19:57:50 591] tts        498  local audiolen:  576  ,ced:  16  
[2025/08/10 19:57:50 591] tts        527  0  udata(8407ec18) 2  
[2025/08/10 19:57:50 592] tts        660  TTS_MSG_SSE  
[2025/08/10 19:57:50 593] tts        585  sse|use local  
[2025/08/10 19:57:50 607] tts        603  tts exit  
[2025/08/10 19:57:50 608] tts        667  SYS_MSG_UNLOAD  
