============================================================
Time  2025/08/10 20:01:32 770 
============================================================
[2025/08/10 20:01:32 770] tts        676  SYS_MSG_REGCB param0 =  msp_status_cb  param1 =  func(80014a30) 
[2025/08/10 20:01:32 774] config     43   use general cloud  
[2025/08/10 20:01:32 782] tts_cloud  1417 SYS_MSG_REGCB_CLOUD param0 =   msp_status_cb  param1 =  func(80014a30) 
[2025/08/10 20:01:32 783] tts        647  TTS_MSG_SSB  
[2025/08/10 20:01:32 783] tts        375  params =  engine_type = local,voice_name=xiaoyan, text_encoding = UTF8, tts_res_path = fo|res/tts/xiaoyan.jet;fo|res/tts/common.jet, sample_rate = 16000, speed = 50, volume = 80, pitch = 50, rdn = 2  
[2025/08/10 20:01:32 784] tts        412  ssb|use local  
[2025/08/10 20:01:32 784] tts        349  local_session_begin  
[2025/08/10 20:01:32 788] tts        654  TTS_MSG_SYN  0  
[2025/08/10 20:01:32 788] tts        451  synth|use local  
[2025/08/10 20:01:32 789] tts        657  TTS_MSG_GETAUDIO  0  
[2025/08/10 20:01:32 789] tts        485  get audio|use local  
[2025/08/10 20:01:32 789] tts        527  0  nil  1  
[2025/08/10 20:01:32 790] tts        657  TTS_MSG_GETAUDIO  0  
[2025/08/10 20:01:32 790] tts        485  get audio|use local  
[2025/08/10 20:01:32 790] tts        527  0  nil  1  
[2025/08/10 20:01:32 791] tts        657  TTS_MSG_GETAUDIO  0  
[2025/08/10 20:01:32 791] tts        485  get audio|use local  
[2025/08/10 20:01:32 791] tts        527  0  nil  1  
[2025/08/10 20:01:32 792] tts        657  TTS_MSG_GETAUDIO  0  
[2025/08/10 20:01:32 792] tts        485  get audio|use local  
[2025/08/10 20:01:32 792] tts        527  0  nil  1  
[2025/08/10 20:01:32 793] tts        657  TTS_MSG_GETAUDIO  0  
[2025/08/10 20:01:32 793] tts        485  get audio|use local  
[2025/08/10 20:01:32 793] tts        527  0  nil  1  
[2025/08/10 20:01:32 794] tts        657  TTS_MSG_GETAUDIO  0  
[2025/08/10 20:01:32 794] tts        485  get audio|use local  
[2025/08/10 20:01:32 794] tts        527  0  nil  1  
[2025/08/10 20:01:32 795] tts        657  TTS_MSG_GETAUDIO  0  
[2025/08/10 20:01:32 796] tts        485  get audio|use local  
[2025/08/10 20:01:32 796] tts        527  0  nil  1  
[2025/08/10 20:01:32 797] tts        657  TTS_MSG_GETAUDIO  0  
[2025/08/10 20:01:32 797] tts        485  get audio|use local  
[2025/08/10 20:01:32 797] tts        527  0  nil  1  
[2025/08/10 20:01:32 797] tts        657  TTS_MSG_GETAUDIO  0  
[2025/08/10 20:01:32 798] tts        485  get audio|use local  
[2025/08/10 20:01:32 798] tts        527  0  nil  1  
[2025/08/10 20:01:32 799] tts        657  TTS_MSG_GETAUDIO  0  
[2025/08/10 20:01:32 799] tts        485  get audio|use local  
[2025/08/10 20:01:32 799] tts        527  0  nil  1  
[2025/08/10 20:01:32 800] tts        657  TTS_MSG_GETAUDIO  0  
[2025/08/10 20:01:32 801] tts        485  get audio|use local  
[2025/08/10 20:01:32 801] tts        527  0  nil  1  
[2025/08/10 20:01:32 802] tts        657  TTS_MSG_GETAUDIO  0  
[2025/08/10 20:01:32 802] tts        485  get audio|use local  
[2025/08/10 20:01:32 802] tts        527  0  nil  1  
[2025/08/10 20:01:32 803] tts        657  TTS_MSG_GETAUDIO  0  
[2025/08/10 20:01:32 803] tts        485  get audio|use local  
[2025/08/10 20:01:32 803] tts        527  0  nil  1  
[2025/08/10 20:01:32 805] tts        657  TTS_MSG_GETAUDIO  0  
[2025/08/10 20:01:32 805] tts        485  get audio|use local  
[2025/08/10 20:01:32 805] tts        527  0  nil  1  
[2025/08/10 20:01:32 806] tts        657  TTS_MSG_GETAUDIO  0  
[2025/08/10 20:01:32 807] tts        485  get audio|use local  
[2025/08/10 20:01:32 807] tts        527  0  nil  1  
[2025/08/10 20:01:32 808] tts        657  TTS_MSG_GETAUDIO  0  
[2025/08/10 20:01:32 808] tts        485  get audio|use local  
[2025/08/10 20:01:32 808] tts        527  0  nil  1  
[2025/08/10 20:01:32 810] tts        657  TTS_MSG_GETAUDIO  0  
[2025/08/10 20:01:32 811] tts        485  get audio|use local  
[2025/08/10 20:01:32 811] tts        527  0  nil  1  
[2025/08/10 20:01:32 812] tts        657  TTS_MSG_GETAUDIO  0  
[2025/08/10 20:01:32 812] tts        485  get audio|use local  
[2025/08/10 20:01:32 812] tts        527  0  nil  1  
[2025/08/10 20:01:32 813] tts        657  TTS_MSG_GETAUDIO  0  
[2025/08/10 20:01:32 814] tts        485  get audio|use local  
[2025/08/10 20:01:32 814] tts        527  0  nil  1  
[2025/08/10 20:01:32 815] tts        657  TTS_MSG_GETAUDIO  0  
[2025/08/10 20:01:32 815] tts        485  get audio|use local  
[2025/08/10 20:01:32 815] tts        527  0  nil  1  
[2025/08/10 20:01:32 816] tts        657  TTS_MSG_GETAUDIO  0  
[2025/08/10 20:01:32 816] tts        485  get audio|use local  
[2025/08/10 20:01:32 816] tts        527  0  nil  1  
[2025/08/10 20:01:32 817] tts        657  TTS_MSG_GETAUDIO  0  
[2025/08/10 20:01:32 817] tts        485  get audio|use local  
[2025/08/10 20:01:32 817] tts        527  0  nil  1  
[2025/08/10 20:01:32 818] tts        657  TTS_MSG_GETAUDIO  0  
[2025/08/10 20:01:32 818] tts        485  get audio|use local  
[2025/08/10 20:01:32 818] tts        527  0  nil  1  
[2025/08/10 20:01:32 819] tts        657  TTS_MSG_GETAUDIO  0  
[2025/08/10 20:01:32 819] tts        485  get audio|use local  
[2025/08/10 20:01:32 820] tts        527  0  nil  1  
[2025/08/10 20:01:32 820] tts        657  TTS_MSG_GETAUDIO  0  
[2025/08/10 20:01:32 821] tts        485  get audio|use local  
[2025/08/10 20:01:32 821] tts        527  0  nil  1  
[2025/08/10 20:01:32 822] tts        657  TTS_MSG_GETAUDIO  0  
[2025/08/10 20:01:32 822] tts        485  get audio|use local  
[2025/08/10 20:01:32 822] tts        527  0  nil  1  
[2025/08/10 20:01:32 823] tts        657  TTS_MSG_GETAUDIO  0  
[2025/08/10 20:01:32 823] tts        485  get audio|use local  
[2025/08/10 20:01:32 824] tts        527  0  nil  1  
[2025/08/10 20:01:32 824] tts        657  TTS_MSG_GETAUDIO  0  
[2025/08/10 20:01:32 824] tts        485  get audio|use local  
[2025/08/10 20:01:32 825] tts        527  0  nil  1  
[2025/08/10 20:01:32 825] tts        657  TTS_MSG_GETAUDIO  0  
[2025/08/10 20:01:32 825] tts        485  get audio|use local  
[2025/08/10 20:01:32 825] tts        527  0  nil  1  
[2025/08/10 20:01:32 826] tts        657  TTS_MSG_GETAUDIO  0  
[2025/08/10 20:01:32 827] tts        485  get audio|use local  
[2025/08/10 20:01:32 827] tts        527  0  nil  1  
[2025/08/10 20:01:32 828] tts        657  TTS_MSG_GETAUDIO  0  
[2025/08/10 20:01:32 828] tts        485  get audio|use local  
[2025/08/10 20:01:32 828] tts        527  0  nil  1  
[2025/08/10 20:01:32 829] tts        657  TTS_MSG_GETAUDIO  0  
[2025/08/10 20:01:32 829] tts        485  get audio|use local  
[2025/08/10 20:01:32 829] tts        527  0  nil  1  
[2025/08/10 20:01:32 830] tts        657  TTS_MSG_GETAUDIO  0  
[2025/08/10 20:01:32 830] tts        485  get audio|use local  
[2025/08/10 20:01:32 830] tts        527  0  nil  1  
[2025/08/10 20:01:32 831] tts        657  TTS_MSG_GETAUDIO  0  
[2025/08/10 20:01:32 831] tts        485  get audio|use local  
[2025/08/10 20:01:32 831] tts        527  0  nil  1  
[2025/08/10 20:01:32 832] tts        657  TTS_MSG_GETAUDIO  0  
[2025/08/10 20:01:32 832] tts        485  get audio|use local  
[2025/08/10 20:01:32 832] tts        527  0  nil  1  
[2025/08/10 20:01:32 833] tts        657  TTS_MSG_GETAUDIO  0  
[2025/08/10 20:01:32 833] tts        485  get audio|use local  
[2025/08/10 20:01:32 833] tts        527  0  nil  1  
[2025/08/10 20:01:32 833] tts        657  TTS_MSG_GETAUDIO  0  
[2025/08/10 20:01:32 833] tts        485  get audio|use local  
[2025/08/10 20:01:32 834] tts        527  0  nil  1  
[2025/08/10 20:01:32 835] tts        657  TTS_MSG_GETAUDIO  0  
[2025/08/10 20:01:32 835] tts        485  get audio|use local  
[2025/08/10 20:01:32 835] tts        527  0  nil  1  
[2025/08/10 20:01:32 836] tts        657  TTS_MSG_GETAUDIO  0  
[2025/08/10 20:01:32 836] tts        485  get audio|use local  
[2025/08/10 20:01:32 837] tts        527  0  nil  1  
[2025/08/10 20:01:32 837] tts        657  TTS_MSG_GETAUDIO  0  
[2025/08/10 20:01:32 837] tts        485  get audio|use local  
[2025/08/10 20:01:32 838] tts        527  0  nil  1  
[2025/08/10 20:01:32 838] tts        657  TTS_MSG_GETAUDIO  0  
[2025/08/10 20:01:32 838] tts        485  get audio|use local  
[2025/08/10 20:01:32 839] tts        527  0  nil  1  
[2025/08/10 20:01:32 839] tts        657  TTS_MSG_GETAUDIO  0  
[2025/08/10 20:01:32 839] tts        485  get audio|use local  
[2025/08/10 20:01:32 840] tts        527  0  nil  1  
[2025/08/10 20:01:32 841] tts        657  TTS_MSG_GETAUDIO  0  
[2025/08/10 20:01:32 841] tts        485  get audio|use local  
[2025/08/10 20:01:32 841] tts        527  0  nil  1  
[2025/08/10 20:01:32 842] tts        657  TTS_MSG_GETAUDIO  0  
[2025/08/10 20:01:32 842] tts        485  get audio|use local  
[2025/08/10 20:01:32 842] tts        527  0  nil  1  
[2025/08/10 20:01:32 843] tts        657  TTS_MSG_GETAUDIO  0  
[2025/08/10 20:01:32 843] tts        485  get audio|use local  
[2025/08/10 20:01:32 843] tts        527  0  nil  1  
[2025/08/10 20:01:32 844] tts        657  TTS_MSG_GETAUDIO  0  
[2025/08/10 20:01:32 845] tts        485  get audio|use local  
[2025/08/10 20:01:32 845] tts        527  0  nil  1  
[2025/08/10 20:01:32 846] tts        657  TTS_MSG_GETAUDIO  0  
[2025/08/10 20:01:32 846] tts        485  get audio|use local  
[2025/08/10 20:01:32 846] tts        527  0  nil  1  
[2025/08/10 20:01:32 847] tts        657  TTS_MSG_GETAUDIO  0  
[2025/08/10 20:01:32 847] tts        485  get audio|use local  
[2025/08/10 20:01:32 847] tts        527  0  nil  1  
[2025/08/10 20:01:32 848] tts        657  TTS_MSG_GETAUDIO  0  
[2025/08/10 20:01:32 848] tts        485  get audio|use local  
[2025/08/10 20:01:32 849] tts        527  0  nil  1  
[2025/08/10 20:01:32 849] tts        657  TTS_MSG_GETAUDIO  0  
[2025/08/10 20:01:32 850] tts        485  get audio|use local  
[2025/08/10 20:01:32 850] tts        527  0  nil  1  
[2025/08/10 20:01:32 851] tts        657  TTS_MSG_GETAUDIO  0  
[2025/08/10 20:01:32 851] tts        485  get audio|use local  
[2025/08/10 20:01:32 851] tts        527  0  nil  1  
[2025/08/10 20:01:32 853] tts        657  TTS_MSG_GETAUDIO  0  
[2025/08/10 20:01:32 854] tts        485  get audio|use local  
[2025/08/10 20:01:32 854] tts        527  0  nil  1  
[2025/08/10 20:01:32 855] tts        657  TTS_MSG_GETAUDIO  0  
[2025/08/10 20:01:32 855] tts        485  get audio|use local  
[2025/08/10 20:01:32 855] tts        527  0  nil  1  
[2025/08/10 20:01:32 856] tts        657  TTS_MSG_GETAUDIO  0  
[2025/08/10 20:01:32 857] tts        485  get audio|use local  
[2025/08/10 20:01:32 857] tts        527  0  nil  1  
[2025/08/10 20:01:32 857] tts        299  TTS_LOCAL_CB_BEGIN  
[2025/08/10 20:01:32 858] tts        657  TTS_MSG_GETAUDIO  0  
[2025/08/10 20:01:32 858] tts        485  get audio|use local  
[2025/08/10 20:01:32 858] tts        527  0  nil  1  
[2025/08/10 20:01:32 859] tts        657  TTS_MSG_GETAUDIO  0  
[2025/08/10 20:01:32 859] tts        485  get audio|use local  
[2025/08/10 20:01:32 859] tts        527  0  nil  1  
[2025/08/10 20:01:32 860] tts        657  TTS_MSG_GETAUDIO  0  
[2025/08/10 20:01:32 860] tts        485  get audio|use local  
[2025/08/10 20:01:32 860] tts        527  0  nil  1  
[2025/08/10 20:01:32 861] tts        657  TTS_MSG_GETAUDIO  0  
[2025/08/10 20:01:32 861] tts        485  get audio|use local  
[2025/08/10 20:01:32 861] tts        527  0  nil  1  
[2025/08/10 20:01:32 862] tts        657  TTS_MSG_GETAUDIO  0  
[2025/08/10 20:01:32 862] tts        485  get audio|use local  
[2025/08/10 20:01:32 862] tts        527  0  nil  1  
[2025/08/10 20:01:32 862] tts        657  TTS_MSG_GETAUDIO  0  
[2025/08/10 20:01:32 863] tts        485  get audio|use local  
[2025/08/10 20:01:32 863] tts        527  0  nil  1  
[2025/08/10 20:01:32 863] tts        657  TTS_MSG_GETAUDIO  0  
[2025/08/10 20:01:32 863] tts        485  get audio|use local  
[2025/08/10 20:01:32 864] tts        527  0  nil  1  
[2025/08/10 20:01:32 865] tts        657  TTS_MSG_GETAUDIO  0  
[2025/08/10 20:01:32 865] tts        485  get audio|use local  
[2025/08/10 20:01:32 866] tts        498  local audiolen:  2042  ,ced:  31  
[2025/08/10 20:01:32 866] tts        527  0  udata(80070d78) 1  
[2025/08/10 20:01:32 867] tts        657  TTS_MSG_GETAUDIO  0  
[2025/08/10 20:01:32 867] tts        485  get audio|use local  
[2025/08/10 20:01:32 867] tts        498  local audiolen:  2016  ,ced:  31  
[2025/08/10 20:01:32 867] tts        527  0  udata(80070fd8) 1  
[2025/08/10 20:01:32 870] tts        657  TTS_MSG_GETAUDIO  0  
[2025/08/10 20:01:32 870] tts        485  get audio|use local  
[2025/08/10 20:01:32 870] tts        498  local audiolen:  2018  ,ced:  31  
[2025/08/10 20:01:32 870] tts        527  0  udata(80087bc8) 1  
[2025/08/10 20:01:32 872] tts        657  TTS_MSG_GETAUDIO  0  
[2025/08/10 20:01:32 873] tts        485  get audio|use local  
[2025/08/10 20:01:32 873] tts        498  local audiolen:  2018  ,ced:  31  
[2025/08/10 20:01:32 873] tts        527  0  udata(80087e68) 1  
[2025/08/10 20:01:32 875] tts        657  TTS_MSG_GETAUDIO  0  
[2025/08/10 20:01:32 875] tts        485  get audio|use local  
[2025/08/10 20:01:32 875] tts        498  local audiolen:  2034  ,ced:  31  
[2025/08/10 20:01:32 875] tts        527  0  udata(80087d18) 1  
[2025/08/10 20:01:32 875] tts        657  TTS_MSG_GETAUDIO  0  
[2025/08/10 20:01:32 876] tts        485  get audio|use local  
[2025/08/10 20:01:32 876] tts        498  local audiolen:  2046  ,ced:  31  
[2025/08/10 20:01:32 876] tts        527  0  udata(80088048) 1  
[2025/08/10 20:01:32 879] tts        657  TTS_MSG_GETAUDIO  0  
[2025/08/10 20:01:32 879] tts        485  get audio|use local  
[2025/08/10 20:01:32 879] tts        498  local audiolen:  1962  ,ced:  31  
[2025/08/10 20:01:32 879] tts        527  0  udata(80088198) 1  
[2025/08/10 20:01:32 880] tts        657  TTS_MSG_GETAUDIO  0  
[2025/08/10 20:01:32 880] tts        485  get audio|use local  
[2025/08/10 20:01:32 880] tts        498  local audiolen:  2014  ,ced:  31  
[2025/08/10 20:01:32 880] tts        527  0  udata(800882e8) 1  
[2025/08/10 20:01:32 881] tts        657  TTS_MSG_GETAUDIO  0  
[2025/08/10 20:01:32 881] tts        485  get audio|use local  
[2025/08/10 20:01:32 881] tts        527  0  nil  1  
[2025/08/10 20:01:32 890] tts        657  TTS_MSG_GETAUDIO  0  
[2025/08/10 20:01:32 890] tts        485  get audio|use local  
[2025/08/10 20:01:32 891] tts        498  local audiolen:  2036  ,ced:  31  
[2025/08/10 20:01:32 891] tts        527  0  udata(8007e7c8) 1  
[2025/08/10 20:01:32 892] tts        657  TTS_MSG_GETAUDIO  0  
[2025/08/10 20:01:32 892] tts        485  get audio|use local  
[2025/08/10 20:01:32 892] tts        498  local audiolen:  2028  ,ced:  31  
[2025/08/10 20:01:32 894] tts        527  0  udata(8007e818) 1  
[2025/08/10 20:01:32 896] tts        657  TTS_MSG_GETAUDIO  0  
[2025/08/10 20:01:32 896] tts        485  get audio|use local  
[2025/08/10 20:01:32 897] tts        498  local audiolen:  1912  ,ced:  31  
[2025/08/10 20:01:32 897] tts        527  0  udata(8007e748) 1  
[2025/08/10 20:01:32 900] tts        657  TTS_MSG_GETAUDIO  0  
[2025/08/10 20:01:32 900] tts        485  get audio|use local  
[2025/08/10 20:01:32 900] tts        498  local audiolen:  1938  ,ced:  31  
[2025/08/10 20:01:32 900] tts        527  0  udata(8007f918) 1  
[2025/08/10 20:01:32 902] tts        657  TTS_MSG_GETAUDIO  0  
[2025/08/10 20:01:32 902] tts        485  get audio|use local  
[2025/08/10 20:01:32 902] tts        498  local audiolen:  2036  ,ced:  31  
[2025/08/10 20:01:32 902] tts        527  0  udata(8007fa68) 1  
[2025/08/10 20:01:32 903] tts        657  TTS_MSG_GETAUDIO  0  
[2025/08/10 20:01:32 903] tts        485  get audio|use local  
[2025/08/10 20:01:32 903] tts        498  local audiolen:  2016  ,ced:  31  
[2025/08/10 20:01:32 903] tts        527  0  udata(8007fab8) 1  
[2025/08/10 20:01:32 905] tts        657  TTS_MSG_GETAUDIO  0  
[2025/08/10 20:01:32 905] tts        485  get audio|use local  
[2025/08/10 20:01:32 905] tts        498  local audiolen:  2026  ,ced:  31  
[2025/08/10 20:01:32 906] tts        527  0  udata(8007fb08) 1  
[2025/08/10 20:01:32 909] tts        657  TTS_MSG_GETAUDIO  0  
[2025/08/10 20:01:32 909] tts        485  get audio|use local  
[2025/08/10 20:01:32 909] tts        498  local audiolen:  2030  ,ced:  31  
[2025/08/10 20:01:32 909] tts        527  0  udata(8007e0b8) 1  
[2025/08/10 20:01:32 911] tts        657  TTS_MSG_GETAUDIO  0  
[2025/08/10 20:01:32 911] tts        485  get audio|use local  
[2025/08/10 20:01:32 911] tts        498  local audiolen:  1992  ,ced:  31  
[2025/08/10 20:01:32 911] tts        527  0  udata(8006abc8) 1  
[2025/08/10 20:01:32 913] tts        657  TTS_MSG_GETAUDIO  0  
[2025/08/10 20:01:32 913] tts        485  get audio|use local  
[2025/08/10 20:01:32 914] tts        498  local audiolen:  2034  ,ced:  31  
[2025/08/10 20:01:32 914] tts        527  0  udata(8007e308) 1  
[2025/08/10 20:01:32 915] tts        657  TTS_MSG_GETAUDIO  0  
[2025/08/10 20:01:32 915] tts        485  get audio|use local  
[2025/08/10 20:01:32 915] tts        498  local audiolen:  2024  ,ced:  31  
[2025/08/10 20:01:32 916] tts        527  0  udata(8007e458) 1  
[2025/08/10 20:01:32 916] tts        657  TTS_MSG_GETAUDIO  0  
[2025/08/10 20:01:32 916] tts        485  get audio|use local  
[2025/08/10 20:01:32 916] tts        498  local audiolen:  1954  ,ced:  31  
[2025/08/10 20:01:32 916] tts        527  0  udata(8007e4a8) 1  
[2025/08/10 20:01:32 918] tts        657  TTS_MSG_GETAUDIO  0  
[2025/08/10 20:01:32 919] tts        485  get audio|use local  
[2025/08/10 20:01:32 919] tts        498  local audiolen:  2046  ,ced:  31  
[2025/08/10 20:01:32 920] tts        527  0  udata(8007e4f8) 1  
[2025/08/10 20:01:32 922] tts        657  TTS_MSG_GETAUDIO  0  
[2025/08/10 20:01:32 922] tts        485  get audio|use local  
[2025/08/10 20:01:32 922] tts        498  local audiolen:  1958  ,ced:  31  
[2025/08/10 20:01:32 922] tts        527  0  udata(8007f268) 1  
[2025/08/10 20:01:32 924] tts        657  TTS_MSG_GETAUDIO  0  
[2025/08/10 20:01:32 924] tts        485  get audio|use local  
[2025/08/10 20:01:32 924] tts        498  local audiolen:  1998  ,ced:  31  
[2025/08/10 20:01:32 924] tts        527  0  udata(8007f3b8) 1  
[2025/08/10 20:01:32 925] tts        657  TTS_MSG_GETAUDIO  0  
[2025/08/10 20:01:32 925] tts        485  get audio|use local  
[2025/08/10 20:01:32 925] tts        498  local audiolen:  2016  ,ced:  31  
[2025/08/10 20:01:32 925] tts        527  0  udata(8007f408) 1  
[2025/08/10 20:01:32 927] tts        657  TTS_MSG_GETAUDIO  0  
[2025/08/10 20:01:32 927] tts        485  get audio|use local  
[2025/08/10 20:01:32 927] tts        498  local audiolen:  1984  ,ced:  31  
[2025/08/10 20:01:32 928] tts        527  0  udata(8007f458) 1  
[2025/08/10 20:01:32 929] tts        657  TTS_MSG_GETAUDIO  0  
[2025/08/10 20:01:32 930] tts        485  get audio|use local  
[2025/08/10 20:01:32 930] tts        498  local audiolen:  1946  ,ced:  31  
[2025/08/10 20:01:32 930] tts        527  0  udata(8007f6a8) 1  
[2025/08/10 20:01:32 931] tts        657  TTS_MSG_GETAUDIO  0  
[2025/08/10 20:01:32 932] tts        485  get audio|use local  
[2025/08/10 20:01:32 932] tts        498  local audiolen:  2002  ,ced:  31  
[2025/08/10 20:01:32 933] tts        527  0  udata(8007f7f8) 1  
[2025/08/10 20:01:32 934] tts        657  TTS_MSG_GETAUDIO  0  
[2025/08/10 20:01:32 935] tts        485  get audio|use local  
[2025/08/10 20:01:32 935] tts        498  local audiolen:  1994  ,ced:  31  
[2025/08/10 20:01:32 935] tts        527  0  udata(80022858) 1  
[2025/08/10 20:01:32 938] tts        657  TTS_MSG_GETAUDIO  0  
[2025/08/10 20:01:32 938] tts        485  get audio|use local  
[2025/08/10 20:01:32 938] tts        498  local audiolen:  2028  ,ced:  31  
[2025/08/10 20:01:32 938] tts        527  0  udata(80022008) 1  
[2025/08/10 20:01:32 940] tts        657  TTS_MSG_GETAUDIO  0  
[2025/08/10 20:01:32 940] tts        485  get audio|use local  
[2025/08/10 20:01:32 940] tts        498  local audiolen:  2042  ,ced:  31  
[2025/08/10 20:01:32 941] tts        527  0  udata(80022058) 1  
[2025/08/10 20:01:32 943] tts        657  TTS_MSG_GETAUDIO  0  
[2025/08/10 20:01:32 943] tts        485  get audio|use local  
[2025/08/10 20:01:32 943] tts        498  local audiolen:  2018  ,ced:  31  
[2025/08/10 20:01:32 943] tts        527  0  udata(800222a8) 1  
[2025/08/10 20:01:32 945] tts        657  TTS_MSG_GETAUDIO  0  
[2025/08/10 20:01:32 945] tts        485  get audio|use local  
[2025/08/10 20:01:32 945] tts        498  local audiolen:  1950  ,ced:  31  
[2025/08/10 20:01:32 946] tts        527  0  udata(800223f8) 1  
[2025/08/10 20:01:32 948] tts        657  TTS_MSG_GETAUDIO  0  
[2025/08/10 20:01:32 948] tts        485  get audio|use local  
[2025/08/10 20:01:32 948] tts        498  local audiolen:  2028  ,ced:  31  
[2025/08/10 20:01:32 949] tts        527  0  udata(80022548) 1  
[2025/08/10 20:01:32 951] tts        657  TTS_MSG_GETAUDIO  0  
[2025/08/10 20:01:32 951] tts        485  get audio|use local  
[2025/08/10 20:01:32 951] tts        498  local audiolen:  1944  ,ced:  31  
[2025/08/10 20:01:32 951] tts        527  0  udata(80022798) 1  
[2025/08/10 20:01:32 953] tts        657  TTS_MSG_GETAUDIO  0  
[2025/08/10 20:01:32 953] tts        485  get audio|use local  
[2025/08/10 20:01:32 954] tts        498  local audiolen:  2044  ,ced:  31  
[2025/08/10 20:01:32 954] tts        527  0  udata(80022eb8) 1  
[2025/08/10 20:01:32 954] tts        301  0  0  
[2025/08/10 20:01:32 954] tts        312  TTS_LOCAL_CB_END,  2  
[2025/08/10 20:01:32 955] tts        657  TTS_MSG_GETAUDIO  0  
[2025/08/10 20:01:32 955] tts        485  get audio|use local  
[2025/08/10 20:01:32 955] tts        498  local audiolen:  1996  ,ced:  31  
[2025/08/10 20:01:32 955] tts        527  0  udata(800230a8) 1  
[2025/08/10 20:01:32 956] tts        657  TTS_MSG_GETAUDIO  0  
[2025/08/10 20:01:32 956] tts        485  get audio|use local  
[2025/08/10 20:01:32 956] tts        498  local audiolen:  1914  ,ced:  31  
[2025/08/10 20:01:32 956] tts        527  0  udata(800230f8) 1  
[2025/08/10 20:01:32 957] tts        657  TTS_MSG_GETAUDIO  0  
[2025/08/10 20:01:32 957] tts        485  get audio|use local  
[2025/08/10 20:01:32 957] tts        498  local audiolen:  1916  ,ced:  31  
[2025/08/10 20:01:32 958] tts        527  0  udata(80023148) 1  
[2025/08/10 20:01:32 958] tts        657  TTS_MSG_GETAUDIO  0  
[2025/08/10 20:01:32 958] tts        485  get audio|use local  
[2025/08/10 20:01:32 959] tts        498  local audiolen:  1964  ,ced:  31  
[2025/08/10 20:01:32 959] tts        527  0  udata(80023198) 1  
[2025/08/10 20:01:32 960] tts        657  TTS_MSG_GETAUDIO  0  
[2025/08/10 20:01:32 960] tts        485  get audio|use local  
[2025/08/10 20:01:32 960] tts        498  local audiolen:  1996  ,ced:  31  
[2025/08/10 20:01:32 960] tts        527  0  udata(800231e8) 1  
[2025/08/10 20:01:32 961] tts        657  TTS_MSG_GETAUDIO  0  
[2025/08/10 20:01:32 961] tts        485  get audio|use local  
[2025/08/10 20:01:32 961] tts        498  local audiolen:  2016  ,ced:  31  
[2025/08/10 20:01:32 961] tts        527  0  udata(80023238) 1  
[2025/08/10 20:01:32 962] tts        657  TTS_MSG_GETAUDIO  0  
[2025/08/10 20:01:32 962] tts        485  get audio|use local  
[2025/08/10 20:01:32 962] tts        498  local audiolen:  2016  ,ced:  31  
[2025/08/10 20:01:32 962] tts        527  0  udata(80023288) 1  
[2025/08/10 20:01:32 963] tts        657  TTS_MSG_GETAUDIO  0  
[2025/08/10 20:01:32 963] tts        485  get audio|use local  
[2025/08/10 20:01:32 963] tts        498  local audiolen:  576  ,ced:  31  
[2025/08/10 20:01:32 963] tts        527  0  udata(80023528) 2  
[2025/08/10 20:01:32 964] tts        660  TTS_MSG_SSE  
[2025/08/10 20:01:32 965] tts        585  sse|use local  
[2025/08/10 20:01:32 967] tts        603  tts exit  
