============================================================
Time  2025/08/10 20:01:28 389 
============================================================
[2025/08/10 20:01:28 390] tts        676  SYS_MSG_REGCB param0 =  msp_status_cb  param1 =  func(88014a30) 
[2025/08/10 20:01:28 393] config     43   use general cloud  
[2025/08/10 20:01:28 402] tts_cloud  1417 SYS_MSG_REGCB_CLOUD param0 =   msp_status_cb  param1 =  func(88014a30) 
[2025/08/10 20:01:28 403] tts        647  TTS_MSG_SSB  
[2025/08/10 20:01:28 403] tts        375  params =  engine_type = local,voice_name=xiaoyan, text_encoding = UTF8, tts_res_path = fo|res/tts/xiaoyan.jet;fo|res/tts/common.jet, sample_rate = 16000, speed = 50, volume = 80, pitch = 50, rdn = 2  
[2025/08/10 20:01:28 403] tts        412  ssb|use local  
[2025/08/10 20:01:28 403] tts        349  local_session_begin  
[2025/08/10 20:01:28 406] tts        654  TTS_MSG_SYN  0  
[2025/08/10 20:01:28 406] tts        451  synth|use local  
[2025/08/10 20:01:28 408] tts        657  TTS_MSG_GETAUDIO  0  
[2025/08/10 20:01:28 408] tts        485  get audio|use local  
[2025/08/10 20:01:28 408] tts        527  0  nil  1  
[2025/08/10 20:01:28 409] tts        657  TTS_MSG_GETAUDIO  0  
[2025/08/10 20:01:28 409] tts        485  get audio|use local  
[2025/08/10 20:01:28 409] tts        527  0  nil  1  
[2025/08/10 20:01:28 411] tts        657  TTS_MSG_GETAUDIO  0  
[2025/08/10 20:01:28 411] tts        485  get audio|use local  
[2025/08/10 20:01:28 411] tts        527  0  nil  1  
[2025/08/10 20:01:28 412] tts        657  TTS_MSG_GETAUDIO  0  
[2025/08/10 20:01:28 412] tts        485  get audio|use local  
[2025/08/10 20:01:28 412] tts        527  0  nil  1  
[2025/08/10 20:01:28 412] tts        657  TTS_MSG_GETAUDIO  0  
[2025/08/10 20:01:28 413] tts        485  get audio|use local  
[2025/08/10 20:01:28 413] tts        527  0  nil  1  
[2025/08/10 20:01:28 413] tts        657  TTS_MSG_GETAUDIO  0  
[2025/08/10 20:01:28 414] tts        485  get audio|use local  
[2025/08/10 20:01:28 414] tts        527  0  nil  1  
[2025/08/10 20:01:28 415] tts        657  TTS_MSG_GETAUDIO  0  
[2025/08/10 20:01:28 415] tts        485  get audio|use local  
[2025/08/10 20:01:28 415] tts        527  0  nil  1  
[2025/08/10 20:01:28 416] tts        657  TTS_MSG_GETAUDIO  0  
[2025/08/10 20:01:28 416] tts        485  get audio|use local  
[2025/08/10 20:01:28 416] tts        527  0  nil  1  
[2025/08/10 20:01:28 416] tts        657  TTS_MSG_GETAUDIO  0  
[2025/08/10 20:01:28 417] tts        485  get audio|use local  
[2025/08/10 20:01:28 417] tts        527  0  nil  1  
[2025/08/10 20:01:28 417] tts        657  TTS_MSG_GETAUDIO  0  
[2025/08/10 20:01:28 417] tts        485  get audio|use local  
[2025/08/10 20:01:28 417] tts        527  0  nil  1  
[2025/08/10 20:01:28 418] tts        657  TTS_MSG_GETAUDIO  0  
[2025/08/10 20:01:28 419] tts        485  get audio|use local  
[2025/08/10 20:01:28 419] tts        527  0  nil  1  
[2025/08/10 20:01:28 420] tts        657  TTS_MSG_GETAUDIO  0  
[2025/08/10 20:01:28 421] tts        485  get audio|use local  
[2025/08/10 20:01:28 421] tts        527  0  nil  1  
[2025/08/10 20:01:28 422] tts        657  TTS_MSG_GETAUDIO  0  
[2025/08/10 20:01:28 422] tts        485  get audio|use local  
[2025/08/10 20:01:28 422] tts        527  0  nil  1  
[2025/08/10 20:01:28 423] tts        657  TTS_MSG_GETAUDIO  0  
[2025/08/10 20:01:28 423] tts        485  get audio|use local  
[2025/08/10 20:01:28 424] tts        527  0  nil  1  
[2025/08/10 20:01:28 425] tts        657  TTS_MSG_GETAUDIO  0  
[2025/08/10 20:01:28 425] tts        485  get audio|use local  
[2025/08/10 20:01:28 425] tts        527  0  nil  1  
[2025/08/10 20:01:28 426] tts        657  TTS_MSG_GETAUDIO  0  
[2025/08/10 20:01:28 426] tts        485  get audio|use local  
[2025/08/10 20:01:28 426] tts        527  0  nil  1  
[2025/08/10 20:01:28 427] tts        657  TTS_MSG_GETAUDIO  0  
[2025/08/10 20:01:28 427] tts        485  get audio|use local  
[2025/08/10 20:01:28 427] tts        527  0  nil  1  
[2025/08/10 20:01:28 428] tts        657  TTS_MSG_GETAUDIO  0  
[2025/08/10 20:01:28 428] tts        485  get audio|use local  
[2025/08/10 20:01:28 428] tts        527  0  nil  1  
[2025/08/10 20:01:28 429] tts        657  TTS_MSG_GETAUDIO  0  
[2025/08/10 20:01:28 430] tts        485  get audio|use local  
[2025/08/10 20:01:28 430] tts        527  0  nil  1  
[2025/08/10 20:01:28 431] tts        657  TTS_MSG_GETAUDIO  0  
[2025/08/10 20:01:28 431] tts        485  get audio|use local  
[2025/08/10 20:01:28 431] tts        527  0  nil  1  
[2025/08/10 20:01:28 433] tts        657  TTS_MSG_GETAUDIO  0  
[2025/08/10 20:01:28 433] tts        485  get audio|use local  
[2025/08/10 20:01:28 433] tts        527  0  nil  1  
[2025/08/10 20:01:28 434] tts        657  TTS_MSG_GETAUDIO  0  
[2025/08/10 20:01:28 434] tts        485  get audio|use local  
[2025/08/10 20:01:28 434] tts        527  0  nil  1  
[2025/08/10 20:01:28 435] tts        657  TTS_MSG_GETAUDIO  0  
[2025/08/10 20:01:28 435] tts        485  get audio|use local  
[2025/08/10 20:01:28 435] tts        527  0  nil  1  
[2025/08/10 20:01:28 436] tts        657  TTS_MSG_GETAUDIO  0  
[2025/08/10 20:01:28 436] tts        485  get audio|use local  
[2025/08/10 20:01:28 436] tts        527  0  nil  1  
[2025/08/10 20:01:28 437] tts        657  TTS_MSG_GETAUDIO  0  
[2025/08/10 20:01:28 437] tts        485  get audio|use local  
[2025/08/10 20:01:28 437] tts        527  0  nil  1  
[2025/08/10 20:01:28 438] tts        657  TTS_MSG_GETAUDIO  0  
[2025/08/10 20:01:28 438] tts        485  get audio|use local  
[2025/08/10 20:01:28 438] tts        527  0  nil  1  
[2025/08/10 20:01:28 439] tts        657  TTS_MSG_GETAUDIO  0  
[2025/08/10 20:01:28 439] tts        485  get audio|use local  
[2025/08/10 20:01:28 439] tts        527  0  nil  1  
[2025/08/10 20:01:28 440] tts        657  TTS_MSG_GETAUDIO  0  
[2025/08/10 20:01:28 440] tts        485  get audio|use local  
[2025/08/10 20:01:28 440] tts        527  0  nil  1  
[2025/08/10 20:01:28 441] tts        657  TTS_MSG_GETAUDIO  0  
[2025/08/10 20:01:28 441] tts        485  get audio|use local  
[2025/08/10 20:01:28 441] tts        527  0  nil  1  
[2025/08/10 20:01:28 441] tts        657  TTS_MSG_GETAUDIO  0  
[2025/08/10 20:01:28 441] tts        485  get audio|use local  
[2025/08/10 20:01:28 441] tts        527  0  nil  1  
[2025/08/10 20:01:28 442] tts        657  TTS_MSG_GETAUDIO  0  
[2025/08/10 20:01:28 442] tts        485  get audio|use local  
[2025/08/10 20:01:28 442] tts        527  0  nil  1  
[2025/08/10 20:01:28 443] tts        657  TTS_MSG_GETAUDIO  0  
[2025/08/10 20:01:28 443] tts        485  get audio|use local  
[2025/08/10 20:01:28 444] tts        527  0  nil  1  
[2025/08/10 20:01:28 445] tts        657  TTS_MSG_GETAUDIO  0  
[2025/08/10 20:01:28 445] tts        485  get audio|use local  
[2025/08/10 20:01:28 445] tts        527  0  nil  1  
[2025/08/10 20:01:28 446] tts        657  TTS_MSG_GETAUDIO  0  
[2025/08/10 20:01:28 446] tts        485  get audio|use local  
[2025/08/10 20:01:28 446] tts        527  0  nil  1  
[2025/08/10 20:01:28 447] tts        657  TTS_MSG_GETAUDIO  0  
[2025/08/10 20:01:28 447] tts        485  get audio|use local  
[2025/08/10 20:01:28 447] tts        527  0  nil  1  
[2025/08/10 20:01:28 448] tts        657  TTS_MSG_GETAUDIO  0  
[2025/08/10 20:01:28 448] tts        485  get audio|use local  
[2025/08/10 20:01:28 448] tts        527  0  nil  1  
[2025/08/10 20:01:28 449] tts        657  TTS_MSG_GETAUDIO  0  
[2025/08/10 20:01:28 449] tts        485  get audio|use local  
[2025/08/10 20:01:28 450] tts        527  0  nil  1  
[2025/08/10 20:01:28 451] tts        657  TTS_MSG_GETAUDIO  0  
[2025/08/10 20:01:28 451] tts        485  get audio|use local  
[2025/08/10 20:01:28 451] tts        527  0  nil  1  
[2025/08/10 20:01:28 452] tts        657  TTS_MSG_GETAUDIO  0  
[2025/08/10 20:01:28 453] tts        485  get audio|use local  
[2025/08/10 20:01:28 453] tts        527  0  nil  1  
[2025/08/10 20:01:28 454] tts        657  TTS_MSG_GETAUDIO  0  
[2025/08/10 20:01:28 454] tts        485  get audio|use local  
[2025/08/10 20:01:28 454] tts        527  0  nil  1  
[2025/08/10 20:01:28 455] tts        657  TTS_MSG_GETAUDIO  0  
[2025/08/10 20:01:28 455] tts        485  get audio|use local  
[2025/08/10 20:01:28 456] tts        527  0  nil  1  
[2025/08/10 20:01:28 458] tts        657  TTS_MSG_GETAUDIO  0  
[2025/08/10 20:01:28 459] tts        485  get audio|use local  
[2025/08/10 20:01:28 459] tts        527  0  nil  1  
[2025/08/10 20:01:28 459] tts        657  TTS_MSG_GETAUDIO  0  
[2025/08/10 20:01:28 460] tts        485  get audio|use local  
[2025/08/10 20:01:28 460] tts        527  0  nil  1  
[2025/08/10 20:01:28 461] tts        657  TTS_MSG_GETAUDIO  0  
[2025/08/10 20:01:28 461] tts        485  get audio|use local  
[2025/08/10 20:01:28 461] tts        527  0  nil  1  
[2025/08/10 20:01:28 462] tts        657  TTS_MSG_GETAUDIO  0  
[2025/08/10 20:01:28 462] tts        485  get audio|use local  
[2025/08/10 20:01:28 463] tts        527  0  nil  1  
[2025/08/10 20:01:28 465] tts        657  TTS_MSG_GETAUDIO  0  
[2025/08/10 20:01:28 465] tts        485  get audio|use local  
[2025/08/10 20:01:28 465] tts        527  0  nil  1  
[2025/08/10 20:01:28 468] tts        657  TTS_MSG_GETAUDIO  0  
[2025/08/10 20:01:28 468] tts        485  get audio|use local  
[2025/08/10 20:01:28 468] tts        527  0  nil  1  
[2025/08/10 20:01:28 471] tts        657  TTS_MSG_GETAUDIO  0  
[2025/08/10 20:01:28 471] tts        485  get audio|use local  
[2025/08/10 20:01:28 471] tts        527  0  nil  1  
[2025/08/10 20:01:28 471] tts        299  TTS_LOCAL_CB_BEGIN  
[2025/08/10 20:01:28 472] tts        657  TTS_MSG_GETAUDIO  0  
[2025/08/10 20:01:28 472] tts        485  get audio|use local  
[2025/08/10 20:01:28 472] tts        527  0  nil  1  
[2025/08/10 20:01:28 474] tts        657  TTS_MSG_GETAUDIO  0  
[2025/08/10 20:01:28 474] tts        485  get audio|use local  
[2025/08/10 20:01:28 474] tts        527  0  nil  1  
[2025/08/10 20:01:28 475] tts        657  TTS_MSG_GETAUDIO  0  
[2025/08/10 20:01:28 475] tts        485  get audio|use local  
[2025/08/10 20:01:28 475] tts        527  0  nil  1  
[2025/08/10 20:01:28 476] tts        657  TTS_MSG_GETAUDIO  0  
[2025/08/10 20:01:28 476] tts        485  get audio|use local  
[2025/08/10 20:01:28 476] tts        527  0  nil  1  
[2025/08/10 20:01:28 478] tts        657  TTS_MSG_GETAUDIO  0  
[2025/08/10 20:01:28 478] tts        485  get audio|use local  
[2025/08/10 20:01:28 478] tts        527  0  nil  1  
[2025/08/10 20:01:28 483] tts        657  TTS_MSG_GETAUDIO  0  
[2025/08/10 20:01:28 483] tts        485  get audio|use local  
[2025/08/10 20:01:28 483] tts        498  local audiolen:  2042  ,ced:  15  
[2025/08/10 20:01:28 483] tts        527  0  udata(8807f2e8) 1  
[2025/08/10 20:01:28 485] tts        657  TTS_MSG_GETAUDIO  0  
[2025/08/10 20:01:28 485] tts        485  get audio|use local  
[2025/08/10 20:01:28 485] tts        498  local audiolen:  2016  ,ced:  15  
[2025/08/10 20:01:28 485] tts        527  0  udata(8807f558) 1  
[2025/08/10 20:01:28 487] tts        657  TTS_MSG_GETAUDIO  0  
[2025/08/10 20:01:28 487] tts        485  get audio|use local  
[2025/08/10 20:01:28 487] tts        498  local audiolen:  1964  ,ced:  15  
[2025/08/10 20:01:28 487] tts        527  0  udata(88088058) 1  
[2025/08/10 20:01:28 490] tts        657  TTS_MSG_GETAUDIO  0  
[2025/08/10 20:01:28 490] tts        485  get audio|use local  
[2025/08/10 20:01:28 490] tts        498  local audiolen:  1916  ,ced:  15  
[2025/08/10 20:01:28 490] tts        527  0  udata(88087df8) 1  
[2025/08/10 20:01:28 491] tts        657  TTS_MSG_GETAUDIO  0  
[2025/08/10 20:01:28 491] tts        485  get audio|use local  
[2025/08/10 20:01:28 492] tts        498  local audiolen:  2018  ,ced:  15  
[2025/08/10 20:01:28 492] tts        527  0  udata(88087668) 1  
[2025/08/10 20:01:28 495] tts        657  TTS_MSG_GETAUDIO  0  
[2025/08/10 20:01:28 495] tts        485  get audio|use local  
[2025/08/10 20:01:28 495] tts        498  local audiolen:  2008  ,ced:  15  
[2025/08/10 20:01:28 496] tts        527  0  udata(8807f068) 1  
[2025/08/10 20:01:28 498] tts        657  TTS_MSG_GETAUDIO  0  
[2025/08/10 20:01:28 498] tts        485  get audio|use local  
[2025/08/10 20:01:28 498] tts        498  local audiolen:  2046  ,ced:  15  
[2025/08/10 20:01:28 499] tts        527  0  udata(88087978) 1  
[2025/08/10 20:01:28 500] tts        657  TTS_MSG_GETAUDIO  0  
[2025/08/10 20:01:28 500] tts        485  get audio|use local  
[2025/08/10 20:01:28 501] tts        498  local audiolen:  1972  ,ced:  15  
[2025/08/10 20:01:28 501] tts        527  0  udata(88087bc8) 1  
[2025/08/10 20:01:28 504] tts        657  TTS_MSG_GETAUDIO  0  
[2025/08/10 20:01:28 504] tts        485  get audio|use local  
[2025/08/10 20:01:28 505] tts        498  local audiolen:  1934  ,ced:  15  
[2025/08/10 20:01:28 505] tts        527  0  udata(8807d6d8) 1  
[2025/08/10 20:01:28 507] tts        657  TTS_MSG_GETAUDIO  0  
[2025/08/10 20:01:28 508] tts        485  get audio|use local  
[2025/08/10 20:01:28 508] tts        498  local audiolen:  2016  ,ced:  15  
[2025/08/10 20:01:28 508] tts        527  0  udata(8807dbe8) 1  
[2025/08/10 20:01:28 510] tts        657  TTS_MSG_GETAUDIO  0  
[2025/08/10 20:01:28 510] tts        485  get audio|use local  
[2025/08/10 20:01:28 511] tts        498  local audiolen:  2036  ,ced:  15  
[2025/08/10 20:01:28 511] tts        527  0  udata(8807e758) 1  
[2025/08/10 20:01:28 513] tts        657  TTS_MSG_GETAUDIO  0  
[2025/08/10 20:01:28 513] tts        485  get audio|use local  
[2025/08/10 20:01:28 513] tts        498  local audiolen:  1944  ,ced:  15  
[2025/08/10 20:01:28 513] tts        527  0  udata(8807e9a8) 1  
[2025/08/10 20:01:28 514] tts        301  0  0  
[2025/08/10 20:01:28 514] tts        312  TTS_LOCAL_CB_END,  2  
[2025/08/10 20:01:28 514] tts        657  TTS_MSG_GETAUDIO  0  
[2025/08/10 20:01:28 514] tts        485  get audio|use local  
[2025/08/10 20:01:28 514] tts        498  local audiolen:  1958  ,ced:  15  
[2025/08/10 20:01:28 514] tts        527  0  udata(8807eb98) 1  
[2025/08/10 20:01:28 515] tts        657  TTS_MSG_GETAUDIO  0  
[2025/08/10 20:01:28 515] tts        485  get audio|use local  
[2025/08/10 20:01:28 515] tts        498  local audiolen:  2016  ,ced:  15  
[2025/08/10 20:01:28 515] tts        527  0  udata(8807ebe8) 1  
[2025/08/10 20:01:28 516] tts        657  TTS_MSG_GETAUDIO  0  
[2025/08/10 20:01:28 516] tts        485  get audio|use local  
[2025/08/10 20:01:28 516] tts        498  local audiolen:  2016  ,ced:  15  
[2025/08/10 20:01:28 516] tts        527  0  udata(8807ec38) 1  
[2025/08/10 20:01:28 517] tts        657  TTS_MSG_GETAUDIO  0  
[2025/08/10 20:01:28 517] tts        485  get audio|use local  
[2025/08/10 20:01:28 517] tts        498  local audiolen:  1976  ,ced:  15  
[2025/08/10 20:01:28 517] tts        527  0  udata(8807ec88) 1  
[2025/08/10 20:01:28 518] tts        657  TTS_MSG_GETAUDIO  0  
[2025/08/10 20:01:28 518] tts        485  get audio|use local  
[2025/08/10 20:01:28 518] tts        498  local audiolen:  1932  ,ced:  15  
[2025/08/10 20:01:28 518] tts        527  0  udata(8807e608) 1  
[2025/08/10 20:01:28 518] tts        657  TTS_MSG_GETAUDIO  0  
[2025/08/10 20:01:28 519] tts        485  get audio|use local  
[2025/08/10 20:01:28 519] tts        498  local audiolen:  2022  ,ced:  15  
[2025/08/10 20:01:28 519] tts        527  0  udata(8807ecd8) 1  
[2025/08/10 20:01:28 519] tts        657  TTS_MSG_GETAUDIO  0  
[2025/08/10 20:01:28 519] tts        485  get audio|use local  
[2025/08/10 20:01:28 520] tts        498  local audiolen:  1996  ,ced:  15  
[2025/08/10 20:01:28 520] tts        527  0  udata(8807ed28) 1  
[2025/08/10 20:01:28 520] tts        657  TTS_MSG_GETAUDIO  0  
[2025/08/10 20:01:28 520] tts        485  get audio|use local  
[2025/08/10 20:01:28 520] tts        498  local audiolen:  2030  ,ced:  15  
[2025/08/10 20:01:28 521] tts        527  0  udata(8807de68) 1  
[2025/08/10 20:01:28 521] tts        657  TTS_MSG_GETAUDIO  0  
[2025/08/10 20:01:28 521] tts        485  get audio|use local  
[2025/08/10 20:01:28 521] tts        498  local audiolen:  2006  ,ced:  15  
[2025/08/10 20:01:28 521] tts        527  0  udata(8807deb8) 1  
[2025/08/10 20:01:28 522] tts        657  TTS_MSG_GETAUDIO  0  
[2025/08/10 20:01:28 522] tts        485  get audio|use local  
[2025/08/10 20:01:28 522] tts        498  local audiolen:  2016  ,ced:  15  
[2025/08/10 20:01:28 522] tts        527  0  udata(8807df08) 1  
[2025/08/10 20:01:28 523] tts        657  TTS_MSG_GETAUDIO  0  
[2025/08/10 20:01:28 523] tts        485  get audio|use local  
[2025/08/10 20:01:28 523] tts        498  local audiolen:  2016  ,ced:  15  
[2025/08/10 20:01:28 523] tts        527  0  udata(8807df58) 1  
[2025/08/10 20:01:28 524] tts        657  TTS_MSG_GETAUDIO  0  
[2025/08/10 20:01:28 525] tts        485  get audio|use local  
[2025/08/10 20:01:28 525] tts        498  local audiolen:  960  ,ced:  15  
[2025/08/10 20:01:28 525] tts        527  0  udata(8807e378) 2  
[2025/08/10 20:01:28 526] tts        660  TTS_MSG_SSE  
[2025/08/10 20:01:28 528] tts        585  sse|use local  
[2025/08/10 20:01:28 530] tts        603  tts exit  
