============================================================
Time  2025/08/10 20:00:33 107 
============================================================
[2025/08/10 20:00:33 107] tts        676  SYS_MSG_REGCB param0 =  msp_status_cb  param1 =  func(6c014a30) 
[2025/08/10 20:00:33 112] config     43   use general cloud  
[2025/08/10 20:00:33 122] tts_cloud  1417 SYS_MSG_REGCB_CLOUD param0 =   msp_status_cb  param1 =  func(6c014a30) 
[2025/08/10 20:00:33 123] tts        647  TTS_MSG_SSB  
[2025/08/10 20:00:33 123] tts        375  params =  engine_type = local,voice_name=xiaoyan, text_encoding = UTF8, tts_res_path = fo|res/tts/xiaoyan.jet;fo|res/tts/common.jet, sample_rate = 16000, speed = 50, volume = 80, pitch = 50, rdn = 2  
[2025/08/10 20:00:33 123] tts        412  ssb|use local  
[2025/08/10 20:00:33 123] tts        349  local_session_begin  
[2025/08/10 20:00:33 127] tts        654  TTS_MSG_SYN  0  
[2025/08/10 20:00:33 127] tts        451  synth|use local  
[2025/08/10 20:00:33 129] tts        657  TTS_MSG_GETAUDIO  0  
[2025/08/10 20:00:33 129] tts        485  get audio|use local  
[2025/08/10 20:00:33 129] tts        527  0  nil  1  
[2025/08/10 20:00:33 130] tts        657  TTS_MSG_GETAUDIO  0  
[2025/08/10 20:00:33 130] tts        485  get audio|use local  
[2025/08/10 20:00:33 130] tts        527  0  nil  1  
[2025/08/10 20:00:33 132] tts        657  TTS_MSG_GETAUDIO  0  
[2025/08/10 20:00:33 132] tts        485  get audio|use local  
[2025/08/10 20:00:33 132] tts        527  0  nil  1  
[2025/08/10 20:00:33 133] tts        657  TTS_MSG_GETAUDIO  0  
[2025/08/10 20:00:33 133] tts        485  get audio|use local  
[2025/08/10 20:00:33 133] tts        527  0  nil  1  
[2025/08/10 20:00:33 135] tts        657  TTS_MSG_GETAUDIO  0  
[2025/08/10 20:00:33 135] tts        485  get audio|use local  
[2025/08/10 20:00:33 135] tts        527  0  nil  1  
[2025/08/10 20:00:33 136] tts        657  TTS_MSG_GETAUDIO  0  
[2025/08/10 20:00:33 136] tts        485  get audio|use local  
[2025/08/10 20:00:33 137] tts        527  0  nil  1  
[2025/08/10 20:00:33 137] tts        657  TTS_MSG_GETAUDIO  0  
[2025/08/10 20:00:33 138] tts        485  get audio|use local  
[2025/08/10 20:00:33 138] tts        527  0  nil  1  
[2025/08/10 20:00:33 139] tts        657  TTS_MSG_GETAUDIO  0  
[2025/08/10 20:00:33 139] tts        485  get audio|use local  
[2025/08/10 20:00:33 139] tts        527  0  nil  1  
[2025/08/10 20:00:33 140] tts        657  TTS_MSG_GETAUDIO  0  
[2025/08/10 20:00:33 140] tts        485  get audio|use local  
[2025/08/10 20:00:33 140] tts        527  0  nil  1  
[2025/08/10 20:00:33 144] tts        657  TTS_MSG_GETAUDIO  0  
[2025/08/10 20:00:33 144] tts        485  get audio|use local  
[2025/08/10 20:00:33 144] tts        527  0  nil  1  
[2025/08/10 20:00:33 146] tts        657  TTS_MSG_GETAUDIO  0  
[2025/08/10 20:00:33 146] tts        485  get audio|use local  
[2025/08/10 20:00:33 146] tts        527  0  nil  1  
[2025/08/10 20:00:33 147] tts        657  TTS_MSG_GETAUDIO  0  
[2025/08/10 20:00:33 147] tts        485  get audio|use local  
[2025/08/10 20:00:33 147] tts        527  0  nil  1  
[2025/08/10 20:00:33 149] tts        657  TTS_MSG_GETAUDIO  0  
[2025/08/10 20:00:33 149] tts        485  get audio|use local  
[2025/08/10 20:00:33 149] tts        527  0  nil  1  
[2025/08/10 20:00:33 150] tts        657  TTS_MSG_GETAUDIO  0  
[2025/08/10 20:00:33 150] tts        485  get audio|use local  
[2025/08/10 20:00:33 150] tts        527  0  nil  1  
[2025/08/10 20:00:33 151] tts        657  TTS_MSG_GETAUDIO  0  
[2025/08/10 20:00:33 151] tts        485  get audio|use local  
[2025/08/10 20:00:33 152] tts        527  0  nil  1  
[2025/08/10 20:00:33 153] tts        657  TTS_MSG_GETAUDIO  0  
[2025/08/10 20:00:33 153] tts        485  get audio|use local  
[2025/08/10 20:00:33 153] tts        527  0  nil  1  
[2025/08/10 20:00:33 154] tts        657  TTS_MSG_GETAUDIO  0  
[2025/08/10 20:00:33 154] tts        485  get audio|use local  
[2025/08/10 20:00:33 154] tts        527  0  nil  1  
[2025/08/10 20:00:33 155] tts        657  TTS_MSG_GETAUDIO  0  
[2025/08/10 20:00:33 156] tts        485  get audio|use local  
[2025/08/10 20:00:33 156] tts        527  0  nil  1  
[2025/08/10 20:00:33 157] tts        657  TTS_MSG_GETAUDIO  0  
[2025/08/10 20:00:33 157] tts        485  get audio|use local  
[2025/08/10 20:00:33 157] tts        527  0  nil  1  
[2025/08/10 20:00:33 158] tts        657  TTS_MSG_GETAUDIO  0  
[2025/08/10 20:00:33 158] tts        485  get audio|use local  
[2025/08/10 20:00:33 158] tts        527  0  nil  1  
[2025/08/10 20:00:33 159] tts        657  TTS_MSG_GETAUDIO  0  
[2025/08/10 20:00:33 159] tts        485  get audio|use local  
[2025/08/10 20:00:33 159] tts        527  0  nil  1  
[2025/08/10 20:00:33 160] tts        657  TTS_MSG_GETAUDIO  0  
[2025/08/10 20:00:33 160] tts        485  get audio|use local  
[2025/08/10 20:00:33 160] tts        527  0  nil  1  
[2025/08/10 20:00:33 161] tts        657  TTS_MSG_GETAUDIO  0  
[2025/08/10 20:00:33 161] tts        485  get audio|use local  
[2025/08/10 20:00:33 161] tts        527  0  nil  1  
[2025/08/10 20:00:33 162] tts        657  TTS_MSG_GETAUDIO  0  
[2025/08/10 20:00:33 162] tts        485  get audio|use local  
[2025/08/10 20:00:33 162] tts        527  0  nil  1  
[2025/08/10 20:00:33 163] tts        657  TTS_MSG_GETAUDIO  0  
[2025/08/10 20:00:33 163] tts        485  get audio|use local  
[2025/08/10 20:00:33 163] tts        527  0  nil  1  
[2025/08/10 20:00:33 164] tts        657  TTS_MSG_GETAUDIO  0  
[2025/08/10 20:00:33 164] tts        485  get audio|use local  
[2025/08/10 20:00:33 165] tts        527  0  nil  1  
[2025/08/10 20:00:33 166] tts        657  TTS_MSG_GETAUDIO  0  
[2025/08/10 20:00:33 166] tts        485  get audio|use local  
[2025/08/10 20:00:33 166] tts        527  0  nil  1  
[2025/08/10 20:00:33 167] tts        657  TTS_MSG_GETAUDIO  0  
[2025/08/10 20:00:33 167] tts        485  get audio|use local  
[2025/08/10 20:00:33 167] tts        527  0  nil  1  
[2025/08/10 20:00:33 168] tts        657  TTS_MSG_GETAUDIO  0  
[2025/08/10 20:00:33 168] tts        485  get audio|use local  
[2025/08/10 20:00:33 168] tts        527  0  nil  1  
[2025/08/10 20:00:33 169] tts        657  TTS_MSG_GETAUDIO  0  
[2025/08/10 20:00:33 169] tts        485  get audio|use local  
[2025/08/10 20:00:33 169] tts        527  0  nil  1  
[2025/08/10 20:00:33 170] tts        657  TTS_MSG_GETAUDIO  0  
[2025/08/10 20:00:33 170] tts        485  get audio|use local  
[2025/08/10 20:00:33 170] tts        527  0  nil  1  
[2025/08/10 20:00:33 171] tts        657  TTS_MSG_GETAUDIO  0  
[2025/08/10 20:00:33 171] tts        485  get audio|use local  
[2025/08/10 20:00:33 172] tts        527  0  nil  1  
[2025/08/10 20:00:33 172] tts        657  TTS_MSG_GETAUDIO  0  
[2025/08/10 20:00:33 172] tts        485  get audio|use local  
[2025/08/10 20:00:33 173] tts        527  0  nil  1  
[2025/08/10 20:00:33 173] tts        657  TTS_MSG_GETAUDIO  0  
[2025/08/10 20:00:33 173] tts        485  get audio|use local  
[2025/08/10 20:00:33 174] tts        527  0  nil  1  
[2025/08/10 20:00:33 174] tts        657  TTS_MSG_GETAUDIO  0  
[2025/08/10 20:00:33 174] tts        485  get audio|use local  
[2025/08/10 20:00:33 174] tts        527  0  nil  1  
[2025/08/10 20:00:33 175] tts        657  TTS_MSG_GETAUDIO  0  
[2025/08/10 20:00:33 175] tts        485  get audio|use local  
[2025/08/10 20:00:33 175] tts        527  0  nil  1  
[2025/08/10 20:00:33 176] tts        657  TTS_MSG_GETAUDIO  0  
[2025/08/10 20:00:33 176] tts        485  get audio|use local  
[2025/08/10 20:00:33 176] tts        527  0  nil  1  
[2025/08/10 20:00:33 177] tts        657  TTS_MSG_GETAUDIO  0  
[2025/08/10 20:00:33 177] tts        485  get audio|use local  
[2025/08/10 20:00:33 178] tts        527  0  nil  1  
[2025/08/10 20:00:33 178] tts        657  TTS_MSG_GETAUDIO  0  
[2025/08/10 20:00:33 179] tts        485  get audio|use local  
[2025/08/10 20:00:33 179] tts        527  0  nil  1  
[2025/08/10 20:00:33 180] tts        657  TTS_MSG_GETAUDIO  0  
[2025/08/10 20:00:33 180] tts        485  get audio|use local  
[2025/08/10 20:00:33 180] tts        527  0  nil  1  
[2025/08/10 20:00:33 181] tts        657  TTS_MSG_GETAUDIO  0  
[2025/08/10 20:00:33 181] tts        485  get audio|use local  
[2025/08/10 20:00:33 181] tts        527  0  nil  1  
[2025/08/10 20:00:33 181] tts        657  TTS_MSG_GETAUDIO  0  
[2025/08/10 20:00:33 182] tts        485  get audio|use local  
[2025/08/10 20:00:33 182] tts        527  0  nil  1  
[2025/08/10 20:00:33 183] tts        657  TTS_MSG_GETAUDIO  0  
[2025/08/10 20:00:33 183] tts        485  get audio|use local  
[2025/08/10 20:00:33 183] tts        527  0  nil  1  
[2025/08/10 20:00:33 184] tts        657  TTS_MSG_GETAUDIO  0  
[2025/08/10 20:00:33 184] tts        485  get audio|use local  
[2025/08/10 20:00:33 184] tts        527  0  nil  1  
[2025/08/10 20:00:33 185] tts        657  TTS_MSG_GETAUDIO  0  
[2025/08/10 20:00:33 185] tts        485  get audio|use local  
[2025/08/10 20:00:33 185] tts        527  0  nil  1  
[2025/08/10 20:00:33 186] tts        657  TTS_MSG_GETAUDIO  0  
[2025/08/10 20:00:33 186] tts        485  get audio|use local  
[2025/08/10 20:00:33 186] tts        527  0  nil  1  
[2025/08/10 20:00:33 187] tts        657  TTS_MSG_GETAUDIO  0  
[2025/08/10 20:00:33 187] tts        485  get audio|use local  
[2025/08/10 20:00:33 188] tts        527  0  nil  1  
[2025/08/10 20:00:33 189] tts        657  TTS_MSG_GETAUDIO  0  
[2025/08/10 20:00:33 189] tts        485  get audio|use local  
[2025/08/10 20:00:33 189] tts        527  0  nil  1  
[2025/08/10 20:00:33 190] tts        657  TTS_MSG_GETAUDIO  0  
[2025/08/10 20:00:33 190] tts        485  get audio|use local  
[2025/08/10 20:00:33 190] tts        527  0  nil  1  
[2025/08/10 20:00:33 191] tts        657  TTS_MSG_GETAUDIO  0  
[2025/08/10 20:00:33 191] tts        485  get audio|use local  
[2025/08/10 20:00:33 191] tts        527  0  nil  1  
[2025/08/10 20:00:33 192] tts        657  TTS_MSG_GETAUDIO  0  
[2025/08/10 20:00:33 192] tts        485  get audio|use local  
[2025/08/10 20:00:33 192] tts        527  0  nil  1  
[2025/08/10 20:00:33 193] tts        657  TTS_MSG_GETAUDIO  0  
[2025/08/10 20:00:33 193] tts        485  get audio|use local  
[2025/08/10 20:00:33 193] tts        527  0  nil  1  
[2025/08/10 20:00:33 195] tts        657  TTS_MSG_GETAUDIO  0  
[2025/08/10 20:00:33 195] tts        485  get audio|use local  
[2025/08/10 20:00:33 195] tts        527  0  nil  1  
[2025/08/10 20:00:33 196] tts        657  TTS_MSG_GETAUDIO  0  
[2025/08/10 20:00:33 196] tts        485  get audio|use local  
[2025/08/10 20:00:33 197] tts        527  0  nil  1  
[2025/08/10 20:00:33 198] tts        657  TTS_MSG_GETAUDIO  0  
[2025/08/10 20:00:33 198] tts        485  get audio|use local  
[2025/08/10 20:00:33 198] tts        527  0  nil  1  
[2025/08/10 20:00:33 200] tts        657  TTS_MSG_GETAUDIO  0  
[2025/08/10 20:00:33 200] tts        485  get audio|use local  
[2025/08/10 20:00:33 200] tts        527  0  nil  1  
[2025/08/10 20:00:33 201] tts        657  TTS_MSG_GETAUDIO  0  
[2025/08/10 20:00:33 201] tts        485  get audio|use local  
[2025/08/10 20:00:33 201] tts        527  0  nil  1  
[2025/08/10 20:00:33 203] tts        657  TTS_MSG_GETAUDIO  0  
[2025/08/10 20:00:33 203] tts        485  get audio|use local  
[2025/08/10 20:00:33 203] tts        527  0  nil  1  
[2025/08/10 20:00:33 204] tts        657  TTS_MSG_GETAUDIO  0  
[2025/08/10 20:00:33 204] tts        485  get audio|use local  
[2025/08/10 20:00:33 204] tts        527  0  nil  1  
[2025/08/10 20:00:33 206] tts        657  TTS_MSG_GETAUDIO  0  
[2025/08/10 20:00:33 206] tts        485  get audio|use local  
[2025/08/10 20:00:33 206] tts        527  0  nil  1  
[2025/08/10 20:00:33 207] tts        657  TTS_MSG_GETAUDIO  0  
[2025/08/10 20:00:33 207] tts        485  get audio|use local  
[2025/08/10 20:00:33 207] tts        527  0  nil  1  
[2025/08/10 20:00:33 208] tts        657  TTS_MSG_GETAUDIO  0  
[2025/08/10 20:00:33 208] tts        485  get audio|use local  
[2025/08/10 20:00:33 208] tts        527  0  nil  1  
[2025/08/10 20:00:33 209] tts        657  TTS_MSG_GETAUDIO  0  
[2025/08/10 20:00:33 209] tts        485  get audio|use local  
[2025/08/10 20:00:33 209] tts        527  0  nil  1  
[2025/08/10 20:00:33 210] tts        657  TTS_MSG_GETAUDIO  0  
[2025/08/10 20:00:33 210] tts        485  get audio|use local  
[2025/08/10 20:00:33 210] tts        527  0  nil  1  
[2025/08/10 20:00:33 211] tts        657  TTS_MSG_GETAUDIO  0  
[2025/08/10 20:00:33 211] tts        485  get audio|use local  
[2025/08/10 20:00:33 211] tts        527  0  nil  1  
[2025/08/10 20:00:33 212] tts        657  TTS_MSG_GETAUDIO  0  
[2025/08/10 20:00:33 212] tts        485  get audio|use local  
[2025/08/10 20:00:33 212] tts        527  0  nil  1  
[2025/08/10 20:00:33 212] tts        657  TTS_MSG_GETAUDIO  0  
[2025/08/10 20:00:33 212] tts        485  get audio|use local  
[2025/08/10 20:00:33 213] tts        527  0  nil  1  
[2025/08/10 20:00:33 213] tts        657  TTS_MSG_GETAUDIO  0  
[2025/08/10 20:00:33 213] tts        485  get audio|use local  
[2025/08/10 20:00:33 213] tts        527  0  nil  1  
[2025/08/10 20:00:33 214] tts        657  TTS_MSG_GETAUDIO  0  
[2025/08/10 20:00:33 214] tts        485  get audio|use local  
[2025/08/10 20:00:33 215] tts        527  0  nil  1  
[2025/08/10 20:00:33 217] tts        299  TTS_LOCAL_CB_BEGIN  
[2025/08/10 20:00:33 218] tts        657  TTS_MSG_GETAUDIO  0  
[2025/08/10 20:00:33 219] tts        485  get audio|use local  
[2025/08/10 20:00:33 219] tts        527  0  nil  1  
[2025/08/10 20:00:33 220] tts        657  TTS_MSG_GETAUDIO  0  
[2025/08/10 20:00:33 220] tts        485  get audio|use local  
[2025/08/10 20:00:33 221] tts        527  0  nil  1  
[2025/08/10 20:00:33 223] tts        657  TTS_MSG_GETAUDIO  0  
[2025/08/10 20:00:33 223] tts        485  get audio|use local  
[2025/08/10 20:00:33 223] tts        527  0  nil  1  
[2025/08/10 20:00:33 224] tts        657  TTS_MSG_GETAUDIO  0  
[2025/08/10 20:00:33 224] tts        485  get audio|use local  
[2025/08/10 20:00:33 224] tts        527  0  nil  1  
[2025/08/10 20:00:33 226] tts        657  TTS_MSG_GETAUDIO  0  
[2025/08/10 20:00:33 226] tts        485  get audio|use local  
[2025/08/10 20:00:33 226] tts        498  local audiolen:  2042  ,ced:  16  
[2025/08/10 20:00:33 227] tts        527  0  udata(6c07cd68) 1  
[2025/08/10 20:00:33 232] tts        657  TTS_MSG_GETAUDIO  0  
[2025/08/10 20:00:33 232] tts        485  get audio|use local  
[2025/08/10 20:00:33 232] tts        498  local audiolen:  2016  ,ced:  16  
[2025/08/10 20:00:33 232] tts        527  0  udata(6c07cfc8) 1  
[2025/08/10 20:00:33 238] tts        657  TTS_MSG_GETAUDIO  0  
[2025/08/10 20:00:33 238] tts        485  get audio|use local  
[2025/08/10 20:00:33 238] tts        498  local audiolen:  1970  ,ced:  16  
[2025/08/10 20:00:33 238] tts        527  0  udata(6c07ef38) 1  
[2025/08/10 20:00:33 239] tts        657  TTS_MSG_GETAUDIO  0  
[2025/08/10 20:00:33 240] tts        485  get audio|use local  
[2025/08/10 20:00:33 240] tts        498  local audiolen:  1900  ,ced:  16  
[2025/08/10 20:00:33 240] tts        527  0  udata(6c07e5a8) 1  
[2025/08/10 20:00:33 242] tts        657  TTS_MSG_GETAUDIO  0  
[2025/08/10 20:00:33 242] tts        485  get audio|use local  
[2025/08/10 20:00:33 242] tts        498  local audiolen:  1972  ,ced:  16  
[2025/08/10 20:00:33 243] tts        527  0  udata(6c07e8a8) 1  
[2025/08/10 20:00:33 245] tts        657  TTS_MSG_GETAUDIO  0  
[2025/08/10 20:00:33 246] tts        485  get audio|use local  
[2025/08/10 20:00:33 246] tts        498  local audiolen:  1982  ,ced:  16  
[2025/08/10 20:00:33 246] tts        527  0  udata(6c07e9f8) 1  
[2025/08/10 20:00:33 252] tts        657  TTS_MSG_GETAUDIO  0  
[2025/08/10 20:00:33 253] tts        485  get audio|use local  
[2025/08/10 20:00:33 253] tts        498  local audiolen:  2046  ,ced:  16  
[2025/08/10 20:00:33 254] tts        527  0  udata(6c07fab8) 1  
[2025/08/10 20:00:33 256] tts        657  TTS_MSG_GETAUDIO  0  
[2025/08/10 20:00:33 257] tts        485  get audio|use local  
[2025/08/10 20:00:33 257] tts        498  local audiolen:  1970  ,ced:  16  
[2025/08/10 20:00:33 258] tts        527  0  udata(6c07fe08) 1  
[2025/08/10 20:00:33 262] tts        657  TTS_MSG_GETAUDIO  0  
[2025/08/10 20:00:33 262] tts        485  get audio|use local  
[2025/08/10 20:00:33 262] tts        498  local audiolen:  1932  ,ced:  16  
[2025/08/10 20:00:33 263] tts        527  0  udata(6c07e498) 1  
[2025/08/10 20:00:33 266] tts        657  TTS_MSG_GETAUDIO  0  
[2025/08/10 20:00:33 266] tts        485  get audio|use local  
[2025/08/10 20:00:33 266] tts        498  local audiolen:  1994  ,ced:  16  
[2025/08/10 20:00:33 266] tts        527  0  udata(6c07f088) 1  
[2025/08/10 20:00:33 267] tts        301  0  0  
[2025/08/10 20:00:33 267] tts        312  TTS_LOCAL_CB_END,  2  
[2025/08/10 20:00:33 268] tts        657  TTS_MSG_GETAUDIO  0  
[2025/08/10 20:00:33 268] tts        485  get audio|use local  
[2025/08/10 20:00:33 268] tts        498  local audiolen:  2008  ,ced:  16  
[2025/08/10 20:00:33 268] tts        527  0  udata(6c07f278) 1  
[2025/08/10 20:00:33 269] tts        657  TTS_MSG_GETAUDIO  0  
[2025/08/10 20:00:33 269] tts        485  get audio|use local  
[2025/08/10 20:00:33 269] tts        498  local audiolen:  1932  ,ced:  16  
[2025/08/10 20:00:33 270] tts        527  0  udata(6c07f2c8) 1  
[2025/08/10 20:00:33 270] tts        657  TTS_MSG_GETAUDIO  0  
[2025/08/10 20:00:33 270] tts        485  get audio|use local  
[2025/08/10 20:00:33 270] tts        498  local audiolen:  2044  ,ced:  16  
[2025/08/10 20:00:33 271] tts        527  0  udata(6c07f318) 1  
[2025/08/10 20:00:33 271] tts        657  TTS_MSG_GETAUDIO  0  
[2025/08/10 20:00:33 271] tts        485  get audio|use local  
[2025/08/10 20:00:33 272] tts        498  local audiolen:  2014  ,ced:  16  
[2025/08/10 20:00:33 272] tts        527  0  udata(6c07f368) 1  
[2025/08/10 20:00:33 272] tts        657  TTS_MSG_GETAUDIO  0  
[2025/08/10 20:00:33 272] tts        485  get audio|use local  
[2025/08/10 20:00:33 273] tts        498  local audiolen:  1982  ,ced:  16  
[2025/08/10 20:00:33 273] tts        527  0  udata(6c07f3b8) 1  
[2025/08/10 20:00:33 273] tts        657  TTS_MSG_GETAUDIO  0  
[2025/08/10 20:00:33 273] tts        485  get audio|use local  
[2025/08/10 20:00:33 274] tts        498  local audiolen:  2006  ,ced:  16  
[2025/08/10 20:00:33 274] tts        527  0  udata(6c07f408) 1  
[2025/08/10 20:00:33 274] tts        657  TTS_MSG_GETAUDIO  0  
[2025/08/10 20:00:33 274] tts        485  get audio|use local  
[2025/08/10 20:00:33 275] tts        498  local audiolen:  1964  ,ced:  16  
[2025/08/10 20:00:33 275] tts        527  0  udata(6c07f458) 1  
[2025/08/10 20:00:33 275] tts        657  TTS_MSG_GETAUDIO  0  
[2025/08/10 20:00:33 276] tts        485  get audio|use local  
[2025/08/10 20:00:33 276] tts        498  local audiolen:  2046  ,ced:  16  
[2025/08/10 20:00:33 276] tts        527  0  udata(6c07f4a8) 1  
[2025/08/10 20:00:33 276] tts        657  TTS_MSG_GETAUDIO  0  
[2025/08/10 20:00:33 277] tts        485  get audio|use local  
[2025/08/10 20:00:33 277] tts        498  local audiolen:  1940  ,ced:  16  
[2025/08/10 20:00:33 277] tts        527  0  udata(6c07f4f8) 1  
[2025/08/10 20:00:33 278] tts        657  TTS_MSG_GETAUDIO  0  
[2025/08/10 20:00:33 278] tts        485  get audio|use local  
[2025/08/10 20:00:33 278] tts        498  local audiolen:  2000  ,ced:  16  
[2025/08/10 20:00:33 278] tts        527  0  udata(6c07f548) 1  
[2025/08/10 20:00:33 279] tts        657  TTS_MSG_GETAUDIO  0  
[2025/08/10 20:00:33 279] tts        485  get audio|use local  
[2025/08/10 20:00:33 279] tts        498  local audiolen:  1940  ,ced:  16  
[2025/08/10 20:00:33 279] tts        527  0  udata(6c07f598) 1  
[2025/08/10 20:00:33 280] tts        657  TTS_MSG_GETAUDIO  0  
[2025/08/10 20:00:33 280] tts        485  get audio|use local  
[2025/08/10 20:00:33 280] tts        498  local audiolen:  2048  ,ced:  16  
[2025/08/10 20:00:33 280] tts        527  0  udata(6c07f5e8) 1  
[2025/08/10 20:00:33 281] tts        657  TTS_MSG_GETAUDIO  0  
[2025/08/10 20:00:33 281] tts        485  get audio|use local  
[2025/08/10 20:00:33 281] tts        498  local audiolen:  2016  ,ced:  16  
[2025/08/10 20:00:33 281] tts        527  0  udata(6c07f638) 1  
[2025/08/10 20:00:33 282] tts        657  TTS_MSG_GETAUDIO  0  
[2025/08/10 20:00:33 282] tts        485  get audio|use local  
[2025/08/10 20:00:33 282] tts        498  local audiolen:  576  ,ced:  16  
[2025/08/10 20:00:33 282] tts        527  0  udata(6c0224b8) 2  
[2025/08/10 20:00:33 284] tts        660  TTS_MSG_SSE  
[2025/08/10 20:00:33 285] tts        585  sse|use local  
[2025/08/10 20:00:33 289] tts        603  tts exit  
