============================================================
Time  2025/08/10 20:33:23 881 
============================================================
[2025/08/10 20:33:23 881] tts        676  SYS_MSG_REGCB param0 =  msp_status_cb  param1 =  func(90014a30) 
[2025/08/10 20:33:23 885] config     43   use general cloud  
[2025/08/10 20:33:23 896] tts_cloud  1417 SYS_MSG_REGCB_CLOUD param0 =   msp_status_cb  param1 =  func(90014a30) 
[2025/08/10 20:33:23 896] tts        647  TTS_MSG_SSB  
[2025/08/10 20:33:23 896] tts        375  params =  engine_type = local,voice_name=xiaoyan, text_encoding = UTF8, tts_res_path = fo|res/tts/xiaoyan.jet;fo|res/tts/common.jet, sample_rate = 16000, speed = 50, volume = 80, pitch = 50, rdn = 2  
[2025/08/10 20:33:23 897] tts        412  ssb|use local  
[2025/08/10 20:33:23 897] tts        349  local_session_begin  
[2025/08/10 20:33:23 914] tts        654  TTS_MSG_SYN  0  
[2025/08/10 20:33:23 914] tts        451  synth|use local  
[2025/08/10 20:33:23 915] tts        657  TTS_MSG_GETAUDIO  0  
[2025/08/10 20:33:23 915] tts        485  get audio|use local  
[2025/08/10 20:33:23 915] tts        527  0  nil  1  
[2025/08/10 20:33:23 917] tts        657  TTS_MSG_GETAUDIO  0  
[2025/08/10 20:33:23 917] tts        485  get audio|use local  
[2025/08/10 20:33:23 917] tts        527  0  nil  1  
[2025/08/10 20:33:23 921] tts        657  TTS_MSG_GETAUDIO  0  
[2025/08/10 20:33:23 921] tts        485  get audio|use local  
[2025/08/10 20:33:23 921] tts        527  0  nil  1  
[2025/08/10 20:33:23 922] tts        657  TTS_MSG_GETAUDIO  0  
[2025/08/10 20:33:23 922] tts        485  get audio|use local  
[2025/08/10 20:33:23 922] tts        527  0  nil  1  
[2025/08/10 20:33:23 923] tts        657  TTS_MSG_GETAUDIO  0  
[2025/08/10 20:33:23 923] tts        485  get audio|use local  
[2025/08/10 20:33:23 923] tts        527  0  nil  1  
[2025/08/10 20:33:23 924] tts        657  TTS_MSG_GETAUDIO  0  
[2025/08/10 20:33:23 924] tts        485  get audio|use local  
[2025/08/10 20:33:23 924] tts        527  0  nil  1  
[2025/08/10 20:33:23 925] tts        657  TTS_MSG_GETAUDIO  0  
[2025/08/10 20:33:23 925] tts        485  get audio|use local  
[2025/08/10 20:33:23 925] tts        527  0  nil  1  
[2025/08/10 20:33:23 926] tts        657  TTS_MSG_GETAUDIO  0  
[2025/08/10 20:33:23 926] tts        485  get audio|use local  
[2025/08/10 20:33:23 926] tts        527  0  nil  1  
[2025/08/10 20:33:23 927] tts        657  TTS_MSG_GETAUDIO  0  
[2025/08/10 20:33:23 927] tts        485  get audio|use local  
[2025/08/10 20:33:23 927] tts        527  0  nil  1  
[2025/08/10 20:33:23 928] tts        657  TTS_MSG_GETAUDIO  0  
[2025/08/10 20:33:23 928] tts        485  get audio|use local  
[2025/08/10 20:33:23 929] tts        527  0  nil  1  
[2025/08/10 20:33:23 929] tts        657  TTS_MSG_GETAUDIO  0  
[2025/08/10 20:33:23 929] tts        485  get audio|use local  
[2025/08/10 20:33:23 929] tts        527  0  nil  1  
[2025/08/10 20:33:23 930] tts        657  TTS_MSG_GETAUDIO  0  
[2025/08/10 20:33:23 930] tts        485  get audio|use local  
[2025/08/10 20:33:23 930] tts        527  0  nil  1  
[2025/08/10 20:33:23 931] tts        657  TTS_MSG_GETAUDIO  0  
[2025/08/10 20:33:23 931] tts        485  get audio|use local  
[2025/08/10 20:33:23 931] tts        527  0  nil  1  
[2025/08/10 20:33:23 932] tts        657  TTS_MSG_GETAUDIO  0  
[2025/08/10 20:33:23 932] tts        485  get audio|use local  
[2025/08/10 20:33:23 932] tts        527  0  nil  1  
[2025/08/10 20:33:23 933] tts        657  TTS_MSG_GETAUDIO  0  
[2025/08/10 20:33:23 933] tts        485  get audio|use local  
[2025/08/10 20:33:23 933] tts        527  0  nil  1  
[2025/08/10 20:33:23 934] tts        657  TTS_MSG_GETAUDIO  0  
[2025/08/10 20:33:23 934] tts        485  get audio|use local  
[2025/08/10 20:33:23 934] tts        527  0  nil  1  
[2025/08/10 20:33:23 935] tts        657  TTS_MSG_GETAUDIO  0  
[2025/08/10 20:33:23 935] tts        485  get audio|use local  
[2025/08/10 20:33:23 935] tts        527  0  nil  1  
[2025/08/10 20:33:23 936] tts        657  TTS_MSG_GETAUDIO  0  
[2025/08/10 20:33:23 936] tts        485  get audio|use local  
[2025/08/10 20:33:23 936] tts        527  0  nil  1  
[2025/08/10 20:33:23 937] tts        657  TTS_MSG_GETAUDIO  0  
[2025/08/10 20:33:23 937] tts        485  get audio|use local  
[2025/08/10 20:33:23 937] tts        527  0  nil  1  
[2025/08/10 20:33:23 938] tts        657  TTS_MSG_GETAUDIO  0  
[2025/08/10 20:33:23 942] tts        485  get audio|use local  
[2025/08/10 20:33:23 942] tts        527  0  nil  1  
[2025/08/10 20:33:23 943] tts        657  TTS_MSG_GETAUDIO  0  
[2025/08/10 20:33:23 943] tts        485  get audio|use local  
[2025/08/10 20:33:23 943] tts        527  0  nil  1  
[2025/08/10 20:33:23 943] tts        657  TTS_MSG_GETAUDIO  0  
[2025/08/10 20:33:23 947] tts        485  get audio|use local  
[2025/08/10 20:33:23 947] tts        527  0  nil  1  
[2025/08/10 20:33:23 956] tts        657  TTS_MSG_GETAUDIO  0  
[2025/08/10 20:33:23 956] tts        485  get audio|use local  
[2025/08/10 20:33:23 956] tts        527  0  nil  1  
[2025/08/10 20:33:23 956] tts        657  TTS_MSG_GETAUDIO  0  
[2025/08/10 20:33:23 957] tts        485  get audio|use local  
[2025/08/10 20:33:23 957] tts        527  0  nil  1  
[2025/08/10 20:33:23 957] tts        657  TTS_MSG_GETAUDIO  0  
[2025/08/10 20:33:23 957] tts        485  get audio|use local  
[2025/08/10 20:33:23 958] tts        527  0  nil  1  
[2025/08/10 20:33:23 958] tts        657  TTS_MSG_GETAUDIO  0  
[2025/08/10 20:33:23 958] tts        485  get audio|use local  
[2025/08/10 20:33:23 959] tts        527  0  nil  1  
[2025/08/10 20:33:23 973] tts        657  TTS_MSG_GETAUDIO  0  
[2025/08/10 20:33:23 974] tts        485  get audio|use local  
[2025/08/10 20:33:23 974] tts        527  0  nil  1  
[2025/08/10 20:33:23 975] tts        657  TTS_MSG_GETAUDIO  0  
[2025/08/10 20:33:23 975] tts        485  get audio|use local  
[2025/08/10 20:33:23 975] tts        527  0  nil  1  
[2025/08/10 20:33:23 976] tts        657  TTS_MSG_GETAUDIO  0  
[2025/08/10 20:33:23 977] tts        485  get audio|use local  
[2025/08/10 20:33:23 977] tts        527  0  nil  1  
[2025/08/10 20:33:23 978] tts        657  TTS_MSG_GETAUDIO  0  
[2025/08/10 20:33:23 978] tts        485  get audio|use local  
[2025/08/10 20:33:23 978] tts        527  0  nil  1  
[2025/08/10 20:33:23 979] tts        657  TTS_MSG_GETAUDIO  0  
[2025/08/10 20:33:23 980] tts        485  get audio|use local  
[2025/08/10 20:33:23 980] tts        527  0  nil  1  
[2025/08/10 20:33:23 981] tts        657  TTS_MSG_GETAUDIO  0  
[2025/08/10 20:33:23 981] tts        485  get audio|use local  
[2025/08/10 20:33:23 981] tts        527  0  nil  1  
[2025/08/10 20:33:23 982] tts        657  TTS_MSG_GETAUDIO  0  
[2025/08/10 20:33:23 982] tts        485  get audio|use local  
[2025/08/10 20:33:23 982] tts        527  0  nil  1  
[2025/08/10 20:33:23 983] tts        657  TTS_MSG_GETAUDIO  0  
[2025/08/10 20:33:23 983] tts        485  get audio|use local  
[2025/08/10 20:33:23 983] tts        527  0  nil  1  
[2025/08/10 20:33:23 983] tts        657  TTS_MSG_GETAUDIO  0  
[2025/08/10 20:33:23 984] tts        485  get audio|use local  
[2025/08/10 20:33:23 984] tts        527  0  nil  1  
[2025/08/10 20:33:23 984] tts        657  TTS_MSG_GETAUDIO  0  
[2025/08/10 20:33:23 984] tts        485  get audio|use local  
[2025/08/10 20:33:23 985] tts        527  0  nil  1  
[2025/08/10 20:33:23 985] tts        657  TTS_MSG_GETAUDIO  0  
[2025/08/10 20:33:23 985] tts        485  get audio|use local  
[2025/08/10 20:33:23 985] tts        527  0  nil  1  
[2025/08/10 20:33:23 987] tts        657  TTS_MSG_GETAUDIO  0  
[2025/08/10 20:33:23 995] tts        485  get audio|use local  
[2025/08/10 20:33:24 009] tts        527  0  nil  1  
[2025/08/10 20:33:24 011] tts        657  TTS_MSG_GETAUDIO  0  
[2025/08/10 20:33:24 011] tts        485  get audio|use local  
[2025/08/10 20:33:24 011] tts        527  0  nil  1  
[2025/08/10 20:33:24 012] tts        657  TTS_MSG_GETAUDIO  0  
[2025/08/10 20:33:24 012] tts        485  get audio|use local  
[2025/08/10 20:33:24 012] tts        527  0  nil  1  
[2025/08/10 20:33:24 013] tts        657  TTS_MSG_GETAUDIO  0  
[2025/08/10 20:33:24 013] tts        485  get audio|use local  
[2025/08/10 20:33:24 013] tts        527  0  nil  1  
[2025/08/10 20:33:24 015] tts        657  TTS_MSG_GETAUDIO  0  
[2025/08/10 20:33:24 015] tts        485  get audio|use local  
[2025/08/10 20:33:24 015] tts        527  0  nil  1  
[2025/08/10 20:33:24 016] tts        657  TTS_MSG_GETAUDIO  0  
[2025/08/10 20:33:24 016] tts        485  get audio|use local  
[2025/08/10 20:33:24 016] tts        527  0  nil  1  
[2025/08/10 20:33:24 017] tts        657  TTS_MSG_GETAUDIO  0  
[2025/08/10 20:33:24 017] tts        485  get audio|use local  
[2025/08/10 20:33:24 017] tts        527  0  nil  1  
[2025/08/10 20:33:24 020] tts        657  TTS_MSG_GETAUDIO  0  
[2025/08/10 20:33:24 020] tts        485  get audio|use local  
[2025/08/10 20:33:24 020] tts        527  0  nil  1  
[2025/08/10 20:33:24 021] tts        657  TTS_MSG_GETAUDIO  0  
[2025/08/10 20:33:24 021] tts        485  get audio|use local  
[2025/08/10 20:33:24 021] tts        527  0  nil  1  
[2025/08/10 20:33:24 023] tts        657  TTS_MSG_GETAUDIO  0  
[2025/08/10 20:33:24 023] tts        485  get audio|use local  
[2025/08/10 20:33:24 023] tts        527  0  nil  1  
[2025/08/10 20:33:24 030] tts        657  TTS_MSG_GETAUDIO  0  
[2025/08/10 20:33:24 030] tts        485  get audio|use local  
[2025/08/10 20:33:24 032] tts        527  0  nil  1  
[2025/08/10 20:33:24 033] tts        657  TTS_MSG_GETAUDIO  0  
[2025/08/10 20:33:24 033] tts        485  get audio|use local  
[2025/08/10 20:33:24 033] tts        527  0  nil  1  
[2025/08/10 20:33:24 050] tts        657  TTS_MSG_GETAUDIO  0  
[2025/08/10 20:33:24 050] tts        485  get audio|use local  
[2025/08/10 20:33:24 050] tts        527  0  nil  1  
[2025/08/10 20:33:24 051] tts        657  TTS_MSG_GETAUDIO  0  
[2025/08/10 20:33:24 051] tts        485  get audio|use local  
[2025/08/10 20:33:24 051] tts        527  0  nil  1  
[2025/08/10 20:33:24 052] tts        657  TTS_MSG_GETAUDIO  0  
[2025/08/10 20:33:24 052] tts        485  get audio|use local  
[2025/08/10 20:33:24 052] tts        527  0  nil  1  
[2025/08/10 20:33:24 053] tts        657  TTS_MSG_GETAUDIO  0  
[2025/08/10 20:33:24 053] tts        485  get audio|use local  
[2025/08/10 20:33:24 053] tts        527  0  nil  1  
[2025/08/10 20:33:24 054] tts        657  TTS_MSG_GETAUDIO  0  
[2025/08/10 20:33:24 054] tts        485  get audio|use local  
[2025/08/10 20:33:24 054] tts        527  0  nil  1  
[2025/08/10 20:33:24 056] tts        657  TTS_MSG_GETAUDIO  0  
[2025/08/10 20:33:24 056] tts        485  get audio|use local  
[2025/08/10 20:33:24 056] tts        527  0  nil  1  
[2025/08/10 20:33:24 057] tts        657  TTS_MSG_GETAUDIO  0  
[2025/08/10 20:33:24 057] tts        485  get audio|use local  
[2025/08/10 20:33:24 058] tts        527  0  nil  1  
[2025/08/10 20:33:24 058] tts        657  TTS_MSG_GETAUDIO  0  
[2025/08/10 20:33:24 058] tts        485  get audio|use local  
[2025/08/10 20:33:24 059] tts        527  0  nil  1  
[2025/08/10 20:33:24 059] tts        657  TTS_MSG_GETAUDIO  0  
[2025/08/10 20:33:24 059] tts        485  get audio|use local  
[2025/08/10 20:33:24 059] tts        527  0  nil  1  
[2025/08/10 20:33:24 060] tts        657  TTS_MSG_GETAUDIO  0  
[2025/08/10 20:33:24 060] tts        485  get audio|use local  
[2025/08/10 20:33:24 060] tts        527  0  nil  1  
[2025/08/10 20:33:24 061] tts        657  TTS_MSG_GETAUDIO  0  
[2025/08/10 20:33:24 061] tts        485  get audio|use local  
[2025/08/10 20:33:24 061] tts        527  0  nil  1  
[2025/08/10 20:33:24 062] tts        657  TTS_MSG_GETAUDIO  0  
[2025/08/10 20:33:24 063] tts        485  get audio|use local  
[2025/08/10 20:33:24 063] tts        527  0  nil  1  
[2025/08/10 20:33:24 064] tts        657  TTS_MSG_GETAUDIO  0  
[2025/08/10 20:33:24 064] tts        485  get audio|use local  
[2025/08/10 20:33:24 064] tts        527  0  nil  1  
[2025/08/10 20:33:24 064] tts        657  TTS_MSG_GETAUDIO  0  
[2025/08/10 20:33:24 065] tts        485  get audio|use local  
[2025/08/10 20:33:24 065] tts        527  0  nil  1  
[2025/08/10 20:33:24 065] tts        657  TTS_MSG_GETAUDIO  0  
[2025/08/10 20:33:24 066] tts        485  get audio|use local  
[2025/08/10 20:33:24 066] tts        527  0  nil  1  
[2025/08/10 20:33:24 066] tts        657  TTS_MSG_GETAUDIO  0  
[2025/08/10 20:33:24 067] tts        485  get audio|use local  
[2025/08/10 20:33:24 067] tts        527  0  nil  1  
[2025/08/10 20:33:24 067] tts        657  TTS_MSG_GETAUDIO  0  
[2025/08/10 20:33:24 067] tts        485  get audio|use local  
[2025/08/10 20:33:24 068] tts        527  0  nil  1  
[2025/08/10 20:33:24 068] tts        657  TTS_MSG_GETAUDIO  0  
[2025/08/10 20:33:24 068] tts        485  get audio|use local  
[2025/08/10 20:33:24 068] tts        527  0  nil  1  
[2025/08/10 20:33:24 069] tts        657  TTS_MSG_GETAUDIO  0  
[2025/08/10 20:33:24 069] tts        485  get audio|use local  
[2025/08/10 20:33:24 069] tts        527  0  nil  1  
[2025/08/10 20:33:24 070] tts        657  TTS_MSG_GETAUDIO  0  
[2025/08/10 20:33:24 070] tts        485  get audio|use local  
[2025/08/10 20:33:24 070] tts        527  0  nil  1  
[2025/08/10 20:33:24 071] tts        657  TTS_MSG_GETAUDIO  0  
[2025/08/10 20:33:24 071] tts        485  get audio|use local  
[2025/08/10 20:33:24 071] tts        527  0  nil  1  
[2025/08/10 20:33:24 072] tts        657  TTS_MSG_GETAUDIO  0  
[2025/08/10 20:33:24 072] tts        485  get audio|use local  
[2025/08/10 20:33:24 072] tts        527  0  nil  1  
[2025/08/10 20:33:24 072] tts        657  TTS_MSG_GETAUDIO  0  
[2025/08/10 20:33:24 073] tts        485  get audio|use local  
[2025/08/10 20:33:24 073] tts        527  0  nil  1  
[2025/08/10 20:33:24 073] tts        657  TTS_MSG_GETAUDIO  0  
[2025/08/10 20:33:24 074] tts        485  get audio|use local  
[2025/08/10 20:33:24 074] tts        527  0  nil  1  
[2025/08/10 20:33:24 074] tts        657  TTS_MSG_GETAUDIO  0  
[2025/08/10 20:33:24 074] tts        485  get audio|use local  
[2025/08/10 20:33:24 074] tts        527  0  nil  1  
[2025/08/10 20:33:24 075] tts        657  TTS_MSG_GETAUDIO  0  
[2025/08/10 20:33:24 075] tts        485  get audio|use local  
[2025/08/10 20:33:24 075] tts        527  0  nil  1  
[2025/08/10 20:33:24 076] tts        657  TTS_MSG_GETAUDIO  0  
[2025/08/10 20:33:24 076] tts        485  get audio|use local  
[2025/08/10 20:33:24 076] tts        527  0  nil  1  
[2025/08/10 20:33:24 076] tts        657  TTS_MSG_GETAUDIO  0  
[2025/08/10 20:33:24 077] tts        485  get audio|use local  
[2025/08/10 20:33:24 077] tts        527  0  nil  1  
[2025/08/10 20:33:24 077] tts        657  TTS_MSG_GETAUDIO  0  
[2025/08/10 20:33:24 077] tts        485  get audio|use local  
[2025/08/10 20:33:24 077] tts        527  0  nil  1  
[2025/08/10 20:33:24 078] tts        657  TTS_MSG_GETAUDIO  0  
[2025/08/10 20:33:24 078] tts        485  get audio|use local  
[2025/08/10 20:33:24 078] tts        527  0  nil  1  
[2025/08/10 20:33:24 079] tts        657  TTS_MSG_GETAUDIO  0  
[2025/08/10 20:33:24 079] tts        485  get audio|use local  
[2025/08/10 20:33:24 079] tts        527  0  nil  1  
[2025/08/10 20:33:24 081] tts        657  TTS_MSG_GETAUDIO  0  
[2025/08/10 20:33:24 081] tts        485  get audio|use local  
[2025/08/10 20:33:24 082] tts        527  0  nil  1  
[2025/08/10 20:33:24 083] tts        299  TTS_LOCAL_CB_BEGIN  
[2025/08/10 20:33:24 084] tts        657  TTS_MSG_GETAUDIO  0  
[2025/08/10 20:33:24 084] tts        485  get audio|use local  
[2025/08/10 20:33:24 084] tts        498  local audiolen:  2042  ,ced:  29  
[2025/08/10 20:33:24 085] tts        527  0  udata(9006abc8) 1  
[2025/08/10 20:33:24 086] tts        657  TTS_MSG_GETAUDIO  0  
[2025/08/10 20:33:24 086] tts        485  get audio|use local  
[2025/08/10 20:33:24 086] tts        498  local audiolen:  2016  ,ced:  29  
[2025/08/10 20:33:24 086] tts        527  0  udata(9007da48) 1  
[2025/08/10 20:33:24 087] tts        657  TTS_MSG_GETAUDIO  0  
[2025/08/10 20:33:24 087] tts        485  get audio|use local  
[2025/08/10 20:33:24 087] tts        498  local audiolen:  2018  ,ced:  29  
[2025/08/10 20:33:24 087] tts        527  0  udata(9007db98) 1  
[2025/08/10 20:33:24 088] tts        657  TTS_MSG_GETAUDIO  0  
[2025/08/10 20:33:24 089] tts        485  get audio|use local  
[2025/08/10 20:33:24 089] tts        498  local audiolen:  2018  ,ced:  29  
[2025/08/10 20:33:24 089] tts        527  0  udata(9007dce8) 1  
[2025/08/10 20:33:24 090] tts        657  TTS_MSG_GETAUDIO  0  
[2025/08/10 20:33:24 091] tts        485  get audio|use local  
[2025/08/10 20:33:24 091] tts        498  local audiolen:  2034  ,ced:  29  
[2025/08/10 20:33:24 091] tts        527  0  udata(9007f038) 1  
[2025/08/10 20:33:24 095] tts        657  TTS_MSG_GETAUDIO  0  
[2025/08/10 20:33:24 095] tts        485  get audio|use local  
[2025/08/10 20:33:24 096] tts        498  local audiolen:  2046  ,ced:  29  
[2025/08/10 20:33:24 096] tts        527  0  udata(90087ed8) 1  
[2025/08/10 20:33:24 101] tts        657  TTS_MSG_GETAUDIO  0  
[2025/08/10 20:33:24 101] tts        485  get audio|use local  
[2025/08/10 20:33:24 101] tts        498  local audiolen:  1962  ,ced:  29  
[2025/08/10 20:33:24 102] tts        527  0  udata(90087cd8) 1  
[2025/08/10 20:33:24 103] tts        657  TTS_MSG_GETAUDIO  0  
[2025/08/10 20:33:24 104] tts        485  get audio|use local  
[2025/08/10 20:33:24 104] tts        498  local audiolen:  2014  ,ced:  29  
[2025/08/10 20:33:24 104] tts        527  0  udata(9007ec88) 1  
[2025/08/10 20:33:24 106] tts        657  TTS_MSG_GETAUDIO  0  
[2025/08/10 20:33:24 106] tts        485  get audio|use local  
[2025/08/10 20:33:24 107] tts        498  local audiolen:  1936  ,ced:  29  
[2025/08/10 20:33:24 107] tts        527  0  udata(9007eed8) 1  
[2025/08/10 20:33:24 110] tts        657  TTS_MSG_GETAUDIO  0  
[2025/08/10 20:33:24 110] tts        485  get audio|use local  
[2025/08/10 20:33:24 110] tts        498  local audiolen:  2012  ,ced:  29  
[2025/08/10 20:33:24 111] tts        527  0  udata(9007d438) 1  
[2025/08/10 20:33:24 120] tts        657  TTS_MSG_GETAUDIO  0  
[2025/08/10 20:33:24 120] tts        485  get audio|use local  
[2025/08/10 20:33:24 120] tts        498  local audiolen:  1896  ,ced:  29  
[2025/08/10 20:33:24 121] tts        527  0  udata(90087818) 1  
[2025/08/10 20:33:24 121] tts        301  0  0  
[2025/08/10 20:33:24 121] tts        312  TTS_LOCAL_CB_END,  2  
[2025/08/10 20:33:24 122] tts        657  TTS_MSG_GETAUDIO  0  
[2025/08/10 20:33:24 122] tts        485  get audio|use local  
[2025/08/10 20:33:24 122] tts        498  local audiolen:  1940  ,ced:  29  
[2025/08/10 20:33:24 123] tts        527  0  udata(90087a08) 1  
[2025/08/10 20:33:24 123] tts        657  TTS_MSG_GETAUDIO  0  
[2025/08/10 20:33:24 123] tts        485  get audio|use local  
[2025/08/10 20:33:24 124] tts        498  local audiolen:  1976  ,ced:  29  
[2025/08/10 20:33:24 124] tts        527  0  udata(90087a58) 1  
[2025/08/10 20:33:24 126] tts        657  TTS_MSG_GETAUDIO  0  
[2025/08/10 20:33:24 126] tts        485  get audio|use local  
[2025/08/10 20:33:24 127] tts        498  local audiolen:  2014  ,ced:  29  
[2025/08/10 20:33:24 127] tts        527  0  udata(90087aa8) 1  
[2025/08/10 20:33:24 128] tts        657  TTS_MSG_GETAUDIO  0  
[2025/08/10 20:33:24 128] tts        485  get audio|use local  
[2025/08/10 20:33:24 128] tts        498  local audiolen:  2016  ,ced:  29  
[2025/08/10 20:33:24 129] tts        527  0  udata(90087af8) 1  
[2025/08/10 20:33:24 129] tts        657  TTS_MSG_GETAUDIO  0  
[2025/08/10 20:33:24 129] tts        485  get audio|use local  
[2025/08/10 20:33:24 130] tts        498  local audiolen:  2010  ,ced:  29  
[2025/08/10 20:33:24 130] tts        527  0  udata(90087b48) 1  
[2025/08/10 20:33:24 130] tts        657  TTS_MSG_GETAUDIO  0  
[2025/08/10 20:33:24 131] tts        485  get audio|use local  
[2025/08/10 20:33:24 131] tts        498  local audiolen:  2010  ,ced:  29  
[2025/08/10 20:33:24 131] tts        527  0  udata(90087b98) 1  
[2025/08/10 20:33:24 131] tts        657  TTS_MSG_GETAUDIO  0  
[2025/08/10 20:33:24 132] tts        485  get audio|use local  
[2025/08/10 20:33:24 132] tts        498  local audiolen:  1948  ,ced:  29  
[2025/08/10 20:33:24 132] tts        527  0  udata(90087be8) 1  
[2025/08/10 20:33:24 133] tts        657  TTS_MSG_GETAUDIO  0  
[2025/08/10 20:33:24 133] tts        485  get audio|use local  
[2025/08/10 20:33:24 133] tts        498  local audiolen:  1996  ,ced:  29  
[2025/08/10 20:33:24 133] tts        527  0  udata(90087c38) 1  
[2025/08/10 20:33:24 134] tts        657  TTS_MSG_GETAUDIO  0  
[2025/08/10 20:33:24 134] tts        485  get audio|use local  
[2025/08/10 20:33:24 134] tts        498  local audiolen:  1936  ,ced:  29  
[2025/08/10 20:33:24 134] tts        527  0  udata(90087c88) 1  
[2025/08/10 20:33:24 135] tts        657  TTS_MSG_GETAUDIO  0  
[2025/08/10 20:33:24 135] tts        485  get audio|use local  
[2025/08/10 20:33:24 135] tts        498  local audiolen:  1970  ,ced:  29  
[2025/08/10 20:33:24 135] tts        527  0  udata(900227d8) 1  
[2025/08/10 20:33:24 136] tts        657  TTS_MSG_GETAUDIO  0  
[2025/08/10 20:33:24 136] tts        485  get audio|use local  
[2025/08/10 20:33:24 136] tts        498  local audiolen:  1972  ,ced:  29  
[2025/08/10 20:33:24 136] tts        527  0  udata(90022828) 1  
[2025/08/10 20:33:24 137] tts        657  TTS_MSG_GETAUDIO  0  
[2025/08/10 20:33:24 137] tts        485  get audio|use local  
[2025/08/10 20:33:24 137] tts        498  local audiolen:  2010  ,ced:  29  
[2025/08/10 20:33:24 137] tts        527  0  udata(90022008) 1  
[2025/08/10 20:33:24 138] tts        657  TTS_MSG_GETAUDIO  0  
[2025/08/10 20:33:24 138] tts        485  get audio|use local  
[2025/08/10 20:33:24 138] tts        498  local audiolen:  1942  ,ced:  29  
[2025/08/10 20:33:24 138] tts        527  0  udata(90022058) 1  
[2025/08/10 20:33:24 139] tts        657  TTS_MSG_GETAUDIO  0  
[2025/08/10 20:33:24 139] tts        485  get audio|use local  
[2025/08/10 20:33:24 139] tts        498  local audiolen:  2012  ,ced:  29  
[2025/08/10 20:33:24 139] tts        527  0  udata(900220a8) 1  
[2025/08/10 20:33:24 140] tts        657  TTS_MSG_GETAUDIO  0  
[2025/08/10 20:33:24 140] tts        485  get audio|use local  
[2025/08/10 20:33:24 140] tts        498  local audiolen:  2040  ,ced:  29  
[2025/08/10 20:33:24 140] tts        527  0  udata(900220f8) 1  
[2025/08/10 20:33:24 141] tts        657  TTS_MSG_GETAUDIO  0  
[2025/08/10 20:33:24 141] tts        485  get audio|use local  
[2025/08/10 20:33:24 141] tts        498  local audiolen:  2026  ,ced:  29  
[2025/08/10 20:33:24 141] tts        527  0  udata(90022148) 1  
[2025/08/10 20:33:24 142] tts        657  TTS_MSG_GETAUDIO  0  
[2025/08/10 20:33:24 142] tts        485  get audio|use local  
[2025/08/10 20:33:24 142] tts        498  local audiolen:  1980  ,ced:  29  
[2025/08/10 20:33:24 143] tts        527  0  udata(90022198) 1  
[2025/08/10 20:33:24 144] tts        657  TTS_MSG_GETAUDIO  0  
[2025/08/10 20:33:24 144] tts        485  get audio|use local  
[2025/08/10 20:33:24 144] tts        498  local audiolen:  1954  ,ced:  29  
[2025/08/10 20:33:24 144] tts        527  0  udata(900221e8) 1  
[2025/08/10 20:33:24 145] tts        657  TTS_MSG_GETAUDIO  0  
[2025/08/10 20:33:24 157] tts        485  get audio|use local  
[2025/08/10 20:33:24 157] tts        498  local audiolen:  2016  ,ced:  29  
[2025/08/10 20:33:24 157] tts        527  0  udata(90022238) 1  
[2025/08/10 20:33:24 159] tts        657  TTS_MSG_GETAUDIO  0  
[2025/08/10 20:33:24 159] tts        485  get audio|use local  
[2025/08/10 20:33:24 159] tts        498  local audiolen:  1950  ,ced:  29  
[2025/08/10 20:33:24 159] tts        527  0  udata(90022288) 1  
[2025/08/10 20:33:24 161] tts        657  TTS_MSG_GETAUDIO  0  
[2025/08/10 20:33:24 161] tts        485  get audio|use local  
[2025/08/10 20:33:24 161] tts        498  local audiolen:  1988  ,ced:  29  
[2025/08/10 20:33:24 162] tts        527  0  udata(900222d8) 1  
[2025/08/10 20:33:24 163] tts        657  TTS_MSG_GETAUDIO  0  
[2025/08/10 20:33:24 163] tts        485  get audio|use local  
[2025/08/10 20:33:24 164] tts        498  local audiolen:  2016  ,ced:  29  
[2025/08/10 20:33:24 164] tts        527  0  udata(90071288) 1  
[2025/08/10 20:33:24 165] tts        657  TTS_MSG_GETAUDIO  0  
[2025/08/10 20:33:24 165] tts        485  get audio|use local  
[2025/08/10 20:33:24 165] tts        498  local audiolen:  2020  ,ced:  29  
[2025/08/10 20:33:24 165] tts        527  0  udata(90022328) 1  
[2025/08/10 20:33:24 166] tts        657  TTS_MSG_GETAUDIO  0  
[2025/08/10 20:33:24 167] tts        485  get audio|use local  
[2025/08/10 20:33:24 167] tts        498  local audiolen:  1906  ,ced:  29  
[2025/08/10 20:33:24 167] tts        527  0  udata(90024248) 1  
[2025/08/10 20:33:24 169] tts        657  TTS_MSG_GETAUDIO  0  
[2025/08/10 20:33:24 170] tts        485  get audio|use local  
[2025/08/10 20:33:24 170] tts        498  local audiolen:  1948  ,ced:  29  
[2025/08/10 20:33:24 170] tts        527  0  udata(90022378) 1  
[2025/08/10 20:33:24 171] tts        657  TTS_MSG_GETAUDIO  0  
[2025/08/10 20:33:24 171] tts        485  get audio|use local  
[2025/08/10 20:33:24 172] tts        498  local audiolen:  1894  ,ced:  29  
[2025/08/10 20:33:24 172] tts        527  0  udata(900223c8) 1  
[2025/08/10 20:33:24 173] tts        657  TTS_MSG_GETAUDIO  0  
[2025/08/10 20:33:24 174] tts        485  get audio|use local  
[2025/08/10 20:33:24 174] tts        498  local audiolen:  2002  ,ced:  29  
[2025/08/10 20:33:24 174] tts        527  0  udata(90022418) 1  
[2025/08/10 20:33:24 176] tts        657  TTS_MSG_GETAUDIO  0  
[2025/08/10 20:33:24 176] tts        485  get audio|use local  
[2025/08/10 20:33:24 176] tts        498  local audiolen:  2016  ,ced:  29  
[2025/08/10 20:33:24 176] tts        527  0  udata(90022468) 1  
[2025/08/10 20:33:24 177] tts        657  TTS_MSG_GETAUDIO  0  
[2025/08/10 20:33:24 177] tts        485  get audio|use local  
[2025/08/10 20:33:24 177] tts        498  local audiolen:  2016  ,ced:  29  
[2025/08/10 20:33:24 177] tts        527  0  udata(900224b8) 1  
[2025/08/10 20:33:24 178] tts        657  TTS_MSG_GETAUDIO  0  
[2025/08/10 20:33:24 179] tts        485  get audio|use local  
[2025/08/10 20:33:24 179] tts        498  local audiolen:  1152  ,ced:  29  
[2025/08/10 20:33:24 179] tts        527  0  udata(9007e6e8) 2  
[2025/08/10 20:33:24 181] tts        660  TTS_MSG_SSE  
[2025/08/10 20:33:24 182] tts        585  sse|use local  
[2025/08/10 20:33:24 185] tts        603  tts exit  
