============================================================
Time  2025/08/10 20:02:22 489 
============================================================
[2025/08/10 20:02:22 489] tts        676  SYS_MSG_REGCB param0 =  msp_status_cb  param1 =  func(60014a30) 
[2025/08/10 20:02:22 493] config     43   use general cloud  
[2025/08/10 20:02:22 503] tts_cloud  1417 SYS_MSG_REGCB_CLOUD param0 =   msp_status_cb  param1 =  func(60014a30) 
[2025/08/10 20:02:22 504] tts        647  TTS_MSG_SSB  
[2025/08/10 20:02:22 504] tts        375  params =  engine_type = local,voice_name=xiaoyan, text_encoding = UTF8, tts_res_path = fo|res/tts/xiaoyan.jet;fo|res/tts/common.jet, sample_rate = 16000, speed = 50, volume = 80, pitch = 50, rdn = 2  
[2025/08/10 20:02:22 504] tts        412  ssb|use local  
[2025/08/10 20:02:22 504] tts        349  local_session_begin  
[2025/08/10 20:02:22 508] tts        654  TTS_MSG_SYN  0  
[2025/08/10 20:02:22 508] tts        451  synth|use local  
[2025/08/10 20:02:22 509] tts        657  TTS_MSG_GETAUDIO  0  
[2025/08/10 20:02:22 509] tts        485  get audio|use local  
[2025/08/10 20:02:22 510] tts        527  0  nil  1  
[2025/08/10 20:02:22 511] tts        657  TTS_MSG_GETAUDIO  0  
[2025/08/10 20:02:22 511] tts        485  get audio|use local  
[2025/08/10 20:02:22 511] tts        527  0  nil  1  
[2025/08/10 20:02:22 512] tts        657  TTS_MSG_GETAUDIO  0  
[2025/08/10 20:02:22 512] tts        485  get audio|use local  
[2025/08/10 20:02:22 512] tts        527  0  nil  1  
[2025/08/10 20:02:22 513] tts        657  TTS_MSG_GETAUDIO  0  
[2025/08/10 20:02:22 514] tts        485  get audio|use local  
[2025/08/10 20:02:22 514] tts        527  0  nil  1  
[2025/08/10 20:02:22 515] tts        657  TTS_MSG_GETAUDIO  0  
[2025/08/10 20:02:22 515] tts        485  get audio|use local  
[2025/08/10 20:02:22 515] tts        527  0  nil  1  
[2025/08/10 20:02:22 516] tts        657  TTS_MSG_GETAUDIO  0  
[2025/08/10 20:02:22 516] tts        485  get audio|use local  
[2025/08/10 20:02:22 516] tts        527  0  nil  1  
[2025/08/10 20:02:22 518] tts        657  TTS_MSG_GETAUDIO  0  
[2025/08/10 20:02:22 518] tts        485  get audio|use local  
[2025/08/10 20:02:22 518] tts        527  0  nil  1  
[2025/08/10 20:02:22 518] tts        657  TTS_MSG_GETAUDIO  0  
[2025/08/10 20:02:22 519] tts        485  get audio|use local  
[2025/08/10 20:02:22 519] tts        527  0  nil  1  
[2025/08/10 20:02:22 519] tts        657  TTS_MSG_GETAUDIO  0  
[2025/08/10 20:02:22 519] tts        485  get audio|use local  
[2025/08/10 20:02:22 520] tts        527  0  nil  1  
[2025/08/10 20:02:22 520] tts        657  TTS_MSG_GETAUDIO  0  
[2025/08/10 20:02:22 520] tts        485  get audio|use local  
[2025/08/10 20:02:22 520] tts        527  0  nil  1  
[2025/08/10 20:02:22 521] tts        657  TTS_MSG_GETAUDIO  0  
[2025/08/10 20:02:22 522] tts        485  get audio|use local  
[2025/08/10 20:02:22 522] tts        527  0  nil  1  
[2025/08/10 20:02:22 522] tts        657  TTS_MSG_GETAUDIO  0  
[2025/08/10 20:02:22 522] tts        485  get audio|use local  
[2025/08/10 20:02:22 523] tts        527  0  nil  1  
[2025/08/10 20:02:22 523] tts        657  TTS_MSG_GETAUDIO  0  
[2025/08/10 20:02:22 523] tts        485  get audio|use local  
[2025/08/10 20:02:22 524] tts        527  0  nil  1  
[2025/08/10 20:02:22 524] tts        657  TTS_MSG_GETAUDIO  0  
[2025/08/10 20:02:22 525] tts        485  get audio|use local  
[2025/08/10 20:02:22 525] tts        527  0  nil  1  
[2025/08/10 20:02:22 525] tts        657  TTS_MSG_GETAUDIO  0  
[2025/08/10 20:02:22 525] tts        485  get audio|use local  
[2025/08/10 20:02:22 525] tts        527  0  nil  1  
[2025/08/10 20:02:22 526] tts        657  TTS_MSG_GETAUDIO  0  
[2025/08/10 20:02:22 526] tts        485  get audio|use local  
[2025/08/10 20:02:22 526] tts        527  0  nil  1  
[2025/08/10 20:02:22 527] tts        657  TTS_MSG_GETAUDIO  0  
[2025/08/10 20:02:22 527] tts        485  get audio|use local  
[2025/08/10 20:02:22 527] tts        527  0  nil  1  
[2025/08/10 20:02:22 529] tts        657  TTS_MSG_GETAUDIO  0  
[2025/08/10 20:02:22 529] tts        485  get audio|use local  
[2025/08/10 20:02:22 529] tts        527  0  nil  1  
[2025/08/10 20:02:22 530] tts        657  TTS_MSG_GETAUDIO  0  
[2025/08/10 20:02:22 530] tts        485  get audio|use local  
[2025/08/10 20:02:22 530] tts        527  0  nil  1  
[2025/08/10 20:02:22 531] tts        657  TTS_MSG_GETAUDIO  0  
[2025/08/10 20:02:22 531] tts        485  get audio|use local  
[2025/08/10 20:02:22 532] tts        527  0  nil  1  
[2025/08/10 20:02:22 533] tts        657  TTS_MSG_GETAUDIO  0  
[2025/08/10 20:02:22 533] tts        485  get audio|use local  
[2025/08/10 20:02:22 533] tts        527  0  nil  1  
[2025/08/10 20:02:22 534] tts        657  TTS_MSG_GETAUDIO  0  
[2025/08/10 20:02:22 534] tts        485  get audio|use local  
[2025/08/10 20:02:22 534] tts        527  0  nil  1  
[2025/08/10 20:02:22 535] tts        657  TTS_MSG_GETAUDIO  0  
[2025/08/10 20:02:22 535] tts        485  get audio|use local  
[2025/08/10 20:02:22 535] tts        527  0  nil  1  
[2025/08/10 20:02:22 537] tts        657  TTS_MSG_GETAUDIO  0  
[2025/08/10 20:02:22 537] tts        485  get audio|use local  
[2025/08/10 20:02:22 537] tts        527  0  nil  1  
[2025/08/10 20:02:22 538] tts        657  TTS_MSG_GETAUDIO  0  
[2025/08/10 20:02:22 538] tts        485  get audio|use local  
[2025/08/10 20:02:22 538] tts        527  0  nil  1  
[2025/08/10 20:02:22 539] tts        657  TTS_MSG_GETAUDIO  0  
[2025/08/10 20:02:22 539] tts        485  get audio|use local  
[2025/08/10 20:02:22 539] tts        527  0  nil  1  
[2025/08/10 20:02:22 540] tts        657  TTS_MSG_GETAUDIO  0  
[2025/08/10 20:02:22 540] tts        485  get audio|use local  
[2025/08/10 20:02:22 540] tts        527  0  nil  1  
[2025/08/10 20:02:22 541] tts        657  TTS_MSG_GETAUDIO  0  
[2025/08/10 20:02:22 541] tts        485  get audio|use local  
[2025/08/10 20:02:22 541] tts        527  0  nil  1  
[2025/08/10 20:02:22 542] tts        657  TTS_MSG_GETAUDIO  0  
[2025/08/10 20:02:22 542] tts        485  get audio|use local  
[2025/08/10 20:02:22 542] tts        527  0  nil  1  
[2025/08/10 20:02:22 543] tts        657  TTS_MSG_GETAUDIO  0  
[2025/08/10 20:02:22 543] tts        485  get audio|use local  
[2025/08/10 20:02:22 543] tts        527  0  nil  1  
[2025/08/10 20:02:22 544] tts        657  TTS_MSG_GETAUDIO  0  
[2025/08/10 20:02:22 544] tts        485  get audio|use local  
[2025/08/10 20:02:22 544] tts        527  0  nil  1  
[2025/08/10 20:02:22 545] tts        657  TTS_MSG_GETAUDIO  0  
[2025/08/10 20:02:22 545] tts        485  get audio|use local  
[2025/08/10 20:02:22 545] tts        527  0  nil  1  
[2025/08/10 20:02:22 546] tts        657  TTS_MSG_GETAUDIO  0  
[2025/08/10 20:02:22 546] tts        485  get audio|use local  
[2025/08/10 20:02:22 546] tts        527  0  nil  1  
[2025/08/10 20:02:22 547] tts        657  TTS_MSG_GETAUDIO  0  
[2025/08/10 20:02:22 547] tts        485  get audio|use local  
[2025/08/10 20:02:22 548] tts        527  0  nil  1  
[2025/08/10 20:02:22 548] tts        657  TTS_MSG_GETAUDIO  0  
[2025/08/10 20:02:22 549] tts        485  get audio|use local  
[2025/08/10 20:02:22 549] tts        527  0  nil  1  
[2025/08/10 20:02:22 550] tts        657  TTS_MSG_GETAUDIO  0  
[2025/08/10 20:02:22 550] tts        485  get audio|use local  
[2025/08/10 20:02:22 550] tts        527  0  nil  1  
[2025/08/10 20:02:22 551] tts        657  TTS_MSG_GETAUDIO  0  
[2025/08/10 20:02:22 551] tts        485  get audio|use local  
[2025/08/10 20:02:22 551] tts        527  0  nil  1  
[2025/08/10 20:02:22 551] tts        657  TTS_MSG_GETAUDIO  0  
[2025/08/10 20:02:22 552] tts        485  get audio|use local  
[2025/08/10 20:02:22 552] tts        527  0  nil  1  
[2025/08/10 20:02:22 552] tts        657  TTS_MSG_GETAUDIO  0  
[2025/08/10 20:02:22 552] tts        485  get audio|use local  
[2025/08/10 20:02:22 553] tts        527  0  nil  1  
[2025/08/10 20:02:22 554] tts        657  TTS_MSG_GETAUDIO  0  
[2025/08/10 20:02:22 554] tts        485  get audio|use local  
[2025/08/10 20:02:22 554] tts        527  0  nil  1  
[2025/08/10 20:02:22 555] tts        657  TTS_MSG_GETAUDIO  0  
[2025/08/10 20:02:22 555] tts        485  get audio|use local  
[2025/08/10 20:02:22 555] tts        527  0  nil  1  
[2025/08/10 20:02:22 556] tts        657  TTS_MSG_GETAUDIO  0  
[2025/08/10 20:02:22 556] tts        485  get audio|use local  
[2025/08/10 20:02:22 556] tts        527  0  nil  1  
[2025/08/10 20:02:22 557] tts        657  TTS_MSG_GETAUDIO  0  
[2025/08/10 20:02:22 557] tts        485  get audio|use local  
[2025/08/10 20:02:22 557] tts        527  0  nil  1  
[2025/08/10 20:02:22 558] tts        657  TTS_MSG_GETAUDIO  0  
[2025/08/10 20:02:22 558] tts        485  get audio|use local  
[2025/08/10 20:02:22 558] tts        527  0  nil  1  
[2025/08/10 20:02:22 559] tts        657  TTS_MSG_GETAUDIO  0  
[2025/08/10 20:02:22 559] tts        485  get audio|use local  
[2025/08/10 20:02:22 559] tts        527  0  nil  1  
[2025/08/10 20:02:22 559] tts        657  TTS_MSG_GETAUDIO  0  
[2025/08/10 20:02:22 560] tts        485  get audio|use local  
[2025/08/10 20:02:22 560] tts        527  0  nil  1  
[2025/08/10 20:02:22 560] tts        657  TTS_MSG_GETAUDIO  0  
[2025/08/10 20:02:22 560] tts        485  get audio|use local  
[2025/08/10 20:02:22 560] tts        527  0  nil  1  
[2025/08/10 20:02:22 561] tts        657  TTS_MSG_GETAUDIO  0  
[2025/08/10 20:02:22 561] tts        485  get audio|use local  
[2025/08/10 20:02:22 561] tts        527  0  nil  1  
[2025/08/10 20:02:22 562] tts        657  TTS_MSG_GETAUDIO  0  
[2025/08/10 20:02:22 562] tts        485  get audio|use local  
[2025/08/10 20:02:22 562] tts        527  0  nil  1  
[2025/08/10 20:02:22 563] tts        657  TTS_MSG_GETAUDIO  0  
[2025/08/10 20:02:22 564] tts        485  get audio|use local  
[2025/08/10 20:02:22 564] tts        527  0  nil  1  
[2025/08/10 20:02:22 565] tts        657  TTS_MSG_GETAUDIO  0  
[2025/08/10 20:02:22 565] tts        485  get audio|use local  
[2025/08/10 20:02:22 565] tts        527  0  nil  1  
[2025/08/10 20:02:22 566] tts        657  TTS_MSG_GETAUDIO  0  
[2025/08/10 20:02:22 566] tts        485  get audio|use local  
[2025/08/10 20:02:22 566] tts        527  0  nil  1  
[2025/08/10 20:02:22 567] tts        657  TTS_MSG_GETAUDIO  0  
[2025/08/10 20:02:22 567] tts        485  get audio|use local  
[2025/08/10 20:02:22 567] tts        527  0  nil  1  
[2025/08/10 20:02:22 568] tts        657  TTS_MSG_GETAUDIO  0  
[2025/08/10 20:02:22 568] tts        485  get audio|use local  
[2025/08/10 20:02:22 568] tts        527  0  nil  1  
[2025/08/10 20:02:22 569] tts        657  TTS_MSG_GETAUDIO  0  
[2025/08/10 20:02:22 569] tts        485  get audio|use local  
[2025/08/10 20:02:22 569] tts        527  0  nil  1  
[2025/08/10 20:02:22 571] tts        657  TTS_MSG_GETAUDIO  0  
[2025/08/10 20:02:22 571] tts        485  get audio|use local  
[2025/08/10 20:02:22 571] tts        527  0  nil  1  
[2025/08/10 20:02:22 572] tts        657  TTS_MSG_GETAUDIO  0  
[2025/08/10 20:02:22 572] tts        485  get audio|use local  
[2025/08/10 20:02:22 572] tts        527  0  nil  1  
[2025/08/10 20:02:22 573] tts        657  TTS_MSG_GETAUDIO  0  
[2025/08/10 20:02:22 574] tts        485  get audio|use local  
[2025/08/10 20:02:22 574] tts        527  0  nil  1  
[2025/08/10 20:02:22 576] tts        657  TTS_MSG_GETAUDIO  0  
[2025/08/10 20:02:22 576] tts        485  get audio|use local  
[2025/08/10 20:02:22 576] tts        527  0  nil  1  
[2025/08/10 20:02:22 583] tts        657  TTS_MSG_GETAUDIO  0  
[2025/08/10 20:02:22 584] tts        485  get audio|use local  
[2025/08/10 20:02:22 584] tts        527  0  nil  1  
[2025/08/10 20:02:22 585] tts        657  TTS_MSG_GETAUDIO  0  
[2025/08/10 20:02:22 585] tts        485  get audio|use local  
[2025/08/10 20:02:22 585] tts        527  0  nil  1  
[2025/08/10 20:02:22 586] tts        657  TTS_MSG_GETAUDIO  0  
[2025/08/10 20:02:22 587] tts        485  get audio|use local  
[2025/08/10 20:02:22 587] tts        527  0  nil  1  
[2025/08/10 20:02:22 587] tts        657  TTS_MSG_GETAUDIO  0  
[2025/08/10 20:02:22 587] tts        485  get audio|use local  
[2025/08/10 20:02:22 587] tts        527  0  nil  1  
[2025/08/10 20:02:22 588] tts        657  TTS_MSG_GETAUDIO  0  
[2025/08/10 20:02:22 588] tts        485  get audio|use local  
[2025/08/10 20:02:22 589] tts        527  0  nil  1  
[2025/08/10 20:02:22 590] tts        299  TTS_LOCAL_CB_BEGIN  
[2025/08/10 20:02:22 591] tts        657  TTS_MSG_GETAUDIO  0  
[2025/08/10 20:02:22 591] tts        485  get audio|use local  
[2025/08/10 20:02:22 591] tts        527  0  nil  1  
[2025/08/10 20:02:22 592] tts        657  TTS_MSG_GETAUDIO  0  
[2025/08/10 20:02:22 592] tts        485  get audio|use local  
[2025/08/10 20:02:22 592] tts        527  0  nil  1  
[2025/08/10 20:02:22 593] tts        657  TTS_MSG_GETAUDIO  0  
[2025/08/10 20:02:22 593] tts        485  get audio|use local  
[2025/08/10 20:02:22 593] tts        527  0  nil  1  
[2025/08/10 20:02:22 594] tts        657  TTS_MSG_GETAUDIO  0  
[2025/08/10 20:02:22 594] tts        485  get audio|use local  
[2025/08/10 20:02:22 594] tts        527  0  nil  1  
[2025/08/10 20:02:22 595] tts        657  TTS_MSG_GETAUDIO  0  
[2025/08/10 20:02:22 595] tts        485  get audio|use local  
[2025/08/10 20:02:22 595] tts        527  0  nil  1  
[2025/08/10 20:02:22 597] tts        657  TTS_MSG_GETAUDIO  0  
[2025/08/10 20:02:22 597] tts        485  get audio|use local  
[2025/08/10 20:02:22 597] tts        527  0  nil  1  
[2025/08/10 20:02:22 598] tts        657  TTS_MSG_GETAUDIO  0  
[2025/08/10 20:02:22 598] tts        485  get audio|use local  
[2025/08/10 20:02:22 599] tts        498  local audiolen:  2042  ,ced:  15  
[2025/08/10 20:02:22 599] tts        527  0  udata(6007d408) 1  
[2025/08/10 20:02:22 601] tts        657  TTS_MSG_GETAUDIO  0  
[2025/08/10 20:02:22 601] tts        485  get audio|use local  
[2025/08/10 20:02:22 602] tts        498  local audiolen:  2016  ,ced:  15  
[2025/08/10 20:02:22 602] tts        527  0  udata(6007d638) 1  
[2025/08/10 20:02:22 604] tts        657  TTS_MSG_GETAUDIO  0  
[2025/08/10 20:02:22 604] tts        485  get audio|use local  
[2025/08/10 20:02:22 605] tts        498  local audiolen:  1964  ,ced:  15  
[2025/08/10 20:02:22 605] tts        527  0  udata(6007ccd8) 1  
[2025/08/10 20:02:22 606] tts        657  TTS_MSG_GETAUDIO  0  
[2025/08/10 20:02:22 606] tts        485  get audio|use local  
[2025/08/10 20:02:22 606] tts        498  local audiolen:  1916  ,ced:  15  
[2025/08/10 20:02:22 607] tts        527  0  udata(600882e8) 1  
[2025/08/10 20:02:22 608] tts        657  TTS_MSG_GETAUDIO  0  
[2025/08/10 20:02:22 608] tts        485  get audio|use local  
[2025/08/10 20:02:22 608] tts        498  local audiolen:  2018  ,ced:  15  
[2025/08/10 20:02:22 608] tts        527  0  udata(6007cc88) 1  
[2025/08/10 20:02:22 611] tts        657  TTS_MSG_GETAUDIO  0  
[2025/08/10 20:02:22 611] tts        485  get audio|use local  
[2025/08/10 20:02:22 611] tts        498  local audiolen:  2008  ,ced:  15  
[2025/08/10 20:02:22 611] tts        527  0  udata(6007cfb8) 1  
[2025/08/10 20:02:22 613] tts        657  TTS_MSG_GETAUDIO  0  
[2025/08/10 20:02:22 613] tts        485  get audio|use local  
[2025/08/10 20:02:22 614] tts        498  local audiolen:  2046  ,ced:  15  
[2025/08/10 20:02:22 614] tts        527  0  udata(6007d208) 1  
[2025/08/10 20:02:22 622] tts        657  TTS_MSG_GETAUDIO  0  
[2025/08/10 20:02:22 622] tts        485  get audio|use local  
[2025/08/10 20:02:22 622] tts        498  local audiolen:  1972  ,ced:  15  
[2025/08/10 20:02:22 622] tts        527  0  udata(60088118) 1  
[2025/08/10 20:02:22 624] tts        657  TTS_MSG_GETAUDIO  0  
[2025/08/10 20:02:22 625] tts        485  get audio|use local  
[2025/08/10 20:02:22 625] tts        498  local audiolen:  1934  ,ced:  15  
[2025/08/10 20:02:22 625] tts        527  0  udata(60088268) 1  
[2025/08/10 20:02:22 626] tts        657  TTS_MSG_GETAUDIO  0  
[2025/08/10 20:02:22 626] tts        485  get audio|use local  
[2025/08/10 20:02:22 626] tts        498  local audiolen:  2016  ,ced:  15  
[2025/08/10 20:02:22 627] tts        527  0  udata(6007f768) 1  
[2025/08/10 20:02:22 627] tts        657  TTS_MSG_GETAUDIO  0  
[2025/08/10 20:02:22 627] tts        485  get audio|use local  
[2025/08/10 20:02:22 628] tts        498  local audiolen:  2036  ,ced:  15  
[2025/08/10 20:02:22 628] tts        527  0  udata(6007f7b8) 1  
[2025/08/10 20:02:22 630] tts        657  TTS_MSG_GETAUDIO  0  
[2025/08/10 20:02:22 630] tts        485  get audio|use local  
[2025/08/10 20:02:22 630] tts        498  local audiolen:  1944  ,ced:  15  
[2025/08/10 20:02:22 630] tts        527  0  udata(6007edd8) 1  
[2025/08/10 20:02:22 632] tts        657  TTS_MSG_GETAUDIO  0  
[2025/08/10 20:02:22 632] tts        485  get audio|use local  
[2025/08/10 20:02:22 632] tts        498  local audiolen:  1958  ,ced:  15  
[2025/08/10 20:02:22 632] tts        527  0  udata(6007fa08) 1  
[2025/08/10 20:02:22 633] tts        657  TTS_MSG_GETAUDIO  0  
[2025/08/10 20:02:22 633] tts        485  get audio|use local  
[2025/08/10 20:02:22 633] tts        498  local audiolen:  2016  ,ced:  15  
[2025/08/10 20:02:22 634] tts        527  0  udata(6007f0f8) 1  
[2025/08/10 20:02:22 635] tts        657  TTS_MSG_GETAUDIO  0  
[2025/08/10 20:02:22 635] tts        485  get audio|use local  
[2025/08/10 20:02:22 635] tts        498  local audiolen:  2016  ,ced:  15  
[2025/08/10 20:02:22 635] tts        527  0  udata(6007f148) 1  
[2025/08/10 20:02:22 637] tts        657  TTS_MSG_GETAUDIO  0  
[2025/08/10 20:02:22 637] tts        485  get audio|use local  
[2025/08/10 20:02:22 637] tts        498  local audiolen:  1976  ,ced:  15  
[2025/08/10 20:02:22 637] tts        527  0  udata(6007f298) 1  
[2025/08/10 20:02:22 638] tts        657  TTS_MSG_GETAUDIO  0  
[2025/08/10 20:02:22 638] tts        485  get audio|use local  
[2025/08/10 20:02:22 638] tts        498  local audiolen:  1932  ,ced:  15  
[2025/08/10 20:02:22 639] tts        527  0  udata(6007f3e8) 1  
[2025/08/10 20:02:22 640] tts        657  TTS_MSG_GETAUDIO  0  
[2025/08/10 20:02:22 640] tts        485  get audio|use local  
[2025/08/10 20:02:22 640] tts        498  local audiolen:  2022  ,ced:  15  
[2025/08/10 20:02:22 641] tts        527  0  udata(6007e628) 1  
[2025/08/10 20:02:22 643] tts        301  0  0  
[2025/08/10 20:02:22 643] tts        312  TTS_LOCAL_CB_END,  2  
[2025/08/10 20:02:22 644] tts        657  TTS_MSG_GETAUDIO  0  
[2025/08/10 20:02:22 644] tts        485  get audio|use local  
[2025/08/10 20:02:22 644] tts        498  local audiolen:  1996  ,ced:  15  
[2025/08/10 20:02:22 644] tts        527  0  udata(6007e918) 1  
[2025/08/10 20:02:22 645] tts        657  TTS_MSG_GETAUDIO  0  
[2025/08/10 20:02:22 645] tts        485  get audio|use local  
[2025/08/10 20:02:22 645] tts        498  local audiolen:  2030  ,ced:  15  
[2025/08/10 20:02:22 645] tts        527  0  udata(6007e968) 1  
[2025/08/10 20:02:22 646] tts        657  TTS_MSG_GETAUDIO  0  
[2025/08/10 20:02:22 646] tts        485  get audio|use local  
[2025/08/10 20:02:22 646] tts        498  local audiolen:  2006  ,ced:  15  
[2025/08/10 20:02:22 647] tts        527  0  udata(6007e9b8) 1  
[2025/08/10 20:02:22 648] tts        657  TTS_MSG_GETAUDIO  0  
[2025/08/10 20:02:22 648] tts        485  get audio|use local  
[2025/08/10 20:02:22 648] tts        498  local audiolen:  2016  ,ced:  15  
[2025/08/10 20:02:22 648] tts        527  0  udata(6007ea08) 1  
[2025/08/10 20:02:22 649] tts        657  TTS_MSG_GETAUDIO  0  
[2025/08/10 20:02:22 649] tts        485  get audio|use local  
[2025/08/10 20:02:22 649] tts        498  local audiolen:  2016  ,ced:  15  
[2025/08/10 20:02:22 649] tts        527  0  udata(6007ea58) 1  
[2025/08/10 20:02:22 650] tts        657  TTS_MSG_GETAUDIO  0  
[2025/08/10 20:02:22 650] tts        485  get audio|use local  
[2025/08/10 20:02:22 650] tts        498  local audiolen:  960  ,ced:  15  
[2025/08/10 20:02:22 650] tts        527  0  udata(600223d8) 2  
[2025/08/10 20:02:22 651] tts        660  TTS_MSG_SSE  
[2025/08/10 20:02:22 653] tts        585  sse|use local  
[2025/08/10 20:02:22 655] tts        603  tts exit  
[2025/08/10 20:02:22 663] tts        667  SYS_MSG_UNLOAD  
