============================================================
Time  2025/08/10 20:33:52 849 
============================================================
[2025/08/10 20:33:52 849] tts        676  SYS_MSG_REGCB param0 =  msp_status_cb  param1 =  func(84014a30) 
[2025/08/10 20:33:52 853] config     43   use general cloud  
[2025/08/10 20:33:52 860] tts_cloud  1417 SYS_MSG_REGCB_CLOUD param0 =   msp_status_cb  param1 =  func(84014a30) 
[2025/08/10 20:33:52 861] tts        647  TTS_MSG_SSB  
[2025/08/10 20:33:52 861] tts        375  params =  engine_type = local,voice_name=xiaoyan, text_encoding = UTF8, tts_res_path = fo|res/tts/xiaoyan.jet;fo|res/tts/common.jet, sample_rate = 16000, speed = 50, volume = 80, pitch = 50, rdn = 2  
[2025/08/10 20:33:52 861] tts        412  ssb|use local  
[2025/08/10 20:33:52 861] tts        349  local_session_begin  
[2025/08/10 20:33:52 883] tts        654  TTS_MSG_SYN  0  
[2025/08/10 20:33:52 883] tts        451  synth|use local  
[2025/08/10 20:33:52 884] tts        657  TTS_MSG_GETAUDIO  0  
[2025/08/10 20:33:52 884] tts        485  get audio|use local  
[2025/08/10 20:33:52 884] tts        527  0  nil  1  
[2025/08/10 20:33:52 885] tts        657  TTS_MSG_GETAUDIO  0  
[2025/08/10 20:33:52 885] tts        485  get audio|use local  
[2025/08/10 20:33:52 885] tts        527  0  nil  1  
[2025/08/10 20:33:52 885] tts        657  TTS_MSG_GETAUDIO  0  
[2025/08/10 20:33:52 885] tts        485  get audio|use local  
[2025/08/10 20:33:52 885] tts        527  0  nil  1  
[2025/08/10 20:33:52 886] tts        657  TTS_MSG_GETAUDIO  0  
[2025/08/10 20:33:52 886] tts        485  get audio|use local  
[2025/08/10 20:33:52 886] tts        527  0  nil  1  
[2025/08/10 20:33:52 887] tts        657  TTS_MSG_GETAUDIO  0  
[2025/08/10 20:33:52 887] tts        485  get audio|use local  
[2025/08/10 20:33:52 887] tts        527  0  nil  1  
[2025/08/10 20:33:52 887] tts        657  TTS_MSG_GETAUDIO  0  
[2025/08/10 20:33:52 887] tts        485  get audio|use local  
[2025/08/10 20:33:52 887] tts        527  0  nil  1  
[2025/08/10 20:33:52 888] tts        657  TTS_MSG_GETAUDIO  0  
[2025/08/10 20:33:52 888] tts        485  get audio|use local  
[2025/08/10 20:33:52 888] tts        527  0  nil  1  
[2025/08/10 20:33:52 889] tts        657  TTS_MSG_GETAUDIO  0  
[2025/08/10 20:33:52 889] tts        485  get audio|use local  
[2025/08/10 20:33:52 889] tts        527  0  nil  1  
[2025/08/10 20:33:52 889] tts        657  TTS_MSG_GETAUDIO  0  
[2025/08/10 20:33:52 889] tts        485  get audio|use local  
[2025/08/10 20:33:52 889] tts        527  0  nil  1  
[2025/08/10 20:33:52 890] tts        657  TTS_MSG_GETAUDIO  0  
[2025/08/10 20:33:52 890] tts        485  get audio|use local  
[2025/08/10 20:33:52 890] tts        527  0  nil  1  
[2025/08/10 20:33:52 891] tts        657  TTS_MSG_GETAUDIO  0  
[2025/08/10 20:33:52 891] tts        485  get audio|use local  
[2025/08/10 20:33:52 891] tts        527  0  nil  1  
[2025/08/10 20:33:52 891] tts        657  TTS_MSG_GETAUDIO  0  
[2025/08/10 20:33:52 891] tts        485  get audio|use local  
[2025/08/10 20:33:52 892] tts        527  0  nil  1  
[2025/08/10 20:33:52 892] tts        657  TTS_MSG_GETAUDIO  0  
[2025/08/10 20:33:52 892] tts        485  get audio|use local  
[2025/08/10 20:33:52 892] tts        527  0  nil  1  
[2025/08/10 20:33:52 893] tts        657  TTS_MSG_GETAUDIO  0  
[2025/08/10 20:33:52 893] tts        485  get audio|use local  
[2025/08/10 20:33:52 893] tts        527  0  nil  1  
[2025/08/10 20:33:52 894] tts        657  TTS_MSG_GETAUDIO  0  
[2025/08/10 20:33:52 894] tts        485  get audio|use local  
[2025/08/10 20:33:52 894] tts        527  0  nil  1  
[2025/08/10 20:33:52 894] tts        657  TTS_MSG_GETAUDIO  0  
[2025/08/10 20:33:52 894] tts        485  get audio|use local  
[2025/08/10 20:33:52 895] tts        527  0  nil  1  
[2025/08/10 20:33:52 895] tts        657  TTS_MSG_GETAUDIO  0  
[2025/08/10 20:33:52 895] tts        485  get audio|use local  
[2025/08/10 20:33:52 895] tts        527  0  nil  1  
[2025/08/10 20:33:52 896] tts        657  TTS_MSG_GETAUDIO  0  
[2025/08/10 20:33:52 896] tts        485  get audio|use local  
[2025/08/10 20:33:52 896] tts        527  0  nil  1  
[2025/08/10 20:33:52 897] tts        657  TTS_MSG_GETAUDIO  0  
[2025/08/10 20:33:52 897] tts        485  get audio|use local  
[2025/08/10 20:33:52 897] tts        527  0  nil  1  
[2025/08/10 20:33:52 900] tts        657  TTS_MSG_GETAUDIO  0  
[2025/08/10 20:33:52 900] tts        485  get audio|use local  
[2025/08/10 20:33:52 900] tts        527  0  nil  1  
[2025/08/10 20:33:52 901] tts        657  TTS_MSG_GETAUDIO  0  
[2025/08/10 20:33:52 901] tts        485  get audio|use local  
[2025/08/10 20:33:52 901] tts        527  0  nil  1  
[2025/08/10 20:33:52 902] tts        657  TTS_MSG_GETAUDIO  0  
[2025/08/10 20:33:52 902] tts        485  get audio|use local  
[2025/08/10 20:33:52 902] tts        527  0  nil  1  
[2025/08/10 20:33:52 902] tts        657  TTS_MSG_GETAUDIO  0  
[2025/08/10 20:33:52 903] tts        485  get audio|use local  
[2025/08/10 20:33:52 903] tts        527  0  nil  1  
[2025/08/10 20:33:52 905] tts        657  TTS_MSG_GETAUDIO  0  
[2025/08/10 20:33:52 905] tts        485  get audio|use local  
[2025/08/10 20:33:52 905] tts        527  0  nil  1  
[2025/08/10 20:33:52 906] tts        657  TTS_MSG_GETAUDIO  0  
[2025/08/10 20:33:52 906] tts        485  get audio|use local  
[2025/08/10 20:33:52 906] tts        527  0  nil  1  
[2025/08/10 20:33:52 906] tts        657  TTS_MSG_GETAUDIO  0  
[2025/08/10 20:33:52 907] tts        485  get audio|use local  
[2025/08/10 20:33:52 907] tts        527  0  nil  1  
[2025/08/10 20:33:52 907] tts        657  TTS_MSG_GETAUDIO  0  
[2025/08/10 20:33:52 907] tts        485  get audio|use local  
[2025/08/10 20:33:52 907] tts        527  0  nil  1  
[2025/08/10 20:33:52 908] tts        657  TTS_MSG_GETAUDIO  0  
[2025/08/10 20:33:52 908] tts        485  get audio|use local  
[2025/08/10 20:33:52 908] tts        527  0  nil  1  
[2025/08/10 20:33:52 908] tts        657  TTS_MSG_GETAUDIO  0  
[2025/08/10 20:33:52 908] tts        485  get audio|use local  
[2025/08/10 20:33:52 908] tts        527  0  nil  1  
[2025/08/10 20:33:52 910] tts        657  TTS_MSG_GETAUDIO  0  
[2025/08/10 20:33:52 910] tts        485  get audio|use local  
[2025/08/10 20:33:52 910] tts        527  0  nil  1  
[2025/08/10 20:33:52 911] tts        657  TTS_MSG_GETAUDIO  0  
[2025/08/10 20:33:52 911] tts        485  get audio|use local  
[2025/08/10 20:33:52 911] tts        527  0  nil  1  
[2025/08/10 20:33:52 912] tts        657  TTS_MSG_GETAUDIO  0  
[2025/08/10 20:33:52 912] tts        485  get audio|use local  
[2025/08/10 20:33:52 912] tts        527  0  nil  1  
[2025/08/10 20:33:52 913] tts        657  TTS_MSG_GETAUDIO  0  
[2025/08/10 20:33:52 913] tts        485  get audio|use local  
[2025/08/10 20:33:52 913] tts        527  0  nil  1  
[2025/08/10 20:33:52 914] tts        657  TTS_MSG_GETAUDIO  0  
[2025/08/10 20:33:52 914] tts        485  get audio|use local  
[2025/08/10 20:33:52 914] tts        527  0  nil  1  
[2025/08/10 20:33:52 915] tts        657  TTS_MSG_GETAUDIO  0  
[2025/08/10 20:33:52 915] tts        485  get audio|use local  
[2025/08/10 20:33:52 915] tts        527  0  nil  1  
[2025/08/10 20:33:52 916] tts        657  TTS_MSG_GETAUDIO  0  
[2025/08/10 20:33:52 916] tts        485  get audio|use local  
[2025/08/10 20:33:52 917] tts        527  0  nil  1  
[2025/08/10 20:33:52 917] tts        657  TTS_MSG_GETAUDIO  0  
[2025/08/10 20:33:52 918] tts        485  get audio|use local  
[2025/08/10 20:33:52 918] tts        527  0  nil  1  
[2025/08/10 20:33:52 919] tts        657  TTS_MSG_GETAUDIO  0  
[2025/08/10 20:33:52 919] tts        485  get audio|use local  
[2025/08/10 20:33:52 919] tts        527  0  nil  1  
[2025/08/10 20:33:52 919] tts        657  TTS_MSG_GETAUDIO  0  
[2025/08/10 20:33:52 920] tts        485  get audio|use local  
[2025/08/10 20:33:52 920] tts        527  0  nil  1  
[2025/08/10 20:33:52 920] tts        657  TTS_MSG_GETAUDIO  0  
[2025/08/10 20:33:52 921] tts        485  get audio|use local  
[2025/08/10 20:33:52 921] tts        527  0  nil  1  
[2025/08/10 20:33:52 921] tts        657  TTS_MSG_GETAUDIO  0  
[2025/08/10 20:33:52 921] tts        485  get audio|use local  
[2025/08/10 20:33:52 922] tts        527  0  nil  1  
[2025/08/10 20:33:52 922] tts        657  TTS_MSG_GETAUDIO  0  
[2025/08/10 20:33:52 923] tts        485  get audio|use local  
[2025/08/10 20:33:52 923] tts        527  0  nil  1  
[2025/08/10 20:33:52 924] tts        657  TTS_MSG_GETAUDIO  0  
[2025/08/10 20:33:52 924] tts        485  get audio|use local  
[2025/08/10 20:33:52 924] tts        527  0  nil  1  
[2025/08/10 20:33:52 925] tts        657  TTS_MSG_GETAUDIO  0  
[2025/08/10 20:33:52 925] tts        485  get audio|use local  
[2025/08/10 20:33:52 925] tts        527  0  nil  1  
[2025/08/10 20:33:52 926] tts        657  TTS_MSG_GETAUDIO  0  
[2025/08/10 20:33:52 927] tts        485  get audio|use local  
[2025/08/10 20:33:52 927] tts        527  0  nil  1  
[2025/08/10 20:33:52 928] tts        657  TTS_MSG_GETAUDIO  0  
[2025/08/10 20:33:52 928] tts        485  get audio|use local  
[2025/08/10 20:33:52 928] tts        527  0  nil  1  
[2025/08/10 20:33:52 929] tts        657  TTS_MSG_GETAUDIO  0  
[2025/08/10 20:33:52 929] tts        485  get audio|use local  
[2025/08/10 20:33:52 929] tts        527  0  nil  1  
[2025/08/10 20:33:52 930] tts        657  TTS_MSG_GETAUDIO  0  
[2025/08/10 20:33:52 930] tts        485  get audio|use local  
[2025/08/10 20:33:52 930] tts        527  0  nil  1  
[2025/08/10 20:33:52 931] tts        657  TTS_MSG_GETAUDIO  0  
[2025/08/10 20:33:52 931] tts        485  get audio|use local  
[2025/08/10 20:33:52 931] tts        527  0  nil  1  
[2025/08/10 20:33:52 932] tts        657  TTS_MSG_GETAUDIO  0  
[2025/08/10 20:33:52 932] tts        485  get audio|use local  
[2025/08/10 20:33:52 932] tts        527  0  nil  1  
[2025/08/10 20:33:52 933] tts        657  TTS_MSG_GETAUDIO  0  
[2025/08/10 20:33:52 933] tts        485  get audio|use local  
[2025/08/10 20:33:52 934] tts        527  0  nil  1  
[2025/08/10 20:33:52 935] tts        657  TTS_MSG_GETAUDIO  0  
[2025/08/10 20:33:52 935] tts        485  get audio|use local  
[2025/08/10 20:33:52 935] tts        527  0  nil  1  
[2025/08/10 20:33:52 936] tts        657  TTS_MSG_GETAUDIO  0  
[2025/08/10 20:33:52 936] tts        485  get audio|use local  
[2025/08/10 20:33:52 936] tts        527  0  nil  1  
[2025/08/10 20:33:52 937] tts        657  TTS_MSG_GETAUDIO  0  
[2025/08/10 20:33:52 937] tts        485  get audio|use local  
[2025/08/10 20:33:52 937] tts        527  0  nil  1  
[2025/08/10 20:33:52 940] tts        657  TTS_MSG_GETAUDIO  0  
[2025/08/10 20:33:52 940] tts        485  get audio|use local  
[2025/08/10 20:33:52 941] tts        527  0  nil  1  
[2025/08/10 20:33:52 942] tts        657  TTS_MSG_GETAUDIO  0  
[2025/08/10 20:33:52 942] tts        485  get audio|use local  
[2025/08/10 20:33:52 943] tts        527  0  nil  1  
[2025/08/10 20:33:52 944] tts        657  TTS_MSG_GETAUDIO  0  
[2025/08/10 20:33:52 944] tts        485  get audio|use local  
[2025/08/10 20:33:52 944] tts        527  0  nil  1  
[2025/08/10 20:33:52 945] tts        657  TTS_MSG_GETAUDIO  0  
[2025/08/10 20:33:52 945] tts        485  get audio|use local  
[2025/08/10 20:33:52 945] tts        527  0  nil  1  
[2025/08/10 20:33:52 946] tts        657  TTS_MSG_GETAUDIO  0  
[2025/08/10 20:33:52 946] tts        485  get audio|use local  
[2025/08/10 20:33:52 946] tts        527  0  nil  1  
[2025/08/10 20:33:52 947] tts        657  TTS_MSG_GETAUDIO  0  
[2025/08/10 20:33:52 947] tts        485  get audio|use local  
[2025/08/10 20:33:52 948] tts        527  0  nil  1  
[2025/08/10 20:33:52 949] tts        657  TTS_MSG_GETAUDIO  0  
[2025/08/10 20:33:52 951] tts        485  get audio|use local  
[2025/08/10 20:33:52 951] tts        527  0  nil  1  
[2025/08/10 20:33:52 955] tts        657  TTS_MSG_GETAUDIO  0  
[2025/08/10 20:33:52 957] tts        485  get audio|use local  
[2025/08/10 20:33:52 957] tts        527  0  nil  1  
[2025/08/10 20:33:52 958] tts        657  TTS_MSG_GETAUDIO  0  
[2025/08/10 20:33:52 958] tts        485  get audio|use local  
[2025/08/10 20:33:52 958] tts        527  0  nil  1  
[2025/08/10 20:33:52 960] tts        657  TTS_MSG_GETAUDIO  0  
[2025/08/10 20:33:52 960] tts        485  get audio|use local  
[2025/08/10 20:33:52 960] tts        527  0  nil  1  
[2025/08/10 20:33:52 962] tts        657  TTS_MSG_GETAUDIO  0  
[2025/08/10 20:33:52 962] tts        485  get audio|use local  
[2025/08/10 20:33:52 962] tts        527  0  nil  1  
[2025/08/10 20:33:52 965] tts        657  TTS_MSG_GETAUDIO  0  
[2025/08/10 20:33:52 965] tts        485  get audio|use local  
[2025/08/10 20:33:52 965] tts        527  0  nil  1  
[2025/08/10 20:33:52 967] tts        657  TTS_MSG_GETAUDIO  0  
[2025/08/10 20:33:52 967] tts        485  get audio|use local  
[2025/08/10 20:33:52 967] tts        527  0  nil  1  
[2025/08/10 20:33:52 969] tts        657  TTS_MSG_GETAUDIO  0  
[2025/08/10 20:33:52 969] tts        485  get audio|use local  
[2025/08/10 20:33:52 969] tts        527  0  nil  1  
[2025/08/10 20:33:52 969] tts        657  TTS_MSG_GETAUDIO  0  
[2025/08/10 20:33:52 970] tts        485  get audio|use local  
[2025/08/10 20:33:52 970] tts        527  0  nil  1  
[2025/08/10 20:33:52 970] tts        657  TTS_MSG_GETAUDIO  0  
[2025/08/10 20:33:52 970] tts        485  get audio|use local  
[2025/08/10 20:33:52 970] tts        527  0  nil  1  
[2025/08/10 20:33:52 971] tts        657  TTS_MSG_GETAUDIO  0  
[2025/08/10 20:33:52 971] tts        485  get audio|use local  
[2025/08/10 20:33:52 972] tts        527  0  nil  1  
[2025/08/10 20:33:52 972] tts        657  TTS_MSG_GETAUDIO  0  
[2025/08/10 20:33:52 972] tts        485  get audio|use local  
[2025/08/10 20:33:52 972] tts        527  0  nil  1  
[2025/08/10 20:33:52 973] tts        657  TTS_MSG_GETAUDIO  0  
[2025/08/10 20:33:52 973] tts        485  get audio|use local  
[2025/08/10 20:33:52 973] tts        527  0  nil  1  
[2025/08/10 20:33:52 974] tts        657  TTS_MSG_GETAUDIO  0  
[2025/08/10 20:33:52 974] tts        485  get audio|use local  
[2025/08/10 20:33:52 974] tts        527  0  nil  1  
[2025/08/10 20:33:52 975] tts        657  TTS_MSG_GETAUDIO  0  
[2025/08/10 20:33:52 975] tts        485  get audio|use local  
[2025/08/10 20:33:52 975] tts        527  0  nil  1  
[2025/08/10 20:33:52 976] tts        657  TTS_MSG_GETAUDIO  0  
[2025/08/10 20:33:52 976] tts        485  get audio|use local  
[2025/08/10 20:33:52 976] tts        527  0  nil  1  
[2025/08/10 20:33:52 977] tts        657  TTS_MSG_GETAUDIO  0  
[2025/08/10 20:33:52 977] tts        485  get audio|use local  
[2025/08/10 20:33:52 977] tts        527  0  nil  1  
[2025/08/10 20:33:52 978] tts        657  TTS_MSG_GETAUDIO  0  
[2025/08/10 20:33:52 978] tts        485  get audio|use local  
[2025/08/10 20:33:52 978] tts        527  0  nil  1  
[2025/08/10 20:33:52 979] tts        657  TTS_MSG_GETAUDIO  0  
[2025/08/10 20:33:52 979] tts        485  get audio|use local  
[2025/08/10 20:33:52 979] tts        527  0  nil  1  
[2025/08/10 20:33:52 980] tts        657  TTS_MSG_GETAUDIO  0  
[2025/08/10 20:33:52 980] tts        485  get audio|use local  
[2025/08/10 20:33:52 980] tts        527  0  nil  1  
[2025/08/10 20:33:52 980] tts        657  TTS_MSG_GETAUDIO  0  
[2025/08/10 20:33:52 981] tts        485  get audio|use local  
[2025/08/10 20:33:52 981] tts        527  0  nil  1  
[2025/08/10 20:33:52 981] tts        657  TTS_MSG_GETAUDIO  0  
[2025/08/10 20:33:52 981] tts        485  get audio|use local  
[2025/08/10 20:33:52 982] tts        527  0  nil  1  
[2025/08/10 20:33:52 982] tts        657  TTS_MSG_GETAUDIO  0  
[2025/08/10 20:33:52 982] tts        485  get audio|use local  
[2025/08/10 20:33:52 982] tts        527  0  nil  1  
[2025/08/10 20:33:52 983] tts        657  TTS_MSG_GETAUDIO  0  
[2025/08/10 20:33:52 983] tts        485  get audio|use local  
[2025/08/10 20:33:52 983] tts        527  0  nil  1  
[2025/08/10 20:33:52 984] tts        657  TTS_MSG_GETAUDIO  0  
[2025/08/10 20:33:52 985] tts        485  get audio|use local  
[2025/08/10 20:33:52 985] tts        527  0  nil  1  
[2025/08/10 20:33:52 986] tts        657  TTS_MSG_GETAUDIO  0  
[2025/08/10 20:33:52 987] tts        485  get audio|use local  
[2025/08/10 20:33:52 987] tts        527  0  nil  1  
[2025/08/10 20:33:52 988] tts        299  TTS_LOCAL_CB_BEGIN  
[2025/08/10 20:33:52 989] tts        657  TTS_MSG_GETAUDIO  0  
[2025/08/10 20:33:52 990] tts        485  get audio|use local  
[2025/08/10 20:33:52 990] tts        498  local audiolen:  2042  ,ced:  31  
[2025/08/10 20:33:52 990] tts        527  0  udata(8407caf8) 1  
[2025/08/10 20:33:52 992] tts        657  TTS_MSG_GETAUDIO  0  
[2025/08/10 20:33:52 992] tts        485  get audio|use local  
[2025/08/10 20:33:52 993] tts        498  local audiolen:  2016  ,ced:  31  
[2025/08/10 20:33:52 993] tts        527  0  udata(8407cde8) 1  
[2025/08/10 20:33:52 995] tts        657  TTS_MSG_GETAUDIO  0  
[2025/08/10 20:33:52 995] tts        485  get audio|use local  
[2025/08/10 20:33:52 996] tts        498  local audiolen:  2018  ,ced:  31  
[2025/08/10 20:33:52 996] tts        527  0  udata(84087e18) 1  
[2025/08/10 20:33:52 998] tts        657  TTS_MSG_GETAUDIO  0  
[2025/08/10 20:33:52 998] tts        485  get audio|use local  
[2025/08/10 20:33:52 998] tts        498  local audiolen:  2018  ,ced:  31  
[2025/08/10 20:33:52 999] tts        527  0  udata(84088068) 1  
[2025/08/10 20:33:53 001] tts        657  TTS_MSG_GETAUDIO  0  
[2025/08/10 20:33:53 002] tts        485  get audio|use local  
[2025/08/10 20:33:53 002] tts        498  local audiolen:  2034  ,ced:  31  
[2025/08/10 20:33:53 002] tts        527  0  udata(84087628) 1  
[2025/08/10 20:33:53 006] tts        657  TTS_MSG_GETAUDIO  0  
[2025/08/10 20:33:53 006] tts        485  get audio|use local  
[2025/08/10 20:33:53 007] tts        498  local audiolen:  2046  ,ced:  31  
[2025/08/10 20:33:53 007] tts        527  0  udata(8407e0e8) 1  
[2025/08/10 20:33:53 011] tts        657  TTS_MSG_GETAUDIO  0  
[2025/08/10 20:33:53 012] tts        485  get audio|use local  
[2025/08/10 20:33:53 012] tts        498  local audiolen:  1962  ,ced:  31  
[2025/08/10 20:33:53 013] tts        527  0  udata(8407e098) 1  
[2025/08/10 20:33:53 015] tts        657  TTS_MSG_GETAUDIO  0  
[2025/08/10 20:33:53 015] tts        485  get audio|use local  
[2025/08/10 20:33:53 015] tts        498  local audiolen:  2014  ,ced:  31  
[2025/08/10 20:33:53 015] tts        527  0  udata(8407f408) 1  
[2025/08/10 20:33:53 017] tts        657  TTS_MSG_GETAUDIO  0  
[2025/08/10 20:33:53 017] tts        485  get audio|use local  
[2025/08/10 20:33:53 017] tts        498  local audiolen:  2036  ,ced:  31  
[2025/08/10 20:33:53 017] tts        527  0  udata(8407e6e8) 1  
[2025/08/10 20:33:53 019] tts        657  TTS_MSG_GETAUDIO  0  
[2025/08/10 20:33:53 019] tts        485  get audio|use local  
[2025/08/10 20:33:53 020] tts        498  local audiolen:  2028  ,ced:  31  
[2025/08/10 20:33:53 020] tts        527  0  udata(8407d8d8) 1  
[2025/08/10 20:33:53 022] tts        657  TTS_MSG_GETAUDIO  0  
[2025/08/10 20:33:53 022] tts        485  get audio|use local  
[2025/08/10 20:33:53 022] tts        498  local audiolen:  1912  ,ced:  31  
[2025/08/10 20:33:53 022] tts        527  0  udata(8407db28) 1  
[2025/08/10 20:33:53 024] tts        657  TTS_MSG_GETAUDIO  0  
[2025/08/10 20:33:53 025] tts        485  get audio|use local  
[2025/08/10 20:33:53 025] tts        498  local audiolen:  1938  ,ced:  31  
[2025/08/10 20:33:53 025] tts        527  0  udata(8407de78) 1  
[2025/08/10 20:33:53 028] tts        657  TTS_MSG_GETAUDIO  0  
[2025/08/10 20:33:53 028] tts        485  get audio|use local  
[2025/08/10 20:33:53 028] tts        498  local audiolen:  2036  ,ced:  31  
[2025/08/10 20:33:53 028] tts        527  0  udata(8407ea48) 1  
[2025/08/10 20:33:53 030] tts        657  TTS_MSG_GETAUDIO  0  
[2025/08/10 20:33:53 030] tts        485  get audio|use local  
[2025/08/10 20:33:53 030] tts        498  local audiolen:  2016  ,ced:  31  
[2025/08/10 20:33:53 030] tts        527  0  udata(8407ec98) 1  
[2025/08/10 20:33:53 032] tts        301  0  0  
[2025/08/10 20:33:53 032] tts        312  TTS_LOCAL_CB_END,  2  
[2025/08/10 20:33:53 033] tts        657  TTS_MSG_GETAUDIO  0  
[2025/08/10 20:33:53 033] tts        485  get audio|use local  
[2025/08/10 20:33:53 033] tts        498  local audiolen:  2026  ,ced:  31  
[2025/08/10 20:33:53 033] tts        527  0  udata(8407ef88) 1  
[2025/08/10 20:33:53 034] tts        657  TTS_MSG_GETAUDIO  0  
[2025/08/10 20:33:53 034] tts        485  get audio|use local  
[2025/08/10 20:33:53 034] tts        498  local audiolen:  2030  ,ced:  31  
[2025/08/10 20:33:53 036] tts        527  0  udata(8407efd8) 1  
[2025/08/10 20:33:53 037] tts        657  TTS_MSG_GETAUDIO  0  
[2025/08/10 20:33:53 038] tts        485  get audio|use local  
[2025/08/10 20:33:53 038] tts        498  local audiolen:  1992  ,ced:  31  
[2025/08/10 20:33:53 038] tts        527  0  udata(8407f028) 1  
[2025/08/10 20:33:53 039] tts        657  TTS_MSG_GETAUDIO  0  
[2025/08/10 20:33:53 039] tts        485  get audio|use local  
[2025/08/10 20:33:53 039] tts        498  local audiolen:  2034  ,ced:  31  
[2025/08/10 20:33:53 039] tts        527  0  udata(8407f078) 1  
[2025/08/10 20:33:53 040] tts        657  TTS_MSG_GETAUDIO  0  
[2025/08/10 20:33:53 040] tts        485  get audio|use local  
[2025/08/10 20:33:53 040] tts        498  local audiolen:  2024  ,ced:  31  
[2025/08/10 20:33:53 041] tts        527  0  udata(8407f0c8) 1  
[2025/08/10 20:33:53 041] tts        657  TTS_MSG_GETAUDIO  0  
[2025/08/10 20:33:53 042] tts        485  get audio|use local  
[2025/08/10 20:33:53 042] tts        498  local audiolen:  1954  ,ced:  31  
[2025/08/10 20:33:53 042] tts        527  0  udata(8407f118) 1  
[2025/08/10 20:33:53 043] tts        657  TTS_MSG_GETAUDIO  0  
[2025/08/10 20:33:53 043] tts        485  get audio|use local  
[2025/08/10 20:33:53 043] tts        498  local audiolen:  2046  ,ced:  31  
[2025/08/10 20:33:53 043] tts        527  0  udata(8407f168) 1  
[2025/08/10 20:33:53 044] tts        657  TTS_MSG_GETAUDIO  0  
[2025/08/10 20:33:53 044] tts        485  get audio|use local  
[2025/08/10 20:33:53 044] tts        498  local audiolen:  1958  ,ced:  31  
[2025/08/10 20:33:53 044] tts        527  0  udata(8407f1b8) 1  
[2025/08/10 20:33:53 045] tts        657  TTS_MSG_GETAUDIO  0  
[2025/08/10 20:33:53 045] tts        485  get audio|use local  
[2025/08/10 20:33:53 045] tts        498  local audiolen:  1998  ,ced:  31  
[2025/08/10 20:33:53 045] tts        527  0  udata(84022a48) 1  
[2025/08/10 20:33:53 046] tts        657  TTS_MSG_GETAUDIO  0  
[2025/08/10 20:33:53 046] tts        485  get audio|use local  
[2025/08/10 20:33:53 046] tts        498  local audiolen:  2016  ,ced:  31  
[2025/08/10 20:33:53 046] tts        527  0  udata(84022268) 1  
[2025/08/10 20:33:53 047] tts        657  TTS_MSG_GETAUDIO  0  
[2025/08/10 20:33:53 047] tts        485  get audio|use local  
[2025/08/10 20:33:53 048] tts        498  local audiolen:  1984  ,ced:  31  
[2025/08/10 20:33:53 048] tts        527  0  udata(840222b8) 1  
[2025/08/10 20:33:53 048] tts        657  TTS_MSG_GETAUDIO  0  
[2025/08/10 20:33:53 049] tts        485  get audio|use local  
[2025/08/10 20:33:53 049] tts        498  local audiolen:  1946  ,ced:  31  
[2025/08/10 20:33:53 049] tts        527  0  udata(84022308) 1  
[2025/08/10 20:33:53 051] tts        657  TTS_MSG_GETAUDIO  0  
[2025/08/10 20:33:53 051] tts        485  get audio|use local  
[2025/08/10 20:33:53 052] tts        498  local audiolen:  2002  ,ced:  31  
[2025/08/10 20:33:53 054] tts        527  0  udata(84022358) 1  
[2025/08/10 20:33:53 068] tts        657  TTS_MSG_GETAUDIO  0  
[2025/08/10 20:33:53 068] tts        485  get audio|use local  
[2025/08/10 20:33:53 068] tts        498  local audiolen:  1994  ,ced:  31  
[2025/08/10 20:33:53 069] tts        527  0  udata(840223a8) 1  
[2025/08/10 20:33:53 071] tts        657  TTS_MSG_GETAUDIO  0  
[2025/08/10 20:33:53 071] tts        485  get audio|use local  
[2025/08/10 20:33:53 071] tts        498  local audiolen:  2028  ,ced:  31  
[2025/08/10 20:33:53 072] tts        527  0  udata(8407d418) 1  
[2025/08/10 20:33:53 073] tts        657  TTS_MSG_GETAUDIO  0  
[2025/08/10 20:33:53 073] tts        485  get audio|use local  
[2025/08/10 20:33:53 073] tts        498  local audiolen:  2042  ,ced:  31  
[2025/08/10 20:33:53 073] tts        527  0  udata(8407d468) 1  
[2025/08/10 20:33:53 075] tts        657  TTS_MSG_GETAUDIO  0  
[2025/08/10 20:33:53 075] tts        485  get audio|use local  
[2025/08/10 20:33:53 075] tts        498  local audiolen:  2018  ,ced:  31  
[2025/08/10 20:33:53 075] tts        527  0  udata(8407d3a8) 1  
[2025/08/10 20:33:53 076] tts        657  TTS_MSG_GETAUDIO  0  
[2025/08/10 20:33:53 076] tts        485  get audio|use local  
[2025/08/10 20:33:53 076] tts        498  local audiolen:  1950  ,ced:  31  
[2025/08/10 20:33:53 076] tts        527  0  udata(8407d4b8) 1  
[2025/08/10 20:33:53 077] tts        657  TTS_MSG_GETAUDIO  0  
[2025/08/10 20:33:53 077] tts        485  get audio|use local  
[2025/08/10 20:33:53 077] tts        498  local audiolen:  2028  ,ced:  31  
[2025/08/10 20:33:53 079] tts        527  0  udata(8407d508) 1  
[2025/08/10 20:33:53 080] tts        657  TTS_MSG_GETAUDIO  0  
[2025/08/10 20:33:53 080] tts        485  get audio|use local  
[2025/08/10 20:33:53 081] tts        498  local audiolen:  1944  ,ced:  31  
[2025/08/10 20:33:53 081] tts        527  0  udata(8407d558) 1  
[2025/08/10 20:33:53 082] tts        657  TTS_MSG_GETAUDIO  0  
[2025/08/10 20:33:53 082] tts        485  get audio|use local  
[2025/08/10 20:33:53 082] tts        498  local audiolen:  2044  ,ced:  31  
[2025/08/10 20:33:53 082] tts        527  0  udata(8407d5a8) 1  
[2025/08/10 20:33:53 083] tts        657  TTS_MSG_GETAUDIO  0  
[2025/08/10 20:33:53 084] tts        485  get audio|use local  
[2025/08/10 20:33:53 084] tts        498  local audiolen:  1996  ,ced:  31  
[2025/08/10 20:33:53 084] tts        527  0  udata(8407d5f8) 1  
[2025/08/10 20:33:53 085] tts        657  TTS_MSG_GETAUDIO  0  
[2025/08/10 20:33:53 085] tts        485  get audio|use local  
[2025/08/10 20:33:53 085] tts        498  local audiolen:  1914  ,ced:  31  
[2025/08/10 20:33:53 086] tts        527  0  udata(8407d648) 1  
[2025/08/10 20:33:53 087] tts        657  TTS_MSG_GETAUDIO  0  
[2025/08/10 20:33:53 087] tts        485  get audio|use local  
[2025/08/10 20:33:53 087] tts        498  local audiolen:  1916  ,ced:  31  
[2025/08/10 20:33:53 087] tts        527  0  udata(84071268) 1  
[2025/08/10 20:33:53 089] tts        657  TTS_MSG_GETAUDIO  0  
[2025/08/10 20:33:53 089] tts        485  get audio|use local  
[2025/08/10 20:33:53 089] tts        498  local audiolen:  1964  ,ced:  31  
[2025/08/10 20:33:53 089] tts        527  0  udata(84023f78) 1  
[2025/08/10 20:33:53 090] tts        657  TTS_MSG_GETAUDIO  0  
[2025/08/10 20:33:53 090] tts        485  get audio|use local  
[2025/08/10 20:33:53 090] tts        498  local audiolen:  1996  ,ced:  31  
[2025/08/10 20:33:53 091] tts        527  0  udata(84023fc8) 1  
[2025/08/10 20:33:53 091] tts        657  TTS_MSG_GETAUDIO  0  
[2025/08/10 20:33:53 091] tts        485  get audio|use local  
[2025/08/10 20:33:53 092] tts        498  local audiolen:  2016  ,ced:  31  
[2025/08/10 20:33:53 092] tts        527  0  udata(84024018) 1  
[2025/08/10 20:33:53 093] tts        657  TTS_MSG_GETAUDIO  0  
[2025/08/10 20:33:53 093] tts        485  get audio|use local  
[2025/08/10 20:33:53 093] tts        498  local audiolen:  2016  ,ced:  31  
[2025/08/10 20:33:53 093] tts        527  0  udata(84024068) 1  
[2025/08/10 20:33:53 094] tts        657  TTS_MSG_GETAUDIO  0  
[2025/08/10 20:33:53 094] tts        485  get audio|use local  
[2025/08/10 20:33:53 095] tts        498  local audiolen:  576  ,ced:  31  
[2025/08/10 20:33:53 095] tts        527  0  udata(84022648) 2  
[2025/08/10 20:33:53 096] tts        660  TTS_MSG_SSE  
[2025/08/10 20:33:53 098] tts        585  sse|use local  
[2025/08/10 20:33:53 101] tts        603  tts exit  
[2025/08/10 20:33:53 101] tts        667  SYS_MSG_UNLOAD  
