============================================================
Time  2025/08/10 20:35:03 196 
============================================================
[2025/08/10 20:35:03 196] tts        676  SYS_MSG_REGCB param0 =  msp_status_cb  param1 =  func(88014a30) 
[2025/08/10 20:35:03 202] config     43   use general cloud  
[2025/08/10 20:35:03 216] tts_cloud  1417 SYS_MSG_REGCB_CLOUD param0 =   msp_status_cb  param1 =  func(88014a30) 
[2025/08/10 20:35:03 217] tts        647  TTS_MSG_SSB  
[2025/08/10 20:35:03 217] tts        375  params =  engine_type = local,voice_name=xiaoyan, text_encoding = UTF8, tts_res_path = fo|res/tts/xiaoyan.jet;fo|res/tts/common.jet, sample_rate = 16000, speed = 50, volume = 80, pitch = 50, rdn = 2  
[2025/08/10 20:35:03 217] tts        412  ssb|use local  
[2025/08/10 20:35:03 218] tts        349  local_session_begin  
[2025/08/10 20:35:03 226] tts        654  TTS_MSG_SYN  0  
[2025/08/10 20:35:03 226] tts        451  synth|use local  
[2025/08/10 20:35:03 228] tts        657  TTS_MSG_GETAUDIO  0  
[2025/08/10 20:35:03 228] tts        485  get audio|use local  
[2025/08/10 20:35:03 228] tts        527  0  nil  1  
[2025/08/10 20:35:03 229] tts        657  TTS_MSG_GETAUDIO  0  
[2025/08/10 20:35:03 229] tts        485  get audio|use local  
[2025/08/10 20:35:03 229] tts        527  0  nil  1  
[2025/08/10 20:35:03 229] tts        657  TTS_MSG_GETAUDIO  0  
[2025/08/10 20:35:03 229] tts        485  get audio|use local  
[2025/08/10 20:35:03 229] tts        527  0  nil  1  
[2025/08/10 20:35:03 230] tts        657  TTS_MSG_GETAUDIO  0  
[2025/08/10 20:35:03 231] tts        485  get audio|use local  
[2025/08/10 20:35:03 231] tts        527  0  nil  1  
[2025/08/10 20:35:03 231] tts        657  TTS_MSG_GETAUDIO  0  
[2025/08/10 20:35:03 232] tts        485  get audio|use local  
[2025/08/10 20:35:03 232] tts        527  0  nil  1  
[2025/08/10 20:35:03 233] tts        657  TTS_MSG_GETAUDIO  0  
[2025/08/10 20:35:03 233] tts        485  get audio|use local  
[2025/08/10 20:35:03 233] tts        527  0  nil  1  
[2025/08/10 20:35:03 234] tts        657  TTS_MSG_GETAUDIO  0  
[2025/08/10 20:35:03 234] tts        485  get audio|use local  
[2025/08/10 20:35:03 234] tts        527  0  nil  1  
[2025/08/10 20:35:03 234] tts        657  TTS_MSG_GETAUDIO  0  
[2025/08/10 20:35:03 235] tts        485  get audio|use local  
[2025/08/10 20:35:03 235] tts        527  0  nil  1  
[2025/08/10 20:35:03 235] tts        657  TTS_MSG_GETAUDIO  0  
[2025/08/10 20:35:03 235] tts        485  get audio|use local  
[2025/08/10 20:35:03 235] tts        527  0  nil  1  
[2025/08/10 20:35:03 236] tts        657  TTS_MSG_GETAUDIO  0  
[2025/08/10 20:35:03 236] tts        485  get audio|use local  
[2025/08/10 20:35:03 236] tts        527  0  nil  1  
[2025/08/10 20:35:03 237] tts        657  TTS_MSG_GETAUDIO  0  
[2025/08/10 20:35:03 237] tts        485  get audio|use local  
[2025/08/10 20:35:03 237] tts        527  0  nil  1  
[2025/08/10 20:35:03 237] tts        657  TTS_MSG_GETAUDIO  0  
[2025/08/10 20:35:03 237] tts        485  get audio|use local  
[2025/08/10 20:35:03 237] tts        527  0  nil  1  
[2025/08/10 20:35:03 238] tts        657  TTS_MSG_GETAUDIO  0  
[2025/08/10 20:35:03 239] tts        485  get audio|use local  
[2025/08/10 20:35:03 239] tts        527  0  nil  1  
[2025/08/10 20:35:03 239] tts        657  TTS_MSG_GETAUDIO  0  
[2025/08/10 20:35:03 239] tts        485  get audio|use local  
[2025/08/10 20:35:03 240] tts        527  0  nil  1  
[2025/08/10 20:35:03 240] tts        657  TTS_MSG_GETAUDIO  0  
[2025/08/10 20:35:03 240] tts        485  get audio|use local  
[2025/08/10 20:35:03 240] tts        527  0  nil  1  
[2025/08/10 20:35:03 241] tts        657  TTS_MSG_GETAUDIO  0  
[2025/08/10 20:35:03 241] tts        485  get audio|use local  
[2025/08/10 20:35:03 241] tts        527  0  nil  1  
[2025/08/10 20:35:03 242] tts        657  TTS_MSG_GETAUDIO  0  
[2025/08/10 20:35:03 242] tts        485  get audio|use local  
[2025/08/10 20:35:03 242] tts        527  0  nil  1  
[2025/08/10 20:35:03 243] tts        657  TTS_MSG_GETAUDIO  0  
[2025/08/10 20:35:03 243] tts        485  get audio|use local  
[2025/08/10 20:35:03 243] tts        527  0  nil  1  
[2025/08/10 20:35:03 243] tts        657  TTS_MSG_GETAUDIO  0  
[2025/08/10 20:35:03 243] tts        485  get audio|use local  
[2025/08/10 20:35:03 244] tts        527  0  nil  1  
[2025/08/10 20:35:03 244] tts        657  TTS_MSG_GETAUDIO  0  
[2025/08/10 20:35:03 244] tts        485  get audio|use local  
[2025/08/10 20:35:03 244] tts        527  0  nil  1  
[2025/08/10 20:35:03 245] tts        657  TTS_MSG_GETAUDIO  0  
[2025/08/10 20:35:03 245] tts        485  get audio|use local  
[2025/08/10 20:35:03 245] tts        527  0  nil  1  
[2025/08/10 20:35:03 245] tts        657  TTS_MSG_GETAUDIO  0  
[2025/08/10 20:35:03 245] tts        485  get audio|use local  
[2025/08/10 20:35:03 246] tts        527  0  nil  1  
[2025/08/10 20:35:03 246] tts        657  TTS_MSG_GETAUDIO  0  
[2025/08/10 20:35:03 246] tts        485  get audio|use local  
[2025/08/10 20:35:03 247] tts        527  0  nil  1  
[2025/08/10 20:35:03 247] tts        657  TTS_MSG_GETAUDIO  0  
[2025/08/10 20:35:03 247] tts        485  get audio|use local  
[2025/08/10 20:35:03 248] tts        527  0  nil  1  
[2025/08/10 20:35:03 248] tts        657  TTS_MSG_GETAUDIO  0  
[2025/08/10 20:35:03 248] tts        485  get audio|use local  
[2025/08/10 20:35:03 248] tts        527  0  nil  1  
[2025/08/10 20:35:03 249] tts        657  TTS_MSG_GETAUDIO  0  
[2025/08/10 20:35:03 249] tts        485  get audio|use local  
[2025/08/10 20:35:03 249] tts        527  0  nil  1  
[2025/08/10 20:35:03 250] tts        657  TTS_MSG_GETAUDIO  0  
[2025/08/10 20:35:03 251] tts        485  get audio|use local  
[2025/08/10 20:35:03 251] tts        527  0  nil  1  
[2025/08/10 20:35:03 252] tts        657  TTS_MSG_GETAUDIO  0  
[2025/08/10 20:35:03 252] tts        485  get audio|use local  
[2025/08/10 20:35:03 252] tts        527  0  nil  1  
[2025/08/10 20:35:03 253] tts        657  TTS_MSG_GETAUDIO  0  
[2025/08/10 20:35:03 253] tts        485  get audio|use local  
[2025/08/10 20:35:03 253] tts        527  0  nil  1  
[2025/08/10 20:35:03 254] tts        657  TTS_MSG_GETAUDIO  0  
[2025/08/10 20:35:03 254] tts        485  get audio|use local  
[2025/08/10 20:35:03 255] tts        527  0  nil  1  
[2025/08/10 20:35:03 255] tts        657  TTS_MSG_GETAUDIO  0  
[2025/08/10 20:35:03 255] tts        485  get audio|use local  
[2025/08/10 20:35:03 256] tts        527  0  nil  1  
[2025/08/10 20:35:03 256] tts        657  TTS_MSG_GETAUDIO  0  
[2025/08/10 20:35:03 257] tts        485  get audio|use local  
[2025/08/10 20:35:03 257] tts        527  0  nil  1  
[2025/08/10 20:35:03 257] tts        657  TTS_MSG_GETAUDIO  0  
[2025/08/10 20:35:03 258] tts        485  get audio|use local  
[2025/08/10 20:35:03 258] tts        527  0  nil  1  
[2025/08/10 20:35:03 259] tts        657  TTS_MSG_GETAUDIO  0  
[2025/08/10 20:35:03 259] tts        485  get audio|use local  
[2025/08/10 20:35:03 259] tts        527  0  nil  1  
[2025/08/10 20:35:03 260] tts        657  TTS_MSG_GETAUDIO  0  
[2025/08/10 20:35:03 260] tts        485  get audio|use local  
[2025/08/10 20:35:03 260] tts        527  0  nil  1  
[2025/08/10 20:35:03 261] tts        657  TTS_MSG_GETAUDIO  0  
[2025/08/10 20:35:03 261] tts        485  get audio|use local  
[2025/08/10 20:35:03 261] tts        527  0  nil  1  
[2025/08/10 20:35:03 262] tts        657  TTS_MSG_GETAUDIO  0  
[2025/08/10 20:35:03 262] tts        485  get audio|use local  
[2025/08/10 20:35:03 262] tts        527  0  nil  1  
[2025/08/10 20:35:03 263] tts        657  TTS_MSG_GETAUDIO  0  
[2025/08/10 20:35:03 263] tts        485  get audio|use local  
[2025/08/10 20:35:03 263] tts        527  0  nil  1  
[2025/08/10 20:35:03 263] tts        657  TTS_MSG_GETAUDIO  0  
[2025/08/10 20:35:03 263] tts        485  get audio|use local  
[2025/08/10 20:35:03 264] tts        527  0  nil  1  
[2025/08/10 20:35:03 264] tts        657  TTS_MSG_GETAUDIO  0  
[2025/08/10 20:35:03 264] tts        485  get audio|use local  
[2025/08/10 20:35:03 264] tts        527  0  nil  1  
[2025/08/10 20:35:03 265] tts        657  TTS_MSG_GETAUDIO  0  
[2025/08/10 20:35:03 265] tts        485  get audio|use local  
[2025/08/10 20:35:03 265] tts        527  0  nil  1  
[2025/08/10 20:35:03 266] tts        657  TTS_MSG_GETAUDIO  0  
[2025/08/10 20:35:03 266] tts        485  get audio|use local  
[2025/08/10 20:35:03 266] tts        527  0  nil  1  
[2025/08/10 20:35:03 266] tts        657  TTS_MSG_GETAUDIO  0  
[2025/08/10 20:35:03 266] tts        485  get audio|use local  
[2025/08/10 20:35:03 266] tts        527  0  nil  1  
[2025/08/10 20:35:03 267] tts        657  TTS_MSG_GETAUDIO  0  
[2025/08/10 20:35:03 267] tts        485  get audio|use local  
[2025/08/10 20:35:03 267] tts        527  0  nil  1  
[2025/08/10 20:35:03 268] tts        657  TTS_MSG_GETAUDIO  0  
[2025/08/10 20:35:03 268] tts        485  get audio|use local  
[2025/08/10 20:35:03 268] tts        527  0  nil  1  
[2025/08/10 20:35:03 269] tts        657  TTS_MSG_GETAUDIO  0  
[2025/08/10 20:35:03 269] tts        485  get audio|use local  
[2025/08/10 20:35:03 270] tts        527  0  nil  1  
[2025/08/10 20:35:03 270] tts        657  TTS_MSG_GETAUDIO  0  
[2025/08/10 20:35:03 270] tts        485  get audio|use local  
[2025/08/10 20:35:03 270] tts        527  0  nil  1  
[2025/08/10 20:35:03 271] tts        657  TTS_MSG_GETAUDIO  0  
[2025/08/10 20:35:03 271] tts        485  get audio|use local  
[2025/08/10 20:35:03 271] tts        527  0  nil  1  
[2025/08/10 20:35:03 272] tts        657  TTS_MSG_GETAUDIO  0  
[2025/08/10 20:35:03 272] tts        485  get audio|use local  
[2025/08/10 20:35:03 272] tts        527  0  nil  1  
[2025/08/10 20:35:03 273] tts        657  TTS_MSG_GETAUDIO  0  
[2025/08/10 20:35:03 273] tts        485  get audio|use local  
[2025/08/10 20:35:03 273] tts        527  0  nil  1  
[2025/08/10 20:35:03 274] tts        657  TTS_MSG_GETAUDIO  0  
[2025/08/10 20:35:03 274] tts        485  get audio|use local  
[2025/08/10 20:35:03 275] tts        527  0  nil  1  
[2025/08/10 20:35:03 275] tts        657  TTS_MSG_GETAUDIO  0  
[2025/08/10 20:35:03 275] tts        485  get audio|use local  
[2025/08/10 20:35:03 275] tts        527  0  nil  1  
[2025/08/10 20:35:03 276] tts        657  TTS_MSG_GETAUDIO  0  
[2025/08/10 20:35:03 276] tts        485  get audio|use local  
[2025/08/10 20:35:03 276] tts        527  0  nil  1  
[2025/08/10 20:35:03 277] tts        657  TTS_MSG_GETAUDIO  0  
[2025/08/10 20:35:03 277] tts        485  get audio|use local  
[2025/08/10 20:35:03 277] tts        527  0  nil  1  
[2025/08/10 20:35:03 277] tts        657  TTS_MSG_GETAUDIO  0  
[2025/08/10 20:35:03 277] tts        485  get audio|use local  
[2025/08/10 20:35:03 278] tts        527  0  nil  1  
[2025/08/10 20:35:03 278] tts        657  TTS_MSG_GETAUDIO  0  
[2025/08/10 20:35:03 278] tts        485  get audio|use local  
[2025/08/10 20:35:03 278] tts        527  0  nil  1  
[2025/08/10 20:35:03 279] tts        657  TTS_MSG_GETAUDIO  0  
[2025/08/10 20:35:03 279] tts        485  get audio|use local  
[2025/08/10 20:35:03 280] tts        527  0  nil  1  
[2025/08/10 20:35:03 280] tts        657  TTS_MSG_GETAUDIO  0  
[2025/08/10 20:35:03 280] tts        485  get audio|use local  
[2025/08/10 20:35:03 280] tts        527  0  nil  1  
[2025/08/10 20:35:03 281] tts        657  TTS_MSG_GETAUDIO  0  
[2025/08/10 20:35:03 281] tts        485  get audio|use local  
[2025/08/10 20:35:03 281] tts        527  0  nil  1  
[2025/08/10 20:35:03 282] tts        657  TTS_MSG_GETAUDIO  0  
[2025/08/10 20:35:03 282] tts        485  get audio|use local  
[2025/08/10 20:35:03 282] tts        527  0  nil  1  
[2025/08/10 20:35:03 283] tts        657  TTS_MSG_GETAUDIO  0  
[2025/08/10 20:35:03 283] tts        485  get audio|use local  
[2025/08/10 20:35:03 284] tts        527  0  nil  1  
[2025/08/10 20:35:03 285] tts        657  TTS_MSG_GETAUDIO  0  
[2025/08/10 20:35:03 285] tts        485  get audio|use local  
[2025/08/10 20:35:03 285] tts        527  0  nil  1  
[2025/08/10 20:35:03 286] tts        657  TTS_MSG_GETAUDIO  0  
[2025/08/10 20:35:03 286] tts        485  get audio|use local  
[2025/08/10 20:35:03 286] tts        527  0  nil  1  
[2025/08/10 20:35:03 287] tts        657  TTS_MSG_GETAUDIO  0  
[2025/08/10 20:35:03 287] tts        485  get audio|use local  
[2025/08/10 20:35:03 287] tts        527  0  nil  1  
[2025/08/10 20:35:03 287] tts        657  TTS_MSG_GETAUDIO  0  
[2025/08/10 20:35:03 288] tts        485  get audio|use local  
[2025/08/10 20:35:03 288] tts        527  0  nil  1  
[2025/08/10 20:35:03 288] tts        657  TTS_MSG_GETAUDIO  0  
[2025/08/10 20:35:03 288] tts        485  get audio|use local  
[2025/08/10 20:35:03 288] tts        527  0  nil  1  
[2025/08/10 20:35:03 289] tts        657  TTS_MSG_GETAUDIO  0  
[2025/08/10 20:35:03 289] tts        485  get audio|use local  
[2025/08/10 20:35:03 289] tts        527  0  nil  1  
[2025/08/10 20:35:03 291] tts        657  TTS_MSG_GETAUDIO  0  
[2025/08/10 20:35:03 291] tts        485  get audio|use local  
[2025/08/10 20:35:03 291] tts        527  0  nil  1  
[2025/08/10 20:35:03 293] tts        657  TTS_MSG_GETAUDIO  0  
[2025/08/10 20:35:03 294] tts        485  get audio|use local  
[2025/08/10 20:35:03 294] tts        527  0  nil  1  
[2025/08/10 20:35:03 299] tts        657  TTS_MSG_GETAUDIO  0  
[2025/08/10 20:35:03 300] tts        485  get audio|use local  
[2025/08/10 20:35:03 300] tts        527  0  nil  1  
[2025/08/10 20:35:03 301] tts        657  TTS_MSG_GETAUDIO  0  
[2025/08/10 20:35:03 301] tts        485  get audio|use local  
[2025/08/10 20:35:03 301] tts        527  0  nil  1  
[2025/08/10 20:35:03 302] tts        657  TTS_MSG_GETAUDIO  0  
[2025/08/10 20:35:03 302] tts        485  get audio|use local  
[2025/08/10 20:35:03 302] tts        527  0  nil  1  
[2025/08/10 20:35:03 303] tts        657  TTS_MSG_GETAUDIO  0  
[2025/08/10 20:35:03 303] tts        485  get audio|use local  
[2025/08/10 20:35:03 303] tts        527  0  nil  1  
[2025/08/10 20:35:03 308] tts        657  TTS_MSG_GETAUDIO  0  
[2025/08/10 20:35:03 308] tts        485  get audio|use local  
[2025/08/10 20:35:03 308] tts        527  0  nil  1  
[2025/08/10 20:35:03 309] tts        657  TTS_MSG_GETAUDIO  0  
[2025/08/10 20:35:03 309] tts        485  get audio|use local  
[2025/08/10 20:35:03 309] tts        527  0  nil  1  
[2025/08/10 20:35:03 310] tts        657  TTS_MSG_GETAUDIO  0  
[2025/08/10 20:35:03 310] tts        485  get audio|use local  
[2025/08/10 20:35:03 311] tts        527  0  nil  1  
[2025/08/10 20:35:03 312] tts        657  TTS_MSG_GETAUDIO  0  
[2025/08/10 20:35:03 312] tts        485  get audio|use local  
[2025/08/10 20:35:03 312] tts        527  0  nil  1  
[2025/08/10 20:35:03 313] tts        657  TTS_MSG_GETAUDIO  0  
[2025/08/10 20:35:03 313] tts        485  get audio|use local  
[2025/08/10 20:35:03 314] tts        527  0  nil  1  
[2025/08/10 20:35:03 315] tts        657  TTS_MSG_GETAUDIO  0  
[2025/08/10 20:35:03 315] tts        485  get audio|use local  
[2025/08/10 20:35:03 315] tts        527  0  nil  1  
[2025/08/10 20:35:03 316] tts        657  TTS_MSG_GETAUDIO  0  
[2025/08/10 20:35:03 316] tts        485  get audio|use local  
[2025/08/10 20:35:03 316] tts        527  0  nil  1  
[2025/08/10 20:35:03 318] tts        657  TTS_MSG_GETAUDIO  0  
[2025/08/10 20:35:03 318] tts        485  get audio|use local  
[2025/08/10 20:35:03 318] tts        527  0  nil  1  
[2025/08/10 20:35:03 319] tts        657  TTS_MSG_GETAUDIO  0  
[2025/08/10 20:35:03 319] tts        485  get audio|use local  
[2025/08/10 20:35:03 319] tts        527  0  nil  1  
[2025/08/10 20:35:03 333] tts        657  TTS_MSG_GETAUDIO  0  
[2025/08/10 20:35:03 333] tts        485  get audio|use local  
[2025/08/10 20:35:03 333] tts        527  0  nil  1  
[2025/08/10 20:35:03 337] tts        657  TTS_MSG_GETAUDIO  0  
[2025/08/10 20:35:03 337] tts        485  get audio|use local  
[2025/08/10 20:35:03 348] tts        527  0  nil  1  
[2025/08/10 20:35:03 349] tts        657  TTS_MSG_GETAUDIO  0  
[2025/08/10 20:35:03 349] tts        485  get audio|use local  
[2025/08/10 20:35:03 349] tts        527  0  nil  1  
[2025/08/10 20:35:03 351] tts        657  TTS_MSG_GETAUDIO  0  
[2025/08/10 20:35:03 351] tts        485  get audio|use local  
[2025/08/10 20:35:03 351] tts        527  0  nil  1  
[2025/08/10 20:35:03 352] tts        657  TTS_MSG_GETAUDIO  0  
[2025/08/10 20:35:03 352] tts        485  get audio|use local  
[2025/08/10 20:35:03 352] tts        527  0  nil  1  
[2025/08/10 20:35:03 353] tts        657  TTS_MSG_GETAUDIO  0  
[2025/08/10 20:35:03 353] tts        485  get audio|use local  
[2025/08/10 20:35:03 353] tts        527  0  nil  1  
[2025/08/10 20:35:03 355] tts        657  TTS_MSG_GETAUDIO  0  
[2025/08/10 20:35:03 355] tts        485  get audio|use local  
[2025/08/10 20:35:03 355] tts        527  0  nil  1  
[2025/08/10 20:35:03 358] tts        657  TTS_MSG_GETAUDIO  0  
[2025/08/10 20:35:03 358] tts        485  get audio|use local  
[2025/08/10 20:35:03 358] tts        527  0  nil  1  
[2025/08/10 20:35:03 365] tts        657  TTS_MSG_GETAUDIO  0  
[2025/08/10 20:35:03 365] tts        485  get audio|use local  
[2025/08/10 20:35:03 365] tts        527  0  nil  1  
[2025/08/10 20:35:03 367] tts        657  TTS_MSG_GETAUDIO  0  
[2025/08/10 20:35:03 367] tts        485  get audio|use local  
[2025/08/10 20:35:03 368] tts        527  0  nil  1  
[2025/08/10 20:35:03 385] tts        299  TTS_LOCAL_CB_BEGIN  
[2025/08/10 20:35:03 392] tts        657  TTS_MSG_GETAUDIO  0  
[2025/08/10 20:35:03 392] tts        485  get audio|use local  
[2025/08/10 20:35:03 392] tts        498  local audiolen:  2042  ,ced:  14  
[2025/08/10 20:35:03 392] tts        527  0  udata(8806abc8) 1  
[2025/08/10 20:35:03 393] tts        657  TTS_MSG_GETAUDIO  0  
[2025/08/10 20:35:03 393] tts        485  get audio|use local  
[2025/08/10 20:35:03 394] tts        498  local audiolen:  2016  ,ced:  14  
[2025/08/10 20:35:03 394] tts        527  0  udata(8807efa8) 1  
[2025/08/10 20:35:03 395] tts        657  TTS_MSG_GETAUDIO  0  
[2025/08/10 20:35:03 395] tts        485  get audio|use local  
[2025/08/10 20:35:03 395] tts        498  local audiolen:  1964  ,ced:  14  
[2025/08/10 20:35:03 395] tts        527  0  udata(8807f098) 1  
[2025/08/10 20:35:03 397] tts        657  TTS_MSG_GETAUDIO  0  
[2025/08/10 20:35:03 397] tts        485  get audio|use local  
[2025/08/10 20:35:03 397] tts        498  local audiolen:  1916  ,ced:  14  
[2025/08/10 20:35:03 397] tts        527  0  udata(8807ef48) 1  
[2025/08/10 20:35:03 398] tts        657  TTS_MSG_GETAUDIO  0  
[2025/08/10 20:35:03 398] tts        485  get audio|use local  
[2025/08/10 20:35:03 398] tts        498  local audiolen:  2018  ,ced:  14  
[2025/08/10 20:35:03 398] tts        527  0  udata(8807f0e8) 1  
[2025/08/10 20:35:03 403] tts        657  TTS_MSG_GETAUDIO  0  
[2025/08/10 20:35:03 403] tts        485  get audio|use local  
[2025/08/10 20:35:03 403] tts        498  local audiolen:  2008  ,ced:  14  
[2025/08/10 20:35:03 403] tts        527  0  udata(8807f138) 1  
[2025/08/10 20:35:03 406] tts        657  TTS_MSG_GETAUDIO  0  
[2025/08/10 20:35:03 406] tts        485  get audio|use local  
[2025/08/10 20:35:03 406] tts        498  local audiolen:  2046  ,ced:  14  
[2025/08/10 20:35:03 406] tts        527  0  udata(8807f188) 1  
[2025/08/10 20:35:03 410] tts        657  TTS_MSG_GETAUDIO  0  
[2025/08/10 20:35:03 410] tts        485  get audio|use local  
[2025/08/10 20:35:03 410] tts        498  local audiolen:  1972  ,ced:  14  
[2025/08/10 20:35:03 410] tts        527  0  udata(8807f1d8) 1  
[2025/08/10 20:35:03 414] tts        657  TTS_MSG_GETAUDIO  0  
[2025/08/10 20:35:03 414] tts        485  get audio|use local  
[2025/08/10 20:35:03 414] tts        498  local audiolen:  1934  ,ced:  14  
[2025/08/10 20:35:03 414] tts        527  0  udata(88087f08) 1  
[2025/08/10 20:35:03 415] tts        657  TTS_MSG_GETAUDIO  0  
[2025/08/10 20:35:03 415] tts        485  get audio|use local  
[2025/08/10 20:35:03 415] tts        498  local audiolen:  2018  ,ced:  14  
[2025/08/10 20:35:03 415] tts        527  0  udata(88087f58) 1  
[2025/08/10 20:35:03 416] tts        657  TTS_MSG_GETAUDIO  0  
[2025/08/10 20:35:03 416] tts        485  get audio|use local  
[2025/08/10 20:35:03 416] tts        498  local audiolen:  2040  ,ced:  14  
[2025/08/10 20:35:03 416] tts        527  0  udata(88087fa8) 1  
[2025/08/10 20:35:03 417] tts        657  TTS_MSG_GETAUDIO  0  
[2025/08/10 20:35:03 417] tts        485  get audio|use local  
[2025/08/10 20:35:03 417] tts        498  local audiolen:  1958  ,ced:  14  
[2025/08/10 20:35:03 417] tts        527  0  udata(88087ff8) 1  
[2025/08/10 20:35:03 418] tts        657  TTS_MSG_GETAUDIO  0  
[2025/08/10 20:35:03 418] tts        485  get audio|use local  
[2025/08/10 20:35:03 418] tts        498  local audiolen:  1998  ,ced:  14  
[2025/08/10 20:35:03 418] tts        527  0  udata(88088048) 1  
[2025/08/10 20:35:03 419] tts        657  TTS_MSG_GETAUDIO  0  
[2025/08/10 20:35:03 419] tts        485  get audio|use local  
[2025/08/10 20:35:03 419] tts        498  local audiolen:  2016  ,ced:  14  
[2025/08/10 20:35:03 419] tts        527  0  udata(88088098) 1  
[2025/08/10 20:35:03 420] tts        657  TTS_MSG_GETAUDIO  0  
[2025/08/10 20:35:03 420] tts        485  get audio|use local  
[2025/08/10 20:35:03 420] tts        498  local audiolen:  2014  ,ced:  14  
[2025/08/10 20:35:03 420] tts        527  0  udata(880880e8) 1  
[2025/08/10 20:35:03 421] tts        657  TTS_MSG_GETAUDIO  0  
[2025/08/10 20:35:03 421] tts        485  get audio|use local  
[2025/08/10 20:35:03 421] tts        527  0  nil  1  
[2025/08/10 20:35:03 439] tts        657  TTS_MSG_GETAUDIO  0  
[2025/08/10 20:35:03 439] tts        485  get audio|use local  
[2025/08/10 20:35:03 439] tts        498  local audiolen:  1938  ,ced:  14  
[2025/08/10 20:35:03 439] tts        527  0  udata(8807e198) 1  
[2025/08/10 20:35:03 440] tts        657  TTS_MSG_GETAUDIO  0  
[2025/08/10 20:35:03 440] tts        485  get audio|use local  
[2025/08/10 20:35:03 440] tts        498  local audiolen:  1992  ,ced:  14  
[2025/08/10 20:35:03 447] tts        527  0  udata(8807e1e8) 1  
[2025/08/10 20:35:03 454] tts        657  TTS_MSG_GETAUDIO  0  
[2025/08/10 20:35:03 454] tts        485  get audio|use local  
[2025/08/10 20:35:03 454] tts        498  local audiolen:  2006  ,ced:  14  
[2025/08/10 20:35:03 454] tts        527  0  udata(8807dee8) 1  
[2025/08/10 20:35:03 455] tts        657  TTS_MSG_GETAUDIO  0  
[2025/08/10 20:35:03 455] tts        485  get audio|use local  
[2025/08/10 20:35:03 455] tts        498  local audiolen:  2024  ,ced:  14  
[2025/08/10 20:35:03 455] tts        527  0  udata(8807df38) 1  
[2025/08/10 20:35:03 459] tts        657  TTS_MSG_GETAUDIO  0  
[2025/08/10 20:35:03 459] tts        485  get audio|use local  
[2025/08/10 20:35:03 459] tts        527  0  nil  1  
[2025/08/10 20:35:03 460] tts        657  TTS_MSG_GETAUDIO  0  
[2025/08/10 20:35:03 460] tts        485  get audio|use local  
[2025/08/10 20:35:03 460] tts        527  0  nil  1  
[2025/08/10 20:35:03 461] tts        657  TTS_MSG_GETAUDIO  0  
[2025/08/10 20:35:03 461] tts        485  get audio|use local  
[2025/08/10 20:35:03 461] tts        527  0  nil  1  
[2025/08/10 20:35:03 461] tts        657  TTS_MSG_GETAUDIO  0  
[2025/08/10 20:35:03 462] tts        485  get audio|use local  
[2025/08/10 20:35:03 462] tts        527  0  nil  1  
[2025/08/10 20:35:03 467] tts        301  0  0  
[2025/08/10 20:35:03 467] tts        312  TTS_LOCAL_CB_END,  2  
[2025/08/10 20:35:03 467] tts        657  TTS_MSG_GETAUDIO  0  
[2025/08/10 20:35:03 467] tts        485  get audio|use local  
[2025/08/10 20:35:03 467] tts        498  local audiolen:  1902  ,ced:  14  
[2025/08/10 20:35:03 467] tts        527  0  udata(880878d8) 1  
[2025/08/10 20:35:03 472] tts        657  TTS_MSG_GETAUDIO  0  
[2025/08/10 20:35:03 472] tts        485  get audio|use local  
[2025/08/10 20:35:03 472] tts        498  local audiolen:  1946  ,ced:  14  
[2025/08/10 20:35:03 472] tts        527  0  udata(88087928) 1  
[2025/08/10 20:35:03 474] tts        657  TTS_MSG_GETAUDIO  0  
[2025/08/10 20:35:03 474] tts        485  get audio|use local  
[2025/08/10 20:35:03 474] tts        498  local audiolen:  1956  ,ced:  14  
[2025/08/10 20:35:03 475] tts        527  0  udata(8807c848) 1  
[2025/08/10 20:35:03 476] tts        657  TTS_MSG_GETAUDIO  0  
[2025/08/10 20:35:03 476] tts        485  get audio|use local  
[2025/08/10 20:35:03 476] tts        498  local audiolen:  864  ,ced:  14  
[2025/08/10 20:35:03 476] tts        527  0  udata(8807cc08) 2  
[2025/08/10 20:35:03 479] tts        660  TTS_MSG_SSE  
[2025/08/10 20:35:03 481] tts        585  sse|use local  
[2025/08/10 20:35:03 483] tts        603  tts exit  
[2025/08/10 20:35:03 497] tts        667  SYS_MSG_UNLOAD  
