============================================================
Time  2025/08/10 20:33:16 227 
============================================================
[2025/08/10 20:33:16 227] tts        676  SYS_MSG_REGCB param0 =  msp_status_cb  param1 =  func(78014a30) 
[2025/08/10 20:33:16 232] config     43   use general cloud  
[2025/08/10 20:33:16 242] tts_cloud  1417 SYS_MSG_REGCB_CLOUD param0 =   msp_status_cb  param1 =  func(78014a30) 
[2025/08/10 20:33:16 243] tts        647  TTS_MSG_SSB  
[2025/08/10 20:33:16 243] tts        375  params =  engine_type = local,voice_name=xiaoyan, text_encoding = UTF8, tts_res_path = fo|res/tts/xiaoyan.jet;fo|res/tts/common.jet, sample_rate = 16000, speed = 50, volume = 80, pitch = 50, rdn = 2  
[2025/08/10 20:33:16 244] tts        412  ssb|use local  
[2025/08/10 20:33:16 244] tts        349  local_session_begin  
[2025/08/10 20:33:16 253] tts        654  TTS_MSG_SYN  0  
[2025/08/10 20:33:16 253] tts        451  synth|use local  
[2025/08/10 20:33:16 254] tts        657  TTS_MSG_GETAUDIO  0  
[2025/08/10 20:33:16 255] tts        485  get audio|use local  
[2025/08/10 20:33:16 255] tts        527  0  nil  1  
[2025/08/10 20:33:16 259] tts        657  TTS_MSG_GETAUDIO  0  
[2025/08/10 20:33:16 259] tts        485  get audio|use local  
[2025/08/10 20:33:16 260] tts        527  0  nil  1  
[2025/08/10 20:33:16 261] tts        657  TTS_MSG_GETAUDIO  0  
[2025/08/10 20:33:16 261] tts        485  get audio|use local  
[2025/08/10 20:33:16 262] tts        527  0  nil  1  
[2025/08/10 20:33:16 263] tts        657  TTS_MSG_GETAUDIO  0  
[2025/08/10 20:33:16 263] tts        485  get audio|use local  
[2025/08/10 20:33:16 263] tts        527  0  nil  1  
[2025/08/10 20:33:16 266] tts        657  TTS_MSG_GETAUDIO  0  
[2025/08/10 20:33:16 266] tts        485  get audio|use local  
[2025/08/10 20:33:16 266] tts        527  0  nil  1  
[2025/08/10 20:33:16 267] tts        657  TTS_MSG_GETAUDIO  0  
[2025/08/10 20:33:16 267] tts        485  get audio|use local  
[2025/08/10 20:33:16 267] tts        527  0  nil  1  
[2025/08/10 20:33:16 270] tts        657  TTS_MSG_GETAUDIO  0  
[2025/08/10 20:33:16 270] tts        485  get audio|use local  
[2025/08/10 20:33:16 270] tts        527  0  nil  1  
[2025/08/10 20:33:16 272] tts        657  TTS_MSG_GETAUDIO  0  
[2025/08/10 20:33:16 272] tts        485  get audio|use local  
[2025/08/10 20:33:16 272] tts        527  0  nil  1  
[2025/08/10 20:33:16 273] tts        657  TTS_MSG_GETAUDIO  0  
[2025/08/10 20:33:16 273] tts        485  get audio|use local  
[2025/08/10 20:33:16 274] tts        527  0  nil  1  
[2025/08/10 20:33:16 282] tts        657  TTS_MSG_GETAUDIO  0  
[2025/08/10 20:33:16 283] tts        485  get audio|use local  
[2025/08/10 20:33:16 283] tts        527  0  nil  1  
[2025/08/10 20:33:16 283] tts        657  TTS_MSG_GETAUDIO  0  
[2025/08/10 20:33:16 283] tts        485  get audio|use local  
[2025/08/10 20:33:16 284] tts        527  0  nil  1  
[2025/08/10 20:33:16 284] tts        657  TTS_MSG_GETAUDIO  0  
[2025/08/10 20:33:16 285] tts        485  get audio|use local  
[2025/08/10 20:33:16 285] tts        527  0  nil  1  
[2025/08/10 20:33:16 285] tts        657  TTS_MSG_GETAUDIO  0  
[2025/08/10 20:33:16 286] tts        485  get audio|use local  
[2025/08/10 20:33:16 286] tts        527  0  nil  1  
[2025/08/10 20:33:16 287] tts        657  TTS_MSG_GETAUDIO  0  
[2025/08/10 20:33:16 287] tts        485  get audio|use local  
[2025/08/10 20:33:16 287] tts        527  0  nil  1  
[2025/08/10 20:33:16 288] tts        657  TTS_MSG_GETAUDIO  0  
[2025/08/10 20:33:16 288] tts        485  get audio|use local  
[2025/08/10 20:33:16 288] tts        527  0  nil  1  
[2025/08/10 20:33:16 289] tts        657  TTS_MSG_GETAUDIO  0  
[2025/08/10 20:33:16 289] tts        485  get audio|use local  
[2025/08/10 20:33:16 289] tts        527  0  nil  1  
[2025/08/10 20:33:16 290] tts        657  TTS_MSG_GETAUDIO  0  
[2025/08/10 20:33:16 290] tts        485  get audio|use local  
[2025/08/10 20:33:16 290] tts        527  0  nil  1  
[2025/08/10 20:33:16 291] tts        657  TTS_MSG_GETAUDIO  0  
[2025/08/10 20:33:16 291] tts        485  get audio|use local  
[2025/08/10 20:33:16 291] tts        527  0  nil  1  
[2025/08/10 20:33:16 292] tts        657  TTS_MSG_GETAUDIO  0  
[2025/08/10 20:33:16 292] tts        485  get audio|use local  
[2025/08/10 20:33:16 292] tts        527  0  nil  1  
[2025/08/10 20:33:16 293] tts        657  TTS_MSG_GETAUDIO  0  
[2025/08/10 20:33:16 297] tts        485  get audio|use local  
[2025/08/10 20:33:16 297] tts        527  0  nil  1  
[2025/08/10 20:33:16 298] tts        657  TTS_MSG_GETAUDIO  0  
[2025/08/10 20:33:16 298] tts        485  get audio|use local  
[2025/08/10 20:33:16 299] tts        527  0  nil  1  
[2025/08/10 20:33:16 299] tts        657  TTS_MSG_GETAUDIO  0  
[2025/08/10 20:33:16 299] tts        485  get audio|use local  
[2025/08/10 20:33:16 299] tts        527  0  nil  1  
[2025/08/10 20:33:16 300] tts        657  TTS_MSG_GETAUDIO  0  
[2025/08/10 20:33:16 300] tts        485  get audio|use local  
[2025/08/10 20:33:16 301] tts        527  0  nil  1  
[2025/08/10 20:33:16 301] tts        657  TTS_MSG_GETAUDIO  0  
[2025/08/10 20:33:16 301] tts        485  get audio|use local  
[2025/08/10 20:33:16 302] tts        527  0  nil  1  
[2025/08/10 20:33:16 302] tts        657  TTS_MSG_GETAUDIO  0  
[2025/08/10 20:33:16 302] tts        485  get audio|use local  
[2025/08/10 20:33:16 302] tts        527  0  nil  1  
[2025/08/10 20:33:16 303] tts        657  TTS_MSG_GETAUDIO  0  
[2025/08/10 20:33:16 303] tts        485  get audio|use local  
[2025/08/10 20:33:16 303] tts        527  0  nil  1  
[2025/08/10 20:33:16 304] tts        657  TTS_MSG_GETAUDIO  0  
[2025/08/10 20:33:16 304] tts        485  get audio|use local  
[2025/08/10 20:33:16 304] tts        527  0  nil  1  
[2025/08/10 20:33:16 305] tts        657  TTS_MSG_GETAUDIO  0  
[2025/08/10 20:33:16 305] tts        485  get audio|use local  
[2025/08/10 20:33:16 305] tts        527  0  nil  1  
[2025/08/10 20:33:16 306] tts        657  TTS_MSG_GETAUDIO  0  
[2025/08/10 20:33:16 306] tts        485  get audio|use local  
[2025/08/10 20:33:16 306] tts        527  0  nil  1  
[2025/08/10 20:33:16 307] tts        657  TTS_MSG_GETAUDIO  0  
[2025/08/10 20:33:16 307] tts        485  get audio|use local  
[2025/08/10 20:33:16 307] tts        527  0  nil  1  
[2025/08/10 20:33:16 308] tts        657  TTS_MSG_GETAUDIO  0  
[2025/08/10 20:33:16 308] tts        485  get audio|use local  
[2025/08/10 20:33:16 308] tts        527  0  nil  1  
[2025/08/10 20:33:16 309] tts        657  TTS_MSG_GETAUDIO  0  
[2025/08/10 20:33:16 309] tts        485  get audio|use local  
[2025/08/10 20:33:16 309] tts        527  0  nil  1  
[2025/08/10 20:33:16 310] tts        657  TTS_MSG_GETAUDIO  0  
[2025/08/10 20:33:16 310] tts        485  get audio|use local  
[2025/08/10 20:33:16 310] tts        527  0  nil  1  
[2025/08/10 20:33:16 311] tts        657  TTS_MSG_GETAUDIO  0  
[2025/08/10 20:33:16 311] tts        485  get audio|use local  
[2025/08/10 20:33:16 311] tts        527  0  nil  1  
[2025/08/10 20:33:16 312] tts        657  TTS_MSG_GETAUDIO  0  
[2025/08/10 20:33:16 312] tts        485  get audio|use local  
[2025/08/10 20:33:16 312] tts        527  0  nil  1  
[2025/08/10 20:33:16 313] tts        657  TTS_MSG_GETAUDIO  0  
[2025/08/10 20:33:16 313] tts        485  get audio|use local  
[2025/08/10 20:33:16 313] tts        527  0  nil  1  
[2025/08/10 20:33:16 314] tts        657  TTS_MSG_GETAUDIO  0  
[2025/08/10 20:33:16 314] tts        485  get audio|use local  
[2025/08/10 20:33:16 314] tts        527  0  nil  1  
[2025/08/10 20:33:16 315] tts        657  TTS_MSG_GETAUDIO  0  
[2025/08/10 20:33:16 315] tts        485  get audio|use local  
[2025/08/10 20:33:16 315] tts        527  0  nil  1  
[2025/08/10 20:33:16 316] tts        657  TTS_MSG_GETAUDIO  0  
[2025/08/10 20:33:16 316] tts        485  get audio|use local  
[2025/08/10 20:33:16 316] tts        527  0  nil  1  
[2025/08/10 20:33:16 317] tts        657  TTS_MSG_GETAUDIO  0  
[2025/08/10 20:33:16 317] tts        485  get audio|use local  
[2025/08/10 20:33:16 317] tts        527  0  nil  1  
[2025/08/10 20:33:16 318] tts        657  TTS_MSG_GETAUDIO  0  
[2025/08/10 20:33:16 318] tts        485  get audio|use local  
[2025/08/10 20:33:16 318] tts        527  0  nil  1  
[2025/08/10 20:33:16 319] tts        657  TTS_MSG_GETAUDIO  0  
[2025/08/10 20:33:16 319] tts        485  get audio|use local  
[2025/08/10 20:33:16 319] tts        527  0  nil  1  
[2025/08/10 20:33:16 320] tts        657  TTS_MSG_GETAUDIO  0  
[2025/08/10 20:33:16 320] tts        485  get audio|use local  
[2025/08/10 20:33:16 320] tts        527  0  nil  1  
[2025/08/10 20:33:16 321] tts        657  TTS_MSG_GETAUDIO  0  
[2025/08/10 20:33:16 321] tts        485  get audio|use local  
[2025/08/10 20:33:16 321] tts        527  0  nil  1  
[2025/08/10 20:33:16 322] tts        657  TTS_MSG_GETAUDIO  0  
[2025/08/10 20:33:16 322] tts        485  get audio|use local  
[2025/08/10 20:33:16 323] tts        527  0  nil  1  
[2025/08/10 20:33:16 324] tts        657  TTS_MSG_GETAUDIO  0  
[2025/08/10 20:33:16 324] tts        485  get audio|use local  
[2025/08/10 20:33:16 324] tts        527  0  nil  1  
[2025/08/10 20:33:16 325] tts        657  TTS_MSG_GETAUDIO  0  
[2025/08/10 20:33:16 325] tts        485  get audio|use local  
[2025/08/10 20:33:16 328] tts        527  0  nil  1  
[2025/08/10 20:33:16 330] tts        657  TTS_MSG_GETAUDIO  0  
[2025/08/10 20:33:16 330] tts        485  get audio|use local  
[2025/08/10 20:33:16 330] tts        527  0  nil  1  
[2025/08/10 20:33:16 332] tts        657  TTS_MSG_GETAUDIO  0  
[2025/08/10 20:33:16 332] tts        485  get audio|use local  
[2025/08/10 20:33:16 332] tts        527  0  nil  1  
[2025/08/10 20:33:16 333] tts        657  TTS_MSG_GETAUDIO  0  
[2025/08/10 20:33:16 333] tts        485  get audio|use local  
[2025/08/10 20:33:16 333] tts        527  0  nil  1  
[2025/08/10 20:33:16 334] tts        657  TTS_MSG_GETAUDIO  0  
[2025/08/10 20:33:16 334] tts        485  get audio|use local  
[2025/08/10 20:33:16 334] tts        527  0  nil  1  
[2025/08/10 20:33:16 335] tts        657  TTS_MSG_GETAUDIO  0  
[2025/08/10 20:33:16 337] tts        485  get audio|use local  
[2025/08/10 20:33:16 338] tts        527  0  nil  1  
[2025/08/10 20:33:16 342] tts        657  TTS_MSG_GETAUDIO  0  
[2025/08/10 20:33:16 343] tts        485  get audio|use local  
[2025/08/10 20:33:16 347] tts        527  0  nil  1  
[2025/08/10 20:33:16 349] tts        657  TTS_MSG_GETAUDIO  0  
[2025/08/10 20:33:16 349] tts        485  get audio|use local  
[2025/08/10 20:33:16 349] tts        527  0  nil  1  
[2025/08/10 20:33:16 351] tts        657  TTS_MSG_GETAUDIO  0  
[2025/08/10 20:33:16 351] tts        485  get audio|use local  
[2025/08/10 20:33:16 351] tts        527  0  nil  1  
[2025/08/10 20:33:16 352] tts        657  TTS_MSG_GETAUDIO  0  
[2025/08/10 20:33:16 352] tts        485  get audio|use local  
[2025/08/10 20:33:16 352] tts        527  0  nil  1  
[2025/08/10 20:33:16 357] tts        657  TTS_MSG_GETAUDIO  0  
[2025/08/10 20:33:16 357] tts        485  get audio|use local  
[2025/08/10 20:33:16 357] tts        527  0  nil  1  
[2025/08/10 20:33:16 358] tts        657  TTS_MSG_GETAUDIO  0  
[2025/08/10 20:33:16 358] tts        485  get audio|use local  
[2025/08/10 20:33:16 359] tts        527  0  nil  1  
[2025/08/10 20:33:16 359] tts        657  TTS_MSG_GETAUDIO  0  
[2025/08/10 20:33:16 359] tts        485  get audio|use local  
[2025/08/10 20:33:16 360] tts        527  0  nil  1  
[2025/08/10 20:33:16 361] tts        657  TTS_MSG_GETAUDIO  0  
[2025/08/10 20:33:16 361] tts        485  get audio|use local  
[2025/08/10 20:33:16 361] tts        527  0  nil  1  
[2025/08/10 20:33:16 362] tts        657  TTS_MSG_GETAUDIO  0  
[2025/08/10 20:33:16 362] tts        485  get audio|use local  
[2025/08/10 20:33:16 362] tts        527  0  nil  1  
[2025/08/10 20:33:16 363] tts        657  TTS_MSG_GETAUDIO  0  
[2025/08/10 20:33:16 363] tts        485  get audio|use local  
[2025/08/10 20:33:16 363] tts        527  0  nil  1  
[2025/08/10 20:33:16 364] tts        657  TTS_MSG_GETAUDIO  0  
[2025/08/10 20:33:16 364] tts        485  get audio|use local  
[2025/08/10 20:33:16 364] tts        527  0  nil  1  
[2025/08/10 20:33:16 365] tts        657  TTS_MSG_GETAUDIO  0  
[2025/08/10 20:33:16 365] tts        485  get audio|use local  
[2025/08/10 20:33:16 365] tts        527  0  nil  1  
[2025/08/10 20:33:16 366] tts        657  TTS_MSG_GETAUDIO  0  
[2025/08/10 20:33:16 366] tts        485  get audio|use local  
[2025/08/10 20:33:16 367] tts        527  0  nil  1  
[2025/08/10 20:33:16 367] tts        657  TTS_MSG_GETAUDIO  0  
[2025/08/10 20:33:16 368] tts        485  get audio|use local  
[2025/08/10 20:33:16 368] tts        527  0  nil  1  
[2025/08/10 20:33:16 369] tts        657  TTS_MSG_GETAUDIO  0  
[2025/08/10 20:33:16 370] tts        485  get audio|use local  
[2025/08/10 20:33:16 370] tts        527  0  nil  1  
[2025/08/10 20:33:16 371] tts        299  TTS_LOCAL_CB_BEGIN  
[2025/08/10 20:33:16 373] tts        657  TTS_MSG_GETAUDIO  0  
[2025/08/10 20:33:16 373] tts        485  get audio|use local  
[2025/08/10 20:33:16 373] tts        498  local audiolen:  2042  ,ced:  30  
[2025/08/10 20:33:16 373] tts        527  0  udata(780705d8) 1  
[2025/08/10 20:33:16 395] tts        657  TTS_MSG_GETAUDIO  0  
[2025/08/10 20:33:16 395] tts        485  get audio|use local  
[2025/08/10 20:33:16 395] tts        498  local audiolen:  2016  ,ced:  30  
[2025/08/10 20:33:16 396] tts        527  0  udata(7807e738) 1  
[2025/08/10 20:33:16 400] tts        657  TTS_MSG_GETAUDIO  0  
[2025/08/10 20:33:16 400] tts        485  get audio|use local  
[2025/08/10 20:33:16 401] tts        498  local audiolen:  2018  ,ced:  30  
[2025/08/10 20:33:16 401] tts        527  0  udata(7807ea88) 1  
[2025/08/10 20:33:16 404] tts        657  TTS_MSG_GETAUDIO  0  
[2025/08/10 20:33:16 404] tts        485  get audio|use local  
[2025/08/10 20:33:16 404] tts        498  local audiolen:  2018  ,ced:  30  
[2025/08/10 20:33:16 405] tts        527  0  udata(7807ecd8) 1  
[2025/08/10 20:33:16 409] tts        657  TTS_MSG_GETAUDIO  0  
[2025/08/10 20:33:16 409] tts        485  get audio|use local  
[2025/08/10 20:33:16 409] tts        498  local audiolen:  2034  ,ced:  30  
[2025/08/10 20:33:16 409] tts        527  0  udata(7807ee28) 1  
[2025/08/10 20:33:16 411] tts        657  TTS_MSG_GETAUDIO  0  
[2025/08/10 20:33:16 411] tts        485  get audio|use local  
[2025/08/10 20:33:16 411] tts        498  local audiolen:  2046  ,ced:  30  
[2025/08/10 20:33:16 412] tts        527  0  udata(7807ee78) 1  
[2025/08/10 20:33:16 415] tts        657  TTS_MSG_GETAUDIO  0  
[2025/08/10 20:33:16 415] tts        485  get audio|use local  
[2025/08/10 20:33:16 417] tts        498  local audiolen:  1962  ,ced:  30  
[2025/08/10 20:33:16 417] tts        527  0  udata(7807dc88) 1  
[2025/08/10 20:33:16 419] tts        657  TTS_MSG_GETAUDIO  0  
[2025/08/10 20:33:16 420] tts        485  get audio|use local  
[2025/08/10 20:33:16 420] tts        498  local audiolen:  2014  ,ced:  30  
[2025/08/10 20:33:16 420] tts        527  0  udata(7807d4c8) 1  
[2025/08/10 20:33:16 425] tts        657  TTS_MSG_GETAUDIO  0  
[2025/08/10 20:33:16 425] tts        485  get audio|use local  
[2025/08/10 20:33:16 426] tts        498  local audiolen:  1936  ,ced:  30  
[2025/08/10 20:33:16 426] tts        527  0  udata(7807da18) 1  
[2025/08/10 20:33:16 427] tts        657  TTS_MSG_GETAUDIO  0  
[2025/08/10 20:33:16 427] tts        485  get audio|use local  
[2025/08/10 20:33:16 427] tts        498  local audiolen:  2010  ,ced:  30  
[2025/08/10 20:33:16 428] tts        527  0  udata(7807da68) 1  
[2025/08/10 20:33:16 432] tts        657  TTS_MSG_GETAUDIO  0  
[2025/08/10 20:33:16 432] tts        485  get audio|use local  
[2025/08/10 20:33:16 432] tts        498  local audiolen:  1894  ,ced:  30  
[2025/08/10 20:33:16 433] tts        527  0  udata(78081178) 1  
[2025/08/10 20:33:16 433] tts        657  TTS_MSG_GETAUDIO  0  
[2025/08/10 20:33:16 434] tts        485  get audio|use local  
[2025/08/10 20:33:16 434] tts        498  local audiolen:  1930  ,ced:  30  
[2025/08/10 20:33:16 434] tts        527  0  udata(7807dbb8) 1  
[2025/08/10 20:33:16 435] tts        657  TTS_MSG_GETAUDIO  0  
[2025/08/10 20:33:16 435] tts        485  get audio|use local  
[2025/08/10 20:33:16 435] tts        498  local audiolen:  2006  ,ced:  30  
[2025/08/10 20:33:16 435] tts        527  0  udata(7807dc08) 1  
[2025/08/10 20:33:16 445] tts        657  TTS_MSG_GETAUDIO  0  
[2025/08/10 20:33:16 445] tts        485  get audio|use local  
[2025/08/10 20:33:16 446] tts        498  local audiolen:  2016  ,ced:  30  
[2025/08/10 20:33:16 448] tts        527  0  udata(78080b08) 1  
[2025/08/10 20:33:16 454] tts        657  TTS_MSG_GETAUDIO  0  
[2025/08/10 20:33:16 455] tts        485  get audio|use local  
[2025/08/10 20:33:16 455] tts        498  local audiolen:  2016  ,ced:  30  
[2025/08/10 20:33:16 456] tts        527  0  udata(78080b58) 1  
[2025/08/10 20:33:16 463] tts        657  TTS_MSG_GETAUDIO  0  
[2025/08/10 20:33:16 463] tts        485  get audio|use local  
[2025/08/10 20:33:16 463] tts        498  local audiolen:  1946  ,ced:  30  
[2025/08/10 20:33:16 463] tts        527  0  udata(78080da8) 1  
[2025/08/10 20:33:16 464] tts        657  TTS_MSG_GETAUDIO  0  
[2025/08/10 20:33:16 464] tts        485  get audio|use local  
[2025/08/10 20:33:16 464] tts        498  local audiolen:  1954  ,ced:  30  
[2025/08/10 20:33:16 465] tts        527  0  udata(78080df8) 1  
[2025/08/10 20:33:16 465] tts        657  TTS_MSG_GETAUDIO  0  
[2025/08/10 20:33:16 466] tts        485  get audio|use local  
[2025/08/10 20:33:16 466] tts        498  local audiolen:  1978  ,ced:  30  
[2025/08/10 20:33:16 466] tts        527  0  udata(78080e48) 1  
[2025/08/10 20:33:16 467] tts        657  TTS_MSG_GETAUDIO  0  
[2025/08/10 20:33:16 467] tts        485  get audio|use local  
[2025/08/10 20:33:16 467] tts        498  local audiolen:  2014  ,ced:  30  
[2025/08/10 20:33:16 467] tts        527  0  udata(78080e98) 1  
[2025/08/10 20:33:16 468] tts        657  TTS_MSG_GETAUDIO  0  
[2025/08/10 20:33:16 468] tts        485  get audio|use local  
[2025/08/10 20:33:16 468] tts        498  local audiolen:  1966  ,ced:  30  
[2025/08/10 20:33:16 468] tts        527  0  udata(78080ee8) 1  
[2025/08/10 20:33:16 469] tts        657  TTS_MSG_GETAUDIO  0  
[2025/08/10 20:33:16 469] tts        485  get audio|use local  
[2025/08/10 20:33:16 470] tts        498  local audiolen:  2004  ,ced:  30  
[2025/08/10 20:33:16 470] tts        527  0  udata(78080f38) 1  
[2025/08/10 20:33:16 487] tts        301  0  0  
[2025/08/10 20:33:16 487] tts        312  TTS_LOCAL_CB_END,  2  
[2025/08/10 20:33:16 488] tts        657  TTS_MSG_GETAUDIO  0  
[2025/08/10 20:33:16 488] tts        485  get audio|use local  
[2025/08/10 20:33:16 488] tts        498  local audiolen:  2016  ,ced:  30  
[2025/08/10 20:33:16 488] tts        527  0  udata(7807fa68) 1  
[2025/08/10 20:33:16 489] tts        657  TTS_MSG_GETAUDIO  0  
[2025/08/10 20:33:16 489] tts        485  get audio|use local  
[2025/08/10 20:33:16 489] tts        498  local audiolen:  2006  ,ced:  30  
[2025/08/10 20:33:16 489] tts        527  0  udata(7807fab8) 1  
[2025/08/10 20:33:16 490] tts        657  TTS_MSG_GETAUDIO  0  
[2025/08/10 20:33:16 491] tts        485  get audio|use local  
[2025/08/10 20:33:16 491] tts        498  local audiolen:  2028  ,ced:  30  
[2025/08/10 20:33:16 491] tts        527  0  udata(7807fb08) 1  
[2025/08/10 20:33:16 492] tts        657  TTS_MSG_GETAUDIO  0  
[2025/08/10 20:33:16 492] tts        485  get audio|use local  
[2025/08/10 20:33:16 492] tts        498  local audiolen:  2006  ,ced:  30  
[2025/08/10 20:33:16 493] tts        527  0  udata(7807fb58) 1  
[2025/08/10 20:33:16 493] tts        657  TTS_MSG_GETAUDIO  0  
[2025/08/10 20:33:16 494] tts        485  get audio|use local  
[2025/08/10 20:33:16 494] tts        498  local audiolen:  1986  ,ced:  30  
[2025/08/10 20:33:16 494] tts        527  0  udata(7807fba8) 1  
[2025/08/10 20:33:16 495] tts        657  TTS_MSG_GETAUDIO  0  
[2025/08/10 20:33:16 495] tts        485  get audio|use local  
[2025/08/10 20:33:16 495] tts        498  local audiolen:  2048  ,ced:  30  
[2025/08/10 20:33:16 495] tts        527  0  udata(7807fbf8) 1  
[2025/08/10 20:33:16 499] tts        657  TTS_MSG_GETAUDIO  0  
[2025/08/10 20:33:16 500] tts        485  get audio|use local  
[2025/08/10 20:33:16 500] tts        498  local audiolen:  1938  ,ced:  30  
[2025/08/10 20:33:16 500] tts        527  0  udata(7807fc48) 1  
[2025/08/10 20:33:16 504] tts        657  TTS_MSG_GETAUDIO  0  
[2025/08/10 20:33:16 504] tts        485  get audio|use local  
[2025/08/10 20:33:16 504] tts        498  local audiolen:  2010  ,ced:  30  
[2025/08/10 20:33:16 504] tts        527  0  udata(7807fc98) 1  
[2025/08/10 20:33:16 507] tts        657  TTS_MSG_GETAUDIO  0  
[2025/08/10 20:33:16 507] tts        485  get audio|use local  
[2025/08/10 20:33:16 511] tts        498  local audiolen:  2008  ,ced:  30  
[2025/08/10 20:33:16 511] tts        527  0  udata(7807fce8) 1  
[2025/08/10 20:33:16 520] tts        657  TTS_MSG_GETAUDIO  0  
[2025/08/10 20:33:16 520] tts        485  get audio|use local  
[2025/08/10 20:33:16 521] tts        498  local audiolen:  1986  ,ced:  30  
[2025/08/10 20:33:16 521] tts        527  0  udata(7807fd38) 1  
[2025/08/10 20:33:16 522] tts        657  TTS_MSG_GETAUDIO  0  
[2025/08/10 20:33:16 522] tts        485  get audio|use local  
[2025/08/10 20:33:16 522] tts        498  local audiolen:  2028  ,ced:  30  
[2025/08/10 20:33:16 523] tts        527  0  udata(7807fd88) 1  
[2025/08/10 20:33:16 523] tts        657  TTS_MSG_GETAUDIO  0  
[2025/08/10 20:33:16 524] tts        485  get audio|use local  
[2025/08/10 20:33:16 524] tts        498  local audiolen:  2008  ,ced:  30  
[2025/08/10 20:33:16 524] tts        527  0  udata(7807fdd8) 1  
[2025/08/10 20:33:16 525] tts        657  TTS_MSG_GETAUDIO  0  
[2025/08/10 20:33:16 525] tts        485  get audio|use local  
[2025/08/10 20:33:16 525] tts        498  local audiolen:  2036  ,ced:  30  
[2025/08/10 20:33:16 525] tts        527  0  udata(7807fe28) 1  
[2025/08/10 20:33:16 526] tts        657  TTS_MSG_GETAUDIO  0  
[2025/08/10 20:33:16 526] tts        485  get audio|use local  
[2025/08/10 20:33:16 526] tts        498  local audiolen:  2016  ,ced:  30  
[2025/08/10 20:33:16 526] tts        527  0  udata(7807fe78) 1  
[2025/08/10 20:33:16 527] tts        657  TTS_MSG_GETAUDIO  0  
[2025/08/10 20:33:16 527] tts        485  get audio|use local  
[2025/08/10 20:33:16 528] tts        498  local audiolen:  2016  ,ced:  30  
[2025/08/10 20:33:16 528] tts        527  0  udata(7807fec8) 1  
[2025/08/10 20:33:16 529] tts        657  TTS_MSG_GETAUDIO  0  
[2025/08/10 20:33:16 529] tts        485  get audio|use local  
[2025/08/10 20:33:16 529] tts        498  local audiolen:  2016  ,ced:  30  
[2025/08/10 20:33:16 529] tts        527  0  udata(7802a018) 1  
[2025/08/10 20:33:16 530] tts        657  TTS_MSG_GETAUDIO  0  
[2025/08/10 20:33:16 530] tts        485  get audio|use local  
[2025/08/10 20:33:16 530] tts        498  local audiolen:  1920  ,ced:  30  
[2025/08/10 20:33:16 530] tts        527  0  udata(78080aa8) 1  
[2025/08/10 20:33:16 531] tts        657  TTS_MSG_GETAUDIO  0  
[2025/08/10 20:33:16 531] tts        485  get audio|use local  
[2025/08/10 20:33:16 533] tts        498  local audiolen:  1908  ,ced:  30  
[2025/08/10 20:33:16 533] tts        527  0  udata(7802a068) 1  
[2025/08/10 20:33:16 535] tts        657  TTS_MSG_GETAUDIO  0  
[2025/08/10 20:33:16 535] tts        485  get audio|use local  
[2025/08/10 20:33:16 535] tts        498  local audiolen:  1948  ,ced:  30  
[2025/08/10 20:33:16 535] tts        527  0  udata(7802a0b8) 1  
[2025/08/10 20:33:16 536] tts        657  TTS_MSG_GETAUDIO  0  
[2025/08/10 20:33:16 536] tts        485  get audio|use local  
[2025/08/10 20:33:16 537] tts        498  local audiolen:  1894  ,ced:  30  
[2025/08/10 20:33:16 537] tts        527  0  udata(7802a108) 1  
[2025/08/10 20:33:16 538] tts        657  TTS_MSG_GETAUDIO  0  
[2025/08/10 20:33:16 538] tts        485  get audio|use local  
[2025/08/10 20:33:16 538] tts        498  local audiolen:  2012  ,ced:  30  
[2025/08/10 20:33:16 538] tts        527  0  udata(7802a158) 1  
[2025/08/10 20:33:16 539] tts        657  TTS_MSG_GETAUDIO  0  
[2025/08/10 20:33:16 539] tts        485  get audio|use local  
[2025/08/10 20:33:16 540] tts        498  local audiolen:  2016  ,ced:  30  
[2025/08/10 20:33:16 540] tts        527  0  udata(7802a1a8) 1  
[2025/08/10 20:33:16 541] tts        657  TTS_MSG_GETAUDIO  0  
[2025/08/10 20:33:16 541] tts        485  get audio|use local  
[2025/08/10 20:33:16 541] tts        498  local audiolen:  2032  ,ced:  30  
[2025/08/10 20:33:16 541] tts        527  0  udata(7802a1f8) 1  
[2025/08/10 20:33:16 542] tts        657  TTS_MSG_GETAUDIO  0  
[2025/08/10 20:33:16 542] tts        485  get audio|use local  
[2025/08/10 20:33:16 542] tts        498  local audiolen:  1304  ,ced:  30  
[2025/08/10 20:33:16 542] tts        527  0  udata(78080848) 2  
[2025/08/10 20:33:16 543] tts        660  TTS_MSG_SSE  
[2025/08/10 20:33:16 545] tts        585  sse|use local  
[2025/08/10 20:33:16 555] tts        603  tts exit  
[2025/08/10 20:33:16 557] tts        667  SYS_MSG_UNLOAD  
