============================================================
Time  2025/07/10 16:11:47 442 
============================================================
[2025/07/10 16:11:47 442] tts        676  SYS_MSG_REGCB param0 =  msp_status_cb  param1 =  func(94014a30) 
[2025/07/10 16:11:47 446] config     43   use general cloud  
[2025/07/10 16:11:47 456] tts_cloud  1417 SYS_MSG_REGCB_CLOUD param0 =   msp_status_cb  param1 =  func(94014a30) 
[2025/07/10 16:11:47 456] tts        647  TTS_MSG_SSB  
[2025/07/10 16:11:47 457] tts        375  params =  engine_type = local,voice_name=xiaoyan, text_encoding = UTF8, tts_res_path = fo|res/tts/xiaoyan.jet;fo|res/tts/common.jet, sample_rate = 16000, speed = 50, volume = 80, pitch = 50, rdn = 2  
[2025/07/10 16:11:47 457] tts        412  ssb|use local  
[2025/07/10 16:11:47 457] tts        349  local_session_begin  
[2025/07/10 16:11:47 461] tts        654  TTS_MSG_SYN  0  
[2025/07/10 16:11:47 461] tts        451  synth|use local  
[2025/07/10 16:11:47 465] tts        657  TTS_MSG_GETAUDIO  0  
[2025/07/10 16:11:47 465] tts        485  get audio|use local  
[2025/07/10 16:11:47 465] tts        527  0  nil  1  
[2025/07/10 16:11:47 466] tts        657  TTS_MSG_GETAUDIO  0  
[2025/07/10 16:11:47 466] tts        485  get audio|use local  
[2025/07/10 16:11:47 466] tts        527  0  nil  1  
[2025/07/10 16:11:47 467] tts        657  TTS_MSG_GETAUDIO  0  
[2025/07/10 16:11:47 467] tts        485  get audio|use local  
[2025/07/10 16:11:47 467] tts        527  0  nil  1  
[2025/07/10 16:11:47 468] tts        657  TTS_MSG_GETAUDIO  0  
[2025/07/10 16:11:47 468] tts        485  get audio|use local  
[2025/07/10 16:11:47 468] tts        527  0  nil  1  
[2025/07/10 16:11:47 480] tts        657  TTS_MSG_GETAUDIO  0  
[2025/07/10 16:11:47 480] tts        485  get audio|use local  
[2025/07/10 16:11:47 480] tts        527  0  nil  1  
[2025/07/10 16:11:47 483] tts        657  TTS_MSG_GETAUDIO  0  
[2025/07/10 16:11:47 483] tts        485  get audio|use local  
[2025/07/10 16:11:47 483] tts        527  0  nil  1  
[2025/07/10 16:11:47 484] tts        657  TTS_MSG_GETAUDIO  0  
[2025/07/10 16:11:47 485] tts        485  get audio|use local  
[2025/07/10 16:11:47 486] tts        527  0  nil  1  
[2025/07/10 16:11:47 488] tts        657  TTS_MSG_GETAUDIO  0  
[2025/07/10 16:11:47 488] tts        485  get audio|use local  
[2025/07/10 16:11:47 488] tts        527  0  nil  1  
[2025/07/10 16:11:47 489] tts        657  TTS_MSG_GETAUDIO  0  
[2025/07/10 16:11:47 490] tts        485  get audio|use local  
[2025/07/10 16:11:47 490] tts        527  0  nil  1  
[2025/07/10 16:11:47 491] tts        657  TTS_MSG_GETAUDIO  0  
[2025/07/10 16:11:47 491] tts        485  get audio|use local  
[2025/07/10 16:11:47 491] tts        527  0  nil  1  
[2025/07/10 16:11:47 492] tts        657  TTS_MSG_GETAUDIO  0  
[2025/07/10 16:11:47 492] tts        485  get audio|use local  
[2025/07/10 16:11:47 492] tts        527  0  nil  1  
[2025/07/10 16:11:47 493] tts        657  TTS_MSG_GETAUDIO  0  
[2025/07/10 16:11:47 493] tts        485  get audio|use local  
[2025/07/10 16:11:47 493] tts        527  0  nil  1  
[2025/07/10 16:11:47 493] tts        657  TTS_MSG_GETAUDIO  0  
[2025/07/10 16:11:47 493] tts        485  get audio|use local  
[2025/07/10 16:11:47 494] tts        527  0  nil  1  
[2025/07/10 16:11:47 494] tts        657  TTS_MSG_GETAUDIO  0  
[2025/07/10 16:11:47 494] tts        485  get audio|use local  
[2025/07/10 16:11:47 494] tts        527  0  nil  1  
[2025/07/10 16:11:47 495] tts        657  TTS_MSG_GETAUDIO  0  
[2025/07/10 16:11:47 495] tts        485  get audio|use local  
[2025/07/10 16:11:47 495] tts        527  0  nil  1  
[2025/07/10 16:11:47 496] tts        657  TTS_MSG_GETAUDIO  0  
[2025/07/10 16:11:47 496] tts        485  get audio|use local  
[2025/07/10 16:11:47 496] tts        527  0  nil  1  
[2025/07/10 16:11:47 497] tts        657  TTS_MSG_GETAUDIO  0  
[2025/07/10 16:11:47 498] tts        485  get audio|use local  
[2025/07/10 16:11:47 498] tts        527  0  nil  1  
[2025/07/10 16:11:47 499] tts        657  TTS_MSG_GETAUDIO  0  
[2025/07/10 16:11:47 499] tts        485  get audio|use local  
[2025/07/10 16:11:47 499] tts        527  0  nil  1  
[2025/07/10 16:11:47 500] tts        657  TTS_MSG_GETAUDIO  0  
[2025/07/10 16:11:47 500] tts        485  get audio|use local  
[2025/07/10 16:11:47 500] tts        527  0  nil  1  
[2025/07/10 16:11:47 502] tts        657  TTS_MSG_GETAUDIO  0  
[2025/07/10 16:11:47 502] tts        485  get audio|use local  
[2025/07/10 16:11:47 503] tts        527  0  nil  1  
[2025/07/10 16:11:47 504] tts        657  TTS_MSG_GETAUDIO  0  
[2025/07/10 16:11:47 504] tts        485  get audio|use local  
[2025/07/10 16:11:47 505] tts        527  0  nil  1  
[2025/07/10 16:11:47 506] tts        657  TTS_MSG_GETAUDIO  0  
[2025/07/10 16:11:47 506] tts        485  get audio|use local  
[2025/07/10 16:11:47 506] tts        527  0  nil  1  
[2025/07/10 16:11:47 507] tts        657  TTS_MSG_GETAUDIO  0  
[2025/07/10 16:11:47 507] tts        485  get audio|use local  
[2025/07/10 16:11:47 507] tts        527  0  nil  1  
[2025/07/10 16:11:47 508] tts        657  TTS_MSG_GETAUDIO  0  
[2025/07/10 16:11:47 508] tts        485  get audio|use local  
[2025/07/10 16:11:47 508] tts        527  0  nil  1  
[2025/07/10 16:11:47 509] tts        657  TTS_MSG_GETAUDIO  0  
[2025/07/10 16:11:47 509] tts        485  get audio|use local  
[2025/07/10 16:11:47 509] tts        527  0  nil  1  
[2025/07/10 16:11:47 510] tts        657  TTS_MSG_GETAUDIO  0  
[2025/07/10 16:11:47 510] tts        485  get audio|use local  
[2025/07/10 16:11:47 510] tts        527  0  nil  1  
[2025/07/10 16:11:47 511] tts        657  TTS_MSG_GETAUDIO  0  
[2025/07/10 16:11:47 511] tts        485  get audio|use local  
[2025/07/10 16:11:47 511] tts        527  0  nil  1  
[2025/07/10 16:11:47 512] tts        657  TTS_MSG_GETAUDIO  0  
[2025/07/10 16:11:47 512] tts        485  get audio|use local  
[2025/07/10 16:11:47 512] tts        527  0  nil  1  
[2025/07/10 16:11:47 514] tts        657  TTS_MSG_GETAUDIO  0  
[2025/07/10 16:11:47 514] tts        485  get audio|use local  
[2025/07/10 16:11:47 514] tts        527  0  nil  1  
[2025/07/10 16:11:47 514] tts        657  TTS_MSG_GETAUDIO  0  
[2025/07/10 16:11:47 515] tts        485  get audio|use local  
[2025/07/10 16:11:47 515] tts        527  0  nil  1  
[2025/07/10 16:11:47 515] tts        657  TTS_MSG_GETAUDIO  0  
[2025/07/10 16:11:47 516] tts        485  get audio|use local  
[2025/07/10 16:11:47 516] tts        527  0  nil  1  
[2025/07/10 16:11:47 518] tts        657  TTS_MSG_GETAUDIO  0  
[2025/07/10 16:11:47 518] tts        485  get audio|use local  
[2025/07/10 16:11:47 518] tts        527  0  nil  1  
[2025/07/10 16:11:47 524] tts        657  TTS_MSG_GETAUDIO  0  
[2025/07/10 16:11:47 524] tts        485  get audio|use local  
[2025/07/10 16:11:47 524] tts        527  0  nil  1  
[2025/07/10 16:11:47 525] tts        657  TTS_MSG_GETAUDIO  0  
[2025/07/10 16:11:47 525] tts        485  get audio|use local  
[2025/07/10 16:11:47 525] tts        527  0  nil  1  
[2025/07/10 16:11:47 527] tts        657  TTS_MSG_GETAUDIO  0  
[2025/07/10 16:11:47 527] tts        485  get audio|use local  
[2025/07/10 16:11:47 527] tts        527  0  nil  1  
[2025/07/10 16:11:47 528] tts        657  TTS_MSG_GETAUDIO  0  
[2025/07/10 16:11:47 528] tts        485  get audio|use local  
[2025/07/10 16:11:47 528] tts        527  0  nil  1  
[2025/07/10 16:11:47 529] tts        657  TTS_MSG_GETAUDIO  0  
[2025/07/10 16:11:47 529] tts        485  get audio|use local  
[2025/07/10 16:11:47 529] tts        527  0  nil  1  
[2025/07/10 16:11:47 531] tts        657  TTS_MSG_GETAUDIO  0  
[2025/07/10 16:11:47 531] tts        485  get audio|use local  
[2025/07/10 16:11:47 531] tts        527  0  nil  1  
[2025/07/10 16:11:47 532] tts        657  TTS_MSG_GETAUDIO  0  
[2025/07/10 16:11:47 532] tts        485  get audio|use local  
[2025/07/10 16:11:47 532] tts        527  0  nil  1  
[2025/07/10 16:11:47 533] tts        657  TTS_MSG_GETAUDIO  0  
[2025/07/10 16:11:47 534] tts        485  get audio|use local  
[2025/07/10 16:11:47 534] tts        527  0  nil  1  
[2025/07/10 16:11:47 535] tts        657  TTS_MSG_GETAUDIO  0  
[2025/07/10 16:11:47 535] tts        485  get audio|use local  
[2025/07/10 16:11:47 536] tts        527  0  nil  1  
[2025/07/10 16:11:47 538] tts        657  TTS_MSG_GETAUDIO  0  
[2025/07/10 16:11:47 538] tts        485  get audio|use local  
[2025/07/10 16:11:47 538] tts        527  0  nil  1  
[2025/07/10 16:11:47 539] tts        657  TTS_MSG_GETAUDIO  0  
[2025/07/10 16:11:47 539] tts        485  get audio|use local  
[2025/07/10 16:11:47 539] tts        527  0  nil  1  
[2025/07/10 16:11:47 541] tts        657  TTS_MSG_GETAUDIO  0  
[2025/07/10 16:11:47 541] tts        485  get audio|use local  
[2025/07/10 16:11:47 541] tts        527  0  nil  1  
[2025/07/10 16:11:47 542] tts        657  TTS_MSG_GETAUDIO  0  
[2025/07/10 16:11:47 542] tts        485  get audio|use local  
[2025/07/10 16:11:47 542] tts        527  0  nil  1  
[2025/07/10 16:11:47 543] tts        657  TTS_MSG_GETAUDIO  0  
[2025/07/10 16:11:47 543] tts        485  get audio|use local  
[2025/07/10 16:11:47 543] tts        527  0  nil  1  
[2025/07/10 16:11:47 544] tts        657  TTS_MSG_GETAUDIO  0  
[2025/07/10 16:11:47 544] tts        485  get audio|use local  
[2025/07/10 16:11:47 544] tts        527  0  nil  1  
[2025/07/10 16:11:47 545] tts        657  TTS_MSG_GETAUDIO  0  
[2025/07/10 16:11:47 545] tts        485  get audio|use local  
[2025/07/10 16:11:47 545] tts        527  0  nil  1  
[2025/07/10 16:11:47 546] tts        657  TTS_MSG_GETAUDIO  0  
[2025/07/10 16:11:47 546] tts        485  get audio|use local  
[2025/07/10 16:11:47 546] tts        527  0  nil  1  
[2025/07/10 16:11:47 547] tts        657  TTS_MSG_GETAUDIO  0  
[2025/07/10 16:11:47 547] tts        485  get audio|use local  
[2025/07/10 16:11:47 547] tts        527  0  nil  1  
[2025/07/10 16:11:47 551] tts        657  TTS_MSG_GETAUDIO  0  
[2025/07/10 16:11:47 551] tts        485  get audio|use local  
[2025/07/10 16:11:47 552] tts        527  0  nil  1  
[2025/07/10 16:11:47 553] tts        657  TTS_MSG_GETAUDIO  0  
[2025/07/10 16:11:47 553] tts        485  get audio|use local  
[2025/07/10 16:11:47 553] tts        527  0  nil  1  
[2025/07/10 16:11:47 558] tts        657  TTS_MSG_GETAUDIO  0  
[2025/07/10 16:11:47 558] tts        485  get audio|use local  
[2025/07/10 16:11:47 558] tts        527  0  nil  1  
[2025/07/10 16:11:47 560] tts        657  TTS_MSG_GETAUDIO  0  
[2025/07/10 16:11:47 560] tts        485  get audio|use local  
[2025/07/10 16:11:47 560] tts        527  0  nil  1  
[2025/07/10 16:11:47 564] tts        657  TTS_MSG_GETAUDIO  0  
[2025/07/10 16:11:47 565] tts        485  get audio|use local  
[2025/07/10 16:11:47 568] tts        527  0  nil  1  
[2025/07/10 16:11:47 570] tts        657  TTS_MSG_GETAUDIO  0  
[2025/07/10 16:11:47 570] tts        485  get audio|use local  
[2025/07/10 16:11:47 571] tts        527  0  nil  1  
[2025/07/10 16:11:47 571] tts        657  TTS_MSG_GETAUDIO  0  
[2025/07/10 16:11:47 571] tts        485  get audio|use local  
[2025/07/10 16:11:47 571] tts        527  0  nil  1  
[2025/07/10 16:11:47 572] tts        657  TTS_MSG_GETAUDIO  0  
[2025/07/10 16:11:47 572] tts        485  get audio|use local  
[2025/07/10 16:11:47 572] tts        527  0  nil  1  
[2025/07/10 16:11:47 573] tts        657  TTS_MSG_GETAUDIO  0  
[2025/07/10 16:11:47 573] tts        485  get audio|use local  
[2025/07/10 16:11:47 573] tts        527  0  nil  1  
[2025/07/10 16:11:47 574] tts        657  TTS_MSG_GETAUDIO  0  
[2025/07/10 16:11:47 574] tts        485  get audio|use local  
[2025/07/10 16:11:47 574] tts        527  0  nil  1  
[2025/07/10 16:11:47 580] tts        657  TTS_MSG_GETAUDIO  0  
[2025/07/10 16:11:47 580] tts        485  get audio|use local  
[2025/07/10 16:11:47 580] tts        527  0  nil  1  
[2025/07/10 16:11:47 583] tts        657  TTS_MSG_GETAUDIO  0  
[2025/07/10 16:11:47 583] tts        485  get audio|use local  
[2025/07/10 16:11:47 583] tts        527  0  nil  1  
[2025/07/10 16:11:47 586] tts        657  TTS_MSG_GETAUDIO  0  
[2025/07/10 16:11:47 587] tts        485  get audio|use local  
[2025/07/10 16:11:47 587] tts        527  0  nil  1  
[2025/07/10 16:11:47 591] tts        657  TTS_MSG_GETAUDIO  0  
[2025/07/10 16:11:47 593] tts        485  get audio|use local  
[2025/07/10 16:11:47 593] tts        527  0  nil  1  
[2025/07/10 16:11:47 594] tts        657  TTS_MSG_GETAUDIO  0  
[2025/07/10 16:11:47 595] tts        485  get audio|use local  
[2025/07/10 16:11:47 595] tts        527  0  nil  1  
[2025/07/10 16:11:47 597] tts        657  TTS_MSG_GETAUDIO  0  
[2025/07/10 16:11:47 597] tts        485  get audio|use local  
[2025/07/10 16:11:47 597] tts        527  0  nil  1  
[2025/07/10 16:11:47 598] tts        657  TTS_MSG_GETAUDIO  0  
[2025/07/10 16:11:47 598] tts        485  get audio|use local  
[2025/07/10 16:11:47 598] tts        527  0  nil  1  
[2025/07/10 16:11:47 600] tts        657  TTS_MSG_GETAUDIO  0  
[2025/07/10 16:11:47 600] tts        485  get audio|use local  
[2025/07/10 16:11:47 600] tts        527  0  nil  1  
[2025/07/10 16:11:47 601] tts        657  TTS_MSG_GETAUDIO  0  
[2025/07/10 16:11:47 601] tts        485  get audio|use local  
[2025/07/10 16:11:47 601] tts        527  0  nil  1  
[2025/07/10 16:11:47 601] tts        657  TTS_MSG_GETAUDIO  0  
[2025/07/10 16:11:47 602] tts        485  get audio|use local  
[2025/07/10 16:11:47 602] tts        527  0  nil  1  
[2025/07/10 16:11:47 603] tts        657  TTS_MSG_GETAUDIO  0  
[2025/07/10 16:11:47 603] tts        485  get audio|use local  
[2025/07/10 16:11:47 603] tts        527  0  nil  1  
[2025/07/10 16:11:47 604] tts        657  TTS_MSG_GETAUDIO  0  
[2025/07/10 16:11:47 604] tts        485  get audio|use local  
[2025/07/10 16:11:47 604] tts        527  0  nil  1  
[2025/07/10 16:11:47 605] tts        657  TTS_MSG_GETAUDIO  0  
[2025/07/10 16:11:47 606] tts        485  get audio|use local  
[2025/07/10 16:11:47 606] tts        527  0  nil  1  
[2025/07/10 16:11:47 606] tts        657  TTS_MSG_GETAUDIO  0  
[2025/07/10 16:11:47 607] tts        485  get audio|use local  
[2025/07/10 16:11:47 607] tts        527  0  nil  1  
[2025/07/10 16:11:47 608] tts        657  TTS_MSG_GETAUDIO  0  
[2025/07/10 16:11:47 608] tts        485  get audio|use local  
[2025/07/10 16:11:47 608] tts        527  0  nil  1  
[2025/07/10 16:11:47 610] tts        657  TTS_MSG_GETAUDIO  0  
[2025/07/10 16:11:47 610] tts        485  get audio|use local  
[2025/07/10 16:11:47 610] tts        527  0  nil  1  
[2025/07/10 16:11:47 611] tts        657  TTS_MSG_GETAUDIO  0  
[2025/07/10 16:11:47 611] tts        485  get audio|use local  
[2025/07/10 16:11:47 611] tts        527  0  nil  1  
[2025/07/10 16:11:47 614] tts        657  TTS_MSG_GETAUDIO  0  
[2025/07/10 16:11:47 614] tts        485  get audio|use local  
[2025/07/10 16:11:47 614] tts        527  0  nil  1  
[2025/07/10 16:11:47 616] tts        657  TTS_MSG_GETAUDIO  0  
[2025/07/10 16:11:47 616] tts        485  get audio|use local  
[2025/07/10 16:11:47 616] tts        527  0  nil  1  
[2025/07/10 16:11:47 617] tts        299  TTS_LOCAL_CB_BEGIN  
[2025/07/10 16:11:47 618] tts        657  TTS_MSG_GETAUDIO  0  
[2025/07/10 16:11:47 618] tts        485  get audio|use local  
[2025/07/10 16:11:47 618] tts        527  0  nil  1  
[2025/07/10 16:11:47 621] tts        657  TTS_MSG_GETAUDIO  0  
[2025/07/10 16:11:47 621] tts        485  get audio|use local  
[2025/07/10 16:11:47 621] tts        498  local audiolen:  2042  ,ced:  16  
[2025/07/10 16:11:47 621] tts        527  0  udata(9407f1b8) 1  
[2025/07/10 16:11:47 622] tts        657  TTS_MSG_GETAUDIO  0  
[2025/07/10 16:11:47 623] tts        485  get audio|use local  
[2025/07/10 16:11:47 623] tts        498  local audiolen:  2016  ,ced:  16  
[2025/07/10 16:11:47 623] tts        527  0  udata(9407f518) 1  
[2025/07/10 16:11:47 628] tts        657  TTS_MSG_GETAUDIO  0  
[2025/07/10 16:11:47 628] tts        485  get audio|use local  
[2025/07/10 16:11:47 628] tts        498  local audiolen:  1970  ,ced:  16  
[2025/07/10 16:11:47 629] tts        527  0  udata(9407f068) 1  
[2025/07/10 16:11:47 631] tts        657  TTS_MSG_GETAUDIO  0  
[2025/07/10 16:11:47 631] tts        485  get audio|use local  
[2025/07/10 16:11:47 632] tts        498  local audiolen:  1900  ,ced:  16  
[2025/07/10 16:11:47 632] tts        527  0  udata(94087e08) 1  
[2025/07/10 16:11:47 634] tts        657  TTS_MSG_GETAUDIO  0  
[2025/07/10 16:11:47 634] tts        485  get audio|use local  
[2025/07/10 16:11:47 634] tts        498  local audiolen:  1972  ,ced:  16  
[2025/07/10 16:11:47 634] tts        527  0  udata(9407db78) 1  
[2025/07/10 16:11:47 636] tts        657  TTS_MSG_GETAUDIO  0  
[2025/07/10 16:11:47 636] tts        485  get audio|use local  
[2025/07/10 16:11:47 636] tts        498  local audiolen:  1982  ,ced:  16  
[2025/07/10 16:11:47 636] tts        527  0  udata(9407ddc8) 1  
[2025/07/10 16:11:47 638] tts        657  TTS_MSG_GETAUDIO  0  
[2025/07/10 16:11:47 638] tts        485  get audio|use local  
[2025/07/10 16:11:47 638] tts        498  local audiolen:  2046  ,ced:  16  
[2025/07/10 16:11:47 639] tts        527  0  udata(9407e018) 1  
[2025/07/10 16:11:47 641] tts        657  TTS_MSG_GETAUDIO  0  
[2025/07/10 16:11:47 641] tts        485  get audio|use local  
[2025/07/10 16:11:47 641] tts        498  local audiolen:  1970  ,ced:  16  
[2025/07/10 16:11:47 641] tts        527  0  udata(94087788) 1  
[2025/07/10 16:11:47 643] tts        657  TTS_MSG_GETAUDIO  0  
[2025/07/10 16:11:47 643] tts        485  get audio|use local  
[2025/07/10 16:11:47 643] tts        498  local audiolen:  1932  ,ced:  16  
[2025/07/10 16:11:47 644] tts        527  0  udata(940879d8) 1  
[2025/07/10 16:11:47 646] tts        657  TTS_MSG_GETAUDIO  0  
[2025/07/10 16:11:47 646] tts        485  get audio|use local  
[2025/07/10 16:11:47 646] tts        498  local audiolen:  1996  ,ced:  16  
[2025/07/10 16:11:47 646] tts        527  0  udata(94087a28) 1  
[2025/07/10 16:11:47 648] tts        657  TTS_MSG_GETAUDIO  0  
[2025/07/10 16:11:47 649] tts        485  get audio|use local  
[2025/07/10 16:11:47 649] tts        498  local audiolen:  2008  ,ced:  16  
[2025/07/10 16:11:47 650] tts        527  0  udata(94087c78) 1  
[2025/07/10 16:11:47 651] tts        301  0  0  
[2025/07/10 16:11:47 651] tts        312  TTS_LOCAL_CB_END,  2  
[2025/07/10 16:11:47 652] tts        657  TTS_MSG_GETAUDIO  0  
[2025/07/10 16:11:47 652] tts        485  get audio|use local  
[2025/07/10 16:11:47 653] tts        498  local audiolen:  1934  ,ced:  16  
[2025/07/10 16:11:47 653] tts        527  0  udata(94087d18) 1  
[2025/07/10 16:11:47 655] tts        657  TTS_MSG_GETAUDIO  0  
[2025/07/10 16:11:47 656] tts        485  get audio|use local  
[2025/07/10 16:11:47 656] tts        498  local audiolen:  1992  ,ced:  16  
[2025/07/10 16:11:47 656] tts        527  0  udata(94087d68) 1  
[2025/07/10 16:11:47 657] tts        657  TTS_MSG_GETAUDIO  0  
[2025/07/10 16:11:47 657] tts        485  get audio|use local  
[2025/07/10 16:11:47 657] tts        498  local audiolen:  2016  ,ced:  16  
[2025/07/10 16:11:47 657] tts        527  0  udata(94087db8) 1  
[2025/07/10 16:11:47 658] tts        657  TTS_MSG_GETAUDIO  0  
[2025/07/10 16:11:47 658] tts        485  get audio|use local  
[2025/07/10 16:11:47 658] tts        498  local audiolen:  1942  ,ced:  16  
[2025/07/10 16:11:47 659] tts        527  0  udata(9407e6c8) 1  
[2025/07/10 16:11:47 659] tts        657  TTS_MSG_GETAUDIO  0  
[2025/07/10 16:11:47 659] tts        485  get audio|use local  
[2025/07/10 16:11:47 660] tts        498  local audiolen:  2046  ,ced:  16  
[2025/07/10 16:11:47 660] tts        527  0  udata(9407e718) 1  
[2025/07/10 16:11:47 660] tts        657  TTS_MSG_GETAUDIO  0  
[2025/07/10 16:11:47 660] tts        485  get audio|use local  
[2025/07/10 16:11:47 661] tts        498  local audiolen:  1974  ,ced:  16  
[2025/07/10 16:11:47 661] tts        527  0  udata(9407e768) 1  
[2025/07/10 16:11:47 661] tts        657  TTS_MSG_GETAUDIO  0  
[2025/07/10 16:11:47 662] tts        485  get audio|use local  
[2025/07/10 16:11:47 662] tts        498  local audiolen:  2000  ,ced:  16  
[2025/07/10 16:11:47 662] tts        527  0  udata(9407e7b8) 1  
[2025/07/10 16:11:47 663] tts        657  TTS_MSG_GETAUDIO  0  
[2025/07/10 16:11:47 663] tts        485  get audio|use local  
[2025/07/10 16:11:47 663] tts        498  local audiolen:  2010  ,ced:  16  
[2025/07/10 16:11:47 663] tts        527  0  udata(9407e808) 1  
[2025/07/10 16:11:47 664] tts        657  TTS_MSG_GETAUDIO  0  
[2025/07/10 16:11:47 664] tts        485  get audio|use local  
[2025/07/10 16:11:47 664] tts        498  local audiolen:  1910  ,ced:  16  
[2025/07/10 16:11:47 664] tts        527  0  udata(9407e858) 1  
[2025/07/10 16:11:47 665] tts        657  TTS_MSG_GETAUDIO  0  
[2025/07/10 16:11:47 665] tts        485  get audio|use local  
[2025/07/10 16:11:47 665] tts        498  local audiolen:  1982  ,ced:  16  
[2025/07/10 16:11:47 665] tts        527  0  udata(9407e8a8) 1  
[2025/07/10 16:11:47 666] tts        657  TTS_MSG_GETAUDIO  0  
[2025/07/10 16:11:47 666] tts        485  get audio|use local  
[2025/07/10 16:11:47 666] tts        498  local audiolen:  1852  ,ced:  16  
[2025/07/10 16:11:47 666] tts        527  0  udata(9407e8f8) 1  
[2025/07/10 16:11:47 667] tts        657  TTS_MSG_GETAUDIO  0  
[2025/07/10 16:11:47 667] tts        485  get audio|use local  
[2025/07/10 16:11:47 667] tts        498  local audiolen:  1974  ,ced:  16  
[2025/07/10 16:11:47 667] tts        527  0  udata(9407e948) 1  
[2025/07/10 16:11:47 668] tts        657  TTS_MSG_GETAUDIO  0  
[2025/07/10 16:11:47 668] tts        485  get audio|use local  
[2025/07/10 16:11:47 668] tts        498  local audiolen:  960  ,ced:  16  
[2025/07/10 16:11:47 668] tts        527  0  udata(94022908) 2  
[2025/07/10 16:11:47 669] tts        660  TTS_MSG_SSE  
[2025/07/10 16:11:47 670] tts        585  sse|use local  
[2025/07/10 16:11:47 673] tts        603  tts exit  
