============================================================
Time  2025/07/10 16:11:43 607 
============================================================
[2025/07/10 16:11:43 607] tts        676  SYS_MSG_REGCB param0 =  msp_status_cb  param1 =  func(70014a30) 
[2025/07/10 16:11:43 611] config     43   use general cloud  
[2025/07/10 16:11:43 621] tts_cloud  1417 SYS_MSG_REGCB_CLOUD param0 =   msp_status_cb  param1 =  func(70014a30) 
[2025/07/10 16:11:43 621] tts        647  TTS_MSG_SSB  
[2025/07/10 16:11:43 622] tts        375  params =  engine_type = local,voice_name=xiaoyan, text_encoding = UTF8, tts_res_path = fo|res/tts/xiaoyan.jet;fo|res/tts/common.jet, sample_rate = 16000, speed = 50, volume = 80, pitch = 50, rdn = 2  
[2025/07/10 16:11:43 622] tts        412  ssb|use local  
[2025/07/10 16:11:43 622] tts        349  local_session_begin  
[2025/07/10 16:11:43 626] tts        654  TTS_MSG_SYN  0  
[2025/07/10 16:11:43 626] tts        451  synth|use local  
[2025/07/10 16:11:43 627] tts        657  TTS_MSG_GETAUDIO  0  
[2025/07/10 16:11:43 628] tts        485  get audio|use local  
[2025/07/10 16:11:43 628] tts        527  0  nil  1  
[2025/07/10 16:11:43 629] tts        657  TTS_MSG_GETAUDIO  0  
[2025/07/10 16:11:43 629] tts        485  get audio|use local  
[2025/07/10 16:11:43 629] tts        527  0  nil  1  
[2025/07/10 16:11:43 630] tts        657  TTS_MSG_GETAUDIO  0  
[2025/07/10 16:11:43 634] tts        485  get audio|use local  
[2025/07/10 16:11:43 635] tts        527  0  nil  1  
[2025/07/10 16:11:43 635] tts        657  TTS_MSG_GETAUDIO  0  
[2025/07/10 16:11:43 642] tts        485  get audio|use local  
[2025/07/10 16:11:43 642] tts        527  0  nil  1  
[2025/07/10 16:11:43 650] tts        657  TTS_MSG_GETAUDIO  0  
[2025/07/10 16:11:43 651] tts        485  get audio|use local  
[2025/07/10 16:11:43 651] tts        527  0  nil  1  
[2025/07/10 16:11:43 660] tts        657  TTS_MSG_GETAUDIO  0  
[2025/07/10 16:11:43 661] tts        485  get audio|use local  
[2025/07/10 16:11:43 661] tts        527  0  nil  1  
[2025/07/10 16:11:43 662] tts        657  TTS_MSG_GETAUDIO  0  
[2025/07/10 16:11:43 662] tts        485  get audio|use local  
[2025/07/10 16:11:43 662] tts        527  0  nil  1  
[2025/07/10 16:11:43 663] tts        657  TTS_MSG_GETAUDIO  0  
[2025/07/10 16:11:43 664] tts        485  get audio|use local  
[2025/07/10 16:11:43 664] tts        527  0  nil  1  
[2025/07/10 16:11:43 665] tts        657  TTS_MSG_GETAUDIO  0  
[2025/07/10 16:11:43 665] tts        485  get audio|use local  
[2025/07/10 16:11:43 665] tts        527  0  nil  1  
[2025/07/10 16:11:43 666] tts        657  TTS_MSG_GETAUDIO  0  
[2025/07/10 16:11:43 666] tts        485  get audio|use local  
[2025/07/10 16:11:43 666] tts        527  0  nil  1  
[2025/07/10 16:11:43 667] tts        657  TTS_MSG_GETAUDIO  0  
[2025/07/10 16:11:43 667] tts        485  get audio|use local  
[2025/07/10 16:11:43 667] tts        527  0  nil  1  
[2025/07/10 16:11:43 668] tts        657  TTS_MSG_GETAUDIO  0  
[2025/07/10 16:11:43 668] tts        485  get audio|use local  
[2025/07/10 16:11:43 668] tts        527  0  nil  1  
[2025/07/10 16:11:43 669] tts        657  TTS_MSG_GETAUDIO  0  
[2025/07/10 16:11:43 670] tts        485  get audio|use local  
[2025/07/10 16:11:43 670] tts        527  0  nil  1  
[2025/07/10 16:11:43 671] tts        657  TTS_MSG_GETAUDIO  0  
[2025/07/10 16:11:43 671] tts        485  get audio|use local  
[2025/07/10 16:11:43 671] tts        527  0  nil  1  
[2025/07/10 16:11:43 672] tts        657  TTS_MSG_GETAUDIO  0  
[2025/07/10 16:11:43 672] tts        485  get audio|use local  
[2025/07/10 16:11:43 672] tts        527  0  nil  1  
[2025/07/10 16:11:43 673] tts        657  TTS_MSG_GETAUDIO  0  
[2025/07/10 16:11:43 673] tts        485  get audio|use local  
[2025/07/10 16:11:43 674] tts        527  0  nil  1  
[2025/07/10 16:11:43 674] tts        657  TTS_MSG_GETAUDIO  0  
[2025/07/10 16:11:43 675] tts        485  get audio|use local  
[2025/07/10 16:11:43 675] tts        527  0  nil  1  
[2025/07/10 16:11:43 676] tts        657  TTS_MSG_GETAUDIO  0  
[2025/07/10 16:11:43 676] tts        485  get audio|use local  
[2025/07/10 16:11:43 676] tts        527  0  nil  1  
[2025/07/10 16:11:43 677] tts        657  TTS_MSG_GETAUDIO  0  
[2025/07/10 16:11:43 677] tts        485  get audio|use local  
[2025/07/10 16:11:43 677] tts        527  0  nil  1  
[2025/07/10 16:11:43 678] tts        657  TTS_MSG_GETAUDIO  0  
[2025/07/10 16:11:43 678] tts        485  get audio|use local  
[2025/07/10 16:11:43 678] tts        527  0  nil  1  
[2025/07/10 16:11:43 679] tts        657  TTS_MSG_GETAUDIO  0  
[2025/07/10 16:11:43 680] tts        485  get audio|use local  
[2025/07/10 16:11:43 680] tts        527  0  nil  1  
[2025/07/10 16:11:43 681] tts        657  TTS_MSG_GETAUDIO  0  
[2025/07/10 16:11:43 681] tts        485  get audio|use local  
[2025/07/10 16:11:43 681] tts        527  0  nil  1  
[2025/07/10 16:11:43 682] tts        657  TTS_MSG_GETAUDIO  0  
[2025/07/10 16:11:43 682] tts        485  get audio|use local  
[2025/07/10 16:11:43 682] tts        527  0  nil  1  
[2025/07/10 16:11:43 683] tts        657  TTS_MSG_GETAUDIO  0  
[2025/07/10 16:11:43 683] tts        485  get audio|use local  
[2025/07/10 16:11:43 683] tts        527  0  nil  1  
[2025/07/10 16:11:43 684] tts        657  TTS_MSG_GETAUDIO  0  
[2025/07/10 16:11:43 684] tts        485  get audio|use local  
[2025/07/10 16:11:43 684] tts        527  0  nil  1  
[2025/07/10 16:11:43 685] tts        657  TTS_MSG_GETAUDIO  0  
[2025/07/10 16:11:43 685] tts        485  get audio|use local  
[2025/07/10 16:11:43 685] tts        527  0  nil  1  
[2025/07/10 16:11:43 686] tts        657  TTS_MSG_GETAUDIO  0  
[2025/07/10 16:11:43 686] tts        485  get audio|use local  
[2025/07/10 16:11:43 686] tts        527  0  nil  1  
[2025/07/10 16:11:43 687] tts        657  TTS_MSG_GETAUDIO  0  
[2025/07/10 16:11:43 687] tts        485  get audio|use local  
[2025/07/10 16:11:43 687] tts        527  0  nil  1  
[2025/07/10 16:11:43 688] tts        657  TTS_MSG_GETAUDIO  0  
[2025/07/10 16:11:43 688] tts        485  get audio|use local  
[2025/07/10 16:11:43 688] tts        527  0  nil  1  
[2025/07/10 16:11:43 689] tts        657  TTS_MSG_GETAUDIO  0  
[2025/07/10 16:11:43 689] tts        485  get audio|use local  
[2025/07/10 16:11:43 689] tts        527  0  nil  1  
[2025/07/10 16:11:43 690] tts        657  TTS_MSG_GETAUDIO  0  
[2025/07/10 16:11:43 690] tts        485  get audio|use local  
[2025/07/10 16:11:43 690] tts        527  0  nil  1  
[2025/07/10 16:11:43 691] tts        657  TTS_MSG_GETAUDIO  0  
[2025/07/10 16:11:43 691] tts        485  get audio|use local  
[2025/07/10 16:11:43 691] tts        527  0  nil  1  
[2025/07/10 16:11:43 692] tts        657  TTS_MSG_GETAUDIO  0  
[2025/07/10 16:11:43 692] tts        485  get audio|use local  
[2025/07/10 16:11:43 693] tts        527  0  nil  1  
[2025/07/10 16:11:43 693] tts        657  TTS_MSG_GETAUDIO  0  
[2025/07/10 16:11:43 693] tts        485  get audio|use local  
[2025/07/10 16:11:43 694] tts        527  0  nil  1  
[2025/07/10 16:11:43 694] tts        657  TTS_MSG_GETAUDIO  0  
[2025/07/10 16:11:43 694] tts        485  get audio|use local  
[2025/07/10 16:11:43 694] tts        527  0  nil  1  
[2025/07/10 16:11:43 700] tts        657  TTS_MSG_GETAUDIO  0  
[2025/07/10 16:11:43 700] tts        485  get audio|use local  
[2025/07/10 16:11:43 700] tts        527  0  nil  1  
[2025/07/10 16:11:43 704] tts        657  TTS_MSG_GETAUDIO  0  
[2025/07/10 16:11:43 705] tts        485  get audio|use local  
[2025/07/10 16:11:43 705] tts        527  0  nil  1  
[2025/07/10 16:11:43 706] tts        657  TTS_MSG_GETAUDIO  0  
[2025/07/10 16:11:43 706] tts        485  get audio|use local  
[2025/07/10 16:11:43 707] tts        527  0  nil  1  
[2025/07/10 16:11:43 709] tts        657  TTS_MSG_GETAUDIO  0  
[2025/07/10 16:11:43 709] tts        485  get audio|use local  
[2025/07/10 16:11:43 709] tts        527  0  nil  1  
[2025/07/10 16:11:43 710] tts        657  TTS_MSG_GETAUDIO  0  
[2025/07/10 16:11:43 710] tts        485  get audio|use local  
[2025/07/10 16:11:43 710] tts        527  0  nil  1  
[2025/07/10 16:11:43 712] tts        657  TTS_MSG_GETAUDIO  0  
[2025/07/10 16:11:43 712] tts        485  get audio|use local  
[2025/07/10 16:11:43 712] tts        527  0  nil  1  
[2025/07/10 16:11:43 713] tts        657  TTS_MSG_GETAUDIO  0  
[2025/07/10 16:11:43 713] tts        485  get audio|use local  
[2025/07/10 16:11:43 713] tts        527  0  nil  1  
[2025/07/10 16:11:43 715] tts        657  TTS_MSG_GETAUDIO  0  
[2025/07/10 16:11:43 715] tts        485  get audio|use local  
[2025/07/10 16:11:43 715] tts        527  0  nil  1  
[2025/07/10 16:11:43 716] tts        657  TTS_MSG_GETAUDIO  0  
[2025/07/10 16:11:43 717] tts        485  get audio|use local  
[2025/07/10 16:11:43 717] tts        527  0  nil  1  
[2025/07/10 16:11:43 718] tts        657  TTS_MSG_GETAUDIO  0  
[2025/07/10 16:11:43 718] tts        485  get audio|use local  
[2025/07/10 16:11:43 718] tts        527  0  nil  1  
[2025/07/10 16:11:43 720] tts        657  TTS_MSG_GETAUDIO  0  
[2025/07/10 16:11:43 720] tts        485  get audio|use local  
[2025/07/10 16:11:43 720] tts        527  0  nil  1  
[2025/07/10 16:11:43 722] tts        657  TTS_MSG_GETAUDIO  0  
[2025/07/10 16:11:43 722] tts        485  get audio|use local  
[2025/07/10 16:11:43 722] tts        527  0  nil  1  
[2025/07/10 16:11:43 726] tts        657  TTS_MSG_GETAUDIO  0  
[2025/07/10 16:11:43 726] tts        485  get audio|use local  
[2025/07/10 16:11:43 726] tts        527  0  nil  1  
[2025/07/10 16:11:43 727] tts        657  TTS_MSG_GETAUDIO  0  
[2025/07/10 16:11:43 727] tts        485  get audio|use local  
[2025/07/10 16:11:43 727] tts        527  0  nil  1  
[2025/07/10 16:11:43 728] tts        657  TTS_MSG_GETAUDIO  0  
[2025/07/10 16:11:43 728] tts        485  get audio|use local  
[2025/07/10 16:11:43 729] tts        527  0  nil  1  
[2025/07/10 16:11:43 730] tts        657  TTS_MSG_GETAUDIO  0  
[2025/07/10 16:11:43 730] tts        485  get audio|use local  
[2025/07/10 16:11:43 730] tts        527  0  nil  1  
[2025/07/10 16:11:43 731] tts        657  TTS_MSG_GETAUDIO  0  
[2025/07/10 16:11:43 731] tts        485  get audio|use local  
[2025/07/10 16:11:43 731] tts        527  0  nil  1  
[2025/07/10 16:11:43 732] tts        657  TTS_MSG_GETAUDIO  0  
[2025/07/10 16:11:43 732] tts        485  get audio|use local  
[2025/07/10 16:11:43 732] tts        527  0  nil  1  
[2025/07/10 16:11:43 733] tts        657  TTS_MSG_GETAUDIO  0  
[2025/07/10 16:11:43 733] tts        485  get audio|use local  
[2025/07/10 16:11:43 733] tts        527  0  nil  1  
[2025/07/10 16:11:43 734] tts        657  TTS_MSG_GETAUDIO  0  
[2025/07/10 16:11:43 734] tts        485  get audio|use local  
[2025/07/10 16:11:43 734] tts        527  0  nil  1  
[2025/07/10 16:11:43 735] tts        657  TTS_MSG_GETAUDIO  0  
[2025/07/10 16:11:43 735] tts        485  get audio|use local  
[2025/07/10 16:11:43 735] tts        527  0  nil  1  
[2025/07/10 16:11:43 736] tts        657  TTS_MSG_GETAUDIO  0  
[2025/07/10 16:11:43 736] tts        485  get audio|use local  
[2025/07/10 16:11:43 736] tts        527  0  nil  1  
[2025/07/10 16:11:43 737] tts        657  TTS_MSG_GETAUDIO  0  
[2025/07/10 16:11:43 737] tts        485  get audio|use local  
[2025/07/10 16:11:43 737] tts        527  0  nil  1  
[2025/07/10 16:11:43 748] tts        657  TTS_MSG_GETAUDIO  0  
[2025/07/10 16:11:43 749] tts        485  get audio|use local  
[2025/07/10 16:11:43 749] tts        527  0  nil  1  
[2025/07/10 16:11:43 749] tts        657  TTS_MSG_GETAUDIO  0  
[2025/07/10 16:11:43 749] tts        485  get audio|use local  
[2025/07/10 16:11:43 749] tts        527  0  nil  1  
[2025/07/10 16:11:43 750] tts        657  TTS_MSG_GETAUDIO  0  
[2025/07/10 16:11:43 752] tts        485  get audio|use local  
[2025/07/10 16:11:43 752] tts        527  0  nil  1  
[2025/07/10 16:11:43 753] tts        657  TTS_MSG_GETAUDIO  0  
[2025/07/10 16:11:43 754] tts        485  get audio|use local  
[2025/07/10 16:11:43 754] tts        527  0  nil  1  
[2025/07/10 16:11:43 755] tts        657  TTS_MSG_GETAUDIO  0  
[2025/07/10 16:11:43 755] tts        485  get audio|use local  
[2025/07/10 16:11:43 755] tts        527  0  nil  1  
[2025/07/10 16:11:43 756] tts        657  TTS_MSG_GETAUDIO  0  
[2025/07/10 16:11:43 756] tts        485  get audio|use local  
[2025/07/10 16:11:43 756] tts        527  0  nil  1  
[2025/07/10 16:11:43 756] tts        657  TTS_MSG_GETAUDIO  0  
[2025/07/10 16:11:43 757] tts        485  get audio|use local  
[2025/07/10 16:11:43 757] tts        527  0  nil  1  
[2025/07/10 16:11:43 757] tts        657  TTS_MSG_GETAUDIO  0  
[2025/07/10 16:11:43 758] tts        485  get audio|use local  
[2025/07/10 16:11:43 758] tts        527  0  nil  1  
[2025/07/10 16:11:43 758] tts        657  TTS_MSG_GETAUDIO  0  
[2025/07/10 16:11:43 759] tts        485  get audio|use local  
[2025/07/10 16:11:43 759] tts        527  0  nil  1  
[2025/07/10 16:11:43 763] tts        657  TTS_MSG_GETAUDIO  0  
[2025/07/10 16:11:43 763] tts        485  get audio|use local  
[2025/07/10 16:11:43 763] tts        527  0  nil  1  
[2025/07/10 16:11:43 764] tts        657  TTS_MSG_GETAUDIO  0  
[2025/07/10 16:11:43 764] tts        485  get audio|use local  
[2025/07/10 16:11:43 764] tts        527  0  nil  1  
[2025/07/10 16:11:43 765] tts        657  TTS_MSG_GETAUDIO  0  
[2025/07/10 16:11:43 765] tts        485  get audio|use local  
[2025/07/10 16:11:43 765] tts        527  0  nil  1  
[2025/07/10 16:11:43 766] tts        657  TTS_MSG_GETAUDIO  0  
[2025/07/10 16:11:43 766] tts        485  get audio|use local  
[2025/07/10 16:11:43 766] tts        527  0  nil  1  
[2025/07/10 16:11:43 766] tts        657  TTS_MSG_GETAUDIO  0  
[2025/07/10 16:11:43 767] tts        485  get audio|use local  
[2025/07/10 16:11:43 767] tts        527  0  nil  1  
[2025/07/10 16:11:43 768] tts        657  TTS_MSG_GETAUDIO  0  
[2025/07/10 16:11:43 774] tts        485  get audio|use local  
[2025/07/10 16:11:43 774] tts        527  0  nil  1  
[2025/07/10 16:11:43 777] tts        657  TTS_MSG_GETAUDIO  0  
[2025/07/10 16:11:43 778] tts        485  get audio|use local  
[2025/07/10 16:11:43 778] tts        527  0  nil  1  
[2025/07/10 16:11:43 780] tts        299  TTS_LOCAL_CB_BEGIN  
[2025/07/10 16:11:43 781] tts        657  TTS_MSG_GETAUDIO  0  
[2025/07/10 16:11:43 781] tts        485  get audio|use local  
[2025/07/10 16:11:43 781] tts        498  local audiolen:  2042  ,ced:  16  
[2025/07/10 16:11:43 781] tts        527  0  udata(7007cd98) 1  
[2025/07/10 16:11:43 782] tts        657  TTS_MSG_GETAUDIO  0  
[2025/07/10 16:11:43 782] tts        485  get audio|use local  
[2025/07/10 16:11:43 783] tts        527  0  nil  1  
[2025/07/10 16:11:43 783] tts        657  TTS_MSG_GETAUDIO  0  
[2025/07/10 16:11:43 787] tts        485  get audio|use local  
[2025/07/10 16:11:43 787] tts        527  0  nil  1  
[2025/07/10 16:11:43 797] tts        657  TTS_MSG_GETAUDIO  0  
[2025/07/10 16:11:43 797] tts        485  get audio|use local  
[2025/07/10 16:11:43 798] tts        498  local audiolen:  2016  ,ced:  16  
[2025/07/10 16:11:43 798] tts        527  0  udata(7007cf58) 1  
[2025/07/10 16:11:43 816] tts        657  TTS_MSG_GETAUDIO  0  
[2025/07/10 16:11:43 816] tts        485  get audio|use local  
[2025/07/10 16:11:43 817] tts        498  local audiolen:  1970  ,ced:  16  
[2025/07/10 16:11:43 817] tts        527  0  udata(70088038) 1  
[2025/07/10 16:11:43 817] tts        657  TTS_MSG_GETAUDIO  0  
[2025/07/10 16:11:43 818] tts        485  get audio|use local  
[2025/07/10 16:11:43 818] tts        498  local audiolen:  1900  ,ced:  16  
[2025/07/10 16:11:43 818] tts        527  0  udata(700882e8) 1  
[2025/07/10 16:11:43 819] tts        657  TTS_MSG_GETAUDIO  0  
[2025/07/10 16:11:43 819] tts        485  get audio|use local  
[2025/07/10 16:11:43 819] tts        498  local audiolen:  1972  ,ced:  16  
[2025/07/10 16:11:43 819] tts        527  0  udata(7007d398) 1  
[2025/07/10 16:11:43 820] tts        657  TTS_MSG_GETAUDIO  0  
[2025/07/10 16:11:43 820] tts        485  get audio|use local  
[2025/07/10 16:11:43 820] tts        498  local audiolen:  1982  ,ced:  16  
[2025/07/10 16:11:43 820] tts        527  0  udata(7007d3e8) 1  
[2025/07/10 16:11:43 821] tts        657  TTS_MSG_GETAUDIO  0  
[2025/07/10 16:11:43 821] tts        485  get audio|use local  
[2025/07/10 16:11:43 821] tts        527  0  nil  1  
[2025/07/10 16:11:43 822] tts        657  TTS_MSG_GETAUDIO  0  
[2025/07/10 16:11:43 822] tts        485  get audio|use local  
[2025/07/10 16:11:43 823] tts        527  0  nil  1  
[2025/07/10 16:11:43 823] tts        657  TTS_MSG_GETAUDIO  0  
[2025/07/10 16:11:43 824] tts        485  get audio|use local  
[2025/07/10 16:11:43 824] tts        527  0  nil  1  
[2025/07/10 16:11:43 824] tts        657  TTS_MSG_GETAUDIO  0  
[2025/07/10 16:11:43 824] tts        485  get audio|use local  
[2025/07/10 16:11:43 824] tts        527  0  nil  1  
[2025/07/10 16:11:43 825] tts        657  TTS_MSG_GETAUDIO  0  
[2025/07/10 16:11:43 825] tts        485  get audio|use local  
[2025/07/10 16:11:43 825] tts        527  0  nil  1  
[2025/07/10 16:11:43 826] tts        657  TTS_MSG_GETAUDIO  0  
[2025/07/10 16:11:43 826] tts        485  get audio|use local  
[2025/07/10 16:11:43 826] tts        527  0  nil  1  
[2025/07/10 16:11:43 827] tts        657  TTS_MSG_GETAUDIO  0  
[2025/07/10 16:11:43 827] tts        485  get audio|use local  
[2025/07/10 16:11:43 827] tts        527  0  nil  1  
[2025/07/10 16:11:43 828] tts        657  TTS_MSG_GETAUDIO  0  
[2025/07/10 16:11:43 828] tts        485  get audio|use local  
[2025/07/10 16:11:43 828] tts        527  0  nil  1  
[2025/07/10 16:11:43 829] tts        657  TTS_MSG_GETAUDIO  0  
[2025/07/10 16:11:43 829] tts        485  get audio|use local  
[2025/07/10 16:11:43 829] tts        527  0  nil  1  
[2025/07/10 16:11:43 856] tts        657  TTS_MSG_GETAUDIO  0  
[2025/07/10 16:11:43 856] tts        485  get audio|use local  
[2025/07/10 16:11:43 856] tts        498  local audiolen:  2046  ,ced:  16  
[2025/07/10 16:11:43 856] tts        527  0  udata(7007d438) 1  
[2025/07/10 16:11:43 862] tts        301  0  0  
[2025/07/10 16:11:43 863] tts        312  TTS_LOCAL_CB_END,  2  
[2025/07/10 16:11:43 863] tts        657  TTS_MSG_GETAUDIO  0  
[2025/07/10 16:11:43 863] tts        485  get audio|use local  
[2025/07/10 16:11:43 863] tts        498  local audiolen:  1970  ,ced:  16  
[2025/07/10 16:11:43 863] tts        527  0  udata(7007fc68) 1  
[2025/07/10 16:11:43 864] tts        657  TTS_MSG_GETAUDIO  0  
[2025/07/10 16:11:43 864] tts        485  get audio|use local  
[2025/07/10 16:11:43 864] tts        498  local audiolen:  1932  ,ced:  16  
[2025/07/10 16:11:43 864] tts        527  0  udata(7007f858) 1  
[2025/07/10 16:11:43 865] tts        657  TTS_MSG_GETAUDIO  0  
[2025/07/10 16:11:43 865] tts        485  get audio|use local  
[2025/07/10 16:11:43 866] tts        498  local audiolen:  1996  ,ced:  16  
[2025/07/10 16:11:43 866] tts        527  0  udata(7007fcb8) 1  
[2025/07/10 16:11:43 876] tts        657  TTS_MSG_GETAUDIO  0  
[2025/07/10 16:11:43 876] tts        485  get audio|use local  
[2025/07/10 16:11:43 876] tts        498  local audiolen:  2008  ,ced:  16  
[2025/07/10 16:11:43 876] tts        527  0  udata(7007fd08) 1  
[2025/07/10 16:11:43 881] tts        657  TTS_MSG_GETAUDIO  0  
[2025/07/10 16:11:43 881] tts        485  get audio|use local  
[2025/07/10 16:11:43 881] tts        498  local audiolen:  1934  ,ced:  16  
[2025/07/10 16:11:43 881] tts        527  0  udata(7007fd58) 1  
[2025/07/10 16:11:43 882] tts        657  TTS_MSG_GETAUDIO  0  
[2025/07/10 16:11:43 882] tts        485  get audio|use local  
[2025/07/10 16:11:43 882] tts        498  local audiolen:  1992  ,ced:  16  
[2025/07/10 16:11:43 882] tts        527  0  udata(7007fda8) 1  
[2025/07/10 16:11:43 888] tts        657  TTS_MSG_GETAUDIO  0  
[2025/07/10 16:11:43 890] tts        485  get audio|use local  
[2025/07/10 16:11:43 890] tts        498  local audiolen:  2016  ,ced:  16  
[2025/07/10 16:11:43 891] tts        527  0  udata(7007fdf8) 1  
[2025/07/10 16:11:43 891] tts        657  TTS_MSG_GETAUDIO  0  
[2025/07/10 16:11:43 891] tts        485  get audio|use local  
[2025/07/10 16:11:43 892] tts        498  local audiolen:  1942  ,ced:  16  
[2025/07/10 16:11:43 892] tts        527  0  udata(7007fe48) 1  
[2025/07/10 16:11:43 893] tts        657  TTS_MSG_GETAUDIO  0  
[2025/07/10 16:11:43 893] tts        485  get audio|use local  
[2025/07/10 16:11:43 893] tts        498  local audiolen:  2046  ,ced:  16  
[2025/07/10 16:11:43 893] tts        527  0  udata(7007fe98) 1  
[2025/07/10 16:11:43 894] tts        657  TTS_MSG_GETAUDIO  0  
[2025/07/10 16:11:43 894] tts        485  get audio|use local  
[2025/07/10 16:11:43 894] tts        498  local audiolen:  1974  ,ced:  16  
[2025/07/10 16:11:43 894] tts        527  0  udata(7007de18) 1  
[2025/07/10 16:11:43 895] tts        657  TTS_MSG_GETAUDIO  0  
[2025/07/10 16:11:43 895] tts        485  get audio|use local  
[2025/07/10 16:11:43 895] tts        498  local audiolen:  2000  ,ced:  16  
[2025/07/10 16:11:43 895] tts        527  0  udata(7007de68) 1  
[2025/07/10 16:11:43 896] tts        657  TTS_MSG_GETAUDIO  0  
[2025/07/10 16:11:43 896] tts        485  get audio|use local  
[2025/07/10 16:11:43 896] tts        498  local audiolen:  2010  ,ced:  16  
[2025/07/10 16:11:43 896] tts        527  0  udata(7007deb8) 1  
[2025/07/10 16:11:43 901] tts        657  TTS_MSG_GETAUDIO  0  
[2025/07/10 16:11:43 901] tts        485  get audio|use local  
[2025/07/10 16:11:43 901] tts        498  local audiolen:  1910  ,ced:  16  
[2025/07/10 16:11:43 902] tts        527  0  udata(7007df08) 1  
[2025/07/10 16:11:43 909] tts        657  TTS_MSG_GETAUDIO  0  
[2025/07/10 16:11:43 910] tts        485  get audio|use local  
[2025/07/10 16:11:43 910] tts        498  local audiolen:  1982  ,ced:  16  
[2025/07/10 16:11:43 910] tts        527  0  udata(7007df58) 1  
[2025/07/10 16:11:43 914] tts        657  TTS_MSG_GETAUDIO  0  
[2025/07/10 16:11:43 914] tts        485  get audio|use local  
[2025/07/10 16:11:43 914] tts        498  local audiolen:  1852  ,ced:  16  
[2025/07/10 16:11:43 914] tts        527  0  udata(7007f808) 1  
[2025/07/10 16:11:43 922] tts        657  TTS_MSG_GETAUDIO  0  
[2025/07/10 16:11:43 922] tts        485  get audio|use local  
[2025/07/10 16:11:43 922] tts        498  local audiolen:  1974  ,ced:  16  
[2025/07/10 16:11:43 922] tts        527  0  udata(7007dfa8) 1  
[2025/07/10 16:11:43 936] tts        657  TTS_MSG_GETAUDIO  0  
[2025/07/10 16:11:43 936] tts        485  get audio|use local  
[2025/07/10 16:11:43 936] tts        498  local audiolen:  960  ,ced:  16  
[2025/07/10 16:11:43 936] tts        527  0  udata(7007f488) 2  
[2025/07/10 16:11:43 938] tts        660  TTS_MSG_SSE  
[2025/07/10 16:11:43 939] tts        585  sse|use local  
[2025/07/10 16:11:43 941] tts        603  tts exit  
