============================================================
Time  2025/08/10 19:57:16 505 
============================================================
[2025/08/10 19:57:16 506] tts        676  SYS_MSG_REGCB param0 =  msp_status_cb  param1 =  func(60014a30) 
[2025/08/10 19:57:16 510] config     43   use general cloud  
[2025/08/10 19:57:16 519] tts_cloud  1417 SYS_MSG_REGCB_CLOUD param0 =   msp_status_cb  param1 =  func(60014a30) 
[2025/08/10 19:57:16 519] tts        647  TTS_MSG_SSB  
[2025/08/10 19:57:16 520] tts        375  params =  engine_type = local,voice_name=xiaoyan, text_encoding = UTF8, tts_res_path = fo|res/tts/xiaoyan.jet;fo|res/tts/common.jet, sample_rate = 16000, speed = 50, volume = 80, pitch = 50, rdn = 2  
[2025/08/10 19:57:16 520] tts        412  ssb|use local  
[2025/08/10 19:57:16 520] tts        349  local_session_begin  
[2025/08/10 19:57:16 523] tts        654  TTS_MSG_SYN  0  
[2025/08/10 19:57:16 523] tts        451  synth|use local  
[2025/08/10 19:57:16 524] tts        657  TTS_MSG_GETAUDIO  0  
[2025/08/10 19:57:16 524] tts        485  get audio|use local  
[2025/08/10 19:57:16 524] tts        527  0  nil  1  
[2025/08/10 19:57:16 525] tts        657  TTS_MSG_GETAUDIO  0  
[2025/08/10 19:57:16 526] tts        485  get audio|use local  
[2025/08/10 19:57:16 526] tts        527  0  nil  1  
[2025/08/10 19:57:16 526] tts        657  TTS_MSG_GETAUDIO  0  
[2025/08/10 19:57:16 527] tts        485  get audio|use local  
[2025/08/10 19:57:16 527] tts        527  0  nil  1  
[2025/08/10 19:57:16 528] tts        657  TTS_MSG_GETAUDIO  0  
[2025/08/10 19:57:16 528] tts        485  get audio|use local  
[2025/08/10 19:57:16 528] tts        527  0  nil  1  
[2025/08/10 19:57:16 529] tts        657  TTS_MSG_GETAUDIO  0  
[2025/08/10 19:57:16 529] tts        485  get audio|use local  
[2025/08/10 19:57:16 529] tts        527  0  nil  1  
[2025/08/10 19:57:16 530] tts        657  TTS_MSG_GETAUDIO  0  
[2025/08/10 19:57:16 530] tts        485  get audio|use local  
[2025/08/10 19:57:16 530] tts        527  0  nil  1  
[2025/08/10 19:57:16 531] tts        657  TTS_MSG_GETAUDIO  0  
[2025/08/10 19:57:16 532] tts        485  get audio|use local  
[2025/08/10 19:57:16 532] tts        527  0  nil  1  
[2025/08/10 19:57:16 533] tts        657  TTS_MSG_GETAUDIO  0  
[2025/08/10 19:57:16 533] tts        485  get audio|use local  
[2025/08/10 19:57:16 533] tts        527  0  nil  1  
[2025/08/10 19:57:16 534] tts        657  TTS_MSG_GETAUDIO  0  
[2025/08/10 19:57:16 534] tts        485  get audio|use local  
[2025/08/10 19:57:16 534] tts        527  0  nil  1  
[2025/08/10 19:57:16 535] tts        657  TTS_MSG_GETAUDIO  0  
[2025/08/10 19:57:16 535] tts        485  get audio|use local  
[2025/08/10 19:57:16 535] tts        527  0  nil  1  
[2025/08/10 19:57:16 536] tts        657  TTS_MSG_GETAUDIO  0  
[2025/08/10 19:57:16 536] tts        485  get audio|use local  
[2025/08/10 19:57:16 536] tts        527  0  nil  1  
[2025/08/10 19:57:16 537] tts        657  TTS_MSG_GETAUDIO  0  
[2025/08/10 19:57:16 537] tts        485  get audio|use local  
[2025/08/10 19:57:16 537] tts        527  0  nil  1  
[2025/08/10 19:57:16 538] tts        657  TTS_MSG_GETAUDIO  0  
[2025/08/10 19:57:16 538] tts        485  get audio|use local  
[2025/08/10 19:57:16 538] tts        527  0  nil  1  
[2025/08/10 19:57:16 538] tts        657  TTS_MSG_GETAUDIO  0  
[2025/08/10 19:57:16 538] tts        485  get audio|use local  
[2025/08/10 19:57:16 539] tts        527  0  nil  1  
[2025/08/10 19:57:16 539] tts        657  TTS_MSG_GETAUDIO  0  
[2025/08/10 19:57:16 539] tts        485  get audio|use local  
[2025/08/10 19:57:16 539] tts        527  0  nil  1  
[2025/08/10 19:57:16 540] tts        657  TTS_MSG_GETAUDIO  0  
[2025/08/10 19:57:16 540] tts        485  get audio|use local  
[2025/08/10 19:57:16 540] tts        527  0  nil  1  
[2025/08/10 19:57:16 541] tts        657  TTS_MSG_GETAUDIO  0  
[2025/08/10 19:57:16 541] tts        485  get audio|use local  
[2025/08/10 19:57:16 541] tts        527  0  nil  1  
[2025/08/10 19:57:16 542] tts        657  TTS_MSG_GETAUDIO  0  
[2025/08/10 19:57:16 542] tts        485  get audio|use local  
[2025/08/10 19:57:16 542] tts        527  0  nil  1  
[2025/08/10 19:57:16 544] tts        657  TTS_MSG_GETAUDIO  0  
[2025/08/10 19:57:16 544] tts        485  get audio|use local  
[2025/08/10 19:57:16 544] tts        527  0  nil  1  
[2025/08/10 19:57:16 545] tts        657  TTS_MSG_GETAUDIO  0  
[2025/08/10 19:57:16 545] tts        485  get audio|use local  
[2025/08/10 19:57:16 545] tts        527  0  nil  1  
[2025/08/10 19:57:16 546] tts        657  TTS_MSG_GETAUDIO  0  
[2025/08/10 19:57:16 546] tts        485  get audio|use local  
[2025/08/10 19:57:16 547] tts        527  0  nil  1  
[2025/08/10 19:57:16 548] tts        657  TTS_MSG_GETAUDIO  0  
[2025/08/10 19:57:16 548] tts        485  get audio|use local  
[2025/08/10 19:57:16 549] tts        527  0  nil  1  
[2025/08/10 19:57:16 550] tts        657  TTS_MSG_GETAUDIO  0  
[2025/08/10 19:57:16 550] tts        485  get audio|use local  
[2025/08/10 19:57:16 550] tts        527  0  nil  1  
[2025/08/10 19:57:16 551] tts        657  TTS_MSG_GETAUDIO  0  
[2025/08/10 19:57:16 551] tts        485  get audio|use local  
[2025/08/10 19:57:16 551] tts        527  0  nil  1  
[2025/08/10 19:57:16 551] tts        657  TTS_MSG_GETAUDIO  0  
[2025/08/10 19:57:16 552] tts        485  get audio|use local  
[2025/08/10 19:57:16 552] tts        527  0  nil  1  
[2025/08/10 19:57:16 552] tts        657  TTS_MSG_GETAUDIO  0  
[2025/08/10 19:57:16 552] tts        485  get audio|use local  
[2025/08/10 19:57:16 553] tts        527  0  nil  1  
[2025/08/10 19:57:16 553] tts        657  TTS_MSG_GETAUDIO  0  
[2025/08/10 19:57:16 553] tts        485  get audio|use local  
[2025/08/10 19:57:16 553] tts        527  0  nil  1  
[2025/08/10 19:57:16 554] tts        657  TTS_MSG_GETAUDIO  0  
[2025/08/10 19:57:16 555] tts        485  get audio|use local  
[2025/08/10 19:57:16 555] tts        527  0  nil  1  
[2025/08/10 19:57:16 556] tts        657  TTS_MSG_GETAUDIO  0  
[2025/08/10 19:57:16 556] tts        485  get audio|use local  
[2025/08/10 19:57:16 566] tts        527  0  nil  1  
[2025/08/10 19:57:16 569] tts        657  TTS_MSG_GETAUDIO  0  
[2025/08/10 19:57:16 569] tts        485  get audio|use local  
[2025/08/10 19:57:16 569] tts        527  0  nil  1  
[2025/08/10 19:57:16 570] tts        657  TTS_MSG_GETAUDIO  0  
[2025/08/10 19:57:16 571] tts        485  get audio|use local  
[2025/08/10 19:57:16 571] tts        527  0  nil  1  
[2025/08/10 19:57:16 572] tts        657  TTS_MSG_GETAUDIO  0  
[2025/08/10 19:57:16 572] tts        485  get audio|use local  
[2025/08/10 19:57:16 572] tts        527  0  nil  1  
[2025/08/10 19:57:16 573] tts        657  TTS_MSG_GETAUDIO  0  
[2025/08/10 19:57:16 573] tts        485  get audio|use local  
[2025/08/10 19:57:16 573] tts        527  0  nil  1  
[2025/08/10 19:57:16 574] tts        657  TTS_MSG_GETAUDIO  0  
[2025/08/10 19:57:16 574] tts        485  get audio|use local  
[2025/08/10 19:57:16 574] tts        527  0  nil  1  
[2025/08/10 19:57:16 576] tts        657  TTS_MSG_GETAUDIO  0  
[2025/08/10 19:57:16 576] tts        485  get audio|use local  
[2025/08/10 19:57:16 576] tts        527  0  nil  1  
[2025/08/10 19:57:16 577] tts        657  TTS_MSG_GETAUDIO  0  
[2025/08/10 19:57:16 577] tts        485  get audio|use local  
[2025/08/10 19:57:16 577] tts        527  0  nil  1  
[2025/08/10 19:57:16 578] tts        657  TTS_MSG_GETAUDIO  0  
[2025/08/10 19:57:16 578] tts        485  get audio|use local  
[2025/08/10 19:57:16 578] tts        527  0  nil  1  
[2025/08/10 19:57:16 579] tts        657  TTS_MSG_GETAUDIO  0  
[2025/08/10 19:57:16 579] tts        485  get audio|use local  
[2025/08/10 19:57:16 579] tts        527  0  nil  1  
[2025/08/10 19:57:16 580] tts        657  TTS_MSG_GETAUDIO  0  
[2025/08/10 19:57:16 580] tts        485  get audio|use local  
[2025/08/10 19:57:16 580] tts        527  0  nil  1  
[2025/08/10 19:57:16 581] tts        657  TTS_MSG_GETAUDIO  0  
[2025/08/10 19:57:16 581] tts        485  get audio|use local  
[2025/08/10 19:57:16 581] tts        527  0  nil  1  
[2025/08/10 19:57:16 582] tts        657  TTS_MSG_GETAUDIO  0  
[2025/08/10 19:57:16 582] tts        485  get audio|use local  
[2025/08/10 19:57:16 582] tts        527  0  nil  1  
[2025/08/10 19:57:16 583] tts        657  TTS_MSG_GETAUDIO  0  
[2025/08/10 19:57:16 583] tts        485  get audio|use local  
[2025/08/10 19:57:16 583] tts        527  0  nil  1  
[2025/08/10 19:57:16 584] tts        657  TTS_MSG_GETAUDIO  0  
[2025/08/10 19:57:16 584] tts        485  get audio|use local  
[2025/08/10 19:57:16 584] tts        527  0  nil  1  
[2025/08/10 19:57:16 585] tts        657  TTS_MSG_GETAUDIO  0  
[2025/08/10 19:57:16 585] tts        485  get audio|use local  
[2025/08/10 19:57:16 586] tts        527  0  nil  1  
[2025/08/10 19:57:16 587] tts        657  TTS_MSG_GETAUDIO  0  
[2025/08/10 19:57:16 587] tts        485  get audio|use local  
[2025/08/10 19:57:16 587] tts        527  0  nil  1  
[2025/08/10 19:57:16 588] tts        657  TTS_MSG_GETAUDIO  0  
[2025/08/10 19:57:16 588] tts        485  get audio|use local  
[2025/08/10 19:57:16 588] tts        527  0  nil  1  
[2025/08/10 19:57:16 588] tts        657  TTS_MSG_GETAUDIO  0  
[2025/08/10 19:57:16 589] tts        485  get audio|use local  
[2025/08/10 19:57:16 589] tts        527  0  nil  1  
[2025/08/10 19:57:16 589] tts        657  TTS_MSG_GETAUDIO  0  
[2025/08/10 19:57:16 589] tts        485  get audio|use local  
[2025/08/10 19:57:16 590] tts        527  0  nil  1  
[2025/08/10 19:57:16 590] tts        657  TTS_MSG_GETAUDIO  0  
[2025/08/10 19:57:16 591] tts        485  get audio|use local  
[2025/08/10 19:57:16 591] tts        527  0  nil  1  
[2025/08/10 19:57:16 591] tts        657  TTS_MSG_GETAUDIO  0  
[2025/08/10 19:57:16 592] tts        485  get audio|use local  
[2025/08/10 19:57:16 592] tts        527  0  nil  1  
[2025/08/10 19:57:16 593] tts        657  TTS_MSG_GETAUDIO  0  
[2025/08/10 19:57:16 593] tts        485  get audio|use local  
[2025/08/10 19:57:16 593] tts        527  0  nil  1  
[2025/08/10 19:57:16 594] tts        657  TTS_MSG_GETAUDIO  0  
[2025/08/10 19:57:16 594] tts        485  get audio|use local  
[2025/08/10 19:57:16 594] tts        527  0  nil  1  
[2025/08/10 19:57:16 595] tts        657  TTS_MSG_GETAUDIO  0  
[2025/08/10 19:57:16 595] tts        485  get audio|use local  
[2025/08/10 19:57:16 595] tts        527  0  nil  1  
[2025/08/10 19:57:16 598] tts        657  TTS_MSG_GETAUDIO  0  
[2025/08/10 19:57:16 598] tts        485  get audio|use local  
[2025/08/10 19:57:16 598] tts        527  0  nil  1  
[2025/08/10 19:57:16 599] tts        657  TTS_MSG_GETAUDIO  0  
[2025/08/10 19:57:16 599] tts        485  get audio|use local  
[2025/08/10 19:57:16 599] tts        527  0  nil  1  
[2025/08/10 19:57:16 600] tts        657  TTS_MSG_GETAUDIO  0  
[2025/08/10 19:57:16 601] tts        485  get audio|use local  
[2025/08/10 19:57:16 601] tts        527  0  nil  1  
[2025/08/10 19:57:16 602] tts        657  TTS_MSG_GETAUDIO  0  
[2025/08/10 19:57:16 602] tts        485  get audio|use local  
[2025/08/10 19:57:16 602] tts        527  0  nil  1  
[2025/08/10 19:57:16 603] tts        657  TTS_MSG_GETAUDIO  0  
[2025/08/10 19:57:16 604] tts        485  get audio|use local  
[2025/08/10 19:57:16 604] tts        527  0  nil  1  
[2025/08/10 19:57:16 605] tts        657  TTS_MSG_GETAUDIO  0  
[2025/08/10 19:57:16 605] tts        485  get audio|use local  
[2025/08/10 19:57:16 605] tts        527  0  nil  1  
[2025/08/10 19:57:16 606] tts        657  TTS_MSG_GETAUDIO  0  
[2025/08/10 19:57:16 606] tts        485  get audio|use local  
[2025/08/10 19:57:16 606] tts        527  0  nil  1  
[2025/08/10 19:57:16 608] tts        657  TTS_MSG_GETAUDIO  0  
[2025/08/10 19:57:16 608] tts        485  get audio|use local  
[2025/08/10 19:57:16 608] tts        527  0  nil  1  
[2025/08/10 19:57:16 609] tts        299  TTS_LOCAL_CB_BEGIN  
[2025/08/10 19:57:16 609] tts        657  TTS_MSG_GETAUDIO  0  
[2025/08/10 19:57:16 609] tts        485  get audio|use local  
[2025/08/10 19:57:16 609] tts        527  0  nil  1  
[2025/08/10 19:57:16 610] tts        657  TTS_MSG_GETAUDIO  0  
[2025/08/10 19:57:16 610] tts        485  get audio|use local  
[2025/08/10 19:57:16 610] tts        527  0  nil  1  
[2025/08/10 19:57:16 611] tts        657  TTS_MSG_GETAUDIO  0  
[2025/08/10 19:57:16 611] tts        485  get audio|use local  
[2025/08/10 19:57:16 611] tts        527  0  nil  1  
[2025/08/10 19:57:16 612] tts        657  TTS_MSG_GETAUDIO  0  
[2025/08/10 19:57:16 612] tts        485  get audio|use local  
[2025/08/10 19:57:16 612] tts        527  0  nil  1  
[2025/08/10 19:57:16 613] tts        657  TTS_MSG_GETAUDIO  0  
[2025/08/10 19:57:16 613] tts        485  get audio|use local  
[2025/08/10 19:57:16 613] tts        527  0  nil  1  
[2025/08/10 19:57:16 614] tts        657  TTS_MSG_GETAUDIO  0  
[2025/08/10 19:57:16 614] tts        485  get audio|use local  
[2025/08/10 19:57:16 614] tts        527  0  nil  1  
[2025/08/10 19:57:16 615] tts        657  TTS_MSG_GETAUDIO  0  
[2025/08/10 19:57:16 615] tts        485  get audio|use local  
[2025/08/10 19:57:16 615] tts        527  0  nil  1  
[2025/08/10 19:57:16 616] tts        657  TTS_MSG_GETAUDIO  0  
[2025/08/10 19:57:16 616] tts        485  get audio|use local  
[2025/08/10 19:57:16 617] tts        527  0  nil  1  
[2025/08/10 19:57:16 619] tts        657  TTS_MSG_GETAUDIO  0  
[2025/08/10 19:57:16 619] tts        485  get audio|use local  
[2025/08/10 19:57:16 619] tts        498  local audiolen:  2042  ,ced:  15  
[2025/08/10 19:57:16 619] tts        527  0  udata(6007fbe8) 1  
[2025/08/10 19:57:16 632] tts        657  TTS_MSG_GETAUDIO  0  
[2025/08/10 19:57:16 632] tts        485  get audio|use local  
[2025/08/10 19:57:16 632] tts        498  local audiolen:  2016  ,ced:  15  
[2025/08/10 19:57:16 632] tts        527  0  udata(6007ccc8) 1  
[2025/08/10 19:57:16 636] tts        657  TTS_MSG_GETAUDIO  0  
[2025/08/10 19:57:16 636] tts        485  get audio|use local  
[2025/08/10 19:57:16 636] tts        498  local audiolen:  1964  ,ced:  15  
[2025/08/10 19:57:16 636] tts        527  0  udata(6007cd18) 1  
[2025/08/10 19:57:16 638] tts        657  TTS_MSG_GETAUDIO  0  
[2025/08/10 19:57:16 638] tts        485  get audio|use local  
[2025/08/10 19:57:16 639] tts        498  local audiolen:  1916  ,ced:  15  
[2025/08/10 19:57:16 639] tts        527  0  udata(6007ce68) 1  
[2025/08/10 19:57:16 643] tts        657  TTS_MSG_GETAUDIO  0  
[2025/08/10 19:57:16 643] tts        485  get audio|use local  
[2025/08/10 19:57:16 643] tts        498  local audiolen:  2018  ,ced:  15  
[2025/08/10 19:57:16 643] tts        527  0  udata(6007de28) 1  
[2025/08/10 19:57:16 646] tts        657  TTS_MSG_GETAUDIO  0  
[2025/08/10 19:57:16 646] tts        485  get audio|use local  
[2025/08/10 19:57:16 646] tts        498  local audiolen:  2008  ,ced:  15  
[2025/08/10 19:57:16 646] tts        527  0  udata(6007de78) 1  
[2025/08/10 19:57:16 649] tts        657  TTS_MSG_GETAUDIO  0  
[2025/08/10 19:57:16 649] tts        485  get audio|use local  
[2025/08/10 19:57:16 650] tts        498  local audiolen:  2046  ,ced:  15  
[2025/08/10 19:57:16 650] tts        527  0  udata(6007e1c8) 1  
[2025/08/10 19:57:16 654] tts        657  TTS_MSG_GETAUDIO  0  
[2025/08/10 19:57:16 654] tts        485  get audio|use local  
[2025/08/10 19:57:16 654] tts        498  local audiolen:  1972  ,ced:  15  
[2025/08/10 19:57:16 655] tts        527  0  udata(6007f088) 1  
[2025/08/10 19:57:16 657] tts        657  TTS_MSG_GETAUDIO  0  
[2025/08/10 19:57:16 657] tts        485  get audio|use local  
[2025/08/10 19:57:16 657] tts        498  local audiolen:  1934  ,ced:  15  
[2025/08/10 19:57:16 658] tts        527  0  udata(6007eeb8) 1  
[2025/08/10 19:57:16 659] tts        301  0  0  
[2025/08/10 19:57:16 659] tts        312  TTS_LOCAL_CB_END,  2  
[2025/08/10 19:57:16 660] tts        657  TTS_MSG_GETAUDIO  0  
[2025/08/10 19:57:16 660] tts        485  get audio|use local  
[2025/08/10 19:57:16 660] tts        498  local audiolen:  2018  ,ced:  15  
[2025/08/10 19:57:16 660] tts        527  0  udata(6007f628) 1  
[2025/08/10 19:57:16 661] tts        657  TTS_MSG_GETAUDIO  0  
[2025/08/10 19:57:16 661] tts        485  get audio|use local  
[2025/08/10 19:57:16 661] tts        498  local audiolen:  2040  ,ced:  15  
[2025/08/10 19:57:16 661] tts        527  0  udata(6007f678) 1  
[2025/08/10 19:57:16 662] tts        657  TTS_MSG_GETAUDIO  0  
[2025/08/10 19:57:16 662] tts        485  get audio|use local  
[2025/08/10 19:57:16 662] tts        498  local audiolen:  1958  ,ced:  15  
[2025/08/10 19:57:16 662] tts        527  0  udata(6007f6c8) 1  
[2025/08/10 19:57:16 663] tts        657  TTS_MSG_GETAUDIO  0  
[2025/08/10 19:57:16 663] tts        485  get audio|use local  
[2025/08/10 19:57:16 663] tts        498  local audiolen:  1998  ,ced:  15  
[2025/08/10 19:57:16 663] tts        527  0  udata(6007e718) 1  
[2025/08/10 19:57:16 664] tts        657  TTS_MSG_GETAUDIO  0  
[2025/08/10 19:57:16 664] tts        485  get audio|use local  
[2025/08/10 19:57:16 664] tts        498  local audiolen:  2016  ,ced:  15  
[2025/08/10 19:57:16 664] tts        527  0  udata(6007e768) 1  
[2025/08/10 19:57:16 665] tts        657  TTS_MSG_GETAUDIO  0  
[2025/08/10 19:57:16 665] tts        485  get audio|use local  
[2025/08/10 19:57:16 665] tts        498  local audiolen:  1932  ,ced:  15  
[2025/08/10 19:57:16 665] tts        527  0  udata(6007e7b8) 1  
[2025/08/10 19:57:16 666] tts        657  TTS_MSG_GETAUDIO  0  
[2025/08/10 19:57:16 666] tts        485  get audio|use local  
[2025/08/10 19:57:16 667] tts        498  local audiolen:  2046  ,ced:  15  
[2025/08/10 19:57:16 667] tts        527  0  udata(6007e808) 1  
[2025/08/10 19:57:16 667] tts        657  TTS_MSG_GETAUDIO  0  
[2025/08/10 19:57:16 667] tts        485  get audio|use local  
[2025/08/10 19:57:16 668] tts        498  local audiolen:  1964  ,ced:  15  
[2025/08/10 19:57:16 668] tts        527  0  udata(6007e858) 1  
[2025/08/10 19:57:16 668] tts        657  TTS_MSG_GETAUDIO  0  
[2025/08/10 19:57:16 668] tts        485  get audio|use local  
[2025/08/10 19:57:16 668] tts        498  local audiolen:  1938  ,ced:  15  
[2025/08/10 19:57:16 669] tts        527  0  udata(6007e8a8) 1  
[2025/08/10 19:57:16 669] tts        657  TTS_MSG_GETAUDIO  0  
[2025/08/10 19:57:16 669] tts        485  get audio|use local  
[2025/08/10 19:57:16 670] tts        498  local audiolen:  1912  ,ced:  15  
[2025/08/10 19:57:16 670] tts        527  0  udata(6007e8f8) 1  
[2025/08/10 19:57:16 670] tts        657  TTS_MSG_GETAUDIO  0  
[2025/08/10 19:57:16 671] tts        485  get audio|use local  
[2025/08/10 19:57:16 671] tts        498  local audiolen:  2032  ,ced:  15  
[2025/08/10 19:57:16 671] tts        527  0  udata(6007e948) 1  
[2025/08/10 19:57:16 671] tts        657  TTS_MSG_GETAUDIO  0  
[2025/08/10 19:57:16 671] tts        485  get audio|use local  
[2025/08/10 19:57:16 672] tts        498  local audiolen:  2000  ,ced:  15  
[2025/08/10 19:57:16 672] tts        527  0  udata(6007e998) 1  
[2025/08/10 19:57:16 672] tts        657  TTS_MSG_GETAUDIO  0  
[2025/08/10 19:57:16 672] tts        485  get audio|use local  
[2025/08/10 19:57:16 672] tts        498  local audiolen:  2014  ,ced:  15  
[2025/08/10 19:57:16 673] tts        527  0  udata(6007e9e8) 1  
[2025/08/10 19:57:16 673] tts        657  TTS_MSG_GETAUDIO  0  
[2025/08/10 19:57:16 673] tts        485  get audio|use local  
[2025/08/10 19:57:16 674] tts        498  local audiolen:  2016  ,ced:  15  
[2025/08/10 19:57:16 674] tts        527  0  udata(6007ea38) 1  
[2025/08/10 19:57:16 674] tts        657  TTS_MSG_GETAUDIO  0  
[2025/08/10 19:57:16 674] tts        485  get audio|use local  
[2025/08/10 19:57:16 674] tts        498  local audiolen:  2016  ,ced:  15  
[2025/08/10 19:57:16 675] tts        527  0  udata(6007ea88) 1  
[2025/08/10 19:57:16 675] tts        657  TTS_MSG_GETAUDIO  0  
[2025/08/10 19:57:16 675] tts        485  get audio|use local  
[2025/08/10 19:57:16 675] tts        498  local audiolen:  576  ,ced:  15  
[2025/08/10 19:57:16 675] tts        527  0  udata(6007ed28) 2  
[2025/08/10 19:57:16 676] tts        660  TTS_MSG_SSE  
[2025/08/10 19:57:16 678] tts        585  sse|use local  
[2025/08/10 19:57:16 680] tts        603  tts exit  
