============================================================
Time  2025/08/10 20:32:37 132 
============================================================
[2025/08/10 20:32:37 132] tts        676  SYS_MSG_REGCB param0 =  msp_status_cb  param1 =  func(90014a30) 
[2025/08/10 20:32:37 136] config     43   use general cloud  
[2025/08/10 20:32:37 145] tts_cloud  1417 SYS_MSG_REGCB_CLOUD param0 =   msp_status_cb  param1 =  func(90014a30) 
[2025/08/10 20:32:37 146] tts        647  TTS_MSG_SSB  
[2025/08/10 20:32:37 146] tts        375  params =  engine_type = local,voice_name=xiaoyan, text_encoding = UTF8, tts_res_path = fo|res/tts/xiaoyan.jet;fo|res/tts/common.jet, sample_rate = 16000, speed = 50, volume = 80, pitch = 50, rdn = 2  
[2025/08/10 20:32:37 146] tts        412  ssb|use local  
[2025/08/10 20:32:37 146] tts        349  local_session_begin  
[2025/08/10 20:32:37 155] tts        654  TTS_MSG_SYN  0  
[2025/08/10 20:32:37 157] tts        451  synth|use local  
[2025/08/10 20:32:37 162] tts        657  TTS_MSG_GETAUDIO  0  
[2025/08/10 20:32:37 162] tts        485  get audio|use local  
[2025/08/10 20:32:37 172] tts        527  0  nil  1  
[2025/08/10 20:32:37 175] tts        657  TTS_MSG_GETAUDIO  0  
[2025/08/10 20:32:37 175] tts        485  get audio|use local  
[2025/08/10 20:32:37 177] tts        527  0  nil  1  
[2025/08/10 20:32:37 179] tts        657  TTS_MSG_GETAUDIO  0  
[2025/08/10 20:32:37 179] tts        485  get audio|use local  
[2025/08/10 20:32:37 179] tts        527  0  nil  1  
[2025/08/10 20:32:37 186] tts        657  TTS_MSG_GETAUDIO  0  
[2025/08/10 20:32:37 186] tts        485  get audio|use local  
[2025/08/10 20:32:37 186] tts        527  0  nil  1  
[2025/08/10 20:32:37 189] tts        657  TTS_MSG_GETAUDIO  0  
[2025/08/10 20:32:37 189] tts        485  get audio|use local  
[2025/08/10 20:32:37 189] tts        527  0  nil  1  
[2025/08/10 20:32:37 191] tts        657  TTS_MSG_GETAUDIO  0  
[2025/08/10 20:32:37 191] tts        485  get audio|use local  
[2025/08/10 20:32:37 192] tts        527  0  nil  1  
[2025/08/10 20:32:37 193] tts        657  TTS_MSG_GETAUDIO  0  
[2025/08/10 20:32:37 193] tts        485  get audio|use local  
[2025/08/10 20:32:37 193] tts        527  0  nil  1  
[2025/08/10 20:32:37 194] tts        657  TTS_MSG_GETAUDIO  0  
[2025/08/10 20:32:37 194] tts        485  get audio|use local  
[2025/08/10 20:32:37 194] tts        527  0  nil  1  
[2025/08/10 20:32:37 195] tts        657  TTS_MSG_GETAUDIO  0  
[2025/08/10 20:32:37 195] tts        485  get audio|use local  
[2025/08/10 20:32:37 195] tts        527  0  nil  1  
[2025/08/10 20:32:37 196] tts        657  TTS_MSG_GETAUDIO  0  
[2025/08/10 20:32:37 196] tts        485  get audio|use local  
[2025/08/10 20:32:37 196] tts        527  0  nil  1  
[2025/08/10 20:32:37 196] tts        657  TTS_MSG_GETAUDIO  0  
[2025/08/10 20:32:37 197] tts        485  get audio|use local  
[2025/08/10 20:32:37 197] tts        527  0  nil  1  
[2025/08/10 20:32:37 197] tts        657  TTS_MSG_GETAUDIO  0  
[2025/08/10 20:32:37 197] tts        485  get audio|use local  
[2025/08/10 20:32:37 197] tts        527  0  nil  1  
[2025/08/10 20:32:37 199] tts        657  TTS_MSG_GETAUDIO  0  
[2025/08/10 20:32:37 199] tts        485  get audio|use local  
[2025/08/10 20:32:37 199] tts        527  0  nil  1  
[2025/08/10 20:32:37 208] tts        657  TTS_MSG_GETAUDIO  0  
[2025/08/10 20:32:37 208] tts        485  get audio|use local  
[2025/08/10 20:32:37 208] tts        527  0  nil  1  
[2025/08/10 20:32:37 209] tts        657  TTS_MSG_GETAUDIO  0  
[2025/08/10 20:32:37 209] tts        485  get audio|use local  
[2025/08/10 20:32:37 210] tts        527  0  nil  1  
[2025/08/10 20:32:37 211] tts        657  TTS_MSG_GETAUDIO  0  
[2025/08/10 20:32:37 211] tts        485  get audio|use local  
[2025/08/10 20:32:37 211] tts        527  0  nil  1  
[2025/08/10 20:32:37 213] tts        657  TTS_MSG_GETAUDIO  0  
[2025/08/10 20:32:37 213] tts        485  get audio|use local  
[2025/08/10 20:32:37 213] tts        527  0  nil  1  
[2025/08/10 20:32:37 217] tts        657  TTS_MSG_GETAUDIO  0  
[2025/08/10 20:32:37 217] tts        485  get audio|use local  
[2025/08/10 20:32:37 217] tts        527  0  nil  1  
[2025/08/10 20:32:37 221] tts        657  TTS_MSG_GETAUDIO  0  
[2025/08/10 20:32:37 221] tts        485  get audio|use local  
[2025/08/10 20:32:37 221] tts        527  0  nil  1  
[2025/08/10 20:32:37 229] tts        657  TTS_MSG_GETAUDIO  0  
[2025/08/10 20:32:37 229] tts        485  get audio|use local  
[2025/08/10 20:32:37 229] tts        527  0  nil  1  
[2025/08/10 20:32:37 230] tts        657  TTS_MSG_GETAUDIO  0  
[2025/08/10 20:32:37 230] tts        485  get audio|use local  
[2025/08/10 20:32:37 231] tts        527  0  nil  1  
[2025/08/10 20:32:37 231] tts        657  TTS_MSG_GETAUDIO  0  
[2025/08/10 20:32:37 232] tts        485  get audio|use local  
[2025/08/10 20:32:37 232] tts        527  0  nil  1  
[2025/08/10 20:32:37 233] tts        657  TTS_MSG_GETAUDIO  0  
[2025/08/10 20:32:37 233] tts        485  get audio|use local  
[2025/08/10 20:32:37 233] tts        527  0  nil  1  
[2025/08/10 20:32:37 245] tts        657  TTS_MSG_GETAUDIO  0  
[2025/08/10 20:32:37 245] tts        485  get audio|use local  
[2025/08/10 20:32:37 245] tts        527  0  nil  1  
[2025/08/10 20:32:37 263] tts        657  TTS_MSG_GETAUDIO  0  
[2025/08/10 20:32:37 263] tts        485  get audio|use local  
[2025/08/10 20:32:37 263] tts        527  0  nil  1  
[2025/08/10 20:32:37 264] tts        657  TTS_MSG_GETAUDIO  0  
[2025/08/10 20:32:37 264] tts        485  get audio|use local  
[2025/08/10 20:32:37 264] tts        527  0  nil  1  
[2025/08/10 20:32:37 266] tts        657  TTS_MSG_GETAUDIO  0  
[2025/08/10 20:32:37 266] tts        485  get audio|use local  
[2025/08/10 20:32:37 266] tts        527  0  nil  1  
[2025/08/10 20:32:37 267] tts        657  TTS_MSG_GETAUDIO  0  
[2025/08/10 20:32:37 267] tts        485  get audio|use local  
[2025/08/10 20:32:37 267] tts        527  0  nil  1  
[2025/08/10 20:32:37 269] tts        657  TTS_MSG_GETAUDIO  0  
[2025/08/10 20:32:37 269] tts        485  get audio|use local  
[2025/08/10 20:32:37 269] tts        527  0  nil  1  
[2025/08/10 20:32:37 270] tts        657  TTS_MSG_GETAUDIO  0  
[2025/08/10 20:32:37 271] tts        485  get audio|use local  
[2025/08/10 20:32:37 271] tts        527  0  nil  1  
[2025/08/10 20:32:37 272] tts        657  TTS_MSG_GETAUDIO  0  
[2025/08/10 20:32:37 272] tts        485  get audio|use local  
[2025/08/10 20:32:37 272] tts        527  0  nil  1  
[2025/08/10 20:32:37 273] tts        657  TTS_MSG_GETAUDIO  0  
[2025/08/10 20:32:37 273] tts        485  get audio|use local  
[2025/08/10 20:32:37 273] tts        527  0  nil  1  
[2025/08/10 20:32:37 275] tts        657  TTS_MSG_GETAUDIO  0  
[2025/08/10 20:32:37 275] tts        485  get audio|use local  
[2025/08/10 20:32:37 275] tts        527  0  nil  1  
[2025/08/10 20:32:37 278] tts        657  TTS_MSG_GETAUDIO  0  
[2025/08/10 20:32:37 278] tts        485  get audio|use local  
[2025/08/10 20:32:37 278] tts        527  0  nil  1  
[2025/08/10 20:32:37 281] tts        657  TTS_MSG_GETAUDIO  0  
[2025/08/10 20:32:37 281] tts        485  get audio|use local  
[2025/08/10 20:32:37 281] tts        527  0  nil  1  
[2025/08/10 20:32:37 282] tts        657  TTS_MSG_GETAUDIO  0  
[2025/08/10 20:32:37 282] tts        485  get audio|use local  
[2025/08/10 20:32:37 282] tts        527  0  nil  1  
[2025/08/10 20:32:37 283] tts        657  TTS_MSG_GETAUDIO  0  
[2025/08/10 20:32:37 283] tts        485  get audio|use local  
[2025/08/10 20:32:37 283] tts        527  0  nil  1  
[2025/08/10 20:32:37 284] tts        657  TTS_MSG_GETAUDIO  0  
[2025/08/10 20:32:37 284] tts        485  get audio|use local  
[2025/08/10 20:32:37 284] tts        527  0  nil  1  
[2025/08/10 20:32:37 285] tts        657  TTS_MSG_GETAUDIO  0  
[2025/08/10 20:32:37 285] tts        485  get audio|use local  
[2025/08/10 20:32:37 286] tts        527  0  nil  1  
[2025/08/10 20:32:37 288] tts        657  TTS_MSG_GETAUDIO  0  
[2025/08/10 20:32:37 288] tts        485  get audio|use local  
[2025/08/10 20:32:37 290] tts        527  0  nil  1  
[2025/08/10 20:32:37 292] tts        299  TTS_LOCAL_CB_BEGIN  
[2025/08/10 20:32:37 295] tts        657  TTS_MSG_GETAUDIO  0  
[2025/08/10 20:32:37 295] tts        485  get audio|use local  
[2025/08/10 20:32:37 296] tts        498  local audiolen:  2042  ,ced:  16  
[2025/08/10 20:32:37 296] tts        527  0  udata(90070f88) 1  
[2025/08/10 20:32:37 298] tts        657  TTS_MSG_GETAUDIO  0  
[2025/08/10 20:32:37 298] tts        485  get audio|use local  
[2025/08/10 20:32:37 299] tts        498  local audiolen:  2016  ,ced:  16  
[2025/08/10 20:32:37 299] tts        527  0  udata(900882a8) 1  
[2025/08/10 20:32:37 301] tts        657  TTS_MSG_GETAUDIO  0  
[2025/08/10 20:32:37 302] tts        485  get audio|use local  
[2025/08/10 20:32:37 302] tts        498  local audiolen:  1970  ,ced:  16  
[2025/08/10 20:32:37 302] tts        527  0  udata(8c003948) 1  
[2025/08/10 20:32:37 310] tts        657  TTS_MSG_GETAUDIO  0  
[2025/08/10 20:32:37 311] tts        485  get audio|use local  
[2025/08/10 20:32:37 311] tts        498  local audiolen:  1900  ,ced:  16  
[2025/08/10 20:32:37 311] tts        527  0  udata(90088178) 1  
[2025/08/10 20:32:37 312] tts        657  TTS_MSG_GETAUDIO  0  
[2025/08/10 20:32:37 312] tts        485  get audio|use local  
[2025/08/10 20:32:37 313] tts        498  local audiolen:  1972  ,ced:  16  
[2025/08/10 20:32:37 313] tts        527  0  udata(9007cc48) 1  
[2025/08/10 20:32:37 315] tts        657  TTS_MSG_GETAUDIO  0  
[2025/08/10 20:32:37 316] tts        485  get audio|use local  
[2025/08/10 20:32:37 316] tts        498  local audiolen:  1982  ,ced:  16  
[2025/08/10 20:32:37 316] tts        527  0  udata(9007cd98) 1  
[2025/08/10 20:32:37 320] tts        657  TTS_MSG_GETAUDIO  0  
[2025/08/10 20:32:37 321] tts        485  get audio|use local  
[2025/08/10 20:32:37 321] tts        498  local audiolen:  2046  ,ced:  16  
[2025/08/10 20:32:37 321] tts        527  0  udata(9007cf88) 1  
[2025/08/10 20:32:37 327] tts        657  TTS_MSG_GETAUDIO  0  
[2025/08/10 20:32:37 327] tts        485  get audio|use local  
[2025/08/10 20:32:37 327] tts        498  local audiolen:  1970  ,ced:  16  
[2025/08/10 20:32:37 328] tts        527  0  udata(90087d58) 1  
[2025/08/10 20:32:37 345] tts        657  TTS_MSG_GETAUDIO  0  
[2025/08/10 20:32:37 345] tts        485  get audio|use local  
[2025/08/10 20:32:37 345] tts        498  local audiolen:  1932  ,ced:  16  
[2025/08/10 20:32:37 346] tts        527  0  udata(9007dcd8) 1  
[2025/08/10 20:32:37 348] tts        657  TTS_MSG_GETAUDIO  0  
[2025/08/10 20:32:37 348] tts        485  get audio|use local  
[2025/08/10 20:32:37 348] tts        498  local audiolen:  1994  ,ced:  16  
[2025/08/10 20:32:37 349] tts        527  0  udata(9007e808) 1  
[2025/08/10 20:32:37 350] tts        657  TTS_MSG_GETAUDIO  0  
[2025/08/10 20:32:37 350] tts        485  get audio|use local  
[2025/08/10 20:32:37 350] tts        498  local audiolen:  2008  ,ced:  16  
[2025/08/10 20:32:37 351] tts        527  0  udata(9007e958) 1  
[2025/08/10 20:32:37 352] tts        301  0  0  
[2025/08/10 20:32:37 352] tts        312  TTS_LOCAL_CB_END,  2  
[2025/08/10 20:32:37 353] tts        657  TTS_MSG_GETAUDIO  0  
[2025/08/10 20:32:37 354] tts        485  get audio|use local  
[2025/08/10 20:32:37 354] tts        498  local audiolen:  1932  ,ced:  16  
[2025/08/10 20:32:37 354] tts        527  0  udata(9007eb48) 1  
[2025/08/10 20:32:37 355] tts        657  TTS_MSG_GETAUDIO  0  
[2025/08/10 20:32:37 355] tts        485  get audio|use local  
[2025/08/10 20:32:37 355] tts        498  local audiolen:  2044  ,ced:  16  
[2025/08/10 20:32:37 355] tts        527  0  udata(9007eb98) 1  
[2025/08/10 20:32:37 356] tts        657  TTS_MSG_GETAUDIO  0  
[2025/08/10 20:32:37 356] tts        485  get audio|use local  
[2025/08/10 20:32:37 356] tts        498  local audiolen:  2014  ,ced:  16  
[2025/08/10 20:32:37 357] tts        527  0  udata(9007ebe8) 1  
[2025/08/10 20:32:37 357] tts        657  TTS_MSG_GETAUDIO  0  
[2025/08/10 20:32:37 357] tts        485  get audio|use local  
[2025/08/10 20:32:37 357] tts        498  local audiolen:  1982  ,ced:  16  
[2025/08/10 20:32:37 358] tts        527  0  udata(9007ec38) 1  
[2025/08/10 20:32:37 358] tts        657  TTS_MSG_GETAUDIO  0  
[2025/08/10 20:32:37 358] tts        485  get audio|use local  
[2025/08/10 20:32:37 359] tts        498  local audiolen:  2006  ,ced:  16  
[2025/08/10 20:32:37 359] tts        527  0  udata(9007ec88) 1  
[2025/08/10 20:32:37 360] tts        657  TTS_MSG_GETAUDIO  0  
[2025/08/10 20:32:37 360] tts        485  get audio|use local  
[2025/08/10 20:32:37 360] tts        498  local audiolen:  1964  ,ced:  16  
[2025/08/10 20:32:37 360] tts        527  0  udata(9007ecd8) 1  
[2025/08/10 20:32:37 361] tts        657  TTS_MSG_GETAUDIO  0  
[2025/08/10 20:32:37 361] tts        485  get audio|use local  
[2025/08/10 20:32:37 361] tts        498  local audiolen:  2046  ,ced:  16  
[2025/08/10 20:32:37 361] tts        527  0  udata(9007ed28) 1  
[2025/08/10 20:32:37 362] tts        657  TTS_MSG_GETAUDIO  0  
[2025/08/10 20:32:37 362] tts        485  get audio|use local  
[2025/08/10 20:32:37 362] tts        498  local audiolen:  1940  ,ced:  16  
[2025/08/10 20:32:37 362] tts        527  0  udata(9007ed78) 1  
[2025/08/10 20:32:37 363] tts        657  TTS_MSG_GETAUDIO  0  
[2025/08/10 20:32:37 363] tts        485  get audio|use local  
[2025/08/10 20:32:37 363] tts        498  local audiolen:  2000  ,ced:  16  
[2025/08/10 20:32:37 364] tts        527  0  udata(9007edc8) 1  
[2025/08/10 20:32:37 364] tts        657  TTS_MSG_GETAUDIO  0  
[2025/08/10 20:32:37 364] tts        485  get audio|use local  
[2025/08/10 20:32:37 365] tts        498  local audiolen:  1940  ,ced:  16  
[2025/08/10 20:32:37 365] tts        527  0  udata(9007ee18) 1  
[2025/08/10 20:32:37 365] tts        657  TTS_MSG_GETAUDIO  0  
[2025/08/10 20:32:37 366] tts        485  get audio|use local  
[2025/08/10 20:32:37 366] tts        498  local audiolen:  2048  ,ced:  16  
[2025/08/10 20:32:37 366] tts        527  0  udata(9007ee68) 1  
[2025/08/10 20:32:37 366] tts        657  TTS_MSG_GETAUDIO  0  
[2025/08/10 20:32:37 367] tts        485  get audio|use local  
[2025/08/10 20:32:37 367] tts        498  local audiolen:  2016  ,ced:  16  
[2025/08/10 20:32:37 367] tts        527  0  udata(9007eeb8) 1  
[2025/08/10 20:32:37 368] tts        657  TTS_MSG_GETAUDIO  0  
[2025/08/10 20:32:37 368] tts        485  get audio|use local  
[2025/08/10 20:32:37 368] tts        498  local audiolen:  576  ,ced:  16  
[2025/08/10 20:32:37 368] tts        527  0  udata(90087718) 2  
[2025/08/10 20:32:37 369] tts        660  TTS_MSG_SSE  
[2025/08/10 20:32:37 370] tts        585  sse|use local  
[2025/08/10 20:32:37 371] tts        603  tts exit  
[2025/08/10 20:32:37 373] tts        667  SYS_MSG_UNLOAD  
