============================================================
Time  2025/08/10 20:33:13 703 
============================================================
[2025/08/10 20:33:13 704] tts        676  SYS_MSG_REGCB param0 =  msp_status_cb  param1 =  func(94014a30) 
[2025/08/10 20:33:13 706] config     43   use general cloud  
[2025/08/10 20:33:13 710] tts_cloud  1417 SYS_MSG_REGCB_CLOUD param0 =   msp_status_cb  param1 =  func(94014a30) 
[2025/08/10 20:33:13 711] tts        647  TTS_MSG_SSB  
[2025/08/10 20:33:13 711] tts        375  params =  engine_type = local,voice_name=xiaoyan, text_encoding = UTF8, tts_res_path = fo|res/tts/xiaoyan.jet;fo|res/tts/common.jet, sample_rate = 16000, speed = 50, volume = 80, pitch = 50, rdn = 2  
[2025/08/10 20:33:13 711] tts        412  ssb|use local  
[2025/08/10 20:33:13 711] tts        349  local_session_begin  
[2025/08/10 20:33:13 716] tts        654  TTS_MSG_SYN  0  
[2025/08/10 20:33:13 716] tts        451  synth|use local  
[2025/08/10 20:33:13 717] tts        657  TTS_MSG_GETAUDIO  0  
[2025/08/10 20:33:13 718] tts        485  get audio|use local  
[2025/08/10 20:33:13 718] tts        527  0  nil  1  
[2025/08/10 20:33:13 719] tts        657  TTS_MSG_GETAUDIO  0  
[2025/08/10 20:33:13 719] tts        485  get audio|use local  
[2025/08/10 20:33:13 719] tts        527  0  nil  1  
[2025/08/10 20:33:13 719] tts        657  TTS_MSG_GETAUDIO  0  
[2025/08/10 20:33:13 720] tts        485  get audio|use local  
[2025/08/10 20:33:13 720] tts        527  0  nil  1  
[2025/08/10 20:33:13 721] tts        657  TTS_MSG_GETAUDIO  0  
[2025/08/10 20:33:13 721] tts        485  get audio|use local  
[2025/08/10 20:33:13 721] tts        527  0  nil  1  
[2025/08/10 20:33:13 722] tts        657  TTS_MSG_GETAUDIO  0  
[2025/08/10 20:33:13 722] tts        485  get audio|use local  
[2025/08/10 20:33:13 722] tts        527  0  nil  1  
[2025/08/10 20:33:13 723] tts        657  TTS_MSG_GETAUDIO  0  
[2025/08/10 20:33:13 723] tts        485  get audio|use local  
[2025/08/10 20:33:13 723] tts        527  0  nil  1  
[2025/08/10 20:33:13 724] tts        657  TTS_MSG_GETAUDIO  0  
[2025/08/10 20:33:13 724] tts        485  get audio|use local  
[2025/08/10 20:33:13 725] tts        527  0  nil  1  
[2025/08/10 20:33:13 726] tts        657  TTS_MSG_GETAUDIO  0  
[2025/08/10 20:33:13 726] tts        485  get audio|use local  
[2025/08/10 20:33:13 726] tts        527  0  nil  1  
[2025/08/10 20:33:13 727] tts        657  TTS_MSG_GETAUDIO  0  
[2025/08/10 20:33:13 727] tts        485  get audio|use local  
[2025/08/10 20:33:13 727] tts        527  0  nil  1  
[2025/08/10 20:33:13 728] tts        657  TTS_MSG_GETAUDIO  0  
[2025/08/10 20:33:13 728] tts        485  get audio|use local  
[2025/08/10 20:33:13 728] tts        527  0  nil  1  
[2025/08/10 20:33:13 729] tts        657  TTS_MSG_GETAUDIO  0  
[2025/08/10 20:33:13 729] tts        485  get audio|use local  
[2025/08/10 20:33:13 729] tts        527  0  nil  1  
[2025/08/10 20:33:13 730] tts        657  TTS_MSG_GETAUDIO  0  
[2025/08/10 20:33:13 730] tts        485  get audio|use local  
[2025/08/10 20:33:13 730] tts        527  0  nil  1  
[2025/08/10 20:33:13 731] tts        657  TTS_MSG_GETAUDIO  0  
[2025/08/10 20:33:13 731] tts        485  get audio|use local  
[2025/08/10 20:33:13 731] tts        527  0  nil  1  
[2025/08/10 20:33:13 732] tts        657  TTS_MSG_GETAUDIO  0  
[2025/08/10 20:33:13 732] tts        485  get audio|use local  
[2025/08/10 20:33:13 732] tts        527  0  nil  1  
[2025/08/10 20:33:13 734] tts        657  TTS_MSG_GETAUDIO  0  
[2025/08/10 20:33:13 734] tts        485  get audio|use local  
[2025/08/10 20:33:13 734] tts        527  0  nil  1  
[2025/08/10 20:33:13 736] tts        657  TTS_MSG_GETAUDIO  0  
[2025/08/10 20:33:13 736] tts        485  get audio|use local  
[2025/08/10 20:33:13 736] tts        527  0  nil  1  
[2025/08/10 20:33:13 736] tts        657  TTS_MSG_GETAUDIO  0  
[2025/08/10 20:33:13 737] tts        485  get audio|use local  
[2025/08/10 20:33:13 737] tts        527  0  nil  1  
[2025/08/10 20:33:13 738] tts        657  TTS_MSG_GETAUDIO  0  
[2025/08/10 20:33:13 738] tts        485  get audio|use local  
[2025/08/10 20:33:13 738] tts        527  0  nil  1  
[2025/08/10 20:33:13 739] tts        657  TTS_MSG_GETAUDIO  0  
[2025/08/10 20:33:13 739] tts        485  get audio|use local  
[2025/08/10 20:33:13 739] tts        527  0  nil  1  
[2025/08/10 20:33:13 740] tts        657  TTS_MSG_GETAUDIO  0  
[2025/08/10 20:33:13 741] tts        485  get audio|use local  
[2025/08/10 20:33:13 741] tts        527  0  nil  1  
[2025/08/10 20:33:13 742] tts        657  TTS_MSG_GETAUDIO  0  
[2025/08/10 20:33:13 742] tts        485  get audio|use local  
[2025/08/10 20:33:13 742] tts        527  0  nil  1  
[2025/08/10 20:33:13 743] tts        657  TTS_MSG_GETAUDIO  0  
[2025/08/10 20:33:13 743] tts        485  get audio|use local  
[2025/08/10 20:33:13 743] tts        527  0  nil  1  
[2025/08/10 20:33:13 744] tts        657  TTS_MSG_GETAUDIO  0  
[2025/08/10 20:33:13 744] tts        485  get audio|use local  
[2025/08/10 20:33:13 744] tts        527  0  nil  1  
[2025/08/10 20:33:13 746] tts        657  TTS_MSG_GETAUDIO  0  
[2025/08/10 20:33:13 746] tts        485  get audio|use local  
[2025/08/10 20:33:13 746] tts        527  0  nil  1  
[2025/08/10 20:33:13 747] tts        657  TTS_MSG_GETAUDIO  0  
[2025/08/10 20:33:13 747] tts        485  get audio|use local  
[2025/08/10 20:33:13 748] tts        527  0  nil  1  
[2025/08/10 20:33:13 749] tts        657  TTS_MSG_GETAUDIO  0  
[2025/08/10 20:33:13 749] tts        485  get audio|use local  
[2025/08/10 20:33:13 749] tts        527  0  nil  1  
[2025/08/10 20:33:13 751] tts        657  TTS_MSG_GETAUDIO  0  
[2025/08/10 20:33:13 751] tts        485  get audio|use local  
[2025/08/10 20:33:13 751] tts        527  0  nil  1  
[2025/08/10 20:33:13 752] tts        657  TTS_MSG_GETAUDIO  0  
[2025/08/10 20:33:13 752] tts        485  get audio|use local  
[2025/08/10 20:33:13 753] tts        527  0  nil  1  
[2025/08/10 20:33:13 754] tts        657  TTS_MSG_GETAUDIO  0  
[2025/08/10 20:33:13 754] tts        485  get audio|use local  
[2025/08/10 20:33:13 754] tts        527  0  nil  1  
[2025/08/10 20:33:13 755] tts        657  TTS_MSG_GETAUDIO  0  
[2025/08/10 20:33:13 755] tts        485  get audio|use local  
[2025/08/10 20:33:13 755] tts        527  0  nil  1  
[2025/08/10 20:33:13 757] tts        657  TTS_MSG_GETAUDIO  0  
[2025/08/10 20:33:13 757] tts        485  get audio|use local  
[2025/08/10 20:33:13 757] tts        527  0  nil  1  
[2025/08/10 20:33:13 758] tts        657  TTS_MSG_GETAUDIO  0  
[2025/08/10 20:33:13 759] tts        485  get audio|use local  
[2025/08/10 20:33:13 759] tts        527  0  nil  1  
[2025/08/10 20:33:13 760] tts        657  TTS_MSG_GETAUDIO  0  
[2025/08/10 20:33:13 760] tts        485  get audio|use local  
[2025/08/10 20:33:13 760] tts        527  0  nil  1  
[2025/08/10 20:33:13 761] tts        657  TTS_MSG_GETAUDIO  0  
[2025/08/10 20:33:13 761] tts        485  get audio|use local  
[2025/08/10 20:33:13 761] tts        527  0  nil  1  
[2025/08/10 20:33:13 762] tts        657  TTS_MSG_GETAUDIO  0  
[2025/08/10 20:33:13 762] tts        485  get audio|use local  
[2025/08/10 20:33:13 762] tts        527  0  nil  1  
[2025/08/10 20:33:13 763] tts        657  TTS_MSG_GETAUDIO  0  
[2025/08/10 20:33:13 763] tts        485  get audio|use local  
[2025/08/10 20:33:13 764] tts        527  0  nil  1  
[2025/08/10 20:33:13 765] tts        657  TTS_MSG_GETAUDIO  0  
[2025/08/10 20:33:13 765] tts        485  get audio|use local  
[2025/08/10 20:33:13 765] tts        527  0  nil  1  
[2025/08/10 20:33:13 766] tts        657  TTS_MSG_GETAUDIO  0  
[2025/08/10 20:33:13 767] tts        485  get audio|use local  
[2025/08/10 20:33:13 767] tts        527  0  nil  1  
[2025/08/10 20:33:13 769] tts        657  TTS_MSG_GETAUDIO  0  
[2025/08/10 20:33:13 769] tts        485  get audio|use local  
[2025/08/10 20:33:13 769] tts        527  0  nil  1  
[2025/08/10 20:33:13 771] tts        657  TTS_MSG_GETAUDIO  0  
[2025/08/10 20:33:13 771] tts        485  get audio|use local  
[2025/08/10 20:33:13 771] tts        527  0  nil  1  
[2025/08/10 20:33:13 772] tts        657  TTS_MSG_GETAUDIO  0  
[2025/08/10 20:33:13 772] tts        485  get audio|use local  
[2025/08/10 20:33:13 773] tts        527  0  nil  1  
[2025/08/10 20:33:13 776] tts        657  TTS_MSG_GETAUDIO  0  
[2025/08/10 20:33:13 777] tts        485  get audio|use local  
[2025/08/10 20:33:13 777] tts        527  0  nil  1  
[2025/08/10 20:33:13 778] tts        657  TTS_MSG_GETAUDIO  0  
[2025/08/10 20:33:13 778] tts        485  get audio|use local  
[2025/08/10 20:33:13 779] tts        527  0  nil  1  
[2025/08/10 20:33:13 782] tts        657  TTS_MSG_GETAUDIO  0  
[2025/08/10 20:33:13 782] tts        485  get audio|use local  
[2025/08/10 20:33:13 783] tts        527  0  nil  1  
[2025/08/10 20:33:13 784] tts        657  TTS_MSG_GETAUDIO  0  
[2025/08/10 20:33:13 784] tts        485  get audio|use local  
[2025/08/10 20:33:13 784] tts        527  0  nil  1  
[2025/08/10 20:33:13 785] tts        657  TTS_MSG_GETAUDIO  0  
[2025/08/10 20:33:13 785] tts        485  get audio|use local  
[2025/08/10 20:33:13 786] tts        527  0  nil  1  
[2025/08/10 20:33:13 786] tts        657  TTS_MSG_GETAUDIO  0  
[2025/08/10 20:33:13 787] tts        485  get audio|use local  
[2025/08/10 20:33:13 787] tts        527  0  nil  1  
[2025/08/10 20:33:13 788] tts        657  TTS_MSG_GETAUDIO  0  
[2025/08/10 20:33:13 788] tts        485  get audio|use local  
[2025/08/10 20:33:13 788] tts        527  0  nil  1  
[2025/08/10 20:33:13 789] tts        657  TTS_MSG_GETAUDIO  0  
[2025/08/10 20:33:13 789] tts        485  get audio|use local  
[2025/08/10 20:33:13 789] tts        527  0  nil  1  
[2025/08/10 20:33:13 790] tts        657  TTS_MSG_GETAUDIO  0  
[2025/08/10 20:33:13 791] tts        485  get audio|use local  
[2025/08/10 20:33:13 791] tts        527  0  nil  1  
[2025/08/10 20:33:13 792] tts        657  TTS_MSG_GETAUDIO  0  
[2025/08/10 20:33:13 792] tts        485  get audio|use local  
[2025/08/10 20:33:13 792] tts        527  0  nil  1  
[2025/08/10 20:33:13 796] tts        657  TTS_MSG_GETAUDIO  0  
[2025/08/10 20:33:13 796] tts        485  get audio|use local  
[2025/08/10 20:33:13 796] tts        527  0  nil  1  
[2025/08/10 20:33:13 797] tts        657  TTS_MSG_GETAUDIO  0  
[2025/08/10 20:33:13 797] tts        485  get audio|use local  
[2025/08/10 20:33:13 798] tts        527  0  nil  1  
[2025/08/10 20:33:13 799] tts        657  TTS_MSG_GETAUDIO  0  
[2025/08/10 20:33:13 799] tts        485  get audio|use local  
[2025/08/10 20:33:13 799] tts        527  0  nil  1  
[2025/08/10 20:33:13 800] tts        657  TTS_MSG_GETAUDIO  0  
[2025/08/10 20:33:13 800] tts        485  get audio|use local  
[2025/08/10 20:33:13 800] tts        527  0  nil  1  
[2025/08/10 20:33:13 801] tts        657  TTS_MSG_GETAUDIO  0  
[2025/08/10 20:33:13 801] tts        485  get audio|use local  
[2025/08/10 20:33:13 801] tts        527  0  nil  1  
[2025/08/10 20:33:13 802] tts        657  TTS_MSG_GETAUDIO  0  
[2025/08/10 20:33:13 802] tts        485  get audio|use local  
[2025/08/10 20:33:13 802] tts        527  0  nil  1  
[2025/08/10 20:33:13 802] tts        657  TTS_MSG_GETAUDIO  0  
[2025/08/10 20:33:13 803] tts        485  get audio|use local  
[2025/08/10 20:33:13 803] tts        527  0  nil  1  
[2025/08/10 20:33:13 803] tts        657  TTS_MSG_GETAUDIO  0  
[2025/08/10 20:33:13 804] tts        485  get audio|use local  
[2025/08/10 20:33:13 804] tts        527  0  nil  1  
[2025/08/10 20:33:13 804] tts        657  TTS_MSG_GETAUDIO  0  
[2025/08/10 20:33:13 804] tts        485  get audio|use local  
[2025/08/10 20:33:13 805] tts        527  0  nil  1  
[2025/08/10 20:33:13 806] tts        657  TTS_MSG_GETAUDIO  0  
[2025/08/10 20:33:13 806] tts        485  get audio|use local  
[2025/08/10 20:33:13 806] tts        527  0  nil  1  
[2025/08/10 20:33:13 806] tts        657  TTS_MSG_GETAUDIO  0  
[2025/08/10 20:33:13 806] tts        485  get audio|use local  
[2025/08/10 20:33:13 807] tts        527  0  nil  1  
[2025/08/10 20:33:13 807] tts        657  TTS_MSG_GETAUDIO  0  
[2025/08/10 20:33:13 807] tts        485  get audio|use local  
[2025/08/10 20:33:13 807] tts        527  0  nil  1  
[2025/08/10 20:33:13 808] tts        657  TTS_MSG_GETAUDIO  0  
[2025/08/10 20:33:13 808] tts        485  get audio|use local  
[2025/08/10 20:33:13 808] tts        527  0  nil  1  
[2025/08/10 20:33:13 809] tts        657  TTS_MSG_GETAUDIO  0  
[2025/08/10 20:33:13 809] tts        485  get audio|use local  
[2025/08/10 20:33:13 809] tts        527  0  nil  1  
[2025/08/10 20:33:13 810] tts        657  TTS_MSG_GETAUDIO  0  
[2025/08/10 20:33:13 810] tts        485  get audio|use local  
[2025/08/10 20:33:13 810] tts        527  0  nil  1  
[2025/08/10 20:33:13 811] tts        657  TTS_MSG_GETAUDIO  0  
[2025/08/10 20:33:13 811] tts        485  get audio|use local  
[2025/08/10 20:33:13 811] tts        527  0  nil  1  
[2025/08/10 20:33:13 812] tts        657  TTS_MSG_GETAUDIO  0  
[2025/08/10 20:33:13 812] tts        485  get audio|use local  
[2025/08/10 20:33:13 812] tts        527  0  nil  1  
[2025/08/10 20:33:13 812] tts        657  TTS_MSG_GETAUDIO  0  
[2025/08/10 20:33:13 812] tts        485  get audio|use local  
[2025/08/10 20:33:13 812] tts        527  0  nil  1  
[2025/08/10 20:33:13 814] tts        657  TTS_MSG_GETAUDIO  0  
[2025/08/10 20:33:13 814] tts        485  get audio|use local  
[2025/08/10 20:33:13 814] tts        527  0  nil  1  
[2025/08/10 20:33:13 814] tts        657  TTS_MSG_GETAUDIO  0  
[2025/08/10 20:33:13 815] tts        485  get audio|use local  
[2025/08/10 20:33:13 815] tts        527  0  nil  1  
[2025/08/10 20:33:13 816] tts        657  TTS_MSG_GETAUDIO  0  
[2025/08/10 20:33:13 816] tts        485  get audio|use local  
[2025/08/10 20:33:13 816] tts        527  0  nil  1  
[2025/08/10 20:33:13 818] tts        299  TTS_LOCAL_CB_BEGIN  
[2025/08/10 20:33:13 818] tts        657  TTS_MSG_GETAUDIO  0  
[2025/08/10 20:33:13 818] tts        485  get audio|use local  
[2025/08/10 20:33:13 818] tts        527  0  nil  1  
[2025/08/10 20:33:13 822] tts        657  TTS_MSG_GETAUDIO  0  
[2025/08/10 20:33:13 822] tts        485  get audio|use local  
[2025/08/10 20:33:13 822] tts        498  local audiolen:  2042  ,ced:  30  
[2025/08/10 20:33:13 822] tts        527  0  udata(940710b8) 1  
[2025/08/10 20:33:13 824] tts        657  TTS_MSG_GETAUDIO  0  
[2025/08/10 20:33:13 824] tts        485  get audio|use local  
[2025/08/10 20:33:13 825] tts        498  local audiolen:  2016  ,ced:  30  
[2025/08/10 20:33:13 825] tts        527  0  udata(940881f8) 1  
[2025/08/10 20:33:13 827] tts        657  TTS_MSG_GETAUDIO  0  
[2025/08/10 20:33:13 827] tts        485  get audio|use local  
[2025/08/10 20:33:13 827] tts        498  local audiolen:  2018  ,ced:  30  
[2025/08/10 20:33:13 827] tts        527  0  udata(94070988) 1  
[2025/08/10 20:33:13 830] tts        657  TTS_MSG_GETAUDIO  0  
[2025/08/10 20:33:13 830] tts        485  get audio|use local  
[2025/08/10 20:33:13 830] tts        498  local audiolen:  2018  ,ced:  30  
[2025/08/10 20:33:13 831] tts        527  0  udata(9407d0c8) 1  
[2025/08/10 20:33:13 833] tts        657  TTS_MSG_GETAUDIO  0  
[2025/08/10 20:33:13 833] tts        485  get audio|use local  
[2025/08/10 20:33:13 833] tts        498  local audiolen:  2034  ,ced:  30  
[2025/08/10 20:33:13 833] tts        527  0  udata(9407d318) 1  
[2025/08/10 20:33:13 836] tts        657  TTS_MSG_GETAUDIO  0  
[2025/08/10 20:33:13 836] tts        485  get audio|use local  
[2025/08/10 20:33:13 837] tts        498  local audiolen:  2046  ,ced:  30  
[2025/08/10 20:33:13 837] tts        527  0  udata(9407db38) 1  
[2025/08/10 20:33:13 840] tts        657  TTS_MSG_GETAUDIO  0  
[2025/08/10 20:33:13 840] tts        485  get audio|use local  
[2025/08/10 20:33:13 840] tts        498  local audiolen:  1962  ,ced:  30  
[2025/08/10 20:33:13 840] tts        527  0  udata(94088058) 1  
[2025/08/10 20:33:13 844] tts        657  TTS_MSG_GETAUDIO  0  
[2025/08/10 20:33:13 844] tts        485  get audio|use local  
[2025/08/10 20:33:13 844] tts        498  local audiolen:  2014  ,ced:  30  
[2025/08/10 20:33:13 845] tts        527  0  udata(9407ef38) 1  
[2025/08/10 20:33:13 847] tts        657  TTS_MSG_GETAUDIO  0  
[2025/08/10 20:33:13 847] tts        485  get audio|use local  
[2025/08/10 20:33:13 847] tts        498  local audiolen:  1936  ,ced:  30  
[2025/08/10 20:33:13 847] tts        527  0  udata(9407e588) 1  
[2025/08/10 20:33:13 851] tts        657  TTS_MSG_GETAUDIO  0  
[2025/08/10 20:33:13 851] tts        485  get audio|use local  
[2025/08/10 20:33:13 851] tts        498  local audiolen:  2010  ,ced:  30  
[2025/08/10 20:33:13 851] tts        527  0  udata(9407e5d8) 1  
[2025/08/10 20:33:13 853] tts        657  TTS_MSG_GETAUDIO  0  
[2025/08/10 20:33:13 853] tts        485  get audio|use local  
[2025/08/10 20:33:13 854] tts        498  local audiolen:  1894  ,ced:  30  
[2025/08/10 20:33:13 854] tts        527  0  udata(9407eec8) 1  
[2025/08/10 20:33:13 856] tts        657  TTS_MSG_GETAUDIO  0  
[2025/08/10 20:33:13 856] tts        485  get audio|use local  
[2025/08/10 20:33:13 857] tts        498  local audiolen:  1930  ,ced:  30  
[2025/08/10 20:33:13 857] tts        527  0  udata(94087c98) 1  
[2025/08/10 20:33:13 858] tts        657  TTS_MSG_GETAUDIO  0  
[2025/08/10 20:33:13 859] tts        485  get audio|use local  
[2025/08/10 20:33:13 859] tts        498  local audiolen:  2006  ,ced:  30  
[2025/08/10 20:33:13 859] tts        527  0  udata(94087ee8) 1  
[2025/08/10 20:33:13 860] tts        657  TTS_MSG_GETAUDIO  0  
[2025/08/10 20:33:13 860] tts        485  get audio|use local  
[2025/08/10 20:33:13 860] tts        498  local audiolen:  2016  ,ced:  30  
[2025/08/10 20:33:13 861] tts        527  0  udata(9407e748) 1  
[2025/08/10 20:33:13 862] tts        657  TTS_MSG_GETAUDIO  0  
[2025/08/10 20:33:13 863] tts        485  get audio|use local  
[2025/08/10 20:33:13 863] tts        498  local audiolen:  2016  ,ced:  30  
[2025/08/10 20:33:13 864] tts        527  0  udata(9407e998) 1  
[2025/08/10 20:33:13 865] tts        657  TTS_MSG_GETAUDIO  0  
[2025/08/10 20:33:13 866] tts        485  get audio|use local  
[2025/08/10 20:33:13 866] tts        498  local audiolen:  1946  ,ced:  30  
[2025/08/10 20:33:13 866] tts        527  0  udata(9407eae8) 1  
[2025/08/10 20:33:13 868] tts        657  TTS_MSG_GETAUDIO  0  
[2025/08/10 20:33:13 869] tts        485  get audio|use local  
[2025/08/10 20:33:13 869] tts        498  local audiolen:  1954  ,ced:  30  
[2025/08/10 20:33:13 869] tts        527  0  udata(9407ee38) 1  
[2025/08/10 20:33:13 870] tts        657  TTS_MSG_GETAUDIO  0  
[2025/08/10 20:33:13 871] tts        485  get audio|use local  
[2025/08/10 20:33:13 871] tts        498  local audiolen:  1978  ,ced:  30  
[2025/08/10 20:33:13 871] tts        527  0  udata(94022008) 1  
[2025/08/10 20:33:13 872] tts        657  TTS_MSG_GETAUDIO  0  
[2025/08/10 20:33:13 872] tts        485  get audio|use local  
[2025/08/10 20:33:13 872] tts        498  local audiolen:  2014  ,ced:  30  
[2025/08/10 20:33:13 872] tts        527  0  udata(94022158) 1  
[2025/08/10 20:33:13 873] tts        657  TTS_MSG_GETAUDIO  0  
[2025/08/10 20:33:13 873] tts        485  get audio|use local  
[2025/08/10 20:33:13 873] tts        498  local audiolen:  1966  ,ced:  30  
[2025/08/10 20:33:13 873] tts        527  0  udata(940221a8) 1  
[2025/08/10 20:33:13 874] tts        657  TTS_MSG_GETAUDIO  0  
[2025/08/10 20:33:13 874] tts        485  get audio|use local  
[2025/08/10 20:33:13 876] tts        498  local audiolen:  2004  ,ced:  30  
[2025/08/10 20:33:13 876] tts        527  0  udata(940221f8) 1  
[2025/08/10 20:33:13 877] tts        657  TTS_MSG_GETAUDIO  0  
[2025/08/10 20:33:13 877] tts        485  get audio|use local  
[2025/08/10 20:33:13 877] tts        498  local audiolen:  2016  ,ced:  30  
[2025/08/10 20:33:13 877] tts        527  0  udata(94022248) 1  
[2025/08/10 20:33:13 879] tts        657  TTS_MSG_GETAUDIO  0  
[2025/08/10 20:33:13 879] tts        485  get audio|use local  
[2025/08/10 20:33:13 879] tts        498  local audiolen:  2006  ,ced:  30  
[2025/08/10 20:33:13 879] tts        527  0  udata(94022498) 1  
[2025/08/10 20:33:13 880] tts        301  0  0  
[2025/08/10 20:33:13 880] tts        312  TTS_LOCAL_CB_END,  2  
[2025/08/10 20:33:13 881] tts        657  TTS_MSG_GETAUDIO  0  
[2025/08/10 20:33:13 881] tts        485  get audio|use local  
[2025/08/10 20:33:13 881] tts        498  local audiolen:  2028  ,ced:  30  
[2025/08/10 20:33:13 881] tts        527  0  udata(94022688) 1  
[2025/08/10 20:33:13 882] tts        657  TTS_MSG_GETAUDIO  0  
[2025/08/10 20:33:13 882] tts        485  get audio|use local  
[2025/08/10 20:33:13 882] tts        498  local audiolen:  2006  ,ced:  30  
[2025/08/10 20:33:13 882] tts        527  0  udata(940226d8) 1  
[2025/08/10 20:33:13 882] tts        657  TTS_MSG_GETAUDIO  0  
[2025/08/10 20:33:13 882] tts        485  get audio|use local  
[2025/08/10 20:33:13 882] tts        498  local audiolen:  1986  ,ced:  30  
[2025/08/10 20:33:13 882] tts        527  0  udata(94022728) 1  
[2025/08/10 20:33:13 883] tts        657  TTS_MSG_GETAUDIO  0  
[2025/08/10 20:33:13 883] tts        485  get audio|use local  
[2025/08/10 20:33:13 883] tts        498  local audiolen:  2048  ,ced:  30  
[2025/08/10 20:33:13 883] tts        527  0  udata(94022778) 1  
[2025/08/10 20:33:13 884] tts        657  TTS_MSG_GETAUDIO  0  
[2025/08/10 20:33:13 884] tts        485  get audio|use local  
[2025/08/10 20:33:13 884] tts        498  local audiolen:  1938  ,ced:  30  
[2025/08/10 20:33:13 884] tts        527  0  udata(94023078) 1  
[2025/08/10 20:33:13 884] tts        657  TTS_MSG_GETAUDIO  0  
[2025/08/10 20:33:13 884] tts        485  get audio|use local  
[2025/08/10 20:33:13 885] tts        498  local audiolen:  2010  ,ced:  30  
[2025/08/10 20:33:13 885] tts        527  0  udata(940228c8) 1  
[2025/08/10 20:33:13 885] tts        657  TTS_MSG_GETAUDIO  0  
[2025/08/10 20:33:13 885] tts        485  get audio|use local  
[2025/08/10 20:33:13 885] tts        498  local audiolen:  2008  ,ced:  30  
[2025/08/10 20:33:13 885] tts        527  0  udata(94022918) 1  
[2025/08/10 20:33:13 886] tts        657  TTS_MSG_GETAUDIO  0  
[2025/08/10 20:33:13 886] tts        485  get audio|use local  
[2025/08/10 20:33:13 886] tts        498  local audiolen:  1986  ,ced:  30  
[2025/08/10 20:33:13 886] tts        527  0  udata(94022968) 1  
[2025/08/10 20:33:13 887] tts        657  TTS_MSG_GETAUDIO  0  
[2025/08/10 20:33:13 887] tts        485  get audio|use local  
[2025/08/10 20:33:13 887] tts        498  local audiolen:  2028  ,ced:  30  
[2025/08/10 20:33:13 887] tts        527  0  udata(940229b8) 1  
[2025/08/10 20:33:13 887] tts        657  TTS_MSG_GETAUDIO  0  
[2025/08/10 20:33:13 887] tts        485  get audio|use local  
[2025/08/10 20:33:13 887] tts        498  local audiolen:  2008  ,ced:  30  
[2025/08/10 20:33:13 887] tts        527  0  udata(94022a08) 1  
[2025/08/10 20:33:13 888] tts        657  TTS_MSG_GETAUDIO  0  
[2025/08/10 20:33:13 888] tts        485  get audio|use local  
[2025/08/10 20:33:13 888] tts        498  local audiolen:  2036  ,ced:  30  
[2025/08/10 20:33:13 888] tts        527  0  udata(94022a58) 1  
[2025/08/10 20:33:13 889] tts        657  TTS_MSG_GETAUDIO  0  
[2025/08/10 20:33:13 889] tts        485  get audio|use local  
[2025/08/10 20:33:13 889] tts        498  local audiolen:  2016  ,ced:  30  
[2025/08/10 20:33:13 889] tts        527  0  udata(94022aa8) 1  
[2025/08/10 20:33:13 889] tts        657  TTS_MSG_GETAUDIO  0  
[2025/08/10 20:33:13 889] tts        485  get audio|use local  
[2025/08/10 20:33:13 889] tts        498  local audiolen:  2016  ,ced:  30  
[2025/08/10 20:33:13 889] tts        527  0  udata(94022af8) 1  
[2025/08/10 20:33:13 890] tts        657  TTS_MSG_GETAUDIO  0  
[2025/08/10 20:33:13 890] tts        485  get audio|use local  
[2025/08/10 20:33:13 890] tts        498  local audiolen:  2016  ,ced:  30  
[2025/08/10 20:33:13 890] tts        527  0  udata(94022b48) 1  
[2025/08/10 20:33:13 891] tts        657  TTS_MSG_GETAUDIO  0  
[2025/08/10 20:33:13 891] tts        485  get audio|use local  
[2025/08/10 20:33:13 891] tts        498  local audiolen:  1920  ,ced:  30  
[2025/08/10 20:33:13 891] tts        527  0  udata(94022b98) 1  
[2025/08/10 20:33:13 891] tts        657  TTS_MSG_GETAUDIO  0  
[2025/08/10 20:33:13 891] tts        485  get audio|use local  
[2025/08/10 20:33:13 891] tts        498  local audiolen:  1908  ,ced:  30  
[2025/08/10 20:33:13 892] tts        527  0  udata(94022be8) 1  
[2025/08/10 20:33:13 892] tts        657  TTS_MSG_GETAUDIO  0  
[2025/08/10 20:33:13 892] tts        485  get audio|use local  
[2025/08/10 20:33:13 892] tts        498  local audiolen:  1948  ,ced:  30  
[2025/08/10 20:33:13 892] tts        527  0  udata(94022c38) 1  
[2025/08/10 20:33:13 893] tts        657  TTS_MSG_GETAUDIO  0  
[2025/08/10 20:33:13 893] tts        485  get audio|use local  
[2025/08/10 20:33:13 893] tts        498  local audiolen:  1894  ,ced:  30  
[2025/08/10 20:33:13 893] tts        527  0  udata(94022c88) 1  
[2025/08/10 20:33:13 895] tts        657  TTS_MSG_GETAUDIO  0  
[2025/08/10 20:33:13 895] tts        485  get audio|use local  
[2025/08/10 20:33:13 895] tts        498  local audiolen:  2012  ,ced:  30  
[2025/08/10 20:33:13 895] tts        527  0  udata(94022cd8) 1  
[2025/08/10 20:33:13 896] tts        657  TTS_MSG_GETAUDIO  0  
[2025/08/10 20:33:13 896] tts        485  get audio|use local  
[2025/08/10 20:33:13 896] tts        498  local audiolen:  2016  ,ced:  30  
[2025/08/10 20:33:13 896] tts        527  0  udata(94022d28) 1  
[2025/08/10 20:33:13 897] tts        657  TTS_MSG_GETAUDIO  0  
[2025/08/10 20:33:13 897] tts        485  get audio|use local  
[2025/08/10 20:33:13 898] tts        498  local audiolen:  2032  ,ced:  30  
[2025/08/10 20:33:13 898] tts        527  0  udata(94022d78) 1  
[2025/08/10 20:33:13 898] tts        657  TTS_MSG_GETAUDIO  0  
[2025/08/10 20:33:13 899] tts        485  get audio|use local  
[2025/08/10 20:33:13 899] tts        498  local audiolen:  1304  ,ced:  30  
[2025/08/10 20:33:13 899] tts        527  0  udata(94022dc8) 2  
[2025/08/10 20:33:13 900] tts        660  TTS_MSG_SSE  
[2025/08/10 20:33:13 901] tts        585  sse|use local  
[2025/08/10 20:33:13 902] tts        603  tts exit  
