============================================================
Time  2025/07/10 16:12:07 289 
============================================================
[2025/07/10 16:12:07 289] tts        676  SYS_MSG_REGCB param0 =  msp_status_cb  param1 =  func(80014a30) 
[2025/07/10 16:12:07 293] config     43   use general cloud  
[2025/07/10 16:12:07 303] tts_cloud  1417 SYS_MSG_REGCB_CLOUD param0 =   msp_status_cb  param1 =  func(80014a30) 
[2025/07/10 16:12:07 303] tts        647  TTS_MSG_SSB  
[2025/07/10 16:12:07 303] tts        375  params =  engine_type = local,voice_name=xiaoyan, text_encoding = UTF8, tts_res_path = fo|res/tts/xiaoyan.jet;fo|res/tts/common.jet, sample_rate = 16000, speed = 50, volume = 80, pitch = 50, rdn = 2  
[2025/07/10 16:12:07 304] tts        412  ssb|use local  
[2025/07/10 16:12:07 304] tts        349  local_session_begin  
[2025/07/10 16:12:07 307] tts        654  TTS_MSG_SYN  0  
[2025/07/10 16:12:07 307] tts        451  synth|use local  
[2025/07/10 16:12:07 308] tts        657  TTS_MSG_GETAUDIO  0  
[2025/07/10 16:12:07 308] tts        485  get audio|use local  
[2025/07/10 16:12:07 308] tts        527  0  nil  1  
[2025/07/10 16:12:07 309] tts        657  TTS_MSG_GETAUDIO  0  
[2025/07/10 16:12:07 309] tts        485  get audio|use local  
[2025/07/10 16:12:07 310] tts        527  0  nil  1  
[2025/07/10 16:12:07 310] tts        657  TTS_MSG_GETAUDIO  0  
[2025/07/10 16:12:07 310] tts        485  get audio|use local  
[2025/07/10 16:12:07 310] tts        527  0  nil  1  
[2025/07/10 16:12:07 311] tts        657  TTS_MSG_GETAUDIO  0  
[2025/07/10 16:12:07 311] tts        485  get audio|use local  
[2025/07/10 16:12:07 311] tts        527  0  nil  1  
[2025/07/10 16:12:07 312] tts        657  TTS_MSG_GETAUDIO  0  
[2025/07/10 16:12:07 312] tts        485  get audio|use local  
[2025/07/10 16:12:07 313] tts        527  0  nil  1  
[2025/07/10 16:12:07 314] tts        657  TTS_MSG_GETAUDIO  0  
[2025/07/10 16:12:07 314] tts        485  get audio|use local  
[2025/07/10 16:12:07 314] tts        527  0  nil  1  
[2025/07/10 16:12:07 315] tts        657  TTS_MSG_GETAUDIO  0  
[2025/07/10 16:12:07 315] tts        485  get audio|use local  
[2025/07/10 16:12:07 315] tts        527  0  nil  1  
[2025/07/10 16:12:07 317] tts        657  TTS_MSG_GETAUDIO  0  
[2025/07/10 16:12:07 317] tts        485  get audio|use local  
[2025/07/10 16:12:07 317] tts        527  0  nil  1  
[2025/07/10 16:12:07 318] tts        657  TTS_MSG_GETAUDIO  0  
[2025/07/10 16:12:07 318] tts        485  get audio|use local  
[2025/07/10 16:12:07 318] tts        527  0  nil  1  
[2025/07/10 16:12:07 320] tts        657  TTS_MSG_GETAUDIO  0  
[2025/07/10 16:12:07 320] tts        485  get audio|use local  
[2025/07/10 16:12:07 320] tts        527  0  nil  1  
[2025/07/10 16:12:07 323] tts        657  TTS_MSG_GETAUDIO  0  
[2025/07/10 16:12:07 323] tts        485  get audio|use local  
[2025/07/10 16:12:07 323] tts        527  0  nil  1  
[2025/07/10 16:12:07 325] tts        657  TTS_MSG_GETAUDIO  0  
[2025/07/10 16:12:07 325] tts        485  get audio|use local  
[2025/07/10 16:12:07 325] tts        527  0  nil  1  
[2025/07/10 16:12:07 326] tts        657  TTS_MSG_GETAUDIO  0  
[2025/07/10 16:12:07 326] tts        485  get audio|use local  
[2025/07/10 16:12:07 327] tts        527  0  nil  1  
[2025/07/10 16:12:07 328] tts        657  TTS_MSG_GETAUDIO  0  
[2025/07/10 16:12:07 328] tts        485  get audio|use local  
[2025/07/10 16:12:07 328] tts        527  0  nil  1  
[2025/07/10 16:12:07 329] tts        657  TTS_MSG_GETAUDIO  0  
[2025/07/10 16:12:07 329] tts        485  get audio|use local  
[2025/07/10 16:12:07 329] tts        527  0  nil  1  
[2025/07/10 16:12:07 331] tts        657  TTS_MSG_GETAUDIO  0  
[2025/07/10 16:12:07 332] tts        485  get audio|use local  
[2025/07/10 16:12:07 332] tts        527  0  nil  1  
[2025/07/10 16:12:07 333] tts        657  TTS_MSG_GETAUDIO  0  
[2025/07/10 16:12:07 333] tts        485  get audio|use local  
[2025/07/10 16:12:07 334] tts        527  0  nil  1  
[2025/07/10 16:12:07 335] tts        657  TTS_MSG_GETAUDIO  0  
[2025/07/10 16:12:07 335] tts        485  get audio|use local  
[2025/07/10 16:12:07 335] tts        527  0  nil  1  
[2025/07/10 16:12:07 336] tts        657  TTS_MSG_GETAUDIO  0  
[2025/07/10 16:12:07 336] tts        485  get audio|use local  
[2025/07/10 16:12:07 336] tts        527  0  nil  1  
[2025/07/10 16:12:07 338] tts        657  TTS_MSG_GETAUDIO  0  
[2025/07/10 16:12:07 338] tts        485  get audio|use local  
[2025/07/10 16:12:07 338] tts        527  0  nil  1  
[2025/07/10 16:12:07 339] tts        657  TTS_MSG_GETAUDIO  0  
[2025/07/10 16:12:07 339] tts        485  get audio|use local  
[2025/07/10 16:12:07 339] tts        527  0  nil  1  
[2025/07/10 16:12:07 341] tts        657  TTS_MSG_GETAUDIO  0  
[2025/07/10 16:12:07 341] tts        485  get audio|use local  
[2025/07/10 16:12:07 341] tts        527  0  nil  1  
[2025/07/10 16:12:07 343] tts        657  TTS_MSG_GETAUDIO  0  
[2025/07/10 16:12:07 343] tts        485  get audio|use local  
[2025/07/10 16:12:07 343] tts        527  0  nil  1  
[2025/07/10 16:12:07 344] tts        657  TTS_MSG_GETAUDIO  0  
[2025/07/10 16:12:07 344] tts        485  get audio|use local  
[2025/07/10 16:12:07 344] tts        527  0  nil  1  
[2025/07/10 16:12:07 345] tts        657  TTS_MSG_GETAUDIO  0  
[2025/07/10 16:12:07 345] tts        485  get audio|use local  
[2025/07/10 16:12:07 345] tts        527  0  nil  1  
[2025/07/10 16:12:07 346] tts        657  TTS_MSG_GETAUDIO  0  
[2025/07/10 16:12:07 347] tts        485  get audio|use local  
[2025/07/10 16:12:07 347] tts        527  0  nil  1  
[2025/07/10 16:12:07 347] tts        657  TTS_MSG_GETAUDIO  0  
[2025/07/10 16:12:07 347] tts        485  get audio|use local  
[2025/07/10 16:12:07 347] tts        527  0  nil  1  
[2025/07/10 16:12:07 348] tts        657  TTS_MSG_GETAUDIO  0  
[2025/07/10 16:12:07 348] tts        485  get audio|use local  
[2025/07/10 16:12:07 348] tts        527  0  nil  1  
[2025/07/10 16:12:07 349] tts        657  TTS_MSG_GETAUDIO  0  
[2025/07/10 16:12:07 349] tts        485  get audio|use local  
[2025/07/10 16:12:07 349] tts        527  0  nil  1  
[2025/07/10 16:12:07 350] tts        657  TTS_MSG_GETAUDIO  0  
[2025/07/10 16:12:07 350] tts        485  get audio|use local  
[2025/07/10 16:12:07 350] tts        527  0  nil  1  
[2025/07/10 16:12:07 351] tts        657  TTS_MSG_GETAUDIO  0  
[2025/07/10 16:12:07 351] tts        485  get audio|use local  
[2025/07/10 16:12:07 351] tts        527  0  nil  1  
[2025/07/10 16:12:07 352] tts        657  TTS_MSG_GETAUDIO  0  
[2025/07/10 16:12:07 352] tts        485  get audio|use local  
[2025/07/10 16:12:07 352] tts        527  0  nil  1  
[2025/07/10 16:12:07 353] tts        657  TTS_MSG_GETAUDIO  0  
[2025/07/10 16:12:07 353] tts        485  get audio|use local  
[2025/07/10 16:12:07 353] tts        527  0  nil  1  
[2025/07/10 16:12:07 354] tts        657  TTS_MSG_GETAUDIO  0  
[2025/07/10 16:12:07 354] tts        485  get audio|use local  
[2025/07/10 16:12:07 354] tts        527  0  nil  1  
[2025/07/10 16:12:07 355] tts        657  TTS_MSG_GETAUDIO  0  
[2025/07/10 16:12:07 355] tts        485  get audio|use local  
[2025/07/10 16:12:07 355] tts        527  0  nil  1  
[2025/07/10 16:12:07 355] tts        657  TTS_MSG_GETAUDIO  0  
[2025/07/10 16:12:07 355] tts        485  get audio|use local  
[2025/07/10 16:12:07 356] tts        527  0  nil  1  
[2025/07/10 16:12:07 356] tts        657  TTS_MSG_GETAUDIO  0  
[2025/07/10 16:12:07 356] tts        485  get audio|use local  
[2025/07/10 16:12:07 356] tts        527  0  nil  1  
[2025/07/10 16:12:07 357] tts        657  TTS_MSG_GETAUDIO  0  
[2025/07/10 16:12:07 357] tts        485  get audio|use local  
[2025/07/10 16:12:07 357] tts        527  0  nil  1  
[2025/07/10 16:12:07 358] tts        657  TTS_MSG_GETAUDIO  0  
[2025/07/10 16:12:07 358] tts        485  get audio|use local  
[2025/07/10 16:12:07 358] tts        527  0  nil  1  
[2025/07/10 16:12:07 359] tts        657  TTS_MSG_GETAUDIO  0  
[2025/07/10 16:12:07 359] tts        485  get audio|use local  
[2025/07/10 16:12:07 359] tts        527  0  nil  1  
[2025/07/10 16:12:07 360] tts        657  TTS_MSG_GETAUDIO  0  
[2025/07/10 16:12:07 360] tts        485  get audio|use local  
[2025/07/10 16:12:07 360] tts        527  0  nil  1  
[2025/07/10 16:12:07 361] tts        657  TTS_MSG_GETAUDIO  0  
[2025/07/10 16:12:07 361] tts        485  get audio|use local  
[2025/07/10 16:12:07 362] tts        527  0  nil  1  
[2025/07/10 16:12:07 362] tts        657  TTS_MSG_GETAUDIO  0  
[2025/07/10 16:12:07 362] tts        485  get audio|use local  
[2025/07/10 16:12:07 362] tts        527  0  nil  1  
[2025/07/10 16:12:07 363] tts        657  TTS_MSG_GETAUDIO  0  
[2025/07/10 16:12:07 363] tts        485  get audio|use local  
[2025/07/10 16:12:07 363] tts        527  0  nil  1  
[2025/07/10 16:12:07 364] tts        657  TTS_MSG_GETAUDIO  0  
[2025/07/10 16:12:07 364] tts        485  get audio|use local  
[2025/07/10 16:12:07 365] tts        527  0  nil  1  
[2025/07/10 16:12:07 365] tts        657  TTS_MSG_GETAUDIO  0  
[2025/07/10 16:12:07 366] tts        485  get audio|use local  
[2025/07/10 16:12:07 366] tts        527  0  nil  1  
[2025/07/10 16:12:07 366] tts        657  TTS_MSG_GETAUDIO  0  
[2025/07/10 16:12:07 366] tts        485  get audio|use local  
[2025/07/10 16:12:07 367] tts        527  0  nil  1  
[2025/07/10 16:12:07 368] tts        657  TTS_MSG_GETAUDIO  0  
[2025/07/10 16:12:07 368] tts        485  get audio|use local  
[2025/07/10 16:12:07 368] tts        527  0  nil  1  
[2025/07/10 16:12:07 370] tts        657  TTS_MSG_GETAUDIO  0  
[2025/07/10 16:12:07 370] tts        485  get audio|use local  
[2025/07/10 16:12:07 370] tts        527  0  nil  1  
[2025/07/10 16:12:07 371] tts        657  TTS_MSG_GETAUDIO  0  
[2025/07/10 16:12:07 371] tts        485  get audio|use local  
[2025/07/10 16:12:07 372] tts        527  0  nil  1  
[2025/07/10 16:12:07 386] tts        657  TTS_MSG_GETAUDIO  0  
[2025/07/10 16:12:07 386] tts        485  get audio|use local  
[2025/07/10 16:12:07 386] tts        527  0  nil  1  
[2025/07/10 16:12:07 389] tts        657  TTS_MSG_GETAUDIO  0  
[2025/07/10 16:12:07 389] tts        485  get audio|use local  
[2025/07/10 16:12:07 396] tts        527  0  nil  1  
[2025/07/10 16:12:07 397] tts        657  TTS_MSG_GETAUDIO  0  
[2025/07/10 16:12:07 397] tts        485  get audio|use local  
[2025/07/10 16:12:07 397] tts        527  0  nil  1  
[2025/07/10 16:12:07 398] tts        657  TTS_MSG_GETAUDIO  0  
[2025/07/10 16:12:07 398] tts        485  get audio|use local  
[2025/07/10 16:12:07 398] tts        527  0  nil  1  
[2025/07/10 16:12:07 399] tts        657  TTS_MSG_GETAUDIO  0  
[2025/07/10 16:12:07 399] tts        485  get audio|use local  
[2025/07/10 16:12:07 399] tts        527  0  nil  1  
[2025/07/10 16:12:07 400] tts        657  TTS_MSG_GETAUDIO  0  
[2025/07/10 16:12:07 400] tts        485  get audio|use local  
[2025/07/10 16:12:07 400] tts        527  0  nil  1  
[2025/07/10 16:12:07 401] tts        657  TTS_MSG_GETAUDIO  0  
[2025/07/10 16:12:07 401] tts        485  get audio|use local  
[2025/07/10 16:12:07 401] tts        527  0  nil  1  
[2025/07/10 16:12:07 401] tts        657  TTS_MSG_GETAUDIO  0  
[2025/07/10 16:12:07 401] tts        485  get audio|use local  
[2025/07/10 16:12:07 402] tts        527  0  nil  1  
[2025/07/10 16:12:07 402] tts        657  TTS_MSG_GETAUDIO  0  
[2025/07/10 16:12:07 402] tts        485  get audio|use local  
[2025/07/10 16:12:07 402] tts        527  0  nil  1  
[2025/07/10 16:12:07 403] tts        657  TTS_MSG_GETAUDIO  0  
[2025/07/10 16:12:07 403] tts        485  get audio|use local  
[2025/07/10 16:12:07 403] tts        527  0  nil  1  
[2025/07/10 16:12:07 404] tts        657  TTS_MSG_GETAUDIO  0  
[2025/07/10 16:12:07 405] tts        485  get audio|use local  
[2025/07/10 16:12:07 405] tts        527  0  nil  1  
[2025/07/10 16:12:07 411] tts        657  TTS_MSG_GETAUDIO  0  
[2025/07/10 16:12:07 411] tts        485  get audio|use local  
[2025/07/10 16:12:07 412] tts        527  0  nil  1  
[2025/07/10 16:12:07 414] tts        657  TTS_MSG_GETAUDIO  0  
[2025/07/10 16:12:07 414] tts        485  get audio|use local  
[2025/07/10 16:12:07 419] tts        527  0  nil  1  
[2025/07/10 16:12:07 420] tts        657  TTS_MSG_GETAUDIO  0  
[2025/07/10 16:12:07 420] tts        485  get audio|use local  
[2025/07/10 16:12:07 421] tts        527  0  nil  1  
[2025/07/10 16:12:07 422] tts        657  TTS_MSG_GETAUDIO  0  
[2025/07/10 16:12:07 423] tts        485  get audio|use local  
[2025/07/10 16:12:07 423] tts        527  0  nil  1  
[2025/07/10 16:12:07 423] tts        657  TTS_MSG_GETAUDIO  0  
[2025/07/10 16:12:07 424] tts        485  get audio|use local  
[2025/07/10 16:12:07 424] tts        527  0  nil  1  
[2025/07/10 16:12:07 425] tts        657  TTS_MSG_GETAUDIO  0  
[2025/07/10 16:12:07 425] tts        485  get audio|use local  
[2025/07/10 16:12:07 425] tts        527  0  nil  1  
[2025/07/10 16:12:07 426] tts        657  TTS_MSG_GETAUDIO  0  
[2025/07/10 16:12:07 426] tts        485  get audio|use local  
[2025/07/10 16:12:07 426] tts        527  0  nil  1  
[2025/07/10 16:12:07 427] tts        657  TTS_MSG_GETAUDIO  0  
[2025/07/10 16:12:07 427] tts        485  get audio|use local  
[2025/07/10 16:12:07 427] tts        527  0  nil  1  
[2025/07/10 16:12:07 428] tts        657  TTS_MSG_GETAUDIO  0  
[2025/07/10 16:12:07 428] tts        485  get audio|use local  
[2025/07/10 16:12:07 428] tts        527  0  nil  1  
[2025/07/10 16:12:07 429] tts        657  TTS_MSG_GETAUDIO  0  
[2025/07/10 16:12:07 429] tts        485  get audio|use local  
[2025/07/10 16:12:07 429] tts        527  0  nil  1  
[2025/07/10 16:12:07 430] tts        657  TTS_MSG_GETAUDIO  0  
[2025/07/10 16:12:07 430] tts        485  get audio|use local  
[2025/07/10 16:12:07 430] tts        527  0  nil  1  
[2025/07/10 16:12:07 430] tts        657  TTS_MSG_GETAUDIO  0  
[2025/07/10 16:12:07 430] tts        485  get audio|use local  
[2025/07/10 16:12:07 430] tts        527  0  nil  1  
[2025/07/10 16:12:07 431] tts        657  TTS_MSG_GETAUDIO  0  
[2025/07/10 16:12:07 432] tts        485  get audio|use local  
[2025/07/10 16:12:07 432] tts        527  0  nil  1  
[2025/07/10 16:12:07 435] tts        657  TTS_MSG_GETAUDIO  0  
[2025/07/10 16:12:07 439] tts        485  get audio|use local  
[2025/07/10 16:12:07 439] tts        527  0  nil  1  
[2025/07/10 16:12:07 440] tts        299  TTS_LOCAL_CB_BEGIN  
[2025/07/10 16:12:07 449] tts        657  TTS_MSG_GETAUDIO  0  
[2025/07/10 16:12:07 449] tts        485  get audio|use local  
[2025/07/10 16:12:07 450] tts        498  local audiolen:  2042  ,ced:  14  
[2025/07/10 16:12:07 450] tts        527  0  udata(8007cd38) 1  
[2025/07/10 16:12:07 454] tts        657  TTS_MSG_GETAUDIO  0  
[2025/07/10 16:12:07 454] tts        485  get audio|use local  
[2025/07/10 16:12:07 455] tts        498  local audiolen:  2016  ,ced:  14  
[2025/07/10 16:12:07 455] tts        527  0  udata(8007d5d8) 1  
[2025/07/10 16:12:07 457] tts        657  TTS_MSG_GETAUDIO  0  
[2025/07/10 16:12:07 458] tts        485  get audio|use local  
[2025/07/10 16:12:07 458] tts        498  local audiolen:  1964  ,ced:  14  
[2025/07/10 16:12:07 458] tts        527  0  udata(8007fba8) 1  
[2025/07/10 16:12:07 459] tts        657  TTS_MSG_GETAUDIO  0  
[2025/07/10 16:12:07 459] tts        485  get audio|use local  
[2025/07/10 16:12:07 460] tts        498  local audiolen:  1916  ,ced:  14  
[2025/07/10 16:12:07 460] tts        527  0  udata(8007fcf8) 1  
[2025/07/10 16:12:07 471] tts        301  0  0  
[2025/07/10 16:12:07 472] tts        312  TTS_LOCAL_CB_END,  2  
[2025/07/10 16:12:07 472] tts        657  TTS_MSG_GETAUDIO  0  
[2025/07/10 16:12:07 472] tts        485  get audio|use local  
[2025/07/10 16:12:07 473] tts        498  local audiolen:  2018  ,ced:  14  
[2025/07/10 16:12:07 473] tts        527  0  udata(8007ec08) 1  
[2025/07/10 16:12:07 474] tts        657  TTS_MSG_GETAUDIO  0  
[2025/07/10 16:12:07 474] tts        485  get audio|use local  
[2025/07/10 16:12:07 474] tts        498  local audiolen:  2008  ,ced:  14  
[2025/07/10 16:12:07 474] tts        527  0  udata(8007ec58) 1  
[2025/07/10 16:12:07 475] tts        657  TTS_MSG_GETAUDIO  0  
[2025/07/10 16:12:07 475] tts        485  get audio|use local  
[2025/07/10 16:12:07 477] tts        498  local audiolen:  2046  ,ced:  14  
[2025/07/10 16:12:07 478] tts        527  0  udata(8007eca8) 1  
[2025/07/10 16:12:07 479] tts        657  TTS_MSG_GETAUDIO  0  
[2025/07/10 16:12:07 479] tts        485  get audio|use local  
[2025/07/10 16:12:07 479] tts        498  local audiolen:  1972  ,ced:  14  
[2025/07/10 16:12:07 480] tts        527  0  udata(8007ecf8) 1  
[2025/07/10 16:12:07 480] tts        657  TTS_MSG_GETAUDIO  0  
[2025/07/10 16:12:07 480] tts        485  get audio|use local  
[2025/07/10 16:12:07 481] tts        498  local audiolen:  1934  ,ced:  14  
[2025/07/10 16:12:07 481] tts        527  0  udata(8007ed48) 1  
[2025/07/10 16:12:07 482] tts        657  TTS_MSG_GETAUDIO  0  
[2025/07/10 16:12:07 482] tts        485  get audio|use local  
[2025/07/10 16:12:07 482] tts        498  local audiolen:  2018  ,ced:  14  
[2025/07/10 16:12:07 482] tts        527  0  udata(8007ed98) 1  
[2025/07/10 16:12:07 483] tts        657  TTS_MSG_GETAUDIO  0  
[2025/07/10 16:12:07 483] tts        485  get audio|use local  
[2025/07/10 16:12:07 483] tts        498  local audiolen:  2040  ,ced:  14  
[2025/07/10 16:12:07 483] tts        527  0  udata(8007ede8) 1  
[2025/07/10 16:12:07 484] tts        657  TTS_MSG_GETAUDIO  0  
[2025/07/10 16:12:07 484] tts        485  get audio|use local  
[2025/07/10 16:12:07 484] tts        498  local audiolen:  1958  ,ced:  14  
[2025/07/10 16:12:07 484] tts        527  0  udata(8007ee38) 1  
[2025/07/10 16:12:07 485] tts        657  TTS_MSG_GETAUDIO  0  
[2025/07/10 16:12:07 485] tts        485  get audio|use local  
[2025/07/10 16:12:07 485] tts        498  local audiolen:  1998  ,ced:  14  
[2025/07/10 16:12:07 485] tts        527  0  udata(8007ee88) 1  
[2025/07/10 16:12:07 486] tts        657  TTS_MSG_GETAUDIO  0  
[2025/07/10 16:12:07 486] tts        485  get audio|use local  
[2025/07/10 16:12:07 486] tts        498  local audiolen:  2016  ,ced:  14  
[2025/07/10 16:12:07 486] tts        527  0  udata(8007eed8) 1  
[2025/07/10 16:12:07 487] tts        657  TTS_MSG_GETAUDIO  0  
[2025/07/10 16:12:07 487] tts        485  get audio|use local  
[2025/07/10 16:12:07 487] tts        498  local audiolen:  2014  ,ced:  14  
[2025/07/10 16:12:07 487] tts        527  0  udata(8007ef28) 1  
[2025/07/10 16:12:07 488] tts        657  TTS_MSG_GETAUDIO  0  
[2025/07/10 16:12:07 488] tts        485  get audio|use local  
[2025/07/10 16:12:07 488] tts        498  local audiolen:  1968  ,ced:  14  
[2025/07/10 16:12:07 488] tts        527  0  udata(8007ef78) 1  
[2025/07/10 16:12:07 489] tts        657  TTS_MSG_GETAUDIO  0  
[2025/07/10 16:12:07 489] tts        485  get audio|use local  
[2025/07/10 16:12:07 489] tts        498  local audiolen:  2012  ,ced:  14  
[2025/07/10 16:12:07 489] tts        527  0  udata(8007efc8) 1  
[2025/07/10 16:12:07 490] tts        657  TTS_MSG_GETAUDIO  0  
[2025/07/10 16:12:07 490] tts        485  get audio|use local  
[2025/07/10 16:12:07 490] tts        498  local audiolen:  1986  ,ced:  14  
[2025/07/10 16:12:07 490] tts        527  0  udata(8007f018) 1  
[2025/07/10 16:12:07 491] tts        657  TTS_MSG_GETAUDIO  0  
[2025/07/10 16:12:07 491] tts        485  get audio|use local  
[2025/07/10 16:12:07 495] tts        498  local audiolen:  1892  ,ced:  14  
[2025/07/10 16:12:07 497] tts        527  0  udata(8007f068) 1  
[2025/07/10 16:12:07 507] tts        657  TTS_MSG_GETAUDIO  0  
[2025/07/10 16:12:07 510] tts        485  get audio|use local  
[2025/07/10 16:12:07 511] tts        498  local audiolen:  2024  ,ced:  14  
[2025/07/10 16:12:07 511] tts        527  0  udata(8007f0b8) 1  
[2025/07/10 16:12:07 515] tts        657  TTS_MSG_GETAUDIO  0  
[2025/07/10 16:12:07 516] tts        485  get audio|use local  
[2025/07/10 16:12:07 516] tts        498  local audiolen:  1930  ,ced:  14  
[2025/07/10 16:12:07 517] tts        527  0  udata(8007f108) 2  
[2025/07/10 16:12:07 523] tts        660  TTS_MSG_SSE  
[2025/07/10 16:12:07 524] tts        585  sse|use local  
[2025/07/10 16:12:07 534] tts        603  tts exit  
