============================================================
Time  2025/08/10 19:57:25 120 
============================================================
[2025/08/10 19:57:25 121] tts        676  SYS_MSG_REGCB param0 =  msp_status_cb  param1 =  func(7c014a30) 
[2025/08/10 19:57:25 124] config     43   use general cloud  
[2025/08/10 19:57:25 130] tts_cloud  1417 SYS_MSG_REGCB_CLOUD param0 =   msp_status_cb  param1 =  func(7c014a30) 
[2025/08/10 19:57:25 130] tts        647  TTS_MSG_SSB  
[2025/08/10 19:57:25 130] tts        375  params =  engine_type = local,voice_name=xiaoyan, text_encoding = UTF8, tts_res_path = fo|res/tts/xiaoyan.jet;fo|res/tts/common.jet, sample_rate = 16000, speed = 50, volume = 80, pitch = 50, rdn = 2  
[2025/08/10 19:57:25 131] tts        412  ssb|use local  
[2025/08/10 19:57:25 131] tts        349  local_session_begin  
[2025/08/10 19:57:25 142] tts        654  TTS_MSG_SYN  0  
[2025/08/10 19:57:25 142] tts        451  synth|use local  
[2025/08/10 19:57:25 143] tts        657  TTS_MSG_GETAUDIO  0  
[2025/08/10 19:57:25 143] tts        485  get audio|use local  
[2025/08/10 19:57:25 143] tts        527  0  nil  1  
[2025/08/10 19:57:25 144] tts        657  TTS_MSG_GETAUDIO  0  
[2025/08/10 19:57:25 144] tts        485  get audio|use local  
[2025/08/10 19:57:25 144] tts        527  0  nil  1  
[2025/08/10 19:57:25 145] tts        657  TTS_MSG_GETAUDIO  0  
[2025/08/10 19:57:25 145] tts        485  get audio|use local  
[2025/08/10 19:57:25 145] tts        527  0  nil  1  
[2025/08/10 19:57:25 146] tts        657  TTS_MSG_GETAUDIO  0  
[2025/08/10 19:57:25 146] tts        485  get audio|use local  
[2025/08/10 19:57:25 146] tts        527  0  nil  1  
[2025/08/10 19:57:25 147] tts        657  TTS_MSG_GETAUDIO  0  
[2025/08/10 19:57:25 147] tts        485  get audio|use local  
[2025/08/10 19:57:25 148] tts        527  0  nil  1  
[2025/08/10 19:57:25 150] tts        657  TTS_MSG_GETAUDIO  0  
[2025/08/10 19:57:25 150] tts        485  get audio|use local  
[2025/08/10 19:57:25 150] tts        527  0  nil  1  
[2025/08/10 19:57:25 151] tts        657  TTS_MSG_GETAUDIO  0  
[2025/08/10 19:57:25 151] tts        485  get audio|use local  
[2025/08/10 19:57:25 151] tts        527  0  nil  1  
[2025/08/10 19:57:25 152] tts        657  TTS_MSG_GETAUDIO  0  
[2025/08/10 19:57:25 152] tts        485  get audio|use local  
[2025/08/10 19:57:25 152] tts        527  0  nil  1  
[2025/08/10 19:57:25 153] tts        657  TTS_MSG_GETAUDIO  0  
[2025/08/10 19:57:25 153] tts        485  get audio|use local  
[2025/08/10 19:57:25 153] tts        527  0  nil  1  
[2025/08/10 19:57:25 155] tts        657  TTS_MSG_GETAUDIO  0  
[2025/08/10 19:57:25 155] tts        485  get audio|use local  
[2025/08/10 19:57:25 155] tts        527  0  nil  1  
[2025/08/10 19:57:25 156] tts        657  TTS_MSG_GETAUDIO  0  
[2025/08/10 19:57:25 156] tts        485  get audio|use local  
[2025/08/10 19:57:25 156] tts        527  0  nil  1  
[2025/08/10 19:57:25 157] tts        657  TTS_MSG_GETAUDIO  0  
[2025/08/10 19:57:25 157] tts        485  get audio|use local  
[2025/08/10 19:57:25 157] tts        527  0  nil  1  
[2025/08/10 19:57:25 158] tts        657  TTS_MSG_GETAUDIO  0  
[2025/08/10 19:57:25 158] tts        485  get audio|use local  
[2025/08/10 19:57:25 158] tts        527  0  nil  1  
[2025/08/10 19:57:25 159] tts        657  TTS_MSG_GETAUDIO  0  
[2025/08/10 19:57:25 159] tts        485  get audio|use local  
[2025/08/10 19:57:25 159] tts        527  0  nil  1  
[2025/08/10 19:57:25 160] tts        657  TTS_MSG_GETAUDIO  0  
[2025/08/10 19:57:25 160] tts        485  get audio|use local  
[2025/08/10 19:57:25 160] tts        527  0  nil  1  
[2025/08/10 19:57:25 161] tts        657  TTS_MSG_GETAUDIO  0  
[2025/08/10 19:57:25 161] tts        485  get audio|use local  
[2025/08/10 19:57:25 161] tts        527  0  nil  1  
[2025/08/10 19:57:25 162] tts        657  TTS_MSG_GETAUDIO  0  
[2025/08/10 19:57:25 162] tts        485  get audio|use local  
[2025/08/10 19:57:25 162] tts        527  0  nil  1  
[2025/08/10 19:57:25 163] tts        657  TTS_MSG_GETAUDIO  0  
[2025/08/10 19:57:25 163] tts        485  get audio|use local  
[2025/08/10 19:57:25 163] tts        527  0  nil  1  
[2025/08/10 19:57:25 164] tts        657  TTS_MSG_GETAUDIO  0  
[2025/08/10 19:57:25 165] tts        485  get audio|use local  
[2025/08/10 19:57:25 165] tts        527  0  nil  1  
[2025/08/10 19:57:25 165] tts        657  TTS_MSG_GETAUDIO  0  
[2025/08/10 19:57:25 166] tts        485  get audio|use local  
[2025/08/10 19:57:25 166] tts        527  0  nil  1  
[2025/08/10 19:57:25 166] tts        657  TTS_MSG_GETAUDIO  0  
[2025/08/10 19:57:25 166] tts        485  get audio|use local  
[2025/08/10 19:57:25 167] tts        527  0  nil  1  
[2025/08/10 19:57:25 167] tts        657  TTS_MSG_GETAUDIO  0  
[2025/08/10 19:57:25 167] tts        485  get audio|use local  
[2025/08/10 19:57:25 167] tts        527  0  nil  1  
[2025/08/10 19:57:25 168] tts        657  TTS_MSG_GETAUDIO  0  
[2025/08/10 19:57:25 168] tts        485  get audio|use local  
[2025/08/10 19:57:25 169] tts        527  0  nil  1  
[2025/08/10 19:57:25 169] tts        657  TTS_MSG_GETAUDIO  0  
[2025/08/10 19:57:25 170] tts        485  get audio|use local  
[2025/08/10 19:57:25 170] tts        527  0  nil  1  
[2025/08/10 19:57:25 172] tts        657  TTS_MSG_GETAUDIO  0  
[2025/08/10 19:57:25 172] tts        485  get audio|use local  
[2025/08/10 19:57:25 172] tts        527  0  nil  1  
[2025/08/10 19:57:25 173] tts        657  TTS_MSG_GETAUDIO  0  
[2025/08/10 19:57:25 173] tts        485  get audio|use local  
[2025/08/10 19:57:25 173] tts        527  0  nil  1  
[2025/08/10 19:57:25 174] tts        657  TTS_MSG_GETAUDIO  0  
[2025/08/10 19:57:25 174] tts        485  get audio|use local  
[2025/08/10 19:57:25 174] tts        527  0  nil  1  
[2025/08/10 19:57:25 176] tts        657  TTS_MSG_GETAUDIO  0  
[2025/08/10 19:57:25 176] tts        485  get audio|use local  
[2025/08/10 19:57:25 176] tts        527  0  nil  1  
[2025/08/10 19:57:25 176] tts        657  TTS_MSG_GETAUDIO  0  
[2025/08/10 19:57:25 177] tts        485  get audio|use local  
[2025/08/10 19:57:25 177] tts        527  0  nil  1  
[2025/08/10 19:57:25 177] tts        657  TTS_MSG_GETAUDIO  0  
[2025/08/10 19:57:25 177] tts        485  get audio|use local  
[2025/08/10 19:57:25 177] tts        527  0  nil  1  
[2025/08/10 19:57:25 178] tts        657  TTS_MSG_GETAUDIO  0  
[2025/08/10 19:57:25 178] tts        485  get audio|use local  
[2025/08/10 19:57:25 179] tts        527  0  nil  1  
[2025/08/10 19:57:25 183] tts        657  TTS_MSG_GETAUDIO  0  
[2025/08/10 19:57:25 184] tts        485  get audio|use local  
[2025/08/10 19:57:25 184] tts        527  0  nil  1  
[2025/08/10 19:57:25 184] tts        657  TTS_MSG_GETAUDIO  0  
[2025/08/10 19:57:25 185] tts        485  get audio|use local  
[2025/08/10 19:57:25 185] tts        527  0  nil  1  
[2025/08/10 19:57:25 185] tts        657  TTS_MSG_GETAUDIO  0  
[2025/08/10 19:57:25 186] tts        485  get audio|use local  
[2025/08/10 19:57:25 186] tts        527  0  nil  1  
[2025/08/10 19:57:25 187] tts        657  TTS_MSG_GETAUDIO  0  
[2025/08/10 19:57:25 187] tts        485  get audio|use local  
[2025/08/10 19:57:25 187] tts        527  0  nil  1  
[2025/08/10 19:57:25 188] tts        657  TTS_MSG_GETAUDIO  0  
[2025/08/10 19:57:25 188] tts        485  get audio|use local  
[2025/08/10 19:57:25 188] tts        527  0  nil  1  
[2025/08/10 19:57:25 189] tts        657  TTS_MSG_GETAUDIO  0  
[2025/08/10 19:57:25 189] tts        485  get audio|use local  
[2025/08/10 19:57:25 189] tts        527  0  nil  1  
[2025/08/10 19:57:25 190] tts        657  TTS_MSG_GETAUDIO  0  
[2025/08/10 19:57:25 190] tts        485  get audio|use local  
[2025/08/10 19:57:25 190] tts        527  0  nil  1  
[2025/08/10 19:57:25 191] tts        657  TTS_MSG_GETAUDIO  0  
[2025/08/10 19:57:25 191] tts        485  get audio|use local  
[2025/08/10 19:57:25 191] tts        527  0  nil  1  
[2025/08/10 19:57:25 192] tts        657  TTS_MSG_GETAUDIO  0  
[2025/08/10 19:57:25 192] tts        485  get audio|use local  
[2025/08/10 19:57:25 192] tts        527  0  nil  1  
[2025/08/10 19:57:25 193] tts        657  TTS_MSG_GETAUDIO  0  
[2025/08/10 19:57:25 193] tts        485  get audio|use local  
[2025/08/10 19:57:25 193] tts        527  0  nil  1  
[2025/08/10 19:57:25 195] tts        657  TTS_MSG_GETAUDIO  0  
[2025/08/10 19:57:25 196] tts        485  get audio|use local  
[2025/08/10 19:57:25 196] tts        527  0  nil  1  
[2025/08/10 19:57:25 197] tts        657  TTS_MSG_GETAUDIO  0  
[2025/08/10 19:57:25 197] tts        485  get audio|use local  
[2025/08/10 19:57:25 198] tts        527  0  nil  1  
[2025/08/10 19:57:25 198] tts        299  TTS_LOCAL_CB_BEGIN  
[2025/08/10 19:57:25 199] tts        657  TTS_MSG_GETAUDIO  0  
[2025/08/10 19:57:25 199] tts        485  get audio|use local  
[2025/08/10 19:57:25 199] tts        527  0  nil  1  
[2025/08/10 19:57:25 200] tts        657  TTS_MSG_GETAUDIO  0  
[2025/08/10 19:57:25 200] tts        485  get audio|use local  
[2025/08/10 19:57:25 200] tts        527  0  nil  1  
[2025/08/10 19:57:25 201] tts        657  TTS_MSG_GETAUDIO  0  
[2025/08/10 19:57:25 201] tts        485  get audio|use local  
[2025/08/10 19:57:25 201] tts        527  0  nil  1  
[2025/08/10 19:57:25 202] tts        657  TTS_MSG_GETAUDIO  0  
[2025/08/10 19:57:25 202] tts        485  get audio|use local  
[2025/08/10 19:57:25 202] tts        527  0  nil  1  
[2025/08/10 19:57:25 203] tts        657  TTS_MSG_GETAUDIO  0  
[2025/08/10 19:57:25 203] tts        485  get audio|use local  
[2025/08/10 19:57:25 203] tts        527  0  nil  1  
[2025/08/10 19:57:25 204] tts        657  TTS_MSG_GETAUDIO  0  
[2025/08/10 19:57:25 204] tts        485  get audio|use local  
[2025/08/10 19:57:25 204] tts        527  0  nil  1  
[2025/08/10 19:57:25 205] tts        657  TTS_MSG_GETAUDIO  0  
[2025/08/10 19:57:25 205] tts        485  get audio|use local  
[2025/08/10 19:57:25 206] tts        527  0  nil  1  
[2025/08/10 19:57:25 207] tts        657  TTS_MSG_GETAUDIO  0  
[2025/08/10 19:57:25 207] tts        485  get audio|use local  
[2025/08/10 19:57:25 208] tts        498  local audiolen:  2042  ,ced:  15  
[2025/08/10 19:57:25 208] tts        527  0  udata(7c070de8) 1  
[2025/08/10 19:57:25 209] tts        657  TTS_MSG_GETAUDIO  0  
[2025/08/10 19:57:25 209] tts        485  get audio|use local  
[2025/08/10 19:57:25 209] tts        498  local audiolen:  2016  ,ced:  15  
[2025/08/10 19:57:25 209] tts        527  0  udata(7c071048) 1  
[2025/08/10 19:57:25 212] tts        657  TTS_MSG_GETAUDIO  0  
[2025/08/10 19:57:25 212] tts        485  get audio|use local  
[2025/08/10 19:57:25 212] tts        498  local audiolen:  1964  ,ced:  15  
[2025/08/10 19:57:25 212] tts        527  0  udata(7c07d898) 1  
[2025/08/10 19:57:25 214] tts        657  TTS_MSG_GETAUDIO  0  
[2025/08/10 19:57:25 214] tts        485  get audio|use local  
[2025/08/10 19:57:25 214] tts        498  local audiolen:  1916  ,ced:  15  
[2025/08/10 19:57:25 215] tts        527  0  udata(7c07d6e8) 1  
[2025/08/10 19:57:25 216] tts        657  TTS_MSG_GETAUDIO  0  
[2025/08/10 19:57:25 216] tts        485  get audio|use local  
[2025/08/10 19:57:25 217] tts        498  local audiolen:  2018  ,ced:  15  
[2025/08/10 19:57:25 217] tts        527  0  udata(7c07d848) 1  
[2025/08/10 19:57:25 219] tts        657  TTS_MSG_GETAUDIO  0  
[2025/08/10 19:57:25 219] tts        485  get audio|use local  
[2025/08/10 19:57:25 219] tts        498  local audiolen:  2008  ,ced:  15  
[2025/08/10 19:57:25 219] tts        527  0  udata(7c07d158) 1  
[2025/08/10 19:57:25 221] tts        657  TTS_MSG_GETAUDIO  0  
[2025/08/10 19:57:25 221] tts        485  get audio|use local  
[2025/08/10 19:57:25 221] tts        498  local audiolen:  2046  ,ced:  15  
[2025/08/10 19:57:25 221] tts        527  0  udata(7c07d2a8) 1  
[2025/08/10 19:57:25 230] tts        657  TTS_MSG_GETAUDIO  0  
[2025/08/10 19:57:25 230] tts        485  get audio|use local  
[2025/08/10 19:57:25 231] tts        498  local audiolen:  1972  ,ced:  15  
[2025/08/10 19:57:25 232] tts        527  0  udata(7c07db48) 1  
[2025/08/10 19:57:25 233] tts        657  TTS_MSG_GETAUDIO  0  
[2025/08/10 19:57:25 233] tts        485  get audio|use local  
[2025/08/10 19:57:25 233] tts        498  local audiolen:  1934  ,ced:  15  
[2025/08/10 19:57:25 234] tts        527  0  udata(7c07dc98) 1  
[2025/08/10 19:57:25 237] tts        657  TTS_MSG_GETAUDIO  0  
[2025/08/10 19:57:25 237] tts        485  get audio|use local  
[2025/08/10 19:57:25 238] tts        498  local audiolen:  2018  ,ced:  15  
[2025/08/10 19:57:25 238] tts        527  0  udata(7c07dfe8) 1  
[2025/08/10 19:57:25 240] tts        657  TTS_MSG_GETAUDIO  0  
[2025/08/10 19:57:25 240] tts        485  get audio|use local  
[2025/08/10 19:57:25 240] tts        498  local audiolen:  2040  ,ced:  15  
[2025/08/10 19:57:25 241] tts        527  0  udata(7c07e308) 1  
[2025/08/10 19:57:25 242] tts        657  TTS_MSG_GETAUDIO  0  
[2025/08/10 19:57:25 242] tts        485  get audio|use local  
[2025/08/10 19:57:25 242] tts        498  local audiolen:  1958  ,ced:  15  
[2025/08/10 19:57:25 242] tts        527  0  udata(7c07e458) 1  
[2025/08/10 19:57:25 244] tts        657  TTS_MSG_GETAUDIO  0  
[2025/08/10 19:57:25 244] tts        485  get audio|use local  
[2025/08/10 19:57:25 244] tts        498  local audiolen:  1998  ,ced:  15  
[2025/08/10 19:57:25 244] tts        527  0  udata(7c07e5a8) 1  
[2025/08/10 19:57:25 245] tts        657  TTS_MSG_GETAUDIO  0  
[2025/08/10 19:57:25 247] tts        485  get audio|use local  
[2025/08/10 19:57:25 247] tts        498  local audiolen:  2016  ,ced:  15  
[2025/08/10 19:57:25 247] tts        527  0  udata(7c07e5f8) 1  
[2025/08/10 19:57:25 249] tts        657  TTS_MSG_GETAUDIO  0  
[2025/08/10 19:57:25 249] tts        485  get audio|use local  
[2025/08/10 19:57:25 250] tts        498  local audiolen:  1932  ,ced:  15  
[2025/08/10 19:57:25 250] tts        527  0  udata(7c07e848) 1  
[2025/08/10 19:57:25 251] tts        657  TTS_MSG_GETAUDIO  0  
[2025/08/10 19:57:25 252] tts        485  get audio|use local  
[2025/08/10 19:57:25 252] tts        498  local audiolen:  2046  ,ced:  15  
[2025/08/10 19:57:25 252] tts        527  0  udata(7c07e998) 1  
[2025/08/10 19:57:25 255] tts        301  0  0  
[2025/08/10 19:57:25 255] tts        312  TTS_LOCAL_CB_END,  2  
[2025/08/10 19:57:25 255] tts        657  TTS_MSG_GETAUDIO  0  
[2025/08/10 19:57:25 255] tts        485  get audio|use local  
[2025/08/10 19:57:25 255] tts        498  local audiolen:  1964  ,ced:  15  
[2025/08/10 19:57:25 256] tts        527  0  udata(7c07f4d8) 1  
[2025/08/10 19:57:25 257] tts        657  TTS_MSG_GETAUDIO  0  
[2025/08/10 19:57:25 257] tts        485  get audio|use local  
[2025/08/10 19:57:25 257] tts        498  local audiolen:  1938  ,ced:  15  
[2025/08/10 19:57:25 257] tts        527  0  udata(7c07f7c8) 1  
[2025/08/10 19:57:25 258] tts        657  TTS_MSG_GETAUDIO  0  
[2025/08/10 19:57:25 258] tts        485  get audio|use local  
[2025/08/10 19:57:25 258] tts        498  local audiolen:  1912  ,ced:  15  
[2025/08/10 19:57:25 258] tts        527  0  udata(7c07f818) 1  
[2025/08/10 19:57:25 259] tts        657  TTS_MSG_GETAUDIO  0  
[2025/08/10 19:57:25 259] tts        485  get audio|use local  
[2025/08/10 19:57:25 259] tts        498  local audiolen:  2032  ,ced:  15  
[2025/08/10 19:57:25 259] tts        527  0  udata(7c07ed18) 1  
[2025/08/10 19:57:25 260] tts        657  TTS_MSG_GETAUDIO  0  
[2025/08/10 19:57:25 260] tts        485  get audio|use local  
[2025/08/10 19:57:25 260] tts        498  local audiolen:  2000  ,ced:  15  
[2025/08/10 19:57:25 260] tts        527  0  udata(7c07ed68) 1  
[2025/08/10 19:57:25 268] tts        657  TTS_MSG_GETAUDIO  0  
[2025/08/10 19:57:25 269] tts        485  get audio|use local  
[2025/08/10 19:57:25 269] tts        498  local audiolen:  2014  ,ced:  15  
[2025/08/10 19:57:25 269] tts        527  0  udata(7c07edb8) 1  
[2025/08/10 19:57:25 270] tts        657  TTS_MSG_GETAUDIO  0  
[2025/08/10 19:57:25 270] tts        485  get audio|use local  
[2025/08/10 19:57:25 270] tts        498  local audiolen:  2016  ,ced:  15  
[2025/08/10 19:57:25 270] tts        527  0  udata(7c07ee08) 1  
[2025/08/10 19:57:25 271] tts        657  TTS_MSG_GETAUDIO  0  
[2025/08/10 19:57:25 271] tts        485  get audio|use local  
[2025/08/10 19:57:25 271] tts        498  local audiolen:  2016  ,ced:  15  
[2025/08/10 19:57:25 271] tts        527  0  udata(7c07ee58) 1  
[2025/08/10 19:57:25 272] tts        657  TTS_MSG_GETAUDIO  0  
[2025/08/10 19:57:25 272] tts        485  get audio|use local  
[2025/08/10 19:57:25 272] tts        498  local audiolen:  576  ,ced:  15  
[2025/08/10 19:57:25 273] tts        527  0  udata(7c07f0f8) 2  
[2025/08/10 19:57:25 274] tts        660  TTS_MSG_SSE  
[2025/08/10 19:57:25 276] tts        585  sse|use local  
[2025/08/10 19:57:25 278] tts        603  tts exit  
