============================================================
Time  2025/08/10 20:32:25 767 
============================================================
[2025/08/10 20:32:25 767] tts        676  SYS_MSG_REGCB param0 =  msp_status_cb  param1 =  func(64014a30) 
[2025/08/10 20:32:25 773] config     43   use general cloud  
[2025/08/10 20:32:25 790] tts_cloud  1417 SYS_MSG_REGCB_CLOUD param0 =   msp_status_cb  param1 =  func(64014a30) 
[2025/08/10 20:32:25 790] tts        647  TTS_MSG_SSB  
[2025/08/10 20:32:25 790] tts        375  params =  engine_type = local,voice_name=xiaoyan, text_encoding = UTF8, tts_res_path = fo|res/tts/xiaoyan.jet;fo|res/tts/common.jet, sample_rate = 16000, speed = 50, volume = 80, pitch = 50, rdn = 2  
[2025/08/10 20:32:25 791] tts        412  ssb|use local  
[2025/08/10 20:32:25 791] tts        349  local_session_begin  
[2025/08/10 20:32:25 798] tts        654  TTS_MSG_SYN  0  
[2025/08/10 20:32:25 799] tts        451  synth|use local  
[2025/08/10 20:32:25 801] tts        657  TTS_MSG_GETAUDIO  0  
[2025/08/10 20:32:25 801] tts        485  get audio|use local  
[2025/08/10 20:32:25 801] tts        527  0  nil  1  
[2025/08/10 20:32:25 802] tts        657  TTS_MSG_GETAUDIO  0  
[2025/08/10 20:32:25 802] tts        485  get audio|use local  
[2025/08/10 20:32:25 803] tts        527  0  nil  1  
[2025/08/10 20:32:25 804] tts        657  TTS_MSG_GETAUDIO  0  
[2025/08/10 20:32:25 804] tts        485  get audio|use local  
[2025/08/10 20:32:25 804] tts        527  0  nil  1  
[2025/08/10 20:32:25 805] tts        657  TTS_MSG_GETAUDIO  0  
[2025/08/10 20:32:25 805] tts        485  get audio|use local  
[2025/08/10 20:32:25 805] tts        527  0  nil  1  
[2025/08/10 20:32:25 806] tts        657  TTS_MSG_GETAUDIO  0  
[2025/08/10 20:32:25 806] tts        485  get audio|use local  
[2025/08/10 20:32:25 806] tts        527  0  nil  1  
[2025/08/10 20:32:25 807] tts        657  TTS_MSG_GETAUDIO  0  
[2025/08/10 20:32:25 807] tts        485  get audio|use local  
[2025/08/10 20:32:25 807] tts        527  0  nil  1  
[2025/08/10 20:32:25 808] tts        657  TTS_MSG_GETAUDIO  0  
[2025/08/10 20:32:25 808] tts        485  get audio|use local  
[2025/08/10 20:32:25 808] tts        527  0  nil  1  
[2025/08/10 20:32:25 809] tts        657  TTS_MSG_GETAUDIO  0  
[2025/08/10 20:32:25 809] tts        485  get audio|use local  
[2025/08/10 20:32:25 809] tts        527  0  nil  1  
[2025/08/10 20:32:25 810] tts        657  TTS_MSG_GETAUDIO  0  
[2025/08/10 20:32:25 810] tts        485  get audio|use local  
[2025/08/10 20:32:25 810] tts        527  0  nil  1  
[2025/08/10 20:32:25 811] tts        657  TTS_MSG_GETAUDIO  0  
[2025/08/10 20:32:25 812] tts        485  get audio|use local  
[2025/08/10 20:32:25 812] tts        527  0  nil  1  
[2025/08/10 20:32:25 815] tts        657  TTS_MSG_GETAUDIO  0  
[2025/08/10 20:32:25 816] tts        485  get audio|use local  
[2025/08/10 20:32:25 816] tts        527  0  nil  1  
[2025/08/10 20:32:25 817] tts        657  TTS_MSG_GETAUDIO  0  
[2025/08/10 20:32:25 817] tts        485  get audio|use local  
[2025/08/10 20:32:25 817] tts        527  0  nil  1  
[2025/08/10 20:32:25 819] tts        657  TTS_MSG_GETAUDIO  0  
[2025/08/10 20:32:25 819] tts        485  get audio|use local  
[2025/08/10 20:32:25 819] tts        527  0  nil  1  
[2025/08/10 20:32:25 820] tts        657  TTS_MSG_GETAUDIO  0  
[2025/08/10 20:32:25 820] tts        485  get audio|use local  
[2025/08/10 20:32:25 820] tts        527  0  nil  1  
[2025/08/10 20:32:25 821] tts        657  TTS_MSG_GETAUDIO  0  
[2025/08/10 20:32:25 822] tts        485  get audio|use local  
[2025/08/10 20:32:25 822] tts        527  0  nil  1  
[2025/08/10 20:32:25 823] tts        657  TTS_MSG_GETAUDIO  0  
[2025/08/10 20:32:25 824] tts        485  get audio|use local  
[2025/08/10 20:32:25 824] tts        527  0  nil  1  
[2025/08/10 20:32:25 825] tts        657  TTS_MSG_GETAUDIO  0  
[2025/08/10 20:32:25 825] tts        485  get audio|use local  
[2025/08/10 20:32:25 825] tts        527  0  nil  1  
[2025/08/10 20:32:25 842] tts        657  TTS_MSG_GETAUDIO  0  
[2025/08/10 20:32:25 842] tts        485  get audio|use local  
[2025/08/10 20:32:25 842] tts        527  0  nil  1  
[2025/08/10 20:32:25 844] tts        657  TTS_MSG_GETAUDIO  0  
[2025/08/10 20:32:25 844] tts        485  get audio|use local  
[2025/08/10 20:32:25 844] tts        527  0  nil  1  
[2025/08/10 20:32:25 845] tts        657  TTS_MSG_GETAUDIO  0  
[2025/08/10 20:32:25 846] tts        485  get audio|use local  
[2025/08/10 20:32:25 846] tts        527  0  nil  1  
[2025/08/10 20:32:25 847] tts        657  TTS_MSG_GETAUDIO  0  
[2025/08/10 20:32:25 847] tts        485  get audio|use local  
[2025/08/10 20:32:25 847] tts        527  0  nil  1  
[2025/08/10 20:32:25 849] tts        657  TTS_MSG_GETAUDIO  0  
[2025/08/10 20:32:25 849] tts        485  get audio|use local  
[2025/08/10 20:32:25 849] tts        527  0  nil  1  
[2025/08/10 20:32:25 850] tts        657  TTS_MSG_GETAUDIO  0  
[2025/08/10 20:32:25 850] tts        485  get audio|use local  
[2025/08/10 20:32:25 850] tts        527  0  nil  1  
[2025/08/10 20:32:25 851] tts        657  TTS_MSG_GETAUDIO  0  
[2025/08/10 20:32:25 851] tts        485  get audio|use local  
[2025/08/10 20:32:25 851] tts        527  0  nil  1  
[2025/08/10 20:32:25 853] tts        657  TTS_MSG_GETAUDIO  0  
[2025/08/10 20:32:25 853] tts        485  get audio|use local  
[2025/08/10 20:32:25 853] tts        527  0  nil  1  
[2025/08/10 20:32:25 854] tts        657  TTS_MSG_GETAUDIO  0  
[2025/08/10 20:32:25 854] tts        485  get audio|use local  
[2025/08/10 20:32:25 854] tts        527  0  nil  1  
[2025/08/10 20:32:25 855] tts        657  TTS_MSG_GETAUDIO  0  
[2025/08/10 20:32:25 855] tts        485  get audio|use local  
[2025/08/10 20:32:25 856] tts        527  0  nil  1  
[2025/08/10 20:32:25 856] tts        657  TTS_MSG_GETAUDIO  0  
[2025/08/10 20:32:25 856] tts        485  get audio|use local  
[2025/08/10 20:32:25 857] tts        527  0  nil  1  
[2025/08/10 20:32:25 857] tts        657  TTS_MSG_GETAUDIO  0  
[2025/08/10 20:32:25 858] tts        485  get audio|use local  
[2025/08/10 20:32:25 858] tts        527  0  nil  1  
[2025/08/10 20:32:25 859] tts        657  TTS_MSG_GETAUDIO  0  
[2025/08/10 20:32:25 859] tts        485  get audio|use local  
[2025/08/10 20:32:25 859] tts        527  0  nil  1  
[2025/08/10 20:32:25 860] tts        657  TTS_MSG_GETAUDIO  0  
[2025/08/10 20:32:25 860] tts        485  get audio|use local  
[2025/08/10 20:32:25 860] tts        527  0  nil  1  
[2025/08/10 20:32:25 861] tts        657  TTS_MSG_GETAUDIO  0  
[2025/08/10 20:32:25 861] tts        485  get audio|use local  
[2025/08/10 20:32:25 861] tts        527  0  nil  1  
[2025/08/10 20:32:25 863] tts        657  TTS_MSG_GETAUDIO  0  
[2025/08/10 20:32:25 863] tts        485  get audio|use local  
[2025/08/10 20:32:25 863] tts        527  0  nil  1  
[2025/08/10 20:32:25 864] tts        657  TTS_MSG_GETAUDIO  0  
[2025/08/10 20:32:25 864] tts        485  get audio|use local  
[2025/08/10 20:32:25 864] tts        527  0  nil  1  
[2025/08/10 20:32:25 866] tts        657  TTS_MSG_GETAUDIO  0  
[2025/08/10 20:32:25 866] tts        485  get audio|use local  
[2025/08/10 20:32:25 866] tts        527  0  nil  1  
[2025/08/10 20:32:25 867] tts        657  TTS_MSG_GETAUDIO  0  
[2025/08/10 20:32:25 867] tts        485  get audio|use local  
[2025/08/10 20:32:25 867] tts        527  0  nil  1  
[2025/08/10 20:32:25 868] tts        657  TTS_MSG_GETAUDIO  0  
[2025/08/10 20:32:25 868] tts        485  get audio|use local  
[2025/08/10 20:32:25 868] tts        527  0  nil  1  
[2025/08/10 20:32:25 869] tts        657  TTS_MSG_GETAUDIO  0  
[2025/08/10 20:32:25 870] tts        485  get audio|use local  
[2025/08/10 20:32:25 870] tts        527  0  nil  1  
[2025/08/10 20:32:25 871] tts        657  TTS_MSG_GETAUDIO  0  
[2025/08/10 20:32:25 871] tts        485  get audio|use local  
[2025/08/10 20:32:25 871] tts        527  0  nil  1  
[2025/08/10 20:32:25 872] tts        657  TTS_MSG_GETAUDIO  0  
[2025/08/10 20:32:25 872] tts        485  get audio|use local  
[2025/08/10 20:32:25 873] tts        527  0  nil  1  
[2025/08/10 20:32:25 874] tts        657  TTS_MSG_GETAUDIO  0  
[2025/08/10 20:32:25 874] tts        485  get audio|use local  
[2025/08/10 20:32:25 874] tts        527  0  nil  1  
[2025/08/10 20:32:25 875] tts        657  TTS_MSG_GETAUDIO  0  
[2025/08/10 20:32:25 875] tts        485  get audio|use local  
[2025/08/10 20:32:25 875] tts        527  0  nil  1  
[2025/08/10 20:32:25 877] tts        657  TTS_MSG_GETAUDIO  0  
[2025/08/10 20:32:25 877] tts        485  get audio|use local  
[2025/08/10 20:32:25 877] tts        527  0  nil  1  
[2025/08/10 20:32:25 878] tts        657  TTS_MSG_GETAUDIO  0  
[2025/08/10 20:32:25 878] tts        485  get audio|use local  
[2025/08/10 20:32:25 878] tts        527  0  nil  1  
[2025/08/10 20:32:25 879] tts        657  TTS_MSG_GETAUDIO  0  
[2025/08/10 20:32:25 879] tts        485  get audio|use local  
[2025/08/10 20:32:25 880] tts        527  0  nil  1  
[2025/08/10 20:32:25 882] tts        657  TTS_MSG_GETAUDIO  0  
[2025/08/10 20:32:25 884] tts        485  get audio|use local  
[2025/08/10 20:32:25 884] tts        527  0  nil  1  
[2025/08/10 20:32:25 885] tts        657  TTS_MSG_GETAUDIO  0  
[2025/08/10 20:32:25 886] tts        485  get audio|use local  
[2025/08/10 20:32:25 886] tts        527  0  nil  1  
[2025/08/10 20:32:25 887] tts        657  TTS_MSG_GETAUDIO  0  
[2025/08/10 20:32:25 888] tts        485  get audio|use local  
[2025/08/10 20:32:25 888] tts        527  0  nil  1  
[2025/08/10 20:32:25 889] tts        657  TTS_MSG_GETAUDIO  0  
[2025/08/10 20:32:25 889] tts        485  get audio|use local  
[2025/08/10 20:32:25 889] tts        527  0  nil  1  
[2025/08/10 20:32:25 890] tts        657  TTS_MSG_GETAUDIO  0  
[2025/08/10 20:32:25 891] tts        485  get audio|use local  
[2025/08/10 20:32:25 891] tts        527  0  nil  1  
[2025/08/10 20:32:25 891] tts        657  TTS_MSG_GETAUDIO  0  
[2025/08/10 20:32:25 891] tts        485  get audio|use local  
[2025/08/10 20:32:25 891] tts        527  0  nil  1  
[2025/08/10 20:32:25 892] tts        657  TTS_MSG_GETAUDIO  0  
[2025/08/10 20:32:25 892] tts        485  get audio|use local  
[2025/08/10 20:32:25 892] tts        527  0  nil  1  
[2025/08/10 20:32:25 893] tts        657  TTS_MSG_GETAUDIO  0  
[2025/08/10 20:32:25 893] tts        485  get audio|use local  
[2025/08/10 20:32:25 893] tts        527  0  nil  1  
[2025/08/10 20:32:25 894] tts        657  TTS_MSG_GETAUDIO  0  
[2025/08/10 20:32:25 894] tts        485  get audio|use local  
[2025/08/10 20:32:25 894] tts        527  0  nil  1  
[2025/08/10 20:32:25 895] tts        657  TTS_MSG_GETAUDIO  0  
[2025/08/10 20:32:25 895] tts        485  get audio|use local  
[2025/08/10 20:32:25 895] tts        527  0  nil  1  
[2025/08/10 20:32:25 896] tts        657  TTS_MSG_GETAUDIO  0  
[2025/08/10 20:32:25 896] tts        485  get audio|use local  
[2025/08/10 20:32:25 896] tts        527  0  nil  1  
[2025/08/10 20:32:25 897] tts        657  TTS_MSG_GETAUDIO  0  
[2025/08/10 20:32:25 897] tts        485  get audio|use local  
[2025/08/10 20:32:25 898] tts        527  0  nil  1  
[2025/08/10 20:32:25 898] tts        657  TTS_MSG_GETAUDIO  0  
[2025/08/10 20:32:25 898] tts        485  get audio|use local  
[2025/08/10 20:32:25 898] tts        527  0  nil  1  
[2025/08/10 20:32:25 899] tts        657  TTS_MSG_GETAUDIO  0  
[2025/08/10 20:32:25 899] tts        485  get audio|use local  
[2025/08/10 20:32:25 899] tts        527  0  nil  1  
[2025/08/10 20:32:25 900] tts        657  TTS_MSG_GETAUDIO  0  
[2025/08/10 20:32:25 900] tts        485  get audio|use local  
[2025/08/10 20:32:25 900] tts        527  0  nil  1  
[2025/08/10 20:32:25 901] tts        657  TTS_MSG_GETAUDIO  0  
[2025/08/10 20:32:25 902] tts        485  get audio|use local  
[2025/08/10 20:32:25 902] tts        527  0  nil  1  
[2025/08/10 20:32:25 903] tts        657  TTS_MSG_GETAUDIO  0  
[2025/08/10 20:32:25 903] tts        485  get audio|use local  
[2025/08/10 20:32:25 903] tts        527  0  nil  1  
[2025/08/10 20:32:25 906] tts        657  TTS_MSG_GETAUDIO  0  
[2025/08/10 20:32:25 906] tts        485  get audio|use local  
[2025/08/10 20:32:25 906] tts        527  0  nil  1  
[2025/08/10 20:32:25 917] tts        657  TTS_MSG_GETAUDIO  0  
[2025/08/10 20:32:25 917] tts        485  get audio|use local  
[2025/08/10 20:32:25 917] tts        527  0  nil  1  
[2025/08/10 20:32:25 921] tts        657  TTS_MSG_GETAUDIO  0  
[2025/08/10 20:32:25 921] tts        485  get audio|use local  
[2025/08/10 20:32:25 921] tts        527  0  nil  1  
[2025/08/10 20:32:25 926] tts        657  TTS_MSG_GETAUDIO  0  
[2025/08/10 20:32:25 926] tts        485  get audio|use local  
[2025/08/10 20:32:25 926] tts        527  0  nil  1  
[2025/08/10 20:32:25 927] tts        657  TTS_MSG_GETAUDIO  0  
[2025/08/10 20:32:25 928] tts        485  get audio|use local  
[2025/08/10 20:32:25 928] tts        527  0  nil  1  
[2025/08/10 20:32:25 929] tts        657  TTS_MSG_GETAUDIO  0  
[2025/08/10 20:32:25 930] tts        485  get audio|use local  
[2025/08/10 20:32:25 930] tts        527  0  nil  1  
[2025/08/10 20:32:25 931] tts        657  TTS_MSG_GETAUDIO  0  
[2025/08/10 20:32:25 931] tts        485  get audio|use local  
[2025/08/10 20:32:25 931] tts        527  0  nil  1  
[2025/08/10 20:32:25 932] tts        657  TTS_MSG_GETAUDIO  0  
[2025/08/10 20:32:25 932] tts        485  get audio|use local  
[2025/08/10 20:32:25 932] tts        527  0  nil  1  
[2025/08/10 20:32:25 933] tts        657  TTS_MSG_GETAUDIO  0  
[2025/08/10 20:32:25 933] tts        485  get audio|use local  
[2025/08/10 20:32:25 934] tts        527  0  nil  1  
[2025/08/10 20:32:25 935] tts        657  TTS_MSG_GETAUDIO  0  
[2025/08/10 20:32:25 935] tts        485  get audio|use local  
[2025/08/10 20:32:25 935] tts        527  0  nil  1  
[2025/08/10 20:32:25 936] tts        657  TTS_MSG_GETAUDIO  0  
[2025/08/10 20:32:25 936] tts        485  get audio|use local  
[2025/08/10 20:32:25 936] tts        527  0  nil  1  
[2025/08/10 20:32:25 938] tts        657  TTS_MSG_GETAUDIO  0  
[2025/08/10 20:32:25 938] tts        485  get audio|use local  
[2025/08/10 20:32:25 938] tts        527  0  nil  1  
[2025/08/10 20:32:25 939] tts        657  TTS_MSG_GETAUDIO  0  
[2025/08/10 20:32:25 939] tts        485  get audio|use local  
[2025/08/10 20:32:25 939] tts        527  0  nil  1  
[2025/08/10 20:32:25 940] tts        657  TTS_MSG_GETAUDIO  0  
[2025/08/10 20:32:25 940] tts        485  get audio|use local  
[2025/08/10 20:32:25 940] tts        527  0  nil  1  
[2025/08/10 20:32:25 941] tts        657  TTS_MSG_GETAUDIO  0  
[2025/08/10 20:32:25 941] tts        485  get audio|use local  
[2025/08/10 20:32:25 941] tts        527  0  nil  1  
[2025/08/10 20:32:25 942] tts        657  TTS_MSG_GETAUDIO  0  
[2025/08/10 20:32:25 942] tts        485  get audio|use local  
[2025/08/10 20:32:25 942] tts        527  0  nil  1  
[2025/08/10 20:32:25 943] tts        657  TTS_MSG_GETAUDIO  0  
[2025/08/10 20:32:25 943] tts        485  get audio|use local  
[2025/08/10 20:32:25 943] tts        527  0  nil  1  
[2025/08/10 20:32:25 944] tts        657  TTS_MSG_GETAUDIO  0  
[2025/08/10 20:32:25 944] tts        485  get audio|use local  
[2025/08/10 20:32:25 944] tts        527  0  nil  1  
[2025/08/10 20:32:25 945] tts        657  TTS_MSG_GETAUDIO  0  
[2025/08/10 20:32:25 945] tts        485  get audio|use local  
[2025/08/10 20:32:25 945] tts        527  0  nil  1  
[2025/08/10 20:32:25 946] tts        657  TTS_MSG_GETAUDIO  0  
[2025/08/10 20:32:25 946] tts        485  get audio|use local  
[2025/08/10 20:32:25 946] tts        527  0  nil  1  
[2025/08/10 20:32:25 947] tts        657  TTS_MSG_GETAUDIO  0  
[2025/08/10 20:32:25 947] tts        485  get audio|use local  
[2025/08/10 20:32:25 947] tts        527  0  nil  1  
[2025/08/10 20:32:25 947] tts        657  TTS_MSG_GETAUDIO  0  
[2025/08/10 20:32:25 947] tts        485  get audio|use local  
[2025/08/10 20:32:25 947] tts        527  0  nil  1  
[2025/08/10 20:32:25 959] tts        657  TTS_MSG_GETAUDIO  0  
[2025/08/10 20:32:25 959] tts        485  get audio|use local  
[2025/08/10 20:32:25 960] tts        527  0  nil  1  
[2025/08/10 20:32:25 964] tts        299  TTS_LOCAL_CB_BEGIN  
[2025/08/10 20:32:25 973] tts        657  TTS_MSG_GETAUDIO  0  
[2025/08/10 20:32:25 973] tts        485  get audio|use local  
[2025/08/10 20:32:25 973] tts        498  local audiolen:  2042  ,ced:  16  
[2025/08/10 20:32:25 973] tts        527  0  udata(6407fe58) 1  
[2025/08/10 20:32:25 974] tts        657  TTS_MSG_GETAUDIO  0  
[2025/08/10 20:32:25 974] tts        485  get audio|use local  
[2025/08/10 20:32:25 974] tts        498  local audiolen:  2016  ,ced:  16  
[2025/08/10 20:32:25 975] tts        527  0  udata(6407f358) 1  
[2025/08/10 20:32:25 976] tts        657  TTS_MSG_GETAUDIO  0  
[2025/08/10 20:32:25 976] tts        485  get audio|use local  
[2025/08/10 20:32:25 976] tts        498  local audiolen:  1970  ,ced:  16  
[2025/08/10 20:32:25 976] tts        527  0  udata(6407f3a8) 1  
[2025/08/10 20:32:25 978] tts        301  0  0  
[2025/08/10 20:32:25 979] tts        312  TTS_LOCAL_CB_END,  2  
[2025/08/10 20:32:25 979] tts        657  TTS_MSG_GETAUDIO  0  
[2025/08/10 20:32:25 979] tts        485  get audio|use local  
[2025/08/10 20:32:25 979] tts        498  local audiolen:  1900  ,ced:  16  
[2025/08/10 20:32:25 980] tts        527  0  udata(6407f2e8) 1  
[2025/08/10 20:32:25 982] tts        657  TTS_MSG_GETAUDIO  0  
[2025/08/10 20:32:25 982] tts        485  get audio|use local  
[2025/08/10 20:32:25 982] tts        498  local audiolen:  1972  ,ced:  16  
[2025/08/10 20:32:25 982] tts        527  0  udata(6407f638) 1  
[2025/08/10 20:32:25 984] tts        657  TTS_MSG_GETAUDIO  0  
[2025/08/10 20:32:25 984] tts        485  get audio|use local  
[2025/08/10 20:32:25 984] tts        498  local audiolen:  1982  ,ced:  16  
[2025/08/10 20:32:25 985] tts        527  0  udata(6407f688) 1  
[2025/08/10 20:32:25 985] tts        657  TTS_MSG_GETAUDIO  0  
[2025/08/10 20:32:25 985] tts        485  get audio|use local  
[2025/08/10 20:32:25 985] tts        498  local audiolen:  2046  ,ced:  16  
[2025/08/10 20:32:25 986] tts        527  0  udata(6407f6d8) 1  
[2025/08/10 20:32:25 988] tts        657  TTS_MSG_GETAUDIO  0  
[2025/08/10 20:32:25 988] tts        485  get audio|use local  
[2025/08/10 20:32:25 989] tts        498  local audiolen:  1970  ,ced:  16  
[2025/08/10 20:32:25 989] tts        527  0  udata(6407f728) 1  
[2025/08/10 20:32:25 990] tts        657  TTS_MSG_GETAUDIO  0  
[2025/08/10 20:32:25 990] tts        485  get audio|use local  
[2025/08/10 20:32:25 990] tts        498  local audiolen:  1932  ,ced:  16  
[2025/08/10 20:32:25 990] tts        527  0  udata(6407f778) 1  
[2025/08/10 20:32:25 991] tts        657  TTS_MSG_GETAUDIO  0  
[2025/08/10 20:32:25 991] tts        485  get audio|use local  
[2025/08/10 20:32:25 991] tts        498  local audiolen:  1994  ,ced:  16  
[2025/08/10 20:32:25 991] tts        527  0  udata(6407f7c8) 1  
[2025/08/10 20:32:25 992] tts        657  TTS_MSG_GETAUDIO  0  
[2025/08/10 20:32:25 993] tts        485  get audio|use local  
[2025/08/10 20:32:25 993] tts        498  local audiolen:  2008  ,ced:  16  
[2025/08/10 20:32:25 993] tts        527  0  udata(6407f818) 1  
[2025/08/10 20:32:25 994] tts        657  TTS_MSG_GETAUDIO  0  
[2025/08/10 20:32:25 994] tts        485  get audio|use local  
[2025/08/10 20:32:25 994] tts        498  local audiolen:  1932  ,ced:  16  
[2025/08/10 20:32:25 994] tts        527  0  udata(6407f868) 1  
[2025/08/10 20:32:25 995] tts        657  TTS_MSG_GETAUDIO  0  
[2025/08/10 20:32:25 995] tts        485  get audio|use local  
[2025/08/10 20:32:25 995] tts        498  local audiolen:  2044  ,ced:  16  
[2025/08/10 20:32:25 995] tts        527  0  udata(6407f8b8) 1  
[2025/08/10 20:32:25 996] tts        657  TTS_MSG_GETAUDIO  0  
[2025/08/10 20:32:25 996] tts        485  get audio|use local  
[2025/08/10 20:32:25 996] tts        498  local audiolen:  2014  ,ced:  16  
[2025/08/10 20:32:25 996] tts        527  0  udata(6407f908) 1  
[2025/08/10 20:32:25 997] tts        657  TTS_MSG_GETAUDIO  0  
[2025/08/10 20:32:25 997] tts        485  get audio|use local  
[2025/08/10 20:32:25 997] tts        498  local audiolen:  1982  ,ced:  16  
[2025/08/10 20:32:25 998] tts        527  0  udata(6407f958) 1  
[2025/08/10 20:32:25 998] tts        657  TTS_MSG_GETAUDIO  0  
[2025/08/10 20:32:25 998] tts        485  get audio|use local  
[2025/08/10 20:32:25 999] tts        498  local audiolen:  2006  ,ced:  16  
[2025/08/10 20:32:25 999] tts        527  0  udata(6407f9a8) 1  
[2025/08/10 20:32:26 000] tts        657  TTS_MSG_GETAUDIO  0  
[2025/08/10 20:32:26 000] tts        485  get audio|use local  
[2025/08/10 20:32:26 000] tts        498  local audiolen:  1964  ,ced:  16  
[2025/08/10 20:32:26 000] tts        527  0  udata(6407f9f8) 1  
[2025/08/10 20:32:26 001] tts        657  TTS_MSG_GETAUDIO  0  
[2025/08/10 20:32:26 001] tts        485  get audio|use local  
[2025/08/10 20:32:26 001] tts        498  local audiolen:  2046  ,ced:  16  
[2025/08/10 20:32:26 001] tts        527  0  udata(6407eb68) 1  
[2025/08/10 20:32:26 002] tts        657  TTS_MSG_GETAUDIO  0  
[2025/08/10 20:32:26 002] tts        485  get audio|use local  
[2025/08/10 20:32:26 002] tts        498  local audiolen:  1940  ,ced:  16  
[2025/08/10 20:32:26 003] tts        527  0  udata(6407ebb8) 1  
[2025/08/10 20:32:26 004] tts        657  TTS_MSG_GETAUDIO  0  
[2025/08/10 20:32:26 004] tts        485  get audio|use local  
[2025/08/10 20:32:26 004] tts        498  local audiolen:  2000  ,ced:  16  
[2025/08/10 20:32:26 004] tts        527  0  udata(6407ec08) 1  
[2025/08/10 20:32:26 005] tts        657  TTS_MSG_GETAUDIO  0  
[2025/08/10 20:32:26 005] tts        485  get audio|use local  
[2025/08/10 20:32:26 005] tts        498  local audiolen:  1940  ,ced:  16  
[2025/08/10 20:32:26 005] tts        527  0  udata(6407ec58) 1  
[2025/08/10 20:32:26 006] tts        657  TTS_MSG_GETAUDIO  0  
[2025/08/10 20:32:26 006] tts        485  get audio|use local  
[2025/08/10 20:32:26 006] tts        498  local audiolen:  2048  ,ced:  16  
[2025/08/10 20:32:26 006] tts        527  0  udata(6407eca8) 1  
[2025/08/10 20:32:26 008] tts        657  TTS_MSG_GETAUDIO  0  
[2025/08/10 20:32:26 008] tts        485  get audio|use local  
[2025/08/10 20:32:26 008] tts        498  local audiolen:  2016  ,ced:  16  
[2025/08/10 20:32:26 008] tts        527  0  udata(6407ecf8) 1  
[2025/08/10 20:32:26 009] tts        657  TTS_MSG_GETAUDIO  0  
[2025/08/10 20:32:26 009] tts        485  get audio|use local  
[2025/08/10 20:32:26 009] tts        498  local audiolen:  576  ,ced:  16  
[2025/08/10 20:32:26 010] tts        527  0  udata(6407ef98) 2  
[2025/08/10 20:32:26 011] tts        660  TTS_MSG_SSE  
[2025/08/10 20:32:26 013] tts        585  sse|use local  
[2025/08/10 20:32:26 019] tts        603  tts exit  
