============================================================
Time  2025/08/11 17:33:34 063 
============================================================
[2025/08/11 17:33:34 063] tts        676  SYS_MSG_REGCB param0 =  msp_status_cb  param1 =  func(68014a30) 
[2025/08/11 17:33:34 068] config     43   use general cloud  
[2025/08/11 17:33:34 079] tts_cloud  1417 SYS_MSG_REGCB_CLOUD param0 =   msp_status_cb  param1 =  func(68014a30) 
[2025/08/11 17:33:34 081] tts        647  TTS_MSG_SSB  
[2025/08/11 17:33:34 081] tts        375  params =  engine_type = local,voice_name=xiaoyan, text_encoding = UTF8, tts_res_path = fo|res/tts/xiaoyan.jet;fo|res/tts/common.jet, sample_rate = 16000, speed = 50, volume = 80, pitch = 50, rdn = 2  
[2025/08/11 17:33:34 081] tts        412  ssb|use local  
[2025/08/11 17:33:34 082] tts        349  local_session_begin  
[2025/08/11 17:33:34 086] tts        654  TTS_MSG_SYN  0  
[2025/08/11 17:33:34 086] tts        451  synth|use local  
[2025/08/11 17:33:34 087] tts        657  TTS_MSG_GETAUDIO  0  
[2025/08/11 17:33:34 087] tts        485  get audio|use local  
[2025/08/11 17:33:34 088] tts        527  0  nil  1  
[2025/08/11 17:33:34 089] tts        657  TTS_MSG_GETAUDIO  0  
[2025/08/11 17:33:34 089] tts        485  get audio|use local  
[2025/08/11 17:33:34 089] tts        527  0  nil  1  
[2025/08/11 17:33:34 089] tts        657  TTS_MSG_GETAUDIO  0  
[2025/08/11 17:33:34 090] tts        485  get audio|use local  
[2025/08/11 17:33:34 090] tts        527  0  nil  1  
[2025/08/11 17:33:34 091] tts        657  TTS_MSG_GETAUDIO  0  
[2025/08/11 17:33:34 091] tts        485  get audio|use local  
[2025/08/11 17:33:34 091] tts        527  0  nil  1  
[2025/08/11 17:33:34 092] tts        657  TTS_MSG_GETAUDIO  0  
[2025/08/11 17:33:34 092] tts        485  get audio|use local  
[2025/08/11 17:33:34 092] tts        527  0  nil  1  
[2025/08/11 17:33:34 093] tts        657  TTS_MSG_GETAUDIO  0  
[2025/08/11 17:33:34 093] tts        485  get audio|use local  
[2025/08/11 17:33:34 093] tts        527  0  nil  1  
[2025/08/11 17:33:34 094] tts        657  TTS_MSG_GETAUDIO  0  
[2025/08/11 17:33:34 094] tts        485  get audio|use local  
[2025/08/11 17:33:34 094] tts        527  0  nil  1  
[2025/08/11 17:33:34 095] tts        657  TTS_MSG_GETAUDIO  0  
[2025/08/11 17:33:34 095] tts        485  get audio|use local  
[2025/08/11 17:33:34 095] tts        527  0  nil  1  
[2025/08/11 17:33:34 096] tts        657  TTS_MSG_GETAUDIO  0  
[2025/08/11 17:33:34 096] tts        485  get audio|use local  
[2025/08/11 17:33:34 096] tts        527  0  nil  1  
[2025/08/11 17:33:34 097] tts        657  TTS_MSG_GETAUDIO  0  
[2025/08/11 17:33:34 097] tts        485  get audio|use local  
[2025/08/11 17:33:34 097] tts        527  0  nil  1  
[2025/08/11 17:33:34 098] tts        657  TTS_MSG_GETAUDIO  0  
[2025/08/11 17:33:34 098] tts        485  get audio|use local  
[2025/08/11 17:33:34 098] tts        527  0  nil  1  
[2025/08/11 17:33:34 099] tts        657  TTS_MSG_GETAUDIO  0  
[2025/08/11 17:33:34 099] tts        485  get audio|use local  
[2025/08/11 17:33:34 099] tts        527  0  nil  1  
[2025/08/11 17:33:34 100] tts        657  TTS_MSG_GETAUDIO  0  
[2025/08/11 17:33:34 100] tts        485  get audio|use local  
[2025/08/11 17:33:34 100] tts        527  0  nil  1  
[2025/08/11 17:33:34 101] tts        657  TTS_MSG_GETAUDIO  0  
[2025/08/11 17:33:34 102] tts        485  get audio|use local  
[2025/08/11 17:33:34 102] tts        527  0  nil  1  
[2025/08/11 17:33:34 103] tts        657  TTS_MSG_GETAUDIO  0  
[2025/08/11 17:33:34 103] tts        485  get audio|use local  
[2025/08/11 17:33:34 103] tts        527  0  nil  1  
[2025/08/11 17:33:34 105] tts        657  TTS_MSG_GETAUDIO  0  
[2025/08/11 17:33:34 105] tts        485  get audio|use local  
[2025/08/11 17:33:34 105] tts        527  0  nil  1  
[2025/08/11 17:33:34 106] tts        657  TTS_MSG_GETAUDIO  0  
[2025/08/11 17:33:34 106] tts        485  get audio|use local  
[2025/08/11 17:33:34 106] tts        527  0  nil  1  
[2025/08/11 17:33:34 107] tts        657  TTS_MSG_GETAUDIO  0  
[2025/08/11 17:33:34 107] tts        485  get audio|use local  
[2025/08/11 17:33:34 107] tts        527  0  nil  1  
[2025/08/11 17:33:34 108] tts        657  TTS_MSG_GETAUDIO  0  
[2025/08/11 17:33:34 108] tts        485  get audio|use local  
[2025/08/11 17:33:34 108] tts        527  0  nil  1  
[2025/08/11 17:33:34 109] tts        657  TTS_MSG_GETAUDIO  0  
[2025/08/11 17:33:34 110] tts        485  get audio|use local  
[2025/08/11 17:33:34 110] tts        527  0  nil  1  
[2025/08/11 17:33:34 110] tts        657  TTS_MSG_GETAUDIO  0  
[2025/08/11 17:33:34 111] tts        485  get audio|use local  
[2025/08/11 17:33:34 111] tts        527  0  nil  1  
[2025/08/11 17:33:34 111] tts        657  TTS_MSG_GETAUDIO  0  
[2025/08/11 17:33:34 111] tts        485  get audio|use local  
[2025/08/11 17:33:34 111] tts        527  0  nil  1  
[2025/08/11 17:33:34 112] tts        657  TTS_MSG_GETAUDIO  0  
[2025/08/11 17:33:34 112] tts        485  get audio|use local  
[2025/08/11 17:33:34 112] tts        527  0  nil  1  
[2025/08/11 17:33:34 113] tts        657  TTS_MSG_GETAUDIO  0  
[2025/08/11 17:33:34 113] tts        485  get audio|use local  
[2025/08/11 17:33:34 113] tts        527  0  nil  1  
[2025/08/11 17:33:34 114] tts        657  TTS_MSG_GETAUDIO  0  
[2025/08/11 17:33:34 114] tts        485  get audio|use local  
[2025/08/11 17:33:34 114] tts        527  0  nil  1  
[2025/08/11 17:33:34 115] tts        657  TTS_MSG_GETAUDIO  0  
[2025/08/11 17:33:34 115] tts        485  get audio|use local  
[2025/08/11 17:33:34 115] tts        527  0  nil  1  
[2025/08/11 17:33:34 116] tts        657  TTS_MSG_GETAUDIO  0  
[2025/08/11 17:33:34 116] tts        485  get audio|use local  
[2025/08/11 17:33:34 116] tts        527  0  nil  1  
[2025/08/11 17:33:34 117] tts        657  TTS_MSG_GETAUDIO  0  
[2025/08/11 17:33:34 118] tts        485  get audio|use local  
[2025/08/11 17:33:34 118] tts        527  0  nil  1  
[2025/08/11 17:33:34 118] tts        657  TTS_MSG_GETAUDIO  0  
[2025/08/11 17:33:34 118] tts        485  get audio|use local  
[2025/08/11 17:33:34 119] tts        527  0  nil  1  
[2025/08/11 17:33:34 119] tts        657  TTS_MSG_GETAUDIO  0  
[2025/08/11 17:33:34 119] tts        485  get audio|use local  
[2025/08/11 17:33:34 119] tts        527  0  nil  1  
[2025/08/11 17:33:34 120] tts        657  TTS_MSG_GETAUDIO  0  
[2025/08/11 17:33:34 120] tts        485  get audio|use local  
[2025/08/11 17:33:34 121] tts        527  0  nil  1  
[2025/08/11 17:33:34 121] tts        657  TTS_MSG_GETAUDIO  0  
[2025/08/11 17:33:34 122] tts        485  get audio|use local  
[2025/08/11 17:33:34 122] tts        527  0  nil  1  
[2025/08/11 17:33:34 130] tts        657  TTS_MSG_GETAUDIO  0  
[2025/08/11 17:33:34 130] tts        485  get audio|use local  
[2025/08/11 17:33:34 130] tts        527  0  nil  1  
[2025/08/11 17:33:34 131] tts        657  TTS_MSG_GETAUDIO  0  
[2025/08/11 17:33:34 132] tts        485  get audio|use local  
[2025/08/11 17:33:34 132] tts        527  0  nil  1  
[2025/08/11 17:33:34 133] tts        657  TTS_MSG_GETAUDIO  0  
[2025/08/11 17:33:34 133] tts        485  get audio|use local  
[2025/08/11 17:33:34 134] tts        527  0  nil  1  
[2025/08/11 17:33:34 135] tts        657  TTS_MSG_GETAUDIO  0  
[2025/08/11 17:33:34 136] tts        485  get audio|use local  
[2025/08/11 17:33:34 136] tts        527  0  nil  1  
[2025/08/11 17:33:34 137] tts        657  TTS_MSG_GETAUDIO  0  
[2025/08/11 17:33:34 137] tts        485  get audio|use local  
[2025/08/11 17:33:34 137] tts        527  0  nil  1  
[2025/08/11 17:33:34 138] tts        657  TTS_MSG_GETAUDIO  0  
[2025/08/11 17:33:34 138] tts        485  get audio|use local  
[2025/08/11 17:33:34 138] tts        527  0  nil  1  
[2025/08/11 17:33:34 139] tts        657  TTS_MSG_GETAUDIO  0  
[2025/08/11 17:33:34 139] tts        485  get audio|use local  
[2025/08/11 17:33:34 139] tts        527  0  nil  1  
[2025/08/11 17:33:34 140] tts        657  TTS_MSG_GETAUDIO  0  
[2025/08/11 17:33:34 140] tts        485  get audio|use local  
[2025/08/11 17:33:34 140] tts        527  0  nil  1  
[2025/08/11 17:33:34 140] tts        657  TTS_MSG_GETAUDIO  0  
[2025/08/11 17:33:34 140] tts        485  get audio|use local  
[2025/08/11 17:33:34 141] tts        527  0  nil  1  
[2025/08/11 17:33:34 141] tts        657  TTS_MSG_GETAUDIO  0  
[2025/08/11 17:33:34 141] tts        485  get audio|use local  
[2025/08/11 17:33:34 141] tts        527  0  nil  1  
[2025/08/11 17:33:34 142] tts        657  TTS_MSG_GETAUDIO  0  
[2025/08/11 17:33:34 142] tts        485  get audio|use local  
[2025/08/11 17:33:34 143] tts        527  0  nil  1  
[2025/08/11 17:33:34 143] tts        657  TTS_MSG_GETAUDIO  0  
[2025/08/11 17:33:34 143] tts        485  get audio|use local  
[2025/08/11 17:33:34 144] tts        527  0  nil  1  
[2025/08/11 17:33:34 144] tts        657  TTS_MSG_GETAUDIO  0  
[2025/08/11 17:33:34 145] tts        485  get audio|use local  
[2025/08/11 17:33:34 145] tts        527  0  nil  1  
[2025/08/11 17:33:34 145] tts        657  TTS_MSG_GETAUDIO  0  
[2025/08/11 17:33:34 146] tts        485  get audio|use local  
[2025/08/11 17:33:34 146] tts        527  0  nil  1  
[2025/08/11 17:33:34 146] tts        657  TTS_MSG_GETAUDIO  0  
[2025/08/11 17:33:34 147] tts        485  get audio|use local  
[2025/08/11 17:33:34 147] tts        527  0  nil  1  
[2025/08/11 17:33:34 148] tts        657  TTS_MSG_GETAUDIO  0  
[2025/08/11 17:33:34 148] tts        485  get audio|use local  
[2025/08/11 17:33:34 149] tts        527  0  nil  1  
[2025/08/11 17:33:34 149] tts        657  TTS_MSG_GETAUDIO  0  
[2025/08/11 17:33:34 150] tts        485  get audio|use local  
[2025/08/11 17:33:34 150] tts        527  0  nil  1  
[2025/08/11 17:33:34 151] tts        657  TTS_MSG_GETAUDIO  0  
[2025/08/11 17:33:34 151] tts        485  get audio|use local  
[2025/08/11 17:33:34 151] tts        527  0  nil  1  
[2025/08/11 17:33:34 152] tts        657  TTS_MSG_GETAUDIO  0  
[2025/08/11 17:33:34 152] tts        485  get audio|use local  
[2025/08/11 17:33:34 152] tts        527  0  nil  1  
[2025/08/11 17:33:34 153] tts        657  TTS_MSG_GETAUDIO  0  
[2025/08/11 17:33:34 153] tts        485  get audio|use local  
[2025/08/11 17:33:34 153] tts        527  0  nil  1  
[2025/08/11 17:33:34 154] tts        657  TTS_MSG_GETAUDIO  0  
[2025/08/11 17:33:34 154] tts        485  get audio|use local  
[2025/08/11 17:33:34 154] tts        527  0  nil  1  
[2025/08/11 17:33:34 155] tts        657  TTS_MSG_GETAUDIO  0  
[2025/08/11 17:33:34 156] tts        485  get audio|use local  
[2025/08/11 17:33:34 156] tts        527  0  nil  1  
[2025/08/11 17:33:34 157] tts        657  TTS_MSG_GETAUDIO  0  
[2025/08/11 17:33:34 157] tts        485  get audio|use local  
[2025/08/11 17:33:34 157] tts        527  0  nil  1  
[2025/08/11 17:33:34 158] tts        657  TTS_MSG_GETAUDIO  0  
[2025/08/11 17:33:34 158] tts        485  get audio|use local  
[2025/08/11 17:33:34 158] tts        527  0  nil  1  
[2025/08/11 17:33:34 159] tts        657  TTS_MSG_GETAUDIO  0  
[2025/08/11 17:33:34 159] tts        485  get audio|use local  
[2025/08/11 17:33:34 159] tts        527  0  nil  1  
[2025/08/11 17:33:34 161] tts        657  TTS_MSG_GETAUDIO  0  
[2025/08/11 17:33:34 161] tts        485  get audio|use local  
[2025/08/11 17:33:34 162] tts        527  0  nil  1  
[2025/08/11 17:33:34 164] tts        657  TTS_MSG_GETAUDIO  0  
[2025/08/11 17:33:34 164] tts        485  get audio|use local  
[2025/08/11 17:33:34 164] tts        527  0  nil  1  
[2025/08/11 17:33:34 165] tts        299  TTS_LOCAL_CB_BEGIN  
[2025/08/11 17:33:34 166] tts        657  TTS_MSG_GETAUDIO  0  
[2025/08/11 17:33:34 166] tts        485  get audio|use local  
[2025/08/11 17:33:34 166] tts        527  0  nil  1  
[2025/08/11 17:33:34 167] tts        657  TTS_MSG_GETAUDIO  0  
[2025/08/11 17:33:34 167] tts        485  get audio|use local  
[2025/08/11 17:33:34 167] tts        527  0  nil  1  
[2025/08/11 17:33:34 169] tts        657  TTS_MSG_GETAUDIO  0  
[2025/08/11 17:33:34 169] tts        485  get audio|use local  
[2025/08/11 17:33:34 169] tts        527  0  nil  1  
[2025/08/11 17:33:34 170] tts        657  TTS_MSG_GETAUDIO  0  
[2025/08/11 17:33:34 170] tts        485  get audio|use local  
[2025/08/11 17:33:34 170] tts        527  0  nil  1  
[2025/08/11 17:33:34 170] tts        657  TTS_MSG_GETAUDIO  0  
[2025/08/11 17:33:34 171] tts        485  get audio|use local  
[2025/08/11 17:33:34 171] tts        527  0  nil  1  
[2025/08/11 17:33:34 171] tts        657  TTS_MSG_GETAUDIO  0  
[2025/08/11 17:33:34 171] tts        485  get audio|use local  
[2025/08/11 17:33:34 171] tts        527  0  nil  1  
[2025/08/11 17:33:34 172] tts        657  TTS_MSG_GETAUDIO  0  
[2025/08/11 17:33:34 173] tts        485  get audio|use local  
[2025/08/11 17:33:34 173] tts        527  0  nil  1  
[2025/08/11 17:33:34 177] tts        657  TTS_MSG_GETAUDIO  0  
[2025/08/11 17:33:34 177] tts        485  get audio|use local  
[2025/08/11 17:33:34 178] tts        498  local audiolen:  1988  ,ced:  18  
[2025/08/11 17:33:34 178] tts        527  0  udata(6807f7f8) 1  
[2025/08/11 17:33:34 180] tts        657  TTS_MSG_GETAUDIO  0  
[2025/08/11 17:33:34 180] tts        485  get audio|use local  
[2025/08/11 17:33:34 180] tts        498  local audiolen:  1986  ,ced:  18  
[2025/08/11 17:33:34 181] tts        527  0  udata(68071058) 1  
[2025/08/11 17:33:34 183] tts        657  TTS_MSG_GETAUDIO  0  
[2025/08/11 17:33:34 183] tts        485  get audio|use local  
[2025/08/11 17:33:34 183] tts        498  local audiolen:  2006  ,ced:  18  
[2025/08/11 17:33:34 183] tts        527  0  udata(68071258) 1  
[2025/08/11 17:33:34 184] tts        657  TTS_MSG_GETAUDIO  0  
[2025/08/11 17:33:34 185] tts        485  get audio|use local  
[2025/08/11 17:33:34 185] tts        498  local audiolen:  1982  ,ced:  18  
[2025/08/11 17:33:34 186] tts        527  0  udata(680712a8) 1  
[2025/08/11 17:33:34 188] tts        657  TTS_MSG_GETAUDIO  0  
[2025/08/11 17:33:34 188] tts        485  get audio|use local  
[2025/08/11 17:33:34 189] tts        498  local audiolen:  2014  ,ced:  18  
[2025/08/11 17:33:34 189] tts        527  0  udata(68087dd8) 1  
[2025/08/11 17:33:34 194] tts        657  TTS_MSG_GETAUDIO  0  
[2025/08/11 17:33:34 194] tts        485  get audio|use local  
[2025/08/11 17:33:34 194] tts        498  local audiolen:  2002  ,ced:  18  
[2025/08/11 17:33:34 194] tts        527  0  udata(68087e28) 1  
[2025/08/11 17:33:34 195] tts        657  TTS_MSG_GETAUDIO  0  
[2025/08/11 17:33:34 196] tts        485  get audio|use local  
[2025/08/11 17:33:34 196] tts        498  local audiolen:  1982  ,ced:  18  
[2025/08/11 17:33:34 197] tts        527  0  udata(68087e78) 1  
[2025/08/11 17:33:34 201] tts        657  TTS_MSG_GETAUDIO  0  
[2025/08/11 17:33:34 201] tts        485  get audio|use local  
[2025/08/11 17:33:34 202] tts        498  local audiolen:  1960  ,ced:  18  
[2025/08/11 17:33:34 202] tts        527  0  udata(68087fc8) 1  
[2025/08/11 17:33:34 204] tts        657  TTS_MSG_GETAUDIO  0  
[2025/08/11 17:33:34 204] tts        485  get audio|use local  
[2025/08/11 17:33:34 205] tts        498  local audiolen:  1958  ,ced:  18  
[2025/08/11 17:33:34 205] tts        527  0  udata(68088218) 1  
[2025/08/11 17:33:34 206] tts        657  TTS_MSG_GETAUDIO  0  
[2025/08/11 17:33:34 207] tts        485  get audio|use local  
[2025/08/11 17:33:34 207] tts        498  local audiolen:  2016  ,ced:  18  
[2025/08/11 17:33:34 207] tts        527  0  udata(6807f338) 1  
[2025/08/11 17:33:34 210] tts        657  TTS_MSG_GETAUDIO  0  
[2025/08/11 17:33:34 211] tts        485  get audio|use local  
[2025/08/11 17:33:34 211] tts        498  local audiolen:  1988  ,ced:  18  
[2025/08/11 17:33:34 211] tts        527  0  udata(6807db68) 1  
[2025/08/11 17:33:34 212] tts        657  TTS_MSG_GETAUDIO  0  
[2025/08/11 17:33:34 212] tts        485  get audio|use local  
[2025/08/11 17:33:34 212] tts        498  local audiolen:  1990  ,ced:  18  
[2025/08/11 17:33:34 213] tts        527  0  udata(6807dcb8) 1  
[2025/08/11 17:33:34 214] tts        301  0  0  
[2025/08/11 17:33:34 215] tts        312  TTS_LOCAL_CB_END,  2  
[2025/08/11 17:33:34 215] tts        657  TTS_MSG_GETAUDIO  0  
[2025/08/11 17:33:34 215] tts        485  get audio|use local  
[2025/08/11 17:33:34 215] tts        498  local audiolen:  2016  ,ced:  18  
[2025/08/11 17:33:34 215] tts        527  0  udata(6807e888) 1  
[2025/08/11 17:33:34 216] tts        657  TTS_MSG_GETAUDIO  0  
[2025/08/11 17:33:34 216] tts        485  get audio|use local  
[2025/08/11 17:33:34 216] tts        498  local audiolen:  1954  ,ced:  18  
[2025/08/11 17:33:34 216] tts        527  0  udata(6807e8d8) 1  
[2025/08/11 17:33:34 217] tts        657  TTS_MSG_GETAUDIO  0  
[2025/08/11 17:33:34 217] tts        485  get audio|use local  
[2025/08/11 17:33:34 217] tts        498  local audiolen:  1978  ,ced:  18  
[2025/08/11 17:33:34 217] tts        527  0  udata(6807e928) 1  
[2025/08/11 17:33:34 217] tts        657  TTS_MSG_GETAUDIO  0  
[2025/08/11 17:33:34 218] tts        485  get audio|use local  
[2025/08/11 17:33:34 218] tts        498  local audiolen:  1992  ,ced:  18  
[2025/08/11 17:33:34 218] tts        527  0  udata(6807e978) 1  
[2025/08/11 17:33:34 218] tts        657  TTS_MSG_GETAUDIO  0  
[2025/08/11 17:33:34 218] tts        485  get audio|use local  
[2025/08/11 17:33:34 218] tts        498  local audiolen:  1972  ,ced:  18  
[2025/08/11 17:33:34 219] tts        527  0  udata(6807e9c8) 1  
[2025/08/11 17:33:34 219] tts        657  TTS_MSG_GETAUDIO  0  
[2025/08/11 17:33:34 219] tts        485  get audio|use local  
[2025/08/11 17:33:34 219] tts        498  local audiolen:  1952  ,ced:  18  
[2025/08/11 17:33:34 219] tts        527  0  udata(6807eb48) 1  
[2025/08/11 17:33:34 220] tts        657  TTS_MSG_GETAUDIO  0  
[2025/08/11 17:33:34 220] tts        485  get audio|use local  
[2025/08/11 17:33:34 220] tts        498  local audiolen:  1938  ,ced:  18  
[2025/08/11 17:33:34 220] tts        527  0  udata(6807eb98) 1  
[2025/08/11 17:33:34 221] tts        657  TTS_MSG_GETAUDIO  0  
[2025/08/11 17:33:34 221] tts        485  get audio|use local  
[2025/08/11 17:33:34 221] tts        498  local audiolen:  1888  ,ced:  18  
[2025/08/11 17:33:34 221] tts        527  0  udata(6807e478) 1  
[2025/08/11 17:33:34 222] tts        657  TTS_MSG_GETAUDIO  0  
[2025/08/11 17:33:34 222] tts        485  get audio|use local  
[2025/08/11 17:33:34 222] tts        498  local audiolen:  1980  ,ced:  18  
[2025/08/11 17:33:34 222] tts        527  0  udata(6807ebe8) 1  
[2025/08/11 17:33:34 223] tts        657  TTS_MSG_GETAUDIO  0  
[2025/08/11 17:33:34 223] tts        485  get audio|use local  
[2025/08/11 17:33:34 223] tts        498  local audiolen:  672  ,ced:  18  
[2025/08/11 17:33:34 223] tts        527  0  udata(6807ef48) 2  
[2025/08/11 17:33:34 225] tts        660  TTS_MSG_SSE  
[2025/08/11 17:33:34 226] tts        585  sse|use local  
[2025/08/11 17:33:34 228] tts        603  tts exit  
