============================================================
Time  2025/08/11 17:06:46 982 
============================================================
[2025/08/11 17:06:46 982] tts        676  SYS_MSG_REGCB param0 =  msp_status_cb  param1 =  func(6c014a30) 
[2025/08/11 17:06:46 986] config     43   use general cloud  
[2025/08/11 17:06:46 995] tts_cloud  1417 SYS_MSG_REGCB_CLOUD param0 =   msp_status_cb  param1 =  func(6c014a30) 
[2025/08/11 17:06:46 996] tts        647  TTS_MSG_SSB  
[2025/08/11 17:06:46 996] tts        375  params =  engine_type = local,voice_name=xiaoyan, text_encoding = UTF8, tts_res_path = fo|res/tts/xiaoyan.jet;fo|res/tts/common.jet, sample_rate = 16000, speed = 50, volume = 80, pitch = 50, rdn = 2  
[2025/08/11 17:06:46 996] tts        412  ssb|use local  
[2025/08/11 17:06:46 996] tts        349  local_session_begin  
[2025/08/11 17:06:47 000] tts        654  TTS_MSG_SYN  0  
[2025/08/11 17:06:47 000] tts        451  synth|use local  
[2025/08/11 17:06:47 001] tts        657  TTS_MSG_GETAUDIO  0  
[2025/08/11 17:06:47 001] tts        485  get audio|use local  
[2025/08/11 17:06:47 001] tts        527  0  nil  1  
[2025/08/11 17:06:47 002] tts        657  TTS_MSG_GETAUDIO  0  
[2025/08/11 17:06:47 002] tts        485  get audio|use local  
[2025/08/11 17:06:47 002] tts        527  0  nil  1  
[2025/08/11 17:06:47 003] tts        657  TTS_MSG_GETAUDIO  0  
[2025/08/11 17:06:47 003] tts        485  get audio|use local  
[2025/08/11 17:06:47 003] tts        527  0  nil  1  
[2025/08/11 17:06:47 005] tts        657  TTS_MSG_GETAUDIO  0  
[2025/08/11 17:06:47 005] tts        485  get audio|use local  
[2025/08/11 17:06:47 005] tts        527  0  nil  1  
[2025/08/11 17:06:47 006] tts        657  TTS_MSG_GETAUDIO  0  
[2025/08/11 17:06:47 006] tts        485  get audio|use local  
[2025/08/11 17:06:47 006] tts        527  0  nil  1  
[2025/08/11 17:06:47 007] tts        657  TTS_MSG_GETAUDIO  0  
[2025/08/11 17:06:47 008] tts        485  get audio|use local  
[2025/08/11 17:06:47 008] tts        527  0  nil  1  
[2025/08/11 17:06:47 008] tts        657  TTS_MSG_GETAUDIO  0  
[2025/08/11 17:06:47 008] tts        485  get audio|use local  
[2025/08/11 17:06:47 008] tts        527  0  nil  1  
[2025/08/11 17:06:47 009] tts        657  TTS_MSG_GETAUDIO  0  
[2025/08/11 17:06:47 009] tts        485  get audio|use local  
[2025/08/11 17:06:47 009] tts        527  0  nil  1  
[2025/08/11 17:06:47 010] tts        657  TTS_MSG_GETAUDIO  0  
[2025/08/11 17:06:47 010] tts        485  get audio|use local  
[2025/08/11 17:06:47 011] tts        527  0  nil  1  
[2025/08/11 17:06:47 011] tts        657  TTS_MSG_GETAUDIO  0  
[2025/08/11 17:06:47 011] tts        485  get audio|use local  
[2025/08/11 17:06:47 011] tts        527  0  nil  1  
[2025/08/11 17:06:47 012] tts        657  TTS_MSG_GETAUDIO  0  
[2025/08/11 17:06:47 012] tts        485  get audio|use local  
[2025/08/11 17:06:47 012] tts        527  0  nil  1  
[2025/08/11 17:06:47 014] tts        657  TTS_MSG_GETAUDIO  0  
[2025/08/11 17:06:47 014] tts        485  get audio|use local  
[2025/08/11 17:06:47 014] tts        527  0  nil  1  
[2025/08/11 17:06:47 015] tts        657  TTS_MSG_GETAUDIO  0  
[2025/08/11 17:06:47 015] tts        485  get audio|use local  
[2025/08/11 17:06:47 015] tts        527  0  nil  1  
[2025/08/11 17:06:47 016] tts        657  TTS_MSG_GETAUDIO  0  
[2025/08/11 17:06:47 017] tts        485  get audio|use local  
[2025/08/11 17:06:47 017] tts        527  0  nil  1  
[2025/08/11 17:06:47 018] tts        657  TTS_MSG_GETAUDIO  0  
[2025/08/11 17:06:47 018] tts        485  get audio|use local  
[2025/08/11 17:06:47 018] tts        527  0  nil  1  
[2025/08/11 17:06:47 019] tts        657  TTS_MSG_GETAUDIO  0  
[2025/08/11 17:06:47 019] tts        485  get audio|use local  
[2025/08/11 17:06:47 020] tts        527  0  nil  1  
[2025/08/11 17:06:47 021] tts        657  TTS_MSG_GETAUDIO  0  
[2025/08/11 17:06:47 021] tts        485  get audio|use local  
[2025/08/11 17:06:47 021] tts        527  0  nil  1  
[2025/08/11 17:06:47 023] tts        657  TTS_MSG_GETAUDIO  0  
[2025/08/11 17:06:47 023] tts        485  get audio|use local  
[2025/08/11 17:06:47 023] tts        527  0  nil  1  
[2025/08/11 17:06:47 024] tts        657  TTS_MSG_GETAUDIO  0  
[2025/08/11 17:06:47 025] tts        485  get audio|use local  
[2025/08/11 17:06:47 025] tts        527  0  nil  1  
[2025/08/11 17:06:47 026] tts        657  TTS_MSG_GETAUDIO  0  
[2025/08/11 17:06:47 026] tts        485  get audio|use local  
[2025/08/11 17:06:47 026] tts        527  0  nil  1  
[2025/08/11 17:06:47 028] tts        657  TTS_MSG_GETAUDIO  0  
[2025/08/11 17:06:47 028] tts        485  get audio|use local  
[2025/08/11 17:06:47 028] tts        527  0  nil  1  
[2025/08/11 17:06:47 029] tts        657  TTS_MSG_GETAUDIO  0  
[2025/08/11 17:06:47 029] tts        485  get audio|use local  
[2025/08/11 17:06:47 029] tts        527  0  nil  1  
[2025/08/11 17:06:47 031] tts        657  TTS_MSG_GETAUDIO  0  
[2025/08/11 17:06:47 031] tts        485  get audio|use local  
[2025/08/11 17:06:47 031] tts        527  0  nil  1  
[2025/08/11 17:06:47 033] tts        657  TTS_MSG_GETAUDIO  0  
[2025/08/11 17:06:47 033] tts        485  get audio|use local  
[2025/08/11 17:06:47 033] tts        527  0  nil  1  
[2025/08/11 17:06:47 035] tts        657  TTS_MSG_GETAUDIO  0  
[2025/08/11 17:06:47 035] tts        485  get audio|use local  
[2025/08/11 17:06:47 035] tts        527  0  nil  1  
[2025/08/11 17:06:47 036] tts        657  TTS_MSG_GETAUDIO  0  
[2025/08/11 17:06:47 036] tts        485  get audio|use local  
[2025/08/11 17:06:47 036] tts        527  0  nil  1  
[2025/08/11 17:06:47 038] tts        657  TTS_MSG_GETAUDIO  0  
[2025/08/11 17:06:47 038] tts        485  get audio|use local  
[2025/08/11 17:06:47 038] tts        527  0  nil  1  
[2025/08/11 17:06:47 039] tts        657  TTS_MSG_GETAUDIO  0  
[2025/08/11 17:06:47 039] tts        485  get audio|use local  
[2025/08/11 17:06:47 039] tts        527  0  nil  1  
[2025/08/11 17:06:47 040] tts        657  TTS_MSG_GETAUDIO  0  
[2025/08/11 17:06:47 040] tts        485  get audio|use local  
[2025/08/11 17:06:47 041] tts        527  0  nil  1  
[2025/08/11 17:06:47 042] tts        657  TTS_MSG_GETAUDIO  0  
[2025/08/11 17:06:47 042] tts        485  get audio|use local  
[2025/08/11 17:06:47 043] tts        527  0  nil  1  
[2025/08/11 17:06:47 043] tts        657  TTS_MSG_GETAUDIO  0  
[2025/08/11 17:06:47 044] tts        485  get audio|use local  
[2025/08/11 17:06:47 044] tts        527  0  nil  1  
[2025/08/11 17:06:47 045] tts        657  TTS_MSG_GETAUDIO  0  
[2025/08/11 17:06:47 046] tts        485  get audio|use local  
[2025/08/11 17:06:47 046] tts        527  0  nil  1  
[2025/08/11 17:06:47 047] tts        657  TTS_MSG_GETAUDIO  0  
[2025/08/11 17:06:47 047] tts        485  get audio|use local  
[2025/08/11 17:06:47 047] tts        527  0  nil  1  
[2025/08/11 17:06:47 049] tts        657  TTS_MSG_GETAUDIO  0  
[2025/08/11 17:06:47 049] tts        485  get audio|use local  
[2025/08/11 17:06:47 049] tts        527  0  nil  1  
[2025/08/11 17:06:47 050] tts        657  TTS_MSG_GETAUDIO  0  
[2025/08/11 17:06:47 050] tts        485  get audio|use local  
[2025/08/11 17:06:47 050] tts        527  0  nil  1  
[2025/08/11 17:06:47 053] tts        657  TTS_MSG_GETAUDIO  0  
[2025/08/11 17:06:47 053] tts        485  get audio|use local  
[2025/08/11 17:06:47 053] tts        527  0  nil  1  
[2025/08/11 17:06:47 054] tts        657  TTS_MSG_GETAUDIO  0  
[2025/08/11 17:06:47 054] tts        485  get audio|use local  
[2025/08/11 17:06:47 055] tts        527  0  nil  1  
[2025/08/11 17:06:47 055] tts        657  TTS_MSG_GETAUDIO  0  
[2025/08/11 17:06:47 055] tts        485  get audio|use local  
[2025/08/11 17:06:47 056] tts        527  0  nil  1  
[2025/08/11 17:06:47 056] tts        657  TTS_MSG_GETAUDIO  0  
[2025/08/11 17:06:47 056] tts        485  get audio|use local  
[2025/08/11 17:06:47 057] tts        527  0  nil  1  
[2025/08/11 17:06:47 057] tts        657  TTS_MSG_GETAUDIO  0  
[2025/08/11 17:06:47 058] tts        485  get audio|use local  
[2025/08/11 17:06:47 058] tts        527  0  nil  1  
[2025/08/11 17:06:47 058] tts        657  TTS_MSG_GETAUDIO  0  
[2025/08/11 17:06:47 059] tts        485  get audio|use local  
[2025/08/11 17:06:47 059] tts        527  0  nil  1  
[2025/08/11 17:06:47 060] tts        657  TTS_MSG_GETAUDIO  0  
[2025/08/11 17:06:47 060] tts        485  get audio|use local  
[2025/08/11 17:06:47 060] tts        527  0  nil  1  
[2025/08/11 17:06:47 061] tts        657  TTS_MSG_GETAUDIO  0  
[2025/08/11 17:06:47 061] tts        485  get audio|use local  
[2025/08/11 17:06:47 061] tts        527  0  nil  1  
[2025/08/11 17:06:47 062] tts        657  TTS_MSG_GETAUDIO  0  
[2025/08/11 17:06:47 062] tts        485  get audio|use local  
[2025/08/11 17:06:47 062] tts        527  0  nil  1  
[2025/08/11 17:06:47 063] tts        657  TTS_MSG_GETAUDIO  0  
[2025/08/11 17:06:47 063] tts        485  get audio|use local  
[2025/08/11 17:06:47 063] tts        527  0  nil  1  
[2025/08/11 17:06:47 064] tts        657  TTS_MSG_GETAUDIO  0  
[2025/08/11 17:06:47 065] tts        485  get audio|use local  
[2025/08/11 17:06:47 065] tts        527  0  nil  1  
[2025/08/11 17:06:47 066] tts        657  TTS_MSG_GETAUDIO  0  
[2025/08/11 17:06:47 066] tts        485  get audio|use local  
[2025/08/11 17:06:47 066] tts        527  0  nil  1  
[2025/08/11 17:06:47 067] tts        657  TTS_MSG_GETAUDIO  0  
[2025/08/11 17:06:47 067] tts        485  get audio|use local  
[2025/08/11 17:06:47 068] tts        527  0  nil  1  
[2025/08/11 17:06:47 068] tts        657  TTS_MSG_GETAUDIO  0  
[2025/08/11 17:06:47 069] tts        485  get audio|use local  
[2025/08/11 17:06:47 069] tts        527  0  nil  1  
[2025/08/11 17:06:47 070] tts        657  TTS_MSG_GETAUDIO  0  
[2025/08/11 17:06:47 070] tts        485  get audio|use local  
[2025/08/11 17:06:47 070] tts        527  0  nil  1  
[2025/08/11 17:06:47 082] tts        657  TTS_MSG_GETAUDIO  0  
[2025/08/11 17:06:47 082] tts        485  get audio|use local  
[2025/08/11 17:06:47 082] tts        527  0  nil  1  
[2025/08/11 17:06:47 096] tts        657  TTS_MSG_GETAUDIO  0  
[2025/08/11 17:06:47 096] tts        485  get audio|use local  
[2025/08/11 17:06:47 096] tts        527  0  nil  1  
[2025/08/11 17:06:47 098] tts        657  TTS_MSG_GETAUDIO  0  
[2025/08/11 17:06:47 098] tts        485  get audio|use local  
[2025/08/11 17:06:47 098] tts        527  0  nil  1  
[2025/08/11 17:06:47 098] tts        299  TTS_LOCAL_CB_BEGIN  
[2025/08/11 17:06:47 099] tts        657  TTS_MSG_GETAUDIO  0  
[2025/08/11 17:06:47 099] tts        485  get audio|use local  
[2025/08/11 17:06:47 099] tts        527  0  nil  1  
[2025/08/11 17:06:47 100] tts        657  TTS_MSG_GETAUDIO  0  
[2025/08/11 17:06:47 100] tts        485  get audio|use local  
[2025/08/11 17:06:47 100] tts        527  0  nil  1  
[2025/08/11 17:06:47 101] tts        657  TTS_MSG_GETAUDIO  0  
[2025/08/11 17:06:47 101] tts        485  get audio|use local  
[2025/08/11 17:06:47 101] tts        527  0  nil  1  
[2025/08/11 17:06:47 102] tts        657  TTS_MSG_GETAUDIO  0  
[2025/08/11 17:06:47 103] tts        485  get audio|use local  
[2025/08/11 17:06:47 103] tts        527  0  nil  1  
[2025/08/11 17:06:47 105] tts        657  TTS_MSG_GETAUDIO  0  
[2025/08/11 17:06:47 105] tts        485  get audio|use local  
[2025/08/11 17:06:47 105] tts        527  0  nil  1  
[2025/08/11 17:06:47 114] tts        657  TTS_MSG_GETAUDIO  0  
[2025/08/11 17:06:47 115] tts        485  get audio|use local  
[2025/08/11 17:06:47 115] tts        498  local audiolen:  2042  ,ced:  21  
[2025/08/11 17:06:47 115] tts        527  0  udata(6c07ce08) 1  
[2025/08/11 17:06:47 120] tts        657  TTS_MSG_GETAUDIO  0  
[2025/08/11 17:06:47 120] tts        485  get audio|use local  
[2025/08/11 17:06:47 120] tts        498  local audiolen:  2016  ,ced:  21  
[2025/08/11 17:06:47 121] tts        527  0  udata(6c087f28) 1  
[2025/08/11 17:06:47 124] tts        657  TTS_MSG_GETAUDIO  0  
[2025/08/11 17:06:47 125] tts        485  get audio|use local  
[2025/08/11 17:06:47 125] tts        498  local audiolen:  1984  ,ced:  21  
[2025/08/11 17:06:47 126] tts        527  0  udata(6c087ed8) 1  
[2025/08/11 17:06:47 130] tts        657  TTS_MSG_GETAUDIO  0  
[2025/08/11 17:06:47 130] tts        485  get audio|use local  
[2025/08/11 17:06:47 130] tts        498  local audiolen:  2042  ,ced:  21  
[2025/08/11 17:06:47 131] tts        527  0  udata(6c088308) 1  
[2025/08/11 17:06:47 132] tts        657  TTS_MSG_GETAUDIO  0  
[2025/08/11 17:06:47 132] tts        485  get audio|use local  
[2025/08/11 17:06:47 132] tts        498  local audiolen:  1934  ,ced:  21  
[2025/08/11 17:06:47 133] tts        527  0  udata(6c07e4f8) 1  
[2025/08/11 17:06:47 134] tts        657  TTS_MSG_GETAUDIO  0  
[2025/08/11 17:06:47 135] tts        485  get audio|use local  
[2025/08/11 17:06:47 135] tts        498  local audiolen:  2008  ,ced:  21  
[2025/08/11 17:06:47 136] tts        527  0  udata(6c07dd58) 1  
[2025/08/11 17:06:47 137] tts        657  TTS_MSG_GETAUDIO  0  
[2025/08/11 17:06:47 137] tts        485  get audio|use local  
[2025/08/11 17:06:47 137] tts        498  local audiolen:  1964  ,ced:  21  
[2025/08/11 17:06:47 138] tts        527  0  udata(6c07df08) 1  
[2025/08/11 17:06:47 155] tts        657  TTS_MSG_GETAUDIO  0  
[2025/08/11 17:06:47 156] tts        485  get audio|use local  
[2025/08/11 17:06:47 156] tts        498  local audiolen:  1962  ,ced:  21  
[2025/08/11 17:06:47 156] tts        527  0  udata(6c07f6c8) 1  
[2025/08/11 17:06:47 157] tts        657  TTS_MSG_GETAUDIO  0  
[2025/08/11 17:06:47 157] tts        485  get audio|use local  
[2025/08/11 17:06:47 157] tts        498  local audiolen:  1958  ,ced:  21  
[2025/08/11 17:06:47 157] tts        527  0  udata(6c07f718) 1  
[2025/08/11 17:06:47 158] tts        657  TTS_MSG_GETAUDIO  0  
[2025/08/11 17:06:47 159] tts        485  get audio|use local  
[2025/08/11 17:06:47 159] tts        498  local audiolen:  2022  ,ced:  21  
[2025/08/11 17:06:47 159] tts        527  0  udata(6c07f768) 1  
[2025/08/11 17:06:47 160] tts        657  TTS_MSG_GETAUDIO  0  
[2025/08/11 17:06:47 161] tts        485  get audio|use local  
[2025/08/11 17:06:47 161] tts        498  local audiolen:  1976  ,ced:  21  
[2025/08/11 17:06:47 161] tts        527  0  udata(6c07f7b8) 1  
[2025/08/11 17:06:47 168] tts        301  0  0  
[2025/08/11 17:06:47 168] tts        312  TTS_LOCAL_CB_END,  2  
[2025/08/11 17:06:47 168] tts        657  TTS_MSG_GETAUDIO  0  
[2025/08/11 17:06:47 168] tts        485  get audio|use local  
[2025/08/11 17:06:47 168] tts        498  local audiolen:  1992  ,ced:  21  
[2025/08/11 17:06:47 168] tts        527  0  udata(6c07e898) 1  
[2025/08/11 17:06:47 169] tts        657  TTS_MSG_GETAUDIO  0  
[2025/08/11 17:06:47 169] tts        485  get audio|use local  
[2025/08/11 17:06:47 169] tts        498  local audiolen:  2008  ,ced:  21  
[2025/08/11 17:06:47 169] tts        527  0  udata(6c07e8e8) 1  
[2025/08/11 17:06:47 169] tts        657  TTS_MSG_GETAUDIO  0  
[2025/08/11 17:06:47 170] tts        485  get audio|use local  
[2025/08/11 17:06:47 170] tts        498  local audiolen:  1924  ,ced:  21  
[2025/08/11 17:06:47 170] tts        527  0  udata(6c07e938) 1  
[2025/08/11 17:06:47 170] tts        657  TTS_MSG_GETAUDIO  0  
[2025/08/11 17:06:47 170] tts        485  get audio|use local  
[2025/08/11 17:06:47 170] tts        498  local audiolen:  1902  ,ced:  21  
[2025/08/11 17:06:47 170] tts        527  0  udata(6c07e988) 1  
[2025/08/11 17:06:47 171] tts        657  TTS_MSG_GETAUDIO  0  
[2025/08/11 17:06:47 171] tts        485  get audio|use local  
[2025/08/11 17:06:47 171] tts        498  local audiolen:  1984  ,ced:  21  
[2025/08/11 17:06:47 171] tts        527  0  udata(6c07e9d8) 1  
[2025/08/11 17:06:47 171] tts        657  TTS_MSG_GETAUDIO  0  
[2025/08/11 17:06:47 171] tts        485  get audio|use local  
[2025/08/11 17:06:47 172] tts        498  local audiolen:  2036  ,ced:  21  
[2025/08/11 17:06:47 172] tts        527  0  udata(6c07ea28) 1  
[2025/08/11 17:06:47 172] tts        657  TTS_MSG_GETAUDIO  0  
[2025/08/11 17:06:47 172] tts        485  get audio|use local  
[2025/08/11 17:06:47 172] tts        498  local audiolen:  1920  ,ced:  21  
[2025/08/11 17:06:47 172] tts        527  0  udata(6c07ea78) 1  
[2025/08/11 17:06:47 173] tts        657  TTS_MSG_GETAUDIO  0  
[2025/08/11 17:06:47 173] tts        485  get audio|use local  
[2025/08/11 17:06:47 173] tts        498  local audiolen:  2022  ,ced:  21  
[2025/08/11 17:06:47 173] tts        527  0  udata(6c07eac8) 1  
[2025/08/11 17:06:47 173] tts        657  TTS_MSG_GETAUDIO  0  
[2025/08/11 17:06:47 173] tts        485  get audio|use local  
[2025/08/11 17:06:47 174] tts        498  local audiolen:  2016  ,ced:  21  
[2025/08/11 17:06:47 174] tts        527  0  udata(6c07eb18) 1  
[2025/08/11 17:06:47 174] tts        657  TTS_MSG_GETAUDIO  0  
[2025/08/11 17:06:47 174] tts        485  get audio|use local  
[2025/08/11 17:06:47 174] tts        498  local audiolen:  1988  ,ced:  21  
[2025/08/11 17:06:47 174] tts        527  0  udata(6c07eb68) 1  
[2025/08/11 17:06:47 175] tts        657  TTS_MSG_GETAUDIO  0  
[2025/08/11 17:06:47 175] tts        485  get audio|use local  
[2025/08/11 17:06:47 175] tts        498  local audiolen:  1974  ,ced:  21  
[2025/08/11 17:06:47 175] tts        527  0  udata(6c07ebb8) 1  
[2025/08/11 17:06:47 175] tts        657  TTS_MSG_GETAUDIO  0  
[2025/08/11 17:06:47 175] tts        485  get audio|use local  
[2025/08/11 17:06:47 175] tts        498  local audiolen:  1948  ,ced:  21  
[2025/08/11 17:06:47 175] tts        527  0  udata(6c07ec08) 1  
[2025/08/11 17:06:47 176] tts        657  TTS_MSG_GETAUDIO  0  
[2025/08/11 17:06:47 176] tts        485  get audio|use local  
[2025/08/11 17:06:47 176] tts        498  local audiolen:  2024  ,ced:  21  
[2025/08/11 17:06:47 176] tts        527  0  udata(6c07ec58) 1  
[2025/08/11 17:06:47 177] tts        657  TTS_MSG_GETAUDIO  0  
[2025/08/11 17:06:47 177] tts        485  get audio|use local  
[2025/08/11 17:06:47 177] tts        498  local audiolen:  1960  ,ced:  21  
[2025/08/11 17:06:47 177] tts        527  0  udata(6c07eca8) 1  
[2025/08/11 17:06:47 177] tts        657  TTS_MSG_GETAUDIO  0  
[2025/08/11 17:06:47 177] tts        485  get audio|use local  
[2025/08/11 17:06:47 177] tts        498  local audiolen:  1824  ,ced:  21  
[2025/08/11 17:06:47 177] tts        527  0  udata(6c022738) 1  
[2025/08/11 17:06:47 178] tts        657  TTS_MSG_GETAUDIO  0  
[2025/08/11 17:06:47 178] tts        485  get audio|use local  
[2025/08/11 17:06:47 178] tts        498  local audiolen:  1912  ,ced:  21  
[2025/08/11 17:06:47 178] tts        527  0  udata(6c022008) 1  
[2025/08/11 17:06:47 178] tts        657  TTS_MSG_GETAUDIO  0  
[2025/08/11 17:06:47 178] tts        485  get audio|use local  
[2025/08/11 17:06:47 178] tts        498  local audiolen:  1972  ,ced:  21  
[2025/08/11 17:06:47 179] tts        527  0  udata(6c022058) 2  
[2025/08/11 17:06:47 179] tts        660  TTS_MSG_SSE  
[2025/08/11 17:06:47 180] tts        585  sse|use local  
[2025/08/11 17:06:47 192] tts        603  tts exit  
[2025/08/11 17:06:47 193] tts        667  SYS_MSG_UNLOAD  
