============================================================
Time  2025/08/10 19:57:36 874 
============================================================
[2025/08/10 19:57:36 875] tts        676  SYS_MSG_REGCB param0 =  msp_status_cb  param1 =  func(64014a30) 
[2025/08/10 19:57:36 878] config     43   use general cloud  
[2025/08/10 19:57:36 885] tts_cloud  1417 SYS_MSG_REGCB_CLOUD param0 =   msp_status_cb  param1 =  func(64014a30) 
[2025/08/10 19:57:36 886] tts        647  TTS_MSG_SSB  
[2025/08/10 19:57:36 886] tts        375  params =  engine_type = local,voice_name=xiaoyan, text_encoding = UTF8, tts_res_path = fo|res/tts/xiaoyan.jet;fo|res/tts/common.jet, sample_rate = 16000, speed = 50, volume = 80, pitch = 50, rdn = 2  
[2025/08/10 19:57:36 886] tts        412  ssb|use local  
[2025/08/10 19:57:36 886] tts        349  local_session_begin  
[2025/08/10 19:57:36 889] tts        654  TTS_MSG_SYN  0  
[2025/08/10 19:57:36 889] tts        451  synth|use local  
[2025/08/10 19:57:36 891] tts        657  TTS_MSG_GETAUDIO  0  
[2025/08/10 19:57:36 891] tts        485  get audio|use local  
[2025/08/10 19:57:36 891] tts        527  0  nil  1  
[2025/08/10 19:57:36 892] tts        657  TTS_MSG_GETAUDIO  0  
[2025/08/10 19:57:36 892] tts        485  get audio|use local  
[2025/08/10 19:57:36 892] tts        527  0  nil  1  
[2025/08/10 19:57:36 893] tts        657  TTS_MSG_GETAUDIO  0  
[2025/08/10 19:57:36 893] tts        485  get audio|use local  
[2025/08/10 19:57:36 893] tts        527  0  nil  1  
[2025/08/10 19:57:36 894] tts        657  TTS_MSG_GETAUDIO  0  
[2025/08/10 19:57:36 894] tts        485  get audio|use local  
[2025/08/10 19:57:36 894] tts        527  0  nil  1  
[2025/08/10 19:57:36 895] tts        657  TTS_MSG_GETAUDIO  0  
[2025/08/10 19:57:36 896] tts        485  get audio|use local  
[2025/08/10 19:57:36 896] tts        527  0  nil  1  
[2025/08/10 19:57:36 896] tts        657  TTS_MSG_GETAUDIO  0  
[2025/08/10 19:57:36 897] tts        485  get audio|use local  
[2025/08/10 19:57:36 897] tts        527  0  nil  1  
[2025/08/10 19:57:36 897] tts        657  TTS_MSG_GETAUDIO  0  
[2025/08/10 19:57:36 898] tts        485  get audio|use local  
[2025/08/10 19:57:36 898] tts        527  0  nil  1  
[2025/08/10 19:57:36 898] tts        657  TTS_MSG_GETAUDIO  0  
[2025/08/10 19:57:36 898] tts        485  get audio|use local  
[2025/08/10 19:57:36 899] tts        527  0  nil  1  
[2025/08/10 19:57:36 899] tts        657  TTS_MSG_GETAUDIO  0  
[2025/08/10 19:57:36 899] tts        485  get audio|use local  
[2025/08/10 19:57:36 899] tts        527  0  nil  1  
[2025/08/10 19:57:36 900] tts        657  TTS_MSG_GETAUDIO  0  
[2025/08/10 19:57:36 900] tts        485  get audio|use local  
[2025/08/10 19:57:36 901] tts        527  0  nil  1  
[2025/08/10 19:57:36 901] tts        657  TTS_MSG_GETAUDIO  0  
[2025/08/10 19:57:36 902] tts        485  get audio|use local  
[2025/08/10 19:57:36 902] tts        527  0  nil  1  
[2025/08/10 19:57:36 902] tts        657  TTS_MSG_GETAUDIO  0  
[2025/08/10 19:57:36 903] tts        485  get audio|use local  
[2025/08/10 19:57:36 903] tts        527  0  nil  1  
[2025/08/10 19:57:36 903] tts        657  TTS_MSG_GETAUDIO  0  
[2025/08/10 19:57:36 903] tts        485  get audio|use local  
[2025/08/10 19:57:36 904] tts        527  0  nil  1  
[2025/08/10 19:57:36 905] tts        657  TTS_MSG_GETAUDIO  0  
[2025/08/10 19:57:36 905] tts        485  get audio|use local  
[2025/08/10 19:57:36 905] tts        527  0  nil  1  
[2025/08/10 19:57:36 906] tts        657  TTS_MSG_GETAUDIO  0  
[2025/08/10 19:57:36 906] tts        485  get audio|use local  
[2025/08/10 19:57:36 906] tts        527  0  nil  1  
[2025/08/10 19:57:36 907] tts        657  TTS_MSG_GETAUDIO  0  
[2025/08/10 19:57:36 907] tts        485  get audio|use local  
[2025/08/10 19:57:36 908] tts        527  0  nil  1  
[2025/08/10 19:57:36 908] tts        657  TTS_MSG_GETAUDIO  0  
[2025/08/10 19:57:36 908] tts        485  get audio|use local  
[2025/08/10 19:57:36 909] tts        527  0  nil  1  
[2025/08/10 19:57:36 910] tts        657  TTS_MSG_GETAUDIO  0  
[2025/08/10 19:57:36 910] tts        485  get audio|use local  
[2025/08/10 19:57:36 910] tts        527  0  nil  1  
[2025/08/10 19:57:36 911] tts        657  TTS_MSG_GETAUDIO  0  
[2025/08/10 19:57:36 911] tts        485  get audio|use local  
[2025/08/10 19:57:36 911] tts        527  0  nil  1  
[2025/08/10 19:57:36 912] tts        657  TTS_MSG_GETAUDIO  0  
[2025/08/10 19:57:36 912] tts        485  get audio|use local  
[2025/08/10 19:57:36 912] tts        527  0  nil  1  
[2025/08/10 19:57:36 913] tts        657  TTS_MSG_GETAUDIO  0  
[2025/08/10 19:57:36 913] tts        485  get audio|use local  
[2025/08/10 19:57:36 913] tts        527  0  nil  1  
[2025/08/10 19:57:36 913] tts        657  TTS_MSG_GETAUDIO  0  
[2025/08/10 19:57:36 913] tts        485  get audio|use local  
[2025/08/10 19:57:36 913] tts        527  0  nil  1  
[2025/08/10 19:57:36 914] tts        657  TTS_MSG_GETAUDIO  0  
[2025/08/10 19:57:36 914] tts        485  get audio|use local  
[2025/08/10 19:57:36 914] tts        527  0  nil  1  
[2025/08/10 19:57:36 915] tts        657  TTS_MSG_GETAUDIO  0  
[2025/08/10 19:57:36 915] tts        485  get audio|use local  
[2025/08/10 19:57:36 915] tts        527  0  nil  1  
[2025/08/10 19:57:36 916] tts        657  TTS_MSG_GETAUDIO  0  
[2025/08/10 19:57:36 916] tts        485  get audio|use local  
[2025/08/10 19:57:36 916] tts        527  0  nil  1  
[2025/08/10 19:57:36 917] tts        657  TTS_MSG_GETAUDIO  0  
[2025/08/10 19:57:36 917] tts        485  get audio|use local  
[2025/08/10 19:57:36 918] tts        527  0  nil  1  
[2025/08/10 19:57:36 919] tts        657  TTS_MSG_GETAUDIO  0  
[2025/08/10 19:57:36 919] tts        485  get audio|use local  
[2025/08/10 19:57:36 919] tts        527  0  nil  1  
[2025/08/10 19:57:36 920] tts        657  TTS_MSG_GETAUDIO  0  
[2025/08/10 19:57:36 920] tts        485  get audio|use local  
[2025/08/10 19:57:36 920] tts        527  0  nil  1  
[2025/08/10 19:57:36 921] tts        657  TTS_MSG_GETAUDIO  0  
[2025/08/10 19:57:36 921] tts        485  get audio|use local  
[2025/08/10 19:57:36 921] tts        527  0  nil  1  
[2025/08/10 19:57:36 922] tts        657  TTS_MSG_GETAUDIO  0  
[2025/08/10 19:57:36 922] tts        485  get audio|use local  
[2025/08/10 19:57:36 922] tts        527  0  nil  1  
[2025/08/10 19:57:36 923] tts        657  TTS_MSG_GETAUDIO  0  
[2025/08/10 19:57:36 923] tts        485  get audio|use local  
[2025/08/10 19:57:36 924] tts        527  0  nil  1  
[2025/08/10 19:57:36 924] tts        657  TTS_MSG_GETAUDIO  0  
[2025/08/10 19:57:36 924] tts        485  get audio|use local  
[2025/08/10 19:57:36 925] tts        527  0  nil  1  
[2025/08/10 19:57:36 926] tts        657  TTS_MSG_GETAUDIO  0  
[2025/08/10 19:57:36 926] tts        485  get audio|use local  
[2025/08/10 19:57:36 926] tts        527  0  nil  1  
[2025/08/10 19:57:36 927] tts        657  TTS_MSG_GETAUDIO  0  
[2025/08/10 19:57:36 927] tts        485  get audio|use local  
[2025/08/10 19:57:36 927] tts        527  0  nil  1  
[2025/08/10 19:57:36 928] tts        657  TTS_MSG_GETAUDIO  0  
[2025/08/10 19:57:36 928] tts        485  get audio|use local  
[2025/08/10 19:57:36 928] tts        527  0  nil  1  
[2025/08/10 19:57:36 929] tts        657  TTS_MSG_GETAUDIO  0  
[2025/08/10 19:57:36 929] tts        485  get audio|use local  
[2025/08/10 19:57:36 930] tts        527  0  nil  1  
[2025/08/10 19:57:36 930] tts        657  TTS_MSG_GETAUDIO  0  
[2025/08/10 19:57:36 930] tts        485  get audio|use local  
[2025/08/10 19:57:36 931] tts        527  0  nil  1  
[2025/08/10 19:57:36 931] tts        657  TTS_MSG_GETAUDIO  0  
[2025/08/10 19:57:36 931] tts        485  get audio|use local  
[2025/08/10 19:57:36 931] tts        527  0  nil  1  
[2025/08/10 19:57:36 932] tts        657  TTS_MSG_GETAUDIO  0  
[2025/08/10 19:57:36 932] tts        485  get audio|use local  
[2025/08/10 19:57:36 932] tts        527  0  nil  1  
[2025/08/10 19:57:36 933] tts        657  TTS_MSG_GETAUDIO  0  
[2025/08/10 19:57:36 933] tts        485  get audio|use local  
[2025/08/10 19:57:36 933] tts        527  0  nil  1  
[2025/08/10 19:57:36 934] tts        657  TTS_MSG_GETAUDIO  0  
[2025/08/10 19:57:36 934] tts        485  get audio|use local  
[2025/08/10 19:57:36 935] tts        527  0  nil  1  
[2025/08/10 19:57:36 936] tts        657  TTS_MSG_GETAUDIO  0  
[2025/08/10 19:57:36 936] tts        485  get audio|use local  
[2025/08/10 19:57:36 936] tts        527  0  nil  1  
[2025/08/10 19:57:36 937] tts        657  TTS_MSG_GETAUDIO  0  
[2025/08/10 19:57:36 937] tts        485  get audio|use local  
[2025/08/10 19:57:36 937] tts        527  0  nil  1  
[2025/08/10 19:57:36 938] tts        657  TTS_MSG_GETAUDIO  0  
[2025/08/10 19:57:36 938] tts        485  get audio|use local  
[2025/08/10 19:57:36 938] tts        527  0  nil  1  
[2025/08/10 19:57:36 939] tts        657  TTS_MSG_GETAUDIO  0  
[2025/08/10 19:57:36 939] tts        485  get audio|use local  
[2025/08/10 19:57:36 939] tts        527  0  nil  1  
[2025/08/10 19:57:36 940] tts        657  TTS_MSG_GETAUDIO  0  
[2025/08/10 19:57:36 940] tts        485  get audio|use local  
[2025/08/10 19:57:36 940] tts        527  0  nil  1  
[2025/08/10 19:57:36 941] tts        657  TTS_MSG_GETAUDIO  0  
[2025/08/10 19:57:36 941] tts        485  get audio|use local  
[2025/08/10 19:57:36 941] tts        527  0  nil  1  
[2025/08/10 19:57:36 942] tts        657  TTS_MSG_GETAUDIO  0  
[2025/08/10 19:57:36 942] tts        485  get audio|use local  
[2025/08/10 19:57:36 942] tts        527  0  nil  1  
[2025/08/10 19:57:36 943] tts        657  TTS_MSG_GETAUDIO  0  
[2025/08/10 19:57:36 943] tts        485  get audio|use local  
[2025/08/10 19:57:36 943] tts        527  0  nil  1  
[2025/08/10 19:57:36 945] tts        657  TTS_MSG_GETAUDIO  0  
[2025/08/10 19:57:36 945] tts        485  get audio|use local  
[2025/08/10 19:57:36 945] tts        527  0  nil  1  
[2025/08/10 19:57:36 946] tts        657  TTS_MSG_GETAUDIO  0  
[2025/08/10 19:57:36 946] tts        485  get audio|use local  
[2025/08/10 19:57:36 946] tts        527  0  nil  1  
[2025/08/10 19:57:36 951] tts        657  TTS_MSG_GETAUDIO  0  
[2025/08/10 19:57:36 951] tts        485  get audio|use local  
[2025/08/10 19:57:36 951] tts        527  0  nil  1  
[2025/08/10 19:57:36 953] tts        657  TTS_MSG_GETAUDIO  0  
[2025/08/10 19:57:36 953] tts        485  get audio|use local  
[2025/08/10 19:57:36 953] tts        527  0  nil  1  
[2025/08/10 19:57:36 954] tts        657  TTS_MSG_GETAUDIO  0  
[2025/08/10 19:57:36 954] tts        485  get audio|use local  
[2025/08/10 19:57:36 955] tts        527  0  nil  1  
[2025/08/10 19:57:36 955] tts        299  TTS_LOCAL_CB_BEGIN  
[2025/08/10 19:57:36 956] tts        657  TTS_MSG_GETAUDIO  0  
[2025/08/10 19:57:36 956] tts        485  get audio|use local  
[2025/08/10 19:57:36 956] tts        527  0  nil  1  
[2025/08/10 19:57:36 957] tts        657  TTS_MSG_GETAUDIO  0  
[2025/08/10 19:57:36 957] tts        485  get audio|use local  
[2025/08/10 19:57:36 957] tts        527  0  nil  1  
[2025/08/10 19:57:36 958] tts        657  TTS_MSG_GETAUDIO  0  
[2025/08/10 19:57:36 958] tts        485  get audio|use local  
[2025/08/10 19:57:36 958] tts        527  0  nil  1  
[2025/08/10 19:57:36 959] tts        657  TTS_MSG_GETAUDIO  0  
[2025/08/10 19:57:36 959] tts        485  get audio|use local  
[2025/08/10 19:57:36 959] tts        527  0  nil  1  
[2025/08/10 19:57:36 960] tts        657  TTS_MSG_GETAUDIO  0  
[2025/08/10 19:57:36 960] tts        485  get audio|use local  
[2025/08/10 19:57:36 961] tts        527  0  nil  1  
[2025/08/10 19:57:36 961] tts        657  TTS_MSG_GETAUDIO  0  
[2025/08/10 19:57:36 962] tts        485  get audio|use local  
[2025/08/10 19:57:36 962] tts        527  0  nil  1  
[2025/08/10 19:57:36 964] tts        657  TTS_MSG_GETAUDIO  0  
[2025/08/10 19:57:36 964] tts        485  get audio|use local  
[2025/08/10 19:57:36 965] tts        498  local audiolen:  2042  ,ced:  16  
[2025/08/10 19:57:36 965] tts        527  0  udata(6407cbd8) 1  
[2025/08/10 19:57:36 967] tts        657  TTS_MSG_GETAUDIO  0  
[2025/08/10 19:57:36 968] tts        485  get audio|use local  
[2025/08/10 19:57:36 968] tts        498  local audiolen:  2016  ,ced:  16  
[2025/08/10 19:57:36 968] tts        527  0  udata(6407cf38) 1  
[2025/08/10 19:57:36 971] tts        657  TTS_MSG_GETAUDIO  0  
[2025/08/10 19:57:36 971] tts        485  get audio|use local  
[2025/08/10 19:57:36 971] tts        498  local audiolen:  1970  ,ced:  16  
[2025/08/10 19:57:36 972] tts        527  0  udata(60047948) 1  
[2025/08/10 19:57:36 974] tts        657  TTS_MSG_GETAUDIO  0  
[2025/08/10 19:57:36 974] tts        485  get audio|use local  
[2025/08/10 19:57:36 974] tts        498  local audiolen:  1900  ,ced:  16  
[2025/08/10 19:57:36 974] tts        527  0  udata(6407e3d8) 1  
[2025/08/10 19:57:36 976] tts        657  TTS_MSG_GETAUDIO  0  
[2025/08/10 19:57:36 976] tts        485  get audio|use local  
[2025/08/10 19:57:36 976] tts        498  local audiolen:  1972  ,ced:  16  
[2025/08/10 19:57:36 976] tts        527  0  udata(6407e848) 1  
[2025/08/10 19:57:36 980] tts        657  TTS_MSG_GETAUDIO  0  
[2025/08/10 19:57:36 980] tts        485  get audio|use local  
[2025/08/10 19:57:36 980] tts        498  local audiolen:  1982  ,ced:  16  
[2025/08/10 19:57:36 980] tts        527  0  udata(6406a9b8) 1  
[2025/08/10 19:57:36 982] tts        657  TTS_MSG_GETAUDIO  0  
[2025/08/10 19:57:36 983] tts        485  get audio|use local  
[2025/08/10 19:57:36 983] tts        498  local audiolen:  2046  ,ced:  16  
[2025/08/10 19:57:36 983] tts        527  0  udata(6407dd68) 1  
[2025/08/10 19:57:36 984] tts        657  TTS_MSG_GETAUDIO  0  
[2025/08/10 19:57:36 984] tts        485  get audio|use local  
[2025/08/10 19:57:36 984] tts        498  local audiolen:  1970  ,ced:  16  
[2025/08/10 19:57:36 985] tts        527  0  udata(6407deb8) 1  
[2025/08/10 19:57:36 987] tts        657  TTS_MSG_GETAUDIO  0  
[2025/08/10 19:57:36 987] tts        485  get audio|use local  
[2025/08/10 19:57:36 987] tts        498  local audiolen:  1932  ,ced:  16  
[2025/08/10 19:57:36 988] tts        527  0  udata(6407e108) 1  
[2025/08/10 19:57:36 990] tts        657  TTS_MSG_GETAUDIO  0  
[2025/08/10 19:57:36 990] tts        485  get audio|use local  
[2025/08/10 19:57:36 990] tts        498  local audiolen:  1994  ,ced:  16  
[2025/08/10 19:57:36 990] tts        527  0  udata(6407e308) 1  
[2025/08/10 19:57:36 992] tts        657  TTS_MSG_GETAUDIO  0  
[2025/08/10 19:57:36 993] tts        485  get audio|use local  
[2025/08/10 19:57:36 993] tts        498  local audiolen:  2008  ,ced:  16  
[2025/08/10 19:57:36 993] tts        527  0  udata(6407f6c8) 1  
[2025/08/10 19:57:36 995] tts        657  TTS_MSG_GETAUDIO  0  
[2025/08/10 19:57:36 995] tts        485  get audio|use local  
[2025/08/10 19:57:36 995] tts        498  local audiolen:  1932  ,ced:  16  
[2025/08/10 19:57:36 996] tts        527  0  udata(6407f918) 1  
[2025/08/10 19:57:36 997] tts        301  0  0  
[2025/08/10 19:57:36 998] tts        312  TTS_LOCAL_CB_END,  2  
[2025/08/10 19:57:36 998] tts        657  TTS_MSG_GETAUDIO  0  
[2025/08/10 19:57:36 998] tts        485  get audio|use local  
[2025/08/10 19:57:36 998] tts        498  local audiolen:  2044  ,ced:  16  
[2025/08/10 19:57:36 998] tts        527  0  udata(6407fbb8) 1  
[2025/08/10 19:57:36 999] tts        657  TTS_MSG_GETAUDIO  0  
[2025/08/10 19:57:36 999] tts        485  get audio|use local  
[2025/08/10 19:57:36 999] tts        498  local audiolen:  2014  ,ced:  16  
[2025/08/10 19:57:36 999] tts        527  0  udata(6407fc08) 1  
[2025/08/10 19:57:37 000] tts        657  TTS_MSG_GETAUDIO  0  
[2025/08/10 19:57:37 000] tts        485  get audio|use local  
[2025/08/10 19:57:37 000] tts        498  local audiolen:  1982  ,ced:  16  
[2025/08/10 19:57:37 001] tts        527  0  udata(64022158) 1  
[2025/08/10 19:57:37 001] tts        657  TTS_MSG_GETAUDIO  0  
[2025/08/10 19:57:37 001] tts        485  get audio|use local  
[2025/08/10 19:57:37 002] tts        498  local audiolen:  2006  ,ced:  16  
[2025/08/10 19:57:37 002] tts        527  0  udata(6407ed38) 1  
[2025/08/10 19:57:37 002] tts        657  TTS_MSG_GETAUDIO  0  
[2025/08/10 19:57:37 003] tts        485  get audio|use local  
[2025/08/10 19:57:37 003] tts        498  local audiolen:  1964  ,ced:  16  
[2025/08/10 19:57:37 003] tts        527  0  udata(6407ed88) 1  
[2025/08/10 19:57:37 004] tts        657  TTS_MSG_GETAUDIO  0  
[2025/08/10 19:57:37 004] tts        485  get audio|use local  
[2025/08/10 19:57:37 004] tts        498  local audiolen:  2046  ,ced:  16  
[2025/08/10 19:57:37 004] tts        527  0  udata(6407edd8) 1  
[2025/08/10 19:57:37 005] tts        657  TTS_MSG_GETAUDIO  0  
[2025/08/10 19:57:37 005] tts        485  get audio|use local  
[2025/08/10 19:57:37 005] tts        498  local audiolen:  1940  ,ced:  16  
[2025/08/10 19:57:37 005] tts        527  0  udata(6407ee28) 1  
[2025/08/10 19:57:37 006] tts        657  TTS_MSG_GETAUDIO  0  
[2025/08/10 19:57:37 006] tts        485  get audio|use local  
[2025/08/10 19:57:37 006] tts        498  local audiolen:  2000  ,ced:  16  
[2025/08/10 19:57:37 007] tts        527  0  udata(6407ee78) 1  
[2025/08/10 19:57:37 008] tts        657  TTS_MSG_GETAUDIO  0  
[2025/08/10 19:57:37 008] tts        485  get audio|use local  
[2025/08/10 19:57:37 008] tts        498  local audiolen:  1940  ,ced:  16  
[2025/08/10 19:57:37 008] tts        527  0  udata(6407eec8) 1  
[2025/08/10 19:57:37 009] tts        657  TTS_MSG_GETAUDIO  0  
[2025/08/10 19:57:37 010] tts        485  get audio|use local  
[2025/08/10 19:57:37 010] tts        498  local audiolen:  2048  ,ced:  16  
[2025/08/10 19:57:37 010] tts        527  0  udata(6407ef18) 1  
[2025/08/10 19:57:37 011] tts        657  TTS_MSG_GETAUDIO  0  
[2025/08/10 19:57:37 011] tts        485  get audio|use local  
[2025/08/10 19:57:37 011] tts        498  local audiolen:  2016  ,ced:  16  
[2025/08/10 19:57:37 011] tts        527  0  udata(6407ef68) 1  
[2025/08/10 19:57:37 012] tts        657  TTS_MSG_GETAUDIO  0  
[2025/08/10 19:57:37 012] tts        485  get audio|use local  
[2025/08/10 19:57:37 012] tts        498  local audiolen:  576  ,ced:  16  
[2025/08/10 19:57:37 013] tts        527  0  udata(6407f208) 2  
[2025/08/10 19:57:37 014] tts        660  TTS_MSG_SSE  
[2025/08/10 19:57:37 016] tts        585  sse|use local  
[2025/08/10 19:57:37 019] tts        603  tts exit  
