============================================================
Time  2025/08/10 19:56:03 807 
============================================================
[2025/08/10 19:56:03 808] tts        676  SYS_MSG_REGCB param0 =  msp_status_cb  param1 =  func(90014a30) 
[2025/08/10 19:56:03 812] config     43   use general cloud  
[2025/08/10 19:56:03 822] tts_cloud  1417 SYS_MSG_REGCB_CLOUD param0 =   msp_status_cb  param1 =  func(90014a30) 
[2025/08/10 19:56:03 823] tts        647  TTS_MSG_SSB  
[2025/08/10 19:56:03 823] tts        375  params =  engine_type = local,voice_name=xiaoyan, text_encoding = UTF8, tts_res_path = fo|res/tts/xiaoyan.jet;fo|res/tts/common.jet, sample_rate = 16000, speed = 50, volume = 80, pitch = 50, rdn = 2  
[2025/08/10 19:56:03 824] tts        412  ssb|use local  
[2025/08/10 19:56:03 824] tts        349  local_session_begin  
[2025/08/10 19:56:03 843] tts        654  TTS_MSG_SYN  0  
[2025/08/10 19:56:03 843] tts        451  synth|use local  
[2025/08/10 19:56:03 844] tts        657  TTS_MSG_GETAUDIO  0  
[2025/08/10 19:56:03 845] tts        485  get audio|use local  
[2025/08/10 19:56:03 845] tts        527  0  nil  1  
[2025/08/10 19:56:03 845] tts        657  TTS_MSG_GETAUDIO  0  
[2025/08/10 19:56:03 846] tts        485  get audio|use local  
[2025/08/10 19:56:03 846] tts        527  0  nil  1  
[2025/08/10 19:56:03 846] tts        657  TTS_MSG_GETAUDIO  0  
[2025/08/10 19:56:03 847] tts        485  get audio|use local  
[2025/08/10 19:56:03 847] tts        527  0  nil  1  
[2025/08/10 19:56:03 848] tts        657  TTS_MSG_GETAUDIO  0  
[2025/08/10 19:56:03 848] tts        485  get audio|use local  
[2025/08/10 19:56:03 848] tts        527  0  nil  1  
[2025/08/10 19:56:03 848] tts        657  TTS_MSG_GETAUDIO  0  
[2025/08/10 19:56:03 849] tts        485  get audio|use local  
[2025/08/10 19:56:03 849] tts        527  0  nil  1  
[2025/08/10 19:56:03 849] tts        657  TTS_MSG_GETAUDIO  0  
[2025/08/10 19:56:03 850] tts        485  get audio|use local  
[2025/08/10 19:56:03 850] tts        527  0  nil  1  
[2025/08/10 19:56:03 850] tts        657  TTS_MSG_GETAUDIO  0  
[2025/08/10 19:56:03 851] tts        485  get audio|use local  
[2025/08/10 19:56:03 851] tts        527  0  nil  1  
[2025/08/10 19:56:03 851] tts        657  TTS_MSG_GETAUDIO  0  
[2025/08/10 19:56:03 862] tts        485  get audio|use local  
[2025/08/10 19:56:03 862] tts        527  0  nil  1  
[2025/08/10 19:56:03 863] tts        657  TTS_MSG_GETAUDIO  0  
[2025/08/10 19:56:03 863] tts        485  get audio|use local  
[2025/08/10 19:56:03 863] tts        527  0  nil  1  
[2025/08/10 19:56:03 863] tts        657  TTS_MSG_GETAUDIO  0  
[2025/08/10 19:56:03 864] tts        485  get audio|use local  
[2025/08/10 19:56:03 864] tts        527  0  nil  1  
[2025/08/10 19:56:03 865] tts        657  TTS_MSG_GETAUDIO  0  
[2025/08/10 19:56:03 865] tts        485  get audio|use local  
[2025/08/10 19:56:03 865] tts        527  0  nil  1  
[2025/08/10 19:56:03 865] tts        657  TTS_MSG_GETAUDIO  0  
[2025/08/10 19:56:03 866] tts        485  get audio|use local  
[2025/08/10 19:56:03 866] tts        527  0  nil  1  
[2025/08/10 19:56:03 866] tts        657  TTS_MSG_GETAUDIO  0  
[2025/08/10 19:56:03 866] tts        485  get audio|use local  
[2025/08/10 19:56:03 866] tts        527  0  nil  1  
[2025/08/10 19:56:03 867] tts        657  TTS_MSG_GETAUDIO  0  
[2025/08/10 19:56:03 867] tts        485  get audio|use local  
[2025/08/10 19:56:03 867] tts        527  0  nil  1  
[2025/08/10 19:56:03 868] tts        657  TTS_MSG_GETAUDIO  0  
[2025/08/10 19:56:03 868] tts        485  get audio|use local  
[2025/08/10 19:56:03 868] tts        527  0  nil  1  
[2025/08/10 19:56:03 869] tts        657  TTS_MSG_GETAUDIO  0  
[2025/08/10 19:56:03 869] tts        485  get audio|use local  
[2025/08/10 19:56:03 869] tts        527  0  nil  1  
[2025/08/10 19:56:03 870] tts        657  TTS_MSG_GETAUDIO  0  
[2025/08/10 19:56:03 870] tts        485  get audio|use local  
[2025/08/10 19:56:03 870] tts        527  0  nil  1  
[2025/08/10 19:56:03 871] tts        657  TTS_MSG_GETAUDIO  0  
[2025/08/10 19:56:03 871] tts        485  get audio|use local  
[2025/08/10 19:56:03 871] tts        527  0  nil  1  
[2025/08/10 19:56:03 872] tts        657  TTS_MSG_GETAUDIO  0  
[2025/08/10 19:56:03 872] tts        485  get audio|use local  
[2025/08/10 19:56:03 873] tts        527  0  nil  1  
[2025/08/10 19:56:03 873] tts        657  TTS_MSG_GETAUDIO  0  
[2025/08/10 19:56:03 873] tts        485  get audio|use local  
[2025/08/10 19:56:03 874] tts        527  0  nil  1  
[2025/08/10 19:56:03 874] tts        657  TTS_MSG_GETAUDIO  0  
[2025/08/10 19:56:03 874] tts        485  get audio|use local  
[2025/08/10 19:56:03 874] tts        527  0  nil  1  
[2025/08/10 19:56:03 875] tts        657  TTS_MSG_GETAUDIO  0  
[2025/08/10 19:56:03 875] tts        485  get audio|use local  
[2025/08/10 19:56:03 875] tts        527  0  nil  1  
[2025/08/10 19:56:03 876] tts        657  TTS_MSG_GETAUDIO  0  
[2025/08/10 19:56:03 876] tts        485  get audio|use local  
[2025/08/10 19:56:03 876] tts        527  0  nil  1  
[2025/08/10 19:56:03 877] tts        657  TTS_MSG_GETAUDIO  0  
[2025/08/10 19:56:03 877] tts        485  get audio|use local  
[2025/08/10 19:56:03 877] tts        527  0  nil  1  
[2025/08/10 19:56:03 887] tts        657  TTS_MSG_GETAUDIO  0  
[2025/08/10 19:56:03 887] tts        485  get audio|use local  
[2025/08/10 19:56:03 887] tts        527  0  nil  1  
[2025/08/10 19:56:03 888] tts        657  TTS_MSG_GETAUDIO  0  
[2025/08/10 19:56:03 888] tts        485  get audio|use local  
[2025/08/10 19:56:03 888] tts        527  0  nil  1  
[2025/08/10 19:56:03 889] tts        657  TTS_MSG_GETAUDIO  0  
[2025/08/10 19:56:03 889] tts        485  get audio|use local  
[2025/08/10 19:56:03 889] tts        527  0  nil  1  
[2025/08/10 19:56:03 890] tts        657  TTS_MSG_GETAUDIO  0  
[2025/08/10 19:56:03 890] tts        485  get audio|use local  
[2025/08/10 19:56:03 890] tts        527  0  nil  1  
[2025/08/10 19:56:03 891] tts        657  TTS_MSG_GETAUDIO  0  
[2025/08/10 19:56:03 891] tts        485  get audio|use local  
[2025/08/10 19:56:03 891] tts        527  0  nil  1  
[2025/08/10 19:56:03 892] tts        657  TTS_MSG_GETAUDIO  0  
[2025/08/10 19:56:03 892] tts        485  get audio|use local  
[2025/08/10 19:56:03 892] tts        527  0  nil  1  
[2025/08/10 19:56:03 893] tts        657  TTS_MSG_GETAUDIO  0  
[2025/08/10 19:56:03 893] tts        485  get audio|use local  
[2025/08/10 19:56:03 893] tts        527  0  nil  1  
[2025/08/10 19:56:03 894] tts        657  TTS_MSG_GETAUDIO  0  
[2025/08/10 19:56:03 894] tts        485  get audio|use local  
[2025/08/10 19:56:03 894] tts        527  0  nil  1  
[2025/08/10 19:56:03 895] tts        657  TTS_MSG_GETAUDIO  0  
[2025/08/10 19:56:03 895] tts        485  get audio|use local  
[2025/08/10 19:56:03 895] tts        527  0  nil  1  
[2025/08/10 19:56:03 896] tts        657  TTS_MSG_GETAUDIO  0  
[2025/08/10 19:56:03 896] tts        485  get audio|use local  
[2025/08/10 19:56:03 896] tts        527  0  nil  1  
[2025/08/10 19:56:03 897] tts        657  TTS_MSG_GETAUDIO  0  
[2025/08/10 19:56:03 897] tts        485  get audio|use local  
[2025/08/10 19:56:03 897] tts        527  0  nil  1  
[2025/08/10 19:56:03 898] tts        657  TTS_MSG_GETAUDIO  0  
[2025/08/10 19:56:03 898] tts        485  get audio|use local  
[2025/08/10 19:56:03 898] tts        527  0  nil  1  
[2025/08/10 19:56:03 899] tts        657  TTS_MSG_GETAUDIO  0  
[2025/08/10 19:56:03 899] tts        485  get audio|use local  
[2025/08/10 19:56:03 899] tts        527  0  nil  1  
[2025/08/10 19:56:03 900] tts        657  TTS_MSG_GETAUDIO  0  
[2025/08/10 19:56:03 900] tts        485  get audio|use local  
[2025/08/10 19:56:03 900] tts        527  0  nil  1  
[2025/08/10 19:56:03 900] tts        657  TTS_MSG_GETAUDIO  0  
[2025/08/10 19:56:03 901] tts        485  get audio|use local  
[2025/08/10 19:56:03 901] tts        527  0  nil  1  
[2025/08/10 19:56:03 902] tts        657  TTS_MSG_GETAUDIO  0  
[2025/08/10 19:56:03 902] tts        485  get audio|use local  
[2025/08/10 19:56:03 902] tts        527  0  nil  1  
[2025/08/10 19:56:03 912] tts        657  TTS_MSG_GETAUDIO  0  
[2025/08/10 19:56:03 913] tts        485  get audio|use local  
[2025/08/10 19:56:03 913] tts        527  0  nil  1  
[2025/08/10 19:56:03 913] tts        657  TTS_MSG_GETAUDIO  0  
[2025/08/10 19:56:03 914] tts        485  get audio|use local  
[2025/08/10 19:56:03 914] tts        527  0  nil  1  
[2025/08/10 19:56:03 914] tts        657  TTS_MSG_GETAUDIO  0  
[2025/08/10 19:56:03 914] tts        485  get audio|use local  
[2025/08/10 19:56:03 915] tts        527  0  nil  1  
[2025/08/10 19:56:03 915] tts        657  TTS_MSG_GETAUDIO  0  
[2025/08/10 19:56:03 915] tts        485  get audio|use local  
[2025/08/10 19:56:03 915] tts        527  0  nil  1  
[2025/08/10 19:56:03 916] tts        657  TTS_MSG_GETAUDIO  0  
[2025/08/10 19:56:03 916] tts        485  get audio|use local  
[2025/08/10 19:56:03 916] tts        527  0  nil  1  
[2025/08/10 19:56:03 917] tts        657  TTS_MSG_GETAUDIO  0  
[2025/08/10 19:56:03 917] tts        485  get audio|use local  
[2025/08/10 19:56:03 917] tts        527  0  nil  1  
[2025/08/10 19:56:03 918] tts        657  TTS_MSG_GETAUDIO  0  
[2025/08/10 19:56:03 918] tts        485  get audio|use local  
[2025/08/10 19:56:03 918] tts        527  0  nil  1  
[2025/08/10 19:56:03 919] tts        657  TTS_MSG_GETAUDIO  0  
[2025/08/10 19:56:03 919] tts        485  get audio|use local  
[2025/08/10 19:56:03 919] tts        527  0  nil  1  
[2025/08/10 19:56:03 920] tts        657  TTS_MSG_GETAUDIO  0  
[2025/08/10 19:56:03 920] tts        485  get audio|use local  
[2025/08/10 19:56:03 920] tts        527  0  nil  1  
[2025/08/10 19:56:03 921] tts        657  TTS_MSG_GETAUDIO  0  
[2025/08/10 19:56:03 921] tts        485  get audio|use local  
[2025/08/10 19:56:03 921] tts        527  0  nil  1  
[2025/08/10 19:56:03 922] tts        657  TTS_MSG_GETAUDIO  0  
[2025/08/10 19:56:03 922] tts        485  get audio|use local  
[2025/08/10 19:56:03 922] tts        527  0  nil  1  
[2025/08/10 19:56:03 923] tts        657  TTS_MSG_GETAUDIO  0  
[2025/08/10 19:56:03 923] tts        485  get audio|use local  
[2025/08/10 19:56:03 923] tts        527  0  nil  1  
[2025/08/10 19:56:03 924] tts        657  TTS_MSG_GETAUDIO  0  
[2025/08/10 19:56:03 924] tts        485  get audio|use local  
[2025/08/10 19:56:03 924] tts        527  0  nil  1  
[2025/08/10 19:56:03 924] tts        657  TTS_MSG_GETAUDIO  0  
[2025/08/10 19:56:03 925] tts        485  get audio|use local  
[2025/08/10 19:56:03 925] tts        527  0  nil  1  
[2025/08/10 19:56:03 925] tts        657  TTS_MSG_GETAUDIO  0  
[2025/08/10 19:56:03 925] tts        485  get audio|use local  
[2025/08/10 19:56:03 926] tts        527  0  nil  1  
[2025/08/10 19:56:03 928] tts        657  TTS_MSG_GETAUDIO  0  
[2025/08/10 19:56:03 929] tts        485  get audio|use local  
[2025/08/10 19:56:03 929] tts        527  0  nil  1  
[2025/08/10 19:56:03 934] tts        657  TTS_MSG_GETAUDIO  0  
[2025/08/10 19:56:03 934] tts        485  get audio|use local  
[2025/08/10 19:56:03 934] tts        527  0  nil  1  
[2025/08/10 19:56:03 935] tts        657  TTS_MSG_GETAUDIO  0  
[2025/08/10 19:56:03 935] tts        485  get audio|use local  
[2025/08/10 19:56:03 935] tts        527  0  nil  1  
[2025/08/10 19:56:03 936] tts        657  TTS_MSG_GETAUDIO  0  
[2025/08/10 19:56:03 936] tts        485  get audio|use local  
[2025/08/10 19:56:03 936] tts        527  0  nil  1  
[2025/08/10 19:56:03 937] tts        657  TTS_MSG_GETAUDIO  0  
[2025/08/10 19:56:03 937] tts        485  get audio|use local  
[2025/08/10 19:56:03 937] tts        527  0  nil  1  
[2025/08/10 19:56:03 938] tts        657  TTS_MSG_GETAUDIO  0  
[2025/08/10 19:56:03 939] tts        485  get audio|use local  
[2025/08/10 19:56:03 939] tts        527  0  nil  1  
[2025/08/10 19:56:03 940] tts        657  TTS_MSG_GETAUDIO  0  
[2025/08/10 19:56:03 940] tts        485  get audio|use local  
[2025/08/10 19:56:03 940] tts        527  0  nil  1  
[2025/08/10 19:56:03 941] tts        657  TTS_MSG_GETAUDIO  0  
[2025/08/10 19:56:03 941] tts        485  get audio|use local  
[2025/08/10 19:56:03 941] tts        527  0  nil  1  
[2025/08/10 19:56:03 942] tts        657  TTS_MSG_GETAUDIO  0  
[2025/08/10 19:56:03 942] tts        485  get audio|use local  
[2025/08/10 19:56:03 942] tts        527  0  nil  1  
[2025/08/10 19:56:03 943] tts        657  TTS_MSG_GETAUDIO  0  
[2025/08/10 19:56:03 943] tts        485  get audio|use local  
[2025/08/10 19:56:03 943] tts        527  0  nil  1  
[2025/08/10 19:56:03 944] tts        657  TTS_MSG_GETAUDIO  0  
[2025/08/10 19:56:03 944] tts        485  get audio|use local  
[2025/08/10 19:56:03 944] tts        527  0  nil  1  
[2025/08/10 19:56:03 945] tts        657  TTS_MSG_GETAUDIO  0  
[2025/08/10 19:56:03 945] tts        485  get audio|use local  
[2025/08/10 19:56:03 945] tts        527  0  nil  1  
[2025/08/10 19:56:03 945] tts        657  TTS_MSG_GETAUDIO  0  
[2025/08/10 19:56:03 946] tts        485  get audio|use local  
[2025/08/10 19:56:03 946] tts        527  0  nil  1  
[2025/08/10 19:56:03 946] tts        657  TTS_MSG_GETAUDIO  0  
[2025/08/10 19:56:03 946] tts        485  get audio|use local  
[2025/08/10 19:56:03 947] tts        527  0  nil  1  
[2025/08/10 19:56:03 947] tts        657  TTS_MSG_GETAUDIO  0  
[2025/08/10 19:56:03 947] tts        485  get audio|use local  
[2025/08/10 19:56:03 948] tts        527  0  nil  1  
[2025/08/10 19:56:03 959] tts        657  TTS_MSG_GETAUDIO  0  
[2025/08/10 19:56:03 960] tts        485  get audio|use local  
[2025/08/10 19:56:03 960] tts        527  0  nil  1  
[2025/08/10 19:56:03 960] tts        657  TTS_MSG_GETAUDIO  0  
[2025/08/10 19:56:03 961] tts        485  get audio|use local  
[2025/08/10 19:56:03 961] tts        527  0  nil  1  
[2025/08/10 19:56:03 962] tts        657  TTS_MSG_GETAUDIO  0  
[2025/08/10 19:56:03 962] tts        485  get audio|use local  
[2025/08/10 19:56:03 963] tts        527  0  nil  1  
[2025/08/10 19:56:03 965] tts        657  TTS_MSG_GETAUDIO  0  
[2025/08/10 19:56:03 965] tts        485  get audio|use local  
[2025/08/10 19:56:03 965] tts        527  0  nil  1  
[2025/08/10 19:56:03 968] tts        657  TTS_MSG_GETAUDIO  0  
[2025/08/10 19:56:03 968] tts        485  get audio|use local  
[2025/08/10 19:56:03 968] tts        527  0  nil  1  
[2025/08/10 19:56:03 970] tts        657  TTS_MSG_GETAUDIO  0  
[2025/08/10 19:56:03 971] tts        485  get audio|use local  
[2025/08/10 19:56:03 971] tts        527  0  nil  1  
[2025/08/10 19:56:03 973] tts        657  TTS_MSG_GETAUDIO  0  
[2025/08/10 19:56:03 973] tts        485  get audio|use local  
[2025/08/10 19:56:03 973] tts        527  0  nil  1  
[2025/08/10 19:56:03 978] tts        299  TTS_LOCAL_CB_BEGIN  
[2025/08/10 19:56:03 979] tts        657  TTS_MSG_GETAUDIO  0  
[2025/08/10 19:56:03 979] tts        485  get audio|use local  
[2025/08/10 19:56:03 980] tts        498  local audiolen:  2042  ,ced:  15  
[2025/08/10 19:56:03 980] tts        527  0  udata(9006abc8) 1  
[2025/08/10 19:56:03 984] tts        657  TTS_MSG_GETAUDIO  0  
[2025/08/10 19:56:03 984] tts        485  get audio|use local  
[2025/08/10 19:56:03 984] tts        498  local audiolen:  2016  ,ced:  15  
[2025/08/10 19:56:03 984] tts        527  0  udata(9007ddf8) 1  
[2025/08/10 19:56:03 994] tts        657  TTS_MSG_GETAUDIO  0  
[2025/08/10 19:56:03 994] tts        485  get audio|use local  
[2025/08/10 19:56:03 995] tts        498  local audiolen:  1964  ,ced:  15  
[2025/08/10 19:56:03 995] tts        527  0  udata(9007f238) 1  
[2025/08/10 19:56:04 009] tts        657  TTS_MSG_GETAUDIO  0  
[2025/08/10 19:56:04 009] tts        485  get audio|use local  
[2025/08/10 19:56:04 009] tts        498  local audiolen:  1916  ,ced:  15  
[2025/08/10 19:56:04 009] tts        527  0  udata(90087968) 1  
[2025/08/10 19:56:04 009] tts        657  TTS_MSG_GETAUDIO  0  
[2025/08/10 19:56:04 010] tts        485  get audio|use local  
[2025/08/10 19:56:04 010] tts        498  local audiolen:  2018  ,ced:  15  
[2025/08/10 19:56:04 010] tts        527  0  udata(900881b8) 1  
[2025/08/10 19:56:04 010] tts        657  TTS_MSG_GETAUDIO  0  
[2025/08/10 19:56:04 010] tts        485  get audio|use local  
[2025/08/10 19:56:04 010] tts        498  local audiolen:  2008  ,ced:  15  
[2025/08/10 19:56:04 010] tts        527  0  udata(90088208) 1  
[2025/08/10 19:56:04 011] tts        657  TTS_MSG_GETAUDIO  0  
[2025/08/10 19:56:04 011] tts        485  get audio|use local  
[2025/08/10 19:56:04 011] tts        498  local audiolen:  2046  ,ced:  15  
[2025/08/10 19:56:04 011] tts        527  0  udata(90088258) 1  
[2025/08/10 19:56:04 012] tts        657  TTS_MSG_GETAUDIO  0  
[2025/08/10 19:56:04 012] tts        485  get audio|use local  
[2025/08/10 19:56:04 012] tts        498  local audiolen:  1972  ,ced:  15  
[2025/08/10 19:56:04 012] tts        527  0  udata(900882a8) 1  
[2025/08/10 19:56:04 013] tts        657  TTS_MSG_GETAUDIO  0  
[2025/08/10 19:56:04 013] tts        485  get audio|use local  
[2025/08/10 19:56:04 013] tts        498  local audiolen:  1934  ,ced:  15  
[2025/08/10 19:56:04 013] tts        527  0  udata(900882f8) 1  
[2025/08/10 19:56:04 014] tts        657  TTS_MSG_GETAUDIO  0  
[2025/08/10 19:56:04 014] tts        485  get audio|use local  
[2025/08/10 19:56:04 014] tts        498  local audiolen:  2016  ,ced:  15  
[2025/08/10 19:56:04 015] tts        527  0  udata(90087ab8) 1  
[2025/08/10 19:56:04 016] tts        301  0  0  
[2025/08/10 19:56:04 016] tts        312  TTS_LOCAL_CB_END,  2  
[2025/08/10 19:56:04 016] tts        657  TTS_MSG_GETAUDIO  0  
[2025/08/10 19:56:04 017] tts        485  get audio|use local  
[2025/08/10 19:56:04 017] tts        498  local audiolen:  2036  ,ced:  15  
[2025/08/10 19:56:04 017] tts        527  0  udata(90087da8) 1  
[2025/08/10 19:56:04 018] tts        657  TTS_MSG_GETAUDIO  0  
[2025/08/10 19:56:04 018] tts        485  get audio|use local  
[2025/08/10 19:56:04 018] tts        498  local audiolen:  1944  ,ced:  15  
[2025/08/10 19:56:04 018] tts        527  0  udata(90087df8) 1  
[2025/08/10 19:56:04 028] tts        657  TTS_MSG_GETAUDIO  0  
[2025/08/10 19:56:04 028] tts        485  get audio|use local  
[2025/08/10 19:56:04 028] tts        498  local audiolen:  1958  ,ced:  15  
[2025/08/10 19:56:04 028] tts        527  0  udata(90087e48) 1  
[2025/08/10 19:56:04 029] tts        657  TTS_MSG_GETAUDIO  0  
[2025/08/10 19:56:04 029] tts        485  get audio|use local  
[2025/08/10 19:56:04 029] tts        498  local audiolen:  2016  ,ced:  15  
[2025/08/10 19:56:04 029] tts        527  0  udata(90087e98) 1  
[2025/08/10 19:56:04 030] tts        657  TTS_MSG_GETAUDIO  0  
[2025/08/10 19:56:04 030] tts        485  get audio|use local  
[2025/08/10 19:56:04 030] tts        498  local audiolen:  2016  ,ced:  15  
[2025/08/10 19:56:04 030] tts        527  0  udata(90087ee8) 1  
[2025/08/10 19:56:04 030] tts        657  TTS_MSG_GETAUDIO  0  
[2025/08/10 19:56:04 031] tts        485  get audio|use local  
[2025/08/10 19:56:04 031] tts        498  local audiolen:  1976  ,ced:  15  
[2025/08/10 19:56:04 031] tts        527  0  udata(90087f38) 1  
[2025/08/10 19:56:04 031] tts        657  TTS_MSG_GETAUDIO  0  
[2025/08/10 19:56:04 031] tts        485  get audio|use local  
[2025/08/10 19:56:04 031] tts        498  local audiolen:  1932  ,ced:  15  
[2025/08/10 19:56:04 031] tts        527  0  udata(90087f88) 1  
[2025/08/10 19:56:04 032] tts        657  TTS_MSG_GETAUDIO  0  
[2025/08/10 19:56:04 032] tts        485  get audio|use local  
[2025/08/10 19:56:04 032] tts        498  local audiolen:  2022  ,ced:  15  
[2025/08/10 19:56:04 032] tts        527  0  udata(90087fd8) 1  
[2025/08/10 19:56:04 033] tts        657  TTS_MSG_GETAUDIO  0  
[2025/08/10 19:56:04 033] tts        485  get audio|use local  
[2025/08/10 19:56:04 033] tts        498  local audiolen:  1996  ,ced:  15  
[2025/08/10 19:56:04 033] tts        527  0  udata(90088028) 1  
[2025/08/10 19:56:04 033] tts        657  TTS_MSG_GETAUDIO  0  
[2025/08/10 19:56:04 034] tts        485  get audio|use local  
[2025/08/10 19:56:04 034] tts        498  local audiolen:  2030  ,ced:  15  
[2025/08/10 19:56:04 034] tts        527  0  udata(90088078) 1  
[2025/08/10 19:56:04 034] tts        657  TTS_MSG_GETAUDIO  0  
[2025/08/10 19:56:04 034] tts        485  get audio|use local  
[2025/08/10 19:56:04 034] tts        498  local audiolen:  2006  ,ced:  15  
[2025/08/10 19:56:04 034] tts        527  0  udata(900880c8) 1  
[2025/08/10 19:56:04 035] tts        657  TTS_MSG_GETAUDIO  0  
[2025/08/10 19:56:04 035] tts        485  get audio|use local  
[2025/08/10 19:56:04 035] tts        498  local audiolen:  2016  ,ced:  15  
[2025/08/10 19:56:04 035] tts        527  0  udata(90088118) 1  
[2025/08/10 19:56:04 036] tts        657  TTS_MSG_GETAUDIO  0  
[2025/08/10 19:56:04 036] tts        485  get audio|use local  
[2025/08/10 19:56:04 036] tts        498  local audiolen:  2016  ,ced:  15  
[2025/08/10 19:56:04 036] tts        527  0  udata(90088168) 1  
[2025/08/10 19:56:04 036] tts        657  TTS_MSG_GETAUDIO  0  
[2025/08/10 19:56:04 036] tts        485  get audio|use local  
[2025/08/10 19:56:04 036] tts        498  local audiolen:  960  ,ced:  15  
[2025/08/10 19:56:04 037] tts        527  0  udata(9007cba8) 2  
[2025/08/10 19:56:04 037] tts        660  TTS_MSG_SSE  
[2025/08/10 19:56:04 038] tts        585  sse|use local  
[2025/08/10 19:56:04 051] tts        603  tts exit  
[2025/08/10 19:56:04 052] tts        667  SYS_MSG_UNLOAD  
