============================================================
Time  2025/07/10 16:07:40 890 
============================================================
[2025/07/10 16:07:40 891] tts        676  SYS_MSG_REGCB param0 =  msp_status_cb  param1 =  func(64014a30) 
[2025/07/10 16:07:40 894] config     43   use general cloud  
[2025/07/10 16:07:40 910] tts_cloud  1417 SYS_MSG_REGCB_CLOUD param0 =   msp_status_cb  param1 =  func(64014a30) 
[2025/07/10 16:07:40 910] tts        647  TTS_MSG_SSB  
[2025/07/10 16:07:40 911] tts        375  params =  engine_type = local,voice_name=xiaoyan, text_encoding = UTF8, tts_res_path = fo|res/tts/xiaoyan.jet;fo|res/tts/common.jet, sample_rate = 16000, speed = 50, volume = 80, pitch = 50, rdn = 2  
[2025/07/10 16:07:40 911] tts        412  ssb|use local  
[2025/07/10 16:07:40 911] tts        349  local_session_begin  
[2025/07/10 16:07:40 917] tts        654  TTS_MSG_SYN  0  
[2025/07/10 16:07:40 917] tts        451  synth|use local  
[2025/07/10 16:07:40 919] tts        657  TTS_MSG_GETAUDIO  0  
[2025/07/10 16:07:40 919] tts        485  get audio|use local  
[2025/07/10 16:07:40 919] tts        527  0  nil  1  
[2025/07/10 16:07:40 921] tts        657  TTS_MSG_GETAUDIO  0  
[2025/07/10 16:07:40 921] tts        485  get audio|use local  
[2025/07/10 16:07:40 921] tts        527  0  nil  1  
[2025/07/10 16:07:40 923] tts        657  TTS_MSG_GETAUDIO  0  
[2025/07/10 16:07:40 923] tts        485  get audio|use local  
[2025/07/10 16:07:40 923] tts        527  0  nil  1  
[2025/07/10 16:07:40 924] tts        657  TTS_MSG_GETAUDIO  0  
[2025/07/10 16:07:40 924] tts        485  get audio|use local  
[2025/07/10 16:07:40 924] tts        527  0  nil  1  
[2025/07/10 16:07:40 925] tts        657  TTS_MSG_GETAUDIO  0  
[2025/07/10 16:07:40 926] tts        485  get audio|use local  
[2025/07/10 16:07:40 926] tts        527  0  nil  1  
[2025/07/10 16:07:40 928] tts        657  TTS_MSG_GETAUDIO  0  
[2025/07/10 16:07:40 928] tts        485  get audio|use local  
[2025/07/10 16:07:40 928] tts        527  0  nil  1  
[2025/07/10 16:07:40 929] tts        657  TTS_MSG_GETAUDIO  0  
[2025/07/10 16:07:40 930] tts        485  get audio|use local  
[2025/07/10 16:07:40 931] tts        527  0  nil  1  
[2025/07/10 16:07:40 932] tts        657  TTS_MSG_GETAUDIO  0  
[2025/07/10 16:07:40 932] tts        485  get audio|use local  
[2025/07/10 16:07:40 932] tts        527  0  nil  1  
[2025/07/10 16:07:40 933] tts        657  TTS_MSG_GETAUDIO  0  
[2025/07/10 16:07:40 933] tts        485  get audio|use local  
[2025/07/10 16:07:40 933] tts        527  0  nil  1  
[2025/07/10 16:07:40 935] tts        657  TTS_MSG_GETAUDIO  0  
[2025/07/10 16:07:40 936] tts        485  get audio|use local  
[2025/07/10 16:07:40 936] tts        527  0  nil  1  
[2025/07/10 16:07:40 937] tts        657  TTS_MSG_GETAUDIO  0  
[2025/07/10 16:07:40 937] tts        485  get audio|use local  
[2025/07/10 16:07:40 937] tts        527  0  nil  1  
[2025/07/10 16:07:40 939] tts        657  TTS_MSG_GETAUDIO  0  
[2025/07/10 16:07:40 940] tts        485  get audio|use local  
[2025/07/10 16:07:40 940] tts        527  0  nil  1  
[2025/07/10 16:07:40 943] tts        657  TTS_MSG_GETAUDIO  0  
[2025/07/10 16:07:40 943] tts        485  get audio|use local  
[2025/07/10 16:07:40 943] tts        527  0  nil  1  
[2025/07/10 16:07:40 954] tts        657  TTS_MSG_GETAUDIO  0  
[2025/07/10 16:07:40 954] tts        485  get audio|use local  
[2025/07/10 16:07:40 954] tts        527  0  nil  1  
[2025/07/10 16:07:40 955] tts        657  TTS_MSG_GETAUDIO  0  
[2025/07/10 16:07:40 956] tts        485  get audio|use local  
[2025/07/10 16:07:40 956] tts        527  0  nil  1  
[2025/07/10 16:07:40 966] tts        657  TTS_MSG_GETAUDIO  0  
[2025/07/10 16:07:40 967] tts        485  get audio|use local  
[2025/07/10 16:07:40 967] tts        527  0  nil  1  
[2025/07/10 16:07:40 968] tts        657  TTS_MSG_GETAUDIO  0  
[2025/07/10 16:07:40 969] tts        485  get audio|use local  
[2025/07/10 16:07:40 969] tts        527  0  nil  1  
[2025/07/10 16:07:40 970] tts        657  TTS_MSG_GETAUDIO  0  
[2025/07/10 16:07:40 970] tts        485  get audio|use local  
[2025/07/10 16:07:40 970] tts        527  0  nil  1  
[2025/07/10 16:07:40 971] tts        657  TTS_MSG_GETAUDIO  0  
[2025/07/10 16:07:40 971] tts        485  get audio|use local  
[2025/07/10 16:07:40 971] tts        527  0  nil  1  
[2025/07/10 16:07:40 972] tts        657  TTS_MSG_GETAUDIO  0  
[2025/07/10 16:07:40 972] tts        485  get audio|use local  
[2025/07/10 16:07:40 972] tts        527  0  nil  1  
[2025/07/10 16:07:40 973] tts        657  TTS_MSG_GETAUDIO  0  
[2025/07/10 16:07:40 973] tts        485  get audio|use local  
[2025/07/10 16:07:40 973] tts        527  0  nil  1  
[2025/07/10 16:07:40 974] tts        657  TTS_MSG_GETAUDIO  0  
[2025/07/10 16:07:40 974] tts        485  get audio|use local  
[2025/07/10 16:07:40 974] tts        527  0  nil  1  
[2025/07/10 16:07:40 975] tts        657  TTS_MSG_GETAUDIO  0  
[2025/07/10 16:07:40 975] tts        485  get audio|use local  
[2025/07/10 16:07:40 975] tts        527  0  nil  1  
[2025/07/10 16:07:40 976] tts        657  TTS_MSG_GETAUDIO  0  
[2025/07/10 16:07:40 976] tts        485  get audio|use local  
[2025/07/10 16:07:40 976] tts        527  0  nil  1  
[2025/07/10 16:07:40 977] tts        657  TTS_MSG_GETAUDIO  0  
[2025/07/10 16:07:40 978] tts        485  get audio|use local  
[2025/07/10 16:07:40 978] tts        527  0  nil  1  
[2025/07/10 16:07:40 979] tts        657  TTS_MSG_GETAUDIO  0  
[2025/07/10 16:07:40 979] tts        485  get audio|use local  
[2025/07/10 16:07:40 980] tts        527  0  nil  1  
[2025/07/10 16:07:40 981] tts        657  TTS_MSG_GETAUDIO  0  
[2025/07/10 16:07:40 981] tts        485  get audio|use local  
[2025/07/10 16:07:40 981] tts        527  0  nil  1  
[2025/07/10 16:07:40 982] tts        657  TTS_MSG_GETAUDIO  0  
[2025/07/10 16:07:40 982] tts        485  get audio|use local  
[2025/07/10 16:07:40 982] tts        527  0  nil  1  
[2025/07/10 16:07:40 983] tts        657  TTS_MSG_GETAUDIO  0  
[2025/07/10 16:07:40 983] tts        485  get audio|use local  
[2025/07/10 16:07:40 984] tts        527  0  nil  1  
[2025/07/10 16:07:40 985] tts        657  TTS_MSG_GETAUDIO  0  
[2025/07/10 16:07:40 985] tts        485  get audio|use local  
[2025/07/10 16:07:40 985] tts        527  0  nil  1  
[2025/07/10 16:07:40 988] tts        657  TTS_MSG_GETAUDIO  0  
[2025/07/10 16:07:40 988] tts        485  get audio|use local  
[2025/07/10 16:07:40 989] tts        527  0  nil  1  
[2025/07/10 16:07:40 990] tts        657  TTS_MSG_GETAUDIO  0  
[2025/07/10 16:07:40 990] tts        485  get audio|use local  
[2025/07/10 16:07:40 991] tts        527  0  nil  1  
[2025/07/10 16:07:40 992] tts        657  TTS_MSG_GETAUDIO  0  
[2025/07/10 16:07:40 992] tts        485  get audio|use local  
[2025/07/10 16:07:40 992] tts        527  0  nil  1  
[2025/07/10 16:07:40 995] tts        657  TTS_MSG_GETAUDIO  0  
[2025/07/10 16:07:40 995] tts        485  get audio|use local  
[2025/07/10 16:07:40 996] tts        527  0  nil  1  
[2025/07/10 16:07:40 998] tts        657  TTS_MSG_GETAUDIO  0  
[2025/07/10 16:07:40 998] tts        485  get audio|use local  
[2025/07/10 16:07:40 998] tts        527  0  nil  1  
[2025/07/10 16:07:41 000] tts        657  TTS_MSG_GETAUDIO  0  
[2025/07/10 16:07:41 001] tts        485  get audio|use local  
[2025/07/10 16:07:41 002] tts        527  0  nil  1  
[2025/07/10 16:07:41 010] tts        657  TTS_MSG_GETAUDIO  0  
[2025/07/10 16:07:41 011] tts        485  get audio|use local  
[2025/07/10 16:07:41 011] tts        527  0  nil  1  
[2025/07/10 16:07:41 014] tts        657  TTS_MSG_GETAUDIO  0  
[2025/07/10 16:07:41 015] tts        485  get audio|use local  
[2025/07/10 16:07:41 015] tts        527  0  nil  1  
[2025/07/10 16:07:41 016] tts        657  TTS_MSG_GETAUDIO  0  
[2025/07/10 16:07:41 016] tts        485  get audio|use local  
[2025/07/10 16:07:41 016] tts        527  0  nil  1  
[2025/07/10 16:07:41 017] tts        657  TTS_MSG_GETAUDIO  0  
[2025/07/10 16:07:41 017] tts        485  get audio|use local  
[2025/07/10 16:07:41 017] tts        527  0  nil  1  
[2025/07/10 16:07:41 018] tts        657  TTS_MSG_GETAUDIO  0  
[2025/07/10 16:07:41 018] tts        485  get audio|use local  
[2025/07/10 16:07:41 018] tts        527  0  nil  1  
[2025/07/10 16:07:41 021] tts        657  TTS_MSG_GETAUDIO  0  
[2025/07/10 16:07:41 021] tts        485  get audio|use local  
[2025/07/10 16:07:41 022] tts        527  0  nil  1  
[2025/07/10 16:07:41 023] tts        657  TTS_MSG_GETAUDIO  0  
[2025/07/10 16:07:41 023] tts        485  get audio|use local  
[2025/07/10 16:07:41 023] tts        527  0  nil  1  
[2025/07/10 16:07:41 024] tts        657  TTS_MSG_GETAUDIO  0  
[2025/07/10 16:07:41 024] tts        485  get audio|use local  
[2025/07/10 16:07:41 024] tts        527  0  nil  1  
[2025/07/10 16:07:41 027] tts        657  TTS_MSG_GETAUDIO  0  
[2025/07/10 16:07:41 027] tts        485  get audio|use local  
[2025/07/10 16:07:41 027] tts        527  0  nil  1  
[2025/07/10 16:07:41 028] tts        657  TTS_MSG_GETAUDIO  0  
[2025/07/10 16:07:41 028] tts        485  get audio|use local  
[2025/07/10 16:07:41 028] tts        527  0  nil  1  
[2025/07/10 16:07:41 030] tts        657  TTS_MSG_GETAUDIO  0  
[2025/07/10 16:07:41 030] tts        485  get audio|use local  
[2025/07/10 16:07:41 030] tts        527  0  nil  1  
[2025/07/10 16:07:41 056] tts        657  TTS_MSG_GETAUDIO  0  
[2025/07/10 16:07:41 056] tts        485  get audio|use local  
[2025/07/10 16:07:41 056] tts        527  0  nil  1  
[2025/07/10 16:07:41 057] tts        657  TTS_MSG_GETAUDIO  0  
[2025/07/10 16:07:41 057] tts        485  get audio|use local  
[2025/07/10 16:07:41 057] tts        527  0  nil  1  
[2025/07/10 16:07:41 057] tts        657  TTS_MSG_GETAUDIO  0  
[2025/07/10 16:07:41 057] tts        485  get audio|use local  
[2025/07/10 16:07:41 058] tts        527  0  nil  1  
[2025/07/10 16:07:41 058] tts        657  TTS_MSG_GETAUDIO  0  
[2025/07/10 16:07:41 058] tts        485  get audio|use local  
[2025/07/10 16:07:41 058] tts        527  0  nil  1  
[2025/07/10 16:07:41 059] tts        657  TTS_MSG_GETAUDIO  0  
[2025/07/10 16:07:41 059] tts        485  get audio|use local  
[2025/07/10 16:07:41 059] tts        527  0  nil  1  
[2025/07/10 16:07:41 060] tts        657  TTS_MSG_GETAUDIO  0  
[2025/07/10 16:07:41 060] tts        485  get audio|use local  
[2025/07/10 16:07:41 060] tts        527  0  nil  1  
[2025/07/10 16:07:41 060] tts        657  TTS_MSG_GETAUDIO  0  
[2025/07/10 16:07:41 060] tts        485  get audio|use local  
[2025/07/10 16:07:41 061] tts        527  0  nil  1  
[2025/07/10 16:07:41 061] tts        657  TTS_MSG_GETAUDIO  0  
[2025/07/10 16:07:41 061] tts        485  get audio|use local  
[2025/07/10 16:07:41 061] tts        527  0  nil  1  
[2025/07/10 16:07:41 062] tts        657  TTS_MSG_GETAUDIO  0  
[2025/07/10 16:07:41 062] tts        485  get audio|use local  
[2025/07/10 16:07:41 062] tts        527  0  nil  1  
[2025/07/10 16:07:41 063] tts        657  TTS_MSG_GETAUDIO  0  
[2025/07/10 16:07:41 063] tts        485  get audio|use local  
[2025/07/10 16:07:41 063] tts        527  0  nil  1  
[2025/07/10 16:07:41 064] tts        657  TTS_MSG_GETAUDIO  0  
[2025/07/10 16:07:41 065] tts        485  get audio|use local  
[2025/07/10 16:07:41 065] tts        527  0  nil  1  
[2025/07/10 16:07:41 067] tts        657  TTS_MSG_GETAUDIO  0  
[2025/07/10 16:07:41 067] tts        485  get audio|use local  
[2025/07/10 16:07:41 068] tts        527  0  nil  1  
[2025/07/10 16:07:41 071] tts        657  TTS_MSG_GETAUDIO  0  
[2025/07/10 16:07:41 071] tts        485  get audio|use local  
[2025/07/10 16:07:41 071] tts        527  0  nil  1  
[2025/07/10 16:07:41 073] tts        657  TTS_MSG_GETAUDIO  0  
[2025/07/10 16:07:41 073] tts        485  get audio|use local  
[2025/07/10 16:07:41 073] tts        527  0  nil  1  
[2025/07/10 16:07:41 075] tts        657  TTS_MSG_GETAUDIO  0  
[2025/07/10 16:07:41 075] tts        485  get audio|use local  
[2025/07/10 16:07:41 076] tts        527  0  nil  1  
[2025/07/10 16:07:41 077] tts        657  TTS_MSG_GETAUDIO  0  
[2025/07/10 16:07:41 079] tts        485  get audio|use local  
[2025/07/10 16:07:41 080] tts        527  0  nil  1  
[2025/07/10 16:07:41 083] tts        299  TTS_LOCAL_CB_BEGIN  
[2025/07/10 16:07:41 084] tts        657  TTS_MSG_GETAUDIO  0  
[2025/07/10 16:07:41 084] tts        485  get audio|use local  
[2025/07/10 16:07:41 084] tts        498  local audiolen:  2042  ,ced:  16  
[2025/07/10 16:07:41 084] tts        527  0  udata(6406abc8) 1  
[2025/07/10 16:07:41 086] tts        657  TTS_MSG_GETAUDIO  0  
[2025/07/10 16:07:41 086] tts        485  get audio|use local  
[2025/07/10 16:07:41 087] tts        498  local audiolen:  2016  ,ced:  16  
[2025/07/10 16:07:41 087] tts        527  0  udata(6407d9a8) 1  
[2025/07/10 16:07:41 088] tts        657  TTS_MSG_GETAUDIO  0  
[2025/07/10 16:07:41 088] tts        485  get audio|use local  
[2025/07/10 16:07:41 088] tts        498  local audiolen:  1970  ,ced:  16  
[2025/07/10 16:07:41 088] tts        527  0  udata(6407da98) 1  
[2025/07/10 16:07:41 093] tts        657  TTS_MSG_GETAUDIO  0  
[2025/07/10 16:07:41 093] tts        485  get audio|use local  
[2025/07/10 16:07:41 094] tts        527  0  nil  1  
[2025/07/10 16:07:41 101] tts        657  TTS_MSG_GETAUDIO  0  
[2025/07/10 16:07:41 101] tts        485  get audio|use local  
[2025/07/10 16:07:41 102] tts        498  local audiolen:  1900  ,ced:  16  
[2025/07/10 16:07:41 102] tts        527  0  udata(6407dbe8) 1  
[2025/07/10 16:07:41 103] tts        657  TTS_MSG_GETAUDIO  0  
[2025/07/10 16:07:41 103] tts        485  get audio|use local  
[2025/07/10 16:07:41 103] tts        527  0  nil  1  
[2025/07/10 16:07:41 104] tts        657  TTS_MSG_GETAUDIO  0  
[2025/07/10 16:07:41 104] tts        485  get audio|use local  
[2025/07/10 16:07:41 105] tts        527  0  nil  1  
[2025/07/10 16:07:41 107] tts        657  TTS_MSG_GETAUDIO  0  
[2025/07/10 16:07:41 108] tts        485  get audio|use local  
[2025/07/10 16:07:41 108] tts        498  local audiolen:  1972  ,ced:  16  
[2025/07/10 16:07:41 109] tts        527  0  udata(6407dd68) 1  
[2025/07/10 16:07:41 130] tts        301  0  0  
[2025/07/10 16:07:41 131] tts        312  TTS_LOCAL_CB_END,  2  
[2025/07/10 16:07:41 131] tts        657  TTS_MSG_GETAUDIO  0  
[2025/07/10 16:07:41 131] tts        485  get audio|use local  
[2025/07/10 16:07:41 131] tts        498  local audiolen:  1982  ,ced:  16  
[2025/07/10 16:07:41 131] tts        527  0  udata(64088218) 1  
[2025/07/10 16:07:41 134] tts        657  TTS_MSG_GETAUDIO  0  
[2025/07/10 16:07:41 135] tts        485  get audio|use local  
[2025/07/10 16:07:41 136] tts        498  local audiolen:  2046  ,ced:  16  
[2025/07/10 16:07:41 137] tts        527  0  udata(64088268) 1  
[2025/07/10 16:07:41 138] tts        657  TTS_MSG_GETAUDIO  0  
[2025/07/10 16:07:41 138] tts        485  get audio|use local  
[2025/07/10 16:07:41 138] tts        498  local audiolen:  1970  ,ced:  16  
[2025/07/10 16:07:41 138] tts        527  0  udata(640882b8) 1  
[2025/07/10 16:07:41 139] tts        657  TTS_MSG_GETAUDIO  0  
[2025/07/10 16:07:41 139] tts        485  get audio|use local  
[2025/07/10 16:07:41 139] tts        498  local audiolen:  1932  ,ced:  16  
[2025/07/10 16:07:41 139] tts        527  0  udata(64088308) 1  
[2025/07/10 16:07:41 140] tts        657  TTS_MSG_GETAUDIO  0  
[2025/07/10 16:07:41 140] tts        485  get audio|use local  
[2025/07/10 16:07:41 140] tts        498  local audiolen:  1996  ,ced:  16  
[2025/07/10 16:07:41 140] tts        527  0  udata(6407d218) 1  
[2025/07/10 16:07:41 141] tts        657  TTS_MSG_GETAUDIO  0  
[2025/07/10 16:07:41 141] tts        485  get audio|use local  
[2025/07/10 16:07:41 141] tts        498  local audiolen:  2008  ,ced:  16  
[2025/07/10 16:07:41 141] tts        527  0  udata(6407d268) 1  
[2025/07/10 16:07:41 142] tts        657  TTS_MSG_GETAUDIO  0  
[2025/07/10 16:07:41 142] tts        485  get audio|use local  
[2025/07/10 16:07:41 142] tts        498  local audiolen:  1934  ,ced:  16  
[2025/07/10 16:07:41 143] tts        527  0  udata(6407d2b8) 1  
[2025/07/10 16:07:41 143] tts        657  TTS_MSG_GETAUDIO  0  
[2025/07/10 16:07:41 143] tts        485  get audio|use local  
[2025/07/10 16:07:41 144] tts        498  local audiolen:  1992  ,ced:  16  
[2025/07/10 16:07:41 144] tts        527  0  udata(6407d308) 1  
[2025/07/10 16:07:41 144] tts        657  TTS_MSG_GETAUDIO  0  
[2025/07/10 16:07:41 144] tts        485  get audio|use local  
[2025/07/10 16:07:41 145] tts        498  local audiolen:  2016  ,ced:  16  
[2025/07/10 16:07:41 145] tts        527  0  udata(6407d358) 1  
[2025/07/10 16:07:41 145] tts        657  TTS_MSG_GETAUDIO  0  
[2025/07/10 16:07:41 145] tts        485  get audio|use local  
[2025/07/10 16:07:41 146] tts        498  local audiolen:  1942  ,ced:  16  
[2025/07/10 16:07:41 146] tts        527  0  udata(6407d3a8) 1  
[2025/07/10 16:07:41 147] tts        657  TTS_MSG_GETAUDIO  0  
[2025/07/10 16:07:41 147] tts        485  get audio|use local  
[2025/07/10 16:07:41 147] tts        498  local audiolen:  2046  ,ced:  16  
[2025/07/10 16:07:41 147] tts        527  0  udata(6407d3f8) 1  
[2025/07/10 16:07:41 148] tts        657  TTS_MSG_GETAUDIO  0  
[2025/07/10 16:07:41 148] tts        485  get audio|use local  
[2025/07/10 16:07:41 148] tts        498  local audiolen:  1974  ,ced:  16  
[2025/07/10 16:07:41 148] tts        527  0  udata(6407d448) 1  
[2025/07/10 16:07:41 149] tts        657  TTS_MSG_GETAUDIO  0  
[2025/07/10 16:07:41 149] tts        485  get audio|use local  
[2025/07/10 16:07:41 149] tts        498  local audiolen:  2000  ,ced:  16  
[2025/07/10 16:07:41 149] tts        527  0  udata(6407d498) 1  
[2025/07/10 16:07:41 150] tts        657  TTS_MSG_GETAUDIO  0  
[2025/07/10 16:07:41 150] tts        485  get audio|use local  
[2025/07/10 16:07:41 150] tts        498  local audiolen:  2010  ,ced:  16  
[2025/07/10 16:07:41 150] tts        527  0  udata(6407d4e8) 1  
[2025/07/10 16:07:41 151] tts        657  TTS_MSG_GETAUDIO  0  
[2025/07/10 16:07:41 151] tts        485  get audio|use local  
[2025/07/10 16:07:41 151] tts        498  local audiolen:  1910  ,ced:  16  
[2025/07/10 16:07:41 151] tts        527  0  udata(6407d538) 1  
[2025/07/10 16:07:41 152] tts        657  TTS_MSG_GETAUDIO  0  
[2025/07/10 16:07:41 152] tts        485  get audio|use local  
[2025/07/10 16:07:41 152] tts        498  local audiolen:  1982  ,ced:  16  
[2025/07/10 16:07:41 153] tts        527  0  udata(6407d588) 1  
[2025/07/10 16:07:41 153] tts        657  TTS_MSG_GETAUDIO  0  
[2025/07/10 16:07:41 153] tts        485  get audio|use local  
[2025/07/10 16:07:41 154] tts        498  local audiolen:  1852  ,ced:  16  
[2025/07/10 16:07:41 154] tts        527  0  udata(6407eed8) 1  
[2025/07/10 16:07:41 154] tts        657  TTS_MSG_GETAUDIO  0  
[2025/07/10 16:07:41 154] tts        485  get audio|use local  
[2025/07/10 16:07:41 155] tts        498  local audiolen:  1974  ,ced:  16  
[2025/07/10 16:07:41 155] tts        527  0  udata(6407d5d8) 1  
[2025/07/10 16:07:41 156] tts        657  TTS_MSG_GETAUDIO  0  
[2025/07/10 16:07:41 156] tts        485  get audio|use local  
[2025/07/10 16:07:41 156] tts        498  local audiolen:  960  ,ced:  16  
[2025/07/10 16:07:41 158] tts        527  0  udata(6407eb58) 2  
[2025/07/10 16:07:41 177] tts        660  TTS_MSG_SSE  
[2025/07/10 16:07:41 179] tts        585  sse|use local  
[2025/07/10 16:07:41 184] tts        603  tts exit  
