============================================================
Time  2025/08/10 19:57:58 682 
============================================================
[2025/08/10 19:57:58 682] tts        676  SYS_MSG_REGCB param0 =  msp_status_cb  param1 =  func(6c014a30) 
[2025/08/10 19:57:58 687] config     43   use general cloud  
[2025/08/10 19:57:58 696] tts_cloud  1417 SYS_MSG_REGCB_CLOUD param0 =   msp_status_cb  param1 =  func(6c014a30) 
[2025/08/10 19:57:58 697] tts        647  TTS_MSG_SSB  
[2025/08/10 19:57:58 697] tts        375  params =  engine_type = local,voice_name=xiaoyan, text_encoding = UTF8, tts_res_path = fo|res/tts/xiaoyan.jet;fo|res/tts/common.jet, sample_rate = 16000, speed = 50, volume = 80, pitch = 50, rdn = 2  
[2025/08/10 19:57:58 698] tts        412  ssb|use local  
[2025/08/10 19:57:58 698] tts        349  local_session_begin  
[2025/08/10 19:57:58 702] tts        654  TTS_MSG_SYN  0  
[2025/08/10 19:57:58 702] tts        451  synth|use local  
[2025/08/10 19:57:58 703] tts        657  TTS_MSG_GETAUDIO  0  
[2025/08/10 19:57:58 703] tts        485  get audio|use local  
[2025/08/10 19:57:58 704] tts        527  0  nil  1  
[2025/08/10 19:57:58 705] tts        657  TTS_MSG_GETAUDIO  0  
[2025/08/10 19:57:58 705] tts        485  get audio|use local  
[2025/08/10 19:57:58 705] tts        527  0  nil  1  
[2025/08/10 19:57:58 706] tts        657  TTS_MSG_GETAUDIO  0  
[2025/08/10 19:57:58 706] tts        485  get audio|use local  
[2025/08/10 19:57:58 707] tts        527  0  nil  1  
[2025/08/10 19:57:58 708] tts        657  TTS_MSG_GETAUDIO  0  
[2025/08/10 19:57:58 708] tts        485  get audio|use local  
[2025/08/10 19:57:58 708] tts        527  0  nil  1  
[2025/08/10 19:57:58 709] tts        657  TTS_MSG_GETAUDIO  0  
[2025/08/10 19:57:58 709] tts        485  get audio|use local  
[2025/08/10 19:57:58 709] tts        527  0  nil  1  
[2025/08/10 19:57:58 711] tts        657  TTS_MSG_GETAUDIO  0  
[2025/08/10 19:57:58 711] tts        485  get audio|use local  
[2025/08/10 19:57:58 712] tts        527  0  nil  1  
[2025/08/10 19:57:58 713] tts        657  TTS_MSG_GETAUDIO  0  
[2025/08/10 19:57:58 713] tts        485  get audio|use local  
[2025/08/10 19:57:58 713] tts        527  0  nil  1  
[2025/08/10 19:57:58 714] tts        657  TTS_MSG_GETAUDIO  0  
[2025/08/10 19:57:58 715] tts        485  get audio|use local  
[2025/08/10 19:57:58 715] tts        527  0  nil  1  
[2025/08/10 19:57:58 716] tts        657  TTS_MSG_GETAUDIO  0  
[2025/08/10 19:57:58 716] tts        485  get audio|use local  
[2025/08/10 19:57:58 716] tts        527  0  nil  1  
[2025/08/10 19:57:58 717] tts        657  TTS_MSG_GETAUDIO  0  
[2025/08/10 19:57:58 717] tts        485  get audio|use local  
[2025/08/10 19:57:58 717] tts        527  0  nil  1  
[2025/08/10 19:57:58 718] tts        657  TTS_MSG_GETAUDIO  0  
[2025/08/10 19:57:58 718] tts        485  get audio|use local  
[2025/08/10 19:57:58 718] tts        527  0  nil  1  
[2025/08/10 19:57:58 719] tts        657  TTS_MSG_GETAUDIO  0  
[2025/08/10 19:57:58 719] tts        485  get audio|use local  
[2025/08/10 19:57:58 719] tts        527  0  nil  1  
[2025/08/10 19:57:58 721] tts        657  TTS_MSG_GETAUDIO  0  
[2025/08/10 19:57:58 721] tts        485  get audio|use local  
[2025/08/10 19:57:58 721] tts        527  0  nil  1  
[2025/08/10 19:57:58 722] tts        657  TTS_MSG_GETAUDIO  0  
[2025/08/10 19:57:58 722] tts        485  get audio|use local  
[2025/08/10 19:57:58 722] tts        527  0  nil  1  
[2025/08/10 19:57:58 723] tts        657  TTS_MSG_GETAUDIO  0  
[2025/08/10 19:57:58 723] tts        485  get audio|use local  
[2025/08/10 19:57:58 723] tts        527  0  nil  1  
[2025/08/10 19:57:58 724] tts        657  TTS_MSG_GETAUDIO  0  
[2025/08/10 19:57:58 724] tts        485  get audio|use local  
[2025/08/10 19:57:58 724] tts        527  0  nil  1  
[2025/08/10 19:57:58 725] tts        657  TTS_MSG_GETAUDIO  0  
[2025/08/10 19:57:58 725] tts        485  get audio|use local  
[2025/08/10 19:57:58 725] tts        527  0  nil  1  
[2025/08/10 19:57:58 726] tts        657  TTS_MSG_GETAUDIO  0  
[2025/08/10 19:57:58 726] tts        485  get audio|use local  
[2025/08/10 19:57:58 726] tts        527  0  nil  1  
[2025/08/10 19:57:58 727] tts        657  TTS_MSG_GETAUDIO  0  
[2025/08/10 19:57:58 727] tts        485  get audio|use local  
[2025/08/10 19:57:58 727] tts        527  0  nil  1  
[2025/08/10 19:57:58 728] tts        657  TTS_MSG_GETAUDIO  0  
[2025/08/10 19:57:58 728] tts        485  get audio|use local  
[2025/08/10 19:57:58 728] tts        527  0  nil  1  
[2025/08/10 19:57:58 729] tts        657  TTS_MSG_GETAUDIO  0  
[2025/08/10 19:57:58 729] tts        485  get audio|use local  
[2025/08/10 19:57:58 729] tts        527  0  nil  1  
[2025/08/10 19:57:58 730] tts        657  TTS_MSG_GETAUDIO  0  
[2025/08/10 19:57:58 730] tts        485  get audio|use local  
[2025/08/10 19:57:58 730] tts        527  0  nil  1  
[2025/08/10 19:57:58 731] tts        657  TTS_MSG_GETAUDIO  0  
[2025/08/10 19:57:58 731] tts        485  get audio|use local  
[2025/08/10 19:57:58 731] tts        527  0  nil  1  
[2025/08/10 19:57:58 732] tts        657  TTS_MSG_GETAUDIO  0  
[2025/08/10 19:57:58 732] tts        485  get audio|use local  
[2025/08/10 19:57:58 733] tts        527  0  nil  1  
[2025/08/10 19:57:58 734] tts        657  TTS_MSG_GETAUDIO  0  
[2025/08/10 19:57:58 734] tts        485  get audio|use local  
[2025/08/10 19:57:58 734] tts        527  0  nil  1  
[2025/08/10 19:57:58 735] tts        657  TTS_MSG_GETAUDIO  0  
[2025/08/10 19:57:58 735] tts        485  get audio|use local  
[2025/08/10 19:57:58 735] tts        527  0  nil  1  
[2025/08/10 19:57:58 737] tts        657  TTS_MSG_GETAUDIO  0  
[2025/08/10 19:57:58 737] tts        485  get audio|use local  
[2025/08/10 19:57:58 737] tts        527  0  nil  1  
[2025/08/10 19:57:58 740] tts        657  TTS_MSG_GETAUDIO  0  
[2025/08/10 19:57:58 740] tts        485  get audio|use local  
[2025/08/10 19:57:58 740] tts        527  0  nil  1  
[2025/08/10 19:57:58 750] tts        657  TTS_MSG_GETAUDIO  0  
[2025/08/10 19:57:58 750] tts        485  get audio|use local  
[2025/08/10 19:57:58 750] tts        527  0  nil  1  
[2025/08/10 19:57:58 752] tts        657  TTS_MSG_GETAUDIO  0  
[2025/08/10 19:57:58 752] tts        485  get audio|use local  
[2025/08/10 19:57:58 752] tts        527  0  nil  1  
[2025/08/10 19:57:58 752] tts        657  TTS_MSG_GETAUDIO  0  
[2025/08/10 19:57:58 753] tts        485  get audio|use local  
[2025/08/10 19:57:58 753] tts        527  0  nil  1  
[2025/08/10 19:57:58 753] tts        657  TTS_MSG_GETAUDIO  0  
[2025/08/10 19:57:58 754] tts        485  get audio|use local  
[2025/08/10 19:57:58 754] tts        527  0  nil  1  
[2025/08/10 19:57:58 754] tts        657  TTS_MSG_GETAUDIO  0  
[2025/08/10 19:57:58 754] tts        485  get audio|use local  
[2025/08/10 19:57:58 755] tts        527  0  nil  1  
[2025/08/10 19:57:58 756] tts        657  TTS_MSG_GETAUDIO  0  
[2025/08/10 19:57:58 756] tts        485  get audio|use local  
[2025/08/10 19:57:58 756] tts        527  0  nil  1  
[2025/08/10 19:57:58 757] tts        657  TTS_MSG_GETAUDIO  0  
[2025/08/10 19:57:58 757] tts        485  get audio|use local  
[2025/08/10 19:57:58 757] tts        527  0  nil  1  
[2025/08/10 19:57:58 758] tts        657  TTS_MSG_GETAUDIO  0  
[2025/08/10 19:57:58 758] tts        485  get audio|use local  
[2025/08/10 19:57:58 758] tts        527  0  nil  1  
[2025/08/10 19:57:58 773] tts        657  TTS_MSG_GETAUDIO  0  
[2025/08/10 19:57:58 773] tts        485  get audio|use local  
[2025/08/10 19:57:58 773] tts        527  0  nil  1  
[2025/08/10 19:57:58 773] tts        657  TTS_MSG_GETAUDIO  0  
[2025/08/10 19:57:58 773] tts        485  get audio|use local  
[2025/08/10 19:57:58 774] tts        527  0  nil  1  
[2025/08/10 19:57:58 775] tts        657  TTS_MSG_GETAUDIO  0  
[2025/08/10 19:57:58 775] tts        485  get audio|use local  
[2025/08/10 19:57:58 775] tts        527  0  nil  1  
[2025/08/10 19:57:58 776] tts        657  TTS_MSG_GETAUDIO  0  
[2025/08/10 19:57:58 776] tts        485  get audio|use local  
[2025/08/10 19:57:58 776] tts        527  0  nil  1  
[2025/08/10 19:57:58 777] tts        657  TTS_MSG_GETAUDIO  0  
[2025/08/10 19:57:58 777] tts        485  get audio|use local  
[2025/08/10 19:57:58 777] tts        527  0  nil  1  
[2025/08/10 19:57:58 778] tts        657  TTS_MSG_GETAUDIO  0  
[2025/08/10 19:57:58 778] tts        485  get audio|use local  
[2025/08/10 19:57:58 778] tts        527  0  nil  1  
[2025/08/10 19:57:58 779] tts        657  TTS_MSG_GETAUDIO  0  
[2025/08/10 19:57:58 779] tts        485  get audio|use local  
[2025/08/10 19:57:58 779] tts        527  0  nil  1  
[2025/08/10 19:57:58 780] tts        657  TTS_MSG_GETAUDIO  0  
[2025/08/10 19:57:58 780] tts        485  get audio|use local  
[2025/08/10 19:57:58 781] tts        527  0  nil  1  
[2025/08/10 19:57:58 781] tts        657  TTS_MSG_GETAUDIO  0  
[2025/08/10 19:57:58 782] tts        485  get audio|use local  
[2025/08/10 19:57:58 782] tts        527  0  nil  1  
[2025/08/10 19:57:58 782] tts        657  TTS_MSG_GETAUDIO  0  
[2025/08/10 19:57:58 782] tts        485  get audio|use local  
[2025/08/10 19:57:58 783] tts        527  0  nil  1  
[2025/08/10 19:57:58 783] tts        657  TTS_MSG_GETAUDIO  0  
[2025/08/10 19:57:58 784] tts        485  get audio|use local  
[2025/08/10 19:57:58 784] tts        527  0  nil  1  
[2025/08/10 19:57:58 785] tts        657  TTS_MSG_GETAUDIO  0  
[2025/08/10 19:57:58 785] tts        485  get audio|use local  
[2025/08/10 19:57:58 785] tts        527  0  nil  1  
[2025/08/10 19:57:58 788] tts        657  TTS_MSG_GETAUDIO  0  
[2025/08/10 19:57:58 788] tts        485  get audio|use local  
[2025/08/10 19:57:58 789] tts        527  0  nil  1  
[2025/08/10 19:57:58 790] tts        657  TTS_MSG_GETAUDIO  0  
[2025/08/10 19:57:58 790] tts        485  get audio|use local  
[2025/08/10 19:57:58 790] tts        527  0  nil  1  
[2025/08/10 19:57:58 791] tts        657  TTS_MSG_GETAUDIO  0  
[2025/08/10 19:57:58 791] tts        485  get audio|use local  
[2025/08/10 19:57:58 791] tts        527  0  nil  1  
[2025/08/10 19:57:58 792] tts        657  TTS_MSG_GETAUDIO  0  
[2025/08/10 19:57:58 792] tts        485  get audio|use local  
[2025/08/10 19:57:58 792] tts        527  0  nil  1  
[2025/08/10 19:57:58 793] tts        657  TTS_MSG_GETAUDIO  0  
[2025/08/10 19:57:58 793] tts        485  get audio|use local  
[2025/08/10 19:57:58 793] tts        527  0  nil  1  
[2025/08/10 19:57:58 794] tts        657  TTS_MSG_GETAUDIO  0  
[2025/08/10 19:57:58 794] tts        485  get audio|use local  
[2025/08/10 19:57:58 795] tts        527  0  nil  1  
[2025/08/10 19:57:58 797] tts        657  TTS_MSG_GETAUDIO  0  
[2025/08/10 19:57:58 797] tts        485  get audio|use local  
[2025/08/10 19:57:58 797] tts        527  0  nil  1  
[2025/08/10 19:57:58 798] tts        657  TTS_MSG_GETAUDIO  0  
[2025/08/10 19:57:58 798] tts        485  get audio|use local  
[2025/08/10 19:57:58 799] tts        527  0  nil  1  
[2025/08/10 19:57:58 800] tts        657  TTS_MSG_GETAUDIO  0  
[2025/08/10 19:57:58 800] tts        485  get audio|use local  
[2025/08/10 19:57:58 800] tts        527  0  nil  1  
[2025/08/10 19:57:58 802] tts        657  TTS_MSG_GETAUDIO  0  
[2025/08/10 19:57:58 802] tts        485  get audio|use local  
[2025/08/10 19:57:58 802] tts        527  0  nil  1  
[2025/08/10 19:57:58 804] tts        657  TTS_MSG_GETAUDIO  0  
[2025/08/10 19:57:58 805] tts        485  get audio|use local  
[2025/08/10 19:57:58 805] tts        527  0  nil  1  
[2025/08/10 19:57:58 810] tts        299  TTS_LOCAL_CB_BEGIN  
[2025/08/10 19:57:58 815] tts        657  TTS_MSG_GETAUDIO  0  
[2025/08/10 19:57:58 815] tts        485  get audio|use local  
[2025/08/10 19:57:58 816] tts        527  0  nil  1  
[2025/08/10 19:57:58 819] tts        657  TTS_MSG_GETAUDIO  0  
[2025/08/10 19:57:58 819] tts        485  get audio|use local  
[2025/08/10 19:57:58 819] tts        498  local audiolen:  2042  ,ced:  16  
[2025/08/10 19:57:58 819] tts        527  0  udata(6c06abc8) 1  
[2025/08/10 19:57:58 820] tts        657  TTS_MSG_GETAUDIO  0  
[2025/08/10 19:57:58 820] tts        485  get audio|use local  
[2025/08/10 19:57:58 820] tts        527  0  nil  1  
[2025/08/10 19:57:58 829] tts        657  TTS_MSG_GETAUDIO  0  
[2025/08/10 19:57:58 829] tts        485  get audio|use local  
[2025/08/10 19:57:58 829] tts        498  local audiolen:  2016  ,ced:  16  
[2025/08/10 19:57:58 829] tts        527  0  udata(6c07d368) 1  
[2025/08/10 19:57:58 830] tts        657  TTS_MSG_GETAUDIO  0  
[2025/08/10 19:57:58 830] tts        485  get audio|use local  
[2025/08/10 19:57:58 830] tts        498  local audiolen:  1970  ,ced:  16  
[2025/08/10 19:57:58 830] tts        527  0  udata(6c088288) 1  
[2025/08/10 19:57:58 831] tts        657  TTS_MSG_GETAUDIO  0  
[2025/08/10 19:57:58 831] tts        485  get audio|use local  
[2025/08/10 19:57:58 831] tts        498  local audiolen:  1900  ,ced:  16  
[2025/08/10 19:57:58 831] tts        527  0  udata(6c088238) 1  
[2025/08/10 19:57:58 831] tts        657  TTS_MSG_GETAUDIO  0  
[2025/08/10 19:57:58 831] tts        485  get audio|use local  
[2025/08/10 19:57:58 832] tts        498  local audiolen:  1972  ,ced:  16  
[2025/08/10 19:57:58 832] tts        527  0  udata(6c0882d8) 1  
[2025/08/10 19:57:58 832] tts        657  TTS_MSG_GETAUDIO  0  
[2025/08/10 19:57:58 832] tts        485  get audio|use local  
[2025/08/10 19:57:58 832] tts        498  local audiolen:  1982  ,ced:  16  
[2025/08/10 19:57:58 832] tts        527  0  udata(6c07cf48) 1  
[2025/08/10 19:57:58 833] tts        657  TTS_MSG_GETAUDIO  0  
[2025/08/10 19:57:58 833] tts        485  get audio|use local  
[2025/08/10 19:57:58 833] tts        498  local audiolen:  2046  ,ced:  16  
[2025/08/10 19:57:58 833] tts        527  0  udata(6c07cf98) 1  
[2025/08/10 19:57:58 834] tts        657  TTS_MSG_GETAUDIO  0  
[2025/08/10 19:57:58 834] tts        485  get audio|use local  
[2025/08/10 19:57:58 834] tts        527  0  nil  1  
[2025/08/10 19:57:58 834] tts        657  TTS_MSG_GETAUDIO  0  
[2025/08/10 19:57:58 834] tts        485  get audio|use local  
[2025/08/10 19:57:58 835] tts        527  0  nil  1  
[2025/08/10 19:57:58 835] tts        657  TTS_MSG_GETAUDIO  0  
[2025/08/10 19:57:58 835] tts        485  get audio|use local  
[2025/08/10 19:57:58 835] tts        527  0  nil  1  
[2025/08/10 19:57:58 836] tts        657  TTS_MSG_GETAUDIO  0  
[2025/08/10 19:57:58 836] tts        485  get audio|use local  
[2025/08/10 19:57:58 836] tts        527  0  nil  1  
[2025/08/10 19:57:58 839] tts        657  TTS_MSG_GETAUDIO  0  
[2025/08/10 19:57:58 839] tts        485  get audio|use local  
[2025/08/10 19:57:58 839] tts        498  local audiolen:  1970  ,ced:  16  
[2025/08/10 19:57:58 839] tts        527  0  udata(6c07d0e8) 1  
[2025/08/10 19:57:58 840] tts        657  TTS_MSG_GETAUDIO  0  
[2025/08/10 19:57:58 840] tts        485  get audio|use local  
[2025/08/10 19:57:58 840] tts        527  0  nil  1  
[2025/08/10 19:57:58 841] tts        657  TTS_MSG_GETAUDIO  0  
[2025/08/10 19:57:58 841] tts        485  get audio|use local  
[2025/08/10 19:57:58 842] tts        498  local audiolen:  1932  ,ced:  16  
[2025/08/10 19:57:58 842] tts        527  0  udata(6c07d238) 1  
[2025/08/10 19:57:58 843] tts        657  TTS_MSG_GETAUDIO  0  
[2025/08/10 19:57:58 843] tts        485  get audio|use local  
[2025/08/10 19:57:58 843] tts        498  local audiolen:  1994  ,ced:  16  
[2025/08/10 19:57:58 844] tts        527  0  udata(6c013608) 1  
[2025/08/10 19:57:58 846] tts        657  TTS_MSG_GETAUDIO  0  
[2025/08/10 19:57:58 846] tts        485  get audio|use local  
[2025/08/10 19:57:58 846] tts        498  local audiolen:  2008  ,ced:  16  
[2025/08/10 19:57:58 846] tts        527  0  udata(6c087cd8) 1  
[2025/08/10 19:57:58 849] tts        657  TTS_MSG_GETAUDIO  0  
[2025/08/10 19:57:58 849] tts        485  get audio|use local  
[2025/08/10 19:57:58 849] tts        498  local audiolen:  1932  ,ced:  16  
[2025/08/10 19:57:58 849] tts        527  0  udata(6c087e28) 1  
[2025/08/10 19:57:58 850] tts        657  TTS_MSG_GETAUDIO  0  
[2025/08/10 19:57:58 850] tts        485  get audio|use local  
[2025/08/10 19:57:58 850] tts        527  0  nil  1  
[2025/08/10 19:57:58 852] tts        657  TTS_MSG_GETAUDIO  0  
[2025/08/10 19:57:58 852] tts        485  get audio|use local  
[2025/08/10 19:57:58 852] tts        498  local audiolen:  2044  ,ced:  16  
[2025/08/10 19:57:58 852] tts        527  0  udata(6c087f78) 1  
[2025/08/10 19:57:58 855] tts        657  TTS_MSG_GETAUDIO  0  
[2025/08/10 19:57:58 855] tts        485  get audio|use local  
[2025/08/10 19:57:58 855] tts        498  local audiolen:  2014  ,ced:  16  
[2025/08/10 19:57:58 855] tts        527  0  udata(6c0880c8) 1  
[2025/08/10 19:57:58 856] tts        657  TTS_MSG_GETAUDIO  0  
[2025/08/10 19:57:58 856] tts        485  get audio|use local  
[2025/08/10 19:57:58 856] tts        527  0  nil  1  
[2025/08/10 19:57:58 858] tts        657  TTS_MSG_GETAUDIO  0  
[2025/08/10 19:57:58 858] tts        485  get audio|use local  
[2025/08/10 19:57:58 858] tts        498  local audiolen:  1982  ,ced:  16  
[2025/08/10 19:57:58 858] tts        527  0  udata(6c07ed78) 1  
[2025/08/10 19:57:58 864] tts        657  TTS_MSG_GETAUDIO  0  
[2025/08/10 19:57:58 864] tts        485  get audio|use local  
[2025/08/10 19:57:58 864] tts        498  local audiolen:  2006  ,ced:  16  
[2025/08/10 19:57:58 864] tts        527  0  udata(6c07f798) 1  
[2025/08/10 19:57:58 865] tts        657  TTS_MSG_GETAUDIO  0  
[2025/08/10 19:57:58 865] tts        485  get audio|use local  
[2025/08/10 19:57:58 865] tts        498  local audiolen:  1964  ,ced:  16  
[2025/08/10 19:57:58 865] tts        527  0  udata(6c07f7e8) 1  
[2025/08/10 19:57:58 866] tts        657  TTS_MSG_GETAUDIO  0  
[2025/08/10 19:57:58 866] tts        485  get audio|use local  
[2025/08/10 19:57:58 866] tts        527  0  nil  1  
[2025/08/10 19:57:58 866] tts        657  TTS_MSG_GETAUDIO  0  
[2025/08/10 19:57:58 866] tts        485  get audio|use local  
[2025/08/10 19:57:58 867] tts        527  0  nil  1  
[2025/08/10 19:57:58 867] tts        657  TTS_MSG_GETAUDIO  0  
[2025/08/10 19:57:58 867] tts        485  get audio|use local  
[2025/08/10 19:57:58 867] tts        527  0  nil  1  
[2025/08/10 19:57:58 868] tts        657  TTS_MSG_GETAUDIO  0  
[2025/08/10 19:57:58 868] tts        485  get audio|use local  
[2025/08/10 19:57:58 868] tts        527  0  nil  1  
[2025/08/10 19:57:58 868] tts        657  TTS_MSG_GETAUDIO  0  
[2025/08/10 19:57:58 868] tts        485  get audio|use local  
[2025/08/10 19:57:58 868] tts        527  0  nil  1  
[2025/08/10 19:57:58 869] tts        657  TTS_MSG_GETAUDIO  0  
[2025/08/10 19:57:58 869] tts        485  get audio|use local  
[2025/08/10 19:57:58 869] tts        527  0  nil  1  
[2025/08/10 19:57:58 869] tts        657  TTS_MSG_GETAUDIO  0  
[2025/08/10 19:57:58 869] tts        485  get audio|use local  
[2025/08/10 19:57:58 870] tts        527  0  nil  1  
[2025/08/10 19:57:58 870] tts        657  TTS_MSG_GETAUDIO  0  
[2025/08/10 19:57:58 870] tts        485  get audio|use local  
[2025/08/10 19:57:58 870] tts        527  0  nil  1  
[2025/08/10 19:57:58 871] tts        657  TTS_MSG_GETAUDIO  0  
[2025/08/10 19:57:58 871] tts        485  get audio|use local  
[2025/08/10 19:57:58 871] tts        527  0  nil  1  
[2025/08/10 19:57:58 872] tts        657  TTS_MSG_GETAUDIO  0  
[2025/08/10 19:57:58 872] tts        485  get audio|use local  
[2025/08/10 19:57:58 872] tts        527  0  nil  1  
[2025/08/10 19:57:58 872] tts        657  TTS_MSG_GETAUDIO  0  
[2025/08/10 19:57:58 872] tts        485  get audio|use local  
[2025/08/10 19:57:58 873] tts        527  0  nil  1  
[2025/08/10 19:57:58 873] tts        657  TTS_MSG_GETAUDIO  0  
[2025/08/10 19:57:58 873] tts        485  get audio|use local  
[2025/08/10 19:57:58 873] tts        527  0  nil  1  
[2025/08/10 19:57:58 874] tts        657  TTS_MSG_GETAUDIO  0  
[2025/08/10 19:57:58 874] tts        485  get audio|use local  
[2025/08/10 19:57:58 874] tts        527  0  nil  1  
[2025/08/10 19:57:58 875] tts        657  TTS_MSG_GETAUDIO  0  
[2025/08/10 19:57:58 875] tts        485  get audio|use local  
[2025/08/10 19:57:58 875] tts        527  0  nil  1  
[2025/08/10 19:57:58 876] tts        657  TTS_MSG_GETAUDIO  0  
[2025/08/10 19:57:58 876] tts        485  get audio|use local  
[2025/08/10 19:57:58 876] tts        527  0  nil  1  
[2025/08/10 19:57:58 877] tts        657  TTS_MSG_GETAUDIO  0  
[2025/08/10 19:57:58 877] tts        485  get audio|use local  
[2025/08/10 19:57:58 877] tts        527  0  nil  1  
[2025/08/10 19:57:58 878] tts        657  TTS_MSG_GETAUDIO  0  
[2025/08/10 19:57:58 878] tts        485  get audio|use local  
[2025/08/10 19:57:58 878] tts        527  0  nil  1  
[2025/08/10 19:57:58 881] tts        657  TTS_MSG_GETAUDIO  0  
[2025/08/10 19:57:58 881] tts        485  get audio|use local  
[2025/08/10 19:57:58 882] tts        527  0  nil  1  
[2025/08/10 19:57:58 882] tts        657  TTS_MSG_GETAUDIO  0  
[2025/08/10 19:57:58 882] tts        485  get audio|use local  
[2025/08/10 19:57:58 882] tts        527  0  nil  1  
[2025/08/10 19:57:58 883] tts        657  TTS_MSG_GETAUDIO  0  
[2025/08/10 19:57:58 883] tts        485  get audio|use local  
[2025/08/10 19:57:58 883] tts        527  0  nil  1  
[2025/08/10 19:57:58 884] tts        657  TTS_MSG_GETAUDIO  0  
[2025/08/10 19:57:58 884] tts        485  get audio|use local  
[2025/08/10 19:57:58 884] tts        527  0  nil  1  
[2025/08/10 19:57:58 885] tts        657  TTS_MSG_GETAUDIO  0  
[2025/08/10 19:57:58 885] tts        485  get audio|use local  
[2025/08/10 19:57:58 885] tts        527  0  nil  1  
[2025/08/10 19:57:58 886] tts        657  TTS_MSG_GETAUDIO  0  
[2025/08/10 19:57:58 886] tts        485  get audio|use local  
[2025/08/10 19:57:58 886] tts        527  0  nil  1  
[2025/08/10 19:57:58 887] tts        657  TTS_MSG_GETAUDIO  0  
[2025/08/10 19:57:58 887] tts        485  get audio|use local  
[2025/08/10 19:57:58 887] tts        527  0  nil  1  
[2025/08/10 19:57:58 888] tts        657  TTS_MSG_GETAUDIO  0  
[2025/08/10 19:57:58 888] tts        485  get audio|use local  
[2025/08/10 19:57:58 888] tts        527  0  nil  1  
[2025/08/10 19:57:58 889] tts        657  TTS_MSG_GETAUDIO  0  
[2025/08/10 19:57:58 889] tts        485  get audio|use local  
[2025/08/10 19:57:58 889] tts        527  0  nil  1  
[2025/08/10 19:57:58 890] tts        657  TTS_MSG_GETAUDIO  0  
[2025/08/10 19:57:58 891] tts        485  get audio|use local  
[2025/08/10 19:57:58 892] tts        498  local audiolen:  2046  ,ced:  16  
[2025/08/10 19:57:58 892] tts        527  0  udata(6c07f8d8) 1  
[2025/08/10 19:57:58 896] tts        301  0  0  
[2025/08/10 19:57:58 896] tts        312  TTS_LOCAL_CB_END,  2  
[2025/08/10 19:57:58 897] tts        657  TTS_MSG_GETAUDIO  0  
[2025/08/10 19:57:58 897] tts        485  get audio|use local  
[2025/08/10 19:57:58 897] tts        498  local audiolen:  1940  ,ced:  16  
[2025/08/10 19:57:58 897] tts        527  0  udata(6c07ef68) 1  
[2025/08/10 19:57:58 898] tts        657  TTS_MSG_GETAUDIO  0  
[2025/08/10 19:57:58 898] tts        485  get audio|use local  
[2025/08/10 19:57:58 898] tts        498  local audiolen:  2000  ,ced:  16  
[2025/08/10 19:57:58 898] tts        527  0  udata(6c07efb8) 1  
[2025/08/10 19:57:58 901] tts        657  TTS_MSG_GETAUDIO  0  
[2025/08/10 19:57:58 901] tts        485  get audio|use local  
[2025/08/10 19:57:58 901] tts        498  local audiolen:  1940  ,ced:  16  
[2025/08/10 19:57:58 902] tts        527  0  udata(6c07f008) 1  
[2025/08/10 19:57:58 904] tts        657  TTS_MSG_GETAUDIO  0  
[2025/08/10 19:57:58 904] tts        485  get audio|use local  
[2025/08/10 19:57:58 904] tts        498  local audiolen:  2048  ,ced:  16  
[2025/08/10 19:57:58 905] tts        527  0  udata(6c07f058) 1  
[2025/08/10 19:57:58 905] tts        657  TTS_MSG_GETAUDIO  0  
[2025/08/10 19:57:58 905] tts        485  get audio|use local  
[2025/08/10 19:57:58 905] tts        498  local audiolen:  2016  ,ced:  16  
[2025/08/10 19:57:58 905] tts        527  0  udata(6c07f0a8) 1  
[2025/08/10 19:57:58 906] tts        657  TTS_MSG_GETAUDIO  0  
[2025/08/10 19:57:58 906] tts        485  get audio|use local  
[2025/08/10 19:57:58 906] tts        498  local audiolen:  576  ,ced:  16  
[2025/08/10 19:57:58 907] tts        527  0  udata(6c07f348) 2  
[2025/08/10 19:57:58 908] tts        660  TTS_MSG_SSE  
[2025/08/10 19:57:58 909] tts        585  sse|use local  
[2025/08/10 19:57:58 925] tts        603  tts exit  
[2025/08/10 19:57:58 926] tts        667  SYS_MSG_UNLOAD  
