============================================================
Time  2025/08/10 20:32:18 235 
============================================================
[2025/08/10 20:32:18 236] tts        676  SYS_MSG_REGCB param0 =  msp_status_cb  param1 =  func(78014a30) 
[2025/08/10 20:32:18 240] config     43   use general cloud  
[2025/08/10 20:32:18 245] tts_cloud  1417 SYS_MSG_REGCB_CLOUD param0 =   msp_status_cb  param1 =  func(78014a30) 
[2025/08/10 20:32:18 245] tts        647  TTS_MSG_SSB  
[2025/08/10 20:32:18 245] tts        375  params =  engine_type = local,voice_name=xiaoyan, text_encoding = UTF8, tts_res_path = fo|res/tts/xiaoyan.jet;fo|res/tts/common.jet, sample_rate = 16000, speed = 50, volume = 80, pitch = 50, rdn = 2  
[2025/08/10 20:32:18 246] tts        412  ssb|use local  
[2025/08/10 20:32:18 246] tts        349  local_session_begin  
[2025/08/10 20:32:18 248] tts        654  TTS_MSG_SYN  0  
[2025/08/10 20:32:18 248] tts        451  synth|use local  
[2025/08/10 20:32:18 248] tts        657  TTS_MSG_GETAUDIO  0  
[2025/08/10 20:32:18 248] tts        485  get audio|use local  
[2025/08/10 20:32:18 248] tts        527  0  nil  1  
[2025/08/10 20:32:18 249] tts        657  TTS_MSG_GETAUDIO  0  
[2025/08/10 20:32:18 249] tts        485  get audio|use local  
[2025/08/10 20:32:18 249] tts        527  0  nil  1  
[2025/08/10 20:32:18 250] tts        657  TTS_MSG_GETAUDIO  0  
[2025/08/10 20:32:18 250] tts        485  get audio|use local  
[2025/08/10 20:32:18 250] tts        527  0  nil  1  
[2025/08/10 20:32:18 251] tts        657  TTS_MSG_GETAUDIO  0  
[2025/08/10 20:32:18 251] tts        485  get audio|use local  
[2025/08/10 20:32:18 252] tts        527  0  nil  1  
[2025/08/10 20:32:18 252] tts        657  TTS_MSG_GETAUDIO  0  
[2025/08/10 20:32:18 252] tts        485  get audio|use local  
[2025/08/10 20:32:18 253] tts        527  0  nil  1  
[2025/08/10 20:32:18 254] tts        657  TTS_MSG_GETAUDIO  0  
[2025/08/10 20:32:18 255] tts        485  get audio|use local  
[2025/08/10 20:32:18 255] tts        527  0  nil  1  
[2025/08/10 20:32:18 256] tts        657  TTS_MSG_GETAUDIO  0  
[2025/08/10 20:32:18 256] tts        485  get audio|use local  
[2025/08/10 20:32:18 256] tts        527  0  nil  1  
[2025/08/10 20:32:18 257] tts        657  TTS_MSG_GETAUDIO  0  
[2025/08/10 20:32:18 257] tts        485  get audio|use local  
[2025/08/10 20:32:18 257] tts        527  0  nil  1  
[2025/08/10 20:32:18 257] tts        657  TTS_MSG_GETAUDIO  0  
[2025/08/10 20:32:18 258] tts        485  get audio|use local  
[2025/08/10 20:32:18 258] tts        527  0  nil  1  
[2025/08/10 20:32:18 259] tts        657  TTS_MSG_GETAUDIO  0  
[2025/08/10 20:32:18 259] tts        485  get audio|use local  
[2025/08/10 20:32:18 259] tts        527  0  nil  1  
[2025/08/10 20:32:18 259] tts        657  TTS_MSG_GETAUDIO  0  
[2025/08/10 20:32:18 259] tts        485  get audio|use local  
[2025/08/10 20:32:18 259] tts        527  0  nil  1  
[2025/08/10 20:32:18 262] tts        657  TTS_MSG_GETAUDIO  0  
[2025/08/10 20:32:18 262] tts        485  get audio|use local  
[2025/08/10 20:32:18 262] tts        527  0  nil  1  
[2025/08/10 20:32:18 263] tts        657  TTS_MSG_GETAUDIO  0  
[2025/08/10 20:32:18 263] tts        485  get audio|use local  
[2025/08/10 20:32:18 263] tts        527  0  nil  1  
[2025/08/10 20:32:18 264] tts        657  TTS_MSG_GETAUDIO  0  
[2025/08/10 20:32:18 264] tts        485  get audio|use local  
[2025/08/10 20:32:18 264] tts        527  0  nil  1  
[2025/08/10 20:32:18 264] tts        657  TTS_MSG_GETAUDIO  0  
[2025/08/10 20:32:18 264] tts        485  get audio|use local  
[2025/08/10 20:32:18 265] tts        527  0  nil  1  
[2025/08/10 20:32:18 265] tts        657  TTS_MSG_GETAUDIO  0  
[2025/08/10 20:32:18 266] tts        485  get audio|use local  
[2025/08/10 20:32:18 266] tts        527  0  nil  1  
[2025/08/10 20:32:18 267] tts        657  TTS_MSG_GETAUDIO  0  
[2025/08/10 20:32:18 267] tts        485  get audio|use local  
[2025/08/10 20:32:18 267] tts        527  0  nil  1  
[2025/08/10 20:32:18 268] tts        657  TTS_MSG_GETAUDIO  0  
[2025/08/10 20:32:18 268] tts        485  get audio|use local  
[2025/08/10 20:32:18 269] tts        527  0  nil  1  
[2025/08/10 20:32:18 270] tts        657  TTS_MSG_GETAUDIO  0  
[2025/08/10 20:32:18 270] tts        485  get audio|use local  
[2025/08/10 20:32:18 270] tts        527  0  nil  1  
[2025/08/10 20:32:18 271] tts        657  TTS_MSG_GETAUDIO  0  
[2025/08/10 20:32:18 271] tts        485  get audio|use local  
[2025/08/10 20:32:18 271] tts        527  0  nil  1  
[2025/08/10 20:32:18 272] tts        657  TTS_MSG_GETAUDIO  0  
[2025/08/10 20:32:18 272] tts        485  get audio|use local  
[2025/08/10 20:32:18 272] tts        527  0  nil  1  
[2025/08/10 20:32:18 273] tts        657  TTS_MSG_GETAUDIO  0  
[2025/08/10 20:32:18 273] tts        485  get audio|use local  
[2025/08/10 20:32:18 273] tts        527  0  nil  1  
[2025/08/10 20:32:18 274] tts        657  TTS_MSG_GETAUDIO  0  
[2025/08/10 20:32:18 274] tts        485  get audio|use local  
[2025/08/10 20:32:18 275] tts        527  0  nil  1  
[2025/08/10 20:32:18 276] tts        657  TTS_MSG_GETAUDIO  0  
[2025/08/10 20:32:18 276] tts        485  get audio|use local  
[2025/08/10 20:32:18 276] tts        527  0  nil  1  
[2025/08/10 20:32:18 276] tts        657  TTS_MSG_GETAUDIO  0  
[2025/08/10 20:32:18 276] tts        485  get audio|use local  
[2025/08/10 20:32:18 277] tts        527  0  nil  1  
[2025/08/10 20:32:18 277] tts        657  TTS_MSG_GETAUDIO  0  
[2025/08/10 20:32:18 278] tts        485  get audio|use local  
[2025/08/10 20:32:18 278] tts        527  0  nil  1  
[2025/08/10 20:32:18 278] tts        657  TTS_MSG_GETAUDIO  0  
[2025/08/10 20:32:18 278] tts        485  get audio|use local  
[2025/08/10 20:32:18 279] tts        527  0  nil  1  
[2025/08/10 20:32:18 279] tts        657  TTS_MSG_GETAUDIO  0  
[2025/08/10 20:32:18 279] tts        485  get audio|use local  
[2025/08/10 20:32:18 280] tts        527  0  nil  1  
[2025/08/10 20:32:18 280] tts        657  TTS_MSG_GETAUDIO  0  
[2025/08/10 20:32:18 280] tts        485  get audio|use local  
[2025/08/10 20:32:18 280] tts        527  0  nil  1  
[2025/08/10 20:32:18 287] tts        657  TTS_MSG_GETAUDIO  0  
[2025/08/10 20:32:18 287] tts        485  get audio|use local  
[2025/08/10 20:32:18 287] tts        527  0  nil  1  
[2025/08/10 20:32:18 288] tts        657  TTS_MSG_GETAUDIO  0  
[2025/08/10 20:32:18 288] tts        485  get audio|use local  
[2025/08/10 20:32:18 288] tts        527  0  nil  1  
[2025/08/10 20:32:18 290] tts        657  TTS_MSG_GETAUDIO  0  
[2025/08/10 20:32:18 290] tts        485  get audio|use local  
[2025/08/10 20:32:18 290] tts        527  0  nil  1  
[2025/08/10 20:32:18 292] tts        657  TTS_MSG_GETAUDIO  0  
[2025/08/10 20:32:18 292] tts        485  get audio|use local  
[2025/08/10 20:32:18 292] tts        527  0  nil  1  
[2025/08/10 20:32:18 295] tts        657  TTS_MSG_GETAUDIO  0  
[2025/08/10 20:32:18 295] tts        485  get audio|use local  
[2025/08/10 20:32:18 296] tts        527  0  nil  1  
[2025/08/10 20:32:18 297] tts        657  TTS_MSG_GETAUDIO  0  
[2025/08/10 20:32:18 297] tts        485  get audio|use local  
[2025/08/10 20:32:18 297] tts        527  0  nil  1  
[2025/08/10 20:32:18 298] tts        657  TTS_MSG_GETAUDIO  0  
[2025/08/10 20:32:18 298] tts        485  get audio|use local  
[2025/08/10 20:32:18 298] tts        527  0  nil  1  
[2025/08/10 20:32:18 299] tts        657  TTS_MSG_GETAUDIO  0  
[2025/08/10 20:32:18 299] tts        485  get audio|use local  
[2025/08/10 20:32:18 299] tts        527  0  nil  1  
[2025/08/10 20:32:18 300] tts        657  TTS_MSG_GETAUDIO  0  
[2025/08/10 20:32:18 300] tts        485  get audio|use local  
[2025/08/10 20:32:18 300] tts        527  0  nil  1  
[2025/08/10 20:32:18 301] tts        657  TTS_MSG_GETAUDIO  0  
[2025/08/10 20:32:18 301] tts        485  get audio|use local  
[2025/08/10 20:32:18 301] tts        527  0  nil  1  
[2025/08/10 20:32:18 302] tts        657  TTS_MSG_GETAUDIO  0  
[2025/08/10 20:32:18 302] tts        485  get audio|use local  
[2025/08/10 20:32:18 302] tts        527  0  nil  1  
[2025/08/10 20:32:18 304] tts        657  TTS_MSG_GETAUDIO  0  
[2025/08/10 20:32:18 305] tts        485  get audio|use local  
[2025/08/10 20:32:18 305] tts        527  0  nil  1  
[2025/08/10 20:32:18 307] tts        657  TTS_MSG_GETAUDIO  0  
[2025/08/10 20:32:18 307] tts        485  get audio|use local  
[2025/08/10 20:32:18 307] tts        527  0  nil  1  
[2025/08/10 20:32:18 308] tts        657  TTS_MSG_GETAUDIO  0  
[2025/08/10 20:32:18 308] tts        485  get audio|use local  
[2025/08/10 20:32:18 308] tts        527  0  nil  1  
[2025/08/10 20:32:18 310] tts        657  TTS_MSG_GETAUDIO  0  
[2025/08/10 20:32:18 310] tts        485  get audio|use local  
[2025/08/10 20:32:18 310] tts        527  0  nil  1  
[2025/08/10 20:32:18 311] tts        657  TTS_MSG_GETAUDIO  0  
[2025/08/10 20:32:18 311] tts        485  get audio|use local  
[2025/08/10 20:32:18 311] tts        527  0  nil  1  
[2025/08/10 20:32:18 313] tts        657  TTS_MSG_GETAUDIO  0  
[2025/08/10 20:32:18 313] tts        485  get audio|use local  
[2025/08/10 20:32:18 313] tts        527  0  nil  1  
[2025/08/10 20:32:18 314] tts        657  TTS_MSG_GETAUDIO  0  
[2025/08/10 20:32:18 314] tts        485  get audio|use local  
[2025/08/10 20:32:18 314] tts        527  0  nil  1  
[2025/08/10 20:32:18 315] tts        657  TTS_MSG_GETAUDIO  0  
[2025/08/10 20:32:18 315] tts        485  get audio|use local  
[2025/08/10 20:32:18 315] tts        527  0  nil  1  
[2025/08/10 20:32:18 316] tts        657  TTS_MSG_GETAUDIO  0  
[2025/08/10 20:32:18 316] tts        485  get audio|use local  
[2025/08/10 20:32:18 317] tts        527  0  nil  1  
[2025/08/10 20:32:18 318] tts        657  TTS_MSG_GETAUDIO  0  
[2025/08/10 20:32:18 318] tts        485  get audio|use local  
[2025/08/10 20:32:18 318] tts        527  0  nil  1  
[2025/08/10 20:32:18 320] tts        657  TTS_MSG_GETAUDIO  0  
[2025/08/10 20:32:18 320] tts        485  get audio|use local  
[2025/08/10 20:32:18 320] tts        527  0  nil  1  
[2025/08/10 20:32:18 321] tts        657  TTS_MSG_GETAUDIO  0  
[2025/08/10 20:32:18 321] tts        485  get audio|use local  
[2025/08/10 20:32:18 321] tts        527  0  nil  1  
[2025/08/10 20:32:18 322] tts        657  TTS_MSG_GETAUDIO  0  
[2025/08/10 20:32:18 322] tts        485  get audio|use local  
[2025/08/10 20:32:18 322] tts        527  0  nil  1  
[2025/08/10 20:32:18 326] tts        657  TTS_MSG_GETAUDIO  0  
[2025/08/10 20:32:18 326] tts        485  get audio|use local  
[2025/08/10 20:32:18 327] tts        527  0  nil  1  
[2025/08/10 20:32:18 328] tts        299  TTS_LOCAL_CB_BEGIN  
[2025/08/10 20:32:18 329] tts        657  TTS_MSG_GETAUDIO  0  
[2025/08/10 20:32:18 330] tts        485  get audio|use local  
[2025/08/10 20:32:18 330] tts        527  0  nil  1  
[2025/08/10 20:32:18 331] tts        657  TTS_MSG_GETAUDIO  0  
[2025/08/10 20:32:18 331] tts        485  get audio|use local  
[2025/08/10 20:32:18 331] tts        527  0  nil  1  
[2025/08/10 20:32:18 332] tts        657  TTS_MSG_GETAUDIO  0  
[2025/08/10 20:32:18 332] tts        485  get audio|use local  
[2025/08/10 20:32:18 332] tts        527  0  nil  1  
[2025/08/10 20:32:18 332] tts        657  TTS_MSG_GETAUDIO  0  
[2025/08/10 20:32:18 333] tts        485  get audio|use local  
[2025/08/10 20:32:18 333] tts        527  0  nil  1  
[2025/08/10 20:32:18 333] tts        657  TTS_MSG_GETAUDIO  0  
[2025/08/10 20:32:18 334] tts        485  get audio|use local  
[2025/08/10 20:32:18 334] tts        527  0  nil  1  
[2025/08/10 20:32:18 335] tts        657  TTS_MSG_GETAUDIO  0  
[2025/08/10 20:32:18 335] tts        485  get audio|use local  
[2025/08/10 20:32:18 336] tts        527  0  nil  1  
[2025/08/10 20:32:18 338] tts        657  TTS_MSG_GETAUDIO  0  
[2025/08/10 20:32:18 338] tts        485  get audio|use local  
[2025/08/10 20:32:18 338] tts        498  local audiolen:  2042  ,ced:  15  
[2025/08/10 20:32:18 338] tts        527  0  udata(7807f528) 1  
[2025/08/10 20:32:18 340] tts        657  TTS_MSG_GETAUDIO  0  
[2025/08/10 20:32:18 340] tts        485  get audio|use local  
[2025/08/10 20:32:18 340] tts        498  local audiolen:  2016  ,ced:  15  
[2025/08/10 20:32:18 340] tts        527  0  udata(7807f618) 1  
[2025/08/10 20:32:18 341] tts        657  TTS_MSG_GETAUDIO  0  
[2025/08/10 20:32:18 341] tts        485  get audio|use local  
[2025/08/10 20:32:18 342] tts        498  local audiolen:  1964  ,ced:  15  
[2025/08/10 20:32:18 342] tts        527  0  udata(7807f4d8) 1  
[2025/08/10 20:32:18 342] tts        657  TTS_MSG_GETAUDIO  0  
[2025/08/10 20:32:18 343] tts        485  get audio|use local  
[2025/08/10 20:32:18 343] tts        527  0  nil  1  
[2025/08/10 20:32:18 343] tts        657  TTS_MSG_GETAUDIO  0  
[2025/08/10 20:32:18 343] tts        485  get audio|use local  
[2025/08/10 20:32:18 344] tts        527  0  nil  1  
[2025/08/10 20:32:18 361] tts        657  TTS_MSG_GETAUDIO  0  
[2025/08/10 20:32:18 361] tts        485  get audio|use local  
[2025/08/10 20:32:18 361] tts        498  local audiolen:  1916  ,ced:  15  
[2025/08/10 20:32:18 361] tts        527  0  udata(7807f668) 1  
[2025/08/10 20:32:18 373] tts        657  TTS_MSG_GETAUDIO  0  
[2025/08/10 20:32:18 373] tts        485  get audio|use local  
[2025/08/10 20:32:18 373] tts        498  local audiolen:  2018  ,ced:  15  
[2025/08/10 20:32:18 373] tts        527  0  udata(7807e388) 1  
[2025/08/10 20:32:18 377] tts        657  TTS_MSG_GETAUDIO  0  
[2025/08/10 20:32:18 377] tts        485  get audio|use local  
[2025/08/10 20:32:18 377] tts        498  local audiolen:  2008  ,ced:  15  
[2025/08/10 20:32:18 377] tts        527  0  udata(7807e5d8) 1  
[2025/08/10 20:32:18 378] tts        657  TTS_MSG_GETAUDIO  0  
[2025/08/10 20:32:18 378] tts        485  get audio|use local  
[2025/08/10 20:32:18 378] tts        498  local audiolen:  2046  ,ced:  15  
[2025/08/10 20:32:18 378] tts        527  0  udata(7807e628) 1  
[2025/08/10 20:32:18 382] tts        657  TTS_MSG_GETAUDIO  0  
[2025/08/10 20:32:18 382] tts        485  get audio|use local  
[2025/08/10 20:32:18 382] tts        498  local audiolen:  1972  ,ced:  15  
[2025/08/10 20:32:18 383] tts        527  0  udata(7807e678) 1  
[2025/08/10 20:32:18 385] tts        657  TTS_MSG_GETAUDIO  0  
[2025/08/10 20:32:18 385] tts        485  get audio|use local  
[2025/08/10 20:32:18 386] tts        498  local audiolen:  1934  ,ced:  15  
[2025/08/10 20:32:18 386] tts        527  0  udata(7807e6c8) 1  
[2025/08/10 20:32:18 389] tts        657  TTS_MSG_GETAUDIO  0  
[2025/08/10 20:32:18 389] tts        485  get audio|use local  
[2025/08/10 20:32:18 390] tts        498  local audiolen:  2018  ,ced:  15  
[2025/08/10 20:32:18 390] tts        527  0  udata(7807e718) 1  
[2025/08/10 20:32:18 391] tts        657  TTS_MSG_GETAUDIO  0  
[2025/08/10 20:32:18 391] tts        485  get audio|use local  
[2025/08/10 20:32:18 391] tts        498  local audiolen:  2040  ,ced:  15  
[2025/08/10 20:32:18 391] tts        527  0  udata(7807e768) 1  
[2025/08/10 20:32:18 392] tts        657  TTS_MSG_GETAUDIO  0  
[2025/08/10 20:32:18 393] tts        485  get audio|use local  
[2025/08/10 20:32:18 393] tts        498  local audiolen:  1958  ,ced:  15  
[2025/08/10 20:32:18 399] tts        527  0  udata(7807e7b8) 1  
[2025/08/10 20:32:18 400] tts        657  TTS_MSG_GETAUDIO  0  
[2025/08/10 20:32:18 400] tts        485  get audio|use local  
[2025/08/10 20:32:18 400] tts        498  local audiolen:  1998  ,ced:  15  
[2025/08/10 20:32:18 400] tts        527  0  udata(7807ca78) 1  
[2025/08/10 20:32:18 400] tts        657  TTS_MSG_GETAUDIO  0  
[2025/08/10 20:32:18 401] tts        485  get audio|use local  
[2025/08/10 20:32:18 401] tts        498  local audiolen:  2016  ,ced:  15  
[2025/08/10 20:32:18 401] tts        527  0  udata(7807cac8) 1  
[2025/08/10 20:32:18 401] tts        657  TTS_MSG_GETAUDIO  0  
[2025/08/10 20:32:18 401] tts        485  get audio|use local  
[2025/08/10 20:32:18 401] tts        498  local audiolen:  1932  ,ced:  15  
[2025/08/10 20:32:18 402] tts        527  0  udata(7807cb18) 1  
[2025/08/10 20:32:18 402] tts        657  TTS_MSG_GETAUDIO  0  
[2025/08/10 20:32:18 402] tts        485  get audio|use local  
[2025/08/10 20:32:18 402] tts        498  local audiolen:  2046  ,ced:  15  
[2025/08/10 20:32:18 402] tts        527  0  udata(7807cb68) 1  
[2025/08/10 20:32:18 403] tts        657  TTS_MSG_GETAUDIO  0  
[2025/08/10 20:32:18 403] tts        485  get audio|use local  
[2025/08/10 20:32:18 403] tts        498  local audiolen:  1964  ,ced:  15  
[2025/08/10 20:32:18 403] tts        527  0  udata(7807cbb8) 1  
[2025/08/10 20:32:18 403] tts        657  TTS_MSG_GETAUDIO  0  
[2025/08/10 20:32:18 404] tts        485  get audio|use local  
[2025/08/10 20:32:18 404] tts        498  local audiolen:  1938  ,ced:  15  
[2025/08/10 20:32:18 404] tts        527  0  udata(7807cc08) 1  
[2025/08/10 20:32:18 404] tts        657  TTS_MSG_GETAUDIO  0  
[2025/08/10 20:32:18 404] tts        485  get audio|use local  
[2025/08/10 20:32:18 404] tts        498  local audiolen:  1912  ,ced:  15  
[2025/08/10 20:32:18 404] tts        527  0  udata(7807cc58) 1  
[2025/08/10 20:32:18 405] tts        657  TTS_MSG_GETAUDIO  0  
[2025/08/10 20:32:18 405] tts        485  get audio|use local  
[2025/08/10 20:32:18 405] tts        498  local audiolen:  2032  ,ced:  15  
[2025/08/10 20:32:18 405] tts        527  0  udata(7807cca8) 1  
[2025/08/10 20:32:18 406] tts        657  TTS_MSG_GETAUDIO  0  
[2025/08/10 20:32:18 406] tts        485  get audio|use local  
[2025/08/10 20:32:18 406] tts        498  local audiolen:  2000  ,ced:  15  
[2025/08/10 20:32:18 406] tts        527  0  udata(7807ccf8) 1  
[2025/08/10 20:32:18 406] tts        657  TTS_MSG_GETAUDIO  0  
[2025/08/10 20:32:18 407] tts        485  get audio|use local  
[2025/08/10 20:32:18 407] tts        498  local audiolen:  2014  ,ced:  15  
[2025/08/10 20:32:18 407] tts        527  0  udata(7807cd48) 1  
[2025/08/10 20:32:18 407] tts        657  TTS_MSG_GETAUDIO  0  
[2025/08/10 20:32:18 407] tts        485  get audio|use local  
[2025/08/10 20:32:18 407] tts        498  local audiolen:  2016  ,ced:  15  
[2025/08/10 20:32:18 407] tts        527  0  udata(7807cd98) 1  
[2025/08/10 20:32:18 408] tts        657  TTS_MSG_GETAUDIO  0  
[2025/08/10 20:32:18 408] tts        485  get audio|use local  
[2025/08/10 20:32:18 408] tts        527  0  nil  1  
[2025/08/10 20:32:18 409] tts        657  TTS_MSG_GETAUDIO  0  
[2025/08/10 20:32:18 409] tts        485  get audio|use local  
[2025/08/10 20:32:18 409] tts        527  0  nil  1  
[2025/08/10 20:32:18 409] tts        657  TTS_MSG_GETAUDIO  0  
[2025/08/10 20:32:18 409] tts        485  get audio|use local  
[2025/08/10 20:32:18 409] tts        527  0  nil  1  
[2025/08/10 20:32:18 410] tts        657  TTS_MSG_GETAUDIO  0  
[2025/08/10 20:32:18 410] tts        485  get audio|use local  
[2025/08/10 20:32:18 410] tts        527  0  nil  1  
[2025/08/10 20:32:18 411] tts        657  TTS_MSG_GETAUDIO  0  
[2025/08/10 20:32:18 411] tts        485  get audio|use local  
[2025/08/10 20:32:18 411] tts        527  0  nil  1  
[2025/08/10 20:32:18 411] tts        657  TTS_MSG_GETAUDIO  0  
[2025/08/10 20:32:18 411] tts        485  get audio|use local  
[2025/08/10 20:32:18 411] tts        527  0  nil  1  
[2025/08/10 20:32:18 412] tts        657  TTS_MSG_GETAUDIO  0  
[2025/08/10 20:32:18 412] tts        485  get audio|use local  
[2025/08/10 20:32:18 412] tts        527  0  nil  1  
[2025/08/10 20:32:18 412] tts        657  TTS_MSG_GETAUDIO  0  
[2025/08/10 20:32:18 412] tts        485  get audio|use local  
[2025/08/10 20:32:18 413] tts        527  0  nil  1  
[2025/08/10 20:32:18 413] tts        657  TTS_MSG_GETAUDIO  0  
[2025/08/10 20:32:18 413] tts        485  get audio|use local  
[2025/08/10 20:32:18 413] tts        527  0  nil  1  
[2025/08/10 20:32:18 414] tts        657  TTS_MSG_GETAUDIO  0  
[2025/08/10 20:32:18 414] tts        485  get audio|use local  
[2025/08/10 20:32:18 414] tts        527  0  nil  1  
[2025/08/10 20:32:18 414] tts        657  TTS_MSG_GETAUDIO  0  
[2025/08/10 20:32:18 414] tts        485  get audio|use local  
[2025/08/10 20:32:18 414] tts        527  0  nil  1  
[2025/08/10 20:32:18 415] tts        657  TTS_MSG_GETAUDIO  0  
[2025/08/10 20:32:18 415] tts        485  get audio|use local  
[2025/08/10 20:32:18 415] tts        527  0  nil  1  
[2025/08/10 20:32:18 415] tts        657  TTS_MSG_GETAUDIO  0  
[2025/08/10 20:32:18 415] tts        485  get audio|use local  
[2025/08/10 20:32:18 416] tts        527  0  nil  1  
[2025/08/10 20:32:18 416] tts        657  TTS_MSG_GETAUDIO  0  
[2025/08/10 20:32:18 416] tts        485  get audio|use local  
[2025/08/10 20:32:18 416] tts        527  0  nil  1  
[2025/08/10 20:32:18 417] tts        657  TTS_MSG_GETAUDIO  0  
[2025/08/10 20:32:18 417] tts        485  get audio|use local  
[2025/08/10 20:32:18 417] tts        527  0  nil  1  
[2025/08/10 20:32:18 417] tts        657  TTS_MSG_GETAUDIO  0  
[2025/08/10 20:32:18 417] tts        485  get audio|use local  
[2025/08/10 20:32:18 417] tts        527  0  nil  1  
[2025/08/10 20:32:18 418] tts        657  TTS_MSG_GETAUDIO  0  
[2025/08/10 20:32:18 418] tts        485  get audio|use local  
[2025/08/10 20:32:18 419] tts        527  0  nil  1  
[2025/08/10 20:32:18 420] tts        657  TTS_MSG_GETAUDIO  0  
[2025/08/10 20:32:18 420] tts        485  get audio|use local  
[2025/08/10 20:32:18 420] tts        527  0  nil  1  
[2025/08/10 20:32:18 421] tts        657  TTS_MSG_GETAUDIO  0  
[2025/08/10 20:32:18 421] tts        485  get audio|use local  
[2025/08/10 20:32:18 422] tts        527  0  nil  1  
[2025/08/10 20:32:18 423] tts        657  TTS_MSG_GETAUDIO  0  
[2025/08/10 20:32:18 423] tts        485  get audio|use local  
[2025/08/10 20:32:18 423] tts        527  0  nil  1  
[2025/08/10 20:32:18 425] tts        301  0  0  
[2025/08/10 20:32:18 425] tts        312  TTS_LOCAL_CB_END,  2  
[2025/08/10 20:32:18 427] tts        657  TTS_MSG_GETAUDIO  0  
[2025/08/10 20:32:18 427] tts        485  get audio|use local  
[2025/08/10 20:32:18 427] tts        498  local audiolen:  2016  ,ced:  15  
[2025/08/10 20:32:18 428] tts        527  0  udata(7807ed18) 1  
[2025/08/10 20:32:18 428] tts        657  TTS_MSG_GETAUDIO  0  
[2025/08/10 20:32:18 428] tts        485  get audio|use local  
[2025/08/10 20:32:18 428] tts        498  local audiolen:  576  ,ced:  15  
[2025/08/10 20:32:18 429] tts        527  0  udata(7807efb8) 2  
[2025/08/10 20:32:18 429] tts        660  TTS_MSG_SSE  
[2025/08/10 20:32:18 431] tts        585  sse|use local  
[2025/08/10 20:32:18 434] tts        603  tts exit  
