============================================================
Time  2025/08/10 20:32:04 512 
============================================================
[2025/08/10 20:32:04 513] tts        676  SYS_MSG_REGCB param0 =  msp_status_cb  param1 =  func(94014a30) 
[2025/08/10 20:32:04 515] config     43   use general cloud  
[2025/08/10 20:32:04 521] tts_cloud  1417 SYS_MSG_REGCB_CLOUD param0 =   msp_status_cb  param1 =  func(94014a30) 
[2025/08/10 20:32:04 521] tts        647  TTS_MSG_SSB  
[2025/08/10 20:32:04 521] tts        375  params =  engine_type = local,voice_name=xiaoyan, text_encoding = UTF8, tts_res_path = fo|res/tts/xiaoyan.jet;fo|res/tts/common.jet, sample_rate = 16000, speed = 50, volume = 80, pitch = 50, rdn = 2  
[2025/08/10 20:32:04 521] tts        412  ssb|use local  
[2025/08/10 20:32:04 521] tts        349  local_session_begin  
[2025/08/10 20:32:04 550] tts        654  TTS_MSG_SYN  0  
[2025/08/10 20:32:04 550] tts        451  synth|use local  
[2025/08/10 20:32:04 551] tts        657  TTS_MSG_GETAUDIO  0  
[2025/08/10 20:32:04 551] tts        485  get audio|use local  
[2025/08/10 20:32:04 551] tts        527  0  nil  1  
[2025/08/10 20:32:04 558] tts        657  TTS_MSG_GETAUDIO  0  
[2025/08/10 20:32:04 558] tts        485  get audio|use local  
[2025/08/10 20:32:04 558] tts        527  0  nil  1  
[2025/08/10 20:32:04 559] tts        657  TTS_MSG_GETAUDIO  0  
[2025/08/10 20:32:04 559] tts        485  get audio|use local  
[2025/08/10 20:32:04 559] tts        527  0  nil  1  
[2025/08/10 20:32:04 559] tts        657  TTS_MSG_GETAUDIO  0  
[2025/08/10 20:32:04 559] tts        485  get audio|use local  
[2025/08/10 20:32:04 559] tts        527  0  nil  1  
[2025/08/10 20:32:04 560] tts        657  TTS_MSG_GETAUDIO  0  
[2025/08/10 20:32:04 560] tts        485  get audio|use local  
[2025/08/10 20:32:04 560] tts        527  0  nil  1  
[2025/08/10 20:32:04 561] tts        657  TTS_MSG_GETAUDIO  0  
[2025/08/10 20:32:04 561] tts        485  get audio|use local  
[2025/08/10 20:32:04 561] tts        527  0  nil  1  
[2025/08/10 20:32:04 561] tts        657  TTS_MSG_GETAUDIO  0  
[2025/08/10 20:32:04 561] tts        485  get audio|use local  
[2025/08/10 20:32:04 561] tts        527  0  nil  1  
[2025/08/10 20:32:04 562] tts        657  TTS_MSG_GETAUDIO  0  
[2025/08/10 20:32:04 562] tts        485  get audio|use local  
[2025/08/10 20:32:04 562] tts        527  0  nil  1  
[2025/08/10 20:32:04 571] tts        657  TTS_MSG_GETAUDIO  0  
[2025/08/10 20:32:04 571] tts        485  get audio|use local  
[2025/08/10 20:32:04 572] tts        527  0  nil  1  
[2025/08/10 20:32:04 572] tts        657  TTS_MSG_GETAUDIO  0  
[2025/08/10 20:32:04 572] tts        485  get audio|use local  
[2025/08/10 20:32:04 572] tts        527  0  nil  1  
[2025/08/10 20:32:04 573] tts        657  TTS_MSG_GETAUDIO  0  
[2025/08/10 20:32:04 573] tts        485  get audio|use local  
[2025/08/10 20:32:04 574] tts        527  0  nil  1  
[2025/08/10 20:32:04 574] tts        657  TTS_MSG_GETAUDIO  0  
[2025/08/10 20:32:04 574] tts        485  get audio|use local  
[2025/08/10 20:32:04 574] tts        527  0  nil  1  
[2025/08/10 20:32:04 575] tts        657  TTS_MSG_GETAUDIO  0  
[2025/08/10 20:32:04 575] tts        485  get audio|use local  
[2025/08/10 20:32:04 575] tts        527  0  nil  1  
[2025/08/10 20:32:04 577] tts        657  TTS_MSG_GETAUDIO  0  
[2025/08/10 20:32:04 578] tts        485  get audio|use local  
[2025/08/10 20:32:04 578] tts        527  0  nil  1  
[2025/08/10 20:32:04 579] tts        657  TTS_MSG_GETAUDIO  0  
[2025/08/10 20:32:04 579] tts        485  get audio|use local  
[2025/08/10 20:32:04 579] tts        527  0  nil  1  
[2025/08/10 20:32:04 581] tts        657  TTS_MSG_GETAUDIO  0  
[2025/08/10 20:32:04 581] tts        485  get audio|use local  
[2025/08/10 20:32:04 581] tts        527  0  nil  1  
[2025/08/10 20:32:04 581] tts        657  TTS_MSG_GETAUDIO  0  
[2025/08/10 20:32:04 581] tts        485  get audio|use local  
[2025/08/10 20:32:04 582] tts        527  0  nil  1  
[2025/08/10 20:32:04 583] tts        657  TTS_MSG_GETAUDIO  0  
[2025/08/10 20:32:04 583] tts        485  get audio|use local  
[2025/08/10 20:32:04 583] tts        527  0  nil  1  
[2025/08/10 20:32:04 584] tts        657  TTS_MSG_GETAUDIO  0  
[2025/08/10 20:32:04 585] tts        485  get audio|use local  
[2025/08/10 20:32:04 586] tts        527  0  nil  1  
[2025/08/10 20:32:04 587] tts        657  TTS_MSG_GETAUDIO  0  
[2025/08/10 20:32:04 588] tts        485  get audio|use local  
[2025/08/10 20:32:04 588] tts        527  0  nil  1  
[2025/08/10 20:32:04 589] tts        657  TTS_MSG_GETAUDIO  0  
[2025/08/10 20:32:04 589] tts        485  get audio|use local  
[2025/08/10 20:32:04 589] tts        527  0  nil  1  
[2025/08/10 20:32:04 590] tts        657  TTS_MSG_GETAUDIO  0  
[2025/08/10 20:32:04 590] tts        485  get audio|use local  
[2025/08/10 20:32:04 590] tts        527  0  nil  1  
[2025/08/10 20:32:04 592] tts        657  TTS_MSG_GETAUDIO  0  
[2025/08/10 20:32:04 593] tts        485  get audio|use local  
[2025/08/10 20:32:04 593] tts        527  0  nil  1  
[2025/08/10 20:32:04 594] tts        657  TTS_MSG_GETAUDIO  0  
[2025/08/10 20:32:04 594] tts        485  get audio|use local  
[2025/08/10 20:32:04 594] tts        527  0  nil  1  
[2025/08/10 20:32:04 596] tts        657  TTS_MSG_GETAUDIO  0  
[2025/08/10 20:32:04 596] tts        485  get audio|use local  
[2025/08/10 20:32:04 596] tts        527  0  nil  1  
[2025/08/10 20:32:04 598] tts        657  TTS_MSG_GETAUDIO  0  
[2025/08/10 20:32:04 599] tts        485  get audio|use local  
[2025/08/10 20:32:04 600] tts        527  0  nil  1  
[2025/08/10 20:32:04 601] tts        657  TTS_MSG_GETAUDIO  0  
[2025/08/10 20:32:04 601] tts        485  get audio|use local  
[2025/08/10 20:32:04 601] tts        527  0  nil  1  
[2025/08/10 20:32:04 603] tts        657  TTS_MSG_GETAUDIO  0  
[2025/08/10 20:32:04 603] tts        485  get audio|use local  
[2025/08/10 20:32:04 603] tts        527  0  nil  1  
[2025/08/10 20:32:04 604] tts        657  TTS_MSG_GETAUDIO  0  
[2025/08/10 20:32:04 605] tts        485  get audio|use local  
[2025/08/10 20:32:04 605] tts        527  0  nil  1  
[2025/08/10 20:32:04 608] tts        657  TTS_MSG_GETAUDIO  0  
[2025/08/10 20:32:04 614] tts        485  get audio|use local  
[2025/08/10 20:32:04 614] tts        527  0  nil  1  
[2025/08/10 20:32:04 625] tts        657  TTS_MSG_GETAUDIO  0  
[2025/08/10 20:32:04 625] tts        485  get audio|use local  
[2025/08/10 20:32:04 626] tts        527  0  nil  1  
[2025/08/10 20:32:04 629] tts        657  TTS_MSG_GETAUDIO  0  
[2025/08/10 20:32:04 629] tts        485  get audio|use local  
[2025/08/10 20:32:04 630] tts        527  0  nil  1  
[2025/08/10 20:32:04 630] tts        657  TTS_MSG_GETAUDIO  0  
[2025/08/10 20:32:04 630] tts        485  get audio|use local  
[2025/08/10 20:32:04 630] tts        527  0  nil  1  
[2025/08/10 20:32:04 631] tts        657  TTS_MSG_GETAUDIO  0  
[2025/08/10 20:32:04 631] tts        485  get audio|use local  
[2025/08/10 20:32:04 631] tts        527  0  nil  1  
[2025/08/10 20:32:04 632] tts        657  TTS_MSG_GETAUDIO  0  
[2025/08/10 20:32:04 633] tts        485  get audio|use local  
[2025/08/10 20:32:04 633] tts        527  0  nil  1  
[2025/08/10 20:32:04 633] tts        657  TTS_MSG_GETAUDIO  0  
[2025/08/10 20:32:04 633] tts        485  get audio|use local  
[2025/08/10 20:32:04 633] tts        527  0  nil  1  
[2025/08/10 20:32:04 634] tts        657  TTS_MSG_GETAUDIO  0  
[2025/08/10 20:32:04 634] tts        485  get audio|use local  
[2025/08/10 20:32:04 634] tts        527  0  nil  1  
[2025/08/10 20:32:04 635] tts        657  TTS_MSG_GETAUDIO  0  
[2025/08/10 20:32:04 635] tts        485  get audio|use local  
[2025/08/10 20:32:04 635] tts        527  0  nil  1  
[2025/08/10 20:32:04 636] tts        657  TTS_MSG_GETAUDIO  0  
[2025/08/10 20:32:04 636] tts        485  get audio|use local  
[2025/08/10 20:32:04 636] tts        527  0  nil  1  
[2025/08/10 20:32:04 637] tts        657  TTS_MSG_GETAUDIO  0  
[2025/08/10 20:32:04 637] tts        485  get audio|use local  
[2025/08/10 20:32:04 637] tts        527  0  nil  1  
[2025/08/10 20:32:04 638] tts        657  TTS_MSG_GETAUDIO  0  
[2025/08/10 20:32:04 638] tts        485  get audio|use local  
[2025/08/10 20:32:04 638] tts        527  0  nil  1  
[2025/08/10 20:32:04 638] tts        657  TTS_MSG_GETAUDIO  0  
[2025/08/10 20:32:04 638] tts        485  get audio|use local  
[2025/08/10 20:32:04 639] tts        527  0  nil  1  
[2025/08/10 20:32:04 639] tts        657  TTS_MSG_GETAUDIO  0  
[2025/08/10 20:32:04 639] tts        485  get audio|use local  
[2025/08/10 20:32:04 639] tts        527  0  nil  1  
[2025/08/10 20:32:04 640] tts        657  TTS_MSG_GETAUDIO  0  
[2025/08/10 20:32:04 640] tts        485  get audio|use local  
[2025/08/10 20:32:04 640] tts        527  0  nil  1  
[2025/08/10 20:32:04 641] tts        657  TTS_MSG_GETAUDIO  0  
[2025/08/10 20:32:04 641] tts        485  get audio|use local  
[2025/08/10 20:32:04 641] tts        527  0  nil  1  
[2025/08/10 20:32:04 642] tts        657  TTS_MSG_GETAUDIO  0  
[2025/08/10 20:32:04 642] tts        485  get audio|use local  
[2025/08/10 20:32:04 642] tts        527  0  nil  1  
[2025/08/10 20:32:04 642] tts        657  TTS_MSG_GETAUDIO  0  
[2025/08/10 20:32:04 642] tts        485  get audio|use local  
[2025/08/10 20:32:04 643] tts        527  0  nil  1  
[2025/08/10 20:32:04 643] tts        657  TTS_MSG_GETAUDIO  0  
[2025/08/10 20:32:04 643] tts        485  get audio|use local  
[2025/08/10 20:32:04 643] tts        527  0  nil  1  
[2025/08/10 20:32:04 644] tts        657  TTS_MSG_GETAUDIO  0  
[2025/08/10 20:32:04 644] tts        485  get audio|use local  
[2025/08/10 20:32:04 644] tts        527  0  nil  1  
[2025/08/10 20:32:04 645] tts        657  TTS_MSG_GETAUDIO  0  
[2025/08/10 20:32:04 645] tts        485  get audio|use local  
[2025/08/10 20:32:04 645] tts        527  0  nil  1  
[2025/08/10 20:32:04 646] tts        657  TTS_MSG_GETAUDIO  0  
[2025/08/10 20:32:04 647] tts        485  get audio|use local  
[2025/08/10 20:32:04 647] tts        527  0  nil  1  
[2025/08/10 20:32:04 650] tts        657  TTS_MSG_GETAUDIO  0  
[2025/08/10 20:32:04 650] tts        485  get audio|use local  
[2025/08/10 20:32:04 650] tts        527  0  nil  1  
[2025/08/10 20:32:04 651] tts        657  TTS_MSG_GETAUDIO  0  
[2025/08/10 20:32:04 652] tts        485  get audio|use local  
[2025/08/10 20:32:04 652] tts        527  0  nil  1  
[2025/08/10 20:32:04 654] tts        657  TTS_MSG_GETAUDIO  0  
[2025/08/10 20:32:04 654] tts        485  get audio|use local  
[2025/08/10 20:32:04 656] tts        527  0  nil  1  
[2025/08/10 20:32:04 656] tts        299  TTS_LOCAL_CB_BEGIN  
[2025/08/10 20:32:04 658] tts        657  TTS_MSG_GETAUDIO  0  
[2025/08/10 20:32:04 658] tts        485  get audio|use local  
[2025/08/10 20:32:04 658] tts        527  0  nil  1  
[2025/08/10 20:32:04 667] tts        657  TTS_MSG_GETAUDIO  0  
[2025/08/10 20:32:04 667] tts        485  get audio|use local  
[2025/08/10 20:32:04 667] tts        498  local audiolen:  2042  ,ced:  15  
[2025/08/10 20:32:04 667] tts        527  0  udata(9407da18) 1  
[2025/08/10 20:32:04 677] tts        657  TTS_MSG_GETAUDIO  0  
[2025/08/10 20:32:04 677] tts        485  get audio|use local  
[2025/08/10 20:32:04 677] tts        498  local audiolen:  2016  ,ced:  15  
[2025/08/10 20:32:04 677] tts        527  0  udata(9407e718) 1  
[2025/08/10 20:32:04 677] tts        657  TTS_MSG_GETAUDIO  0  
[2025/08/10 20:32:04 677] tts        485  get audio|use local  
[2025/08/10 20:32:04 678] tts        498  local audiolen:  1964  ,ced:  15  
[2025/08/10 20:32:04 678] tts        527  0  udata(94088308) 1  
[2025/08/10 20:32:04 678] tts        657  TTS_MSG_GETAUDIO  0  
[2025/08/10 20:32:04 678] tts        485  get audio|use local  
[2025/08/10 20:32:04 678] tts        498  local audiolen:  1916  ,ced:  15  
[2025/08/10 20:32:04 678] tts        527  0  udata(9407e768) 1  
[2025/08/10 20:32:04 679] tts        657  TTS_MSG_GETAUDIO  0  
[2025/08/10 20:32:04 679] tts        485  get audio|use local  
[2025/08/10 20:32:04 679] tts        498  local audiolen:  2018  ,ced:  15  
[2025/08/10 20:32:04 679] tts        527  0  udata(9407efb8) 1  
[2025/08/10 20:32:04 679] tts        657  TTS_MSG_GETAUDIO  0  
[2025/08/10 20:32:04 679] tts        485  get audio|use local  
[2025/08/10 20:32:04 680] tts        498  local audiolen:  2008  ,ced:  15  
[2025/08/10 20:32:04 680] tts        527  0  udata(9407f008) 1  
[2025/08/10 20:32:04 680] tts        657  TTS_MSG_GETAUDIO  0  
[2025/08/10 20:32:04 680] tts        485  get audio|use local  
[2025/08/10 20:32:04 680] tts        498  local audiolen:  2046  ,ced:  15  
[2025/08/10 20:32:04 680] tts        527  0  udata(9407f058) 1  
[2025/08/10 20:32:04 681] tts        657  TTS_MSG_GETAUDIO  0  
[2025/08/10 20:32:04 681] tts        485  get audio|use local  
[2025/08/10 20:32:04 681] tts        498  local audiolen:  1972  ,ced:  15  
[2025/08/10 20:32:04 681] tts        527  0  udata(9407f0a8) 1  
[2025/08/10 20:32:04 681] tts        657  TTS_MSG_GETAUDIO  0  
[2025/08/10 20:32:04 681] tts        485  get audio|use local  
[2025/08/10 20:32:04 681] tts        498  local audiolen:  1934  ,ced:  15  
[2025/08/10 20:32:04 682] tts        527  0  udata(9407f0f8) 1  
[2025/08/10 20:32:04 682] tts        657  TTS_MSG_GETAUDIO  0  
[2025/08/10 20:32:04 682] tts        485  get audio|use local  
[2025/08/10 20:32:04 682] tts        498  local audiolen:  2018  ,ced:  15  
[2025/08/10 20:32:04 682] tts        527  0  udata(9407f148) 1  
[2025/08/10 20:32:04 683] tts        657  TTS_MSG_GETAUDIO  0  
[2025/08/10 20:32:04 683] tts        485  get audio|use local  
[2025/08/10 20:32:04 683] tts        498  local audiolen:  2040  ,ced:  15  
[2025/08/10 20:32:04 683] tts        527  0  udata(9407f198) 1  
[2025/08/10 20:32:04 683] tts        657  TTS_MSG_GETAUDIO  0  
[2025/08/10 20:32:04 683] tts        485  get audio|use local  
[2025/08/10 20:32:04 683] tts        498  local audiolen:  1958  ,ced:  15  
[2025/08/10 20:32:04 684] tts        527  0  udata(9407f1e8) 1  
[2025/08/10 20:32:04 684] tts        657  TTS_MSG_GETAUDIO  0  
[2025/08/10 20:32:04 684] tts        485  get audio|use local  
[2025/08/10 20:32:04 684] tts        498  local audiolen:  1998  ,ced:  15  
[2025/08/10 20:32:04 684] tts        527  0  udata(9407f238) 1  
[2025/08/10 20:32:04 685] tts        657  TTS_MSG_GETAUDIO  0  
[2025/08/10 20:32:04 685] tts        485  get audio|use local  
[2025/08/10 20:32:04 685] tts        498  local audiolen:  2016  ,ced:  15  
[2025/08/10 20:32:04 685] tts        527  0  udata(9407f288) 1  
[2025/08/10 20:32:04 685] tts        657  TTS_MSG_GETAUDIO  0  
[2025/08/10 20:32:04 685] tts        485  get audio|use local  
[2025/08/10 20:32:04 685] tts        498  local audiolen:  1932  ,ced:  15  
[2025/08/10 20:32:04 685] tts        527  0  udata(9407f2d8) 1  
[2025/08/10 20:32:04 686] tts        657  TTS_MSG_GETAUDIO  0  
[2025/08/10 20:32:04 686] tts        485  get audio|use local  
[2025/08/10 20:32:04 686] tts        498  local audiolen:  2046  ,ced:  15  
[2025/08/10 20:32:04 686] tts        527  0  udata(9407f328) 1  
[2025/08/10 20:32:04 687] tts        657  TTS_MSG_GETAUDIO  0  
[2025/08/10 20:32:04 687] tts        485  get audio|use local  
[2025/08/10 20:32:04 687] tts        498  local audiolen:  1964  ,ced:  15  
[2025/08/10 20:32:04 687] tts        527  0  udata(9407f378) 1  
[2025/08/10 20:32:04 688] tts        301  0  0  
[2025/08/10 20:32:04 688] tts        312  TTS_LOCAL_CB_END,  2  
[2025/08/10 20:32:04 688] tts        657  TTS_MSG_GETAUDIO  0  
[2025/08/10 20:32:04 688] tts        485  get audio|use local  
[2025/08/10 20:32:04 688] tts        498  local audiolen:  1938  ,ced:  15  
[2025/08/10 20:32:04 688] tts        527  0  udata(9407f568) 1  
[2025/08/10 20:32:04 693] tts        657  TTS_MSG_GETAUDIO  0  
[2025/08/10 20:32:04 693] tts        485  get audio|use local  
[2025/08/10 20:32:04 693] tts        498  local audiolen:  1912  ,ced:  15  
[2025/08/10 20:32:04 693] tts        527  0  udata(9407e7b8) 1  
[2025/08/10 20:32:04 695] tts        657  TTS_MSG_GETAUDIO  0  
[2025/08/10 20:32:04 698] tts        485  get audio|use local  
[2025/08/10 20:32:04 698] tts        498  local audiolen:  2032  ,ced:  15  
[2025/08/10 20:32:04 699] tts        527  0  udata(94087b48) 1  
[2025/08/10 20:32:04 700] tts        657  TTS_MSG_GETAUDIO  0  
[2025/08/10 20:32:04 700] tts        485  get audio|use local  
[2025/08/10 20:32:04 700] tts        498  local audiolen:  2000  ,ced:  15  
[2025/08/10 20:32:04 700] tts        527  0  udata(94087b98) 1  
[2025/08/10 20:32:04 701] tts        657  TTS_MSG_GETAUDIO  0  
[2025/08/10 20:32:04 701] tts        485  get audio|use local  
[2025/08/10 20:32:04 701] tts        498  local audiolen:  2014  ,ced:  15  
[2025/08/10 20:32:04 701] tts        527  0  udata(94087be8) 1  
[2025/08/10 20:32:04 702] tts        657  TTS_MSG_GETAUDIO  0  
[2025/08/10 20:32:04 702] tts        485  get audio|use local  
[2025/08/10 20:32:04 702] tts        498  local audiolen:  2016  ,ced:  15  
[2025/08/10 20:32:04 702] tts        527  0  udata(94087c38) 1  
[2025/08/10 20:32:04 702] tts        657  TTS_MSG_GETAUDIO  0  
[2025/08/10 20:32:04 702] tts        485  get audio|use local  
[2025/08/10 20:32:04 703] tts        498  local audiolen:  2016  ,ced:  15  
[2025/08/10 20:32:04 703] tts        527  0  udata(94087c88) 1  
[2025/08/10 20:32:04 703] tts        657  TTS_MSG_GETAUDIO  0  
[2025/08/10 20:32:04 703] tts        485  get audio|use local  
[2025/08/10 20:32:04 703] tts        498  local audiolen:  576  ,ced:  15  
[2025/08/10 20:32:04 704] tts        527  0  udata(94087f28) 2  
[2025/08/10 20:32:04 704] tts        660  TTS_MSG_SSE  
[2025/08/10 20:32:04 706] tts        585  sse|use local  
[2025/08/10 20:32:04 708] tts        603  tts exit  
