============================================================
Time  2025/08/11 17:33:30 717 
============================================================
[2025/08/11 17:33:30 717] tts        676  SYS_MSG_REGCB param0 =  msp_status_cb  param1 =  func(60014a30) 
[2025/08/11 17:33:30 720] config     43   use general cloud  
[2025/08/11 17:33:30 726] tts_cloud  1417 SYS_MSG_REGCB_CLOUD param0 =   msp_status_cb  param1 =  func(60014a30) 
[2025/08/11 17:33:30 726] tts        647  TTS_MSG_SSB  
[2025/08/11 17:33:30 726] tts        375  params =  engine_type = local,voice_name=xiaoyan, text_encoding = UTF8, tts_res_path = fo|res/tts/xiaoyan.jet;fo|res/tts/common.jet, sample_rate = 16000, speed = 50, volume = 80, pitch = 50, rdn = 2  
[2025/08/11 17:33:30 727] tts        412  ssb|use local  
[2025/08/11 17:33:30 727] tts        349  local_session_begin  
[2025/08/11 17:33:30 747] tts        654  TTS_MSG_SYN  0  
[2025/08/11 17:33:30 747] tts        451  synth|use local  
[2025/08/11 17:33:30 748] tts        657  TTS_MSG_GETAUDIO  0  
[2025/08/11 17:33:30 748] tts        485  get audio|use local  
[2025/08/11 17:33:30 748] tts        527  0  nil  1  
[2025/08/11 17:33:30 748] tts        657  TTS_MSG_GETAUDIO  0  
[2025/08/11 17:33:30 748] tts        485  get audio|use local  
[2025/08/11 17:33:30 749] tts        527  0  nil  1  
[2025/08/11 17:33:30 749] tts        657  TTS_MSG_GETAUDIO  0  
[2025/08/11 17:33:30 749] tts        485  get audio|use local  
[2025/08/11 17:33:30 749] tts        527  0  nil  1  
[2025/08/11 17:33:30 750] tts        657  TTS_MSG_GETAUDIO  0  
[2025/08/11 17:33:30 750] tts        485  get audio|use local  
[2025/08/11 17:33:30 750] tts        527  0  nil  1  
[2025/08/11 17:33:30 752] tts        657  TTS_MSG_GETAUDIO  0  
[2025/08/11 17:33:30 752] tts        485  get audio|use local  
[2025/08/11 17:33:30 752] tts        527  0  nil  1  
[2025/08/11 17:33:30 753] tts        657  TTS_MSG_GETAUDIO  0  
[2025/08/11 17:33:30 753] tts        485  get audio|use local  
[2025/08/11 17:33:30 753] tts        527  0  nil  1  
[2025/08/11 17:33:30 754] tts        657  TTS_MSG_GETAUDIO  0  
[2025/08/11 17:33:30 754] tts        485  get audio|use local  
[2025/08/11 17:33:30 754] tts        527  0  nil  1  
[2025/08/11 17:33:30 754] tts        657  TTS_MSG_GETAUDIO  0  
[2025/08/11 17:33:30 754] tts        485  get audio|use local  
[2025/08/11 17:33:30 754] tts        527  0  nil  1  
[2025/08/11 17:33:30 755] tts        657  TTS_MSG_GETAUDIO  0  
[2025/08/11 17:33:30 755] tts        485  get audio|use local  
[2025/08/11 17:33:30 755] tts        527  0  nil  1  
[2025/08/11 17:33:30 755] tts        657  TTS_MSG_GETAUDIO  0  
[2025/08/11 17:33:30 755] tts        485  get audio|use local  
[2025/08/11 17:33:30 756] tts        527  0  nil  1  
[2025/08/11 17:33:30 762] tts        657  TTS_MSG_GETAUDIO  0  
[2025/08/11 17:33:30 762] tts        485  get audio|use local  
[2025/08/11 17:33:30 762] tts        527  0  nil  1  
[2025/08/11 17:33:30 763] tts        657  TTS_MSG_GETAUDIO  0  
[2025/08/11 17:33:30 763] tts        485  get audio|use local  
[2025/08/11 17:33:30 763] tts        527  0  nil  1  
[2025/08/11 17:33:30 763] tts        657  TTS_MSG_GETAUDIO  0  
[2025/08/11 17:33:30 764] tts        485  get audio|use local  
[2025/08/11 17:33:30 764] tts        527  0  nil  1  
[2025/08/11 17:33:30 764] tts        657  TTS_MSG_GETAUDIO  0  
[2025/08/11 17:33:30 764] tts        485  get audio|use local  
[2025/08/11 17:33:30 764] tts        527  0  nil  1  
[2025/08/11 17:33:30 765] tts        657  TTS_MSG_GETAUDIO  0  
[2025/08/11 17:33:30 765] tts        485  get audio|use local  
[2025/08/11 17:33:30 765] tts        527  0  nil  1  
[2025/08/11 17:33:30 765] tts        657  TTS_MSG_GETAUDIO  0  
[2025/08/11 17:33:30 765] tts        485  get audio|use local  
[2025/08/11 17:33:30 765] tts        527  0  nil  1  
[2025/08/11 17:33:30 767] tts        657  TTS_MSG_GETAUDIO  0  
[2025/08/11 17:33:30 767] tts        485  get audio|use local  
[2025/08/11 17:33:30 767] tts        527  0  nil  1  
[2025/08/11 17:33:30 767] tts        657  TTS_MSG_GETAUDIO  0  
[2025/08/11 17:33:30 767] tts        485  get audio|use local  
[2025/08/11 17:33:30 768] tts        527  0  nil  1  
[2025/08/11 17:33:30 768] tts        657  TTS_MSG_GETAUDIO  0  
[2025/08/11 17:33:30 768] tts        485  get audio|use local  
[2025/08/11 17:33:30 768] tts        527  0  nil  1  
[2025/08/11 17:33:30 769] tts        657  TTS_MSG_GETAUDIO  0  
[2025/08/11 17:33:30 769] tts        485  get audio|use local  
[2025/08/11 17:33:30 769] tts        527  0  nil  1  
[2025/08/11 17:33:30 769] tts        657  TTS_MSG_GETAUDIO  0  
[2025/08/11 17:33:30 769] tts        485  get audio|use local  
[2025/08/11 17:33:30 769] tts        527  0  nil  1  
[2025/08/11 17:33:30 770] tts        657  TTS_MSG_GETAUDIO  0  
[2025/08/11 17:33:30 770] tts        485  get audio|use local  
[2025/08/11 17:33:30 770] tts        527  0  nil  1  
[2025/08/11 17:33:30 770] tts        657  TTS_MSG_GETAUDIO  0  
[2025/08/11 17:33:30 770] tts        485  get audio|use local  
[2025/08/11 17:33:30 771] tts        527  0  nil  1  
[2025/08/11 17:33:30 771] tts        657  TTS_MSG_GETAUDIO  0  
[2025/08/11 17:33:30 771] tts        485  get audio|use local  
[2025/08/11 17:33:30 771] tts        527  0  nil  1  
[2025/08/11 17:33:30 772] tts        657  TTS_MSG_GETAUDIO  0  
[2025/08/11 17:33:30 772] tts        485  get audio|use local  
[2025/08/11 17:33:30 772] tts        527  0  nil  1  
[2025/08/11 17:33:30 772] tts        657  TTS_MSG_GETAUDIO  0  
[2025/08/11 17:33:30 772] tts        485  get audio|use local  
[2025/08/11 17:33:30 772] tts        527  0  nil  1  
[2025/08/11 17:33:30 781] tts        657  TTS_MSG_GETAUDIO  0  
[2025/08/11 17:33:30 781] tts        485  get audio|use local  
[2025/08/11 17:33:30 781] tts        527  0  nil  1  
[2025/08/11 17:33:30 781] tts        657  TTS_MSG_GETAUDIO  0  
[2025/08/11 17:33:30 781] tts        485  get audio|use local  
[2025/08/11 17:33:30 782] tts        527  0  nil  1  
[2025/08/11 17:33:30 782] tts        657  TTS_MSG_GETAUDIO  0  
[2025/08/11 17:33:30 782] tts        485  get audio|use local  
[2025/08/11 17:33:30 782] tts        527  0  nil  1  
[2025/08/11 17:33:30 783] tts        657  TTS_MSG_GETAUDIO  0  
[2025/08/11 17:33:30 783] tts        485  get audio|use local  
[2025/08/11 17:33:30 783] tts        527  0  nil  1  
[2025/08/11 17:33:30 795] tts        657  TTS_MSG_GETAUDIO  0  
[2025/08/11 17:33:30 795] tts        485  get audio|use local  
[2025/08/11 17:33:30 795] tts        527  0  nil  1  
[2025/08/11 17:33:30 796] tts        657  TTS_MSG_GETAUDIO  0  
[2025/08/11 17:33:30 796] tts        485  get audio|use local  
[2025/08/11 17:33:30 796] tts        527  0  nil  1  
[2025/08/11 17:33:30 796] tts        657  TTS_MSG_GETAUDIO  0  
[2025/08/11 17:33:30 796] tts        485  get audio|use local  
[2025/08/11 17:33:30 797] tts        527  0  nil  1  
[2025/08/11 17:33:30 797] tts        657  TTS_MSG_GETAUDIO  0  
[2025/08/11 17:33:30 797] tts        485  get audio|use local  
[2025/08/11 17:33:30 797] tts        527  0  nil  1  
[2025/08/11 17:33:30 798] tts        657  TTS_MSG_GETAUDIO  0  
[2025/08/11 17:33:30 798] tts        485  get audio|use local  
[2025/08/11 17:33:30 798] tts        527  0  nil  1  
[2025/08/11 17:33:30 798] tts        657  TTS_MSG_GETAUDIO  0  
[2025/08/11 17:33:30 798] tts        485  get audio|use local  
[2025/08/11 17:33:30 798] tts        527  0  nil  1  
[2025/08/11 17:33:30 802] tts        657  TTS_MSG_GETAUDIO  0  
[2025/08/11 17:33:30 802] tts        485  get audio|use local  
[2025/08/11 17:33:30 802] tts        527  0  nil  1  
[2025/08/11 17:33:30 802] tts        657  TTS_MSG_GETAUDIO  0  
[2025/08/11 17:33:30 802] tts        485  get audio|use local  
[2025/08/11 17:33:30 803] tts        527  0  nil  1  
[2025/08/11 17:33:30 803] tts        657  TTS_MSG_GETAUDIO  0  
[2025/08/11 17:33:30 803] tts        485  get audio|use local  
[2025/08/11 17:33:30 803] tts        527  0  nil  1  
[2025/08/11 17:33:30 804] tts        657  TTS_MSG_GETAUDIO  0  
[2025/08/11 17:33:30 804] tts        485  get audio|use local  
[2025/08/11 17:33:30 804] tts        527  0  nil  1  
[2025/08/11 17:33:30 804] tts        657  TTS_MSG_GETAUDIO  0  
[2025/08/11 17:33:30 804] tts        485  get audio|use local  
[2025/08/11 17:33:30 805] tts        527  0  nil  1  
[2025/08/11 17:33:30 805] tts        657  TTS_MSG_GETAUDIO  0  
[2025/08/11 17:33:30 807] tts        485  get audio|use local  
[2025/08/11 17:33:30 807] tts        527  0  nil  1  
[2025/08/11 17:33:30 808] tts        657  TTS_MSG_GETAUDIO  0  
[2025/08/11 17:33:30 808] tts        485  get audio|use local  
[2025/08/11 17:33:30 808] tts        527  0  nil  1  
[2025/08/11 17:33:30 809] tts        657  TTS_MSG_GETAUDIO  0  
[2025/08/11 17:33:30 809] tts        485  get audio|use local  
[2025/08/11 17:33:30 809] tts        527  0  nil  1  
[2025/08/11 17:33:30 810] tts        299  TTS_LOCAL_CB_BEGIN  
[2025/08/11 17:33:30 810] tts        657  TTS_MSG_GETAUDIO  0  
[2025/08/11 17:33:30 810] tts        485  get audio|use local  
[2025/08/11 17:33:30 810] tts        527  0  nil  1  
[2025/08/11 17:33:30 814] tts        657  TTS_MSG_GETAUDIO  0  
[2025/08/11 17:33:30 814] tts        485  get audio|use local  
[2025/08/11 17:33:30 814] tts        498  local audiolen:  1988  ,ced:  18  
[2025/08/11 17:33:30 814] tts        527  0  udata(600881e8) 1  
[2025/08/11 17:33:30 815] tts        657  TTS_MSG_GETAUDIO  0  
[2025/08/11 17:33:30 815] tts        485  get audio|use local  
[2025/08/11 17:33:30 815] tts        498  local audiolen:  1986  ,ced:  18  
[2025/08/11 17:33:30 815] tts        527  0  udata(600882d8) 1  
[2025/08/11 17:33:30 816] tts        657  TTS_MSG_GETAUDIO  0  
[2025/08/11 17:33:30 816] tts        485  get audio|use local  
[2025/08/11 17:33:30 816] tts        498  local audiolen:  2006  ,ced:  18  
[2025/08/11 17:33:30 816] tts        527  0  udata(60087a08) 1  
[2025/08/11 17:33:30 817] tts        657  TTS_MSG_GETAUDIO  0  
[2025/08/11 17:33:30 817] tts        485  get audio|use local  
[2025/08/11 17:33:30 817] tts        498  local audiolen:  1982  ,ced:  18  
[2025/08/11 17:33:30 817] tts        527  0  udata(60087a58) 1  
[2025/08/11 17:33:30 818] tts        657  TTS_MSG_GETAUDIO  0  
[2025/08/11 17:33:30 818] tts        485  get audio|use local  
[2025/08/11 17:33:30 818] tts        498  local audiolen:  2014  ,ced:  18  
[2025/08/11 17:33:30 818] tts        527  0  udata(60087518) 1  
[2025/08/11 17:33:30 818] tts        657  TTS_MSG_GETAUDIO  0  
[2025/08/11 17:33:30 819] tts        485  get audio|use local  
[2025/08/11 17:33:30 819] tts        527  0  nil  1  
[2025/08/11 17:33:30 819] tts        657  TTS_MSG_GETAUDIO  0  
[2025/08/11 17:33:30 820] tts        485  get audio|use local  
[2025/08/11 17:33:30 820] tts        527  0  nil  1  
[2025/08/11 17:33:30 821] tts        657  TTS_MSG_GETAUDIO  0  
[2025/08/11 17:33:30 821] tts        485  get audio|use local  
[2025/08/11 17:33:30 821] tts        498  local audiolen:  2002  ,ced:  18  
[2025/08/11 17:33:30 821] tts        527  0  udata(5c053868) 1  
[2025/08/11 17:33:30 822] tts        657  TTS_MSG_GETAUDIO  0  
[2025/08/11 17:33:30 822] tts        485  get audio|use local  
[2025/08/11 17:33:30 822] tts        498  local audiolen:  1982  ,ced:  18  
[2025/08/11 17:33:30 822] tts        527  0  udata(60087c58) 1  
[2025/08/11 17:33:30 823] tts        657  TTS_MSG_GETAUDIO  0  
[2025/08/11 17:33:30 823] tts        485  get audio|use local  
[2025/08/11 17:33:30 823] tts        527  0  nil  1  
[2025/08/11 17:33:30 824] tts        657  TTS_MSG_GETAUDIO  0  
[2025/08/11 17:33:30 824] tts        485  get audio|use local  
[2025/08/11 17:33:30 824] tts        527  0  nil  1  
[2025/08/11 17:33:30 824] tts        657  TTS_MSG_GETAUDIO  0  
[2025/08/11 17:33:30 824] tts        485  get audio|use local  
[2025/08/11 17:33:30 825] tts        527  0  nil  1  
[2025/08/11 17:33:30 825] tts        657  TTS_MSG_GETAUDIO  0  
[2025/08/11 17:33:30 825] tts        485  get audio|use local  
[2025/08/11 17:33:30 825] tts        498  local audiolen:  1960  ,ced:  18  
[2025/08/11 17:33:30 833] tts        527  0  udata(60087da8) 1  
[2025/08/11 17:33:30 834] tts        657  TTS_MSG_GETAUDIO  0  
[2025/08/11 17:33:30 834] tts        485  get audio|use local  
[2025/08/11 17:33:30 834] tts        498  local audiolen:  1958  ,ced:  18  
[2025/08/11 17:33:30 834] tts        527  0  udata(600880f8) 1  
[2025/08/11 17:33:30 835] tts        657  TTS_MSG_GETAUDIO  0  
[2025/08/11 17:33:30 835] tts        485  get audio|use local  
[2025/08/11 17:33:30 835] tts        498  local audiolen:  2016  ,ced:  18  
[2025/08/11 17:33:30 835] tts        527  0  udata(60088148) 1  
[2025/08/11 17:33:30 836] tts        657  TTS_MSG_GETAUDIO  0  
[2025/08/11 17:33:30 836] tts        485  get audio|use local  
[2025/08/11 17:33:30 836] tts        498  local audiolen:  1988  ,ced:  18  
[2025/08/11 17:33:30 836] tts        527  0  udata(6007dc98) 1  
[2025/08/11 17:33:30 837] tts        657  TTS_MSG_GETAUDIO  0  
[2025/08/11 17:33:30 837] tts        485  get audio|use local  
[2025/08/11 17:33:30 837] tts        498  local audiolen:  1990  ,ced:  18  
[2025/08/11 17:33:30 837] tts        527  0  udata(6007dce8) 1  
[2025/08/11 17:33:30 838] tts        657  TTS_MSG_GETAUDIO  0  
[2025/08/11 17:33:30 838] tts        485  get audio|use local  
[2025/08/11 17:33:30 838] tts        527  0  nil  1  
[2025/08/11 17:33:30 839] tts        657  TTS_MSG_GETAUDIO  0  
[2025/08/11 17:33:30 839] tts        485  get audio|use local  
[2025/08/11 17:33:30 839] tts        527  0  nil  1  
[2025/08/11 17:33:30 840] tts        657  TTS_MSG_GETAUDIO  0  
[2025/08/11 17:33:30 840] tts        485  get audio|use local  
[2025/08/11 17:33:30 840] tts        498  local audiolen:  2016  ,ced:  18  
[2025/08/11 17:33:30 840] tts        527  0  udata(6007d4f8) 1  
[2025/08/11 17:33:30 841] tts        657  TTS_MSG_GETAUDIO  0  
[2025/08/11 17:33:30 841] tts        485  get audio|use local  
[2025/08/11 17:33:30 841] tts        527  0  nil  1  
[2025/08/11 17:33:30 842] tts        657  TTS_MSG_GETAUDIO  0  
[2025/08/11 17:33:30 842] tts        485  get audio|use local  
[2025/08/11 17:33:30 843] tts        498  local audiolen:  1954  ,ced:  18  
[2025/08/11 17:33:30 843] tts        527  0  udata(6007d648) 1  
[2025/08/11 17:33:30 844] tts        657  TTS_MSG_GETAUDIO  0  
[2025/08/11 17:33:30 844] tts        485  get audio|use local  
[2025/08/11 17:33:30 844] tts        498  local audiolen:  1978  ,ced:  18  
[2025/08/11 17:33:30 844] tts        527  0  udata(6007d798) 1  
[2025/08/11 17:33:30 845] tts        657  TTS_MSG_GETAUDIO  0  
[2025/08/11 17:33:30 845] tts        485  get audio|use local  
[2025/08/11 17:33:30 845] tts        498  local audiolen:  1992  ,ced:  18  
[2025/08/11 17:33:30 846] tts        527  0  udata(6007d8e8) 1  
[2025/08/11 17:33:30 846] tts        657  TTS_MSG_GETAUDIO  0  
[2025/08/11 17:33:30 846] tts        485  get audio|use local  
[2025/08/11 17:33:30 846] tts        527  0  nil  1  
[2025/08/11 17:33:30 847] tts        657  TTS_MSG_GETAUDIO  0  
[2025/08/11 17:33:30 847] tts        485  get audio|use local  
[2025/08/11 17:33:30 847] tts        527  0  nil  1  
[2025/08/11 17:33:30 847] tts        657  TTS_MSG_GETAUDIO  0  
[2025/08/11 17:33:30 847] tts        485  get audio|use local  
[2025/08/11 17:33:30 848] tts        527  0  nil  1  
[2025/08/11 17:33:30 848] tts        657  TTS_MSG_GETAUDIO  0  
[2025/08/11 17:33:30 848] tts        485  get audio|use local  
[2025/08/11 17:33:30 848] tts        527  0  nil  1  
[2025/08/11 17:33:30 849] tts        657  TTS_MSG_GETAUDIO  0  
[2025/08/11 17:33:30 849] tts        485  get audio|use local  
[2025/08/11 17:33:30 849] tts        527  0  nil  1  
[2025/08/11 17:33:30 849] tts        657  TTS_MSG_GETAUDIO  0  
[2025/08/11 17:33:30 849] tts        485  get audio|use local  
[2025/08/11 17:33:30 849] tts        527  0  nil  1  
[2025/08/11 17:33:30 850] tts        657  TTS_MSG_GETAUDIO  0  
[2025/08/11 17:33:30 850] tts        485  get audio|use local  
[2025/08/11 17:33:30 850] tts        527  0  nil  1  
[2025/08/11 17:33:30 851] tts        657  TTS_MSG_GETAUDIO  0  
[2025/08/11 17:33:30 851] tts        485  get audio|use local  
[2025/08/11 17:33:30 851] tts        527  0  nil  1  
[2025/08/11 17:33:30 851] tts        657  TTS_MSG_GETAUDIO  0  
[2025/08/11 17:33:30 851] tts        485  get audio|use local  
[2025/08/11 17:33:30 851] tts        527  0  nil  1  
[2025/08/11 17:33:30 852] tts        657  TTS_MSG_GETAUDIO  0  
[2025/08/11 17:33:30 852] tts        485  get audio|use local  
[2025/08/11 17:33:30 852] tts        527  0  nil  1  
[2025/08/11 17:33:30 862] tts        301  0  0  
[2025/08/11 17:33:30 862] tts        312  TTS_LOCAL_CB_END,  2  
[2025/08/11 17:33:30 862] tts        657  TTS_MSG_GETAUDIO  0  
[2025/08/11 17:33:30 862] tts        485  get audio|use local  
[2025/08/11 17:33:30 862] tts        498  local audiolen:  1972  ,ced:  18  
[2025/08/11 17:33:30 862] tts        527  0  udata(6007ea08) 1  
[2025/08/11 17:33:30 863] tts        657  TTS_MSG_GETAUDIO  0  
[2025/08/11 17:33:30 863] tts        485  get audio|use local  
[2025/08/11 17:33:30 863] tts        498  local audiolen:  1952  ,ced:  18  
[2025/08/11 17:33:30 863] tts        527  0  udata(6007ea58) 1  
[2025/08/11 17:33:30 864] tts        657  TTS_MSG_GETAUDIO  0  
[2025/08/11 17:33:30 864] tts        485  get audio|use local  
[2025/08/11 17:33:30 864] tts        498  local audiolen:  1938  ,ced:  18  
[2025/08/11 17:33:30 864] tts        527  0  udata(6007eaa8) 1  
[2025/08/11 17:33:30 864] tts        657  TTS_MSG_GETAUDIO  0  
[2025/08/11 17:33:30 864] tts        485  get audio|use local  
[2025/08/11 17:33:30 865] tts        498  local audiolen:  1888  ,ced:  18  
[2025/08/11 17:33:30 865] tts        527  0  udata(6007e9a8) 1  
[2025/08/11 17:33:30 865] tts        657  TTS_MSG_GETAUDIO  0  
[2025/08/11 17:33:30 865] tts        485  get audio|use local  
[2025/08/11 17:33:30 865] tts        498  local audiolen:  1980  ,ced:  18  
[2025/08/11 17:33:30 865] tts        527  0  udata(6007f2c8) 1  
[2025/08/11 17:33:30 866] tts        657  TTS_MSG_GETAUDIO  0  
[2025/08/11 17:33:30 866] tts        485  get audio|use local  
[2025/08/11 17:33:30 866] tts        498  local audiolen:  672  ,ced:  18  
[2025/08/11 17:33:30 866] tts        527  0  udata(6007e4e8) 2  
[2025/08/11 17:33:30 867] tts        660  TTS_MSG_SSE  
[2025/08/11 17:33:30 868] tts        585  sse|use local  
[2025/08/11 17:33:30 875] tts        603  tts exit  
[2025/08/11 17:33:30 883] tts        667  SYS_MSG_UNLOAD  
