============================================================
Time  2025/07/10 16:04:47 462 
============================================================
[2025/07/10 16:04:47 462] tts        676  SYS_MSG_REGCB param0 =  msp_status_cb  param1 =  func(98014a30) 
[2025/07/10 16:04:47 469] config     43   use general cloud  
[2025/07/10 16:04:47 483] tts_cloud  1417 SYS_MSG_REGCB_CLOUD param0 =   msp_status_cb  param1 =  func(98014a30) 
[2025/07/10 16:04:47 484] tts        647  TTS_MSG_SSB  
[2025/07/10 16:04:47 484] tts        375  params =  engine_type = local,voice_name=xiaoyan, text_encoding = UTF8, tts_res_path = fo|res/tts/xiaoyan.jet;fo|res/tts/common.jet, sample_rate = 16000, speed = 50, volume = 80, pitch = 50, rdn = 2  
[2025/07/10 16:04:47 484] tts        412  ssb|use local  
[2025/07/10 16:04:47 484] tts        349  local_session_begin  
[2025/07/10 16:04:47 489] tts        654  TTS_MSG_SYN  0  
[2025/07/10 16:04:47 489] tts        451  synth|use local  
[2025/07/10 16:04:47 490] tts        657  TTS_MSG_GETAUDIO  0  
[2025/07/10 16:04:47 490] tts        485  get audio|use local  
[2025/07/10 16:04:47 491] tts        527  0  nil  1  
[2025/07/10 16:04:47 492] tts        657  TTS_MSG_GETAUDIO  0  
[2025/07/10 16:04:47 492] tts        485  get audio|use local  
[2025/07/10 16:04:47 492] tts        527  0  nil  1  
[2025/07/10 16:04:47 493] tts        657  TTS_MSG_GETAUDIO  0  
[2025/07/10 16:04:47 493] tts        485  get audio|use local  
[2025/07/10 16:04:47 494] tts        527  0  nil  1  
[2025/07/10 16:04:47 495] tts        657  TTS_MSG_GETAUDIO  0  
[2025/07/10 16:04:47 496] tts        485  get audio|use local  
[2025/07/10 16:04:47 497] tts        527  0  nil  1  
[2025/07/10 16:04:47 498] tts        657  TTS_MSG_GETAUDIO  0  
[2025/07/10 16:04:47 498] tts        485  get audio|use local  
[2025/07/10 16:04:47 498] tts        527  0  nil  1  
[2025/07/10 16:04:47 499] tts        657  TTS_MSG_GETAUDIO  0  
[2025/07/10 16:04:47 500] tts        485  get audio|use local  
[2025/07/10 16:04:47 500] tts        527  0  nil  1  
[2025/07/10 16:04:47 500] tts        657  TTS_MSG_GETAUDIO  0  
[2025/07/10 16:04:47 501] tts        485  get audio|use local  
[2025/07/10 16:04:47 501] tts        527  0  nil  1  
[2025/07/10 16:04:47 502] tts        657  TTS_MSG_GETAUDIO  0  
[2025/07/10 16:04:47 502] tts        485  get audio|use local  
[2025/07/10 16:04:47 502] tts        527  0  nil  1  
[2025/07/10 16:04:47 503] tts        657  TTS_MSG_GETAUDIO  0  
[2025/07/10 16:04:47 503] tts        485  get audio|use local  
[2025/07/10 16:04:47 503] tts        527  0  nil  1  
[2025/07/10 16:04:47 504] tts        657  TTS_MSG_GETAUDIO  0  
[2025/07/10 16:04:47 505] tts        485  get audio|use local  
[2025/07/10 16:04:47 505] tts        527  0  nil  1  
[2025/07/10 16:04:47 506] tts        657  TTS_MSG_GETAUDIO  0  
[2025/07/10 16:04:47 506] tts        485  get audio|use local  
[2025/07/10 16:04:47 506] tts        527  0  nil  1  
[2025/07/10 16:04:47 507] tts        657  TTS_MSG_GETAUDIO  0  
[2025/07/10 16:04:47 507] tts        485  get audio|use local  
[2025/07/10 16:04:47 507] tts        527  0  nil  1  
[2025/07/10 16:04:47 508] tts        657  TTS_MSG_GETAUDIO  0  
[2025/07/10 16:04:47 509] tts        485  get audio|use local  
[2025/07/10 16:04:47 509] tts        527  0  nil  1  
[2025/07/10 16:04:47 510] tts        657  TTS_MSG_GETAUDIO  0  
[2025/07/10 16:04:47 510] tts        485  get audio|use local  
[2025/07/10 16:04:47 510] tts        527  0  nil  1  
[2025/07/10 16:04:47 511] tts        657  TTS_MSG_GETAUDIO  0  
[2025/07/10 16:04:47 511] tts        485  get audio|use local  
[2025/07/10 16:04:47 512] tts        527  0  nil  1  
[2025/07/10 16:04:47 512] tts        657  TTS_MSG_GETAUDIO  0  
[2025/07/10 16:04:47 513] tts        485  get audio|use local  
[2025/07/10 16:04:47 513] tts        527  0  nil  1  
[2025/07/10 16:04:47 514] tts        657  TTS_MSG_GETAUDIO  0  
[2025/07/10 16:04:47 514] tts        485  get audio|use local  
[2025/07/10 16:04:47 514] tts        527  0  nil  1  
[2025/07/10 16:04:47 515] tts        657  TTS_MSG_GETAUDIO  0  
[2025/07/10 16:04:47 515] tts        485  get audio|use local  
[2025/07/10 16:04:47 515] tts        527  0  nil  1  
[2025/07/10 16:04:47 516] tts        657  TTS_MSG_GETAUDIO  0  
[2025/07/10 16:04:47 517] tts        485  get audio|use local  
[2025/07/10 16:04:47 517] tts        527  0  nil  1  
[2025/07/10 16:04:47 518] tts        657  TTS_MSG_GETAUDIO  0  
[2025/07/10 16:04:47 518] tts        485  get audio|use local  
[2025/07/10 16:04:47 518] tts        527  0  nil  1  
[2025/07/10 16:04:47 519] tts        657  TTS_MSG_GETAUDIO  0  
[2025/07/10 16:04:47 519] tts        485  get audio|use local  
[2025/07/10 16:04:47 519] tts        527  0  nil  1  
[2025/07/10 16:04:47 519] tts        657  TTS_MSG_GETAUDIO  0  
[2025/07/10 16:04:47 520] tts        485  get audio|use local  
[2025/07/10 16:04:47 520] tts        527  0  nil  1  
[2025/07/10 16:04:47 521] tts        657  TTS_MSG_GETAUDIO  0  
[2025/07/10 16:04:47 521] tts        485  get audio|use local  
[2025/07/10 16:04:47 521] tts        527  0  nil  1  
[2025/07/10 16:04:47 522] tts        657  TTS_MSG_GETAUDIO  0  
[2025/07/10 16:04:47 522] tts        485  get audio|use local  
[2025/07/10 16:04:47 522] tts        527  0  nil  1  
[2025/07/10 16:04:47 522] tts        657  TTS_MSG_GETAUDIO  0  
[2025/07/10 16:04:47 523] tts        485  get audio|use local  
[2025/07/10 16:04:47 523] tts        527  0  nil  1  
[2025/07/10 16:04:47 524] tts        657  TTS_MSG_GETAUDIO  0  
[2025/07/10 16:04:47 524] tts        485  get audio|use local  
[2025/07/10 16:04:47 524] tts        527  0  nil  1  
[2025/07/10 16:04:47 524] tts        657  TTS_MSG_GETAUDIO  0  
[2025/07/10 16:04:47 525] tts        485  get audio|use local  
[2025/07/10 16:04:47 525] tts        527  0  nil  1  
[2025/07/10 16:04:47 526] tts        657  TTS_MSG_GETAUDIO  0  
[2025/07/10 16:04:47 526] tts        485  get audio|use local  
[2025/07/10 16:04:47 526] tts        527  0  nil  1  
[2025/07/10 16:04:47 526] tts        657  TTS_MSG_GETAUDIO  0  
[2025/07/10 16:04:47 526] tts        485  get audio|use local  
[2025/07/10 16:04:47 527] tts        527  0  nil  1  
[2025/07/10 16:04:47 527] tts        657  TTS_MSG_GETAUDIO  0  
[2025/07/10 16:04:47 527] tts        485  get audio|use local  
[2025/07/10 16:04:47 528] tts        527  0  nil  1  
[2025/07/10 16:04:47 531] tts        657  TTS_MSG_GETAUDIO  0  
[2025/07/10 16:04:47 531] tts        485  get audio|use local  
[2025/07/10 16:04:47 531] tts        527  0  nil  1  
[2025/07/10 16:04:47 532] tts        657  TTS_MSG_GETAUDIO  0  
[2025/07/10 16:04:47 532] tts        485  get audio|use local  
[2025/07/10 16:04:47 532] tts        527  0  nil  1  
[2025/07/10 16:04:47 533] tts        657  TTS_MSG_GETAUDIO  0  
[2025/07/10 16:04:47 533] tts        485  get audio|use local  
[2025/07/10 16:04:47 533] tts        527  0  nil  1  
[2025/07/10 16:04:47 534] tts        657  TTS_MSG_GETAUDIO  0  
[2025/07/10 16:04:47 534] tts        485  get audio|use local  
[2025/07/10 16:04:47 534] tts        527  0  nil  1  
[2025/07/10 16:04:47 535] tts        657  TTS_MSG_GETAUDIO  0  
[2025/07/10 16:04:47 535] tts        485  get audio|use local  
[2025/07/10 16:04:47 535] tts        527  0  nil  1  
[2025/07/10 16:04:47 536] tts        657  TTS_MSG_GETAUDIO  0  
[2025/07/10 16:04:47 537] tts        485  get audio|use local  
[2025/07/10 16:04:47 537] tts        527  0  nil  1  
[2025/07/10 16:04:47 538] tts        657  TTS_MSG_GETAUDIO  0  
[2025/07/10 16:04:47 538] tts        485  get audio|use local  
[2025/07/10 16:04:47 538] tts        527  0  nil  1  
[2025/07/10 16:04:47 540] tts        657  TTS_MSG_GETAUDIO  0  
[2025/07/10 16:04:47 540] tts        485  get audio|use local  
[2025/07/10 16:04:47 540] tts        527  0  nil  1  
[2025/07/10 16:04:47 541] tts        657  TTS_MSG_GETAUDIO  0  
[2025/07/10 16:04:47 541] tts        485  get audio|use local  
[2025/07/10 16:04:47 541] tts        527  0  nil  1  
[2025/07/10 16:04:47 542] tts        657  TTS_MSG_GETAUDIO  0  
[2025/07/10 16:04:47 542] tts        485  get audio|use local  
[2025/07/10 16:04:47 542] tts        527  0  nil  1  
[2025/07/10 16:04:47 543] tts        657  TTS_MSG_GETAUDIO  0  
[2025/07/10 16:04:47 543] tts        485  get audio|use local  
[2025/07/10 16:04:47 543] tts        527  0  nil  1  
[2025/07/10 16:04:47 544] tts        657  TTS_MSG_GETAUDIO  0  
[2025/07/10 16:04:47 544] tts        485  get audio|use local  
[2025/07/10 16:04:47 544] tts        527  0  nil  1  
[2025/07/10 16:04:47 545] tts        657  TTS_MSG_GETAUDIO  0  
[2025/07/10 16:04:47 545] tts        485  get audio|use local  
[2025/07/10 16:04:47 545] tts        527  0  nil  1  
[2025/07/10 16:04:47 545] tts        657  TTS_MSG_GETAUDIO  0  
[2025/07/10 16:04:47 545] tts        485  get audio|use local  
[2025/07/10 16:04:47 546] tts        527  0  nil  1  
[2025/07/10 16:04:47 546] tts        657  TTS_MSG_GETAUDIO  0  
[2025/07/10 16:04:47 546] tts        485  get audio|use local  
[2025/07/10 16:04:47 546] tts        527  0  nil  1  
[2025/07/10 16:04:47 547] tts        657  TTS_MSG_GETAUDIO  0  
[2025/07/10 16:04:47 547] tts        485  get audio|use local  
[2025/07/10 16:04:47 547] tts        527  0  nil  1  
[2025/07/10 16:04:47 548] tts        657  TTS_MSG_GETAUDIO  0  
[2025/07/10 16:04:47 548] tts        485  get audio|use local  
[2025/07/10 16:04:47 548] tts        527  0  nil  1  
[2025/07/10 16:04:47 549] tts        657  TTS_MSG_GETAUDIO  0  
[2025/07/10 16:04:47 549] tts        485  get audio|use local  
[2025/07/10 16:04:47 549] tts        527  0  nil  1  
[2025/07/10 16:04:47 550] tts        657  TTS_MSG_GETAUDIO  0  
[2025/07/10 16:04:47 550] tts        485  get audio|use local  
[2025/07/10 16:04:47 550] tts        527  0  nil  1  
[2025/07/10 16:04:47 551] tts        657  TTS_MSG_GETAUDIO  0  
[2025/07/10 16:04:47 551] tts        485  get audio|use local  
[2025/07/10 16:04:47 551] tts        527  0  nil  1  
[2025/07/10 16:04:47 552] tts        657  TTS_MSG_GETAUDIO  0  
[2025/07/10 16:04:47 552] tts        485  get audio|use local  
[2025/07/10 16:04:47 552] tts        527  0  nil  1  
[2025/07/10 16:04:47 552] tts        657  TTS_MSG_GETAUDIO  0  
[2025/07/10 16:04:47 552] tts        485  get audio|use local  
[2025/07/10 16:04:47 553] tts        527  0  nil  1  
[2025/07/10 16:04:47 553] tts        657  TTS_MSG_GETAUDIO  0  
[2025/07/10 16:04:47 553] tts        485  get audio|use local  
[2025/07/10 16:04:47 554] tts        527  0  nil  1  
[2025/07/10 16:04:47 554] tts        657  TTS_MSG_GETAUDIO  0  
[2025/07/10 16:04:47 554] tts        485  get audio|use local  
[2025/07/10 16:04:47 554] tts        527  0  nil  1  
[2025/07/10 16:04:47 555] tts        657  TTS_MSG_GETAUDIO  0  
[2025/07/10 16:04:47 555] tts        485  get audio|use local  
[2025/07/10 16:04:47 555] tts        527  0  nil  1  
[2025/07/10 16:04:47 556] tts        657  TTS_MSG_GETAUDIO  0  
[2025/07/10 16:04:47 556] tts        485  get audio|use local  
[2025/07/10 16:04:47 556] tts        527  0  nil  1  
[2025/07/10 16:04:47 557] tts        657  TTS_MSG_GETAUDIO  0  
[2025/07/10 16:04:47 557] tts        485  get audio|use local  
[2025/07/10 16:04:47 557] tts        527  0  nil  1  
[2025/07/10 16:04:47 558] tts        657  TTS_MSG_GETAUDIO  0  
[2025/07/10 16:04:47 558] tts        485  get audio|use local  
[2025/07/10 16:04:47 560] tts        527  0  nil  1  
[2025/07/10 16:04:47 561] tts        657  TTS_MSG_GETAUDIO  0  
[2025/07/10 16:04:47 561] tts        485  get audio|use local  
[2025/07/10 16:04:47 561] tts        527  0  nil  1  
[2025/07/10 16:04:47 563] tts        657  TTS_MSG_GETAUDIO  0  
[2025/07/10 16:04:47 563] tts        485  get audio|use local  
[2025/07/10 16:04:47 563] tts        527  0  nil  1  
[2025/07/10 16:04:47 564] tts        657  TTS_MSG_GETAUDIO  0  
[2025/07/10 16:04:47 564] tts        485  get audio|use local  
[2025/07/10 16:04:47 564] tts        527  0  nil  1  
[2025/07/10 16:04:47 565] tts        657  TTS_MSG_GETAUDIO  0  
[2025/07/10 16:04:47 565] tts        485  get audio|use local  
[2025/07/10 16:04:47 565] tts        527  0  nil  1  
[2025/07/10 16:04:47 566] tts        657  TTS_MSG_GETAUDIO  0  
[2025/07/10 16:04:47 566] tts        485  get audio|use local  
[2025/07/10 16:04:47 566] tts        527  0  nil  1  
[2025/07/10 16:04:47 567] tts        657  TTS_MSG_GETAUDIO  0  
[2025/07/10 16:04:47 567] tts        485  get audio|use local  
[2025/07/10 16:04:47 567] tts        527  0  nil  1  
[2025/07/10 16:04:47 568] tts        657  TTS_MSG_GETAUDIO  0  
[2025/07/10 16:04:47 568] tts        485  get audio|use local  
[2025/07/10 16:04:47 568] tts        527  0  nil  1  
[2025/07/10 16:04:47 569] tts        657  TTS_MSG_GETAUDIO  0  
[2025/07/10 16:04:47 570] tts        485  get audio|use local  
[2025/07/10 16:04:47 570] tts        527  0  nil  1  
[2025/07/10 16:04:47 571] tts        657  TTS_MSG_GETAUDIO  0  
[2025/07/10 16:04:47 571] tts        485  get audio|use local  
[2025/07/10 16:04:47 572] tts        527  0  nil  1  
[2025/07/10 16:04:47 572] tts        657  TTS_MSG_GETAUDIO  0  
[2025/07/10 16:04:47 572] tts        485  get audio|use local  
[2025/07/10 16:04:47 573] tts        527  0  nil  1  
[2025/07/10 16:04:47 574] tts        657  TTS_MSG_GETAUDIO  0  
[2025/07/10 16:04:47 574] tts        485  get audio|use local  
[2025/07/10 16:04:47 578] tts        527  0  nil  1  
[2025/07/10 16:04:47 580] tts        657  TTS_MSG_GETAUDIO  0  
[2025/07/10 16:04:47 580] tts        485  get audio|use local  
[2025/07/10 16:04:47 580] tts        527  0  nil  1  
[2025/07/10 16:04:47 581] tts        657  TTS_MSG_GETAUDIO  0  
[2025/07/10 16:04:47 582] tts        485  get audio|use local  
[2025/07/10 16:04:47 582] tts        527  0  nil  1  
[2025/07/10 16:04:47 583] tts        657  TTS_MSG_GETAUDIO  0  
[2025/07/10 16:04:47 583] tts        485  get audio|use local  
[2025/07/10 16:04:47 583] tts        527  0  nil  1  
[2025/07/10 16:04:47 586] tts        299  TTS_LOCAL_CB_BEGIN  
[2025/07/10 16:04:47 586] tts        657  TTS_MSG_GETAUDIO  0  
[2025/07/10 16:04:47 587] tts        485  get audio|use local  
[2025/07/10 16:04:47 587] tts        527  0  nil  1  
[2025/07/10 16:04:47 588] tts        657  TTS_MSG_GETAUDIO  0  
[2025/07/10 16:04:47 589] tts        485  get audio|use local  
[2025/07/10 16:04:47 589] tts        527  0  nil  1  
[2025/07/10 16:04:47 591] tts        657  TTS_MSG_GETAUDIO  0  
[2025/07/10 16:04:47 591] tts        485  get audio|use local  
[2025/07/10 16:04:47 591] tts        527  0  nil  1  
[2025/07/10 16:04:47 593] tts        657  TTS_MSG_GETAUDIO  0  
[2025/07/10 16:04:47 593] tts        485  get audio|use local  
[2025/07/10 16:04:47 593] tts        527  0  nil  1  
[2025/07/10 16:04:47 594] tts        657  TTS_MSG_GETAUDIO  0  
[2025/07/10 16:04:47 594] tts        485  get audio|use local  
[2025/07/10 16:04:47 594] tts        527  0  nil  1  
[2025/07/10 16:04:47 595] tts        657  TTS_MSG_GETAUDIO  0  
[2025/07/10 16:04:47 595] tts        485  get audio|use local  
[2025/07/10 16:04:47 595] tts        527  0  nil  1  
[2025/07/10 16:04:47 597] tts        657  TTS_MSG_GETAUDIO  0  
[2025/07/10 16:04:47 597] tts        485  get audio|use local  
[2025/07/10 16:04:47 597] tts        527  0  nil  1  
[2025/07/10 16:04:47 600] tts        657  TTS_MSG_GETAUDIO  0  
[2025/07/10 16:04:47 601] tts        485  get audio|use local  
[2025/07/10 16:04:47 601] tts        527  0  nil  1  
[2025/07/10 16:04:47 602] tts        657  TTS_MSG_GETAUDIO  0  
[2025/07/10 16:04:47 602] tts        485  get audio|use local  
[2025/07/10 16:04:47 602] tts        527  0  nil  1  
[2025/07/10 16:04:47 607] tts        657  TTS_MSG_GETAUDIO  0  
[2025/07/10 16:04:47 607] tts        485  get audio|use local  
[2025/07/10 16:04:47 607] tts        527  0  nil  1  
[2025/07/10 16:04:47 608] tts        657  TTS_MSG_GETAUDIO  0  
[2025/07/10 16:04:47 609] tts        485  get audio|use local  
[2025/07/10 16:04:47 609] tts        527  0  nil  1  
[2025/07/10 16:04:47 615] tts        657  TTS_MSG_GETAUDIO  0  
[2025/07/10 16:04:47 615] tts        485  get audio|use local  
[2025/07/10 16:04:47 615] tts        527  0  nil  1  
[2025/07/10 16:04:47 619] tts        657  TTS_MSG_GETAUDIO  0  
[2025/07/10 16:04:47 619] tts        485  get audio|use local  
[2025/07/10 16:04:47 619] tts        527  0  nil  1  
[2025/07/10 16:04:47 621] tts        657  TTS_MSG_GETAUDIO  0  
[2025/07/10 16:04:47 621] tts        485  get audio|use local  
[2025/07/10 16:04:47 621] tts        527  0  nil  1  
[2025/07/10 16:04:47 623] tts        657  TTS_MSG_GETAUDIO  0  
[2025/07/10 16:04:47 623] tts        485  get audio|use local  
[2025/07/10 16:04:47 623] tts        527  0  nil  1  
[2025/07/10 16:04:47 624] tts        657  TTS_MSG_GETAUDIO  0  
[2025/07/10 16:04:47 624] tts        485  get audio|use local  
[2025/07/10 16:04:47 624] tts        527  0  nil  1  
[2025/07/10 16:04:47 625] tts        657  TTS_MSG_GETAUDIO  0  
[2025/07/10 16:04:47 625] tts        485  get audio|use local  
[2025/07/10 16:04:47 625] tts        527  0  nil  1  
[2025/07/10 16:04:47 626] tts        657  TTS_MSG_GETAUDIO  0  
[2025/07/10 16:04:47 626] tts        485  get audio|use local  
[2025/07/10 16:04:47 626] tts        527  0  nil  1  
[2025/07/10 16:04:47 627] tts        657  TTS_MSG_GETAUDIO  0  
[2025/07/10 16:04:47 627] tts        485  get audio|use local  
[2025/07/10 16:04:47 627] tts        527  0  nil  1  
[2025/07/10 16:04:47 628] tts        657  TTS_MSG_GETAUDIO  0  
[2025/07/10 16:04:47 629] tts        485  get audio|use local  
[2025/07/10 16:04:47 629] tts        527  0  nil  1  
[2025/07/10 16:04:47 629] tts        657  TTS_MSG_GETAUDIO  0  
[2025/07/10 16:04:47 629] tts        485  get audio|use local  
[2025/07/10 16:04:47 630] tts        527  0  nil  1  
[2025/07/10 16:04:47 630] tts        657  TTS_MSG_GETAUDIO  0  
[2025/07/10 16:04:47 630] tts        485  get audio|use local  
[2025/07/10 16:04:47 631] tts        527  0  nil  1  
[2025/07/10 16:04:47 632] tts        657  TTS_MSG_GETAUDIO  0  
[2025/07/10 16:04:47 632] tts        485  get audio|use local  
[2025/07/10 16:04:47 632] tts        527  0  nil  1  
[2025/07/10 16:04:47 633] tts        657  TTS_MSG_GETAUDIO  0  
[2025/07/10 16:04:47 633] tts        485  get audio|use local  
[2025/07/10 16:04:47 633] tts        527  0  nil  1  
[2025/07/10 16:04:47 634] tts        657  TTS_MSG_GETAUDIO  0  
[2025/07/10 16:04:47 634] tts        485  get audio|use local  
[2025/07/10 16:04:47 634] tts        527  0  nil  1  
[2025/07/10 16:04:47 647] tts        657  TTS_MSG_GETAUDIO  0  
[2025/07/10 16:04:47 647] tts        485  get audio|use local  
[2025/07/10 16:04:47 647] tts        527  0  nil  1  
[2025/07/10 16:04:47 648] tts        657  TTS_MSG_GETAUDIO  0  
[2025/07/10 16:04:47 649] tts        485  get audio|use local  
[2025/07/10 16:04:47 649] tts        527  0  nil  1  
[2025/07/10 16:04:47 651] tts        657  TTS_MSG_GETAUDIO  0  
[2025/07/10 16:04:47 651] tts        485  get audio|use local  
[2025/07/10 16:04:47 656] tts        527  0  nil  1  
[2025/07/10 16:04:47 658] tts        657  TTS_MSG_GETAUDIO  0  
[2025/07/10 16:04:47 660] tts        485  get audio|use local  
[2025/07/10 16:04:47 665] tts        498  local audiolen:  2042  ,ced:  14  
[2025/07/10 16:04:47 667] tts        527  0  udata(9807f8b8) 1  
[2025/07/10 16:04:47 675] tts        657  TTS_MSG_GETAUDIO  0  
[2025/07/10 16:04:47 675] tts        485  get audio|use local  
[2025/07/10 16:04:47 675] tts        498  local audiolen:  2016  ,ced:  14  
[2025/07/10 16:04:47 675] tts        527  0  udata(98087f68) 1  
[2025/07/10 16:04:47 678] tts        657  TTS_MSG_GETAUDIO  0  
[2025/07/10 16:04:47 679] tts        485  get audio|use local  
[2025/07/10 16:04:47 680] tts        498  local audiolen:  1964  ,ced:  14  
[2025/07/10 16:04:47 680] tts        527  0  udata(98087fb8) 1  
[2025/07/10 16:04:47 681] tts        657  TTS_MSG_GETAUDIO  0  
[2025/07/10 16:04:47 681] tts        485  get audio|use local  
[2025/07/10 16:04:47 682] tts        498  local audiolen:  1916  ,ced:  14  
[2025/07/10 16:04:47 682] tts        527  0  udata(98088008) 1  
[2025/07/10 16:04:47 683] tts        657  TTS_MSG_GETAUDIO  0  
[2025/07/10 16:04:47 683] tts        485  get audio|use local  
[2025/07/10 16:04:47 683] tts        498  local audiolen:  2018  ,ced:  14  
[2025/07/10 16:04:47 683] tts        527  0  udata(9807f908) 1  
[2025/07/10 16:04:47 684] tts        657  TTS_MSG_GETAUDIO  0  
[2025/07/10 16:04:47 684] tts        485  get audio|use local  
[2025/07/10 16:04:47 684] tts        498  local audiolen:  2008  ,ced:  14  
[2025/07/10 16:04:47 684] tts        527  0  udata(98088058) 1  
[2025/07/10 16:04:47 685] tts        657  TTS_MSG_GETAUDIO  0  
[2025/07/10 16:04:47 685] tts        485  get audio|use local  
[2025/07/10 16:04:47 685] tts        527  0  nil  1  
[2025/07/10 16:04:47 686] tts        657  TTS_MSG_GETAUDIO  0  
[2025/07/10 16:04:47 686] tts        485  get audio|use local  
[2025/07/10 16:04:47 686] tts        527  0  nil  1  
[2025/07/10 16:04:47 687] tts        657  TTS_MSG_GETAUDIO  0  
[2025/07/10 16:04:47 687] tts        485  get audio|use local  
[2025/07/10 16:04:47 687] tts        527  0  nil  1  
[2025/07/10 16:04:47 688] tts        657  TTS_MSG_GETAUDIO  0  
[2025/07/10 16:04:47 688] tts        485  get audio|use local  
[2025/07/10 16:04:47 688] tts        527  0  nil  1  
[2025/07/10 16:04:47 689] tts        657  TTS_MSG_GETAUDIO  0  
[2025/07/10 16:04:47 689] tts        485  get audio|use local  
[2025/07/10 16:04:47 689] tts        527  0  nil  1  
[2025/07/10 16:04:47 690] tts        657  TTS_MSG_GETAUDIO  0  
[2025/07/10 16:04:47 690] tts        485  get audio|use local  
[2025/07/10 16:04:47 690] tts        527  0  nil  1  
[2025/07/10 16:04:47 692] tts        657  TTS_MSG_GETAUDIO  0  
[2025/07/10 16:04:47 692] tts        485  get audio|use local  
[2025/07/10 16:04:47 692] tts        527  0  nil  1  
[2025/07/10 16:04:47 694] tts        657  TTS_MSG_GETAUDIO  0  
[2025/07/10 16:04:47 694] tts        485  get audio|use local  
[2025/07/10 16:04:47 694] tts        527  0  nil  1  
[2025/07/10 16:04:47 697] tts        657  TTS_MSG_GETAUDIO  0  
[2025/07/10 16:04:47 697] tts        485  get audio|use local  
[2025/07/10 16:04:47 697] tts        527  0  nil  1  
[2025/07/10 16:04:47 705] tts        657  TTS_MSG_GETAUDIO  0  
[2025/07/10 16:04:47 706] tts        485  get audio|use local  
[2025/07/10 16:04:47 706] tts        527  0  nil  1  
[2025/07/10 16:04:47 730] tts        657  TTS_MSG_GETAUDIO  0  
[2025/07/10 16:04:47 730] tts        485  get audio|use local  
[2025/07/10 16:04:47 730] tts        527  0  nil  1  
[2025/07/10 16:04:47 731] tts        657  TTS_MSG_GETAUDIO  0  
[2025/07/10 16:04:47 731] tts        485  get audio|use local  
[2025/07/10 16:04:47 731] tts        527  0  nil  1  
[2025/07/10 16:04:47 732] tts        657  TTS_MSG_GETAUDIO  0  
[2025/07/10 16:04:47 732] tts        485  get audio|use local  
[2025/07/10 16:04:47 732] tts        527  0  nil  1  
[2025/07/10 16:04:47 732] tts        657  TTS_MSG_GETAUDIO  0  
[2025/07/10 16:04:47 733] tts        485  get audio|use local  
[2025/07/10 16:04:47 733] tts        527  0  nil  1  
[2025/07/10 16:04:47 736] tts        657  TTS_MSG_GETAUDIO  0  
[2025/07/10 16:04:47 736] tts        485  get audio|use local  
[2025/07/10 16:04:47 736] tts        527  0  nil  1  
[2025/07/10 16:04:47 743] tts        657  TTS_MSG_GETAUDIO  0  
[2025/07/10 16:04:47 743] tts        485  get audio|use local  
[2025/07/10 16:04:47 744] tts        498  local audiolen:  2046  ,ced:  14  
[2025/07/10 16:04:47 744] tts        527  0  udata(9807ca88) 1  
[2025/07/10 16:04:47 754] tts        657  TTS_MSG_GETAUDIO  0  
[2025/07/10 16:04:47 754] tts        485  get audio|use local  
[2025/07/10 16:04:47 756] tts        498  local audiolen:  1972  ,ced:  14  
[2025/07/10 16:04:47 756] tts        527  0  udata(9807ced8) 1  
[2025/07/10 16:04:47 759] tts        657  TTS_MSG_GETAUDIO  0  
[2025/07/10 16:04:47 759] tts        485  get audio|use local  
[2025/07/10 16:04:47 759] tts        498  local audiolen:  1934  ,ced:  14  
[2025/07/10 16:04:47 759] tts        527  0  udata(9807f378) 1  
[2025/07/10 16:04:47 760] tts        657  TTS_MSG_GETAUDIO  0  
[2025/07/10 16:04:47 760] tts        485  get audio|use local  
[2025/07/10 16:04:47 761] tts        498  local audiolen:  2018  ,ced:  14  
[2025/07/10 16:04:47 761] tts        527  0  udata(9807f3c8) 1  
[2025/07/10 16:04:47 763] tts        657  TTS_MSG_GETAUDIO  0  
[2025/07/10 16:04:47 763] tts        485  get audio|use local  
[2025/07/10 16:04:47 763] tts        498  local audiolen:  2040  ,ced:  14  
[2025/07/10 16:04:47 763] tts        527  0  udata(9807f418) 1  
[2025/07/10 16:04:47 764] tts        657  TTS_MSG_GETAUDIO  0  
[2025/07/10 16:04:47 764] tts        485  get audio|use local  
[2025/07/10 16:04:47 764] tts        498  local audiolen:  1958  ,ced:  14  
[2025/07/10 16:04:47 764] tts        527  0  udata(9807f468) 1  
[2025/07/10 16:04:47 766] tts        657  TTS_MSG_GETAUDIO  0  
[2025/07/10 16:04:47 766] tts        485  get audio|use local  
[2025/07/10 16:04:47 766] tts        498  local audiolen:  1998  ,ced:  14  
[2025/07/10 16:04:47 766] tts        527  0  udata(9807f4b8) 1  
[2025/07/10 16:04:47 768] tts        657  TTS_MSG_GETAUDIO  0  
[2025/07/10 16:04:47 768] tts        485  get audio|use local  
[2025/07/10 16:04:47 768] tts        498  local audiolen:  2016  ,ced:  14  
[2025/07/10 16:04:47 768] tts        527  0  udata(9807f608) 1  
[2025/07/10 16:04:47 769] tts        657  TTS_MSG_GETAUDIO  0  
[2025/07/10 16:04:47 770] tts        485  get audio|use local  
[2025/07/10 16:04:47 770] tts        498  local audiolen:  2014  ,ced:  14  
[2025/07/10 16:04:47 770] tts        527  0  udata(9807f658) 1  
[2025/07/10 16:04:47 771] tts        657  TTS_MSG_GETAUDIO  0  
[2025/07/10 16:04:47 771] tts        485  get audio|use local  
[2025/07/10 16:04:47 771] tts        527  0  nil  1  
[2025/07/10 16:04:47 772] tts        657  TTS_MSG_GETAUDIO  0  
[2025/07/10 16:04:47 772] tts        485  get audio|use local  
[2025/07/10 16:04:47 772] tts        527  0  nil  1  
[2025/07/10 16:04:47 773] tts        657  TTS_MSG_GETAUDIO  0  
[2025/07/10 16:04:47 773] tts        485  get audio|use local  
[2025/07/10 16:04:47 773] tts        527  0  nil  1  
[2025/07/10 16:04:47 775] tts        657  TTS_MSG_GETAUDIO  0  
[2025/07/10 16:04:47 775] tts        485  get audio|use local  
[2025/07/10 16:04:47 775] tts        527  0  nil  1  
[2025/07/10 16:04:47 786] tts        301  0  0  
[2025/07/10 16:04:47 787] tts        312  TTS_LOCAL_CB_END,  2  
[2025/07/10 16:04:47 787] tts        657  TTS_MSG_GETAUDIO  0  
[2025/07/10 16:04:47 787] tts        485  get audio|use local  
[2025/07/10 16:04:47 787] tts        498  local audiolen:  1968  ,ced:  14  
[2025/07/10 16:04:47 787] tts        527  0  udata(9807e098) 1  
[2025/07/10 16:04:47 793] tts        657  TTS_MSG_GETAUDIO  0  
[2025/07/10 16:04:47 793] tts        485  get audio|use local  
[2025/07/10 16:04:47 794] tts        498  local audiolen:  2012  ,ced:  14  
[2025/07/10 16:04:47 794] tts        527  0  udata(9807e0e8) 1  
[2025/07/10 16:04:47 801] tts        657  TTS_MSG_GETAUDIO  0  
[2025/07/10 16:04:47 801] tts        485  get audio|use local  
[2025/07/10 16:04:47 801] tts        498  local audiolen:  1986  ,ced:  14  
[2025/07/10 16:04:47 801] tts        527  0  udata(9807e138) 1  
[2025/07/10 16:04:47 804] tts        657  TTS_MSG_GETAUDIO  0  
[2025/07/10 16:04:47 804] tts        485  get audio|use local  
[2025/07/10 16:04:47 804] tts        498  local audiolen:  1892  ,ced:  14  
[2025/07/10 16:04:47 804] tts        527  0  udata(98023038) 1  
[2025/07/10 16:04:47 806] tts        657  TTS_MSG_GETAUDIO  0  
[2025/07/10 16:04:47 806] tts        485  get audio|use local  
[2025/07/10 16:04:47 806] tts        498  local audiolen:  2024  ,ced:  14  
[2025/07/10 16:04:47 807] tts        527  0  udata(9807ed98) 1  
[2025/07/10 16:04:47 807] tts        657  TTS_MSG_GETAUDIO  0  
[2025/07/10 16:04:47 808] tts        485  get audio|use local  
[2025/07/10 16:04:47 808] tts        498  local audiolen:  1930  ,ced:  14  
[2025/07/10 16:04:47 808] tts        527  0  udata(9807ed38) 2  
[2025/07/10 16:04:47 810] tts        660  TTS_MSG_SSE  
[2025/07/10 16:04:47 812] tts        585  sse|use local  
[2025/07/10 16:04:47 821] tts        603  tts exit  
