============================================================
Time  2025/08/10 20:34:01 063 
============================================================
[2025/08/10 20:34:01 063] tts        676  SYS_MSG_REGCB param0 =  msp_status_cb  param1 =  func(84014a30) 
[2025/08/10 20:34:01 066] config     43   use general cloud  
[2025/08/10 20:34:01 073] tts_cloud  1417 SYS_MSG_REGCB_CLOUD param0 =   msp_status_cb  param1 =  func(84014a30) 
[2025/08/10 20:34:01 073] tts        647  TTS_MSG_SSB  
[2025/08/10 20:34:01 073] tts        375  params =  engine_type = local,voice_name=xiaoyan, text_encoding = UTF8, tts_res_path = fo|res/tts/xiaoyan.jet;fo|res/tts/common.jet, sample_rate = 16000, speed = 50, volume = 80, pitch = 50, rdn = 2  
[2025/08/10 20:34:01 073] tts        412  ssb|use local  
[2025/08/10 20:34:01 073] tts        349  local_session_begin  
[2025/08/10 20:34:01 086] tts        654  TTS_MSG_SYN  0  
[2025/08/10 20:34:01 086] tts        451  synth|use local  
[2025/08/10 20:34:01 090] tts        657  TTS_MSG_GETAUDIO  0  
[2025/08/10 20:34:01 090] tts        485  get audio|use local  
[2025/08/10 20:34:01 090] tts        527  0  nil  1  
[2025/08/10 20:34:01 091] tts        657  TTS_MSG_GETAUDIO  0  
[2025/08/10 20:34:01 091] tts        485  get audio|use local  
[2025/08/10 20:34:01 091] tts        527  0  nil  1  
[2025/08/10 20:34:01 092] tts        657  TTS_MSG_GETAUDIO  0  
[2025/08/10 20:34:01 092] tts        485  get audio|use local  
[2025/08/10 20:34:01 092] tts        527  0  nil  1  
[2025/08/10 20:34:01 094] tts        657  TTS_MSG_GETAUDIO  0  
[2025/08/10 20:34:01 094] tts        485  get audio|use local  
[2025/08/10 20:34:01 094] tts        527  0  nil  1  
[2025/08/10 20:34:01 095] tts        657  TTS_MSG_GETAUDIO  0  
[2025/08/10 20:34:01 095] tts        485  get audio|use local  
[2025/08/10 20:34:01 095] tts        527  0  nil  1  
[2025/08/10 20:34:01 096] tts        657  TTS_MSG_GETAUDIO  0  
[2025/08/10 20:34:01 097] tts        485  get audio|use local  
[2025/08/10 20:34:01 097] tts        527  0  nil  1  
[2025/08/10 20:34:01 098] tts        657  TTS_MSG_GETAUDIO  0  
[2025/08/10 20:34:01 098] tts        485  get audio|use local  
[2025/08/10 20:34:01 098] tts        527  0  nil  1  
[2025/08/10 20:34:01 099] tts        657  TTS_MSG_GETAUDIO  0  
[2025/08/10 20:34:01 099] tts        485  get audio|use local  
[2025/08/10 20:34:01 099] tts        527  0  nil  1  
[2025/08/10 20:34:01 100] tts        657  TTS_MSG_GETAUDIO  0  
[2025/08/10 20:34:01 100] tts        485  get audio|use local  
[2025/08/10 20:34:01 100] tts        527  0  nil  1  
[2025/08/10 20:34:01 100] tts        657  TTS_MSG_GETAUDIO  0  
[2025/08/10 20:34:01 101] tts        485  get audio|use local  
[2025/08/10 20:34:01 101] tts        527  0  nil  1  
[2025/08/10 20:34:01 101] tts        657  TTS_MSG_GETAUDIO  0  
[2025/08/10 20:34:01 101] tts        485  get audio|use local  
[2025/08/10 20:34:01 101] tts        527  0  nil  1  
[2025/08/10 20:34:01 102] tts        657  TTS_MSG_GETAUDIO  0  
[2025/08/10 20:34:01 102] tts        485  get audio|use local  
[2025/08/10 20:34:01 103] tts        527  0  nil  1  
[2025/08/10 20:34:01 104] tts        657  TTS_MSG_GETAUDIO  0  
[2025/08/10 20:34:01 104] tts        485  get audio|use local  
[2025/08/10 20:34:01 104] tts        527  0  nil  1  
[2025/08/10 20:34:01 104] tts        657  TTS_MSG_GETAUDIO  0  
[2025/08/10 20:34:01 105] tts        485  get audio|use local  
[2025/08/10 20:34:01 105] tts        527  0  nil  1  
[2025/08/10 20:34:01 106] tts        657  TTS_MSG_GETAUDIO  0  
[2025/08/10 20:34:01 106] tts        485  get audio|use local  
[2025/08/10 20:34:01 106] tts        527  0  nil  1  
[2025/08/10 20:34:01 107] tts        657  TTS_MSG_GETAUDIO  0  
[2025/08/10 20:34:01 108] tts        485  get audio|use local  
[2025/08/10 20:34:01 108] tts        527  0  nil  1  
[2025/08/10 20:34:01 108] tts        657  TTS_MSG_GETAUDIO  0  
[2025/08/10 20:34:01 108] tts        485  get audio|use local  
[2025/08/10 20:34:01 108] tts        527  0  nil  1  
[2025/08/10 20:34:01 109] tts        657  TTS_MSG_GETAUDIO  0  
[2025/08/10 20:34:01 109] tts        485  get audio|use local  
[2025/08/10 20:34:01 109] tts        527  0  nil  1  
[2025/08/10 20:34:01 110] tts        657  TTS_MSG_GETAUDIO  0  
[2025/08/10 20:34:01 111] tts        485  get audio|use local  
[2025/08/10 20:34:01 111] tts        527  0  nil  1  
[2025/08/10 20:34:01 111] tts        657  TTS_MSG_GETAUDIO  0  
[2025/08/10 20:34:01 112] tts        485  get audio|use local  
[2025/08/10 20:34:01 112] tts        527  0  nil  1  
[2025/08/10 20:34:01 112] tts        657  TTS_MSG_GETAUDIO  0  
[2025/08/10 20:34:01 113] tts        485  get audio|use local  
[2025/08/10 20:34:01 113] tts        527  0  nil  1  
[2025/08/10 20:34:01 113] tts        657  TTS_MSG_GETAUDIO  0  
[2025/08/10 20:34:01 114] tts        485  get audio|use local  
[2025/08/10 20:34:01 114] tts        527  0  nil  1  
[2025/08/10 20:34:01 114] tts        657  TTS_MSG_GETAUDIO  0  
[2025/08/10 20:34:01 114] tts        485  get audio|use local  
[2025/08/10 20:34:01 114] tts        527  0  nil  1  
[2025/08/10 20:34:01 115] tts        657  TTS_MSG_GETAUDIO  0  
[2025/08/10 20:34:01 115] tts        485  get audio|use local  
[2025/08/10 20:34:01 115] tts        527  0  nil  1  
[2025/08/10 20:34:01 116] tts        657  TTS_MSG_GETAUDIO  0  
[2025/08/10 20:34:01 116] tts        485  get audio|use local  
[2025/08/10 20:34:01 116] tts        527  0  nil  1  
[2025/08/10 20:34:01 117] tts        657  TTS_MSG_GETAUDIO  0  
[2025/08/10 20:34:01 117] tts        485  get audio|use local  
[2025/08/10 20:34:01 117] tts        527  0  nil  1  
[2025/08/10 20:34:01 117] tts        657  TTS_MSG_GETAUDIO  0  
[2025/08/10 20:34:01 117] tts        485  get audio|use local  
[2025/08/10 20:34:01 118] tts        527  0  nil  1  
[2025/08/10 20:34:01 118] tts        657  TTS_MSG_GETAUDIO  0  
[2025/08/10 20:34:01 119] tts        485  get audio|use local  
[2025/08/10 20:34:01 119] tts        527  0  nil  1  
[2025/08/10 20:34:01 120] tts        657  TTS_MSG_GETAUDIO  0  
[2025/08/10 20:34:01 120] tts        485  get audio|use local  
[2025/08/10 20:34:01 120] tts        527  0  nil  1  
[2025/08/10 20:34:01 120] tts        657  TTS_MSG_GETAUDIO  0  
[2025/08/10 20:34:01 121] tts        485  get audio|use local  
[2025/08/10 20:34:01 121] tts        527  0  nil  1  
[2025/08/10 20:34:01 121] tts        657  TTS_MSG_GETAUDIO  0  
[2025/08/10 20:34:01 121] tts        485  get audio|use local  
[2025/08/10 20:34:01 121] tts        527  0  nil  1  
[2025/08/10 20:34:01 122] tts        657  TTS_MSG_GETAUDIO  0  
[2025/08/10 20:34:01 122] tts        485  get audio|use local  
[2025/08/10 20:34:01 122] tts        527  0  nil  1  
[2025/08/10 20:34:01 123] tts        657  TTS_MSG_GETAUDIO  0  
[2025/08/10 20:34:01 123] tts        485  get audio|use local  
[2025/08/10 20:34:01 123] tts        527  0  nil  1  
[2025/08/10 20:34:01 124] tts        657  TTS_MSG_GETAUDIO  0  
[2025/08/10 20:34:01 124] tts        485  get audio|use local  
[2025/08/10 20:34:01 124] tts        527  0  nil  1  
[2025/08/10 20:34:01 125] tts        657  TTS_MSG_GETAUDIO  0  
[2025/08/10 20:34:01 125] tts        485  get audio|use local  
[2025/08/10 20:34:01 125] tts        527  0  nil  1  
[2025/08/10 20:34:01 126] tts        657  TTS_MSG_GETAUDIO  0  
[2025/08/10 20:34:01 126] tts        485  get audio|use local  
[2025/08/10 20:34:01 126] tts        527  0  nil  1  
[2025/08/10 20:34:01 127] tts        657  TTS_MSG_GETAUDIO  0  
[2025/08/10 20:34:01 127] tts        485  get audio|use local  
[2025/08/10 20:34:01 127] tts        527  0  nil  1  
[2025/08/10 20:34:01 128] tts        657  TTS_MSG_GETAUDIO  0  
[2025/08/10 20:34:01 128] tts        485  get audio|use local  
[2025/08/10 20:34:01 128] tts        527  0  nil  1  
[2025/08/10 20:34:01 129] tts        657  TTS_MSG_GETAUDIO  0  
[2025/08/10 20:34:01 129] tts        485  get audio|use local  
[2025/08/10 20:34:01 129] tts        527  0  nil  1  
[2025/08/10 20:34:01 130] tts        657  TTS_MSG_GETAUDIO  0  
[2025/08/10 20:34:01 130] tts        485  get audio|use local  
[2025/08/10 20:34:01 131] tts        527  0  nil  1  
[2025/08/10 20:34:01 131] tts        657  TTS_MSG_GETAUDIO  0  
[2025/08/10 20:34:01 132] tts        485  get audio|use local  
[2025/08/10 20:34:01 132] tts        527  0  nil  1  
[2025/08/10 20:34:01 133] tts        657  TTS_MSG_GETAUDIO  0  
[2025/08/10 20:34:01 133] tts        485  get audio|use local  
[2025/08/10 20:34:01 133] tts        527  0  nil  1  
[2025/08/10 20:34:01 134] tts        657  TTS_MSG_GETAUDIO  0  
[2025/08/10 20:34:01 134] tts        485  get audio|use local  
[2025/08/10 20:34:01 135] tts        527  0  nil  1  
[2025/08/10 20:34:01 137] tts        657  TTS_MSG_GETAUDIO  0  
[2025/08/10 20:34:01 137] tts        485  get audio|use local  
[2025/08/10 20:34:01 137] tts        527  0  nil  1  
[2025/08/10 20:34:01 138] tts        657  TTS_MSG_GETAUDIO  0  
[2025/08/10 20:34:01 138] tts        485  get audio|use local  
[2025/08/10 20:34:01 138] tts        527  0  nil  1  
[2025/08/10 20:34:01 140] tts        657  TTS_MSG_GETAUDIO  0  
[2025/08/10 20:34:01 140] tts        485  get audio|use local  
[2025/08/10 20:34:01 140] tts        527  0  nil  1  
[2025/08/10 20:34:01 141] tts        657  TTS_MSG_GETAUDIO  0  
[2025/08/10 20:34:01 141] tts        485  get audio|use local  
[2025/08/10 20:34:01 141] tts        527  0  nil  1  
[2025/08/10 20:34:01 142] tts        657  TTS_MSG_GETAUDIO  0  
[2025/08/10 20:34:01 142] tts        485  get audio|use local  
[2025/08/10 20:34:01 143] tts        527  0  nil  1  
[2025/08/10 20:34:01 143] tts        657  TTS_MSG_GETAUDIO  0  
[2025/08/10 20:34:01 144] tts        485  get audio|use local  
[2025/08/10 20:34:01 144] tts        527  0  nil  1  
[2025/08/10 20:34:01 149] tts        657  TTS_MSG_GETAUDIO  0  
[2025/08/10 20:34:01 149] tts        485  get audio|use local  
[2025/08/10 20:34:01 149] tts        527  0  nil  1  
[2025/08/10 20:34:01 151] tts        657  TTS_MSG_GETAUDIO  0  
[2025/08/10 20:34:01 151] tts        485  get audio|use local  
[2025/08/10 20:34:01 152] tts        527  0  nil  1  
[2025/08/10 20:34:01 155] tts        657  TTS_MSG_GETAUDIO  0  
[2025/08/10 20:34:01 155] tts        485  get audio|use local  
[2025/08/10 20:34:01 156] tts        527  0  nil  1  
[2025/08/10 20:34:01 157] tts        657  TTS_MSG_GETAUDIO  0  
[2025/08/10 20:34:01 157] tts        485  get audio|use local  
[2025/08/10 20:34:01 157] tts        527  0  nil  1  
[2025/08/10 20:34:01 158] tts        657  TTS_MSG_GETAUDIO  0  
[2025/08/10 20:34:01 158] tts        485  get audio|use local  
[2025/08/10 20:34:01 159] tts        527  0  nil  1  
[2025/08/10 20:34:01 160] tts        657  TTS_MSG_GETAUDIO  0  
[2025/08/10 20:34:01 160] tts        485  get audio|use local  
[2025/08/10 20:34:01 160] tts        527  0  nil  1  
[2025/08/10 20:34:01 161] tts        657  TTS_MSG_GETAUDIO  0  
[2025/08/10 20:34:01 161] tts        485  get audio|use local  
[2025/08/10 20:34:01 161] tts        527  0  nil  1  
[2025/08/10 20:34:01 162] tts        657  TTS_MSG_GETAUDIO  0  
[2025/08/10 20:34:01 162] tts        485  get audio|use local  
[2025/08/10 20:34:01 162] tts        527  0  nil  1  
[2025/08/10 20:34:01 163] tts        657  TTS_MSG_GETAUDIO  0  
[2025/08/10 20:34:01 163] tts        485  get audio|use local  
[2025/08/10 20:34:01 163] tts        527  0  nil  1  
[2025/08/10 20:34:01 164] tts        657  TTS_MSG_GETAUDIO  0  
[2025/08/10 20:34:01 164] tts        485  get audio|use local  
[2025/08/10 20:34:01 164] tts        527  0  nil  1  
[2025/08/10 20:34:01 165] tts        657  TTS_MSG_GETAUDIO  0  
[2025/08/10 20:34:01 165] tts        485  get audio|use local  
[2025/08/10 20:34:01 165] tts        527  0  nil  1  
[2025/08/10 20:34:01 166] tts        657  TTS_MSG_GETAUDIO  0  
[2025/08/10 20:34:01 166] tts        485  get audio|use local  
[2025/08/10 20:34:01 166] tts        527  0  nil  1  
[2025/08/10 20:34:01 167] tts        657  TTS_MSG_GETAUDIO  0  
[2025/08/10 20:34:01 168] tts        485  get audio|use local  
[2025/08/10 20:34:01 168] tts        527  0  nil  1  
[2025/08/10 20:34:01 169] tts        657  TTS_MSG_GETAUDIO  0  
[2025/08/10 20:34:01 169] tts        485  get audio|use local  
[2025/08/10 20:34:01 169] tts        527  0  nil  1  
[2025/08/10 20:34:01 170] tts        657  TTS_MSG_GETAUDIO  0  
[2025/08/10 20:34:01 170] tts        485  get audio|use local  
[2025/08/10 20:34:01 170] tts        527  0  nil  1  
[2025/08/10 20:34:01 171] tts        657  TTS_MSG_GETAUDIO  0  
[2025/08/10 20:34:01 171] tts        485  get audio|use local  
[2025/08/10 20:34:01 171] tts        527  0  nil  1  
[2025/08/10 20:34:01 172] tts        657  TTS_MSG_GETAUDIO  0  
[2025/08/10 20:34:01 172] tts        485  get audio|use local  
[2025/08/10 20:34:01 173] tts        527  0  nil  1  
[2025/08/10 20:34:01 173] tts        657  TTS_MSG_GETAUDIO  0  
[2025/08/10 20:34:01 174] tts        485  get audio|use local  
[2025/08/10 20:34:01 174] tts        527  0  nil  1  
[2025/08/10 20:34:01 175] tts        657  TTS_MSG_GETAUDIO  0  
[2025/08/10 20:34:01 175] tts        485  get audio|use local  
[2025/08/10 20:34:01 176] tts        527  0  nil  1  
[2025/08/10 20:34:01 176] tts        657  TTS_MSG_GETAUDIO  0  
[2025/08/10 20:34:01 177] tts        485  get audio|use local  
[2025/08/10 20:34:01 177] tts        527  0  nil  1  
[2025/08/10 20:34:01 178] tts        299  TTS_LOCAL_CB_BEGIN  
[2025/08/10 20:34:01 190] tts        657  TTS_MSG_GETAUDIO  0  
[2025/08/10 20:34:01 190] tts        485  get audio|use local  
[2025/08/10 20:34:01 190] tts        498  local audiolen:  2042  ,ced:  31  
[2025/08/10 20:34:01 190] tts        527  0  udata(8407ed68) 1  
[2025/08/10 20:34:01 191] tts        657  TTS_MSG_GETAUDIO  0  
[2025/08/10 20:34:01 191] tts        485  get audio|use local  
[2025/08/10 20:34:01 191] tts        498  local audiolen:  2016  ,ced:  31  
[2025/08/10 20:34:01 191] tts        527  0  udata(8407e558) 1  
[2025/08/10 20:34:01 195] tts        657  TTS_MSG_GETAUDIO  0  
[2025/08/10 20:34:01 195] tts        485  get audio|use local  
[2025/08/10 20:34:01 196] tts        498  local audiolen:  2018  ,ced:  31  
[2025/08/10 20:34:01 196] tts        527  0  udata(8407e648) 1  
[2025/08/10 20:34:01 204] tts        657  TTS_MSG_GETAUDIO  0  
[2025/08/10 20:34:01 204] tts        485  get audio|use local  
[2025/08/10 20:34:01 204] tts        498  local audiolen:  2018  ,ced:  31  
[2025/08/10 20:34:01 205] tts        527  0  udata(84087e38) 1  
[2025/08/10 20:34:01 227] tts        657  TTS_MSG_GETAUDIO  0  
[2025/08/10 20:34:01 227] tts        485  get audio|use local  
[2025/08/10 20:34:01 227] tts        498  local audiolen:  2034  ,ced:  31  
[2025/08/10 20:34:01 227] tts        527  0  udata(8407d088) 1  
[2025/08/10 20:34:01 228] tts        657  TTS_MSG_GETAUDIO  0  
[2025/08/10 20:34:01 228] tts        485  get audio|use local  
[2025/08/10 20:34:01 228] tts        498  local audiolen:  2046  ,ced:  31  
[2025/08/10 20:34:01 229] tts        527  0  udata(8407d0d8) 1  
[2025/08/10 20:34:01 231] tts        657  TTS_MSG_GETAUDIO  0  
[2025/08/10 20:34:01 231] tts        485  get audio|use local  
[2025/08/10 20:34:01 232] tts        498  local audiolen:  1962  ,ced:  31  
[2025/08/10 20:34:01 232] tts        527  0  udata(8407d128) 1  
[2025/08/10 20:34:01 234] tts        657  TTS_MSG_GETAUDIO  0  
[2025/08/10 20:34:01 234] tts        485  get audio|use local  
[2025/08/10 20:34:01 234] tts        498  local audiolen:  2014  ,ced:  31  
[2025/08/10 20:34:01 235] tts        527  0  udata(8407d378) 1  
[2025/08/10 20:34:01 239] tts        301  0  0  
[2025/08/10 20:34:01 239] tts        312  TTS_LOCAL_CB_END,  2  
[2025/08/10 20:34:01 239] tts        657  TTS_MSG_GETAUDIO  0  
[2025/08/10 20:34:01 239] tts        485  get audio|use local  
[2025/08/10 20:34:01 240] tts        498  local audiolen:  2036  ,ced:  31  
[2025/08/10 20:34:01 240] tts        527  0  udata(84087588) 1  
[2025/08/10 20:34:01 241] tts        657  TTS_MSG_GETAUDIO  0  
[2025/08/10 20:34:01 241] tts        485  get audio|use local  
[2025/08/10 20:34:01 242] tts        498  local audiolen:  2028  ,ced:  31  
[2025/08/10 20:34:01 242] tts        527  0  udata(840875d8) 1  
[2025/08/10 20:34:01 243] tts        657  TTS_MSG_GETAUDIO  0  
[2025/08/10 20:34:01 243] tts        485  get audio|use local  
[2025/08/10 20:34:01 243] tts        498  local audiolen:  1912  ,ced:  31  
[2025/08/10 20:34:01 243] tts        527  0  udata(84087628) 1  
[2025/08/10 20:34:01 244] tts        657  TTS_MSG_GETAUDIO  0  
[2025/08/10 20:34:01 244] tts        485  get audio|use local  
[2025/08/10 20:34:01 245] tts        498  local audiolen:  1938  ,ced:  31  
[2025/08/10 20:34:01 245] tts        527  0  udata(84022b18) 1  
[2025/08/10 20:34:01 245] tts        657  TTS_MSG_GETAUDIO  0  
[2025/08/10 20:34:01 246] tts        485  get audio|use local  
[2025/08/10 20:34:01 246] tts        498  local audiolen:  2036  ,ced:  31  
[2025/08/10 20:34:01 246] tts        527  0  udata(84022b68) 1  
[2025/08/10 20:34:01 247] tts        657  TTS_MSG_GETAUDIO  0  
[2025/08/10 20:34:01 247] tts        485  get audio|use local  
[2025/08/10 20:34:01 247] tts        498  local audiolen:  2016  ,ced:  31  
[2025/08/10 20:34:01 247] tts        527  0  udata(84022bb8) 1  
[2025/08/10 20:34:01 248] tts        657  TTS_MSG_GETAUDIO  0  
[2025/08/10 20:34:01 248] tts        485  get audio|use local  
[2025/08/10 20:34:01 248] tts        498  local audiolen:  2026  ,ced:  31  
[2025/08/10 20:34:01 248] tts        527  0  udata(84022c08) 1  
[2025/08/10 20:34:01 251] tts        657  TTS_MSG_GETAUDIO  0  
[2025/08/10 20:34:01 251] tts        485  get audio|use local  
[2025/08/10 20:34:01 251] tts        498  local audiolen:  2030  ,ced:  31  
[2025/08/10 20:34:01 251] tts        527  0  udata(84022c58) 1  
[2025/08/10 20:34:01 252] tts        657  TTS_MSG_GETAUDIO  0  
[2025/08/10 20:34:01 252] tts        485  get audio|use local  
[2025/08/10 20:34:01 252] tts        498  local audiolen:  1992  ,ced:  31  
[2025/08/10 20:34:01 252] tts        527  0  udata(84022ca8) 1  
[2025/08/10 20:34:01 253] tts        657  TTS_MSG_GETAUDIO  0  
[2025/08/10 20:34:01 253] tts        485  get audio|use local  
[2025/08/10 20:34:01 253] tts        498  local audiolen:  2034  ,ced:  31  
[2025/08/10 20:34:01 253] tts        527  0  udata(84022cf8) 1  
[2025/08/10 20:34:01 254] tts        657  TTS_MSG_GETAUDIO  0  
[2025/08/10 20:34:01 254] tts        485  get audio|use local  
[2025/08/10 20:34:01 254] tts        498  local audiolen:  2024  ,ced:  31  
[2025/08/10 20:34:01 254] tts        527  0  udata(84022d48) 1  
[2025/08/10 20:34:01 255] tts        657  TTS_MSG_GETAUDIO  0  
[2025/08/10 20:34:01 255] tts        485  get audio|use local  
[2025/08/10 20:34:01 255] tts        498  local audiolen:  1954  ,ced:  31  
[2025/08/10 20:34:01 255] tts        527  0  udata(84022d98) 1  
[2025/08/10 20:34:01 256] tts        657  TTS_MSG_GETAUDIO  0  
[2025/08/10 20:34:01 256] tts        485  get audio|use local  
[2025/08/10 20:34:01 256] tts        498  local audiolen:  2046  ,ced:  31  
[2025/08/10 20:34:01 256] tts        527  0  udata(84022de8) 1  
[2025/08/10 20:34:01 257] tts        657  TTS_MSG_GETAUDIO  0  
[2025/08/10 20:34:01 257] tts        485  get audio|use local  
[2025/08/10 20:34:01 257] tts        498  local audiolen:  1958  ,ced:  31  
[2025/08/10 20:34:01 257] tts        527  0  udata(84022e38) 1  
[2025/08/10 20:34:01 257] tts        657  TTS_MSG_GETAUDIO  0  
[2025/08/10 20:34:01 258] tts        485  get audio|use local  
[2025/08/10 20:34:01 258] tts        498  local audiolen:  1998  ,ced:  31  
[2025/08/10 20:34:01 258] tts        527  0  udata(84022e88) 1  
[2025/08/10 20:34:01 259] tts        657  TTS_MSG_GETAUDIO  0  
[2025/08/10 20:34:01 259] tts        485  get audio|use local  
[2025/08/10 20:34:01 259] tts        498  local audiolen:  2016  ,ced:  31  
[2025/08/10 20:34:01 259] tts        527  0  udata(84022ed8) 1  
[2025/08/10 20:34:01 260] tts        657  TTS_MSG_GETAUDIO  0  
[2025/08/10 20:34:01 260] tts        485  get audio|use local  
[2025/08/10 20:34:01 260] tts        498  local audiolen:  1984  ,ced:  31  
[2025/08/10 20:34:01 260] tts        527  0  udata(84022f28) 1  
[2025/08/10 20:34:01 261] tts        657  TTS_MSG_GETAUDIO  0  
[2025/08/10 20:34:01 261] tts        485  get audio|use local  
[2025/08/10 20:34:01 261] tts        498  local audiolen:  1946  ,ced:  31  
[2025/08/10 20:34:01 261] tts        527  0  udata(84022f78) 1  
[2025/08/10 20:34:01 262] tts        657  TTS_MSG_GETAUDIO  0  
[2025/08/10 20:34:01 263] tts        485  get audio|use local  
[2025/08/10 20:34:01 263] tts        498  local audiolen:  2002  ,ced:  31  
[2025/08/10 20:34:01 263] tts        527  0  udata(84022fc8) 1  
[2025/08/10 20:34:01 263] tts        657  TTS_MSG_GETAUDIO  0  
[2025/08/10 20:34:01 264] tts        485  get audio|use local  
[2025/08/10 20:34:01 264] tts        498  local audiolen:  1994  ,ced:  31  
[2025/08/10 20:34:01 264] tts        527  0  udata(840239c8) 1  
[2025/08/10 20:34:01 265] tts        657  TTS_MSG_GETAUDIO  0  
[2025/08/10 20:34:01 265] tts        485  get audio|use local  
[2025/08/10 20:34:01 265] tts        498  local audiolen:  2028  ,ced:  31  
[2025/08/10 20:34:01 265] tts        527  0  udata(84023a18) 1  
[2025/08/10 20:34:01 266] tts        657  TTS_MSG_GETAUDIO  0  
[2025/08/10 20:34:01 266] tts        485  get audio|use local  
[2025/08/10 20:34:01 266] tts        498  local audiolen:  2042  ,ced:  31  
[2025/08/10 20:34:01 266] tts        527  0  udata(84023a68) 1  
[2025/08/10 20:34:01 267] tts        657  TTS_MSG_GETAUDIO  0  
[2025/08/10 20:34:01 267] tts        485  get audio|use local  
[2025/08/10 20:34:01 267] tts        498  local audiolen:  2018  ,ced:  31  
[2025/08/10 20:34:01 267] tts        527  0  udata(84023ab8) 1  
[2025/08/10 20:34:01 268] tts        657  TTS_MSG_GETAUDIO  0  
[2025/08/10 20:34:01 268] tts        485  get audio|use local  
[2025/08/10 20:34:01 268] tts        498  local audiolen:  1950  ,ced:  31  
[2025/08/10 20:34:01 268] tts        527  0  udata(84023b08) 1  
[2025/08/10 20:34:01 269] tts        657  TTS_MSG_GETAUDIO  0  
[2025/08/10 20:34:01 269] tts        485  get audio|use local  
[2025/08/10 20:34:01 269] tts        498  local audiolen:  2028  ,ced:  31  
[2025/08/10 20:34:01 269] tts        527  0  udata(84023b58) 1  
[2025/08/10 20:34:01 269] tts        657  TTS_MSG_GETAUDIO  0  
[2025/08/10 20:34:01 270] tts        485  get audio|use local  
[2025/08/10 20:34:01 270] tts        498  local audiolen:  1944  ,ced:  31  
[2025/08/10 20:34:01 270] tts        527  0  udata(84023ba8) 1  
[2025/08/10 20:34:01 270] tts        657  TTS_MSG_GETAUDIO  0  
[2025/08/10 20:34:01 270] tts        485  get audio|use local  
[2025/08/10 20:34:01 270] tts        498  local audiolen:  2044  ,ced:  31  
[2025/08/10 20:34:01 271] tts        527  0  udata(84023bf8) 1  
[2025/08/10 20:34:01 271] tts        657  TTS_MSG_GETAUDIO  0  
[2025/08/10 20:34:01 271] tts        485  get audio|use local  
[2025/08/10 20:34:01 271] tts        498  local audiolen:  1996  ,ced:  31  
[2025/08/10 20:34:01 271] tts        527  0  udata(84023c48) 1  
[2025/08/10 20:34:01 272] tts        657  TTS_MSG_GETAUDIO  0  
[2025/08/10 20:34:01 272] tts        485  get audio|use local  
[2025/08/10 20:34:01 272] tts        498  local audiolen:  1914  ,ced:  31  
[2025/08/10 20:34:01 272] tts        527  0  udata(84023978) 1  
[2025/08/10 20:34:01 273] tts        657  TTS_MSG_GETAUDIO  0  
[2025/08/10 20:34:01 273] tts        485  get audio|use local  
[2025/08/10 20:34:01 273] tts        498  local audiolen:  1916  ,ced:  31  
[2025/08/10 20:34:01 273] tts        527  0  udata(84023c98) 1  
[2025/08/10 20:34:01 274] tts        657  TTS_MSG_GETAUDIO  0  
[2025/08/10 20:34:01 274] tts        485  get audio|use local  
[2025/08/10 20:34:01 274] tts        498  local audiolen:  1964  ,ced:  31  
[2025/08/10 20:34:01 274] tts        527  0  udata(84023ce8) 1  
[2025/08/10 20:34:01 275] tts        657  TTS_MSG_GETAUDIO  0  
[2025/08/10 20:34:01 275] tts        485  get audio|use local  
[2025/08/10 20:34:01 275] tts        498  local audiolen:  1996  ,ced:  31  
[2025/08/10 20:34:01 275] tts        527  0  udata(84023d38) 1  
[2025/08/10 20:34:01 276] tts        657  TTS_MSG_GETAUDIO  0  
[2025/08/10 20:34:01 276] tts        485  get audio|use local  
[2025/08/10 20:34:01 276] tts        498  local audiolen:  2016  ,ced:  31  
[2025/08/10 20:34:01 276] tts        527  0  udata(84023d88) 1  
[2025/08/10 20:34:01 277] tts        657  TTS_MSG_GETAUDIO  0  
[2025/08/10 20:34:01 277] tts        485  get audio|use local  
[2025/08/10 20:34:01 277] tts        498  local audiolen:  2016  ,ced:  31  
[2025/08/10 20:34:01 277] tts        527  0  udata(84023dd8) 1  
[2025/08/10 20:34:01 277] tts        657  TTS_MSG_GETAUDIO  0  
[2025/08/10 20:34:01 277] tts        485  get audio|use local  
[2025/08/10 20:34:01 278] tts        498  local audiolen:  576  ,ced:  31  
[2025/08/10 20:34:01 278] tts        527  0  udata(840878c8) 2  
[2025/08/10 20:34:01 278] tts        660  TTS_MSG_SSE  
[2025/08/10 20:34:01 281] tts        585  sse|use local  
[2025/08/10 20:34:01 284] tts        603  tts exit  
