============================================================
Time  2025/08/10 19:58:34 292 
============================================================
[2025/08/10 19:58:34 292] tts        676  SYS_MSG_REGCB param0 =  msp_status_cb  param1 =  func(8c014a30) 
[2025/08/10 19:58:34 295] config     43   use general cloud  
[2025/08/10 19:58:34 301] tts_cloud  1417 SYS_MSG_REGCB_CLOUD param0 =   msp_status_cb  param1 =  func(8c014a30) 
[2025/08/10 19:58:34 302] tts        647  TTS_MSG_SSB  
[2025/08/10 19:58:34 302] tts        375  params =  engine_type = local,voice_name=xiaoyan, text_encoding = UTF8, tts_res_path = fo|res/tts/xiaoyan.jet;fo|res/tts/common.jet, sample_rate = 16000, speed = 50, volume = 80, pitch = 50, rdn = 2  
[2025/08/10 19:58:34 302] tts        412  ssb|use local  
[2025/08/10 19:58:34 302] tts        349  local_session_begin  
[2025/08/10 19:58:34 312] tts        654  TTS_MSG_SYN  0  
[2025/08/10 19:58:34 312] tts        451  synth|use local  
[2025/08/10 19:58:34 313] tts        657  TTS_MSG_GETAUDIO  0  
[2025/08/10 19:58:34 314] tts        485  get audio|use local  
[2025/08/10 19:58:34 314] tts        527  0  nil  1  
[2025/08/10 19:58:34 314] tts        657  TTS_MSG_GETAUDIO  0  
[2025/08/10 19:58:34 314] tts        485  get audio|use local  
[2025/08/10 19:58:34 314] tts        527  0  nil  1  
[2025/08/10 19:58:34 315] tts        657  TTS_MSG_GETAUDIO  0  
[2025/08/10 19:58:34 315] tts        485  get audio|use local  
[2025/08/10 19:58:34 315] tts        527  0  nil  1  
[2025/08/10 19:58:34 316] tts        657  TTS_MSG_GETAUDIO  0  
[2025/08/10 19:58:34 316] tts        485  get audio|use local  
[2025/08/10 19:58:34 316] tts        527  0  nil  1  
[2025/08/10 19:58:34 321] tts        657  TTS_MSG_GETAUDIO  0  
[2025/08/10 19:58:34 321] tts        485  get audio|use local  
[2025/08/10 19:58:34 321] tts        527  0  nil  1  
[2025/08/10 19:58:34 322] tts        657  TTS_MSG_GETAUDIO  0  
[2025/08/10 19:58:34 322] tts        485  get audio|use local  
[2025/08/10 19:58:34 322] tts        527  0  nil  1  
[2025/08/10 19:58:34 323] tts        657  TTS_MSG_GETAUDIO  0  
[2025/08/10 19:58:34 323] tts        485  get audio|use local  
[2025/08/10 19:58:34 323] tts        527  0  nil  1  
[2025/08/10 19:58:34 324] tts        657  TTS_MSG_GETAUDIO  0  
[2025/08/10 19:58:34 324] tts        485  get audio|use local  
[2025/08/10 19:58:34 324] tts        527  0  nil  1  
[2025/08/10 19:58:34 325] tts        657  TTS_MSG_GETAUDIO  0  
[2025/08/10 19:58:34 325] tts        485  get audio|use local  
[2025/08/10 19:58:34 325] tts        527  0  nil  1  
[2025/08/10 19:58:34 326] tts        657  TTS_MSG_GETAUDIO  0  
[2025/08/10 19:58:34 326] tts        485  get audio|use local  
[2025/08/10 19:58:34 326] tts        527  0  nil  1  
[2025/08/10 19:58:34 327] tts        657  TTS_MSG_GETAUDIO  0  
[2025/08/10 19:58:34 327] tts        485  get audio|use local  
[2025/08/10 19:58:34 327] tts        527  0  nil  1  
[2025/08/10 19:58:34 328] tts        657  TTS_MSG_GETAUDIO  0  
[2025/08/10 19:58:34 328] tts        485  get audio|use local  
[2025/08/10 19:58:34 329] tts        527  0  nil  1  
[2025/08/10 19:58:34 330] tts        657  TTS_MSG_GETAUDIO  0  
[2025/08/10 19:58:34 330] tts        485  get audio|use local  
[2025/08/10 19:58:34 330] tts        527  0  nil  1  
[2025/08/10 19:58:34 331] tts        657  TTS_MSG_GETAUDIO  0  
[2025/08/10 19:58:34 331] tts        485  get audio|use local  
[2025/08/10 19:58:34 331] tts        527  0  nil  1  
[2025/08/10 19:58:34 332] tts        657  TTS_MSG_GETAUDIO  0  
[2025/08/10 19:58:34 332] tts        485  get audio|use local  
[2025/08/10 19:58:34 332] tts        527  0  nil  1  
[2025/08/10 19:58:34 333] tts        657  TTS_MSG_GETAUDIO  0  
[2025/08/10 19:58:34 333] tts        485  get audio|use local  
[2025/08/10 19:58:34 333] tts        527  0  nil  1  
[2025/08/10 19:58:34 334] tts        657  TTS_MSG_GETAUDIO  0  
[2025/08/10 19:58:34 334] tts        485  get audio|use local  
[2025/08/10 19:58:34 334] tts        527  0  nil  1  
[2025/08/10 19:58:34 335] tts        657  TTS_MSG_GETAUDIO  0  
[2025/08/10 19:58:34 335] tts        485  get audio|use local  
[2025/08/10 19:58:34 335] tts        527  0  nil  1  
[2025/08/10 19:58:34 336] tts        657  TTS_MSG_GETAUDIO  0  
[2025/08/10 19:58:34 336] tts        485  get audio|use local  
[2025/08/10 19:58:34 336] tts        527  0  nil  1  
[2025/08/10 19:58:34 337] tts        657  TTS_MSG_GETAUDIO  0  
[2025/08/10 19:58:34 337] tts        485  get audio|use local  
[2025/08/10 19:58:34 338] tts        527  0  nil  1  
[2025/08/10 19:58:34 339] tts        657  TTS_MSG_GETAUDIO  0  
[2025/08/10 19:58:34 339] tts        485  get audio|use local  
[2025/08/10 19:58:34 339] tts        527  0  nil  1  
[2025/08/10 19:58:34 340] tts        657  TTS_MSG_GETAUDIO  0  
[2025/08/10 19:58:34 340] tts        485  get audio|use local  
[2025/08/10 19:58:34 340] tts        527  0  nil  1  
[2025/08/10 19:58:34 341] tts        657  TTS_MSG_GETAUDIO  0  
[2025/08/10 19:58:34 341] tts        485  get audio|use local  
[2025/08/10 19:58:34 341] tts        527  0  nil  1  
[2025/08/10 19:58:34 342] tts        657  TTS_MSG_GETAUDIO  0  
[2025/08/10 19:58:34 342] tts        485  get audio|use local  
[2025/08/10 19:58:34 342] tts        527  0  nil  1  
[2025/08/10 19:58:34 349] tts        657  TTS_MSG_GETAUDIO  0  
[2025/08/10 19:58:34 349] tts        485  get audio|use local  
[2025/08/10 19:58:34 349] tts        527  0  nil  1  
[2025/08/10 19:58:34 352] tts        657  TTS_MSG_GETAUDIO  0  
[2025/08/10 19:58:34 352] tts        485  get audio|use local  
[2025/08/10 19:58:34 352] tts        527  0  nil  1  
[2025/08/10 19:58:34 356] tts        657  TTS_MSG_GETAUDIO  0  
[2025/08/10 19:58:34 357] tts        485  get audio|use local  
[2025/08/10 19:58:34 357] tts        527  0  nil  1  
[2025/08/10 19:58:34 365] tts        299  TTS_LOCAL_CB_BEGIN  
[2025/08/10 19:58:34 366] tts        657  TTS_MSG_GETAUDIO  0  
[2025/08/10 19:58:34 366] tts        485  get audio|use local  
[2025/08/10 19:58:34 367] tts        498  local audiolen:  2042  ,ced:  16  
[2025/08/10 19:58:34 367] tts        527  0  udata(8c087548) 1  
[2025/08/10 19:58:34 372] tts        657  TTS_MSG_GETAUDIO  0  
[2025/08/10 19:58:34 372] tts        485  get audio|use local  
[2025/08/10 19:58:34 372] tts        498  local audiolen:  2016  ,ced:  16  
[2025/08/10 19:58:34 372] tts        527  0  udata(8c088168) 1  
[2025/08/10 19:58:34 374] tts        657  TTS_MSG_GETAUDIO  0  
[2025/08/10 19:58:34 374] tts        485  get audio|use local  
[2025/08/10 19:58:34 374] tts        498  local audiolen:  1970  ,ced:  16  
[2025/08/10 19:58:34 375] tts        527  0  udata(8c07d4f8) 1  
[2025/08/10 19:58:34 377] tts        657  TTS_MSG_GETAUDIO  0  
[2025/08/10 19:58:34 378] tts        485  get audio|use local  
[2025/08/10 19:58:34 378] tts        498  local audiolen:  1900  ,ced:  16  
[2025/08/10 19:58:34 378] tts        527  0  udata(8c087e88) 1  
[2025/08/10 19:58:34 381] tts        657  TTS_MSG_GETAUDIO  0  
[2025/08/10 19:58:34 381] tts        485  get audio|use local  
[2025/08/10 19:58:34 381] tts        498  local audiolen:  1972  ,ced:  16  
[2025/08/10 19:58:34 381] tts        527  0  udata(8c07db58) 1  
[2025/08/10 19:58:34 383] tts        657  TTS_MSG_GETAUDIO  0  
[2025/08/10 19:58:34 383] tts        485  get audio|use local  
[2025/08/10 19:58:34 383] tts        498  local audiolen:  1982  ,ced:  16  
[2025/08/10 19:58:34 383] tts        527  0  udata(8c07ee48) 1  
[2025/08/10 19:58:34 385] tts        657  TTS_MSG_GETAUDIO  0  
[2025/08/10 19:58:34 386] tts        485  get audio|use local  
[2025/08/10 19:58:34 386] tts        498  local audiolen:  2046  ,ced:  16  
[2025/08/10 19:58:34 386] tts        527  0  udata(8c07f098) 1  
[2025/08/10 19:58:34 388] tts        657  TTS_MSG_GETAUDIO  0  
[2025/08/10 19:58:34 388] tts        485  get audio|use local  
[2025/08/10 19:58:34 388] tts        498  local audiolen:  1970  ,ced:  16  
[2025/08/10 19:58:34 388] tts        527  0  udata(8c087708) 1  
[2025/08/10 19:58:34 391] tts        657  TTS_MSG_GETAUDIO  0  
[2025/08/10 19:58:34 391] tts        485  get audio|use local  
[2025/08/10 19:58:34 392] tts        498  local audiolen:  1932  ,ced:  16  
[2025/08/10 19:58:34 392] tts        527  0  udata(8c087958) 1  
[2025/08/10 19:58:34 393] tts        657  TTS_MSG_GETAUDIO  0  
[2025/08/10 19:58:34 394] tts        485  get audio|use local  
[2025/08/10 19:58:34 394] tts        498  local audiolen:  1994  ,ced:  16  
[2025/08/10 19:58:34 394] tts        527  0  udata(8c087a58) 1  
[2025/08/10 19:58:34 396] tts        657  TTS_MSG_GETAUDIO  0  
[2025/08/10 19:58:34 396] tts        485  get audio|use local  
[2025/08/10 19:58:34 397] tts        498  local audiolen:  2008  ,ced:  16  
[2025/08/10 19:58:34 397] tts        527  0  udata(8c087ba8) 1  
[2025/08/10 19:58:34 399] tts        301  0  0  
[2025/08/10 19:58:34 399] tts        312  TTS_LOCAL_CB_END,  2  
[2025/08/10 19:58:34 399] tts        657  TTS_MSG_GETAUDIO  0  
[2025/08/10 19:58:34 399] tts        485  get audio|use local  
[2025/08/10 19:58:34 399] tts        498  local audiolen:  1932  ,ced:  16  
[2025/08/10 19:58:34 399] tts        527  0  udata(8c07e598) 1  
[2025/08/10 19:58:34 400] tts        657  TTS_MSG_GETAUDIO  0  
[2025/08/10 19:58:34 401] tts        485  get audio|use local  
[2025/08/10 19:58:34 401] tts        498  local audiolen:  2044  ,ced:  16  
[2025/08/10 19:58:34 401] tts        527  0  udata(8c07e738) 1  
[2025/08/10 19:58:34 402] tts        657  TTS_MSG_GETAUDIO  0  
[2025/08/10 19:58:34 402] tts        485  get audio|use local  
[2025/08/10 19:58:34 402] tts        498  local audiolen:  2014  ,ced:  16  
[2025/08/10 19:58:34 402] tts        527  0  udata(8c07e788) 1  
[2025/08/10 19:58:34 403] tts        657  TTS_MSG_GETAUDIO  0  
[2025/08/10 19:58:34 403] tts        485  get audio|use local  
[2025/08/10 19:58:34 403] tts        498  local audiolen:  1982  ,ced:  16  
[2025/08/10 19:58:34 403] tts        527  0  udata(8c07e7d8) 1  
[2025/08/10 19:58:34 404] tts        657  TTS_MSG_GETAUDIO  0  
[2025/08/10 19:58:34 405] tts        485  get audio|use local  
[2025/08/10 19:58:34 405] tts        498  local audiolen:  2006  ,ced:  16  
[2025/08/10 19:58:34 405] tts        527  0  udata(8c07e828) 1  
[2025/08/10 19:58:34 406] tts        657  TTS_MSG_GETAUDIO  0  
[2025/08/10 19:58:34 406] tts        485  get audio|use local  
[2025/08/10 19:58:34 406] tts        498  local audiolen:  1964  ,ced:  16  
[2025/08/10 19:58:34 406] tts        527  0  udata(8c07e878) 1  
[2025/08/10 19:58:34 407] tts        657  TTS_MSG_GETAUDIO  0  
[2025/08/10 19:58:34 407] tts        485  get audio|use local  
[2025/08/10 19:58:34 407] tts        498  local audiolen:  2046  ,ced:  16  
[2025/08/10 19:58:34 407] tts        527  0  udata(8c07e8c8) 1  
[2025/08/10 19:58:34 408] tts        657  TTS_MSG_GETAUDIO  0  
[2025/08/10 19:58:34 408] tts        485  get audio|use local  
[2025/08/10 19:58:34 408] tts        498  local audiolen:  1940  ,ced:  16  
[2025/08/10 19:58:34 408] tts        527  0  udata(8c07e918) 1  
[2025/08/10 19:58:34 409] tts        657  TTS_MSG_GETAUDIO  0  
[2025/08/10 19:58:34 409] tts        485  get audio|use local  
[2025/08/10 19:58:34 409] tts        498  local audiolen:  2000  ,ced:  16  
[2025/08/10 19:58:34 410] tts        527  0  udata(8c07e968) 1  
[2025/08/10 19:58:34 410] tts        657  TTS_MSG_GETAUDIO  0  
[2025/08/10 19:58:34 410] tts        485  get audio|use local  
[2025/08/10 19:58:34 410] tts        498  local audiolen:  1940  ,ced:  16  
[2025/08/10 19:58:34 411] tts        527  0  udata(8c07e9b8) 1  
[2025/08/10 19:58:34 412] tts        657  TTS_MSG_GETAUDIO  0  
[2025/08/10 19:58:34 412] tts        485  get audio|use local  
[2025/08/10 19:58:34 412] tts        498  local audiolen:  2048  ,ced:  16  
[2025/08/10 19:58:34 412] tts        527  0  udata(8c07ea08) 1  
[2025/08/10 19:58:34 413] tts        657  TTS_MSG_GETAUDIO  0  
[2025/08/10 19:58:34 413] tts        485  get audio|use local  
[2025/08/10 19:58:34 413] tts        498  local audiolen:  2016  ,ced:  16  
[2025/08/10 19:58:34 413] tts        527  0  udata(8c07ea58) 1  
[2025/08/10 19:58:34 414] tts        657  TTS_MSG_GETAUDIO  0  
[2025/08/10 19:58:34 414] tts        485  get audio|use local  
[2025/08/10 19:58:34 414] tts        498  local audiolen:  576  ,ced:  16  
[2025/08/10 19:58:34 414] tts        527  0  udata(8c07ddf8) 2  
[2025/08/10 19:58:34 416] tts        660  TTS_MSG_SSE  
[2025/08/10 19:58:34 418] tts        585  sse|use local  
[2025/08/10 19:58:34 421] tts        603  tts exit  
