============================================================
Time  2025/05/30 18:25:51 992 
============================================================
[2025/05/30 18:25:51 992] tts        676  SYS_MSG_REGCB param0 =  msp_status_cb  param1 =  func(8c014a30) 
[2025/05/30 18:25:51 999] config     43   use general cloud  
[2025/05/30 18:25:52 009] tts_cloud  1417 SYS_MSG_REGCB_CLOUD param0 =   msp_status_cb  param1 =  func(8c014a30) 
[2025/05/30 18:25:52 010] tts        647  TTS_MSG_SSB  
[2025/05/30 18:25:52 010] tts        375  params =  engine_type = local,voice_name=xiaoyan, text_encoding = UTF8, tts_res_path = fo|res/tts/xiaoyan.jet;fo|res/tts/common.jet, sample_rate = 16000, speed = 50, volume = 80, pitch = 50, rdn = 2  
[2025/05/30 18:25:52 010] tts        412  ssb|use local  
[2025/05/30 18:25:52 010] tts        349  local_session_begin  
[2025/05/30 18:25:52 014] tts        654  TTS_MSG_SYN  0  
[2025/05/30 18:25:52 014] tts        451  synth|use local  
[2025/05/30 18:25:52 015] tts        657  TTS_MSG_GETAUDIO  0  
[2025/05/30 18:25:52 016] tts        485  get audio|use local  
[2025/05/30 18:25:52 016] tts        527  0  nil  1  
[2025/05/30 18:25:52 017] tts        657  TTS_MSG_GETAUDIO  0  
[2025/05/30 18:25:52 017] tts        485  get audio|use local  
[2025/05/30 18:25:52 017] tts        527  0  nil  1  
[2025/05/30 18:25:52 018] tts        657  TTS_MSG_GETAUDIO  0  
[2025/05/30 18:25:52 018] tts        485  get audio|use local  
[2025/05/30 18:25:52 018] tts        527  0  nil  1  
[2025/05/30 18:25:52 019] tts        657  TTS_MSG_GETAUDIO  0  
[2025/05/30 18:25:52 019] tts        485  get audio|use local  
[2025/05/30 18:25:52 019] tts        527  0  nil  1  
[2025/05/30 18:25:52 020] tts        657  TTS_MSG_GETAUDIO  0  
[2025/05/30 18:25:52 020] tts        485  get audio|use local  
[2025/05/30 18:25:52 020] tts        527  0  nil  1  
[2025/05/30 18:25:52 021] tts        657  TTS_MSG_GETAUDIO  0  
[2025/05/30 18:25:52 021] tts        485  get audio|use local  
[2025/05/30 18:25:52 021] tts        527  0  nil  1  
[2025/05/30 18:25:52 022] tts        657  TTS_MSG_GETAUDIO  0  
[2025/05/30 18:25:52 022] tts        485  get audio|use local  
[2025/05/30 18:25:52 022] tts        527  0  nil  1  
[2025/05/30 18:25:52 023] tts        657  TTS_MSG_GETAUDIO  0  
[2025/05/30 18:25:52 023] tts        485  get audio|use local  
[2025/05/30 18:25:52 023] tts        527  0  nil  1  
[2025/05/30 18:25:52 024] tts        657  TTS_MSG_GETAUDIO  0  
[2025/05/30 18:25:52 024] tts        485  get audio|use local  
[2025/05/30 18:25:52 024] tts        527  0  nil  1  
[2025/05/30 18:25:52 026] tts        657  TTS_MSG_GETAUDIO  0  
[2025/05/30 18:25:52 026] tts        485  get audio|use local  
[2025/05/30 18:25:52 026] tts        527  0  nil  1  
[2025/05/30 18:25:52 030] tts        657  TTS_MSG_GETAUDIO  0  
[2025/05/30 18:25:52 031] tts        485  get audio|use local  
[2025/05/30 18:25:52 031] tts        527  0  nil  1  
[2025/05/30 18:25:52 031] tts        657  TTS_MSG_GETAUDIO  0  
[2025/05/30 18:25:52 031] tts        485  get audio|use local  
[2025/05/30 18:25:52 031] tts        527  0  nil  1  
[2025/05/30 18:25:52 032] tts        657  TTS_MSG_GETAUDIO  0  
[2025/05/30 18:25:52 032] tts        485  get audio|use local  
[2025/05/30 18:25:52 032] tts        527  0  nil  1  
[2025/05/30 18:25:52 033] tts        657  TTS_MSG_GETAUDIO  0  
[2025/05/30 18:25:52 033] tts        485  get audio|use local  
[2025/05/30 18:25:52 033] tts        527  0  nil  1  
[2025/05/30 18:25:52 034] tts        657  TTS_MSG_GETAUDIO  0  
[2025/05/30 18:25:52 034] tts        485  get audio|use local  
[2025/05/30 18:25:52 034] tts        527  0  nil  1  
[2025/05/30 18:25:52 035] tts        657  TTS_MSG_GETAUDIO  0  
[2025/05/30 18:25:52 035] tts        485  get audio|use local  
[2025/05/30 18:25:52 035] tts        527  0  nil  1  
[2025/05/30 18:25:52 036] tts        657  TTS_MSG_GETAUDIO  0  
[2025/05/30 18:25:52 036] tts        485  get audio|use local  
[2025/05/30 18:25:52 036] tts        527  0  nil  1  
[2025/05/30 18:25:52 037] tts        657  TTS_MSG_GETAUDIO  0  
[2025/05/30 18:25:52 037] tts        485  get audio|use local  
[2025/05/30 18:25:52 037] tts        527  0  nil  1  
[2025/05/30 18:25:52 038] tts        657  TTS_MSG_GETAUDIO  0  
[2025/05/30 18:25:52 038] tts        485  get audio|use local  
[2025/05/30 18:25:52 038] tts        527  0  nil  1  
[2025/05/30 18:25:52 039] tts        657  TTS_MSG_GETAUDIO  0  
[2025/05/30 18:25:52 039] tts        485  get audio|use local  
[2025/05/30 18:25:52 039] tts        527  0  nil  1  
[2025/05/30 18:25:52 039] tts        657  TTS_MSG_GETAUDIO  0  
[2025/05/30 18:25:52 040] tts        485  get audio|use local  
[2025/05/30 18:25:52 040] tts        527  0  nil  1  
[2025/05/30 18:25:52 040] tts        657  TTS_MSG_GETAUDIO  0  
[2025/05/30 18:25:52 040] tts        485  get audio|use local  
[2025/05/30 18:25:52 040] tts        527  0  nil  1  
[2025/05/30 18:25:52 041] tts        657  TTS_MSG_GETAUDIO  0  
[2025/05/30 18:25:52 041] tts        485  get audio|use local  
[2025/05/30 18:25:52 041] tts        527  0  nil  1  
[2025/05/30 18:25:52 042] tts        657  TTS_MSG_GETAUDIO  0  
[2025/05/30 18:25:52 042] tts        485  get audio|use local  
[2025/05/30 18:25:52 042] tts        527  0  nil  1  
[2025/05/30 18:25:52 044] tts        657  TTS_MSG_GETAUDIO  0  
[2025/05/30 18:25:52 044] tts        485  get audio|use local  
[2025/05/30 18:25:52 044] tts        527  0  nil  1  
[2025/05/30 18:25:52 045] tts        657  TTS_MSG_GETAUDIO  0  
[2025/05/30 18:25:52 047] tts        485  get audio|use local  
[2025/05/30 18:25:52 047] tts        527  0  nil  1  
[2025/05/30 18:25:52 047] tts        657  TTS_MSG_GETAUDIO  0  
[2025/05/30 18:25:52 047] tts        485  get audio|use local  
[2025/05/30 18:25:52 047] tts        527  0  nil  1  
[2025/05/30 18:25:52 048] tts        657  TTS_MSG_GETAUDIO  0  
[2025/05/30 18:25:52 048] tts        485  get audio|use local  
[2025/05/30 18:25:52 048] tts        527  0  nil  1  
[2025/05/30 18:25:52 049] tts        657  TTS_MSG_GETAUDIO  0  
[2025/05/30 18:25:52 049] tts        485  get audio|use local  
[2025/05/30 18:25:52 056] tts        527  0  nil  1  
[2025/05/30 18:25:52 057] tts        657  TTS_MSG_GETAUDIO  0  
[2025/05/30 18:25:52 057] tts        485  get audio|use local  
[2025/05/30 18:25:52 057] tts        527  0  nil  1  
[2025/05/30 18:25:52 057] tts        657  TTS_MSG_GETAUDIO  0  
[2025/05/30 18:25:52 057] tts        485  get audio|use local  
[2025/05/30 18:25:52 058] tts        527  0  nil  1  
[2025/05/30 18:25:52 058] tts        657  TTS_MSG_GETAUDIO  0  
[2025/05/30 18:25:52 058] tts        485  get audio|use local  
[2025/05/30 18:25:52 058] tts        527  0  nil  1  
[2025/05/30 18:25:52 059] tts        657  TTS_MSG_GETAUDIO  0  
[2025/05/30 18:25:52 059] tts        485  get audio|use local  
[2025/05/30 18:25:52 059] tts        527  0  nil  1  
[2025/05/30 18:25:52 059] tts        657  TTS_MSG_GETAUDIO  0  
[2025/05/30 18:25:52 059] tts        485  get audio|use local  
[2025/05/30 18:25:52 059] tts        527  0  nil  1  
[2025/05/30 18:25:52 060] tts        657  TTS_MSG_GETAUDIO  0  
[2025/05/30 18:25:52 060] tts        485  get audio|use local  
[2025/05/30 18:25:52 060] tts        527  0  nil  1  
[2025/05/30 18:25:52 061] tts        657  TTS_MSG_GETAUDIO  0  
[2025/05/30 18:25:52 061] tts        485  get audio|use local  
[2025/05/30 18:25:52 061] tts        527  0  nil  1  
[2025/05/30 18:25:52 061] tts        657  TTS_MSG_GETAUDIO  0  
[2025/05/30 18:25:52 062] tts        485  get audio|use local  
[2025/05/30 18:25:52 062] tts        527  0  nil  1  
[2025/05/30 18:25:52 062] tts        657  TTS_MSG_GETAUDIO  0  
[2025/05/30 18:25:52 062] tts        485  get audio|use local  
[2025/05/30 18:25:52 062] tts        527  0  nil  1  
[2025/05/30 18:25:52 063] tts        657  TTS_MSG_GETAUDIO  0  
[2025/05/30 18:25:52 063] tts        485  get audio|use local  
[2025/05/30 18:25:52 063] tts        527  0  nil  1  
[2025/05/30 18:25:52 064] tts        657  TTS_MSG_GETAUDIO  0  
[2025/05/30 18:25:52 064] tts        485  get audio|use local  
[2025/05/30 18:25:52 064] tts        527  0  nil  1  
[2025/05/30 18:25:52 064] tts        657  TTS_MSG_GETAUDIO  0  
[2025/05/30 18:25:52 064] tts        485  get audio|use local  
[2025/05/30 18:25:52 064] tts        527  0  nil  1  
[2025/05/30 18:25:52 065] tts        657  TTS_MSG_GETAUDIO  0  
[2025/05/30 18:25:52 065] tts        485  get audio|use local  
[2025/05/30 18:25:52 065] tts        527  0  nil  1  
[2025/05/30 18:25:52 066] tts        657  TTS_MSG_GETAUDIO  0  
[2025/05/30 18:25:52 066] tts        485  get audio|use local  
[2025/05/30 18:25:52 066] tts        527  0  nil  1  
[2025/05/30 18:25:52 066] tts        657  TTS_MSG_GETAUDIO  0  
[2025/05/30 18:25:52 066] tts        485  get audio|use local  
[2025/05/30 18:25:52 066] tts        527  0  nil  1  
[2025/05/30 18:25:52 067] tts        657  TTS_MSG_GETAUDIO  0  
[2025/05/30 18:25:52 067] tts        485  get audio|use local  
[2025/05/30 18:25:52 067] tts        527  0  nil  1  
[2025/05/30 18:25:52 068] tts        657  TTS_MSG_GETAUDIO  0  
[2025/05/30 18:25:52 068] tts        485  get audio|use local  
[2025/05/30 18:25:52 068] tts        527  0  nil  1  
[2025/05/30 18:25:52 068] tts        657  TTS_MSG_GETAUDIO  0  
[2025/05/30 18:25:52 068] tts        485  get audio|use local  
[2025/05/30 18:25:52 068] tts        527  0  nil  1  
[2025/05/30 18:25:52 069] tts        657  TTS_MSG_GETAUDIO  0  
[2025/05/30 18:25:52 069] tts        485  get audio|use local  
[2025/05/30 18:25:52 069] tts        527  0  nil  1  
[2025/05/30 18:25:52 070] tts        657  TTS_MSG_GETAUDIO  0  
[2025/05/30 18:25:52 070] tts        485  get audio|use local  
[2025/05/30 18:25:52 070] tts        527  0  nil  1  
[2025/05/30 18:25:52 070] tts        657  TTS_MSG_GETAUDIO  0  
[2025/05/30 18:25:52 070] tts        485  get audio|use local  
[2025/05/30 18:25:52 070] tts        527  0  nil  1  
[2025/05/30 18:25:52 071] tts        657  TTS_MSG_GETAUDIO  0  
[2025/05/30 18:25:52 071] tts        485  get audio|use local  
[2025/05/30 18:25:52 071] tts        527  0  nil  1  
[2025/05/30 18:25:52 071] tts        657  TTS_MSG_GETAUDIO  0  
[2025/05/30 18:25:52 071] tts        485  get audio|use local  
[2025/05/30 18:25:52 071] tts        527  0  nil  1  
[2025/05/30 18:25:52 072] tts        657  TTS_MSG_GETAUDIO  0  
[2025/05/30 18:25:52 072] tts        485  get audio|use local  
[2025/05/30 18:25:52 072] tts        527  0  nil  1  
[2025/05/30 18:25:52 073] tts        657  TTS_MSG_GETAUDIO  0  
[2025/05/30 18:25:52 073] tts        485  get audio|use local  
[2025/05/30 18:25:52 073] tts        527  0  nil  1  
[2025/05/30 18:25:52 092] tts        657  TTS_MSG_GETAUDIO  0  
[2025/05/30 18:25:52 092] tts        485  get audio|use local  
[2025/05/30 18:25:52 093] tts        527  0  nil  1  
[2025/05/30 18:25:52 094] tts        657  TTS_MSG_GETAUDIO  0  
[2025/05/30 18:25:52 095] tts        485  get audio|use local  
[2025/05/30 18:25:52 095] tts        527  0  nil  1  
[2025/05/30 18:25:52 096] tts        657  TTS_MSG_GETAUDIO  0  
[2025/05/30 18:25:52 096] tts        485  get audio|use local  
[2025/05/30 18:25:52 097] tts        527  0  nil  1  
[2025/05/30 18:25:52 107] tts        657  TTS_MSG_GETAUDIO  0  
[2025/05/30 18:25:52 107] tts        485  get audio|use local  
[2025/05/30 18:25:52 107] tts        527  0  nil  1  
[2025/05/30 18:25:52 108] tts        657  TTS_MSG_GETAUDIO  0  
[2025/05/30 18:25:52 108] tts        485  get audio|use local  
[2025/05/30 18:25:52 108] tts        527  0  nil  1  
[2025/05/30 18:25:52 110] tts        657  TTS_MSG_GETAUDIO  0  
[2025/05/30 18:25:52 110] tts        485  get audio|use local  
[2025/05/30 18:25:52 110] tts        527  0  nil  1  
[2025/05/30 18:25:52 112] tts        657  TTS_MSG_GETAUDIO  0  
[2025/05/30 18:25:52 112] tts        485  get audio|use local  
[2025/05/30 18:25:52 112] tts        527  0  nil  1  
[2025/05/30 18:25:52 113] tts        299  TTS_LOCAL_CB_BEGIN  
[2025/05/30 18:25:52 114] tts        657  TTS_MSG_GETAUDIO  0  
[2025/05/30 18:25:52 115] tts        485  get audio|use local  
[2025/05/30 18:25:52 115] tts        527  0  nil  1  
[2025/05/30 18:25:52 118] tts        657  TTS_MSG_GETAUDIO  0  
[2025/05/30 18:25:52 118] tts        485  get audio|use local  
[2025/05/30 18:25:52 118] tts        527  0  nil  1  
[2025/05/30 18:25:52 122] tts        657  TTS_MSG_GETAUDIO  0  
[2025/05/30 18:25:52 122] tts        485  get audio|use local  
[2025/05/30 18:25:52 122] tts        527  0  nil  1  
[2025/05/30 18:25:52 124] tts        657  TTS_MSG_GETAUDIO  0  
[2025/05/30 18:25:52 124] tts        485  get audio|use local  
[2025/05/30 18:25:52 124] tts        527  0  nil  1  
[2025/05/30 18:25:52 125] tts        657  TTS_MSG_GETAUDIO  0  
[2025/05/30 18:25:52 125] tts        485  get audio|use local  
[2025/05/30 18:25:52 125] tts        527  0  nil  1  
[2025/05/30 18:25:52 126] tts        657  TTS_MSG_GETAUDIO  0  
[2025/05/30 18:25:52 126] tts        485  get audio|use local  
[2025/05/30 18:25:52 126] tts        527  0  nil  1  
[2025/05/30 18:25:52 127] tts        657  TTS_MSG_GETAUDIO  0  
[2025/05/30 18:25:52 127] tts        485  get audio|use local  
[2025/05/30 18:25:52 128] tts        527  0  nil  1  
[2025/05/30 18:25:52 129] tts        657  TTS_MSG_GETAUDIO  0  
[2025/05/30 18:25:52 129] tts        485  get audio|use local  
[2025/05/30 18:25:52 129] tts        527  0  nil  1  
[2025/05/30 18:25:52 130] tts        657  TTS_MSG_GETAUDIO  0  
[2025/05/30 18:25:52 130] tts        485  get audio|use local  
[2025/05/30 18:25:52 130] tts        527  0  nil  1  
[2025/05/30 18:25:52 131] tts        657  TTS_MSG_GETAUDIO  0  
[2025/05/30 18:25:52 131] tts        485  get audio|use local  
[2025/05/30 18:25:52 131] tts        527  0  nil  1  
[2025/05/30 18:25:52 132] tts        657  TTS_MSG_GETAUDIO  0  
[2025/05/30 18:25:52 132] tts        485  get audio|use local  
[2025/05/30 18:25:52 132] tts        527  0  nil  1  
[2025/05/30 18:25:52 133] tts        657  TTS_MSG_GETAUDIO  0  
[2025/05/30 18:25:52 133] tts        485  get audio|use local  
[2025/05/30 18:25:52 133] tts        527  0  nil  1  
[2025/05/30 18:25:52 134] tts        657  TTS_MSG_GETAUDIO  0  
[2025/05/30 18:25:52 134] tts        485  get audio|use local  
[2025/05/30 18:25:52 134] tts        527  0  nil  1  
[2025/05/30 18:25:52 135] tts        657  TTS_MSG_GETAUDIO  0  
[2025/05/30 18:25:52 135] tts        485  get audio|use local  
[2025/05/30 18:25:52 135] tts        527  0  nil  1  
[2025/05/30 18:25:52 136] tts        657  TTS_MSG_GETAUDIO  0  
[2025/05/30 18:25:52 137] tts        485  get audio|use local  
[2025/05/30 18:25:52 137] tts        527  0  nil  1  
[2025/05/30 18:25:52 137] tts        657  TTS_MSG_GETAUDIO  0  
[2025/05/30 18:25:52 138] tts        485  get audio|use local  
[2025/05/30 18:25:52 138] tts        527  0  nil  1  
[2025/05/30 18:25:52 138] tts        657  TTS_MSG_GETAUDIO  0  
[2025/05/30 18:25:52 139] tts        485  get audio|use local  
[2025/05/30 18:25:52 139] tts        527  0  nil  1  
[2025/05/30 18:25:52 140] tts        657  TTS_MSG_GETAUDIO  0  
[2025/05/30 18:25:52 140] tts        485  get audio|use local  
[2025/05/30 18:25:52 140] tts        527  0  nil  1  
[2025/05/30 18:25:52 143] tts        657  TTS_MSG_GETAUDIO  0  
[2025/05/30 18:25:52 143] tts        485  get audio|use local  
[2025/05/30 18:25:52 143] tts        527  0  nil  1  
[2025/05/30 18:25:52 145] tts        657  TTS_MSG_GETAUDIO  0  
[2025/05/30 18:25:52 145] tts        485  get audio|use local  
[2025/05/30 18:25:52 145] tts        498  local audiolen:  2042  ,ced:  15  
[2025/05/30 18:25:52 146] tts        527  0  udata(8c07f808) 1  
[2025/05/30 18:25:52 147] tts        657  TTS_MSG_GETAUDIO  0  
[2025/05/30 18:25:52 148] tts        485  get audio|use local  
[2025/05/30 18:25:52 148] tts        498  local audiolen:  2016  ,ced:  15  
[2025/05/30 18:25:52 148] tts        527  0  udata(8c07fb58) 1  
[2025/05/30 18:25:52 150] tts        657  TTS_MSG_GETAUDIO  0  
[2025/05/30 18:25:52 150] tts        485  get audio|use local  
[2025/05/30 18:25:52 150] tts        498  local audiolen:  1964  ,ced:  15  
[2025/05/30 18:25:52 150] tts        527  0  udata(8c07f228) 1  
[2025/05/30 18:25:52 152] tts        657  TTS_MSG_GETAUDIO  0  
[2025/05/30 18:25:52 152] tts        485  get audio|use local  
[2025/05/30 18:25:52 152] tts        498  local audiolen:  1916  ,ced:  15  
[2025/05/30 18:25:52 152] tts        527  0  udata(8c07f4b8) 1  
[2025/05/30 18:25:52 153] tts        657  TTS_MSG_GETAUDIO  0  
[2025/05/30 18:25:52 153] tts        485  get audio|use local  
[2025/05/30 18:25:52 154] tts        498  local audiolen:  2018  ,ced:  15  
[2025/05/30 18:25:52 154] tts        527  0  udata(8c07f608) 1  
[2025/05/30 18:25:52 155] tts        657  TTS_MSG_GETAUDIO  0  
[2025/05/30 18:25:52 156] tts        485  get audio|use local  
[2025/05/30 18:25:52 156] tts        498  local audiolen:  2008  ,ced:  15  
[2025/05/30 18:25:52 156] tts        527  0  udata(8c07cca8) 1  
[2025/05/30 18:25:52 157] tts        657  TTS_MSG_GETAUDIO  0  
[2025/05/30 18:25:52 158] tts        485  get audio|use local  
[2025/05/30 18:25:52 158] tts        498  local audiolen:  2046  ,ced:  15  
[2025/05/30 18:25:52 158] tts        527  0  udata(8c07cef8) 1  
[2025/05/30 18:25:52 159] tts        657  TTS_MSG_GETAUDIO  0  
[2025/05/30 18:25:52 160] tts        485  get audio|use local  
[2025/05/30 18:25:52 160] tts        498  local audiolen:  1972  ,ced:  15  
[2025/05/30 18:25:52 160] tts        527  0  udata(8c087bf8) 1  
[2025/05/30 18:25:52 161] tts        657  TTS_MSG_GETAUDIO  0  
[2025/05/30 18:25:52 161] tts        485  get audio|use local  
[2025/05/30 18:25:52 161] tts        498  local audiolen:  1934  ,ced:  15  
[2025/05/30 18:25:52 161] tts        527  0  udata(8c087d48) 1  
[2025/05/30 18:25:52 163] tts        657  TTS_MSG_GETAUDIO  0  
[2025/05/30 18:25:52 163] tts        485  get audio|use local  
[2025/05/30 18:25:52 163] tts        498  local audiolen:  2016  ,ced:  15  
[2025/05/30 18:25:52 163] tts        527  0  udata(8c087f98) 1  
[2025/05/30 18:25:52 165] tts        657  TTS_MSG_GETAUDIO  0  
[2025/05/30 18:25:52 165] tts        485  get audio|use local  
[2025/05/30 18:25:52 165] tts        498  local audiolen:  2036  ,ced:  15  
[2025/05/30 18:25:52 165] tts        527  0  udata(8c07eb28) 1  
[2025/05/30 18:25:52 166] tts        657  TTS_MSG_GETAUDIO  0  
[2025/05/30 18:25:52 166] tts        485  get audio|use local  
[2025/05/30 18:25:52 167] tts        498  local audiolen:  1944  ,ced:  15  
[2025/05/30 18:25:52 167] tts        527  0  udata(8c07ec78) 1  
[2025/05/30 18:25:52 168] tts        657  TTS_MSG_GETAUDIO  0  
[2025/05/30 18:25:52 168] tts        485  get audio|use local  
[2025/05/30 18:25:52 169] tts        498  local audiolen:  1958  ,ced:  15  
[2025/05/30 18:25:52 169] tts        527  0  udata(8c07eec8) 1  
[2025/05/30 18:25:52 170] tts        657  TTS_MSG_GETAUDIO  0  
[2025/05/30 18:25:52 170] tts        485  get audio|use local  
[2025/05/30 18:25:52 170] tts        498  local audiolen:  2016  ,ced:  15  
[2025/05/30 18:25:52 170] tts        527  0  udata(8c07e378) 1  
[2025/05/30 18:25:52 172] tts        657  TTS_MSG_GETAUDIO  0  
[2025/05/30 18:25:52 172] tts        485  get audio|use local  
[2025/05/30 18:25:52 172] tts        498  local audiolen:  2016  ,ced:  15  
[2025/05/30 18:25:52 173] tts        527  0  udata(8c07e3c8) 1  
[2025/05/30 18:25:52 174] tts        301  0  0  
[2025/05/30 18:25:52 175] tts        312  TTS_LOCAL_CB_END,  2  
[2025/05/30 18:25:52 176] tts        657  TTS_MSG_GETAUDIO  0  
[2025/05/30 18:25:52 177] tts        485  get audio|use local  
[2025/05/30 18:25:52 177] tts        498  local audiolen:  1976  ,ced:  15  
[2025/05/30 18:25:52 177] tts        527  0  udata(8c07e6b8) 1  
[2025/05/30 18:25:52 177] tts        657  TTS_MSG_GETAUDIO  0  
[2025/05/30 18:25:52 178] tts        485  get audio|use local  
[2025/05/30 18:25:52 178] tts        498  local audiolen:  1932  ,ced:  15  
[2025/05/30 18:25:52 178] tts        527  0  udata(8c07e218) 1  
[2025/05/30 18:25:52 180] tts        657  TTS_MSG_GETAUDIO  0  
[2025/05/30 18:25:52 181] tts        485  get audio|use local  
[2025/05/30 18:25:52 181] tts        498  local audiolen:  2022  ,ced:  15  
[2025/05/30 18:25:52 181] tts        527  0  udata(8c07e708) 1  
[2025/05/30 18:25:52 182] tts        657  TTS_MSG_GETAUDIO  0  
[2025/05/30 18:25:52 182] tts        485  get audio|use local  
[2025/05/30 18:25:52 182] tts        498  local audiolen:  1996  ,ced:  15  
[2025/05/30 18:25:52 182] tts        527  0  udata(8c07e758) 1  
[2025/05/30 18:25:52 182] tts        657  TTS_MSG_GETAUDIO  0  
[2025/05/30 18:25:52 183] tts        485  get audio|use local  
[2025/05/30 18:25:52 183] tts        498  local audiolen:  2030  ,ced:  15  
[2025/05/30 18:25:52 183] tts        527  0  udata(8c07e7a8) 1  
[2025/05/30 18:25:52 183] tts        657  TTS_MSG_GETAUDIO  0  
[2025/05/30 18:25:52 183] tts        485  get audio|use local  
[2025/05/30 18:25:52 183] tts        498  local audiolen:  2006  ,ced:  15  
[2025/05/30 18:25:52 184] tts        527  0  udata(8c07e7f8) 1  
[2025/05/30 18:25:52 184] tts        657  TTS_MSG_GETAUDIO  0  
[2025/05/30 18:25:52 184] tts        485  get audio|use local  
[2025/05/30 18:25:52 184] tts        498  local audiolen:  2016  ,ced:  15  
[2025/05/30 18:25:52 184] tts        527  0  udata(8c07e848) 1  
[2025/05/30 18:25:52 185] tts        657  TTS_MSG_GETAUDIO  0  
[2025/05/30 18:25:52 185] tts        485  get audio|use local  
[2025/05/30 18:25:52 185] tts        498  local audiolen:  2016  ,ced:  15  
[2025/05/30 18:25:52 185] tts        527  0  udata(8c07e898) 1  
[2025/05/30 18:25:52 186] tts        657  TTS_MSG_GETAUDIO  0  
[2025/05/30 18:25:52 186] tts        485  get audio|use local  
[2025/05/30 18:25:52 186] tts        498  local audiolen:  960  ,ced:  15  
[2025/05/30 18:25:52 186] tts        527  0  udata(8c07de48) 2  
[2025/05/30 18:25:52 187] tts        660  TTS_MSG_SSE  
[2025/05/30 18:25:52 188] tts        585  sse|use local  
[2025/05/30 18:25:52 192] tts        603  tts exit  
