============================================================
Time  2025/07/10 16:11:44 826 
============================================================
[2025/07/10 16:11:44 826] tts        676  SYS_MSG_REGCB param0 =  msp_status_cb  param1 =  func(88014a30) 
[2025/07/10 16:11:44 830] config     43   use general cloud  
[2025/07/10 16:11:44 839] tts_cloud  1417 SYS_MSG_REGCB_CLOUD param0 =   msp_status_cb  param1 =  func(88014a30) 
[2025/07/10 16:11:44 841] tts        647  TTS_MSG_SSB  
[2025/07/10 16:11:44 841] tts        375  params =  engine_type = local,voice_name=xiaoyan, text_encoding = UTF8, tts_res_path = fo|res/tts/xiaoyan.jet;fo|res/tts/common.jet, sample_rate = 16000, speed = 50, volume = 80, pitch = 50, rdn = 2  
[2025/07/10 16:11:44 842] tts        412  ssb|use local  
[2025/07/10 16:11:44 842] tts        349  local_session_begin  
[2025/07/10 16:11:44 846] tts        654  TTS_MSG_SYN  0  
[2025/07/10 16:11:44 846] tts        451  synth|use local  
[2025/07/10 16:11:44 854] tts        657  TTS_MSG_GETAUDIO  0  
[2025/07/10 16:11:44 854] tts        485  get audio|use local  
[2025/07/10 16:11:44 855] tts        527  0  nil  1  
[2025/07/10 16:11:44 856] tts        657  TTS_MSG_GETAUDIO  0  
[2025/07/10 16:11:44 856] tts        485  get audio|use local  
[2025/07/10 16:11:44 856] tts        527  0  nil  1  
[2025/07/10 16:11:44 857] tts        657  TTS_MSG_GETAUDIO  0  
[2025/07/10 16:11:44 857] tts        485  get audio|use local  
[2025/07/10 16:11:44 857] tts        527  0  nil  1  
[2025/07/10 16:11:44 858] tts        657  TTS_MSG_GETAUDIO  0  
[2025/07/10 16:11:44 858] tts        485  get audio|use local  
[2025/07/10 16:11:44 858] tts        527  0  nil  1  
[2025/07/10 16:11:44 859] tts        657  TTS_MSG_GETAUDIO  0  
[2025/07/10 16:11:44 859] tts        485  get audio|use local  
[2025/07/10 16:11:44 859] tts        527  0  nil  1  
[2025/07/10 16:11:44 860] tts        657  TTS_MSG_GETAUDIO  0  
[2025/07/10 16:11:44 861] tts        485  get audio|use local  
[2025/07/10 16:11:44 861] tts        527  0  nil  1  
[2025/07/10 16:11:44 862] tts        657  TTS_MSG_GETAUDIO  0  
[2025/07/10 16:11:44 862] tts        485  get audio|use local  
[2025/07/10 16:11:44 862] tts        527  0  nil  1  
[2025/07/10 16:11:44 862] tts        657  TTS_MSG_GETAUDIO  0  
[2025/07/10 16:11:44 863] tts        485  get audio|use local  
[2025/07/10 16:11:44 863] tts        527  0  nil  1  
[2025/07/10 16:11:44 863] tts        657  TTS_MSG_GETAUDIO  0  
[2025/07/10 16:11:44 864] tts        485  get audio|use local  
[2025/07/10 16:11:44 864] tts        527  0  nil  1  
[2025/07/10 16:11:44 868] tts        657  TTS_MSG_GETAUDIO  0  
[2025/07/10 16:11:44 868] tts        485  get audio|use local  
[2025/07/10 16:11:44 868] tts        527  0  nil  1  
[2025/07/10 16:11:44 870] tts        657  TTS_MSG_GETAUDIO  0  
[2025/07/10 16:11:44 870] tts        485  get audio|use local  
[2025/07/10 16:11:44 870] tts        527  0  nil  1  
[2025/07/10 16:11:44 872] tts        657  TTS_MSG_GETAUDIO  0  
[2025/07/10 16:11:44 872] tts        485  get audio|use local  
[2025/07/10 16:11:44 872] tts        527  0  nil  1  
[2025/07/10 16:11:44 874] tts        657  TTS_MSG_GETAUDIO  0  
[2025/07/10 16:11:44 874] tts        485  get audio|use local  
[2025/07/10 16:11:44 874] tts        527  0  nil  1  
[2025/07/10 16:11:44 875] tts        657  TTS_MSG_GETAUDIO  0  
[2025/07/10 16:11:44 875] tts        485  get audio|use local  
[2025/07/10 16:11:44 875] tts        527  0  nil  1  
[2025/07/10 16:11:44 876] tts        657  TTS_MSG_GETAUDIO  0  
[2025/07/10 16:11:44 876] tts        485  get audio|use local  
[2025/07/10 16:11:44 877] tts        527  0  nil  1  
[2025/07/10 16:11:44 878] tts        657  TTS_MSG_GETAUDIO  0  
[2025/07/10 16:11:44 878] tts        485  get audio|use local  
[2025/07/10 16:11:44 878] tts        527  0  nil  1  
[2025/07/10 16:11:44 879] tts        657  TTS_MSG_GETAUDIO  0  
[2025/07/10 16:11:44 879] tts        485  get audio|use local  
[2025/07/10 16:11:44 880] tts        527  0  nil  1  
[2025/07/10 16:11:44 881] tts        657  TTS_MSG_GETAUDIO  0  
[2025/07/10 16:11:44 881] tts        485  get audio|use local  
[2025/07/10 16:11:44 881] tts        527  0  nil  1  
[2025/07/10 16:11:44 882] tts        657  TTS_MSG_GETAUDIO  0  
[2025/07/10 16:11:44 882] tts        485  get audio|use local  
[2025/07/10 16:11:44 883] tts        527  0  nil  1  
[2025/07/10 16:11:44 883] tts        657  TTS_MSG_GETAUDIO  0  
[2025/07/10 16:11:44 884] tts        485  get audio|use local  
[2025/07/10 16:11:44 884] tts        527  0  nil  1  
[2025/07/10 16:11:44 885] tts        657  TTS_MSG_GETAUDIO  0  
[2025/07/10 16:11:44 885] tts        485  get audio|use local  
[2025/07/10 16:11:44 886] tts        527  0  nil  1  
[2025/07/10 16:11:44 886] tts        657  TTS_MSG_GETAUDIO  0  
[2025/07/10 16:11:44 887] tts        485  get audio|use local  
[2025/07/10 16:11:44 887] tts        527  0  nil  1  
[2025/07/10 16:11:44 888] tts        657  TTS_MSG_GETAUDIO  0  
[2025/07/10 16:11:44 888] tts        485  get audio|use local  
[2025/07/10 16:11:44 888] tts        527  0  nil  1  
[2025/07/10 16:11:44 889] tts        657  TTS_MSG_GETAUDIO  0  
[2025/07/10 16:11:44 890] tts        485  get audio|use local  
[2025/07/10 16:11:44 890] tts        527  0  nil  1  
[2025/07/10 16:11:44 891] tts        657  TTS_MSG_GETAUDIO  0  
[2025/07/10 16:11:44 891] tts        485  get audio|use local  
[2025/07/10 16:11:44 891] tts        527  0  nil  1  
[2025/07/10 16:11:44 892] tts        657  TTS_MSG_GETAUDIO  0  
[2025/07/10 16:11:44 892] tts        485  get audio|use local  
[2025/07/10 16:11:44 892] tts        527  0  nil  1  
[2025/07/10 16:11:44 893] tts        657  TTS_MSG_GETAUDIO  0  
[2025/07/10 16:11:44 893] tts        485  get audio|use local  
[2025/07/10 16:11:44 893] tts        527  0  nil  1  
[2025/07/10 16:11:44 894] tts        657  TTS_MSG_GETAUDIO  0  
[2025/07/10 16:11:44 894] tts        485  get audio|use local  
[2025/07/10 16:11:44 894] tts        527  0  nil  1  
[2025/07/10 16:11:44 895] tts        657  TTS_MSG_GETAUDIO  0  
[2025/07/10 16:11:44 895] tts        485  get audio|use local  
[2025/07/10 16:11:44 895] tts        527  0  nil  1  
[2025/07/10 16:11:44 895] tts        657  TTS_MSG_GETAUDIO  0  
[2025/07/10 16:11:44 896] tts        485  get audio|use local  
[2025/07/10 16:11:44 896] tts        527  0  nil  1  
[2025/07/10 16:11:44 897] tts        657  TTS_MSG_GETAUDIO  0  
[2025/07/10 16:11:44 897] tts        485  get audio|use local  
[2025/07/10 16:11:44 897] tts        527  0  nil  1  
[2025/07/10 16:11:44 898] tts        657  TTS_MSG_GETAUDIO  0  
[2025/07/10 16:11:44 898] tts        485  get audio|use local  
[2025/07/10 16:11:44 898] tts        527  0  nil  1  
[2025/07/10 16:11:44 899] tts        657  TTS_MSG_GETAUDIO  0  
[2025/07/10 16:11:44 899] tts        485  get audio|use local  
[2025/07/10 16:11:44 900] tts        527  0  nil  1  
[2025/07/10 16:11:44 901] tts        657  TTS_MSG_GETAUDIO  0  
[2025/07/10 16:11:44 901] tts        485  get audio|use local  
[2025/07/10 16:11:44 901] tts        527  0  nil  1  
[2025/07/10 16:11:44 902] tts        657  TTS_MSG_GETAUDIO  0  
[2025/07/10 16:11:44 902] tts        485  get audio|use local  
[2025/07/10 16:11:44 902] tts        527  0  nil  1  
[2025/07/10 16:11:44 903] tts        657  TTS_MSG_GETAUDIO  0  
[2025/07/10 16:11:44 903] tts        485  get audio|use local  
[2025/07/10 16:11:44 903] tts        527  0  nil  1  
[2025/07/10 16:11:44 904] tts        657  TTS_MSG_GETAUDIO  0  
[2025/07/10 16:11:44 904] tts        485  get audio|use local  
[2025/07/10 16:11:44 904] tts        527  0  nil  1  
[2025/07/10 16:11:44 906] tts        657  TTS_MSG_GETAUDIO  0  
[2025/07/10 16:11:44 906] tts        485  get audio|use local  
[2025/07/10 16:11:44 906] tts        527  0  nil  1  
[2025/07/10 16:11:44 907] tts        657  TTS_MSG_GETAUDIO  0  
[2025/07/10 16:11:44 907] tts        485  get audio|use local  
[2025/07/10 16:11:44 907] tts        527  0  nil  1  
[2025/07/10 16:11:44 908] tts        657  TTS_MSG_GETAUDIO  0  
[2025/07/10 16:11:44 908] tts        485  get audio|use local  
[2025/07/10 16:11:44 908] tts        527  0  nil  1  
[2025/07/10 16:11:44 909] tts        657  TTS_MSG_GETAUDIO  0  
[2025/07/10 16:11:44 909] tts        485  get audio|use local  
[2025/07/10 16:11:44 910] tts        527  0  nil  1  
[2025/07/10 16:11:44 910] tts        657  TTS_MSG_GETAUDIO  0  
[2025/07/10 16:11:44 911] tts        485  get audio|use local  
[2025/07/10 16:11:44 911] tts        527  0  nil  1  
[2025/07/10 16:11:44 912] tts        657  TTS_MSG_GETAUDIO  0  
[2025/07/10 16:11:44 912] tts        485  get audio|use local  
[2025/07/10 16:11:44 912] tts        527  0  nil  1  
[2025/07/10 16:11:44 913] tts        657  TTS_MSG_GETAUDIO  0  
[2025/07/10 16:11:44 913] tts        485  get audio|use local  
[2025/07/10 16:11:44 913] tts        527  0  nil  1  
[2025/07/10 16:11:44 915] tts        657  TTS_MSG_GETAUDIO  0  
[2025/07/10 16:11:44 915] tts        485  get audio|use local  
[2025/07/10 16:11:44 916] tts        527  0  nil  1  
[2025/07/10 16:11:44 917] tts        657  TTS_MSG_GETAUDIO  0  
[2025/07/10 16:11:44 917] tts        485  get audio|use local  
[2025/07/10 16:11:44 917] tts        527  0  nil  1  
[2025/07/10 16:11:44 918] tts        657  TTS_MSG_GETAUDIO  0  
[2025/07/10 16:11:44 918] tts        485  get audio|use local  
[2025/07/10 16:11:44 918] tts        527  0  nil  1  
[2025/07/10 16:11:44 919] tts        657  TTS_MSG_GETAUDIO  0  
[2025/07/10 16:11:44 919] tts        485  get audio|use local  
[2025/07/10 16:11:44 919] tts        527  0  nil  1  
[2025/07/10 16:11:44 920] tts        657  TTS_MSG_GETAUDIO  0  
[2025/07/10 16:11:44 920] tts        485  get audio|use local  
[2025/07/10 16:11:44 920] tts        527  0  nil  1  
[2025/07/10 16:11:44 921] tts        657  TTS_MSG_GETAUDIO  0  
[2025/07/10 16:11:44 921] tts        485  get audio|use local  
[2025/07/10 16:11:44 921] tts        527  0  nil  1  
[2025/07/10 16:11:44 922] tts        657  TTS_MSG_GETAUDIO  0  
[2025/07/10 16:11:44 922] tts        485  get audio|use local  
[2025/07/10 16:11:44 922] tts        527  0  nil  1  
[2025/07/10 16:11:44 923] tts        657  TTS_MSG_GETAUDIO  0  
[2025/07/10 16:11:44 923] tts        485  get audio|use local  
[2025/07/10 16:11:44 923] tts        527  0  nil  1  
[2025/07/10 16:11:44 924] tts        657  TTS_MSG_GETAUDIO  0  
[2025/07/10 16:11:44 924] tts        485  get audio|use local  
[2025/07/10 16:11:44 924] tts        527  0  nil  1  
[2025/07/10 16:11:44 925] tts        657  TTS_MSG_GETAUDIO  0  
[2025/07/10 16:11:44 925] tts        485  get audio|use local  
[2025/07/10 16:11:44 925] tts        527  0  nil  1  
[2025/07/10 16:11:44 926] tts        657  TTS_MSG_GETAUDIO  0  
[2025/07/10 16:11:44 926] tts        485  get audio|use local  
[2025/07/10 16:11:44 926] tts        527  0  nil  1  
[2025/07/10 16:11:44 928] tts        657  TTS_MSG_GETAUDIO  0  
[2025/07/10 16:11:44 928] tts        485  get audio|use local  
[2025/07/10 16:11:44 928] tts        527  0  nil  1  
[2025/07/10 16:11:44 930] tts        657  TTS_MSG_GETAUDIO  0  
[2025/07/10 16:11:44 931] tts        485  get audio|use local  
[2025/07/10 16:11:44 931] tts        527  0  nil  1  
[2025/07/10 16:11:44 932] tts        657  TTS_MSG_GETAUDIO  0  
[2025/07/10 16:11:44 932] tts        485  get audio|use local  
[2025/07/10 16:11:44 933] tts        527  0  nil  1  
[2025/07/10 16:11:44 934] tts        657  TTS_MSG_GETAUDIO  0  
[2025/07/10 16:11:44 934] tts        485  get audio|use local  
[2025/07/10 16:11:44 934] tts        527  0  nil  1  
[2025/07/10 16:11:44 936] tts        657  TTS_MSG_GETAUDIO  0  
[2025/07/10 16:11:44 936] tts        485  get audio|use local  
[2025/07/10 16:11:44 936] tts        527  0  nil  1  
[2025/07/10 16:11:44 938] tts        657  TTS_MSG_GETAUDIO  0  
[2025/07/10 16:11:44 938] tts        485  get audio|use local  
[2025/07/10 16:11:44 938] tts        527  0  nil  1  
[2025/07/10 16:11:44 939] tts        657  TTS_MSG_GETAUDIO  0  
[2025/07/10 16:11:44 940] tts        485  get audio|use local  
[2025/07/10 16:11:44 944] tts        527  0  nil  1  
[2025/07/10 16:11:44 945] tts        657  TTS_MSG_GETAUDIO  0  
[2025/07/10 16:11:44 945] tts        485  get audio|use local  
[2025/07/10 16:11:44 945] tts        527  0  nil  1  
[2025/07/10 16:11:44 949] tts        657  TTS_MSG_GETAUDIO  0  
[2025/07/10 16:11:44 949] tts        485  get audio|use local  
[2025/07/10 16:11:44 949] tts        527  0  nil  1  
[2025/07/10 16:11:44 950] tts        657  TTS_MSG_GETAUDIO  0  
[2025/07/10 16:11:44 950] tts        485  get audio|use local  
[2025/07/10 16:11:44 950] tts        527  0  nil  1  
[2025/07/10 16:11:44 951] tts        657  TTS_MSG_GETAUDIO  0  
[2025/07/10 16:11:44 952] tts        485  get audio|use local  
[2025/07/10 16:11:44 952] tts        527  0  nil  1  
[2025/07/10 16:11:44 952] tts        657  TTS_MSG_GETAUDIO  0  
[2025/07/10 16:11:44 952] tts        485  get audio|use local  
[2025/07/10 16:11:44 953] tts        527  0  nil  1  
[2025/07/10 16:11:44 954] tts        657  TTS_MSG_GETAUDIO  0  
[2025/07/10 16:11:44 955] tts        485  get audio|use local  
[2025/07/10 16:11:44 955] tts        527  0  nil  1  
[2025/07/10 16:11:44 956] tts        657  TTS_MSG_GETAUDIO  0  
[2025/07/10 16:11:44 956] tts        485  get audio|use local  
[2025/07/10 16:11:44 957] tts        527  0  nil  1  
[2025/07/10 16:11:44 958] tts        657  TTS_MSG_GETAUDIO  0  
[2025/07/10 16:11:44 958] tts        485  get audio|use local  
[2025/07/10 16:11:44 958] tts        527  0  nil  1  
[2025/07/10 16:11:44 959] tts        657  TTS_MSG_GETAUDIO  0  
[2025/07/10 16:11:44 959] tts        485  get audio|use local  
[2025/07/10 16:11:44 959] tts        527  0  nil  1  
[2025/07/10 16:11:44 959] tts        657  TTS_MSG_GETAUDIO  0  
[2025/07/10 16:11:44 959] tts        485  get audio|use local  
[2025/07/10 16:11:44 960] tts        527  0  nil  1  
[2025/07/10 16:11:44 960] tts        657  TTS_MSG_GETAUDIO  0  
[2025/07/10 16:11:44 960] tts        485  get audio|use local  
[2025/07/10 16:11:44 960] tts        527  0  nil  1  
[2025/07/10 16:11:44 961] tts        657  TTS_MSG_GETAUDIO  0  
[2025/07/10 16:11:44 961] tts        485  get audio|use local  
[2025/07/10 16:11:44 962] tts        527  0  nil  1  
[2025/07/10 16:11:44 963] tts        657  TTS_MSG_GETAUDIO  0  
[2025/07/10 16:11:44 963] tts        485  get audio|use local  
[2025/07/10 16:11:44 963] tts        527  0  nil  1  
[2025/07/10 16:11:44 964] tts        657  TTS_MSG_GETAUDIO  0  
[2025/07/10 16:11:44 964] tts        485  get audio|use local  
[2025/07/10 16:11:44 964] tts        527  0  nil  1  
[2025/07/10 16:11:44 965] tts        657  TTS_MSG_GETAUDIO  0  
[2025/07/10 16:11:44 965] tts        485  get audio|use local  
[2025/07/10 16:11:44 965] tts        527  0  nil  1  
[2025/07/10 16:11:44 966] tts        657  TTS_MSG_GETAUDIO  0  
[2025/07/10 16:11:44 966] tts        485  get audio|use local  
[2025/07/10 16:11:44 967] tts        527  0  nil  1  
[2025/07/10 16:11:44 968] tts        657  TTS_MSG_GETAUDIO  0  
[2025/07/10 16:11:44 968] tts        485  get audio|use local  
[2025/07/10 16:11:44 968] tts        527  0  nil  1  
[2025/07/10 16:11:44 969] tts        657  TTS_MSG_GETAUDIO  0  
[2025/07/10 16:11:44 969] tts        485  get audio|use local  
[2025/07/10 16:11:44 969] tts        527  0  nil  1  
[2025/07/10 16:11:44 970] tts        657  TTS_MSG_GETAUDIO  0  
[2025/07/10 16:11:44 970] tts        485  get audio|use local  
[2025/07/10 16:11:44 970] tts        527  0  nil  1  
[2025/07/10 16:11:44 971] tts        657  TTS_MSG_GETAUDIO  0  
[2025/07/10 16:11:44 972] tts        485  get audio|use local  
[2025/07/10 16:11:44 972] tts        527  0  nil  1  
[2025/07/10 16:11:44 974] tts        299  TTS_LOCAL_CB_BEGIN  
[2025/07/10 16:11:44 975] tts        657  TTS_MSG_GETAUDIO  0  
[2025/07/10 16:11:44 975] tts        485  get audio|use local  
[2025/07/10 16:11:44 975] tts        498  local audiolen:  2042  ,ced:  16  
[2025/07/10 16:11:44 984] tts        527  0  udata(880880c8) 1  
[2025/07/10 16:11:44 992] tts        657  TTS_MSG_GETAUDIO  0  
[2025/07/10 16:11:44 992] tts        485  get audio|use local  
[2025/07/10 16:11:44 993] tts        498  local audiolen:  2016  ,ced:  16  
[2025/07/10 16:11:44 993] tts        527  0  udata(8807f488) 1  
[2025/07/10 16:11:44 995] tts        657  TTS_MSG_GETAUDIO  0  
[2025/07/10 16:11:44 995] tts        485  get audio|use local  
[2025/07/10 16:11:44 995] tts        498  local audiolen:  1970  ,ced:  16  
[2025/07/10 16:11:44 996] tts        527  0  udata(8807f5d8) 1  
[2025/07/10 16:11:44 996] tts        657  TTS_MSG_GETAUDIO  0  
[2025/07/10 16:11:44 996] tts        485  get audio|use local  
[2025/07/10 16:11:44 997] tts        498  local audiolen:  1900  ,ced:  16  
[2025/07/10 16:11:44 997] tts        527  0  udata(8807f628) 1  
[2025/07/10 16:11:44 997] tts        657  TTS_MSG_GETAUDIO  0  
[2025/07/10 16:11:44 999] tts        485  get audio|use local  
[2025/07/10 16:11:44 999] tts        498  local audiolen:  1972  ,ced:  16  
[2025/07/10 16:11:45 000] tts        527  0  udata(8807cd68) 1  
[2025/07/10 16:11:45 002] tts        657  TTS_MSG_GETAUDIO  0  
[2025/07/10 16:11:45 002] tts        485  get audio|use local  
[2025/07/10 16:11:45 002] tts        498  local audiolen:  1982  ,ced:  16  
[2025/07/10 16:11:45 002] tts        527  0  udata(8806abc8) 1  
[2025/07/10 16:11:45 004] tts        657  TTS_MSG_GETAUDIO  0  
[2025/07/10 16:11:45 004] tts        485  get audio|use local  
[2025/07/10 16:11:45 004] tts        498  local audiolen:  2046  ,ced:  16  
[2025/07/10 16:11:45 004] tts        527  0  udata(8807ceb8) 1  
[2025/07/10 16:11:45 005] tts        657  TTS_MSG_GETAUDIO  0  
[2025/07/10 16:11:45 006] tts        485  get audio|use local  
[2025/07/10 16:11:45 006] tts        498  local audiolen:  1970  ,ced:  16  
[2025/07/10 16:11:45 006] tts        527  0  udata(8807d008) 1  
[2025/07/10 16:11:45 009] tts        657  TTS_MSG_GETAUDIO  0  
[2025/07/10 16:11:45 009] tts        485  get audio|use local  
[2025/07/10 16:11:45 010] tts        498  local audiolen:  1932  ,ced:  16  
[2025/07/10 16:11:45 011] tts        527  0  udata(88088058) 1  
[2025/07/10 16:11:45 014] tts        657  TTS_MSG_GETAUDIO  0  
[2025/07/10 16:11:45 014] tts        485  get audio|use local  
[2025/07/10 16:11:45 015] tts        498  local audiolen:  1996  ,ced:  16  
[2025/07/10 16:11:45 015] tts        527  0  udata(8807d158) 1  
[2025/07/10 16:11:45 018] tts        657  TTS_MSG_GETAUDIO  0  
[2025/07/10 16:11:45 018] tts        485  get audio|use local  
[2025/07/10 16:11:45 020] tts        498  local audiolen:  2008  ,ced:  16  
[2025/07/10 16:11:45 021] tts        527  0  udata(8807d1a8) 1  
[2025/07/10 16:11:45 022] tts        301  0  0  
[2025/07/10 16:11:45 023] tts        312  TTS_LOCAL_CB_END,  2  
[2025/07/10 16:11:45 023] tts        657  TTS_MSG_GETAUDIO  0  
[2025/07/10 16:11:45 023] tts        485  get audio|use local  
[2025/07/10 16:11:45 023] tts        498  local audiolen:  1934  ,ced:  16  
[2025/07/10 16:11:45 024] tts        527  0  udata(8807d498) 1  
[2025/07/10 16:11:45 025] tts        657  TTS_MSG_GETAUDIO  0  
[2025/07/10 16:11:45 025] tts        485  get audio|use local  
[2025/07/10 16:11:45 026] tts        498  local audiolen:  1992  ,ced:  16  
[2025/07/10 16:11:45 026] tts        527  0  udata(8807d4e8) 1  
[2025/07/10 16:11:45 027] tts        657  TTS_MSG_GETAUDIO  0  
[2025/07/10 16:11:45 027] tts        485  get audio|use local  
[2025/07/10 16:11:45 027] tts        498  local audiolen:  2016  ,ced:  16  
[2025/07/10 16:11:45 028] tts        527  0  udata(8807d538) 1  
[2025/07/10 16:11:45 042] tts        657  TTS_MSG_GETAUDIO  0  
[2025/07/10 16:11:45 055] tts        485  get audio|use local  
[2025/07/10 16:11:45 058] tts        498  local audiolen:  1942  ,ced:  16  
[2025/07/10 16:11:45 059] tts        527  0  udata(8807d588) 1  
[2025/07/10 16:11:45 060] tts        657  TTS_MSG_GETAUDIO  0  
[2025/07/10 16:11:45 060] tts        485  get audio|use local  
[2025/07/10 16:11:45 061] tts        498  local audiolen:  2046  ,ced:  16  
[2025/07/10 16:11:45 061] tts        527  0  udata(8807d5d8) 1  
[2025/07/10 16:11:45 062] tts        657  TTS_MSG_GETAUDIO  0  
[2025/07/10 16:11:45 062] tts        485  get audio|use local  
[2025/07/10 16:11:45 062] tts        498  local audiolen:  1974  ,ced:  16  
[2025/07/10 16:11:45 062] tts        527  0  udata(8807d628) 1  
[2025/07/10 16:11:45 070] tts        657  TTS_MSG_GETAUDIO  0  
[2025/07/10 16:11:45 070] tts        485  get audio|use local  
[2025/07/10 16:11:45 070] tts        498  local audiolen:  2000  ,ced:  16  
[2025/07/10 16:11:45 070] tts        527  0  udata(8807d678) 1  
[2025/07/10 16:11:45 072] tts        657  TTS_MSG_GETAUDIO  0  
[2025/07/10 16:11:45 072] tts        485  get audio|use local  
[2025/07/10 16:11:45 073] tts        498  local audiolen:  2010  ,ced:  16  
[2025/07/10 16:11:45 073] tts        527  0  udata(8807d6c8) 1  
[2025/07/10 16:11:45 075] tts        657  TTS_MSG_GETAUDIO  0  
[2025/07/10 16:11:45 075] tts        485  get audio|use local  
[2025/07/10 16:11:45 075] tts        498  local audiolen:  1910  ,ced:  16  
[2025/07/10 16:11:45 075] tts        527  0  udata(8807d718) 1  
[2025/07/10 16:11:45 076] tts        657  TTS_MSG_GETAUDIO  0  
[2025/07/10 16:11:45 076] tts        485  get audio|use local  
[2025/07/10 16:11:45 076] tts        498  local audiolen:  1982  ,ced:  16  
[2025/07/10 16:11:45 077] tts        527  0  udata(8807d768) 1  
[2025/07/10 16:11:45 078] tts        657  TTS_MSG_GETAUDIO  0  
[2025/07/10 16:11:45 078] tts        485  get audio|use local  
[2025/07/10 16:11:45 092] tts        498  local audiolen:  1852  ,ced:  16  
[2025/07/10 16:11:45 092] tts        527  0  udata(88088008) 1  
[2025/07/10 16:11:45 093] tts        657  TTS_MSG_GETAUDIO  0  
[2025/07/10 16:11:45 093] tts        485  get audio|use local  
[2025/07/10 16:11:45 093] tts        498  local audiolen:  1974  ,ced:  16  
[2025/07/10 16:11:45 093] tts        527  0  udata(8807d7b8) 1  
[2025/07/10 16:11:45 094] tts        657  TTS_MSG_GETAUDIO  0  
[2025/07/10 16:11:45 094] tts        485  get audio|use local  
[2025/07/10 16:11:45 094] tts        498  local audiolen:  960  ,ced:  16  
[2025/07/10 16:11:45 094] tts        527  0  udata(8807e908) 2  
[2025/07/10 16:11:45 098] tts        660  TTS_MSG_SSE  
[2025/07/10 16:11:45 100] tts        585  sse|use local  
[2025/07/10 16:11:45 107] tts        603  tts exit  
