============================================================
Time  2025/08/10 20:02:03 035 
============================================================
[2025/08/10 20:02:03 035] tts        676  SYS_MSG_REGCB param0 =  msp_status_cb  param1 =  func(60014a30) 
[2025/08/10 20:02:03 038] config     43   use general cloud  
[2025/08/10 20:02:03 046] tts_cloud  1417 SYS_MSG_REGCB_CLOUD param0 =   msp_status_cb  param1 =  func(60014a30) 
[2025/08/10 20:02:03 046] tts        647  TTS_MSG_SSB  
[2025/08/10 20:02:03 046] tts        375  params =  engine_type = local,voice_name=xiaoyan, text_encoding = UTF8, tts_res_path = fo|res/tts/xiaoyan.jet;fo|res/tts/common.jet, sample_rate = 16000, speed = 50, volume = 80, pitch = 50, rdn = 2  
[2025/08/10 20:02:03 047] tts        412  ssb|use local  
[2025/08/10 20:02:03 047] tts        349  local_session_begin  
[2025/08/10 20:02:03 051] tts        654  TTS_MSG_SYN  0  
[2025/08/10 20:02:03 051] tts        451  synth|use local  
[2025/08/10 20:02:03 053] tts        657  TTS_MSG_GETAUDIO  0  
[2025/08/10 20:02:03 053] tts        485  get audio|use local  
[2025/08/10 20:02:03 053] tts        527  0  nil  1  
[2025/08/10 20:02:03 054] tts        657  TTS_MSG_GETAUDIO  0  
[2025/08/10 20:02:03 054] tts        485  get audio|use local  
[2025/08/10 20:02:03 055] tts        527  0  nil  1  
[2025/08/10 20:02:03 055] tts        657  TTS_MSG_GETAUDIO  0  
[2025/08/10 20:02:03 056] tts        485  get audio|use local  
[2025/08/10 20:02:03 056] tts        527  0  nil  1  
[2025/08/10 20:02:03 056] tts        657  TTS_MSG_GETAUDIO  0  
[2025/08/10 20:02:03 056] tts        485  get audio|use local  
[2025/08/10 20:02:03 056] tts        527  0  nil  1  
[2025/08/10 20:02:03 057] tts        657  TTS_MSG_GETAUDIO  0  
[2025/08/10 20:02:03 057] tts        485  get audio|use local  
[2025/08/10 20:02:03 057] tts        527  0  nil  1  
[2025/08/10 20:02:03 058] tts        657  TTS_MSG_GETAUDIO  0  
[2025/08/10 20:02:03 058] tts        485  get audio|use local  
[2025/08/10 20:02:03 058] tts        527  0  nil  1  
[2025/08/10 20:02:03 059] tts        657  TTS_MSG_GETAUDIO  0  
[2025/08/10 20:02:03 059] tts        485  get audio|use local  
[2025/08/10 20:02:03 059] tts        527  0  nil  1  
[2025/08/10 20:02:03 060] tts        657  TTS_MSG_GETAUDIO  0  
[2025/08/10 20:02:03 060] tts        485  get audio|use local  
[2025/08/10 20:02:03 060] tts        527  0  nil  1  
[2025/08/10 20:02:03 060] tts        657  TTS_MSG_GETAUDIO  0  
[2025/08/10 20:02:03 060] tts        485  get audio|use local  
[2025/08/10 20:02:03 061] tts        527  0  nil  1  
[2025/08/10 20:02:03 061] tts        657  TTS_MSG_GETAUDIO  0  
[2025/08/10 20:02:03 061] tts        485  get audio|use local  
[2025/08/10 20:02:03 061] tts        527  0  nil  1  
[2025/08/10 20:02:03 062] tts        657  TTS_MSG_GETAUDIO  0  
[2025/08/10 20:02:03 062] tts        485  get audio|use local  
[2025/08/10 20:02:03 062] tts        527  0  nil  1  
[2025/08/10 20:02:03 064] tts        657  TTS_MSG_GETAUDIO  0  
[2025/08/10 20:02:03 064] tts        485  get audio|use local  
[2025/08/10 20:02:03 064] tts        527  0  nil  1  
[2025/08/10 20:02:03 066] tts        657  TTS_MSG_GETAUDIO  0  
[2025/08/10 20:02:03 066] tts        485  get audio|use local  
[2025/08/10 20:02:03 066] tts        527  0  nil  1  
[2025/08/10 20:02:03 067] tts        657  TTS_MSG_GETAUDIO  0  
[2025/08/10 20:02:03 067] tts        485  get audio|use local  
[2025/08/10 20:02:03 067] tts        527  0  nil  1  
[2025/08/10 20:02:03 068] tts        657  TTS_MSG_GETAUDIO  0  
[2025/08/10 20:02:03 068] tts        485  get audio|use local  
[2025/08/10 20:02:03 068] tts        527  0  nil  1  
[2025/08/10 20:02:03 070] tts        657  TTS_MSG_GETAUDIO  0  
[2025/08/10 20:02:03 070] tts        485  get audio|use local  
[2025/08/10 20:02:03 070] tts        527  0  nil  1  
[2025/08/10 20:02:03 071] tts        657  TTS_MSG_GETAUDIO  0  
[2025/08/10 20:02:03 072] tts        485  get audio|use local  
[2025/08/10 20:02:03 072] tts        527  0  nil  1  
[2025/08/10 20:02:03 072] tts        657  TTS_MSG_GETAUDIO  0  
[2025/08/10 20:02:03 073] tts        485  get audio|use local  
[2025/08/10 20:02:03 073] tts        527  0  nil  1  
[2025/08/10 20:02:03 073] tts        657  TTS_MSG_GETAUDIO  0  
[2025/08/10 20:02:03 073] tts        485  get audio|use local  
[2025/08/10 20:02:03 073] tts        527  0  nil  1  
[2025/08/10 20:02:03 074] tts        657  TTS_MSG_GETAUDIO  0  
[2025/08/10 20:02:03 074] tts        485  get audio|use local  
[2025/08/10 20:02:03 074] tts        527  0  nil  1  
[2025/08/10 20:02:03 075] tts        657  TTS_MSG_GETAUDIO  0  
[2025/08/10 20:02:03 075] tts        485  get audio|use local  
[2025/08/10 20:02:03 076] tts        527  0  nil  1  
[2025/08/10 20:02:03 076] tts        657  TTS_MSG_GETAUDIO  0  
[2025/08/10 20:02:03 076] tts        485  get audio|use local  
[2025/08/10 20:02:03 077] tts        527  0  nil  1  
[2025/08/10 20:02:03 078] tts        657  TTS_MSG_GETAUDIO  0  
[2025/08/10 20:02:03 078] tts        485  get audio|use local  
[2025/08/10 20:02:03 078] tts        527  0  nil  1  
[2025/08/10 20:02:03 079] tts        657  TTS_MSG_GETAUDIO  0  
[2025/08/10 20:02:03 079] tts        485  get audio|use local  
[2025/08/10 20:02:03 079] tts        527  0  nil  1  
[2025/08/10 20:02:03 080] tts        657  TTS_MSG_GETAUDIO  0  
[2025/08/10 20:02:03 080] tts        485  get audio|use local  
[2025/08/10 20:02:03 080] tts        527  0  nil  1  
[2025/08/10 20:02:03 081] tts        657  TTS_MSG_GETAUDIO  0  
[2025/08/10 20:02:03 081] tts        485  get audio|use local  
[2025/08/10 20:02:03 081] tts        527  0  nil  1  
[2025/08/10 20:02:03 082] tts        657  TTS_MSG_GETAUDIO  0  
[2025/08/10 20:02:03 082] tts        485  get audio|use local  
[2025/08/10 20:02:03 082] tts        527  0  nil  1  
[2025/08/10 20:02:03 083] tts        657  TTS_MSG_GETAUDIO  0  
[2025/08/10 20:02:03 083] tts        485  get audio|use local  
[2025/08/10 20:02:03 083] tts        527  0  nil  1  
[2025/08/10 20:02:03 084] tts        657  TTS_MSG_GETAUDIO  0  
[2025/08/10 20:02:03 085] tts        485  get audio|use local  
[2025/08/10 20:02:03 085] tts        527  0  nil  1  
[2025/08/10 20:02:03 086] tts        657  TTS_MSG_GETAUDIO  0  
[2025/08/10 20:02:03 086] tts        485  get audio|use local  
[2025/08/10 20:02:03 086] tts        527  0  nil  1  
[2025/08/10 20:02:03 087] tts        657  TTS_MSG_GETAUDIO  0  
[2025/08/10 20:02:03 087] tts        485  get audio|use local  
[2025/08/10 20:02:03 087] tts        527  0  nil  1  
[2025/08/10 20:02:03 088] tts        657  TTS_MSG_GETAUDIO  0  
[2025/08/10 20:02:03 088] tts        485  get audio|use local  
[2025/08/10 20:02:03 088] tts        527  0  nil  1  
[2025/08/10 20:02:03 089] tts        657  TTS_MSG_GETAUDIO  0  
[2025/08/10 20:02:03 089] tts        485  get audio|use local  
[2025/08/10 20:02:03 089] tts        527  0  nil  1  
[2025/08/10 20:02:03 090] tts        657  TTS_MSG_GETAUDIO  0  
[2025/08/10 20:02:03 090] tts        485  get audio|use local  
[2025/08/10 20:02:03 090] tts        527  0  nil  1  
[2025/08/10 20:02:03 091] tts        657  TTS_MSG_GETAUDIO  0  
[2025/08/10 20:02:03 091] tts        485  get audio|use local  
[2025/08/10 20:02:03 091] tts        527  0  nil  1  
[2025/08/10 20:02:03 092] tts        657  TTS_MSG_GETAUDIO  0  
[2025/08/10 20:02:03 093] tts        485  get audio|use local  
[2025/08/10 20:02:03 093] tts        527  0  nil  1  
[2025/08/10 20:02:03 094] tts        657  TTS_MSG_GETAUDIO  0  
[2025/08/10 20:02:03 094] tts        485  get audio|use local  
[2025/08/10 20:02:03 094] tts        527  0  nil  1  
[2025/08/10 20:02:03 105] tts        657  TTS_MSG_GETAUDIO  0  
[2025/08/10 20:02:03 105] tts        485  get audio|use local  
[2025/08/10 20:02:03 105] tts        527  0  nil  1  
[2025/08/10 20:02:03 107] tts        657  TTS_MSG_GETAUDIO  0  
[2025/08/10 20:02:03 107] tts        485  get audio|use local  
[2025/08/10 20:02:03 107] tts        527  0  nil  1  
[2025/08/10 20:02:03 108] tts        657  TTS_MSG_GETAUDIO  0  
[2025/08/10 20:02:03 108] tts        485  get audio|use local  
[2025/08/10 20:02:03 108] tts        527  0  nil  1  
[2025/08/10 20:02:03 109] tts        657  TTS_MSG_GETAUDIO  0  
[2025/08/10 20:02:03 109] tts        485  get audio|use local  
[2025/08/10 20:02:03 110] tts        527  0  nil  1  
[2025/08/10 20:02:03 111] tts        657  TTS_MSG_GETAUDIO  0  
[2025/08/10 20:02:03 111] tts        485  get audio|use local  
[2025/08/10 20:02:03 111] tts        527  0  nil  1  
[2025/08/10 20:02:03 112] tts        657  TTS_MSG_GETAUDIO  0  
[2025/08/10 20:02:03 112] tts        485  get audio|use local  
[2025/08/10 20:02:03 112] tts        527  0  nil  1  
[2025/08/10 20:02:03 113] tts        657  TTS_MSG_GETAUDIO  0  
[2025/08/10 20:02:03 113] tts        485  get audio|use local  
[2025/08/10 20:02:03 113] tts        527  0  nil  1  
[2025/08/10 20:02:03 115] tts        657  TTS_MSG_GETAUDIO  0  
[2025/08/10 20:02:03 115] tts        485  get audio|use local  
[2025/08/10 20:02:03 115] tts        527  0  nil  1  
[2025/08/10 20:02:03 118] tts        657  TTS_MSG_GETAUDIO  0  
[2025/08/10 20:02:03 118] tts        485  get audio|use local  
[2025/08/10 20:02:03 118] tts        527  0  nil  1  
[2025/08/10 20:02:03 120] tts        657  TTS_MSG_GETAUDIO  0  
[2025/08/10 20:02:03 120] tts        485  get audio|use local  
[2025/08/10 20:02:03 121] tts        527  0  nil  1  
[2025/08/10 20:02:03 122] tts        657  TTS_MSG_GETAUDIO  0  
[2025/08/10 20:02:03 123] tts        485  get audio|use local  
[2025/08/10 20:02:03 123] tts        527  0  nil  1  
[2025/08/10 20:02:03 124] tts        657  TTS_MSG_GETAUDIO  0  
[2025/08/10 20:02:03 125] tts        485  get audio|use local  
[2025/08/10 20:02:03 125] tts        527  0  nil  1  
[2025/08/10 20:02:03 126] tts        657  TTS_MSG_GETAUDIO  0  
[2025/08/10 20:02:03 126] tts        485  get audio|use local  
[2025/08/10 20:02:03 126] tts        527  0  nil  1  
[2025/08/10 20:02:03 126] tts        299  TTS_LOCAL_CB_BEGIN  
[2025/08/10 20:02:03 127] tts        657  TTS_MSG_GETAUDIO  0  
[2025/08/10 20:02:03 127] tts        485  get audio|use local  
[2025/08/10 20:02:03 127] tts        527  0  nil  1  
[2025/08/10 20:02:03 128] tts        657  TTS_MSG_GETAUDIO  0  
[2025/08/10 20:02:03 128] tts        485  get audio|use local  
[2025/08/10 20:02:03 129] tts        527  0  nil  1  
[2025/08/10 20:02:03 130] tts        657  TTS_MSG_GETAUDIO  0  
[2025/08/10 20:02:03 130] tts        485  get audio|use local  
[2025/08/10 20:02:03 130] tts        527  0  nil  1  
[2025/08/10 20:02:03 130] tts        657  TTS_MSG_GETAUDIO  0  
[2025/08/10 20:02:03 131] tts        485  get audio|use local  
[2025/08/10 20:02:03 131] tts        527  0  nil  1  
[2025/08/10 20:02:03 132] tts        657  TTS_MSG_GETAUDIO  0  
[2025/08/10 20:02:03 132] tts        485  get audio|use local  
[2025/08/10 20:02:03 132] tts        527  0  nil  1  
[2025/08/10 20:02:03 133] tts        657  TTS_MSG_GETAUDIO  0  
[2025/08/10 20:02:03 133] tts        485  get audio|use local  
[2025/08/10 20:02:03 133] tts        527  0  nil  1  
[2025/08/10 20:02:03 134] tts        657  TTS_MSG_GETAUDIO  0  
[2025/08/10 20:02:03 134] tts        485  get audio|use local  
[2025/08/10 20:02:03 134] tts        527  0  nil  1  
[2025/08/10 20:02:03 136] tts        657  TTS_MSG_GETAUDIO  0  
[2025/08/10 20:02:03 136] tts        485  get audio|use local  
[2025/08/10 20:02:03 136] tts        498  local audiolen:  2042  ,ced:  31  
[2025/08/10 20:02:03 136] tts        527  0  udata(6007efb8) 1  
[2025/08/10 20:02:03 137] tts        657  TTS_MSG_GETAUDIO  0  
[2025/08/10 20:02:03 137] tts        485  get audio|use local  
[2025/08/10 20:02:03 137] tts        498  local audiolen:  2016  ,ced:  31  
[2025/08/10 20:02:03 137] tts        527  0  udata(6007f1c8) 1  
[2025/08/10 20:02:03 138] tts        657  TTS_MSG_GETAUDIO  0  
[2025/08/10 20:02:03 139] tts        485  get audio|use local  
[2025/08/10 20:02:03 139] tts        527  0  nil  1  
[2025/08/10 20:02:03 140] tts        657  TTS_MSG_GETAUDIO  0  
[2025/08/10 20:02:03 140] tts        485  get audio|use local  
[2025/08/10 20:02:03 141] tts        498  local audiolen:  2018  ,ced:  31  
[2025/08/10 20:02:03 141] tts        527  0  udata(60087b68) 1  
[2025/08/10 20:02:03 143] tts        657  TTS_MSG_GETAUDIO  0  
[2025/08/10 20:02:03 143] tts        485  get audio|use local  
[2025/08/10 20:02:03 143] tts        498  local audiolen:  2018  ,ced:  31  
[2025/08/10 20:02:03 144] tts        527  0  udata(60087e08) 1  
[2025/08/10 20:02:03 145] tts        657  TTS_MSG_GETAUDIO  0  
[2025/08/10 20:02:03 145] tts        485  get audio|use local  
[2025/08/10 20:02:03 146] tts        498  local audiolen:  2034  ,ced:  31  
[2025/08/10 20:02:03 146] tts        527  0  udata(60087cb8) 1  
[2025/08/10 20:02:03 147] tts        657  TTS_MSG_GETAUDIO  0  
[2025/08/10 20:02:03 147] tts        485  get audio|use local  
[2025/08/10 20:02:03 147] tts        498  local audiolen:  2046  ,ced:  31  
[2025/08/10 20:02:03 147] tts        527  0  udata(60087fe8) 1  
[2025/08/10 20:02:03 149] tts        657  TTS_MSG_GETAUDIO  0  
[2025/08/10 20:02:03 149] tts        485  get audio|use local  
[2025/08/10 20:02:03 149] tts        498  local audiolen:  1962  ,ced:  31  
[2025/08/10 20:02:03 149] tts        527  0  udata(60087468) 1  
[2025/08/10 20:02:03 150] tts        657  TTS_MSG_GETAUDIO  0  
[2025/08/10 20:02:03 150] tts        485  get audio|use local  
[2025/08/10 20:02:03 150] tts        498  local audiolen:  2014  ,ced:  31  
[2025/08/10 20:02:03 150] tts        527  0  udata(600874b8) 1  
[2025/08/10 20:02:03 151] tts        657  TTS_MSG_GETAUDIO  0  
[2025/08/10 20:02:03 151] tts        485  get audio|use local  
[2025/08/10 20:02:03 152] tts        498  local audiolen:  2036  ,ced:  31  
[2025/08/10 20:02:03 152] tts        527  0  udata(60087608) 1  
[2025/08/10 20:02:03 154] tts        657  TTS_MSG_GETAUDIO  0  
[2025/08/10 20:02:03 154] tts        485  get audio|use local  
[2025/08/10 20:02:03 154] tts        498  local audiolen:  2028  ,ced:  31  
[2025/08/10 20:02:03 154] tts        527  0  udata(60087968) 1  
[2025/08/10 20:02:03 156] tts        657  TTS_MSG_GETAUDIO  0  
[2025/08/10 20:02:03 156] tts        485  get audio|use local  
[2025/08/10 20:02:03 156] tts        498  local audiolen:  1912  ,ced:  31  
[2025/08/10 20:02:03 156] tts        527  0  udata(60087ab8) 1  
[2025/08/10 20:02:03 158] tts        657  TTS_MSG_GETAUDIO  0  
[2025/08/10 20:02:03 158] tts        485  get audio|use local  
[2025/08/10 20:02:03 158] tts        498  local audiolen:  1938  ,ced:  31  
[2025/08/10 20:02:03 158] tts        527  0  udata(6007e968) 1  
[2025/08/10 20:02:03 160] tts        657  TTS_MSG_GETAUDIO  0  
[2025/08/10 20:02:03 160] tts        485  get audio|use local  
[2025/08/10 20:02:03 161] tts        498  local audiolen:  2036  ,ced:  31  
[2025/08/10 20:02:03 161] tts        527  0  udata(6007eab8) 1  
[2025/08/10 20:02:03 164] tts        657  TTS_MSG_GETAUDIO  0  
[2025/08/10 20:02:03 164] tts        485  get audio|use local  
[2025/08/10 20:02:03 165] tts        498  local audiolen:  2016  ,ced:  31  
[2025/08/10 20:02:03 165] tts        527  0  udata(6007dd08) 1  
[2025/08/10 20:02:03 166] tts        657  TTS_MSG_GETAUDIO  0  
[2025/08/10 20:02:03 167] tts        485  get audio|use local  
[2025/08/10 20:02:03 167] tts        498  local audiolen:  2026  ,ced:  31  
[2025/08/10 20:02:03 167] tts        527  0  udata(6007de58) 1  
[2025/08/10 20:02:03 169] tts        657  TTS_MSG_GETAUDIO  0  
[2025/08/10 20:02:03 169] tts        485  get audio|use local  
[2025/08/10 20:02:03 170] tts        498  local audiolen:  2030  ,ced:  31  
[2025/08/10 20:02:03 170] tts        527  0  udata(6007e0a8) 1  
[2025/08/10 20:02:03 171] tts        657  TTS_MSG_GETAUDIO  0  
[2025/08/10 20:02:03 171] tts        485  get audio|use local  
[2025/08/10 20:02:03 171] tts        498  local audiolen:  1992  ,ced:  31  
[2025/08/10 20:02:03 172] tts        527  0  udata(6007e2b8) 1  
[2025/08/10 20:02:03 173] tts        657  TTS_MSG_GETAUDIO  0  
[2025/08/10 20:02:03 173] tts        485  get audio|use local  
[2025/08/10 20:02:03 173] tts        498  local audiolen:  2034  ,ced:  31  
[2025/08/10 20:02:03 174] tts        527  0  udata(6007e508) 1  
[2025/08/10 20:02:03 175] tts        657  TTS_MSG_GETAUDIO  0  
[2025/08/10 20:02:03 176] tts        485  get audio|use local  
[2025/08/10 20:02:03 176] tts        498  local audiolen:  2024  ,ced:  31  
[2025/08/10 20:02:03 176] tts        527  0  udata(6007e658) 1  
[2025/08/10 20:02:03 178] tts        657  TTS_MSG_GETAUDIO  0  
[2025/08/10 20:02:03 178] tts        485  get audio|use local  
[2025/08/10 20:02:03 178] tts        498  local audiolen:  1954  ,ced:  31  
[2025/08/10 20:02:03 178] tts        527  0  udata(6007d9a8) 1  
[2025/08/10 20:02:03 179] tts        657  TTS_MSG_GETAUDIO  0  
[2025/08/10 20:02:03 179] tts        485  get audio|use local  
[2025/08/10 20:02:03 180] tts        498  local audiolen:  2046  ,ced:  31  
[2025/08/10 20:02:03 180] tts        527  0  udata(6007d1e8) 1  
[2025/08/10 20:02:03 182] tts        657  TTS_MSG_GETAUDIO  0  
[2025/08/10 20:02:03 182] tts        485  get audio|use local  
[2025/08/10 20:02:03 182] tts        498  local audiolen:  1958  ,ced:  31  
[2025/08/10 20:02:03 182] tts        527  0  udata(6007d338) 1  
[2025/08/10 20:02:03 184] tts        657  TTS_MSG_GETAUDIO  0  
[2025/08/10 20:02:03 184] tts        485  get audio|use local  
[2025/08/10 20:02:03 184] tts        498  local audiolen:  1998  ,ced:  31  
[2025/08/10 20:02:03 185] tts        527  0  udata(6007d588) 1  
[2025/08/10 20:02:03 187] tts        657  TTS_MSG_GETAUDIO  0  
[2025/08/10 20:02:03 187] tts        485  get audio|use local  
[2025/08/10 20:02:03 187] tts        498  local audiolen:  2016  ,ced:  31  
[2025/08/10 20:02:03 187] tts        527  0  udata(6007d7d8) 1  
[2025/08/10 20:02:03 189] tts        657  TTS_MSG_GETAUDIO  0  
[2025/08/10 20:02:03 189] tts        485  get audio|use local  
[2025/08/10 20:02:03 189] tts        498  local audiolen:  1984  ,ced:  31  
[2025/08/10 20:02:03 189] tts        527  0  udata(6007d928) 1  
[2025/08/10 20:02:03 191] tts        657  TTS_MSG_GETAUDIO  0  
[2025/08/10 20:02:03 191] tts        485  get audio|use local  
[2025/08/10 20:02:03 191] tts        498  local audiolen:  1946  ,ced:  31  
[2025/08/10 20:02:03 191] tts        527  0  udata(60022518) 1  
[2025/08/10 20:02:03 195] tts        657  TTS_MSG_GETAUDIO  0  
[2025/08/10 20:02:03 195] tts        485  get audio|use local  
[2025/08/10 20:02:03 195] tts        498  local audiolen:  2002  ,ced:  31  
[2025/08/10 20:02:03 195] tts        527  0  udata(60022828) 1  
[2025/08/10 20:02:03 196] tts        657  TTS_MSG_GETAUDIO  0  
[2025/08/10 20:02:03 196] tts        485  get audio|use local  
[2025/08/10 20:02:03 196] tts        498  local audiolen:  1994  ,ced:  31  
[2025/08/10 20:02:03 196] tts        527  0  udata(60022978) 1  
[2025/08/10 20:02:03 198] tts        657  TTS_MSG_GETAUDIO  0  
[2025/08/10 20:02:03 198] tts        485  get audio|use local  
[2025/08/10 20:02:03 198] tts        498  local audiolen:  2028  ,ced:  31  
[2025/08/10 20:02:03 198] tts        527  0  udata(60022ac8) 1  
[2025/08/10 20:02:03 199] tts        657  TTS_MSG_GETAUDIO  0  
[2025/08/10 20:02:03 199] tts        485  get audio|use local  
[2025/08/10 20:02:03 200] tts        498  local audiolen:  2042  ,ced:  31  
[2025/08/10 20:02:03 200] tts        527  0  udata(60022c18) 1  
[2025/08/10 20:02:03 202] tts        301  0  0  
[2025/08/10 20:02:03 202] tts        312  TTS_LOCAL_CB_END,  2  
[2025/08/10 20:02:03 202] tts        657  TTS_MSG_GETAUDIO  0  
[2025/08/10 20:02:03 202] tts        485  get audio|use local  
[2025/08/10 20:02:03 203] tts        498  local audiolen:  2018  ,ced:  31  
[2025/08/10 20:02:03 203] tts        527  0  udata(60022eb8) 1  
[2025/08/10 20:02:03 203] tts        657  TTS_MSG_GETAUDIO  0  
[2025/08/10 20:02:03 203] tts        485  get audio|use local  
[2025/08/10 20:02:03 203] tts        498  local audiolen:  1950  ,ced:  31  
[2025/08/10 20:02:03 204] tts        527  0  udata(60023838) 1  
[2025/08/10 20:02:03 204] tts        657  TTS_MSG_GETAUDIO  0  
[2025/08/10 20:02:03 204] tts        485  get audio|use local  
[2025/08/10 20:02:03 204] tts        498  local audiolen:  2028  ,ced:  31  
[2025/08/10 20:02:03 205] tts        527  0  udata(60022f08) 1  
[2025/08/10 20:02:03 205] tts        657  TTS_MSG_GETAUDIO  0  
[2025/08/10 20:02:03 205] tts        485  get audio|use local  
[2025/08/10 20:02:03 205] tts        498  local audiolen:  1944  ,ced:  31  
[2025/08/10 20:02:03 205] tts        527  0  udata(60022f58) 1  
[2025/08/10 20:02:03 206] tts        657  TTS_MSG_GETAUDIO  0  
[2025/08/10 20:02:03 206] tts        485  get audio|use local  
[2025/08/10 20:02:03 206] tts        498  local audiolen:  2044  ,ced:  31  
[2025/08/10 20:02:03 206] tts        527  0  udata(60023088) 1  
[2025/08/10 20:02:03 207] tts        657  TTS_MSG_GETAUDIO  0  
[2025/08/10 20:02:03 207] tts        485  get audio|use local  
[2025/08/10 20:02:03 207] tts        498  local audiolen:  1996  ,ced:  31  
[2025/08/10 20:02:03 207] tts        527  0  udata(600230d8) 1  
[2025/08/10 20:02:03 208] tts        657  TTS_MSG_GETAUDIO  0  
[2025/08/10 20:02:03 208] tts        485  get audio|use local  
[2025/08/10 20:02:03 208] tts        498  local audiolen:  1914  ,ced:  31  
[2025/08/10 20:02:03 208] tts        527  0  udata(60023128) 1  
[2025/08/10 20:02:03 209] tts        657  TTS_MSG_GETAUDIO  0  
[2025/08/10 20:02:03 209] tts        485  get audio|use local  
[2025/08/10 20:02:03 209] tts        498  local audiolen:  1916  ,ced:  31  
[2025/08/10 20:02:03 209] tts        527  0  udata(60023178) 1  
[2025/08/10 20:02:03 210] tts        657  TTS_MSG_GETAUDIO  0  
[2025/08/10 20:02:03 210] tts        485  get audio|use local  
[2025/08/10 20:02:03 210] tts        498  local audiolen:  1964  ,ced:  31  
[2025/08/10 20:02:03 210] tts        527  0  udata(600231c8) 1  
[2025/08/10 20:02:03 211] tts        657  TTS_MSG_GETAUDIO  0  
[2025/08/10 20:02:03 211] tts        485  get audio|use local  
[2025/08/10 20:02:03 211] tts        498  local audiolen:  1996  ,ced:  31  
[2025/08/10 20:02:03 212] tts        527  0  udata(60023218) 1  
[2025/08/10 20:02:03 212] tts        657  TTS_MSG_GETAUDIO  0  
[2025/08/10 20:02:03 212] tts        485  get audio|use local  
[2025/08/10 20:02:03 212] tts        498  local audiolen:  2016  ,ced:  31  
[2025/08/10 20:02:03 213] tts        527  0  udata(60023268) 1  
[2025/08/10 20:02:03 213] tts        657  TTS_MSG_GETAUDIO  0  
[2025/08/10 20:02:03 213] tts        485  get audio|use local  
[2025/08/10 20:02:03 213] tts        498  local audiolen:  2016  ,ced:  31  
[2025/08/10 20:02:03 214] tts        527  0  udata(600232b8) 1  
[2025/08/10 20:02:03 214] tts        657  TTS_MSG_GETAUDIO  0  
[2025/08/10 20:02:03 214] tts        485  get audio|use local  
[2025/08/10 20:02:03 214] tts        498  local audiolen:  576  ,ced:  31  
[2025/08/10 20:02:03 215] tts        527  0  udata(60023558) 2  
[2025/08/10 20:02:03 216] tts        660  TTS_MSG_SSE  
[2025/08/10 20:02:03 218] tts        585  sse|use local  
[2025/08/10 20:02:03 221] tts        603  tts exit  
