============================================================
Time  2025/08/10 19:56:23 106 
============================================================
[2025/08/10 19:56:23 107] tts        676  SYS_MSG_REGCB param0 =  msp_status_cb  param1 =  func(84014a30) 
[2025/08/10 19:56:23 109] config     43   use general cloud  
[2025/08/10 19:56:23 114] tts_cloud  1417 SYS_MSG_REGCB_CLOUD param0 =   msp_status_cb  param1 =  func(84014a30) 
[2025/08/10 19:56:23 114] tts        647  TTS_MSG_SSB  
[2025/08/10 19:56:23 114] tts        375  params =  engine_type = local,voice_name=xiaoyan, text_encoding = UTF8, tts_res_path = fo|res/tts/xiaoyan.jet;fo|res/tts/common.jet, sample_rate = 16000, speed = 50, volume = 80, pitch = 50, rdn = 2  
[2025/08/10 19:56:23 114] tts        412  ssb|use local  
[2025/08/10 19:56:23 114] tts        349  local_session_begin  
[2025/08/10 19:56:23 118] tts        654  TTS_MSG_SYN  0  
[2025/08/10 19:56:23 119] tts        451  synth|use local  
[2025/08/10 19:56:23 120] tts        657  TTS_MSG_GETAUDIO  0  
[2025/08/10 19:56:23 120] tts        485  get audio|use local  
[2025/08/10 19:56:23 120] tts        527  0  nil  1  
[2025/08/10 19:56:23 121] tts        657  TTS_MSG_GETAUDIO  0  
[2025/08/10 19:56:23 121] tts        485  get audio|use local  
[2025/08/10 19:56:23 121] tts        527  0  nil  1  
[2025/08/10 19:56:23 122] tts        657  TTS_MSG_GETAUDIO  0  
[2025/08/10 19:56:23 122] tts        485  get audio|use local  
[2025/08/10 19:56:23 122] tts        527  0  nil  1  
[2025/08/10 19:56:23 123] tts        657  TTS_MSG_GETAUDIO  0  
[2025/08/10 19:56:23 123] tts        485  get audio|use local  
[2025/08/10 19:56:23 123] tts        527  0  nil  1  
[2025/08/10 19:56:23 124] tts        657  TTS_MSG_GETAUDIO  0  
[2025/08/10 19:56:23 124] tts        485  get audio|use local  
[2025/08/10 19:56:23 124] tts        527  0  nil  1  
[2025/08/10 19:56:23 125] tts        657  TTS_MSG_GETAUDIO  0  
[2025/08/10 19:56:23 125] tts        485  get audio|use local  
[2025/08/10 19:56:23 125] tts        527  0  nil  1  
[2025/08/10 19:56:23 125] tts        657  TTS_MSG_GETAUDIO  0  
[2025/08/10 19:56:23 125] tts        485  get audio|use local  
[2025/08/10 19:56:23 126] tts        527  0  nil  1  
[2025/08/10 19:56:23 126] tts        657  TTS_MSG_GETAUDIO  0  
[2025/08/10 19:56:23 126] tts        485  get audio|use local  
[2025/08/10 19:56:23 126] tts        527  0  nil  1  
[2025/08/10 19:56:23 127] tts        657  TTS_MSG_GETAUDIO  0  
[2025/08/10 19:56:23 128] tts        485  get audio|use local  
[2025/08/10 19:56:23 128] tts        527  0  nil  1  
[2025/08/10 19:56:23 129] tts        657  TTS_MSG_GETAUDIO  0  
[2025/08/10 19:56:23 129] tts        485  get audio|use local  
[2025/08/10 19:56:23 129] tts        527  0  nil  1  
[2025/08/10 19:56:23 130] tts        657  TTS_MSG_GETAUDIO  0  
[2025/08/10 19:56:23 130] tts        485  get audio|use local  
[2025/08/10 19:56:23 130] tts        527  0  nil  1  
[2025/08/10 19:56:23 131] tts        657  TTS_MSG_GETAUDIO  0  
[2025/08/10 19:56:23 131] tts        485  get audio|use local  
[2025/08/10 19:56:23 131] tts        527  0  nil  1  
[2025/08/10 19:56:23 132] tts        657  TTS_MSG_GETAUDIO  0  
[2025/08/10 19:56:23 132] tts        485  get audio|use local  
[2025/08/10 19:56:23 132] tts        527  0  nil  1  
[2025/08/10 19:56:23 133] tts        657  TTS_MSG_GETAUDIO  0  
[2025/08/10 19:56:23 133] tts        485  get audio|use local  
[2025/08/10 19:56:23 133] tts        527  0  nil  1  
[2025/08/10 19:56:23 134] tts        657  TTS_MSG_GETAUDIO  0  
[2025/08/10 19:56:23 134] tts        485  get audio|use local  
[2025/08/10 19:56:23 134] tts        527  0  nil  1  
[2025/08/10 19:56:23 135] tts        657  TTS_MSG_GETAUDIO  0  
[2025/08/10 19:56:23 135] tts        485  get audio|use local  
[2025/08/10 19:56:23 135] tts        527  0  nil  1  
[2025/08/10 19:56:23 136] tts        657  TTS_MSG_GETAUDIO  0  
[2025/08/10 19:56:23 136] tts        485  get audio|use local  
[2025/08/10 19:56:23 136] tts        527  0  nil  1  
[2025/08/10 19:56:23 137] tts        657  TTS_MSG_GETAUDIO  0  
[2025/08/10 19:56:23 137] tts        485  get audio|use local  
[2025/08/10 19:56:23 137] tts        527  0  nil  1  
[2025/08/10 19:56:23 138] tts        657  TTS_MSG_GETAUDIO  0  
[2025/08/10 19:56:23 138] tts        485  get audio|use local  
[2025/08/10 19:56:23 138] tts        527  0  nil  1  
[2025/08/10 19:56:23 139] tts        657  TTS_MSG_GETAUDIO  0  
[2025/08/10 19:56:23 139] tts        485  get audio|use local  
[2025/08/10 19:56:23 139] tts        527  0  nil  1  
[2025/08/10 19:56:23 139] tts        657  TTS_MSG_GETAUDIO  0  
[2025/08/10 19:56:23 139] tts        485  get audio|use local  
[2025/08/10 19:56:23 139] tts        527  0  nil  1  
[2025/08/10 19:56:23 140] tts        657  TTS_MSG_GETAUDIO  0  
[2025/08/10 19:56:23 140] tts        485  get audio|use local  
[2025/08/10 19:56:23 140] tts        527  0  nil  1  
[2025/08/10 19:56:23 141] tts        657  TTS_MSG_GETAUDIO  0  
[2025/08/10 19:56:23 142] tts        485  get audio|use local  
[2025/08/10 19:56:23 142] tts        527  0  nil  1  
[2025/08/10 19:56:23 143] tts        657  TTS_MSG_GETAUDIO  0  
[2025/08/10 19:56:23 143] tts        485  get audio|use local  
[2025/08/10 19:56:23 143] tts        527  0  nil  1  
[2025/08/10 19:56:23 144] tts        657  TTS_MSG_GETAUDIO  0  
[2025/08/10 19:56:23 144] tts        485  get audio|use local  
[2025/08/10 19:56:23 145] tts        527  0  nil  1  
[2025/08/10 19:56:23 146] tts        657  TTS_MSG_GETAUDIO  0  
[2025/08/10 19:56:23 146] tts        485  get audio|use local  
[2025/08/10 19:56:23 146] tts        527  0  nil  1  
[2025/08/10 19:56:23 147] tts        657  TTS_MSG_GETAUDIO  0  
[2025/08/10 19:56:23 147] tts        485  get audio|use local  
[2025/08/10 19:56:23 147] tts        527  0  nil  1  
[2025/08/10 19:56:23 148] tts        657  TTS_MSG_GETAUDIO  0  
[2025/08/10 19:56:23 148] tts        485  get audio|use local  
[2025/08/10 19:56:23 148] tts        527  0  nil  1  
[2025/08/10 19:56:23 149] tts        657  TTS_MSG_GETAUDIO  0  
[2025/08/10 19:56:23 149] tts        485  get audio|use local  
[2025/08/10 19:56:23 149] tts        527  0  nil  1  
[2025/08/10 19:56:23 150] tts        657  TTS_MSG_GETAUDIO  0  
[2025/08/10 19:56:23 150] tts        485  get audio|use local  
[2025/08/10 19:56:23 150] tts        527  0  nil  1  
[2025/08/10 19:56:23 151] tts        657  TTS_MSG_GETAUDIO  0  
[2025/08/10 19:56:23 151] tts        485  get audio|use local  
[2025/08/10 19:56:23 151] tts        527  0  nil  1  
[2025/08/10 19:56:23 152] tts        657  TTS_MSG_GETAUDIO  0  
[2025/08/10 19:56:23 152] tts        485  get audio|use local  
[2025/08/10 19:56:23 152] tts        527  0  nil  1  
[2025/08/10 19:56:23 153] tts        657  TTS_MSG_GETAUDIO  0  
[2025/08/10 19:56:23 153] tts        485  get audio|use local  
[2025/08/10 19:56:23 153] tts        527  0  nil  1  
[2025/08/10 19:56:23 154] tts        657  TTS_MSG_GETAUDIO  0  
[2025/08/10 19:56:23 154] tts        485  get audio|use local  
[2025/08/10 19:56:23 154] tts        527  0  nil  1  
[2025/08/10 19:56:23 155] tts        657  TTS_MSG_GETAUDIO  0  
[2025/08/10 19:56:23 155] tts        485  get audio|use local  
[2025/08/10 19:56:23 155] tts        527  0  nil  1  
[2025/08/10 19:56:23 156] tts        657  TTS_MSG_GETAUDIO  0  
[2025/08/10 19:56:23 156] tts        485  get audio|use local  
[2025/08/10 19:56:23 156] tts        527  0  nil  1  
[2025/08/10 19:56:23 156] tts        657  TTS_MSG_GETAUDIO  0  
[2025/08/10 19:56:23 157] tts        485  get audio|use local  
[2025/08/10 19:56:23 157] tts        527  0  nil  1  
[2025/08/10 19:56:23 157] tts        657  TTS_MSG_GETAUDIO  0  
[2025/08/10 19:56:23 157] tts        485  get audio|use local  
[2025/08/10 19:56:23 157] tts        527  0  nil  1  
[2025/08/10 19:56:23 158] tts        657  TTS_MSG_GETAUDIO  0  
[2025/08/10 19:56:23 158] tts        485  get audio|use local  
[2025/08/10 19:56:23 158] tts        527  0  nil  1  
[2025/08/10 19:56:23 159] tts        657  TTS_MSG_GETAUDIO  0  
[2025/08/10 19:56:23 159] tts        485  get audio|use local  
[2025/08/10 19:56:23 160] tts        527  0  nil  1  
[2025/08/10 19:56:23 160] tts        657  TTS_MSG_GETAUDIO  0  
[2025/08/10 19:56:23 160] tts        485  get audio|use local  
[2025/08/10 19:56:23 161] tts        527  0  nil  1  
[2025/08/10 19:56:23 161] tts        657  TTS_MSG_GETAUDIO  0  
[2025/08/10 19:56:23 161] tts        485  get audio|use local  
[2025/08/10 19:56:23 161] tts        527  0  nil  1  
[2025/08/10 19:56:23 162] tts        657  TTS_MSG_GETAUDIO  0  
[2025/08/10 19:56:23 162] tts        485  get audio|use local  
[2025/08/10 19:56:23 162] tts        527  0  nil  1  
[2025/08/10 19:56:23 163] tts        657  TTS_MSG_GETAUDIO  0  
[2025/08/10 19:56:23 163] tts        485  get audio|use local  
[2025/08/10 19:56:23 163] tts        527  0  nil  1  
[2025/08/10 19:56:23 163] tts        657  TTS_MSG_GETAUDIO  0  
[2025/08/10 19:56:23 163] tts        485  get audio|use local  
[2025/08/10 19:56:23 163] tts        527  0  nil  1  
[2025/08/10 19:56:23 164] tts        657  TTS_MSG_GETAUDIO  0  
[2025/08/10 19:56:23 164] tts        485  get audio|use local  
[2025/08/10 19:56:23 164] tts        527  0  nil  1  
[2025/08/10 19:56:23 165] tts        657  TTS_MSG_GETAUDIO  0  
[2025/08/10 19:56:23 165] tts        485  get audio|use local  
[2025/08/10 19:56:23 165] tts        527  0  nil  1  
[2025/08/10 19:56:23 166] tts        657  TTS_MSG_GETAUDIO  0  
[2025/08/10 19:56:23 166] tts        485  get audio|use local  
[2025/08/10 19:56:23 166] tts        527  0  nil  1  
[2025/08/10 19:56:23 167] tts        657  TTS_MSG_GETAUDIO  0  
[2025/08/10 19:56:23 167] tts        485  get audio|use local  
[2025/08/10 19:56:23 167] tts        527  0  nil  1  
[2025/08/10 19:56:23 168] tts        657  TTS_MSG_GETAUDIO  0  
[2025/08/10 19:56:23 168] tts        485  get audio|use local  
[2025/08/10 19:56:23 168] tts        527  0  nil  1  
[2025/08/10 19:56:23 169] tts        657  TTS_MSG_GETAUDIO  0  
[2025/08/10 19:56:23 169] tts        485  get audio|use local  
[2025/08/10 19:56:23 169] tts        527  0  nil  1  
[2025/08/10 19:56:23 170] tts        657  TTS_MSG_GETAUDIO  0  
[2025/08/10 19:56:23 170] tts        485  get audio|use local  
[2025/08/10 19:56:23 170] tts        527  0  nil  1  
[2025/08/10 19:56:23 173] tts        657  TTS_MSG_GETAUDIO  0  
[2025/08/10 19:56:23 174] tts        485  get audio|use local  
[2025/08/10 19:56:23 174] tts        527  0  nil  1  
[2025/08/10 19:56:23 175] tts        657  TTS_MSG_GETAUDIO  0  
[2025/08/10 19:56:23 175] tts        485  get audio|use local  
[2025/08/10 19:56:23 175] tts        527  0  nil  1  
[2025/08/10 19:56:23 176] tts        657  TTS_MSG_GETAUDIO  0  
[2025/08/10 19:56:23 177] tts        485  get audio|use local  
[2025/08/10 19:56:23 177] tts        527  0  nil  1  
[2025/08/10 19:56:23 177] tts        657  TTS_MSG_GETAUDIO  0  
[2025/08/10 19:56:23 177] tts        485  get audio|use local  
[2025/08/10 19:56:23 178] tts        527  0  nil  1  
[2025/08/10 19:56:23 178] tts        657  TTS_MSG_GETAUDIO  0  
[2025/08/10 19:56:23 179] tts        485  get audio|use local  
[2025/08/10 19:56:23 179] tts        527  0  nil  1  
[2025/08/10 19:56:23 179] tts        657  TTS_MSG_GETAUDIO  0  
[2025/08/10 19:56:23 180] tts        485  get audio|use local  
[2025/08/10 19:56:23 180] tts        527  0  nil  1  
[2025/08/10 19:56:23 181] tts        657  TTS_MSG_GETAUDIO  0  
[2025/08/10 19:56:23 181] tts        485  get audio|use local  
[2025/08/10 19:56:23 181] tts        527  0  nil  1  
[2025/08/10 19:56:23 182] tts        657  TTS_MSG_GETAUDIO  0  
[2025/08/10 19:56:23 182] tts        485  get audio|use local  
[2025/08/10 19:56:23 182] tts        527  0  nil  1  
[2025/08/10 19:56:23 183] tts        657  TTS_MSG_GETAUDIO  0  
[2025/08/10 19:56:23 183] tts        485  get audio|use local  
[2025/08/10 19:56:23 183] tts        527  0  nil  1  
[2025/08/10 19:56:23 184] tts        657  TTS_MSG_GETAUDIO  0  
[2025/08/10 19:56:23 185] tts        485  get audio|use local  
[2025/08/10 19:56:23 185] tts        527  0  nil  1  
[2025/08/10 19:56:23 185] tts        657  TTS_MSG_GETAUDIO  0  
[2025/08/10 19:56:23 186] tts        485  get audio|use local  
[2025/08/10 19:56:23 186] tts        527  0  nil  1  
[2025/08/10 19:56:23 186] tts        657  TTS_MSG_GETAUDIO  0  
[2025/08/10 19:56:23 187] tts        485  get audio|use local  
[2025/08/10 19:56:23 187] tts        527  0  nil  1  
[2025/08/10 19:56:23 188] tts        657  TTS_MSG_GETAUDIO  0  
[2025/08/10 19:56:23 188] tts        485  get audio|use local  
[2025/08/10 19:56:23 188] tts        527  0  nil  1  
[2025/08/10 19:56:23 188] tts        299  TTS_LOCAL_CB_BEGIN  
[2025/08/10 19:56:23 189] tts        657  TTS_MSG_GETAUDIO  0  
[2025/08/10 19:56:23 189] tts        485  get audio|use local  
[2025/08/10 19:56:23 189] tts        527  0  nil  1  
[2025/08/10 19:56:23 190] tts        657  TTS_MSG_GETAUDIO  0  
[2025/08/10 19:56:23 190] tts        485  get audio|use local  
[2025/08/10 19:56:23 190] tts        527  0  nil  1  
[2025/08/10 19:56:23 191] tts        657  TTS_MSG_GETAUDIO  0  
[2025/08/10 19:56:23 191] tts        485  get audio|use local  
[2025/08/10 19:56:23 191] tts        527  0  nil  1  
[2025/08/10 19:56:23 192] tts        657  TTS_MSG_GETAUDIO  0  
[2025/08/10 19:56:23 193] tts        485  get audio|use local  
[2025/08/10 19:56:23 193] tts        527  0  nil  1  
[2025/08/10 19:56:23 193] tts        657  TTS_MSG_GETAUDIO  0  
[2025/08/10 19:56:23 193] tts        485  get audio|use local  
[2025/08/10 19:56:23 193] tts        527  0  nil  1  
[2025/08/10 19:56:23 194] tts        657  TTS_MSG_GETAUDIO  0  
[2025/08/10 19:56:23 194] tts        485  get audio|use local  
[2025/08/10 19:56:23 194] tts        527  0  nil  1  
[2025/08/10 19:56:23 194] tts        657  TTS_MSG_GETAUDIO  0  
[2025/08/10 19:56:23 194] tts        485  get audio|use local  
[2025/08/10 19:56:23 194] tts        527  0  nil  1  
[2025/08/10 19:56:23 195] tts        657  TTS_MSG_GETAUDIO  0  
[2025/08/10 19:56:23 195] tts        485  get audio|use local  
[2025/08/10 19:56:23 195] tts        527  0  nil  1  
[2025/08/10 19:56:23 196] tts        657  TTS_MSG_GETAUDIO  0  
[2025/08/10 19:56:23 196] tts        485  get audio|use local  
[2025/08/10 19:56:23 196] tts        527  0  nil  1  
[2025/08/10 19:56:23 197] tts        657  TTS_MSG_GETAUDIO  0  
[2025/08/10 19:56:23 197] tts        485  get audio|use local  
[2025/08/10 19:56:23 197] tts        527  0  nil  1  
[2025/08/10 19:56:23 198] tts        657  TTS_MSG_GETAUDIO  0  
[2025/08/10 19:56:23 198] tts        485  get audio|use local  
[2025/08/10 19:56:23 198] tts        527  0  nil  1  
[2025/08/10 19:56:23 200] tts        657  TTS_MSG_GETAUDIO  0  
[2025/08/10 19:56:23 200] tts        485  get audio|use local  
[2025/08/10 19:56:23 200] tts        498  local audiolen:  2042  ,ced:  16  
[2025/08/10 19:56:23 200] tts        527  0  udata(8407e9b8) 1  
[2025/08/10 19:56:23 201] tts        657  TTS_MSG_GETAUDIO  0  
[2025/08/10 19:56:23 201] tts        485  get audio|use local  
[2025/08/10 19:56:23 201] tts        498  local audiolen:  2016  ,ced:  16  
[2025/08/10 19:56:23 202] tts        527  0  udata(8407f3d8) 1  
[2025/08/10 19:56:23 203] tts        657  TTS_MSG_GETAUDIO  0  
[2025/08/10 19:56:23 203] tts        485  get audio|use local  
[2025/08/10 19:56:23 203] tts        527  0  nil  1  
[2025/08/10 19:56:23 204] tts        657  TTS_MSG_GETAUDIO  0  
[2025/08/10 19:56:23 204] tts        485  get audio|use local  
[2025/08/10 19:56:23 204] tts        498  local audiolen:  1970  ,ced:  16  
[2025/08/10 19:56:23 204] tts        527  0  udata(8407f558) 1  
[2025/08/10 19:56:23 206] tts        657  TTS_MSG_GETAUDIO  0  
[2025/08/10 19:56:23 206] tts        485  get audio|use local  
[2025/08/10 19:56:23 206] tts        498  local audiolen:  1900  ,ced:  16  
[2025/08/10 19:56:23 206] tts        527  0  udata(8407f2f8) 1  
[2025/08/10 19:56:23 207] tts        657  TTS_MSG_GETAUDIO  0  
[2025/08/10 19:56:23 208] tts        485  get audio|use local  
[2025/08/10 19:56:23 208] tts        498  local audiolen:  1972  ,ced:  16  
[2025/08/10 19:56:23 208] tts        527  0  udata(8407e228) 1  
[2025/08/10 19:56:23 209] tts        657  TTS_MSG_GETAUDIO  0  
[2025/08/10 19:56:23 209] tts        485  get audio|use local  
[2025/08/10 19:56:23 209] tts        498  local audiolen:  1982  ,ced:  16  
[2025/08/10 19:56:23 209] tts        527  0  udata(8407d908) 1  
[2025/08/10 19:56:23 210] tts        657  TTS_MSG_GETAUDIO  0  
[2025/08/10 19:56:23 210] tts        485  get audio|use local  
[2025/08/10 19:56:23 211] tts        527  0  nil  1  
[2025/08/10 19:56:23 212] tts        657  TTS_MSG_GETAUDIO  0  
[2025/08/10 19:56:23 212] tts        485  get audio|use local  
[2025/08/10 19:56:23 212] tts        498  local audiolen:  2046  ,ced:  16  
[2025/08/10 19:56:23 213] tts        527  0  udata(8407e508) 1  
[2025/08/10 19:56:23 213] tts        657  TTS_MSG_GETAUDIO  0  
[2025/08/10 19:56:23 214] tts        485  get audio|use local  
[2025/08/10 19:56:23 214] tts        498  local audiolen:  1970  ,ced:  16  
[2025/08/10 19:56:23 214] tts        527  0  udata(84087f88) 1  
[2025/08/10 19:56:23 216] tts        657  TTS_MSG_GETAUDIO  0  
[2025/08/10 19:56:23 216] tts        485  get audio|use local  
[2025/08/10 19:56:23 216] tts        498  local audiolen:  1932  ,ced:  16  
[2025/08/10 19:56:23 216] tts        527  0  udata(840880d8) 1  
[2025/08/10 19:56:23 217] tts        657  TTS_MSG_GETAUDIO  0  
[2025/08/10 19:56:23 217] tts        485  get audio|use local  
[2025/08/10 19:56:23 217] tts        527  0  nil  1  
[2025/08/10 19:56:23 218] tts        657  TTS_MSG_GETAUDIO  0  
[2025/08/10 19:56:23 218] tts        485  get audio|use local  
[2025/08/10 19:56:23 218] tts        527  0  nil  1  
[2025/08/10 19:56:23 221] tts        657  TTS_MSG_GETAUDIO  0  
[2025/08/10 19:56:23 221] tts        485  get audio|use local  
[2025/08/10 19:56:23 221] tts        527  0  nil  1  
[2025/08/10 19:56:23 229] tts        657  TTS_MSG_GETAUDIO  0  
[2025/08/10 19:56:23 229] tts        485  get audio|use local  
[2025/08/10 19:56:23 231] tts        498  local audiolen:  1994  ,ced:  16  
[2025/08/10 19:56:23 231] tts        527  0  udata(8407ed88) 1  
[2025/08/10 19:56:23 239] tts        657  TTS_MSG_GETAUDIO  0  
[2025/08/10 19:56:23 239] tts        485  get audio|use local  
[2025/08/10 19:56:23 239] tts        498  local audiolen:  2008  ,ced:  16  
[2025/08/10 19:56:23 239] tts        527  0  udata(8407de68) 1  
[2025/08/10 19:56:23 242] tts        657  TTS_MSG_GETAUDIO  0  
[2025/08/10 19:56:23 242] tts        485  get audio|use local  
[2025/08/10 19:56:23 242] tts        498  local audiolen:  1932  ,ced:  16  
[2025/08/10 19:56:23 243] tts        527  0  udata(84087e18) 1  
[2025/08/10 19:56:23 245] tts        657  TTS_MSG_GETAUDIO  0  
[2025/08/10 19:56:23 245] tts        485  get audio|use local  
[2025/08/10 19:56:23 245] tts        498  local audiolen:  2044  ,ced:  16  
[2025/08/10 19:56:23 245] tts        527  0  udata(8407d308) 1  
[2025/08/10 19:56:23 247] tts        301  0  0  
[2025/08/10 19:56:23 247] tts        312  TTS_LOCAL_CB_END,  2  
[2025/08/10 19:56:23 248] tts        657  TTS_MSG_GETAUDIO  0  
[2025/08/10 19:56:23 248] tts        485  get audio|use local  
[2025/08/10 19:56:23 248] tts        498  local audiolen:  2014  ,ced:  16  
[2025/08/10 19:56:23 248] tts        527  0  udata(8407d5f8) 1  
[2025/08/10 19:56:23 249] tts        657  TTS_MSG_GETAUDIO  0  
[2025/08/10 19:56:23 249] tts        485  get audio|use local  
[2025/08/10 19:56:23 249] tts        498  local audiolen:  1982  ,ced:  16  
[2025/08/10 19:56:23 249] tts        527  0  udata(8407d648) 1  
[2025/08/10 19:56:23 251] tts        657  TTS_MSG_GETAUDIO  0  
[2025/08/10 19:56:23 251] tts        485  get audio|use local  
[2025/08/10 19:56:23 251] tts        498  local audiolen:  2006  ,ced:  16  
[2025/08/10 19:56:23 251] tts        527  0  udata(8407d698) 1  
[2025/08/10 19:56:23 252] tts        657  TTS_MSG_GETAUDIO  0  
[2025/08/10 19:56:23 252] tts        485  get audio|use local  
[2025/08/10 19:56:23 252] tts        498  local audiolen:  1964  ,ced:  16  
[2025/08/10 19:56:23 252] tts        527  0  udata(8407d2b8) 1  
[2025/08/10 19:56:23 253] tts        657  TTS_MSG_GETAUDIO  0  
[2025/08/10 19:56:23 254] tts        485  get audio|use local  
[2025/08/10 19:56:23 255] tts        498  local audiolen:  2046  ,ced:  16  
[2025/08/10 19:56:23 256] tts        527  0  udata(8407d6e8) 1  
[2025/08/10 19:56:23 257] tts        657  TTS_MSG_GETAUDIO  0  
[2025/08/10 19:56:23 257] tts        485  get audio|use local  
[2025/08/10 19:56:23 257] tts        498  local audiolen:  1940  ,ced:  16  
[2025/08/10 19:56:23 257] tts        527  0  udata(8407d738) 1  
[2025/08/10 19:56:23 259] tts        657  TTS_MSG_GETAUDIO  0  
[2025/08/10 19:56:23 259] tts        485  get audio|use local  
[2025/08/10 19:56:23 259] tts        498  local audiolen:  2000  ,ced:  16  
[2025/08/10 19:56:23 259] tts        527  0  udata(8407d788) 1  
[2025/08/10 19:56:23 260] tts        657  TTS_MSG_GETAUDIO  0  
[2025/08/10 19:56:23 260] tts        485  get audio|use local  
[2025/08/10 19:56:23 260] tts        498  local audiolen:  1940  ,ced:  16  
[2025/08/10 19:56:23 260] tts        527  0  udata(8407d7d8) 1  
[2025/08/10 19:56:23 262] tts        657  TTS_MSG_GETAUDIO  0  
[2025/08/10 19:56:23 262] tts        485  get audio|use local  
[2025/08/10 19:56:23 262] tts        498  local audiolen:  2048  ,ced:  16  
[2025/08/10 19:56:23 262] tts        527  0  udata(8407d828) 1  
[2025/08/10 19:56:23 263] tts        657  TTS_MSG_GETAUDIO  0  
[2025/08/10 19:56:23 263] tts        485  get audio|use local  
[2025/08/10 19:56:23 263] tts        498  local audiolen:  2016  ,ced:  16  
[2025/08/10 19:56:23 263] tts        527  0  udata(84087678) 1  
[2025/08/10 19:56:23 264] tts        657  TTS_MSG_GETAUDIO  0  
[2025/08/10 19:56:23 264] tts        485  get audio|use local  
[2025/08/10 19:56:23 264] tts        498  local audiolen:  576  ,ced:  16  
[2025/08/10 19:56:23 265] tts        527  0  udata(84087918) 2  
[2025/08/10 19:56:23 266] tts        660  TTS_MSG_SSE  
[2025/08/10 19:56:23 267] tts        585  sse|use local  
[2025/08/10 19:56:23 270] tts        603  tts exit  
