============================================================
Time  2025/08/10 19:59:03 467 
============================================================
[2025/08/10 19:59:03 468] tts        676  SYS_MSG_REGCB param0 =  msp_status_cb  param1 =  func(88014a30) 
[2025/08/10 19:59:03 473] config     43   use general cloud  
[2025/08/10 19:59:03 483] tts_cloud  1417 SYS_MSG_REGCB_CLOUD param0 =   msp_status_cb  param1 =  func(88014a30) 
[2025/08/10 19:59:03 484] tts        647  TTS_MSG_SSB  
[2025/08/10 19:59:03 484] tts        375  params =  engine_type = local,voice_name=xiaoyan, text_encoding = UTF8, tts_res_path = fo|res/tts/xiaoyan.jet;fo|res/tts/common.jet, sample_rate = 16000, speed = 50, volume = 80, pitch = 50, rdn = 2  
[2025/08/10 19:59:03 485] tts        412  ssb|use local  
[2025/08/10 19:59:03 485] tts        349  local_session_begin  
[2025/08/10 19:59:03 489] tts        654  TTS_MSG_SYN  0  
[2025/08/10 19:59:03 489] tts        451  synth|use local  
[2025/08/10 19:59:03 490] tts        657  TTS_MSG_GETAUDIO  0  
[2025/08/10 19:59:03 490] tts        485  get audio|use local  
[2025/08/10 19:59:03 490] tts        527  0  nil  1  
[2025/08/10 19:59:03 491] tts        657  TTS_MSG_GETAUDIO  0  
[2025/08/10 19:59:03 491] tts        485  get audio|use local  
[2025/08/10 19:59:03 491] tts        527  0  nil  1  
[2025/08/10 19:59:03 492] tts        657  TTS_MSG_GETAUDIO  0  
[2025/08/10 19:59:03 492] tts        485  get audio|use local  
[2025/08/10 19:59:03 492] tts        527  0  nil  1  
[2025/08/10 19:59:03 493] tts        657  TTS_MSG_GETAUDIO  0  
[2025/08/10 19:59:03 493] tts        485  get audio|use local  
[2025/08/10 19:59:03 493] tts        527  0  nil  1  
[2025/08/10 19:59:03 494] tts        657  TTS_MSG_GETAUDIO  0  
[2025/08/10 19:59:03 494] tts        485  get audio|use local  
[2025/08/10 19:59:03 494] tts        527  0  nil  1  
[2025/08/10 19:59:03 495] tts        657  TTS_MSG_GETAUDIO  0  
[2025/08/10 19:59:03 495] tts        485  get audio|use local  
[2025/08/10 19:59:03 495] tts        527  0  nil  1  
[2025/08/10 19:59:03 496] tts        657  TTS_MSG_GETAUDIO  0  
[2025/08/10 19:59:03 496] tts        485  get audio|use local  
[2025/08/10 19:59:03 496] tts        527  0  nil  1  
[2025/08/10 19:59:03 497] tts        657  TTS_MSG_GETAUDIO  0  
[2025/08/10 19:59:03 497] tts        485  get audio|use local  
[2025/08/10 19:59:03 497] tts        527  0  nil  1  
[2025/08/10 19:59:03 498] tts        657  TTS_MSG_GETAUDIO  0  
[2025/08/10 19:59:03 498] tts        485  get audio|use local  
[2025/08/10 19:59:03 498] tts        527  0  nil  1  
[2025/08/10 19:59:03 498] tts        657  TTS_MSG_GETAUDIO  0  
[2025/08/10 19:59:03 499] tts        485  get audio|use local  
[2025/08/10 19:59:03 499] tts        527  0  nil  1  
[2025/08/10 19:59:03 499] tts        657  TTS_MSG_GETAUDIO  0  
[2025/08/10 19:59:03 499] tts        485  get audio|use local  
[2025/08/10 19:59:03 499] tts        527  0  nil  1  
[2025/08/10 19:59:03 500] tts        657  TTS_MSG_GETAUDIO  0  
[2025/08/10 19:59:03 500] tts        485  get audio|use local  
[2025/08/10 19:59:03 500] tts        527  0  nil  1  
[2025/08/10 19:59:03 501] tts        657  TTS_MSG_GETAUDIO  0  
[2025/08/10 19:59:03 501] tts        485  get audio|use local  
[2025/08/10 19:59:03 501] tts        527  0  nil  1  
[2025/08/10 19:59:03 502] tts        657  TTS_MSG_GETAUDIO  0  
[2025/08/10 19:59:03 502] tts        485  get audio|use local  
[2025/08/10 19:59:03 502] tts        527  0  nil  1  
[2025/08/10 19:59:03 503] tts        657  TTS_MSG_GETAUDIO  0  
[2025/08/10 19:59:03 503] tts        485  get audio|use local  
[2025/08/10 19:59:03 503] tts        527  0  nil  1  
[2025/08/10 19:59:03 504] tts        657  TTS_MSG_GETAUDIO  0  
[2025/08/10 19:59:03 504] tts        485  get audio|use local  
[2025/08/10 19:59:03 504] tts        527  0  nil  1  
[2025/08/10 19:59:03 505] tts        657  TTS_MSG_GETAUDIO  0  
[2025/08/10 19:59:03 505] tts        485  get audio|use local  
[2025/08/10 19:59:03 505] tts        527  0  nil  1  
[2025/08/10 19:59:03 507] tts        657  TTS_MSG_GETAUDIO  0  
[2025/08/10 19:59:03 507] tts        485  get audio|use local  
[2025/08/10 19:59:03 507] tts        527  0  nil  1  
[2025/08/10 19:59:03 508] tts        657  TTS_MSG_GETAUDIO  0  
[2025/08/10 19:59:03 508] tts        485  get audio|use local  
[2025/08/10 19:59:03 508] tts        527  0  nil  1  
[2025/08/10 19:59:03 509] tts        657  TTS_MSG_GETAUDIO  0  
[2025/08/10 19:59:03 509] tts        485  get audio|use local  
[2025/08/10 19:59:03 509] tts        527  0  nil  1  
[2025/08/10 19:59:03 510] tts        657  TTS_MSG_GETAUDIO  0  
[2025/08/10 19:59:03 510] tts        485  get audio|use local  
[2025/08/10 19:59:03 510] tts        527  0  nil  1  
[2025/08/10 19:59:03 511] tts        657  TTS_MSG_GETAUDIO  0  
[2025/08/10 19:59:03 511] tts        485  get audio|use local  
[2025/08/10 19:59:03 511] tts        527  0  nil  1  
[2025/08/10 19:59:03 513] tts        657  TTS_MSG_GETAUDIO  0  
[2025/08/10 19:59:03 513] tts        485  get audio|use local  
[2025/08/10 19:59:03 513] tts        527  0  nil  1  
[2025/08/10 19:59:03 513] tts        657  TTS_MSG_GETAUDIO  0  
[2025/08/10 19:59:03 513] tts        485  get audio|use local  
[2025/08/10 19:59:03 514] tts        527  0  nil  1  
[2025/08/10 19:59:03 514] tts        657  TTS_MSG_GETAUDIO  0  
[2025/08/10 19:59:03 514] tts        485  get audio|use local  
[2025/08/10 19:59:03 514] tts        527  0  nil  1  
[2025/08/10 19:59:03 515] tts        657  TTS_MSG_GETAUDIO  0  
[2025/08/10 19:59:03 515] tts        485  get audio|use local  
[2025/08/10 19:59:03 515] tts        527  0  nil  1  
[2025/08/10 19:59:03 516] tts        657  TTS_MSG_GETAUDIO  0  
[2025/08/10 19:59:03 516] tts        485  get audio|use local  
[2025/08/10 19:59:03 516] tts        527  0  nil  1  
[2025/08/10 19:59:03 517] tts        657  TTS_MSG_GETAUDIO  0  
[2025/08/10 19:59:03 518] tts        485  get audio|use local  
[2025/08/10 19:59:03 518] tts        527  0  nil  1  
[2025/08/10 19:59:03 518] tts        657  TTS_MSG_GETAUDIO  0  
[2025/08/10 19:59:03 518] tts        485  get audio|use local  
[2025/08/10 19:59:03 519] tts        527  0  nil  1  
[2025/08/10 19:59:03 519] tts        657  TTS_MSG_GETAUDIO  0  
[2025/08/10 19:59:03 520] tts        485  get audio|use local  
[2025/08/10 19:59:03 520] tts        527  0  nil  1  
[2025/08/10 19:59:03 521] tts        657  TTS_MSG_GETAUDIO  0  
[2025/08/10 19:59:03 521] tts        485  get audio|use local  
[2025/08/10 19:59:03 521] tts        527  0  nil  1  
[2025/08/10 19:59:03 522] tts        657  TTS_MSG_GETAUDIO  0  
[2025/08/10 19:59:03 522] tts        485  get audio|use local  
[2025/08/10 19:59:03 522] tts        527  0  nil  1  
[2025/08/10 19:59:03 523] tts        657  TTS_MSG_GETAUDIO  0  
[2025/08/10 19:59:03 523] tts        485  get audio|use local  
[2025/08/10 19:59:03 523] tts        527  0  nil  1  
[2025/08/10 19:59:03 524] tts        657  TTS_MSG_GETAUDIO  0  
[2025/08/10 19:59:03 524] tts        485  get audio|use local  
[2025/08/10 19:59:03 524] tts        527  0  nil  1  
[2025/08/10 19:59:03 525] tts        657  TTS_MSG_GETAUDIO  0  
[2025/08/10 19:59:03 525] tts        485  get audio|use local  
[2025/08/10 19:59:03 525] tts        527  0  nil  1  
[2025/08/10 19:59:03 526] tts        657  TTS_MSG_GETAUDIO  0  
[2025/08/10 19:59:03 526] tts        485  get audio|use local  
[2025/08/10 19:59:03 526] tts        527  0  nil  1  
[2025/08/10 19:59:03 526] tts        657  TTS_MSG_GETAUDIO  0  
[2025/08/10 19:59:03 527] tts        485  get audio|use local  
[2025/08/10 19:59:03 527] tts        527  0  nil  1  
[2025/08/10 19:59:03 527] tts        657  TTS_MSG_GETAUDIO  0  
[2025/08/10 19:59:03 527] tts        485  get audio|use local  
[2025/08/10 19:59:03 527] tts        527  0  nil  1  
[2025/08/10 19:59:03 528] tts        657  TTS_MSG_GETAUDIO  0  
[2025/08/10 19:59:03 528] tts        485  get audio|use local  
[2025/08/10 19:59:03 528] tts        527  0  nil  1  
[2025/08/10 19:59:03 529] tts        657  TTS_MSG_GETAUDIO  0  
[2025/08/10 19:59:03 529] tts        485  get audio|use local  
[2025/08/10 19:59:03 529] tts        527  0  nil  1  
[2025/08/10 19:59:03 530] tts        657  TTS_MSG_GETAUDIO  0  
[2025/08/10 19:59:03 530] tts        485  get audio|use local  
[2025/08/10 19:59:03 530] tts        527  0  nil  1  
[2025/08/10 19:59:03 531] tts        657  TTS_MSG_GETAUDIO  0  
[2025/08/10 19:59:03 531] tts        485  get audio|use local  
[2025/08/10 19:59:03 532] tts        527  0  nil  1  
[2025/08/10 19:59:03 532] tts        657  TTS_MSG_GETAUDIO  0  
[2025/08/10 19:59:03 532] tts        485  get audio|use local  
[2025/08/10 19:59:03 532] tts        527  0  nil  1  
[2025/08/10 19:59:03 533] tts        657  TTS_MSG_GETAUDIO  0  
[2025/08/10 19:59:03 533] tts        485  get audio|use local  
[2025/08/10 19:59:03 533] tts        527  0  nil  1  
[2025/08/10 19:59:03 534] tts        657  TTS_MSG_GETAUDIO  0  
[2025/08/10 19:59:03 534] tts        485  get audio|use local  
[2025/08/10 19:59:03 534] tts        527  0  nil  1  
[2025/08/10 19:59:03 535] tts        657  TTS_MSG_GETAUDIO  0  
[2025/08/10 19:59:03 535] tts        485  get audio|use local  
[2025/08/10 19:59:03 535] tts        527  0  nil  1  
[2025/08/10 19:59:03 536] tts        657  TTS_MSG_GETAUDIO  0  
[2025/08/10 19:59:03 536] tts        485  get audio|use local  
[2025/08/10 19:59:03 536] tts        527  0  nil  1  
[2025/08/10 19:59:03 537] tts        657  TTS_MSG_GETAUDIO  0  
[2025/08/10 19:59:03 537] tts        485  get audio|use local  
[2025/08/10 19:59:03 537] tts        527  0  nil  1  
[2025/08/10 19:59:03 538] tts        657  TTS_MSG_GETAUDIO  0  
[2025/08/10 19:59:03 538] tts        485  get audio|use local  
[2025/08/10 19:59:03 538] tts        527  0  nil  1  
[2025/08/10 19:59:03 539] tts        657  TTS_MSG_GETAUDIO  0  
[2025/08/10 19:59:03 539] tts        485  get audio|use local  
[2025/08/10 19:59:03 539] tts        527  0  nil  1  
[2025/08/10 19:59:03 540] tts        657  TTS_MSG_GETAUDIO  0  
[2025/08/10 19:59:03 540] tts        485  get audio|use local  
[2025/08/10 19:59:03 540] tts        527  0  nil  1  
[2025/08/10 19:59:03 541] tts        657  TTS_MSG_GETAUDIO  0  
[2025/08/10 19:59:03 541] tts        485  get audio|use local  
[2025/08/10 19:59:03 541] tts        527  0  nil  1  
[2025/08/10 19:59:03 542] tts        657  TTS_MSG_GETAUDIO  0  
[2025/08/10 19:59:03 542] tts        485  get audio|use local  
[2025/08/10 19:59:03 542] tts        527  0  nil  1  
[2025/08/10 19:59:03 544] tts        657  TTS_MSG_GETAUDIO  0  
[2025/08/10 19:59:03 544] tts        485  get audio|use local  
[2025/08/10 19:59:03 544] tts        527  0  nil  1  
[2025/08/10 19:59:03 545] tts        657  TTS_MSG_GETAUDIO  0  
[2025/08/10 19:59:03 545] tts        485  get audio|use local  
[2025/08/10 19:59:03 545] tts        527  0  nil  1  
[2025/08/10 19:59:03 546] tts        657  TTS_MSG_GETAUDIO  0  
[2025/08/10 19:59:03 546] tts        485  get audio|use local  
[2025/08/10 19:59:03 547] tts        527  0  nil  1  
[2025/08/10 19:59:03 548] tts        657  TTS_MSG_GETAUDIO  0  
[2025/08/10 19:59:03 548] tts        485  get audio|use local  
[2025/08/10 19:59:03 548] tts        527  0  nil  1  
[2025/08/10 19:59:03 549] tts        657  TTS_MSG_GETAUDIO  0  
[2025/08/10 19:59:03 550] tts        485  get audio|use local  
[2025/08/10 19:59:03 550] tts        527  0  nil  1  
[2025/08/10 19:59:03 551] tts        657  TTS_MSG_GETAUDIO  0  
[2025/08/10 19:59:03 551] tts        485  get audio|use local  
[2025/08/10 19:59:03 552] tts        527  0  nil  1  
[2025/08/10 19:59:03 553] tts        657  TTS_MSG_GETAUDIO  0  
[2025/08/10 19:59:03 553] tts        485  get audio|use local  
[2025/08/10 19:59:03 553] tts        527  0  nil  1  
[2025/08/10 19:59:03 554] tts        657  TTS_MSG_GETAUDIO  0  
[2025/08/10 19:59:03 555] tts        485  get audio|use local  
[2025/08/10 19:59:03 555] tts        527  0  nil  1  
[2025/08/10 19:59:03 555] tts        299  TTS_LOCAL_CB_BEGIN  
[2025/08/10 19:59:03 556] tts        657  TTS_MSG_GETAUDIO  0  
[2025/08/10 19:59:03 556] tts        485  get audio|use local  
[2025/08/10 19:59:03 556] tts        527  0  nil  1  
[2025/08/10 19:59:03 557] tts        657  TTS_MSG_GETAUDIO  0  
[2025/08/10 19:59:03 557] tts        485  get audio|use local  
[2025/08/10 19:59:03 557] tts        527  0  nil  1  
[2025/08/10 19:59:03 558] tts        657  TTS_MSG_GETAUDIO  0  
[2025/08/10 19:59:03 558] tts        485  get audio|use local  
[2025/08/10 19:59:03 558] tts        527  0  nil  1  
[2025/08/10 19:59:03 559] tts        657  TTS_MSG_GETAUDIO  0  
[2025/08/10 19:59:03 559] tts        485  get audio|use local  
[2025/08/10 19:59:03 559] tts        527  0  nil  1  
[2025/08/10 19:59:03 559] tts        657  TTS_MSG_GETAUDIO  0  
[2025/08/10 19:59:03 560] tts        485  get audio|use local  
[2025/08/10 19:59:03 560] tts        527  0  nil  1  
[2025/08/10 19:59:03 561] tts        657  TTS_MSG_GETAUDIO  0  
[2025/08/10 19:59:03 561] tts        485  get audio|use local  
[2025/08/10 19:59:03 561] tts        527  0  nil  1  
[2025/08/10 19:59:03 562] tts        657  TTS_MSG_GETAUDIO  0  
[2025/08/10 19:59:03 562] tts        485  get audio|use local  
[2025/08/10 19:59:03 562] tts        527  0  nil  1  
[2025/08/10 19:59:03 563] tts        657  TTS_MSG_GETAUDIO  0  
[2025/08/10 19:59:03 563] tts        485  get audio|use local  
[2025/08/10 19:59:03 563] tts        527  0  nil  1  
[2025/08/10 19:59:03 564] tts        657  TTS_MSG_GETAUDIO  0  
[2025/08/10 19:59:03 564] tts        485  get audio|use local  
[2025/08/10 19:59:03 564] tts        527  0  nil  1  
[2025/08/10 19:59:03 565] tts        657  TTS_MSG_GETAUDIO  0  
[2025/08/10 19:59:03 565] tts        485  get audio|use local  
[2025/08/10 19:59:03 565] tts        527  0  nil  1  
[2025/08/10 19:59:03 566] tts        657  TTS_MSG_GETAUDIO  0  
[2025/08/10 19:59:03 566] tts        485  get audio|use local  
[2025/08/10 19:59:03 566] tts        527  0  nil  1  
[2025/08/10 19:59:03 568] tts        657  TTS_MSG_GETAUDIO  0  
[2025/08/10 19:59:03 568] tts        485  get audio|use local  
[2025/08/10 19:59:03 568] tts        527  0  nil  1  
[2025/08/10 19:59:03 569] tts        657  TTS_MSG_GETAUDIO  0  
[2025/08/10 19:59:03 570] tts        485  get audio|use local  
[2025/08/10 19:59:03 570] tts        498  local audiolen:  2042  ,ced:  15  
[2025/08/10 19:59:03 570] tts        527  0  udata(88071248) 1  
[2025/08/10 19:59:03 571] tts        657  TTS_MSG_GETAUDIO  0  
[2025/08/10 19:59:03 571] tts        485  get audio|use local  
[2025/08/10 19:59:03 571] tts        498  local audiolen:  2016  ,ced:  15  
[2025/08/10 19:59:03 572] tts        527  0  udata(88087f28) 1  
[2025/08/10 19:59:03 572] tts        657  TTS_MSG_GETAUDIO  0  
[2025/08/10 19:59:03 573] tts        485  get audio|use local  
[2025/08/10 19:59:03 573] tts        527  0  nil  1  
[2025/08/10 19:59:03 573] tts        657  TTS_MSG_GETAUDIO  0  
[2025/08/10 19:59:03 573] tts        485  get audio|use local  
[2025/08/10 19:59:03 573] tts        527  0  nil  1  
[2025/08/10 19:59:03 575] tts        657  TTS_MSG_GETAUDIO  0  
[2025/08/10 19:59:03 575] tts        485  get audio|use local  
[2025/08/10 19:59:03 575] tts        527  0  nil  1  
[2025/08/10 19:59:03 577] tts        657  TTS_MSG_GETAUDIO  0  
[2025/08/10 19:59:03 578] tts        485  get audio|use local  
[2025/08/10 19:59:03 578] tts        498  local audiolen:  1964  ,ced:  15  
[2025/08/10 19:59:03 578] tts        527  0  udata(88087e88) 1  
[2025/08/10 19:59:03 579] tts        657  TTS_MSG_GETAUDIO  0  
[2025/08/10 19:59:03 579] tts        485  get audio|use local  
[2025/08/10 19:59:03 579] tts        498  local audiolen:  1916  ,ced:  15  
[2025/08/10 19:59:03 579] tts        527  0  udata(880882e8) 1  
[2025/08/10 19:59:03 581] tts        657  TTS_MSG_GETAUDIO  0  
[2025/08/10 19:59:03 581] tts        485  get audio|use local  
[2025/08/10 19:59:03 581] tts        498  local audiolen:  2018  ,ced:  15  
[2025/08/10 19:59:03 581] tts        527  0  udata(88088138) 1  
[2025/08/10 19:59:03 584] tts        657  TTS_MSG_GETAUDIO  0  
[2025/08/10 19:59:03 584] tts        485  get audio|use local  
[2025/08/10 19:59:03 584] tts        498  local audiolen:  2008  ,ced:  15  
[2025/08/10 19:59:03 584] tts        527  0  udata(880877c8) 1  
[2025/08/10 19:59:03 585] tts        657  TTS_MSG_GETAUDIO  0  
[2025/08/10 19:59:03 585] tts        485  get audio|use local  
[2025/08/10 19:59:03 585] tts        498  local audiolen:  2046  ,ced:  15  
[2025/08/10 19:59:03 585] tts        527  0  udata(88087918) 1  
[2025/08/10 19:59:03 587] tts        657  TTS_MSG_GETAUDIO  0  
[2025/08/10 19:59:03 587] tts        485  get audio|use local  
[2025/08/10 19:59:03 587] tts        498  local audiolen:  1972  ,ced:  15  
[2025/08/10 19:59:03 587] tts        527  0  udata(88087a68) 1  
[2025/08/10 19:59:03 590] tts        657  TTS_MSG_GETAUDIO  0  
[2025/08/10 19:59:03 590] tts        485  get audio|use local  
[2025/08/10 19:59:03 590] tts        498  local audiolen:  1934  ,ced:  15  
[2025/08/10 19:59:03 591] tts        527  0  udata(88087dc8) 1  
[2025/08/10 19:59:03 592] tts        657  TTS_MSG_GETAUDIO  0  
[2025/08/10 19:59:03 592] tts        485  get audio|use local  
[2025/08/10 19:59:03 592] tts        498  local audiolen:  2018  ,ced:  15  
[2025/08/10 19:59:03 592] tts        527  0  udata(8807df38) 1  
[2025/08/10 19:59:03 594] tts        657  TTS_MSG_GETAUDIO  0  
[2025/08/10 19:59:03 594] tts        485  get audio|use local  
[2025/08/10 19:59:03 594] tts        498  local audiolen:  2040  ,ced:  15  
[2025/08/10 19:59:03 594] tts        527  0  udata(8807e088) 1  
[2025/08/10 19:59:03 596] tts        657  TTS_MSG_GETAUDIO  0  
[2025/08/10 19:59:03 596] tts        485  get audio|use local  
[2025/08/10 19:59:03 597] tts        498  local audiolen:  1958  ,ced:  15  
[2025/08/10 19:59:03 597] tts        527  0  udata(8807e2d8) 1  
[2025/08/10 19:59:03 598] tts        657  TTS_MSG_GETAUDIO  0  
[2025/08/10 19:59:03 598] tts        485  get audio|use local  
[2025/08/10 19:59:03 598] tts        498  local audiolen:  1998  ,ced:  15  
[2025/08/10 19:59:03 598] tts        527  0  udata(8807e328) 1  
[2025/08/10 19:59:03 603] tts        657  TTS_MSG_GETAUDIO  0  
[2025/08/10 19:59:03 603] tts        485  get audio|use local  
[2025/08/10 19:59:03 603] tts        498  local audiolen:  2016  ,ced:  15  
[2025/08/10 19:59:03 603] tts        527  0  udata(8807eb38) 1  
[2025/08/10 19:59:03 605] tts        657  TTS_MSG_GETAUDIO  0  
[2025/08/10 19:59:03 605] tts        485  get audio|use local  
[2025/08/10 19:59:03 605] tts        498  local audiolen:  1932  ,ced:  15  
[2025/08/10 19:59:03 606] tts        527  0  udata(8807ded8) 1  
[2025/08/10 19:59:03 608] tts        657  TTS_MSG_GETAUDIO  0  
[2025/08/10 19:59:03 608] tts        485  get audio|use local  
[2025/08/10 19:59:03 609] tts        498  local audiolen:  2046  ,ced:  15  
[2025/08/10 19:59:03 609] tts        527  0  udata(8807ef88) 1  
[2025/08/10 19:59:03 610] tts        301  0  0  
[2025/08/10 19:59:03 610] tts        312  TTS_LOCAL_CB_END,  2  
[2025/08/10 19:59:03 610] tts        657  TTS_MSG_GETAUDIO  0  
[2025/08/10 19:59:03 610] tts        485  get audio|use local  
[2025/08/10 19:59:03 611] tts        498  local audiolen:  1964  ,ced:  15  
[2025/08/10 19:59:03 611] tts        527  0  udata(8807f278) 1  
[2025/08/10 19:59:03 611] tts        657  TTS_MSG_GETAUDIO  0  
[2025/08/10 19:59:03 612] tts        485  get audio|use local  
[2025/08/10 19:59:03 612] tts        498  local audiolen:  1938  ,ced:  15  
[2025/08/10 19:59:03 612] tts        527  0  udata(8807f2c8) 1  
[2025/08/10 19:59:03 612] tts        657  TTS_MSG_GETAUDIO  0  
[2025/08/10 19:59:03 612] tts        485  get audio|use local  
[2025/08/10 19:59:03 613] tts        498  local audiolen:  1912  ,ced:  15  
[2025/08/10 19:59:03 613] tts        527  0  udata(8807f318) 1  
[2025/08/10 19:59:03 614] tts        657  TTS_MSG_GETAUDIO  0  
[2025/08/10 19:59:03 614] tts        485  get audio|use local  
[2025/08/10 19:59:03 614] tts        498  local audiolen:  2032  ,ced:  15  
[2025/08/10 19:59:03 614] tts        527  0  udata(8807f368) 1  
[2025/08/10 19:59:03 615] tts        657  TTS_MSG_GETAUDIO  0  
[2025/08/10 19:59:03 615] tts        485  get audio|use local  
[2025/08/10 19:59:03 615] tts        498  local audiolen:  2000  ,ced:  15  
[2025/08/10 19:59:03 615] tts        527  0  udata(8807f3b8) 1  
[2025/08/10 19:59:03 616] tts        657  TTS_MSG_GETAUDIO  0  
[2025/08/10 19:59:03 616] tts        485  get audio|use local  
[2025/08/10 19:59:03 616] tts        498  local audiolen:  2014  ,ced:  15  
[2025/08/10 19:59:03 616] tts        527  0  udata(8807f408) 1  
[2025/08/10 19:59:03 616] tts        657  TTS_MSG_GETAUDIO  0  
[2025/08/10 19:59:03 617] tts        485  get audio|use local  
[2025/08/10 19:59:03 617] tts        498  local audiolen:  2016  ,ced:  15  
[2025/08/10 19:59:03 617] tts        527  0  udata(8807f458) 1  
[2025/08/10 19:59:03 617] tts        657  TTS_MSG_GETAUDIO  0  
[2025/08/10 19:59:03 617] tts        485  get audio|use local  
[2025/08/10 19:59:03 618] tts        498  local audiolen:  2016  ,ced:  15  
[2025/08/10 19:59:03 618] tts        527  0  udata(8807f4a8) 1  
[2025/08/10 19:59:03 618] tts        657  TTS_MSG_GETAUDIO  0  
[2025/08/10 19:59:03 618] tts        485  get audio|use local  
[2025/08/10 19:59:03 619] tts        498  local audiolen:  576  ,ced:  15  
[2025/08/10 19:59:03 619] tts        527  0  udata(8807d988) 2  
[2025/08/10 19:59:03 620] tts        660  TTS_MSG_SSE  
[2025/08/10 19:59:03 621] tts        585  sse|use local  
[2025/08/10 19:59:03 624] tts        603  tts exit  
