============================================================
Time  2025/08/10 20:04:49 287 
============================================================
[2025/08/10 20:04:49 287] tts        676  SYS_MSG_REGCB param0 =  msp_status_cb  param1 =  func(68014a30) 
[2025/08/10 20:04:49 292] config     43   use general cloud  
[2025/08/10 20:04:49 300] tts_cloud  1417 SYS_MSG_REGCB_CLOUD param0 =   msp_status_cb  param1 =  func(68014a30) 
[2025/08/10 20:04:49 301] tts        647  TTS_MSG_SSB  
[2025/08/10 20:04:49 302] tts        375  params =  engine_type = local,voice_name=xiaoyan, text_encoding = UTF8, tts_res_path = fo|res/tts/xiaoyan.jet;fo|res/tts/common.jet, sample_rate = 16000, speed = 50, volume = 80, pitch = 50, rdn = 2  
[2025/08/10 20:04:49 302] tts        412  ssb|use local  
[2025/08/10 20:04:49 302] tts        349  local_session_begin  
[2025/08/10 20:04:49 307] tts        654  TTS_MSG_SYN  0  
[2025/08/10 20:04:49 307] tts        451  synth|use local  
[2025/08/10 20:04:49 310] tts        657  TTS_MSG_GETAUDIO  0  
[2025/08/10 20:04:49 310] tts        485  get audio|use local  
[2025/08/10 20:04:49 310] tts        527  0  nil  1  
[2025/08/10 20:04:49 311] tts        657  TTS_MSG_GETAUDIO  0  
[2025/08/10 20:04:49 311] tts        485  get audio|use local  
[2025/08/10 20:04:49 311] tts        527  0  nil  1  
[2025/08/10 20:04:49 312] tts        657  TTS_MSG_GETAUDIO  0  
[2025/08/10 20:04:49 312] tts        485  get audio|use local  
[2025/08/10 20:04:49 313] tts        527  0  nil  1  
[2025/08/10 20:04:49 313] tts        657  TTS_MSG_GETAUDIO  0  
[2025/08/10 20:04:49 313] tts        485  get audio|use local  
[2025/08/10 20:04:49 314] tts        527  0  nil  1  
[2025/08/10 20:04:49 314] tts        657  TTS_MSG_GETAUDIO  0  
[2025/08/10 20:04:49 315] tts        485  get audio|use local  
[2025/08/10 20:04:49 315] tts        527  0  nil  1  
[2025/08/10 20:04:49 315] tts        657  TTS_MSG_GETAUDIO  0  
[2025/08/10 20:04:49 316] tts        485  get audio|use local  
[2025/08/10 20:04:49 316] tts        527  0  nil  1  
[2025/08/10 20:04:49 316] tts        657  TTS_MSG_GETAUDIO  0  
[2025/08/10 20:04:49 317] tts        485  get audio|use local  
[2025/08/10 20:04:49 317] tts        527  0  nil  1  
[2025/08/10 20:04:49 317] tts        657  TTS_MSG_GETAUDIO  0  
[2025/08/10 20:04:49 317] tts        485  get audio|use local  
[2025/08/10 20:04:49 318] tts        527  0  nil  1  
[2025/08/10 20:04:49 318] tts        657  TTS_MSG_GETAUDIO  0  
[2025/08/10 20:04:49 318] tts        485  get audio|use local  
[2025/08/10 20:04:49 319] tts        527  0  nil  1  
[2025/08/10 20:04:49 320] tts        657  TTS_MSG_GETAUDIO  0  
[2025/08/10 20:04:49 320] tts        485  get audio|use local  
[2025/08/10 20:04:49 320] tts        527  0  nil  1  
[2025/08/10 20:04:49 320] tts        657  TTS_MSG_GETAUDIO  0  
[2025/08/10 20:04:49 320] tts        485  get audio|use local  
[2025/08/10 20:04:49 321] tts        527  0  nil  1  
[2025/08/10 20:04:49 321] tts        657  TTS_MSG_GETAUDIO  0  
[2025/08/10 20:04:49 321] tts        485  get audio|use local  
[2025/08/10 20:04:49 321] tts        527  0  nil  1  
[2025/08/10 20:04:49 322] tts        657  TTS_MSG_GETAUDIO  0  
[2025/08/10 20:04:49 322] tts        485  get audio|use local  
[2025/08/10 20:04:49 322] tts        527  0  nil  1  
[2025/08/10 20:04:49 324] tts        657  TTS_MSG_GETAUDIO  0  
[2025/08/10 20:04:49 324] tts        485  get audio|use local  
[2025/08/10 20:04:49 324] tts        527  0  nil  1  
[2025/08/10 20:04:49 325] tts        657  TTS_MSG_GETAUDIO  0  
[2025/08/10 20:04:49 325] tts        485  get audio|use local  
[2025/08/10 20:04:49 325] tts        527  0  nil  1  
[2025/08/10 20:04:49 326] tts        657  TTS_MSG_GETAUDIO  0  
[2025/08/10 20:04:49 326] tts        485  get audio|use local  
[2025/08/10 20:04:49 326] tts        527  0  nil  1  
[2025/08/10 20:04:49 327] tts        657  TTS_MSG_GETAUDIO  0  
[2025/08/10 20:04:49 327] tts        485  get audio|use local  
[2025/08/10 20:04:49 327] tts        527  0  nil  1  
[2025/08/10 20:04:49 328] tts        657  TTS_MSG_GETAUDIO  0  
[2025/08/10 20:04:49 329] tts        485  get audio|use local  
[2025/08/10 20:04:49 329] tts        527  0  nil  1  
[2025/08/10 20:04:49 330] tts        657  TTS_MSG_GETAUDIO  0  
[2025/08/10 20:04:49 330] tts        485  get audio|use local  
[2025/08/10 20:04:49 330] tts        527  0  nil  1  
[2025/08/10 20:04:49 331] tts        657  TTS_MSG_GETAUDIO  0  
[2025/08/10 20:04:49 331] tts        485  get audio|use local  
[2025/08/10 20:04:49 331] tts        527  0  nil  1  
[2025/08/10 20:04:49 332] tts        657  TTS_MSG_GETAUDIO  0  
[2025/08/10 20:04:49 332] tts        485  get audio|use local  
[2025/08/10 20:04:49 332] tts        527  0  nil  1  
[2025/08/10 20:04:49 333] tts        657  TTS_MSG_GETAUDIO  0  
[2025/08/10 20:04:49 333] tts        485  get audio|use local  
[2025/08/10 20:04:49 333] tts        527  0  nil  1  
[2025/08/10 20:04:49 334] tts        657  TTS_MSG_GETAUDIO  0  
[2025/08/10 20:04:49 334] tts        485  get audio|use local  
[2025/08/10 20:04:49 334] tts        527  0  nil  1  
[2025/08/10 20:04:49 335] tts        657  TTS_MSG_GETAUDIO  0  
[2025/08/10 20:04:49 335] tts        485  get audio|use local  
[2025/08/10 20:04:49 335] tts        527  0  nil  1  
[2025/08/10 20:04:49 336] tts        657  TTS_MSG_GETAUDIO  0  
[2025/08/10 20:04:49 336] tts        485  get audio|use local  
[2025/08/10 20:04:49 336] tts        527  0  nil  1  
[2025/08/10 20:04:49 337] tts        657  TTS_MSG_GETAUDIO  0  
[2025/08/10 20:04:49 337] tts        485  get audio|use local  
[2025/08/10 20:04:49 337] tts        527  0  nil  1  
[2025/08/10 20:04:49 338] tts        657  TTS_MSG_GETAUDIO  0  
[2025/08/10 20:04:49 338] tts        485  get audio|use local  
[2025/08/10 20:04:49 338] tts        527  0  nil  1  
[2025/08/10 20:04:49 339] tts        657  TTS_MSG_GETAUDIO  0  
[2025/08/10 20:04:49 342] tts        485  get audio|use local  
[2025/08/10 20:04:49 342] tts        527  0  nil  1  
[2025/08/10 20:04:49 343] tts        657  TTS_MSG_GETAUDIO  0  
[2025/08/10 20:04:49 344] tts        485  get audio|use local  
[2025/08/10 20:04:49 344] tts        527  0  nil  1  
[2025/08/10 20:04:49 345] tts        657  TTS_MSG_GETAUDIO  0  
[2025/08/10 20:04:49 345] tts        485  get audio|use local  
[2025/08/10 20:04:49 345] tts        527  0  nil  1  
[2025/08/10 20:04:49 346] tts        657  TTS_MSG_GETAUDIO  0  
[2025/08/10 20:04:49 347] tts        485  get audio|use local  
[2025/08/10 20:04:49 347] tts        527  0  nil  1  
[2025/08/10 20:04:49 348] tts        657  TTS_MSG_GETAUDIO  0  
[2025/08/10 20:04:49 348] tts        485  get audio|use local  
[2025/08/10 20:04:49 348] tts        527  0  nil  1  
[2025/08/10 20:04:49 349] tts        657  TTS_MSG_GETAUDIO  0  
[2025/08/10 20:04:49 349] tts        485  get audio|use local  
[2025/08/10 20:04:49 350] tts        527  0  nil  1  
[2025/08/10 20:04:49 350] tts        657  TTS_MSG_GETAUDIO  0  
[2025/08/10 20:04:49 350] tts        485  get audio|use local  
[2025/08/10 20:04:49 351] tts        527  0  nil  1  
[2025/08/10 20:04:49 351] tts        657  TTS_MSG_GETAUDIO  0  
[2025/08/10 20:04:49 351] tts        485  get audio|use local  
[2025/08/10 20:04:49 351] tts        527  0  nil  1  
[2025/08/10 20:04:49 354] tts        657  TTS_MSG_GETAUDIO  0  
[2025/08/10 20:04:49 354] tts        485  get audio|use local  
[2025/08/10 20:04:49 354] tts        527  0  nil  1  
[2025/08/10 20:04:49 355] tts        657  TTS_MSG_GETAUDIO  0  
[2025/08/10 20:04:49 355] tts        485  get audio|use local  
[2025/08/10 20:04:49 356] tts        527  0  nil  1  
[2025/08/10 20:04:49 357] tts        657  TTS_MSG_GETAUDIO  0  
[2025/08/10 20:04:49 357] tts        485  get audio|use local  
[2025/08/10 20:04:49 357] tts        527  0  nil  1  
[2025/08/10 20:04:49 358] tts        657  TTS_MSG_GETAUDIO  0  
[2025/08/10 20:04:49 358] tts        485  get audio|use local  
[2025/08/10 20:04:49 358] tts        527  0  nil  1  
[2025/08/10 20:04:49 359] tts        657  TTS_MSG_GETAUDIO  0  
[2025/08/10 20:04:49 359] tts        485  get audio|use local  
[2025/08/10 20:04:49 359] tts        527  0  nil  1  
[2025/08/10 20:04:49 360] tts        657  TTS_MSG_GETAUDIO  0  
[2025/08/10 20:04:49 360] tts        485  get audio|use local  
[2025/08/10 20:04:49 360] tts        527  0  nil  1  
[2025/08/10 20:04:49 361] tts        657  TTS_MSG_GETAUDIO  0  
[2025/08/10 20:04:49 361] tts        485  get audio|use local  
[2025/08/10 20:04:49 361] tts        527  0  nil  1  
[2025/08/10 20:04:49 362] tts        657  TTS_MSG_GETAUDIO  0  
[2025/08/10 20:04:49 362] tts        485  get audio|use local  
[2025/08/10 20:04:49 362] tts        527  0  nil  1  
[2025/08/10 20:04:49 363] tts        657  TTS_MSG_GETAUDIO  0  
[2025/08/10 20:04:49 363] tts        485  get audio|use local  
[2025/08/10 20:04:49 363] tts        527  0  nil  1  
[2025/08/10 20:04:49 364] tts        657  TTS_MSG_GETAUDIO  0  
[2025/08/10 20:04:49 365] tts        485  get audio|use local  
[2025/08/10 20:04:49 365] tts        527  0  nil  1  
[2025/08/10 20:04:49 365] tts        657  TTS_MSG_GETAUDIO  0  
[2025/08/10 20:04:49 366] tts        485  get audio|use local  
[2025/08/10 20:04:49 366] tts        527  0  nil  1  
[2025/08/10 20:04:49 367] tts        657  TTS_MSG_GETAUDIO  0  
[2025/08/10 20:04:49 367] tts        485  get audio|use local  
[2025/08/10 20:04:49 367] tts        527  0  nil  1  
[2025/08/10 20:04:49 368] tts        657  TTS_MSG_GETAUDIO  0  
[2025/08/10 20:04:49 368] tts        485  get audio|use local  
[2025/08/10 20:04:49 368] tts        527  0  nil  1  
[2025/08/10 20:04:49 369] tts        657  TTS_MSG_GETAUDIO  0  
[2025/08/10 20:04:49 369] tts        485  get audio|use local  
[2025/08/10 20:04:49 369] tts        527  0  nil  1  
[2025/08/10 20:04:49 370] tts        657  TTS_MSG_GETAUDIO  0  
[2025/08/10 20:04:49 370] tts        485  get audio|use local  
[2025/08/10 20:04:49 371] tts        527  0  nil  1  
[2025/08/10 20:04:49 371] tts        657  TTS_MSG_GETAUDIO  0  
[2025/08/10 20:04:49 372] tts        485  get audio|use local  
[2025/08/10 20:04:49 372] tts        527  0  nil  1  
[2025/08/10 20:04:49 373] tts        657  TTS_MSG_GETAUDIO  0  
[2025/08/10 20:04:49 373] tts        485  get audio|use local  
[2025/08/10 20:04:49 373] tts        527  0  nil  1  
[2025/08/10 20:04:49 374] tts        657  TTS_MSG_GETAUDIO  0  
[2025/08/10 20:04:49 374] tts        485  get audio|use local  
[2025/08/10 20:04:49 374] tts        527  0  nil  1  
[2025/08/10 20:04:49 375] tts        657  TTS_MSG_GETAUDIO  0  
[2025/08/10 20:04:49 376] tts        485  get audio|use local  
[2025/08/10 20:04:49 376] tts        527  0  nil  1  
[2025/08/10 20:04:49 377] tts        657  TTS_MSG_GETAUDIO  0  
[2025/08/10 20:04:49 377] tts        485  get audio|use local  
[2025/08/10 20:04:49 377] tts        527  0  nil  1  
[2025/08/10 20:04:49 378] tts        657  TTS_MSG_GETAUDIO  0  
[2025/08/10 20:04:49 379] tts        485  get audio|use local  
[2025/08/10 20:04:49 379] tts        527  0  nil  1  
[2025/08/10 20:04:49 380] tts        657  TTS_MSG_GETAUDIO  0  
[2025/08/10 20:04:49 380] tts        485  get audio|use local  
[2025/08/10 20:04:49 381] tts        527  0  nil  1  
[2025/08/10 20:04:49 382] tts        657  TTS_MSG_GETAUDIO  0  
[2025/08/10 20:04:49 382] tts        485  get audio|use local  
[2025/08/10 20:04:49 383] tts        527  0  nil  1  
[2025/08/10 20:04:49 384] tts        299  TTS_LOCAL_CB_BEGIN  
[2025/08/10 20:04:49 385] tts        657  TTS_MSG_GETAUDIO  0  
[2025/08/10 20:04:49 385] tts        485  get audio|use local  
[2025/08/10 20:04:49 385] tts        527  0  nil  1  
[2025/08/10 20:04:49 386] tts        657  TTS_MSG_GETAUDIO  0  
[2025/08/10 20:04:49 386] tts        485  get audio|use local  
[2025/08/10 20:04:49 386] tts        527  0  nil  1  
[2025/08/10 20:04:49 387] tts        657  TTS_MSG_GETAUDIO  0  
[2025/08/10 20:04:49 387] tts        485  get audio|use local  
[2025/08/10 20:04:49 387] tts        527  0  nil  1  
[2025/08/10 20:04:49 389] tts        657  TTS_MSG_GETAUDIO  0  
[2025/08/10 20:04:49 389] tts        485  get audio|use local  
[2025/08/10 20:04:49 389] tts        527  0  nil  1  
[2025/08/10 20:04:49 390] tts        657  TTS_MSG_GETAUDIO  0  
[2025/08/10 20:04:49 390] tts        485  get audio|use local  
[2025/08/10 20:04:49 390] tts        527  0  nil  1  
[2025/08/10 20:04:49 391] tts        657  TTS_MSG_GETAUDIO  0  
[2025/08/10 20:04:49 391] tts        485  get audio|use local  
[2025/08/10 20:04:49 391] tts        527  0  nil  1  
[2025/08/10 20:04:49 393] tts        657  TTS_MSG_GETAUDIO  0  
[2025/08/10 20:04:49 393] tts        485  get audio|use local  
[2025/08/10 20:04:49 393] tts        498  local audiolen:  2042  ,ced:  14  
[2025/08/10 20:04:49 394] tts        527  0  udata(6807fbb8) 1  
[2025/08/10 20:04:49 395] tts        657  TTS_MSG_GETAUDIO  0  
[2025/08/10 20:04:49 395] tts        485  get audio|use local  
[2025/08/10 20:04:49 395] tts        498  local audiolen:  2016  ,ced:  14  
[2025/08/10 20:04:49 396] tts        527  0  udata(6807fe18) 1  
[2025/08/10 20:04:49 397] tts        657  TTS_MSG_GETAUDIO  0  
[2025/08/10 20:04:49 397] tts        485  get audio|use local  
[2025/08/10 20:04:49 398] tts        527  0  nil  1  
[2025/08/10 20:04:49 400] tts        657  TTS_MSG_GETAUDIO  0  
[2025/08/10 20:04:49 401] tts        485  get audio|use local  
[2025/08/10 20:04:49 401] tts        498  local audiolen:  1964  ,ced:  14  
[2025/08/10 20:04:49 401] tts        527  0  udata(680881f8) 1  
[2025/08/10 20:04:49 402] tts        657  TTS_MSG_GETAUDIO  0  
[2025/08/10 20:04:49 402] tts        485  get audio|use local  
[2025/08/10 20:04:49 402] tts        498  local audiolen:  1916  ,ced:  14  
[2025/08/10 20:04:49 403] tts        527  0  udata(68088048) 1  
[2025/08/10 20:04:49 404] tts        657  TTS_MSG_GETAUDIO  0  
[2025/08/10 20:04:49 404] tts        485  get audio|use local  
[2025/08/10 20:04:49 404] tts        498  local audiolen:  2018  ,ced:  14  
[2025/08/10 20:04:49 404] tts        527  0  udata(6807cc88) 1  
[2025/08/10 20:04:49 406] tts        657  TTS_MSG_GETAUDIO  0  
[2025/08/10 20:04:49 407] tts        485  get audio|use local  
[2025/08/10 20:04:49 407] tts        498  local audiolen:  2008  ,ced:  14  
[2025/08/10 20:04:49 407] tts        527  0  udata(6807ced8) 1  
[2025/08/10 20:04:49 409] tts        657  TTS_MSG_GETAUDIO  0  
[2025/08/10 20:04:49 410] tts        485  get audio|use local  
[2025/08/10 20:04:49 410] tts        498  local audiolen:  2046  ,ced:  14  
[2025/08/10 20:04:49 410] tts        527  0  udata(6807ddd8) 1  
[2025/08/10 20:04:49 412] tts        657  TTS_MSG_GETAUDIO  0  
[2025/08/10 20:04:49 412] tts        485  get audio|use local  
[2025/08/10 20:04:49 413] tts        498  local audiolen:  1972  ,ced:  14  
[2025/08/10 20:04:49 413] tts        527  0  udata(6807f8f8) 1  
[2025/08/10 20:04:49 414] tts        657  TTS_MSG_GETAUDIO  0  
[2025/08/10 20:04:49 414] tts        485  get audio|use local  
[2025/08/10 20:04:49 414] tts        498  local audiolen:  1934  ,ced:  14  
[2025/08/10 20:04:49 414] tts        527  0  udata(6807de78) 1  
[2025/08/10 20:04:49 417] tts        657  TTS_MSG_GETAUDIO  0  
[2025/08/10 20:04:49 417] tts        485  get audio|use local  
[2025/08/10 20:04:49 417] tts        498  local audiolen:  2018  ,ced:  14  
[2025/08/10 20:04:49 417] tts        527  0  udata(6807e0c8) 1  
[2025/08/10 20:04:49 422] tts        657  TTS_MSG_GETAUDIO  0  
[2025/08/10 20:04:49 422] tts        485  get audio|use local  
[2025/08/10 20:04:49 423] tts        498  local audiolen:  2040  ,ced:  14  
[2025/08/10 20:04:49 423] tts        527  0  udata(6807e418) 1  
[2025/08/10 20:04:49 425] tts        657  TTS_MSG_GETAUDIO  0  
[2025/08/10 20:04:49 425] tts        485  get audio|use local  
[2025/08/10 20:04:49 425] tts        498  local audiolen:  1958  ,ced:  14  
[2025/08/10 20:04:49 426] tts        527  0  udata(6807f398) 1  
[2025/08/10 20:04:49 427] tts        657  TTS_MSG_GETAUDIO  0  
[2025/08/10 20:04:49 427] tts        485  get audio|use local  
[2025/08/10 20:04:49 427] tts        498  local audiolen:  1998  ,ced:  14  
[2025/08/10 20:04:49 428] tts        527  0  udata(6807f4e8) 1  
[2025/08/10 20:04:49 430] tts        301  0  0  
[2025/08/10 20:04:49 430] tts        312  TTS_LOCAL_CB_END,  2  
[2025/08/10 20:04:49 431] tts        657  TTS_MSG_GETAUDIO  0  
[2025/08/10 20:04:49 431] tts        485  get audio|use local  
[2025/08/10 20:04:49 431] tts        498  local audiolen:  2016  ,ced:  14  
[2025/08/10 20:04:49 431] tts        527  0  udata(68022008) 1  
[2025/08/10 20:04:49 432] tts        657  TTS_MSG_GETAUDIO  0  
[2025/08/10 20:04:49 432] tts        485  get audio|use local  
[2025/08/10 20:04:49 432] tts        498  local audiolen:  2014  ,ced:  14  
[2025/08/10 20:04:49 432] tts        527  0  udata(68022058) 1  
[2025/08/10 20:04:49 433] tts        657  TTS_MSG_GETAUDIO  0  
[2025/08/10 20:04:49 433] tts        485  get audio|use local  
[2025/08/10 20:04:49 433] tts        498  local audiolen:  1938  ,ced:  14  
[2025/08/10 20:04:49 434] tts        527  0  udata(6807ef88) 1  
[2025/08/10 20:04:49 434] tts        657  TTS_MSG_GETAUDIO  0  
[2025/08/10 20:04:49 434] tts        485  get audio|use local  
[2025/08/10 20:04:49 435] tts        498  local audiolen:  1992  ,ced:  14  
[2025/08/10 20:04:49 435] tts        527  0  udata(6807e7d8) 1  
[2025/08/10 20:04:49 436] tts        657  TTS_MSG_GETAUDIO  0  
[2025/08/10 20:04:49 436] tts        485  get audio|use local  
[2025/08/10 20:04:49 436] tts        498  local audiolen:  2006  ,ced:  14  
[2025/08/10 20:04:49 436] tts        527  0  udata(6807e828) 1  
[2025/08/10 20:04:49 437] tts        657  TTS_MSG_GETAUDIO  0  
[2025/08/10 20:04:49 437] tts        485  get audio|use local  
[2025/08/10 20:04:49 437] tts        498  local audiolen:  2024  ,ced:  14  
[2025/08/10 20:04:49 437] tts        527  0  udata(6807e878) 1  
[2025/08/10 20:04:49 438] tts        657  TTS_MSG_GETAUDIO  0  
[2025/08/10 20:04:49 438] tts        485  get audio|use local  
[2025/08/10 20:04:49 439] tts        498  local audiolen:  1902  ,ced:  14  
[2025/08/10 20:04:49 439] tts        527  0  udata(6807e8c8) 1  
[2025/08/10 20:04:49 439] tts        657  TTS_MSG_GETAUDIO  0  
[2025/08/10 20:04:49 440] tts        485  get audio|use local  
[2025/08/10 20:04:49 440] tts        498  local audiolen:  1946  ,ced:  14  
[2025/08/10 20:04:49 440] tts        527  0  udata(6807e918) 1  
[2025/08/10 20:04:49 441] tts        657  TTS_MSG_GETAUDIO  0  
[2025/08/10 20:04:49 441] tts        485  get audio|use local  
[2025/08/10 20:04:49 441] tts        498  local audiolen:  1956  ,ced:  14  
[2025/08/10 20:04:49 441] tts        527  0  udata(6807e968) 1  
[2025/08/10 20:04:49 442] tts        657  TTS_MSG_GETAUDIO  0  
[2025/08/10 20:04:49 442] tts        485  get audio|use local  
[2025/08/10 20:04:49 442] tts        498  local audiolen:  864  ,ced:  14  
[2025/08/10 20:04:49 442] tts        527  0  udata(6807ed28) 2  
[2025/08/10 20:04:49 443] tts        660  TTS_MSG_SSE  
[2025/08/10 20:04:49 445] tts        585  sse|use local  
[2025/08/10 20:04:49 448] tts        603  tts exit  
