============================================================
Time  2025/07/10 16:08:10 384 
============================================================
[2025/07/10 16:08:10 384] tts        676  SYS_MSG_REGCB param0 =  msp_status_cb  param1 =  func(60014a30) 
[2025/07/10 16:08:10 388] config     43   use general cloud  
[2025/07/10 16:08:10 397] tts_cloud  1417 SYS_MSG_REGCB_CLOUD param0 =   msp_status_cb  param1 =  func(60014a30) 
[2025/07/10 16:08:10 398] tts        647  TTS_MSG_SSB  
[2025/07/10 16:08:10 398] tts        375  params =  engine_type = local,voice_name=xiaoyan, text_encoding = UTF8, tts_res_path = fo|res/tts/xiaoyan.jet;fo|res/tts/common.jet, sample_rate = 16000, speed = 50, volume = 80, pitch = 50, rdn = 2  
[2025/07/10 16:08:10 398] tts        412  ssb|use local  
[2025/07/10 16:08:10 398] tts        349  local_session_begin  
[2025/07/10 16:08:10 402] tts        654  TTS_MSG_SYN  0  
[2025/07/10 16:08:10 402] tts        451  synth|use local  
[2025/07/10 16:08:10 403] tts        657  TTS_MSG_GETAUDIO  0  
[2025/07/10 16:08:10 403] tts        485  get audio|use local  
[2025/07/10 16:08:10 404] tts        527  0  nil  1  
[2025/07/10 16:08:10 404] tts        657  TTS_MSG_GETAUDIO  0  
[2025/07/10 16:08:10 405] tts        485  get audio|use local  
[2025/07/10 16:08:10 405] tts        527  0  nil  1  
[2025/07/10 16:08:10 405] tts        657  TTS_MSG_GETAUDIO  0  
[2025/07/10 16:08:10 406] tts        485  get audio|use local  
[2025/07/10 16:08:10 406] tts        527  0  nil  1  
[2025/07/10 16:08:10 407] tts        657  TTS_MSG_GETAUDIO  0  
[2025/07/10 16:08:10 407] tts        485  get audio|use local  
[2025/07/10 16:08:10 408] tts        527  0  nil  1  
[2025/07/10 16:08:10 409] tts        657  TTS_MSG_GETAUDIO  0  
[2025/07/10 16:08:10 409] tts        485  get audio|use local  
[2025/07/10 16:08:10 410] tts        527  0  nil  1  
[2025/07/10 16:08:10 410] tts        657  TTS_MSG_GETAUDIO  0  
[2025/07/10 16:08:10 410] tts        485  get audio|use local  
[2025/07/10 16:08:10 410] tts        527  0  nil  1  
[2025/07/10 16:08:10 411] tts        657  TTS_MSG_GETAUDIO  0  
[2025/07/10 16:08:10 411] tts        485  get audio|use local  
[2025/07/10 16:08:10 412] tts        527  0  nil  1  
[2025/07/10 16:08:10 412] tts        657  TTS_MSG_GETAUDIO  0  
[2025/07/10 16:08:10 413] tts        485  get audio|use local  
[2025/07/10 16:08:10 413] tts        527  0  nil  1  
[2025/07/10 16:08:10 414] tts        657  TTS_MSG_GETAUDIO  0  
[2025/07/10 16:08:10 414] tts        485  get audio|use local  
[2025/07/10 16:08:10 414] tts        527  0  nil  1  
[2025/07/10 16:08:10 415] tts        657  TTS_MSG_GETAUDIO  0  
[2025/07/10 16:08:10 415] tts        485  get audio|use local  
[2025/07/10 16:08:10 415] tts        527  0  nil  1  
[2025/07/10 16:08:10 416] tts        657  TTS_MSG_GETAUDIO  0  
[2025/07/10 16:08:10 416] tts        485  get audio|use local  
[2025/07/10 16:08:10 416] tts        527  0  nil  1  
[2025/07/10 16:08:10 417] tts        657  TTS_MSG_GETAUDIO  0  
[2025/07/10 16:08:10 417] tts        485  get audio|use local  
[2025/07/10 16:08:10 417] tts        527  0  nil  1  
[2025/07/10 16:08:10 418] tts        657  TTS_MSG_GETAUDIO  0  
[2025/07/10 16:08:10 418] tts        485  get audio|use local  
[2025/07/10 16:08:10 418] tts        527  0  nil  1  
[2025/07/10 16:08:10 419] tts        657  TTS_MSG_GETAUDIO  0  
[2025/07/10 16:08:10 420] tts        485  get audio|use local  
[2025/07/10 16:08:10 420] tts        527  0  nil  1  
[2025/07/10 16:08:10 421] tts        657  TTS_MSG_GETAUDIO  0  
[2025/07/10 16:08:10 421] tts        485  get audio|use local  
[2025/07/10 16:08:10 421] tts        527  0  nil  1  
[2025/07/10 16:08:10 422] tts        657  TTS_MSG_GETAUDIO  0  
[2025/07/10 16:08:10 423] tts        485  get audio|use local  
[2025/07/10 16:08:10 423] tts        527  0  nil  1  
[2025/07/10 16:08:10 424] tts        657  TTS_MSG_GETAUDIO  0  
[2025/07/10 16:08:10 425] tts        485  get audio|use local  
[2025/07/10 16:08:10 425] tts        527  0  nil  1  
[2025/07/10 16:08:10 426] tts        657  TTS_MSG_GETAUDIO  0  
[2025/07/10 16:08:10 426] tts        485  get audio|use local  
[2025/07/10 16:08:10 427] tts        527  0  nil  1  
[2025/07/10 16:08:10 427] tts        657  TTS_MSG_GETAUDIO  0  
[2025/07/10 16:08:10 428] tts        485  get audio|use local  
[2025/07/10 16:08:10 428] tts        527  0  nil  1  
[2025/07/10 16:08:10 429] tts        657  TTS_MSG_GETAUDIO  0  
[2025/07/10 16:08:10 429] tts        485  get audio|use local  
[2025/07/10 16:08:10 429] tts        527  0  nil  1  
[2025/07/10 16:08:10 430] tts        657  TTS_MSG_GETAUDIO  0  
[2025/07/10 16:08:10 430] tts        485  get audio|use local  
[2025/07/10 16:08:10 430] tts        527  0  nil  1  
[2025/07/10 16:08:10 432] tts        657  TTS_MSG_GETAUDIO  0  
[2025/07/10 16:08:10 432] tts        485  get audio|use local  
[2025/07/10 16:08:10 432] tts        527  0  nil  1  
[2025/07/10 16:08:10 433] tts        657  TTS_MSG_GETAUDIO  0  
[2025/07/10 16:08:10 433] tts        485  get audio|use local  
[2025/07/10 16:08:10 433] tts        527  0  nil  1  
[2025/07/10 16:08:10 434] tts        657  TTS_MSG_GETAUDIO  0  
[2025/07/10 16:08:10 434] tts        485  get audio|use local  
[2025/07/10 16:08:10 434] tts        527  0  nil  1  
[2025/07/10 16:08:10 435] tts        657  TTS_MSG_GETAUDIO  0  
[2025/07/10 16:08:10 436] tts        485  get audio|use local  
[2025/07/10 16:08:10 436] tts        527  0  nil  1  
[2025/07/10 16:08:10 437] tts        657  TTS_MSG_GETAUDIO  0  
[2025/07/10 16:08:10 437] tts        485  get audio|use local  
[2025/07/10 16:08:10 438] tts        527  0  nil  1  
[2025/07/10 16:08:10 439] tts        657  TTS_MSG_GETAUDIO  0  
[2025/07/10 16:08:10 439] tts        485  get audio|use local  
[2025/07/10 16:08:10 439] tts        527  0  nil  1  
[2025/07/10 16:08:10 440] tts        657  TTS_MSG_GETAUDIO  0  
[2025/07/10 16:08:10 440] tts        485  get audio|use local  
[2025/07/10 16:08:10 440] tts        527  0  nil  1  
[2025/07/10 16:08:10 441] tts        657  TTS_MSG_GETAUDIO  0  
[2025/07/10 16:08:10 441] tts        485  get audio|use local  
[2025/07/10 16:08:10 441] tts        527  0  nil  1  
[2025/07/10 16:08:10 442] tts        657  TTS_MSG_GETAUDIO  0  
[2025/07/10 16:08:10 443] tts        485  get audio|use local  
[2025/07/10 16:08:10 443] tts        527  0  nil  1  
[2025/07/10 16:08:10 444] tts        657  TTS_MSG_GETAUDIO  0  
[2025/07/10 16:08:10 444] tts        485  get audio|use local  
[2025/07/10 16:08:10 444] tts        527  0  nil  1  
[2025/07/10 16:08:10 446] tts        657  TTS_MSG_GETAUDIO  0  
[2025/07/10 16:08:10 446] tts        485  get audio|use local  
[2025/07/10 16:08:10 447] tts        527  0  nil  1  
[2025/07/10 16:08:10 447] tts        657  TTS_MSG_GETAUDIO  0  
[2025/07/10 16:08:10 447] tts        485  get audio|use local  
[2025/07/10 16:08:10 448] tts        527  0  nil  1  
[2025/07/10 16:08:10 448] tts        657  TTS_MSG_GETAUDIO  0  
[2025/07/10 16:08:10 448] tts        485  get audio|use local  
[2025/07/10 16:08:10 449] tts        527  0  nil  1  
[2025/07/10 16:08:10 449] tts        657  TTS_MSG_GETAUDIO  0  
[2025/07/10 16:08:10 450] tts        485  get audio|use local  
[2025/07/10 16:08:10 450] tts        527  0  nil  1  
[2025/07/10 16:08:10 450] tts        657  TTS_MSG_GETAUDIO  0  
[2025/07/10 16:08:10 450] tts        485  get audio|use local  
[2025/07/10 16:08:10 451] tts        527  0  nil  1  
[2025/07/10 16:08:10 452] tts        657  TTS_MSG_GETAUDIO  0  
[2025/07/10 16:08:10 452] tts        485  get audio|use local  
[2025/07/10 16:08:10 452] tts        527  0  nil  1  
[2025/07/10 16:08:10 453] tts        657  TTS_MSG_GETAUDIO  0  
[2025/07/10 16:08:10 453] tts        485  get audio|use local  
[2025/07/10 16:08:10 454] tts        527  0  nil  1  
[2025/07/10 16:08:10 454] tts        657  TTS_MSG_GETAUDIO  0  
[2025/07/10 16:08:10 454] tts        485  get audio|use local  
[2025/07/10 16:08:10 454] tts        527  0  nil  1  
[2025/07/10 16:08:10 455] tts        657  TTS_MSG_GETAUDIO  0  
[2025/07/10 16:08:10 455] tts        485  get audio|use local  
[2025/07/10 16:08:10 455] tts        527  0  nil  1  
[2025/07/10 16:08:10 456] tts        657  TTS_MSG_GETAUDIO  0  
[2025/07/10 16:08:10 456] tts        485  get audio|use local  
[2025/07/10 16:08:10 457] tts        527  0  nil  1  
[2025/07/10 16:08:10 457] tts        657  TTS_MSG_GETAUDIO  0  
[2025/07/10 16:08:10 458] tts        485  get audio|use local  
[2025/07/10 16:08:10 458] tts        527  0  nil  1  
[2025/07/10 16:08:10 458] tts        657  TTS_MSG_GETAUDIO  0  
[2025/07/10 16:08:10 459] tts        485  get audio|use local  
[2025/07/10 16:08:10 459] tts        527  0  nil  1  
[2025/07/10 16:08:10 459] tts        657  TTS_MSG_GETAUDIO  0  
[2025/07/10 16:08:10 460] tts        485  get audio|use local  
[2025/07/10 16:08:10 460] tts        527  0  nil  1  
[2025/07/10 16:08:10 461] tts        657  TTS_MSG_GETAUDIO  0  
[2025/07/10 16:08:10 461] tts        485  get audio|use local  
[2025/07/10 16:08:10 461] tts        527  0  nil  1  
[2025/07/10 16:08:10 462] tts        657  TTS_MSG_GETAUDIO  0  
[2025/07/10 16:08:10 462] tts        485  get audio|use local  
[2025/07/10 16:08:10 462] tts        527  0  nil  1  
[2025/07/10 16:08:10 463] tts        657  TTS_MSG_GETAUDIO  0  
[2025/07/10 16:08:10 463] tts        485  get audio|use local  
[2025/07/10 16:08:10 463] tts        527  0  nil  1  
[2025/07/10 16:08:10 464] tts        657  TTS_MSG_GETAUDIO  0  
[2025/07/10 16:08:10 464] tts        485  get audio|use local  
[2025/07/10 16:08:10 465] tts        527  0  nil  1  
[2025/07/10 16:08:10 468] tts        657  TTS_MSG_GETAUDIO  0  
[2025/07/10 16:08:10 468] tts        485  get audio|use local  
[2025/07/10 16:08:10 468] tts        527  0  nil  1  
[2025/07/10 16:08:10 470] tts        657  TTS_MSG_GETAUDIO  0  
[2025/07/10 16:08:10 470] tts        485  get audio|use local  
[2025/07/10 16:08:10 470] tts        527  0  nil  1  
[2025/07/10 16:08:10 471] tts        657  TTS_MSG_GETAUDIO  0  
[2025/07/10 16:08:10 472] tts        485  get audio|use local  
[2025/07/10 16:08:10 472] tts        527  0  nil  1  
[2025/07/10 16:08:10 474] tts        657  TTS_MSG_GETAUDIO  0  
[2025/07/10 16:08:10 474] tts        485  get audio|use local  
[2025/07/10 16:08:10 474] tts        527  0  nil  1  
[2025/07/10 16:08:10 475] tts        657  TTS_MSG_GETAUDIO  0  
[2025/07/10 16:08:10 476] tts        485  get audio|use local  
[2025/07/10 16:08:10 476] tts        527  0  nil  1  
[2025/07/10 16:08:10 477] tts        657  TTS_MSG_GETAUDIO  0  
[2025/07/10 16:08:10 477] tts        485  get audio|use local  
[2025/07/10 16:08:10 477] tts        527  0  nil  1  
[2025/07/10 16:08:10 478] tts        657  TTS_MSG_GETAUDIO  0  
[2025/07/10 16:08:10 478] tts        485  get audio|use local  
[2025/07/10 16:08:10 478] tts        527  0  nil  1  
[2025/07/10 16:08:10 479] tts        657  TTS_MSG_GETAUDIO  0  
[2025/07/10 16:08:10 479] tts        485  get audio|use local  
[2025/07/10 16:08:10 480] tts        527  0  nil  1  
[2025/07/10 16:08:10 481] tts        657  TTS_MSG_GETAUDIO  0  
[2025/07/10 16:08:10 481] tts        485  get audio|use local  
[2025/07/10 16:08:10 481] tts        527  0  nil  1  
[2025/07/10 16:08:10 482] tts        657  TTS_MSG_GETAUDIO  0  
[2025/07/10 16:08:10 482] tts        485  get audio|use local  
[2025/07/10 16:08:10 482] tts        527  0  nil  1  
[2025/07/10 16:08:10 483] tts        657  TTS_MSG_GETAUDIO  0  
[2025/07/10 16:08:10 491] tts        485  get audio|use local  
[2025/07/10 16:08:10 491] tts        527  0  nil  1  
[2025/07/10 16:08:10 493] tts        657  TTS_MSG_GETAUDIO  0  
[2025/07/10 16:08:10 493] tts        485  get audio|use local  
[2025/07/10 16:08:10 494] tts        527  0  nil  1  
[2025/07/10 16:08:10 496] tts        657  TTS_MSG_GETAUDIO  0  
[2025/07/10 16:08:10 496] tts        485  get audio|use local  
[2025/07/10 16:08:10 496] tts        527  0  nil  1  
[2025/07/10 16:08:10 499] tts        657  TTS_MSG_GETAUDIO  0  
[2025/07/10 16:08:10 500] tts        485  get audio|use local  
[2025/07/10 16:08:10 500] tts        527  0  nil  1  
[2025/07/10 16:08:10 502] tts        657  TTS_MSG_GETAUDIO  0  
[2025/07/10 16:08:10 502] tts        485  get audio|use local  
[2025/07/10 16:08:10 503] tts        527  0  nil  1  
[2025/07/10 16:08:10 504] tts        657  TTS_MSG_GETAUDIO  0  
[2025/07/10 16:08:10 504] tts        485  get audio|use local  
[2025/07/10 16:08:10 504] tts        527  0  nil  1  
[2025/07/10 16:08:10 509] tts        657  TTS_MSG_GETAUDIO  0  
[2025/07/10 16:08:10 509] tts        485  get audio|use local  
[2025/07/10 16:08:10 509] tts        527  0  nil  1  
[2025/07/10 16:08:10 510] tts        657  TTS_MSG_GETAUDIO  0  
[2025/07/10 16:08:10 510] tts        485  get audio|use local  
[2025/07/10 16:08:10 511] tts        527  0  nil  1  
[2025/07/10 16:08:10 513] tts        657  TTS_MSG_GETAUDIO  0  
[2025/07/10 16:08:10 513] tts        485  get audio|use local  
[2025/07/10 16:08:10 513] tts        527  0  nil  1  
[2025/07/10 16:08:10 519] tts        657  TTS_MSG_GETAUDIO  0  
[2025/07/10 16:08:10 519] tts        485  get audio|use local  
[2025/07/10 16:08:10 520] tts        527  0  nil  1  
[2025/07/10 16:08:10 521] tts        657  TTS_MSG_GETAUDIO  0  
[2025/07/10 16:08:10 521] tts        485  get audio|use local  
[2025/07/10 16:08:10 521] tts        527  0  nil  1  
[2025/07/10 16:08:10 522] tts        657  TTS_MSG_GETAUDIO  0  
[2025/07/10 16:08:10 522] tts        485  get audio|use local  
[2025/07/10 16:08:10 522] tts        527  0  nil  1  
[2025/07/10 16:08:10 523] tts        657  TTS_MSG_GETAUDIO  0  
[2025/07/10 16:08:10 523] tts        485  get audio|use local  
[2025/07/10 16:08:10 523] tts        527  0  nil  1  
[2025/07/10 16:08:10 524] tts        657  TTS_MSG_GETAUDIO  0  
[2025/07/10 16:08:10 524] tts        485  get audio|use local  
[2025/07/10 16:08:10 524] tts        527  0  nil  1  
[2025/07/10 16:08:10 525] tts        657  TTS_MSG_GETAUDIO  0  
[2025/07/10 16:08:10 525] tts        485  get audio|use local  
[2025/07/10 16:08:10 526] tts        527  0  nil  1  
[2025/07/10 16:08:10 527] tts        657  TTS_MSG_GETAUDIO  0  
[2025/07/10 16:08:10 527] tts        485  get audio|use local  
[2025/07/10 16:08:10 527] tts        527  0  nil  1  
[2025/07/10 16:08:10 530] tts        657  TTS_MSG_GETAUDIO  0  
[2025/07/10 16:08:10 536] tts        485  get audio|use local  
[2025/07/10 16:08:10 537] tts        527  0  nil  1  
[2025/07/10 16:08:10 537] tts        299  TTS_LOCAL_CB_BEGIN  
[2025/07/10 16:08:10 540] tts        657  TTS_MSG_GETAUDIO  0  
[2025/07/10 16:08:10 541] tts        485  get audio|use local  
[2025/07/10 16:08:10 541] tts        498  local audiolen:  2042  ,ced:  16  
[2025/07/10 16:08:10 541] tts        527  0  udata(6006abc8) 1  
[2025/07/10 16:08:10 543] tts        657  TTS_MSG_GETAUDIO  0  
[2025/07/10 16:08:10 543] tts        485  get audio|use local  
[2025/07/10 16:08:10 543] tts        498  local audiolen:  2016  ,ced:  16  
[2025/07/10 16:08:10 543] tts        527  0  udata(60088088) 1  
[2025/07/10 16:08:10 546] tts        657  TTS_MSG_GETAUDIO  0  
[2025/07/10 16:08:10 546] tts        485  get audio|use local  
[2025/07/10 16:08:10 547] tts        498  local audiolen:  1970  ,ced:  16  
[2025/07/10 16:08:10 548] tts        527  0  udata(60088278) 1  
[2025/07/10 16:08:10 551] tts        657  TTS_MSG_GETAUDIO  0  
[2025/07/10 16:08:10 551] tts        485  get audio|use local  
[2025/07/10 16:08:10 552] tts        498  local audiolen:  1900  ,ced:  16  
[2025/07/10 16:08:10 552] tts        527  0  udata(60088018) 1  
[2025/07/10 16:08:10 556] tts        657  TTS_MSG_GETAUDIO  0  
[2025/07/10 16:08:10 556] tts        485  get audio|use local  
[2025/07/10 16:08:10 556] tts        498  local audiolen:  1972  ,ced:  16  
[2025/07/10 16:08:10 556] tts        527  0  udata(6007d218) 1  
[2025/07/10 16:08:10 558] tts        657  TTS_MSG_GETAUDIO  0  
[2025/07/10 16:08:10 558] tts        485  get audio|use local  
[2025/07/10 16:08:10 559] tts        498  local audiolen:  1982  ,ced:  16  
[2025/07/10 16:08:10 559] tts        527  0  udata(60087898) 1  
[2025/07/10 16:08:10 562] tts        657  TTS_MSG_GETAUDIO  0  
[2025/07/10 16:08:10 563] tts        485  get audio|use local  
[2025/07/10 16:08:10 564] tts        498  local audiolen:  2046  ,ced:  16  
[2025/07/10 16:08:10 564] tts        527  0  udata(60087ae8) 1  
[2025/07/10 16:08:10 566] tts        657  TTS_MSG_GETAUDIO  0  
[2025/07/10 16:08:10 566] tts        485  get audio|use local  
[2025/07/10 16:08:10 566] tts        498  local audiolen:  1970  ,ced:  16  
[2025/07/10 16:08:10 566] tts        527  0  udata(60087d38) 1  
[2025/07/10 16:08:10 568] tts        657  TTS_MSG_GETAUDIO  0  
[2025/07/10 16:08:10 568] tts        485  get audio|use local  
[2025/07/10 16:08:10 568] tts        498  local audiolen:  1932  ,ced:  16  
[2025/07/10 16:08:10 568] tts        527  0  udata(60087f88) 1  
[2025/07/10 16:08:10 570] tts        301  0  0  
[2025/07/10 16:08:10 571] tts        312  TTS_LOCAL_CB_END,  2  
[2025/07/10 16:08:10 572] tts        657  TTS_MSG_GETAUDIO  0  
[2025/07/10 16:08:10 572] tts        485  get audio|use local  
[2025/07/10 16:08:10 572] tts        498  local audiolen:  1996  ,ced:  16  
[2025/07/10 16:08:10 572] tts        527  0  udata(6007ee88) 1  
[2025/07/10 16:08:10 573] tts        657  TTS_MSG_GETAUDIO  0  
[2025/07/10 16:08:10 573] tts        485  get audio|use local  
[2025/07/10 16:08:10 574] tts        498  local audiolen:  2008  ,ced:  16  
[2025/07/10 16:08:10 574] tts        527  0  udata(6007eed8) 1  
[2025/07/10 16:08:10 575] tts        657  TTS_MSG_GETAUDIO  0  
[2025/07/10 16:08:10 575] tts        485  get audio|use local  
[2025/07/10 16:08:10 575] tts        498  local audiolen:  1934  ,ced:  16  
[2025/07/10 16:08:10 575] tts        527  0  udata(6007ef28) 1  
[2025/07/10 16:08:10 576] tts        657  TTS_MSG_GETAUDIO  0  
[2025/07/10 16:08:10 576] tts        485  get audio|use local  
[2025/07/10 16:08:10 576] tts        498  local audiolen:  1992  ,ced:  16  
[2025/07/10 16:08:10 577] tts        527  0  udata(6007ef78) 1  
[2025/07/10 16:08:10 577] tts        657  TTS_MSG_GETAUDIO  0  
[2025/07/10 16:08:10 578] tts        485  get audio|use local  
[2025/07/10 16:08:10 578] tts        498  local audiolen:  2016  ,ced:  16  
[2025/07/10 16:08:10 578] tts        527  0  udata(6007efc8) 1  
[2025/07/10 16:08:10 579] tts        657  TTS_MSG_GETAUDIO  0  
[2025/07/10 16:08:10 579] tts        485  get audio|use local  
[2025/07/10 16:08:10 579] tts        498  local audiolen:  1942  ,ced:  16  
[2025/07/10 16:08:10 579] tts        527  0  udata(6007f018) 1  
[2025/07/10 16:08:10 580] tts        657  TTS_MSG_GETAUDIO  0  
[2025/07/10 16:08:10 580] tts        485  get audio|use local  
[2025/07/10 16:08:10 581] tts        498  local audiolen:  2046  ,ced:  16  
[2025/07/10 16:08:10 581] tts        527  0  udata(6007f068) 1  
[2025/07/10 16:08:10 582] tts        657  TTS_MSG_GETAUDIO  0  
[2025/07/10 16:08:10 582] tts        485  get audio|use local  
[2025/07/10 16:08:10 582] tts        498  local audiolen:  1974  ,ced:  16  
[2025/07/10 16:08:10 582] tts        527  0  udata(6007f0b8) 1  
[2025/07/10 16:08:10 585] tts        657  TTS_MSG_GETAUDIO  0  
[2025/07/10 16:08:10 585] tts        485  get audio|use local  
[2025/07/10 16:08:10 586] tts        498  local audiolen:  2000  ,ced:  16  
[2025/07/10 16:08:10 586] tts        527  0  udata(6007f108) 1  
[2025/07/10 16:08:10 587] tts        657  TTS_MSG_GETAUDIO  0  
[2025/07/10 16:08:10 588] tts        485  get audio|use local  
[2025/07/10 16:08:10 588] tts        498  local audiolen:  2010  ,ced:  16  
[2025/07/10 16:08:10 588] tts        527  0  udata(6007f158) 1  
[2025/07/10 16:08:10 589] tts        657  TTS_MSG_GETAUDIO  0  
[2025/07/10 16:08:10 589] tts        485  get audio|use local  
[2025/07/10 16:08:10 589] tts        498  local audiolen:  1910  ,ced:  16  
[2025/07/10 16:08:10 590] tts        527  0  udata(6007f1a8) 1  
[2025/07/10 16:08:10 601] tts        657  TTS_MSG_GETAUDIO  0  
[2025/07/10 16:08:10 601] tts        485  get audio|use local  
[2025/07/10 16:08:10 601] tts        498  local audiolen:  1982  ,ced:  16  
[2025/07/10 16:08:10 602] tts        527  0  udata(6007f1f8) 1  
[2025/07/10 16:08:10 602] tts        657  TTS_MSG_GETAUDIO  0  
[2025/07/10 16:08:10 603] tts        485  get audio|use local  
[2025/07/10 16:08:10 603] tts        498  local audiolen:  1852  ,ced:  16  
[2025/07/10 16:08:10 603] tts        527  0  udata(6007f248) 1  
[2025/07/10 16:08:10 612] tts        657  TTS_MSG_GETAUDIO  0  
[2025/07/10 16:08:10 615] tts        485  get audio|use local  
[2025/07/10 16:08:10 615] tts        498  local audiolen:  1974  ,ced:  16  
[2025/07/10 16:08:10 615] tts        527  0  udata(6007f298) 1  
[2025/07/10 16:08:10 616] tts        657  TTS_MSG_GETAUDIO  0  
[2025/07/10 16:08:10 616] tts        485  get audio|use local  
[2025/07/10 16:08:10 617] tts        498  local audiolen:  960  ,ced:  16  
[2025/07/10 16:08:10 617] tts        527  0  udata(6007e078) 2  
[2025/07/10 16:08:10 622] tts        660  TTS_MSG_SSE  
[2025/07/10 16:08:10 626] tts        585  sse|use local  
[2025/07/10 16:08:10 629] tts        603  tts exit  
[2025/07/10 16:08:10 634] tts        667  SYS_MSG_UNLOAD  
