============================================================
Time  2025/08/10 20:35:02 489 
============================================================
[2025/08/10 20:35:02 490] tts        676  SYS_MSG_REGCB param0 =  msp_status_cb  param1 =  func(84014a30) 
[2025/08/10 20:35:02 497] config     43   use general cloud  
[2025/08/10 20:35:02 507] tts_cloud  1417 SYS_MSG_REGCB_CLOUD param0 =   msp_status_cb  param1 =  func(84014a30) 
[2025/08/10 20:35:02 507] tts        647  TTS_MSG_SSB  
[2025/08/10 20:35:02 507] tts        375  params =  engine_type = local,voice_name=xiaoyan, text_encoding = UTF8, tts_res_path = fo|res/tts/xiaoyan.jet;fo|res/tts/common.jet, sample_rate = 16000, speed = 50, volume = 80, pitch = 50, rdn = 2  
[2025/08/10 20:35:02 507] tts        412  ssb|use local  
[2025/08/10 20:35:02 508] tts        349  local_session_begin  
[2025/08/10 20:35:02 511] tts        654  TTS_MSG_SYN  0  
[2025/08/10 20:35:02 511] tts        451  synth|use local  
[2025/08/10 20:35:02 512] tts        657  TTS_MSG_GETAUDIO  0  
[2025/08/10 20:35:02 512] tts        485  get audio|use local  
[2025/08/10 20:35:02 512] tts        527  0  nil  1  
[2025/08/10 20:35:02 513] tts        657  TTS_MSG_GETAUDIO  0  
[2025/08/10 20:35:02 513] tts        485  get audio|use local  
[2025/08/10 20:35:02 513] tts        527  0  nil  1  
[2025/08/10 20:35:02 514] tts        657  TTS_MSG_GETAUDIO  0  
[2025/08/10 20:35:02 514] tts        485  get audio|use local  
[2025/08/10 20:35:02 514] tts        527  0  nil  1  
[2025/08/10 20:35:02 515] tts        657  TTS_MSG_GETAUDIO  0  
[2025/08/10 20:35:02 516] tts        485  get audio|use local  
[2025/08/10 20:35:02 516] tts        527  0  nil  1  
[2025/08/10 20:35:02 517] tts        657  TTS_MSG_GETAUDIO  0  
[2025/08/10 20:35:02 517] tts        485  get audio|use local  
[2025/08/10 20:35:02 517] tts        527  0  nil  1  
[2025/08/10 20:35:02 518] tts        657  TTS_MSG_GETAUDIO  0  
[2025/08/10 20:35:02 518] tts        485  get audio|use local  
[2025/08/10 20:35:02 518] tts        527  0  nil  1  
[2025/08/10 20:35:02 519] tts        657  TTS_MSG_GETAUDIO  0  
[2025/08/10 20:35:02 519] tts        485  get audio|use local  
[2025/08/10 20:35:02 519] tts        527  0  nil  1  
[2025/08/10 20:35:02 520] tts        657  TTS_MSG_GETAUDIO  0  
[2025/08/10 20:35:02 520] tts        485  get audio|use local  
[2025/08/10 20:35:02 521] tts        527  0  nil  1  
[2025/08/10 20:35:02 521] tts        657  TTS_MSG_GETAUDIO  0  
[2025/08/10 20:35:02 521] tts        485  get audio|use local  
[2025/08/10 20:35:02 522] tts        527  0  nil  1  
[2025/08/10 20:35:02 522] tts        657  TTS_MSG_GETAUDIO  0  
[2025/08/10 20:35:02 522] tts        485  get audio|use local  
[2025/08/10 20:35:02 523] tts        527  0  nil  1  
[2025/08/10 20:35:02 523] tts        657  TTS_MSG_GETAUDIO  0  
[2025/08/10 20:35:02 523] tts        485  get audio|use local  
[2025/08/10 20:35:02 523] tts        527  0  nil  1  
[2025/08/10 20:35:02 524] tts        657  TTS_MSG_GETAUDIO  0  
[2025/08/10 20:35:02 524] tts        485  get audio|use local  
[2025/08/10 20:35:02 525] tts        527  0  nil  1  
[2025/08/10 20:35:02 525] tts        657  TTS_MSG_GETAUDIO  0  
[2025/08/10 20:35:02 525] tts        485  get audio|use local  
[2025/08/10 20:35:02 525] tts        527  0  nil  1  
[2025/08/10 20:35:02 526] tts        657  TTS_MSG_GETAUDIO  0  
[2025/08/10 20:35:02 526] tts        485  get audio|use local  
[2025/08/10 20:35:02 526] tts        527  0  nil  1  
[2025/08/10 20:35:02 527] tts        657  TTS_MSG_GETAUDIO  0  
[2025/08/10 20:35:02 527] tts        485  get audio|use local  
[2025/08/10 20:35:02 527] tts        527  0  nil  1  
[2025/08/10 20:35:02 528] tts        657  TTS_MSG_GETAUDIO  0  
[2025/08/10 20:35:02 528] tts        485  get audio|use local  
[2025/08/10 20:35:02 528] tts        527  0  nil  1  
[2025/08/10 20:35:02 529] tts        657  TTS_MSG_GETAUDIO  0  
[2025/08/10 20:35:02 529] tts        485  get audio|use local  
[2025/08/10 20:35:02 529] tts        527  0  nil  1  
[2025/08/10 20:35:02 530] tts        657  TTS_MSG_GETAUDIO  0  
[2025/08/10 20:35:02 530] tts        485  get audio|use local  
[2025/08/10 20:35:02 530] tts        527  0  nil  1  
[2025/08/10 20:35:02 531] tts        657  TTS_MSG_GETAUDIO  0  
[2025/08/10 20:35:02 532] tts        485  get audio|use local  
[2025/08/10 20:35:02 532] tts        527  0  nil  1  
[2025/08/10 20:35:02 533] tts        657  TTS_MSG_GETAUDIO  0  
[2025/08/10 20:35:02 533] tts        485  get audio|use local  
[2025/08/10 20:35:02 533] tts        527  0  nil  1  
[2025/08/10 20:35:02 534] tts        657  TTS_MSG_GETAUDIO  0  
[2025/08/10 20:35:02 534] tts        485  get audio|use local  
[2025/08/10 20:35:02 534] tts        527  0  nil  1  
[2025/08/10 20:35:02 535] tts        657  TTS_MSG_GETAUDIO  0  
[2025/08/10 20:35:02 535] tts        485  get audio|use local  
[2025/08/10 20:35:02 536] tts        527  0  nil  1  
[2025/08/10 20:35:02 536] tts        657  TTS_MSG_GETAUDIO  0  
[2025/08/10 20:35:02 537] tts        485  get audio|use local  
[2025/08/10 20:35:02 537] tts        527  0  nil  1  
[2025/08/10 20:35:02 537] tts        657  TTS_MSG_GETAUDIO  0  
[2025/08/10 20:35:02 538] tts        485  get audio|use local  
[2025/08/10 20:35:02 538] tts        527  0  nil  1  
[2025/08/10 20:35:02 540] tts        657  TTS_MSG_GETAUDIO  0  
[2025/08/10 20:35:02 540] tts        485  get audio|use local  
[2025/08/10 20:35:02 540] tts        527  0  nil  1  
[2025/08/10 20:35:02 541] tts        657  TTS_MSG_GETAUDIO  0  
[2025/08/10 20:35:02 541] tts        485  get audio|use local  
[2025/08/10 20:35:02 542] tts        527  0  nil  1  
[2025/08/10 20:35:02 542] tts        657  TTS_MSG_GETAUDIO  0  
[2025/08/10 20:35:02 543] tts        485  get audio|use local  
[2025/08/10 20:35:02 543] tts        527  0  nil  1  
[2025/08/10 20:35:02 544] tts        657  TTS_MSG_GETAUDIO  0  
[2025/08/10 20:35:02 544] tts        485  get audio|use local  
[2025/08/10 20:35:02 544] tts        527  0  nil  1  
[2025/08/10 20:35:02 545] tts        657  TTS_MSG_GETAUDIO  0  
[2025/08/10 20:35:02 545] tts        485  get audio|use local  
[2025/08/10 20:35:02 545] tts        527  0  nil  1  
[2025/08/10 20:35:02 546] tts        657  TTS_MSG_GETAUDIO  0  
[2025/08/10 20:35:02 546] tts        485  get audio|use local  
[2025/08/10 20:35:02 546] tts        527  0  nil  1  
[2025/08/10 20:35:02 547] tts        657  TTS_MSG_GETAUDIO  0  
[2025/08/10 20:35:02 547] tts        485  get audio|use local  
[2025/08/10 20:35:02 547] tts        527  0  nil  1  
[2025/08/10 20:35:02 548] tts        657  TTS_MSG_GETAUDIO  0  
[2025/08/10 20:35:02 548] tts        485  get audio|use local  
[2025/08/10 20:35:02 549] tts        527  0  nil  1  
[2025/08/10 20:35:02 550] tts        657  TTS_MSG_GETAUDIO  0  
[2025/08/10 20:35:02 550] tts        485  get audio|use local  
[2025/08/10 20:35:02 550] tts        527  0  nil  1  
[2025/08/10 20:35:02 551] tts        657  TTS_MSG_GETAUDIO  0  
[2025/08/10 20:35:02 551] tts        485  get audio|use local  
[2025/08/10 20:35:02 551] tts        527  0  nil  1  
[2025/08/10 20:35:02 553] tts        657  TTS_MSG_GETAUDIO  0  
[2025/08/10 20:35:02 553] tts        485  get audio|use local  
[2025/08/10 20:35:02 553] tts        527  0  nil  1  
[2025/08/10 20:35:02 554] tts        657  TTS_MSG_GETAUDIO  0  
[2025/08/10 20:35:02 554] tts        485  get audio|use local  
[2025/08/10 20:35:02 554] tts        527  0  nil  1  
[2025/08/10 20:35:02 555] tts        657  TTS_MSG_GETAUDIO  0  
[2025/08/10 20:35:02 555] tts        485  get audio|use local  
[2025/08/10 20:35:02 555] tts        527  0  nil  1  
[2025/08/10 20:35:02 556] tts        657  TTS_MSG_GETAUDIO  0  
[2025/08/10 20:35:02 556] tts        485  get audio|use local  
[2025/08/10 20:35:02 556] tts        527  0  nil  1  
[2025/08/10 20:35:02 558] tts        657  TTS_MSG_GETAUDIO  0  
[2025/08/10 20:35:02 558] tts        485  get audio|use local  
[2025/08/10 20:35:02 558] tts        527  0  nil  1  
[2025/08/10 20:35:02 561] tts        657  TTS_MSG_GETAUDIO  0  
[2025/08/10 20:35:02 562] tts        485  get audio|use local  
[2025/08/10 20:35:02 562] tts        527  0  nil  1  
[2025/08/10 20:35:02 564] tts        657  TTS_MSG_GETAUDIO  0  
[2025/08/10 20:35:02 564] tts        485  get audio|use local  
[2025/08/10 20:35:02 564] tts        527  0  nil  1  
[2025/08/10 20:35:02 565] tts        657  TTS_MSG_GETAUDIO  0  
[2025/08/10 20:35:02 565] tts        485  get audio|use local  
[2025/08/10 20:35:02 565] tts        527  0  nil  1  
[2025/08/10 20:35:02 565] tts        657  TTS_MSG_GETAUDIO  0  
[2025/08/10 20:35:02 566] tts        485  get audio|use local  
[2025/08/10 20:35:02 566] tts        527  0  nil  1  
[2025/08/10 20:35:02 566] tts        657  TTS_MSG_GETAUDIO  0  
[2025/08/10 20:35:02 566] tts        485  get audio|use local  
[2025/08/10 20:35:02 566] tts        527  0  nil  1  
[2025/08/10 20:35:02 568] tts        657  TTS_MSG_GETAUDIO  0  
[2025/08/10 20:35:02 569] tts        485  get audio|use local  
[2025/08/10 20:35:02 569] tts        527  0  nil  1  
[2025/08/10 20:35:02 570] tts        657  TTS_MSG_GETAUDIO  0  
[2025/08/10 20:35:02 570] tts        485  get audio|use local  
[2025/08/10 20:35:02 570] tts        527  0  nil  1  
[2025/08/10 20:35:02 571] tts        657  TTS_MSG_GETAUDIO  0  
[2025/08/10 20:35:02 571] tts        485  get audio|use local  
[2025/08/10 20:35:02 571] tts        527  0  nil  1  
[2025/08/10 20:35:02 571] tts        657  TTS_MSG_GETAUDIO  0  
[2025/08/10 20:35:02 571] tts        485  get audio|use local  
[2025/08/10 20:35:02 572] tts        527  0  nil  1  
[2025/08/10 20:35:02 572] tts        657  TTS_MSG_GETAUDIO  0  
[2025/08/10 20:35:02 572] tts        485  get audio|use local  
[2025/08/10 20:35:02 572] tts        527  0  nil  1  
[2025/08/10 20:35:02 573] tts        657  TTS_MSG_GETAUDIO  0  
[2025/08/10 20:35:02 573] tts        485  get audio|use local  
[2025/08/10 20:35:02 574] tts        527  0  nil  1  
[2025/08/10 20:35:02 575] tts        657  TTS_MSG_GETAUDIO  0  
[2025/08/10 20:35:02 575] tts        485  get audio|use local  
[2025/08/10 20:35:02 576] tts        527  0  nil  1  
[2025/08/10 20:35:02 576] tts        657  TTS_MSG_GETAUDIO  0  
[2025/08/10 20:35:02 576] tts        485  get audio|use local  
[2025/08/10 20:35:02 576] tts        527  0  nil  1  
[2025/08/10 20:35:02 577] tts        657  TTS_MSG_GETAUDIO  0  
[2025/08/10 20:35:02 577] tts        485  get audio|use local  
[2025/08/10 20:35:02 577] tts        527  0  nil  1  
[2025/08/10 20:35:02 577] tts        657  TTS_MSG_GETAUDIO  0  
[2025/08/10 20:35:02 577] tts        485  get audio|use local  
[2025/08/10 20:35:02 578] tts        527  0  nil  1  
[2025/08/10 20:35:02 578] tts        657  TTS_MSG_GETAUDIO  0  
[2025/08/10 20:35:02 578] tts        485  get audio|use local  
[2025/08/10 20:35:02 578] tts        527  0  nil  1  
[2025/08/10 20:35:02 579] tts        657  TTS_MSG_GETAUDIO  0  
[2025/08/10 20:35:02 579] tts        485  get audio|use local  
[2025/08/10 20:35:02 579] tts        527  0  nil  1  
[2025/08/10 20:35:02 579] tts        657  TTS_MSG_GETAUDIO  0  
[2025/08/10 20:35:02 579] tts        485  get audio|use local  
[2025/08/10 20:35:02 579] tts        527  0  nil  1  
[2025/08/10 20:35:02 580] tts        657  TTS_MSG_GETAUDIO  0  
[2025/08/10 20:35:02 580] tts        485  get audio|use local  
[2025/08/10 20:35:02 580] tts        527  0  nil  1  
[2025/08/10 20:35:02 581] tts        657  TTS_MSG_GETAUDIO  0  
[2025/08/10 20:35:02 581] tts        485  get audio|use local  
[2025/08/10 20:35:02 581] tts        527  0  nil  1  
[2025/08/10 20:35:02 582] tts        657  TTS_MSG_GETAUDIO  0  
[2025/08/10 20:35:02 582] tts        485  get audio|use local  
[2025/08/10 20:35:02 582] tts        527  0  nil  1  
[2025/08/10 20:35:02 582] tts        657  TTS_MSG_GETAUDIO  0  
[2025/08/10 20:35:02 582] tts        485  get audio|use local  
[2025/08/10 20:35:02 582] tts        527  0  nil  1  
[2025/08/10 20:35:02 583] tts        657  TTS_MSG_GETAUDIO  0  
[2025/08/10 20:35:02 583] tts        485  get audio|use local  
[2025/08/10 20:35:02 583] tts        527  0  nil  1  
[2025/08/10 20:35:02 583] tts        657  TTS_MSG_GETAUDIO  0  
[2025/08/10 20:35:02 584] tts        485  get audio|use local  
[2025/08/10 20:35:02 584] tts        527  0  nil  1  
[2025/08/10 20:35:02 588] tts        657  TTS_MSG_GETAUDIO  0  
[2025/08/10 20:35:02 588] tts        485  get audio|use local  
[2025/08/10 20:35:02 588] tts        527  0  nil  1  
[2025/08/10 20:35:02 588] tts        657  TTS_MSG_GETAUDIO  0  
[2025/08/10 20:35:02 588] tts        485  get audio|use local  
[2025/08/10 20:35:02 589] tts        527  0  nil  1  
[2025/08/10 20:35:02 589] tts        657  TTS_MSG_GETAUDIO  0  
[2025/08/10 20:35:02 589] tts        485  get audio|use local  
[2025/08/10 20:35:02 589] tts        527  0  nil  1  
[2025/08/10 20:35:02 590] tts        657  TTS_MSG_GETAUDIO  0  
[2025/08/10 20:35:02 590] tts        485  get audio|use local  
[2025/08/10 20:35:02 590] tts        527  0  nil  1  
[2025/08/10 20:35:02 591] tts        657  TTS_MSG_GETAUDIO  0  
[2025/08/10 20:35:02 591] tts        485  get audio|use local  
[2025/08/10 20:35:02 591] tts        527  0  nil  1  
[2025/08/10 20:35:02 596] tts        657  TTS_MSG_GETAUDIO  0  
[2025/08/10 20:35:02 596] tts        485  get audio|use local  
[2025/08/10 20:35:02 596] tts        527  0  nil  1  
[2025/08/10 20:35:02 602] tts        657  TTS_MSG_GETAUDIO  0  
[2025/08/10 20:35:02 603] tts        485  get audio|use local  
[2025/08/10 20:35:02 604] tts        527  0  nil  1  
[2025/08/10 20:35:02 604] tts        299  TTS_LOCAL_CB_BEGIN  
[2025/08/10 20:35:02 605] tts        657  TTS_MSG_GETAUDIO  0  
[2025/08/10 20:35:02 605] tts        485  get audio|use local  
[2025/08/10 20:35:02 606] tts        527  0  nil  1  
[2025/08/10 20:35:02 609] tts        657  TTS_MSG_GETAUDIO  0  
[2025/08/10 20:35:02 609] tts        485  get audio|use local  
[2025/08/10 20:35:02 609] tts        527  0  nil  1  
[2025/08/10 20:35:02 617] tts        657  TTS_MSG_GETAUDIO  0  
[2025/08/10 20:35:02 617] tts        485  get audio|use local  
[2025/08/10 20:35:02 617] tts        527  0  nil  1  
[2025/08/10 20:35:02 618] tts        657  TTS_MSG_GETAUDIO  0  
[2025/08/10 20:35:02 618] tts        485  get audio|use local  
[2025/08/10 20:35:02 618] tts        527  0  nil  1  
[2025/08/10 20:35:02 620] tts        657  TTS_MSG_GETAUDIO  0  
[2025/08/10 20:35:02 620] tts        485  get audio|use local  
[2025/08/10 20:35:02 620] tts        527  0  nil  1  
[2025/08/10 20:35:02 626] tts        657  TTS_MSG_GETAUDIO  0  
[2025/08/10 20:35:02 626] tts        485  get audio|use local  
[2025/08/10 20:35:02 626] tts        527  0  nil  1  
[2025/08/10 20:35:02 628] tts        657  TTS_MSG_GETAUDIO  0  
[2025/08/10 20:35:02 628] tts        485  get audio|use local  
[2025/08/10 20:35:02 628] tts        527  0  nil  1  
[2025/08/10 20:35:02 629] tts        657  TTS_MSG_GETAUDIO  0  
[2025/08/10 20:35:02 629] tts        485  get audio|use local  
[2025/08/10 20:35:02 630] tts        527  0  nil  1  
[2025/08/10 20:35:02 630] tts        657  TTS_MSG_GETAUDIO  0  
[2025/08/10 20:35:02 630] tts        485  get audio|use local  
[2025/08/10 20:35:02 631] tts        527  0  nil  1  
[2025/08/10 20:35:02 632] tts        657  TTS_MSG_GETAUDIO  0  
[2025/08/10 20:35:02 633] tts        485  get audio|use local  
[2025/08/10 20:35:02 633] tts        527  0  nil  1  
[2025/08/10 20:35:02 634] tts        657  TTS_MSG_GETAUDIO  0  
[2025/08/10 20:35:02 634] tts        485  get audio|use local  
[2025/08/10 20:35:02 634] tts        527  0  nil  1  
[2025/08/10 20:35:02 634] tts        657  TTS_MSG_GETAUDIO  0  
[2025/08/10 20:35:02 634] tts        485  get audio|use local  
[2025/08/10 20:35:02 635] tts        527  0  nil  1  
[2025/08/10 20:35:02 635] tts        657  TTS_MSG_GETAUDIO  0  
[2025/08/10 20:35:02 635] tts        485  get audio|use local  
[2025/08/10 20:35:02 636] tts        527  0  nil  1  
[2025/08/10 20:35:02 636] tts        657  TTS_MSG_GETAUDIO  0  
[2025/08/10 20:35:02 636] tts        485  get audio|use local  
[2025/08/10 20:35:02 636] tts        527  0  nil  1  
[2025/08/10 20:35:02 637] tts        657  TTS_MSG_GETAUDIO  0  
[2025/08/10 20:35:02 637] tts        485  get audio|use local  
[2025/08/10 20:35:02 637] tts        527  0  nil  1  
[2025/08/10 20:35:02 638] tts        657  TTS_MSG_GETAUDIO  0  
[2025/08/10 20:35:02 638] tts        485  get audio|use local  
[2025/08/10 20:35:02 638] tts        527  0  nil  1  
[2025/08/10 20:35:02 639] tts        657  TTS_MSG_GETAUDIO  0  
[2025/08/10 20:35:02 639] tts        485  get audio|use local  
[2025/08/10 20:35:02 639] tts        527  0  nil  1  
[2025/08/10 20:35:02 640] tts        657  TTS_MSG_GETAUDIO  0  
[2025/08/10 20:35:02 641] tts        485  get audio|use local  
[2025/08/10 20:35:02 641] tts        527  0  nil  1  
[2025/08/10 20:35:02 642] tts        657  TTS_MSG_GETAUDIO  0  
[2025/08/10 20:35:02 643] tts        485  get audio|use local  
[2025/08/10 20:35:02 643] tts        498  local audiolen:  2042  ,ced:  14  
[2025/08/10 20:35:02 643] tts        527  0  udata(8407f408) 1  
[2025/08/10 20:35:02 644] tts        657  TTS_MSG_GETAUDIO  0  
[2025/08/10 20:35:02 644] tts        485  get audio|use local  
[2025/08/10 20:35:02 644] tts        498  local audiolen:  2016  ,ced:  14  
[2025/08/10 20:35:02 644] tts        527  0  udata(8407f4f8) 1  
[2025/08/10 20:35:02 647] tts        657  TTS_MSG_GETAUDIO  0  
[2025/08/10 20:35:02 647] tts        485  get audio|use local  
[2025/08/10 20:35:02 648] tts        498  local audiolen:  1964  ,ced:  14  
[2025/08/10 20:35:02 648] tts        527  0  udata(8407ca58) 1  
[2025/08/10 20:35:02 653] tts        657  TTS_MSG_GETAUDIO  0  
[2025/08/10 20:35:02 654] tts        485  get audio|use local  
[2025/08/10 20:35:02 654] tts        498  local audiolen:  1916  ,ced:  14  
[2025/08/10 20:35:02 654] tts        527  0  udata(84088068) 1  
[2025/08/10 20:35:02 656] tts        657  TTS_MSG_GETAUDIO  0  
[2025/08/10 20:35:02 657] tts        485  get audio|use local  
[2025/08/10 20:35:02 657] tts        498  local audiolen:  2018  ,ced:  14  
[2025/08/10 20:35:02 657] tts        527  0  udata(840878d8) 1  
[2025/08/10 20:35:02 660] tts        657  TTS_MSG_GETAUDIO  0  
[2025/08/10 20:35:02 660] tts        485  get audio|use local  
[2025/08/10 20:35:02 660] tts        498  local audiolen:  2008  ,ced:  14  
[2025/08/10 20:35:02 661] tts        527  0  udata(8407eef8) 1  
[2025/08/10 20:35:02 663] tts        657  TTS_MSG_GETAUDIO  0  
[2025/08/10 20:35:02 663] tts        485  get audio|use local  
[2025/08/10 20:35:02 663] tts        498  local audiolen:  2046  ,ced:  14  
[2025/08/10 20:35:02 663] tts        527  0  udata(8407f148) 1  
[2025/08/10 20:35:02 666] tts        657  TTS_MSG_GETAUDIO  0  
[2025/08/10 20:35:02 666] tts        485  get audio|use local  
[2025/08/10 20:35:02 666] tts        498  local audiolen:  1972  ,ced:  14  
[2025/08/10 20:35:02 666] tts        527  0  udata(84087e38) 1  
[2025/08/10 20:35:02 668] tts        301  0  0  
[2025/08/10 20:35:02 669] tts        312  TTS_LOCAL_CB_END,  2  
[2025/08/10 20:35:02 669] tts        657  TTS_MSG_GETAUDIO  0  
[2025/08/10 20:35:02 669] tts        485  get audio|use local  
[2025/08/10 20:35:02 669] tts        498  local audiolen:  1934  ,ced:  14  
[2025/08/10 20:35:02 670] tts        527  0  udata(8407e668) 1  
[2025/08/10 20:35:02 671] tts        657  TTS_MSG_GETAUDIO  0  
[2025/08/10 20:35:02 671] tts        485  get audio|use local  
[2025/08/10 20:35:02 671] tts        498  local audiolen:  2018  ,ced:  14  
[2025/08/10 20:35:02 671] tts        527  0  udata(8407e6b8) 1  
[2025/08/10 20:35:02 672] tts        657  TTS_MSG_GETAUDIO  0  
[2025/08/10 20:35:02 672] tts        485  get audio|use local  
[2025/08/10 20:35:02 673] tts        498  local audiolen:  2040  ,ced:  14  
[2025/08/10 20:35:02 674] tts        527  0  udata(8407e708) 1  
[2025/08/10 20:35:02 675] tts        657  TTS_MSG_GETAUDIO  0  
[2025/08/10 20:35:02 675] tts        485  get audio|use local  
[2025/08/10 20:35:02 675] tts        498  local audiolen:  1958  ,ced:  14  
[2025/08/10 20:35:02 675] tts        527  0  udata(8407e758) 1  
[2025/08/10 20:35:02 676] tts        657  TTS_MSG_GETAUDIO  0  
[2025/08/10 20:35:02 676] tts        485  get audio|use local  
[2025/08/10 20:35:02 676] tts        498  local audiolen:  1998  ,ced:  14  
[2025/08/10 20:35:02 676] tts        527  0  udata(8407e7a8) 1  
[2025/08/10 20:35:02 677] tts        657  TTS_MSG_GETAUDIO  0  
[2025/08/10 20:35:02 677] tts        485  get audio|use local  
[2025/08/10 20:35:02 677] tts        498  local audiolen:  2016  ,ced:  14  
[2025/08/10 20:35:02 677] tts        527  0  udata(8407e7f8) 1  
[2025/08/10 20:35:02 678] tts        657  TTS_MSG_GETAUDIO  0  
[2025/08/10 20:35:02 678] tts        485  get audio|use local  
[2025/08/10 20:35:02 678] tts        498  local audiolen:  2014  ,ced:  14  
[2025/08/10 20:35:02 678] tts        527  0  udata(8407e848) 1  
[2025/08/10 20:35:02 679] tts        657  TTS_MSG_GETAUDIO  0  
[2025/08/10 20:35:02 679] tts        485  get audio|use local  
[2025/08/10 20:35:02 679] tts        498  local audiolen:  1938  ,ced:  14  
[2025/08/10 20:35:02 680] tts        527  0  udata(8407e898) 1  
[2025/08/10 20:35:02 681] tts        657  TTS_MSG_GETAUDIO  0  
[2025/08/10 20:35:02 681] tts        485  get audio|use local  
[2025/08/10 20:35:02 681] tts        498  local audiolen:  1992  ,ced:  14  
[2025/08/10 20:35:02 681] tts        527  0  udata(8407e8e8) 1  
[2025/08/10 20:35:02 682] tts        657  TTS_MSG_GETAUDIO  0  
[2025/08/10 20:35:02 682] tts        485  get audio|use local  
[2025/08/10 20:35:02 682] tts        498  local audiolen:  2006  ,ced:  14  
[2025/08/10 20:35:02 682] tts        527  0  udata(8407e938) 1  
[2025/08/10 20:35:02 683] tts        657  TTS_MSG_GETAUDIO  0  
[2025/08/10 20:35:02 683] tts        485  get audio|use local  
[2025/08/10 20:35:02 683] tts        498  local audiolen:  2024  ,ced:  14  
[2025/08/10 20:35:02 683] tts        527  0  udata(8407e988) 1  
[2025/08/10 20:35:02 684] tts        657  TTS_MSG_GETAUDIO  0  
[2025/08/10 20:35:02 684] tts        485  get audio|use local  
[2025/08/10 20:35:02 684] tts        498  local audiolen:  1902  ,ced:  14  
[2025/08/10 20:35:02 684] tts        527  0  udata(8407e378) 1  
[2025/08/10 20:35:02 684] tts        657  TTS_MSG_GETAUDIO  0  
[2025/08/10 20:35:02 684] tts        485  get audio|use local  
[2025/08/10 20:35:02 685] tts        498  local audiolen:  1946  ,ced:  14  
[2025/08/10 20:35:02 685] tts        527  0  udata(8407e9d8) 1  
[2025/08/10 20:35:02 685] tts        657  TTS_MSG_GETAUDIO  0  
[2025/08/10 20:35:02 685] tts        485  get audio|use local  
[2025/08/10 20:35:02 685] tts        498  local audiolen:  1956  ,ced:  14  
[2025/08/10 20:35:02 685] tts        527  0  udata(8407ea28) 1  
[2025/08/10 20:35:02 686] tts        657  TTS_MSG_GETAUDIO  0  
[2025/08/10 20:35:02 686] tts        485  get audio|use local  
[2025/08/10 20:35:02 686] tts        498  local audiolen:  864  ,ced:  14  
[2025/08/10 20:35:02 686] tts        527  0  udata(8407df68) 2  
[2025/08/10 20:35:02 687] tts        660  TTS_MSG_SSE  
[2025/08/10 20:35:02 688] tts        585  sse|use local  
[2025/08/10 20:35:02 690] tts        603  tts exit  
