============================================================
Time  2025/08/10 20:02:15 882 
============================================================
[2025/08/10 20:02:15 882] tts        676  SYS_MSG_REGCB param0 =  msp_status_cb  param1 =  func(6c014a30) 
[2025/08/10 20:02:15 887] config     43   use general cloud  
[2025/08/10 20:02:15 896] tts_cloud  1417 SYS_MSG_REGCB_CLOUD param0 =   msp_status_cb  param1 =  func(6c014a30) 
[2025/08/10 20:02:15 896] tts        647  TTS_MSG_SSB  
[2025/08/10 20:02:15 897] tts        375  params =  engine_type = local,voice_name=xiaoyan, text_encoding = UTF8, tts_res_path = fo|res/tts/xiaoyan.jet;fo|res/tts/common.jet, sample_rate = 16000, speed = 50, volume = 80, pitch = 50, rdn = 2  
[2025/08/10 20:02:15 897] tts        412  ssb|use local  
[2025/08/10 20:02:15 897] tts        349  local_session_begin  
[2025/08/10 20:02:15 900] tts        654  TTS_MSG_SYN  0  
[2025/08/10 20:02:15 900] tts        451  synth|use local  
[2025/08/10 20:02:15 902] tts        657  TTS_MSG_GETAUDIO  0  
[2025/08/10 20:02:15 902] tts        485  get audio|use local  
[2025/08/10 20:02:15 902] tts        527  0  nil  1  
[2025/08/10 20:02:15 903] tts        657  TTS_MSG_GETAUDIO  0  
[2025/08/10 20:02:15 903] tts        485  get audio|use local  
[2025/08/10 20:02:15 903] tts        527  0  nil  1  
[2025/08/10 20:02:15 904] tts        657  TTS_MSG_GETAUDIO  0  
[2025/08/10 20:02:15 904] tts        485  get audio|use local  
[2025/08/10 20:02:15 904] tts        527  0  nil  1  
[2025/08/10 20:02:15 905] tts        657  TTS_MSG_GETAUDIO  0  
[2025/08/10 20:02:15 905] tts        485  get audio|use local  
[2025/08/10 20:02:15 906] tts        527  0  nil  1  
[2025/08/10 20:02:15 907] tts        657  TTS_MSG_GETAUDIO  0  
[2025/08/10 20:02:15 907] tts        485  get audio|use local  
[2025/08/10 20:02:15 907] tts        527  0  nil  1  
[2025/08/10 20:02:15 908] tts        657  TTS_MSG_GETAUDIO  0  
[2025/08/10 20:02:15 908] tts        485  get audio|use local  
[2025/08/10 20:02:15 908] tts        527  0  nil  1  
[2025/08/10 20:02:15 909] tts        657  TTS_MSG_GETAUDIO  0  
[2025/08/10 20:02:15 909] tts        485  get audio|use local  
[2025/08/10 20:02:15 909] tts        527  0  nil  1  
[2025/08/10 20:02:15 910] tts        657  TTS_MSG_GETAUDIO  0  
[2025/08/10 20:02:15 910] tts        485  get audio|use local  
[2025/08/10 20:02:15 910] tts        527  0  nil  1  
[2025/08/10 20:02:15 911] tts        657  TTS_MSG_GETAUDIO  0  
[2025/08/10 20:02:15 911] tts        485  get audio|use local  
[2025/08/10 20:02:15 912] tts        527  0  nil  1  
[2025/08/10 20:02:15 912] tts        657  TTS_MSG_GETAUDIO  0  
[2025/08/10 20:02:15 913] tts        485  get audio|use local  
[2025/08/10 20:02:15 913] tts        527  0  nil  1  
[2025/08/10 20:02:15 914] tts        657  TTS_MSG_GETAUDIO  0  
[2025/08/10 20:02:15 914] tts        485  get audio|use local  
[2025/08/10 20:02:15 914] tts        527  0  nil  1  
[2025/08/10 20:02:15 915] tts        657  TTS_MSG_GETAUDIO  0  
[2025/08/10 20:02:15 915] tts        485  get audio|use local  
[2025/08/10 20:02:15 915] tts        527  0  nil  1  
[2025/08/10 20:02:15 916] tts        657  TTS_MSG_GETAUDIO  0  
[2025/08/10 20:02:15 916] tts        485  get audio|use local  
[2025/08/10 20:02:15 916] tts        527  0  nil  1  
[2025/08/10 20:02:15 918] tts        657  TTS_MSG_GETAUDIO  0  
[2025/08/10 20:02:15 918] tts        485  get audio|use local  
[2025/08/10 20:02:15 918] tts        527  0  nil  1  
[2025/08/10 20:02:15 919] tts        657  TTS_MSG_GETAUDIO  0  
[2025/08/10 20:02:15 919] tts        485  get audio|use local  
[2025/08/10 20:02:15 919] tts        527  0  nil  1  
[2025/08/10 20:02:15 920] tts        657  TTS_MSG_GETAUDIO  0  
[2025/08/10 20:02:15 920] tts        485  get audio|use local  
[2025/08/10 20:02:15 920] tts        527  0  nil  1  
[2025/08/10 20:02:15 921] tts        657  TTS_MSG_GETAUDIO  0  
[2025/08/10 20:02:15 922] tts        485  get audio|use local  
[2025/08/10 20:02:15 922] tts        527  0  nil  1  
[2025/08/10 20:02:15 923] tts        657  TTS_MSG_GETAUDIO  0  
[2025/08/10 20:02:15 923] tts        485  get audio|use local  
[2025/08/10 20:02:15 923] tts        527  0  nil  1  
[2025/08/10 20:02:15 924] tts        657  TTS_MSG_GETAUDIO  0  
[2025/08/10 20:02:15 924] tts        485  get audio|use local  
[2025/08/10 20:02:15 924] tts        527  0  nil  1  
[2025/08/10 20:02:15 925] tts        657  TTS_MSG_GETAUDIO  0  
[2025/08/10 20:02:15 925] tts        485  get audio|use local  
[2025/08/10 20:02:15 925] tts        527  0  nil  1  
[2025/08/10 20:02:15 926] tts        657  TTS_MSG_GETAUDIO  0  
[2025/08/10 20:02:15 927] tts        485  get audio|use local  
[2025/08/10 20:02:15 927] tts        527  0  nil  1  
[2025/08/10 20:02:15 927] tts        657  TTS_MSG_GETAUDIO  0  
[2025/08/10 20:02:15 928] tts        485  get audio|use local  
[2025/08/10 20:02:15 928] tts        527  0  nil  1  
[2025/08/10 20:02:15 929] tts        657  TTS_MSG_GETAUDIO  0  
[2025/08/10 20:02:15 929] tts        485  get audio|use local  
[2025/08/10 20:02:15 929] tts        527  0  nil  1  
[2025/08/10 20:02:15 929] tts        657  TTS_MSG_GETAUDIO  0  
[2025/08/10 20:02:15 929] tts        485  get audio|use local  
[2025/08/10 20:02:15 930] tts        527  0  nil  1  
[2025/08/10 20:02:15 930] tts        657  TTS_MSG_GETAUDIO  0  
[2025/08/10 20:02:15 930] tts        485  get audio|use local  
[2025/08/10 20:02:15 930] tts        527  0  nil  1  
[2025/08/10 20:02:15 931] tts        657  TTS_MSG_GETAUDIO  0  
[2025/08/10 20:02:15 931] tts        485  get audio|use local  
[2025/08/10 20:02:15 931] tts        527  0  nil  1  
[2025/08/10 20:02:15 932] tts        657  TTS_MSG_GETAUDIO  0  
[2025/08/10 20:02:15 932] tts        485  get audio|use local  
[2025/08/10 20:02:15 932] tts        527  0  nil  1  
[2025/08/10 20:02:15 933] tts        657  TTS_MSG_GETAUDIO  0  
[2025/08/10 20:02:15 934] tts        485  get audio|use local  
[2025/08/10 20:02:15 934] tts        527  0  nil  1  
[2025/08/10 20:02:15 936] tts        657  TTS_MSG_GETAUDIO  0  
[2025/08/10 20:02:15 936] tts        485  get audio|use local  
[2025/08/10 20:02:15 936] tts        527  0  nil  1  
[2025/08/10 20:02:15 939] tts        657  TTS_MSG_GETAUDIO  0  
[2025/08/10 20:02:15 939] tts        485  get audio|use local  
[2025/08/10 20:02:15 940] tts        527  0  nil  1  
[2025/08/10 20:02:15 941] tts        657  TTS_MSG_GETAUDIO  0  
[2025/08/10 20:02:15 941] tts        485  get audio|use local  
[2025/08/10 20:02:15 941] tts        527  0  nil  1  
[2025/08/10 20:02:15 942] tts        657  TTS_MSG_GETAUDIO  0  
[2025/08/10 20:02:15 942] tts        485  get audio|use local  
[2025/08/10 20:02:15 942] tts        527  0  nil  1  
[2025/08/10 20:02:15 943] tts        657  TTS_MSG_GETAUDIO  0  
[2025/08/10 20:02:15 943] tts        485  get audio|use local  
[2025/08/10 20:02:15 943] tts        527  0  nil  1  
[2025/08/10 20:02:15 944] tts        657  TTS_MSG_GETAUDIO  0  
[2025/08/10 20:02:15 944] tts        485  get audio|use local  
[2025/08/10 20:02:15 944] tts        527  0  nil  1  
[2025/08/10 20:02:15 945] tts        657  TTS_MSG_GETAUDIO  0  
[2025/08/10 20:02:15 945] tts        485  get audio|use local  
[2025/08/10 20:02:15 945] tts        527  0  nil  1  
[2025/08/10 20:02:15 946] tts        657  TTS_MSG_GETAUDIO  0  
[2025/08/10 20:02:15 946] tts        485  get audio|use local  
[2025/08/10 20:02:15 946] tts        527  0  nil  1  
[2025/08/10 20:02:15 947] tts        657  TTS_MSG_GETAUDIO  0  
[2025/08/10 20:02:15 947] tts        485  get audio|use local  
[2025/08/10 20:02:15 947] tts        527  0  nil  1  
[2025/08/10 20:02:15 948] tts        657  TTS_MSG_GETAUDIO  0  
[2025/08/10 20:02:15 949] tts        485  get audio|use local  
[2025/08/10 20:02:15 949] tts        527  0  nil  1  
[2025/08/10 20:02:15 950] tts        657  TTS_MSG_GETAUDIO  0  
[2025/08/10 20:02:15 950] tts        485  get audio|use local  
[2025/08/10 20:02:15 950] tts        527  0  nil  1  
[2025/08/10 20:02:15 951] tts        657  TTS_MSG_GETAUDIO  0  
[2025/08/10 20:02:15 951] tts        485  get audio|use local  
[2025/08/10 20:02:15 951] tts        527  0  nil  1  
[2025/08/10 20:02:15 952] tts        657  TTS_MSG_GETAUDIO  0  
[2025/08/10 20:02:15 952] tts        485  get audio|use local  
[2025/08/10 20:02:15 952] tts        527  0  nil  1  
[2025/08/10 20:02:15 953] tts        657  TTS_MSG_GETAUDIO  0  
[2025/08/10 20:02:15 953] tts        485  get audio|use local  
[2025/08/10 20:02:15 953] tts        527  0  nil  1  
[2025/08/10 20:02:15 954] tts        657  TTS_MSG_GETAUDIO  0  
[2025/08/10 20:02:15 954] tts        485  get audio|use local  
[2025/08/10 20:02:15 955] tts        527  0  nil  1  
[2025/08/10 20:02:15 956] tts        657  TTS_MSG_GETAUDIO  0  
[2025/08/10 20:02:15 956] tts        485  get audio|use local  
[2025/08/10 20:02:15 956] tts        527  0  nil  1  
[2025/08/10 20:02:15 957] tts        657  TTS_MSG_GETAUDIO  0  
[2025/08/10 20:02:15 957] tts        485  get audio|use local  
[2025/08/10 20:02:15 957] tts        527  0  nil  1  
[2025/08/10 20:02:15 958] tts        657  TTS_MSG_GETAUDIO  0  
[2025/08/10 20:02:15 958] tts        485  get audio|use local  
[2025/08/10 20:02:15 959] tts        527  0  nil  1  
[2025/08/10 20:02:15 959] tts        657  TTS_MSG_GETAUDIO  0  
[2025/08/10 20:02:15 960] tts        485  get audio|use local  
[2025/08/10 20:02:15 960] tts        527  0  nil  1  
[2025/08/10 20:02:15 963] tts        657  TTS_MSG_GETAUDIO  0  
[2025/08/10 20:02:15 964] tts        485  get audio|use local  
[2025/08/10 20:02:15 964] tts        527  0  nil  1  
[2025/08/10 20:02:15 965] tts        657  TTS_MSG_GETAUDIO  0  
[2025/08/10 20:02:15 966] tts        485  get audio|use local  
[2025/08/10 20:02:15 966] tts        527  0  nil  1  
[2025/08/10 20:02:15 968] tts        657  TTS_MSG_GETAUDIO  0  
[2025/08/10 20:02:15 968] tts        485  get audio|use local  
[2025/08/10 20:02:15 969] tts        527  0  nil  1  
[2025/08/10 20:02:15 970] tts        657  TTS_MSG_GETAUDIO  0  
[2025/08/10 20:02:15 970] tts        485  get audio|use local  
[2025/08/10 20:02:15 971] tts        527  0  nil  1  
[2025/08/10 20:02:15 972] tts        657  TTS_MSG_GETAUDIO  0  
[2025/08/10 20:02:15 972] tts        485  get audio|use local  
[2025/08/10 20:02:15 972] tts        527  0  nil  1  
[2025/08/10 20:02:15 972] tts        299  TTS_LOCAL_CB_BEGIN  
[2025/08/10 20:02:15 973] tts        657  TTS_MSG_GETAUDIO  0  
[2025/08/10 20:02:15 973] tts        485  get audio|use local  
[2025/08/10 20:02:15 973] tts        527  0  nil  1  
[2025/08/10 20:02:15 974] tts        657  TTS_MSG_GETAUDIO  0  
[2025/08/10 20:02:15 975] tts        485  get audio|use local  
[2025/08/10 20:02:15 975] tts        527  0  nil  1  
[2025/08/10 20:02:15 976] tts        657  TTS_MSG_GETAUDIO  0  
[2025/08/10 20:02:15 976] tts        485  get audio|use local  
[2025/08/10 20:02:15 976] tts        527  0  nil  1  
[2025/08/10 20:02:15 977] tts        657  TTS_MSG_GETAUDIO  0  
[2025/08/10 20:02:15 977] tts        485  get audio|use local  
[2025/08/10 20:02:15 977] tts        527  0  nil  1  
[2025/08/10 20:02:15 978] tts        657  TTS_MSG_GETAUDIO  0  
[2025/08/10 20:02:15 978] tts        485  get audio|use local  
[2025/08/10 20:02:15 978] tts        527  0  nil  1  
[2025/08/10 20:02:15 979] tts        657  TTS_MSG_GETAUDIO  0  
[2025/08/10 20:02:15 980] tts        485  get audio|use local  
[2025/08/10 20:02:15 980] tts        527  0  nil  1  
[2025/08/10 20:02:15 981] tts        657  TTS_MSG_GETAUDIO  0  
[2025/08/10 20:02:15 981] tts        485  get audio|use local  
[2025/08/10 20:02:15 982] tts        498  local audiolen:  2042  ,ced:  23  
[2025/08/10 20:02:15 982] tts        527  0  udata(6c07f098) 1  
[2025/08/10 20:02:15 983] tts        657  TTS_MSG_GETAUDIO  0  
[2025/08/10 20:02:15 984] tts        485  get audio|use local  
[2025/08/10 20:02:15 984] tts        498  local audiolen:  2016  ,ced:  23  
[2025/08/10 20:02:15 984] tts        527  0  udata(6c07f328) 1  
[2025/08/10 20:02:15 986] tts        657  TTS_MSG_GETAUDIO  0  
[2025/08/10 20:02:15 986] tts        485  get audio|use local  
[2025/08/10 20:02:15 986] tts        527  0  nil  1  
[2025/08/10 20:02:15 988] tts        657  TTS_MSG_GETAUDIO  0  
[2025/08/10 20:02:15 988] tts        485  get audio|use local  
[2025/08/10 20:02:15 988] tts        498  local audiolen:  2034  ,ced:  23  
[2025/08/10 20:02:15 989] tts        527  0  udata(6c087ef8) 1  
[2025/08/10 20:02:15 990] tts        657  TTS_MSG_GETAUDIO  0  
[2025/08/10 20:02:15 990] tts        485  get audio|use local  
[2025/08/10 20:02:15 990] tts        498  local audiolen:  2036  ,ced:  23  
[2025/08/10 20:02:15 990] tts        527  0  udata(6c088048) 1  
[2025/08/10 20:02:15 991] tts        657  TTS_MSG_GETAUDIO  0  
[2025/08/10 20:02:15 991] tts        485  get audio|use local  
[2025/08/10 20:02:15 991] tts        498  local audiolen:  2044  ,ced:  23  
[2025/08/10 20:02:15 991] tts        527  0  udata(6c088098) 1  
[2025/08/10 20:02:15 993] tts        657  TTS_MSG_GETAUDIO  0  
[2025/08/10 20:02:15 994] tts        485  get audio|use local  
[2025/08/10 20:02:15 994] tts        498  local audiolen:  2048  ,ced:  23  
[2025/08/10 20:02:15 995] tts        527  0  udata(6c087638) 1  
[2025/08/10 20:02:15 996] tts        657  TTS_MSG_GETAUDIO  0  
[2025/08/10 20:02:15 996] tts        485  get audio|use local  
[2025/08/10 20:02:15 997] tts        498  local audiolen:  1960  ,ced:  23  
[2025/08/10 20:02:15 998] tts        527  0  udata(6c087ea8) 1  
[2025/08/10 20:02:16 000] tts        657  TTS_MSG_GETAUDIO  0  
[2025/08/10 20:02:16 001] tts        485  get audio|use local  
[2025/08/10 20:02:16 001] tts        498  local audiolen:  2016  ,ced:  23  
[2025/08/10 20:02:16 001] tts        527  0  udata(6c0876e8) 1  
[2025/08/10 20:02:16 005] tts        657  TTS_MSG_GETAUDIO  0  
[2025/08/10 20:02:16 006] tts        485  get audio|use local  
[2025/08/10 20:02:16 006] tts        498  local audiolen:  2036  ,ced:  23  
[2025/08/10 20:02:16 007] tts        527  0  udata(6c087938) 1  
[2025/08/10 20:02:16 010] tts        657  TTS_MSG_GETAUDIO  0  
[2025/08/10 20:02:16 010] tts        485  get audio|use local  
[2025/08/10 20:02:16 010] tts        498  local audiolen:  2030  ,ced:  23  
[2025/08/10 20:02:16 011] tts        527  0  udata(6c087c88) 1  
[2025/08/10 20:02:16 015] tts        657  TTS_MSG_GETAUDIO  0  
[2025/08/10 20:02:16 016] tts        485  get audio|use local  
[2025/08/10 20:02:16 016] tts        498  local audiolen:  1916  ,ced:  23  
[2025/08/10 20:02:16 016] tts        527  0  udata(6c07d8c8) 1  
[2025/08/10 20:02:16 017] tts        657  TTS_MSG_GETAUDIO  0  
[2025/08/10 20:02:16 017] tts        485  get audio|use local  
[2025/08/10 20:02:16 017] tts        498  local audiolen:  1954  ,ced:  23  
[2025/08/10 20:02:16 017] tts        527  0  udata(6c07d918) 1  
[2025/08/10 20:02:16 019] tts        657  TTS_MSG_GETAUDIO  0  
[2025/08/10 20:02:16 019] tts        485  get audio|use local  
[2025/08/10 20:02:16 019] tts        498  local audiolen:  2044  ,ced:  23  
[2025/08/10 20:02:16 019] tts        527  0  udata(6c07d968) 1  
[2025/08/10 20:02:16 020] tts        657  TTS_MSG_GETAUDIO  0  
[2025/08/10 20:02:16 020] tts        485  get audio|use local  
[2025/08/10 20:02:16 021] tts        498  local audiolen:  2016  ,ced:  23  
[2025/08/10 20:02:16 021] tts        527  0  udata(6c07d9b8) 1  
[2025/08/10 20:02:16 022] tts        657  TTS_MSG_GETAUDIO  0  
[2025/08/10 20:02:16 022] tts        485  get audio|use local  
[2025/08/10 20:02:16 022] tts        498  local audiolen:  1954  ,ced:  23  
[2025/08/10 20:02:16 022] tts        527  0  udata(6c07da08) 1  
[2025/08/10 20:02:16 023] tts        657  TTS_MSG_GETAUDIO  0  
[2025/08/10 20:02:16 023] tts        485  get audio|use local  
[2025/08/10 20:02:16 023] tts        498  local audiolen:  2012  ,ced:  23  
[2025/08/10 20:02:16 023] tts        527  0  udata(6c07da58) 1  
[2025/08/10 20:02:16 024] tts        657  TTS_MSG_GETAUDIO  0  
[2025/08/10 20:02:16 025] tts        485  get audio|use local  
[2025/08/10 20:02:16 025] tts        498  local audiolen:  2046  ,ced:  23  
[2025/08/10 20:02:16 025] tts        527  0  udata(6c07daa8) 1  
[2025/08/10 20:02:16 026] tts        657  TTS_MSG_GETAUDIO  0  
[2025/08/10 20:02:16 026] tts        485  get audio|use local  
[2025/08/10 20:02:16 026] tts        498  local audiolen:  1956  ,ced:  23  
[2025/08/10 20:02:16 027] tts        527  0  udata(6c07daf8) 1  
[2025/08/10 20:02:16 029] tts        657  TTS_MSG_GETAUDIO  0  
[2025/08/10 20:02:16 029] tts        485  get audio|use local  
[2025/08/10 20:02:16 030] tts        498  local audiolen:  1902  ,ced:  23  
[2025/08/10 20:02:16 030] tts        527  0  udata(6c07e738) 1  
[2025/08/10 20:02:16 032] tts        657  TTS_MSG_GETAUDIO  0  
[2025/08/10 20:02:16 032] tts        485  get audio|use local  
[2025/08/10 20:02:16 032] tts        498  local audiolen:  2012  ,ced:  23  
[2025/08/10 20:02:16 032] tts        527  0  udata(6c013608) 1  
[2025/08/10 20:02:16 033] tts        657  TTS_MSG_GETAUDIO  0  
[2025/08/10 20:02:16 033] tts        485  get audio|use local  
[2025/08/10 20:02:16 034] tts        498  local audiolen:  2024  ,ced:  23  
[2025/08/10 20:02:16 034] tts        527  0  udata(6c013658) 1  
[2025/08/10 20:02:16 040] tts        657  TTS_MSG_GETAUDIO  0  
[2025/08/10 20:02:16 040] tts        485  get audio|use local  
[2025/08/10 20:02:16 040] tts        498  local audiolen:  2018  ,ced:  23  
[2025/08/10 20:02:16 040] tts        527  0  udata(6c07ec38) 1  
[2025/08/10 20:02:16 041] tts        657  TTS_MSG_GETAUDIO  0  
[2025/08/10 20:02:16 041] tts        485  get audio|use local  
[2025/08/10 20:02:16 041] tts        498  local audiolen:  2028  ,ced:  23  
[2025/08/10 20:02:16 041] tts        527  0  udata(6c07ec88) 1  
[2025/08/10 20:02:16 042] tts        657  TTS_MSG_GETAUDIO  0  
[2025/08/10 20:02:16 042] tts        485  get audio|use local  
[2025/08/10 20:02:16 043] tts        498  local audiolen:  2016  ,ced:  23  
[2025/08/10 20:02:16 043] tts        527  0  udata(6c07de18) 1  
[2025/08/10 20:02:16 043] tts        657  TTS_MSG_GETAUDIO  0  
[2025/08/10 20:02:16 044] tts        485  get audio|use local  
[2025/08/10 20:02:16 044] tts        498  local audiolen:  1936  ,ced:  23  
[2025/08/10 20:02:16 044] tts        527  0  udata(6c07de68) 1  
[2025/08/10 20:02:16 045] tts        657  TTS_MSG_GETAUDIO  0  
[2025/08/10 20:02:16 045] tts        485  get audio|use local  
[2025/08/10 20:02:16 045] tts        498  local audiolen:  1982  ,ced:  23  
[2025/08/10 20:02:16 045] tts        527  0  udata(6c07deb8) 1  
[2025/08/10 20:02:16 047] tts        657  TTS_MSG_GETAUDIO  0  
[2025/08/10 20:02:16 047] tts        485  get audio|use local  
[2025/08/10 20:02:16 047] tts        498  local audiolen:  2028  ,ced:  23  
[2025/08/10 20:02:16 048] tts        527  0  udata(6c07e008) 1  
[2025/08/10 20:02:16 051] tts        657  TTS_MSG_GETAUDIO  0  
[2025/08/10 20:02:16 051] tts        485  get audio|use local  
[2025/08/10 20:02:16 051] tts        498  local audiolen:  1986  ,ced:  23  
[2025/08/10 20:02:16 051] tts        527  0  udata(6c07e158) 1  
[2025/08/10 20:02:16 060] tts        657  TTS_MSG_GETAUDIO  0  
[2025/08/10 20:02:16 060] tts        485  get audio|use local  
[2025/08/10 20:02:16 060] tts        498  local audiolen:  1994  ,ced:  23  
[2025/08/10 20:02:16 060] tts        527  0  udata(6c07e4a8) 1  
[2025/08/10 20:02:16 062] tts        657  TTS_MSG_GETAUDIO  0  
[2025/08/10 20:02:16 062] tts        485  get audio|use local  
[2025/08/10 20:02:16 062] tts        498  local audiolen:  1912  ,ced:  23  
[2025/08/10 20:02:16 062] tts        527  0  udata(6c07e4f8) 1  
[2025/08/10 20:02:16 063] tts        657  TTS_MSG_GETAUDIO  0  
[2025/08/10 20:02:16 064] tts        485  get audio|use local  
[2025/08/10 20:02:16 065] tts        498  local audiolen:  2004  ,ced:  23  
[2025/08/10 20:02:16 067] tts        527  0  udata(6c07e548) 1  
[2025/08/10 20:02:16 068] tts        301  0  0  
[2025/08/10 20:02:16 068] tts        312  TTS_LOCAL_CB_END,  2  
[2025/08/10 20:02:16 069] tts        657  TTS_MSG_GETAUDIO  0  
[2025/08/10 20:02:16 069] tts        485  get audio|use local  
[2025/08/10 20:02:16 069] tts        498  local audiolen:  1914  ,ced:  23  
[2025/08/10 20:02:16 070] tts        527  0  udata(6c022798) 1  
[2025/08/10 20:02:16 071] tts        657  TTS_MSG_GETAUDIO  0  
[2025/08/10 20:02:16 071] tts        485  get audio|use local  
[2025/08/10 20:02:16 072] tts        498  local audiolen:  1980  ,ced:  23  
[2025/08/10 20:02:16 072] tts        527  0  udata(6c022998) 1  
[2025/08/10 20:02:16 075] tts        657  TTS_MSG_GETAUDIO  0  
[2025/08/10 20:02:16 075] tts        485  get audio|use local  
[2025/08/10 20:02:16 075] tts        498  local audiolen:  1978  ,ced:  23  
[2025/08/10 20:02:16 075] tts        527  0  udata(6c0229e8) 1  
[2025/08/10 20:02:16 076] tts        657  TTS_MSG_GETAUDIO  0  
[2025/08/10 20:02:16 076] tts        485  get audio|use local  
[2025/08/10 20:02:16 077] tts        498  local audiolen:  864  ,ced:  23  
[2025/08/10 20:02:16 077] tts        527  0  udata(6c022da8) 2  
[2025/08/10 20:02:16 079] tts        660  TTS_MSG_SSE  
[2025/08/10 20:02:16 082] tts        585  sse|use local  
[2025/08/10 20:02:16 086] tts        603  tts exit  
