============================================================
Time  2025/08/10 19:54:52 857 
============================================================
[2025/08/10 19:54:52 857] tts        676  SYS_MSG_REGCB param0 =  msp_status_cb  param1 =  func(90014a30) 
[2025/08/10 19:54:52 860] config     43   use general cloud  
[2025/08/10 19:54:52 865] tts_cloud  1417 SYS_MSG_REGCB_CLOUD param0 =   msp_status_cb  param1 =  func(90014a30) 
[2025/08/10 19:54:52 866] tts        647  TTS_MSG_SSB  
[2025/08/10 19:54:52 866] tts        375  params =  engine_type = local,voice_name=xiaoyan, text_encoding = UTF8, tts_res_path = fo|res/tts/xiaoyan.jet;fo|res/tts/common.jet, sample_rate = 16000, speed = 50, volume = 80, pitch = 50, rdn = 2  
[2025/08/10 19:54:52 866] tts        412  ssb|use local  
[2025/08/10 19:54:52 866] tts        349  local_session_begin  
[2025/08/10 19:54:52 872] tts        654  TTS_MSG_SYN  0  
[2025/08/10 19:54:52 872] tts        451  synth|use local  
[2025/08/10 19:54:52 874] tts        657  TTS_MSG_GETAUDIO  0  
[2025/08/10 19:54:52 874] tts        485  get audio|use local  
[2025/08/10 19:54:52 874] tts        527  0  nil  1  
[2025/08/10 19:54:52 875] tts        657  TTS_MSG_GETAUDIO  0  
[2025/08/10 19:54:52 875] tts        485  get audio|use local  
[2025/08/10 19:54:52 875] tts        527  0  nil  1  
[2025/08/10 19:54:52 876] tts        657  TTS_MSG_GETAUDIO  0  
[2025/08/10 19:54:52 876] tts        485  get audio|use local  
[2025/08/10 19:54:52 876] tts        527  0  nil  1  
[2025/08/10 19:54:52 876] tts        657  TTS_MSG_GETAUDIO  0  
[2025/08/10 19:54:52 876] tts        485  get audio|use local  
[2025/08/10 19:54:52 876] tts        527  0  nil  1  
[2025/08/10 19:54:52 878] tts        657  TTS_MSG_GETAUDIO  0  
[2025/08/10 19:54:52 878] tts        485  get audio|use local  
[2025/08/10 19:54:52 878] tts        527  0  nil  1  
[2025/08/10 19:54:52 879] tts        657  TTS_MSG_GETAUDIO  0  
[2025/08/10 19:54:52 879] tts        485  get audio|use local  
[2025/08/10 19:54:52 879] tts        527  0  nil  1  
[2025/08/10 19:54:52 879] tts        657  TTS_MSG_GETAUDIO  0  
[2025/08/10 19:54:52 879] tts        485  get audio|use local  
[2025/08/10 19:54:52 879] tts        527  0  nil  1  
[2025/08/10 19:54:52 881] tts        657  TTS_MSG_GETAUDIO  0  
[2025/08/10 19:54:52 881] tts        485  get audio|use local  
[2025/08/10 19:54:52 881] tts        527  0  nil  1  
[2025/08/10 19:54:52 882] tts        657  TTS_MSG_GETAUDIO  0  
[2025/08/10 19:54:52 882] tts        485  get audio|use local  
[2025/08/10 19:54:52 882] tts        527  0  nil  1  
[2025/08/10 19:54:52 882] tts        657  TTS_MSG_GETAUDIO  0  
[2025/08/10 19:54:52 883] tts        485  get audio|use local  
[2025/08/10 19:54:52 883] tts        527  0  nil  1  
[2025/08/10 19:54:52 883] tts        657  TTS_MSG_GETAUDIO  0  
[2025/08/10 19:54:52 883] tts        485  get audio|use local  
[2025/08/10 19:54:52 883] tts        527  0  nil  1  
[2025/08/10 19:54:52 884] tts        657  TTS_MSG_GETAUDIO  0  
[2025/08/10 19:54:52 884] tts        485  get audio|use local  
[2025/08/10 19:54:52 884] tts        527  0  nil  1  
[2025/08/10 19:54:52 885] tts        657  TTS_MSG_GETAUDIO  0  
[2025/08/10 19:54:52 885] tts        485  get audio|use local  
[2025/08/10 19:54:52 885] tts        527  0  nil  1  
[2025/08/10 19:54:52 886] tts        657  TTS_MSG_GETAUDIO  0  
[2025/08/10 19:54:52 886] tts        485  get audio|use local  
[2025/08/10 19:54:52 886] tts        527  0  nil  1  
[2025/08/10 19:54:52 887] tts        657  TTS_MSG_GETAUDIO  0  
[2025/08/10 19:54:52 887] tts        485  get audio|use local  
[2025/08/10 19:54:52 887] tts        527  0  nil  1  
[2025/08/10 19:54:52 888] tts        657  TTS_MSG_GETAUDIO  0  
[2025/08/10 19:54:52 888] tts        485  get audio|use local  
[2025/08/10 19:54:52 888] tts        527  0  nil  1  
[2025/08/10 19:54:52 889] tts        657  TTS_MSG_GETAUDIO  0  
[2025/08/10 19:54:52 889] tts        485  get audio|use local  
[2025/08/10 19:54:52 890] tts        527  0  nil  1  
[2025/08/10 19:54:52 890] tts        657  TTS_MSG_GETAUDIO  0  
[2025/08/10 19:54:52 890] tts        485  get audio|use local  
[2025/08/10 19:54:52 890] tts        527  0  nil  1  
[2025/08/10 19:54:52 892] tts        657  TTS_MSG_GETAUDIO  0  
[2025/08/10 19:54:52 893] tts        485  get audio|use local  
[2025/08/10 19:54:52 893] tts        527  0  nil  1  
[2025/08/10 19:54:52 895] tts        657  TTS_MSG_GETAUDIO  0  
[2025/08/10 19:54:52 895] tts        485  get audio|use local  
[2025/08/10 19:54:52 895] tts        527  0  nil  1  
[2025/08/10 19:54:52 896] tts        657  TTS_MSG_GETAUDIO  0  
[2025/08/10 19:54:52 896] tts        485  get audio|use local  
[2025/08/10 19:54:52 896] tts        527  0  nil  1  
[2025/08/10 19:54:52 897] tts        657  TTS_MSG_GETAUDIO  0  
[2025/08/10 19:54:52 897] tts        485  get audio|use local  
[2025/08/10 19:54:52 897] tts        527  0  nil  1  
[2025/08/10 19:54:52 898] tts        657  TTS_MSG_GETAUDIO  0  
[2025/08/10 19:54:52 898] tts        485  get audio|use local  
[2025/08/10 19:54:52 898] tts        527  0  nil  1  
[2025/08/10 19:54:52 899] tts        657  TTS_MSG_GETAUDIO  0  
[2025/08/10 19:54:52 899] tts        485  get audio|use local  
[2025/08/10 19:54:52 899] tts        527  0  nil  1  
[2025/08/10 19:54:52 900] tts        657  TTS_MSG_GETAUDIO  0  
[2025/08/10 19:54:52 900] tts        485  get audio|use local  
[2025/08/10 19:54:52 900] tts        527  0  nil  1  
[2025/08/10 19:54:52 901] tts        657  TTS_MSG_GETAUDIO  0  
[2025/08/10 19:54:52 901] tts        485  get audio|use local  
[2025/08/10 19:54:52 901] tts        527  0  nil  1  
[2025/08/10 19:54:52 902] tts        657  TTS_MSG_GETAUDIO  0  
[2025/08/10 19:54:52 902] tts        485  get audio|use local  
[2025/08/10 19:54:52 902] tts        527  0  nil  1  
[2025/08/10 19:54:52 903] tts        657  TTS_MSG_GETAUDIO  0  
[2025/08/10 19:54:52 903] tts        485  get audio|use local  
[2025/08/10 19:54:52 904] tts        527  0  nil  1  
[2025/08/10 19:54:52 904] tts        657  TTS_MSG_GETAUDIO  0  
[2025/08/10 19:54:52 904] tts        485  get audio|use local  
[2025/08/10 19:54:52 905] tts        527  0  nil  1  
[2025/08/10 19:54:52 905] tts        657  TTS_MSG_GETAUDIO  0  
[2025/08/10 19:54:52 906] tts        485  get audio|use local  
[2025/08/10 19:54:52 906] tts        527  0  nil  1  
[2025/08/10 19:54:52 907] tts        657  TTS_MSG_GETAUDIO  0  
[2025/08/10 19:54:52 907] tts        485  get audio|use local  
[2025/08/10 19:54:52 907] tts        527  0  nil  1  
[2025/08/10 19:54:52 908] tts        657  TTS_MSG_GETAUDIO  0  
[2025/08/10 19:54:52 908] tts        485  get audio|use local  
[2025/08/10 19:54:52 908] tts        527  0  nil  1  
[2025/08/10 19:54:52 909] tts        657  TTS_MSG_GETAUDIO  0  
[2025/08/10 19:54:52 909] tts        485  get audio|use local  
[2025/08/10 19:54:52 909] tts        527  0  nil  1  
[2025/08/10 19:54:52 909] tts        657  TTS_MSG_GETAUDIO  0  
[2025/08/10 19:54:52 910] tts        485  get audio|use local  
[2025/08/10 19:54:52 910] tts        527  0  nil  1  
[2025/08/10 19:54:52 911] tts        657  TTS_MSG_GETAUDIO  0  
[2025/08/10 19:54:52 911] tts        485  get audio|use local  
[2025/08/10 19:54:52 911] tts        527  0  nil  1  
[2025/08/10 19:54:52 912] tts        657  TTS_MSG_GETAUDIO  0  
[2025/08/10 19:54:52 912] tts        485  get audio|use local  
[2025/08/10 19:54:52 912] tts        527  0  nil  1  
[2025/08/10 19:54:52 913] tts        657  TTS_MSG_GETAUDIO  0  
[2025/08/10 19:54:52 913] tts        485  get audio|use local  
[2025/08/10 19:54:52 913] tts        527  0  nil  1  
[2025/08/10 19:54:52 916] tts        657  TTS_MSG_GETAUDIO  0  
[2025/08/10 19:54:52 916] tts        485  get audio|use local  
[2025/08/10 19:54:52 917] tts        527  0  nil  1  
[2025/08/10 19:54:52 917] tts        657  TTS_MSG_GETAUDIO  0  
[2025/08/10 19:54:52 917] tts        485  get audio|use local  
[2025/08/10 19:54:52 917] tts        527  0  nil  1  
[2025/08/10 19:54:52 918] tts        657  TTS_MSG_GETAUDIO  0  
[2025/08/10 19:54:52 918] tts        485  get audio|use local  
[2025/08/10 19:54:52 918] tts        527  0  nil  1  
[2025/08/10 19:54:52 919] tts        657  TTS_MSG_GETAUDIO  0  
[2025/08/10 19:54:52 919] tts        485  get audio|use local  
[2025/08/10 19:54:52 919] tts        527  0  nil  1  
[2025/08/10 19:54:52 920] tts        657  TTS_MSG_GETAUDIO  0  
[2025/08/10 19:54:52 921] tts        485  get audio|use local  
[2025/08/10 19:54:52 921] tts        527  0  nil  1  
[2025/08/10 19:54:52 922] tts        657  TTS_MSG_GETAUDIO  0  
[2025/08/10 19:54:52 922] tts        485  get audio|use local  
[2025/08/10 19:54:52 922] tts        527  0  nil  1  
[2025/08/10 19:54:52 923] tts        657  TTS_MSG_GETAUDIO  0  
[2025/08/10 19:54:52 923] tts        485  get audio|use local  
[2025/08/10 19:54:52 923] tts        527  0  nil  1  
[2025/08/10 19:54:52 924] tts        657  TTS_MSG_GETAUDIO  0  
[2025/08/10 19:54:52 924] tts        485  get audio|use local  
[2025/08/10 19:54:52 924] tts        527  0  nil  1  
[2025/08/10 19:54:52 925] tts        657  TTS_MSG_GETAUDIO  0  
[2025/08/10 19:54:52 925] tts        485  get audio|use local  
[2025/08/10 19:54:52 925] tts        527  0  nil  1  
[2025/08/10 19:54:52 926] tts        657  TTS_MSG_GETAUDIO  0  
[2025/08/10 19:54:52 926] tts        485  get audio|use local  
[2025/08/10 19:54:52 926] tts        527  0  nil  1  
[2025/08/10 19:54:52 927] tts        657  TTS_MSG_GETAUDIO  0  
[2025/08/10 19:54:52 927] tts        485  get audio|use local  
[2025/08/10 19:54:52 927] tts        527  0  nil  1  
[2025/08/10 19:54:52 928] tts        657  TTS_MSG_GETAUDIO  0  
[2025/08/10 19:54:52 928] tts        485  get audio|use local  
[2025/08/10 19:54:52 928] tts        527  0  nil  1  
[2025/08/10 19:54:52 929] tts        657  TTS_MSG_GETAUDIO  0  
[2025/08/10 19:54:52 929] tts        485  get audio|use local  
[2025/08/10 19:54:52 929] tts        527  0  nil  1  
[2025/08/10 19:54:52 930] tts        657  TTS_MSG_GETAUDIO  0  
[2025/08/10 19:54:52 930] tts        485  get audio|use local  
[2025/08/10 19:54:52 930] tts        527  0  nil  1  
[2025/08/10 19:54:52 931] tts        657  TTS_MSG_GETAUDIO  0  
[2025/08/10 19:54:52 931] tts        485  get audio|use local  
[2025/08/10 19:54:52 931] tts        527  0  nil  1  
[2025/08/10 19:54:52 932] tts        657  TTS_MSG_GETAUDIO  0  
[2025/08/10 19:54:52 932] tts        485  get audio|use local  
[2025/08/10 19:54:52 932] tts        527  0  nil  1  
[2025/08/10 19:54:52 933] tts        657  TTS_MSG_GETAUDIO  0  
[2025/08/10 19:54:52 933] tts        485  get audio|use local  
[2025/08/10 19:54:52 933] tts        527  0  nil  1  
[2025/08/10 19:54:52 934] tts        657  TTS_MSG_GETAUDIO  0  
[2025/08/10 19:54:52 934] tts        485  get audio|use local  
[2025/08/10 19:54:52 934] tts        527  0  nil  1  
[2025/08/10 19:54:52 935] tts        657  TTS_MSG_GETAUDIO  0  
[2025/08/10 19:54:52 935] tts        485  get audio|use local  
[2025/08/10 19:54:52 935] tts        527  0  nil  1  
[2025/08/10 19:54:52 936] tts        657  TTS_MSG_GETAUDIO  0  
[2025/08/10 19:54:52 937] tts        485  get audio|use local  
[2025/08/10 19:54:52 937] tts        527  0  nil  1  
[2025/08/10 19:54:52 938] tts        657  TTS_MSG_GETAUDIO  0  
[2025/08/10 19:54:52 938] tts        485  get audio|use local  
[2025/08/10 19:54:52 938] tts        527  0  nil  1  
[2025/08/10 19:54:52 940] tts        657  TTS_MSG_GETAUDIO  0  
[2025/08/10 19:54:52 940] tts        485  get audio|use local  
[2025/08/10 19:54:52 940] tts        527  0  nil  1  
[2025/08/10 19:54:52 942] tts        657  TTS_MSG_GETAUDIO  0  
[2025/08/10 19:54:52 942] tts        485  get audio|use local  
[2025/08/10 19:54:52 942] tts        527  0  nil  1  
[2025/08/10 19:54:52 943] tts        299  TTS_LOCAL_CB_BEGIN  
[2025/08/10 19:54:52 943] tts        657  TTS_MSG_GETAUDIO  0  
[2025/08/10 19:54:52 943] tts        485  get audio|use local  
[2025/08/10 19:54:52 943] tts        527  0  nil  1  
[2025/08/10 19:54:52 945] tts        657  TTS_MSG_GETAUDIO  0  
[2025/08/10 19:54:52 945] tts        485  get audio|use local  
[2025/08/10 19:54:52 945] tts        527  0  nil  1  
[2025/08/10 19:54:52 946] tts        657  TTS_MSG_GETAUDIO  0  
[2025/08/10 19:54:52 946] tts        485  get audio|use local  
[2025/08/10 19:54:52 946] tts        527  0  nil  1  
[2025/08/10 19:54:52 947] tts        657  TTS_MSG_GETAUDIO  0  
[2025/08/10 19:54:52 947] tts        485  get audio|use local  
[2025/08/10 19:54:52 947] tts        527  0  nil  1  
[2025/08/10 19:54:52 949] tts        657  TTS_MSG_GETAUDIO  0  
[2025/08/10 19:54:52 949] tts        485  get audio|use local  
[2025/08/10 19:54:52 949] tts        498  local audiolen:  2042  ,ced:  16  
[2025/08/10 19:54:52 949] tts        527  0  udata(90071058) 1  
[2025/08/10 19:54:52 953] tts        657  TTS_MSG_GETAUDIO  0  
[2025/08/10 19:54:52 953] tts        485  get audio|use local  
[2025/08/10 19:54:52 953] tts        498  local audiolen:  2016  ,ced:  16  
[2025/08/10 19:54:52 953] tts        527  0  udata(90087d88) 1  
[2025/08/10 19:54:52 955] tts        657  TTS_MSG_GETAUDIO  0  
[2025/08/10 19:54:52 955] tts        485  get audio|use local  
[2025/08/10 19:54:52 957] tts        498  local audiolen:  1964  ,ced:  16  
[2025/08/10 19:54:52 957] tts        527  0  udata(90087c88) 1  
[2025/08/10 19:54:52 964] tts        657  TTS_MSG_GETAUDIO  0  
[2025/08/10 19:54:52 965] tts        485  get audio|use local  
[2025/08/10 19:54:52 965] tts        498  local audiolen:  1916  ,ced:  16  
[2025/08/10 19:54:52 965] tts        527  0  udata(9007d6a8) 1  
[2025/08/10 19:54:52 967] tts        657  TTS_MSG_GETAUDIO  0  
[2025/08/10 19:54:52 967] tts        485  get audio|use local  
[2025/08/10 19:54:52 967] tts        498  local audiolen:  2018  ,ced:  16  
[2025/08/10 19:54:52 967] tts        527  0  udata(9007e888) 1  
[2025/08/10 19:54:52 968] tts        657  TTS_MSG_GETAUDIO  0  
[2025/08/10 19:54:52 968] tts        485  get audio|use local  
[2025/08/10 19:54:52 968] tts        498  local audiolen:  2008  ,ced:  16  
[2025/08/10 19:54:52 969] tts        527  0  udata(9007e8d8) 1  
[2025/08/10 19:54:52 971] tts        657  TTS_MSG_GETAUDIO  0  
[2025/08/10 19:54:52 971] tts        485  get audio|use local  
[2025/08/10 19:54:52 971] tts        498  local audiolen:  2046  ,ced:  16  
[2025/08/10 19:54:52 971] tts        527  0  udata(9007eb28) 1  
[2025/08/10 19:54:52 973] tts        657  TTS_MSG_GETAUDIO  0  
[2025/08/10 19:54:52 974] tts        485  get audio|use local  
[2025/08/10 19:54:52 974] tts        498  local audiolen:  1972  ,ced:  16  
[2025/08/10 19:54:52 974] tts        527  0  udata(9007d6f8) 1  
[2025/08/10 19:54:52 976] tts        657  TTS_MSG_GETAUDIO  0  
[2025/08/10 19:54:52 976] tts        485  get audio|use local  
[2025/08/10 19:54:52 976] tts        498  local audiolen:  1934  ,ced:  16  
[2025/08/10 19:54:52 977] tts        527  0  udata(9007d948) 1  
[2025/08/10 19:54:52 979] tts        657  TTS_MSG_GETAUDIO  0  
[2025/08/10 19:54:52 979] tts        485  get audio|use local  
[2025/08/10 19:54:52 979] tts        498  local audiolen:  2016  ,ced:  16  
[2025/08/10 19:54:52 980] tts        527  0  udata(9007dc48) 1  
[2025/08/10 19:54:52 981] tts        301  0  0  
[2025/08/10 19:54:52 981] tts        312  TTS_LOCAL_CB_END,  2  
[2025/08/10 19:54:52 981] tts        657  TTS_MSG_GETAUDIO  0  
[2025/08/10 19:54:52 981] tts        485  get audio|use local  
[2025/08/10 19:54:52 982] tts        498  local audiolen:  2036  ,ced:  16  
[2025/08/10 19:54:52 982] tts        527  0  udata(9007dde8) 1  
[2025/08/10 19:54:52 982] tts        657  TTS_MSG_GETAUDIO  0  
[2025/08/10 19:54:52 982] tts        485  get audio|use local  
[2025/08/10 19:54:52 983] tts        498  local audiolen:  1944  ,ced:  16  
[2025/08/10 19:54:52 983] tts        527  0  udata(9007de38) 1  
[2025/08/10 19:54:52 983] tts        657  TTS_MSG_GETAUDIO  0  
[2025/08/10 19:54:52 984] tts        485  get audio|use local  
[2025/08/10 19:54:52 984] tts        498  local audiolen:  1958  ,ced:  16  
[2025/08/10 19:54:52 984] tts        527  0  udata(9007e1d8) 1  
[2025/08/10 19:54:52 985] tts        657  TTS_MSG_GETAUDIO  0  
[2025/08/10 19:54:52 985] tts        485  get audio|use local  
[2025/08/10 19:54:52 985] tts        498  local audiolen:  2016  ,ced:  16  
[2025/08/10 19:54:52 985] tts        527  0  udata(9007e228) 1  
[2025/08/10 19:54:52 986] tts        657  TTS_MSG_GETAUDIO  0  
[2025/08/10 19:54:52 986] tts        485  get audio|use local  
[2025/08/10 19:54:52 986] tts        498  local audiolen:  2016  ,ced:  16  
[2025/08/10 19:54:52 987] tts        527  0  udata(9007e278) 1  
[2025/08/10 19:54:52 987] tts        657  TTS_MSG_GETAUDIO  0  
[2025/08/10 19:54:52 987] tts        485  get audio|use local  
[2025/08/10 19:54:52 988] tts        498  local audiolen:  1972  ,ced:  16  
[2025/08/10 19:54:52 988] tts        527  0  udata(9007e2c8) 1  
[2025/08/10 19:54:52 988] tts        657  TTS_MSG_GETAUDIO  0  
[2025/08/10 19:54:52 988] tts        485  get audio|use local  
[2025/08/10 19:54:52 989] tts        498  local audiolen:  1944  ,ced:  16  
[2025/08/10 19:54:52 989] tts        527  0  udata(9007e318) 1  
[2025/08/10 19:54:52 990] tts        657  TTS_MSG_GETAUDIO  0  
[2025/08/10 19:54:52 990] tts        485  get audio|use local  
[2025/08/10 19:54:52 990] tts        498  local audiolen:  2014  ,ced:  16  
[2025/08/10 19:54:52 990] tts        527  0  udata(9007e368) 1  
[2025/08/10 19:54:52 991] tts        657  TTS_MSG_GETAUDIO  0  
[2025/08/10 19:54:52 991] tts        485  get audio|use local  
[2025/08/10 19:54:52 991] tts        498  local audiolen:  1960  ,ced:  16  
[2025/08/10 19:54:52 991] tts        527  0  udata(9007e3b8) 1  
[2025/08/10 19:54:52 992] tts        657  TTS_MSG_GETAUDIO  0  
[2025/08/10 19:54:52 992] tts        485  get audio|use local  
[2025/08/10 19:54:52 992] tts        498  local audiolen:  2004  ,ced:  16  
[2025/08/10 19:54:52 992] tts        527  0  udata(9007e408) 1  
[2025/08/10 19:54:52 993] tts        657  TTS_MSG_GETAUDIO  0  
[2025/08/10 19:54:52 993] tts        485  get audio|use local  
[2025/08/10 19:54:52 993] tts        498  local audiolen:  2044  ,ced:  16  
[2025/08/10 19:54:52 993] tts        527  0  udata(9007e458) 1  
[2025/08/10 19:54:52 993] tts        657  TTS_MSG_GETAUDIO  0  
[2025/08/10 19:54:52 994] tts        485  get audio|use local  
[2025/08/10 19:54:52 994] tts        498  local audiolen:  2016  ,ced:  16  
[2025/08/10 19:54:52 994] tts        527  0  udata(9007e4a8) 1  
[2025/08/10 19:54:52 994] tts        657  TTS_MSG_GETAUDIO  0  
[2025/08/10 19:54:52 994] tts        485  get audio|use local  
[2025/08/10 19:54:52 995] tts        498  local audiolen:  2016  ,ced:  16  
[2025/08/10 19:54:52 995] tts        527  0  udata(9007e4f8) 1  
[2025/08/10 19:54:52 995] tts        657  TTS_MSG_GETAUDIO  0  
[2025/08/10 19:54:52 995] tts        485  get audio|use local  
[2025/08/10 19:54:52 995] tts        498  local audiolen:  2014  ,ced:  16  
[2025/08/10 19:54:52 996] tts        527  0  udata(9007e548) 1  
[2025/08/10 19:54:52 996] tts        657  TTS_MSG_GETAUDIO  0  
[2025/08/10 19:54:52 996] tts        485  get audio|use local  
[2025/08/10 19:54:52 996] tts        498  local audiolen:  1824  ,ced:  16  
[2025/08/10 19:54:52 996] tts        527  0  udata(90087bf8) 2  
[2025/08/10 19:54:52 997] tts        660  TTS_MSG_SSE  
[2025/08/10 19:54:52 999] tts        585  sse|use local  
[2025/08/10 19:54:53 001] tts        603  tts exit  
