============================================================
Time  2025/08/10 19:54:54 783 
============================================================
[2025/08/10 19:54:54 784] tts        676  SYS_MSG_REGCB param0 =  msp_status_cb  param1 =  func(74014a30) 
[2025/08/10 19:54:54 788] config     43   use general cloud  
[2025/08/10 19:54:54 798] tts_cloud  1417 SYS_MSG_REGCB_CLOUD param0 =   msp_status_cb  param1 =  func(74014a30) 
[2025/08/10 19:54:54 799] tts        647  TTS_MSG_SSB  
[2025/08/10 19:54:54 799] tts        375  params =  engine_type = local,voice_name=xiaoyan, text_encoding = UTF8, tts_res_path = fo|res/tts/xiaoyan.jet;fo|res/tts/common.jet, sample_rate = 16000, speed = 50, volume = 80, pitch = 50, rdn = 2  
[2025/08/10 19:54:54 799] tts        412  ssb|use local  
[2025/08/10 19:54:54 799] tts        349  local_session_begin  
[2025/08/10 19:54:54 807] tts        654  TTS_MSG_SYN  0  
[2025/08/10 19:54:54 807] tts        451  synth|use local  
[2025/08/10 19:54:54 809] tts        657  TTS_MSG_GETAUDIO  0  
[2025/08/10 19:54:54 809] tts        485  get audio|use local  
[2025/08/10 19:54:54 810] tts        527  0  nil  1  
[2025/08/10 19:54:54 810] tts        657  TTS_MSG_GETAUDIO  0  
[2025/08/10 19:54:54 810] tts        485  get audio|use local  
[2025/08/10 19:54:54 810] tts        527  0  nil  1  
[2025/08/10 19:54:54 810] tts        657  TTS_MSG_GETAUDIO  0  
[2025/08/10 19:54:54 810] tts        485  get audio|use local  
[2025/08/10 19:54:54 811] tts        527  0  nil  1  
[2025/08/10 19:54:54 811] tts        657  TTS_MSG_GETAUDIO  0  
[2025/08/10 19:54:54 811] tts        485  get audio|use local  
[2025/08/10 19:54:54 811] tts        527  0  nil  1  
[2025/08/10 19:54:54 811] tts        657  TTS_MSG_GETAUDIO  0  
[2025/08/10 19:54:54 811] tts        485  get audio|use local  
[2025/08/10 19:54:54 811] tts        527  0  nil  1  
[2025/08/10 19:54:54 813] tts        657  TTS_MSG_GETAUDIO  0  
[2025/08/10 19:54:54 813] tts        485  get audio|use local  
[2025/08/10 19:54:54 813] tts        527  0  nil  1  
[2025/08/10 19:54:54 825] tts        657  TTS_MSG_GETAUDIO  0  
[2025/08/10 19:54:54 825] tts        485  get audio|use local  
[2025/08/10 19:54:54 825] tts        527  0  nil  1  
[2025/08/10 19:54:54 830] tts        657  TTS_MSG_GETAUDIO  0  
[2025/08/10 19:54:54 830] tts        485  get audio|use local  
[2025/08/10 19:54:54 830] tts        527  0  nil  1  
[2025/08/10 19:54:54 830] tts        657  TTS_MSG_GETAUDIO  0  
[2025/08/10 19:54:54 830] tts        485  get audio|use local  
[2025/08/10 19:54:54 830] tts        527  0  nil  1  
[2025/08/10 19:54:54 831] tts        657  TTS_MSG_GETAUDIO  0  
[2025/08/10 19:54:54 831] tts        485  get audio|use local  
[2025/08/10 19:54:54 831] tts        527  0  nil  1  
[2025/08/10 19:54:54 831] tts        657  TTS_MSG_GETAUDIO  0  
[2025/08/10 19:54:54 831] tts        485  get audio|use local  
[2025/08/10 19:54:54 832] tts        527  0  nil  1  
[2025/08/10 19:54:54 832] tts        657  TTS_MSG_GETAUDIO  0  
[2025/08/10 19:54:54 832] tts        485  get audio|use local  
[2025/08/10 19:54:54 832] tts        527  0  nil  1  
[2025/08/10 19:54:54 833] tts        657  TTS_MSG_GETAUDIO  0  
[2025/08/10 19:54:54 833] tts        485  get audio|use local  
[2025/08/10 19:54:54 833] tts        527  0  nil  1  
[2025/08/10 19:54:54 833] tts        657  TTS_MSG_GETAUDIO  0  
[2025/08/10 19:54:54 833] tts        485  get audio|use local  
[2025/08/10 19:54:54 833] tts        527  0  nil  1  
[2025/08/10 19:54:54 834] tts        657  TTS_MSG_GETAUDIO  0  
[2025/08/10 19:54:54 834] tts        485  get audio|use local  
[2025/08/10 19:54:54 834] tts        527  0  nil  1  
[2025/08/10 19:54:54 834] tts        657  TTS_MSG_GETAUDIO  0  
[2025/08/10 19:54:54 834] tts        485  get audio|use local  
[2025/08/10 19:54:54 834] tts        527  0  nil  1  
[2025/08/10 19:54:54 835] tts        657  TTS_MSG_GETAUDIO  0  
[2025/08/10 19:54:54 835] tts        485  get audio|use local  
[2025/08/10 19:54:54 835] tts        527  0  nil  1  
[2025/08/10 19:54:54 836] tts        657  TTS_MSG_GETAUDIO  0  
[2025/08/10 19:54:54 836] tts        485  get audio|use local  
[2025/08/10 19:54:54 836] tts        527  0  nil  1  
[2025/08/10 19:54:54 836] tts        657  TTS_MSG_GETAUDIO  0  
[2025/08/10 19:54:54 836] tts        485  get audio|use local  
[2025/08/10 19:54:54 836] tts        527  0  nil  1  
[2025/08/10 19:54:54 837] tts        657  TTS_MSG_GETAUDIO  0  
[2025/08/10 19:54:54 837] tts        485  get audio|use local  
[2025/08/10 19:54:54 837] tts        527  0  nil  1  
[2025/08/10 19:54:54 837] tts        657  TTS_MSG_GETAUDIO  0  
[2025/08/10 19:54:54 837] tts        485  get audio|use local  
[2025/08/10 19:54:54 837] tts        527  0  nil  1  
[2025/08/10 19:54:54 838] tts        657  TTS_MSG_GETAUDIO  0  
[2025/08/10 19:54:54 838] tts        485  get audio|use local  
[2025/08/10 19:54:54 838] tts        527  0  nil  1  
[2025/08/10 19:54:54 838] tts        657  TTS_MSG_GETAUDIO  0  
[2025/08/10 19:54:54 838] tts        485  get audio|use local  
[2025/08/10 19:54:54 838] tts        527  0  nil  1  
[2025/08/10 19:54:54 839] tts        657  TTS_MSG_GETAUDIO  0  
[2025/08/10 19:54:54 839] tts        485  get audio|use local  
[2025/08/10 19:54:54 839] tts        527  0  nil  1  
[2025/08/10 19:54:54 839] tts        657  TTS_MSG_GETAUDIO  0  
[2025/08/10 19:54:54 839] tts        485  get audio|use local  
[2025/08/10 19:54:54 840] tts        527  0  nil  1  
[2025/08/10 19:54:54 840] tts        657  TTS_MSG_GETAUDIO  0  
[2025/08/10 19:54:54 840] tts        485  get audio|use local  
[2025/08/10 19:54:54 840] tts        527  0  nil  1  
[2025/08/10 19:54:54 841] tts        657  TTS_MSG_GETAUDIO  0  
[2025/08/10 19:54:54 841] tts        485  get audio|use local  
[2025/08/10 19:54:54 841] tts        527  0  nil  1  
[2025/08/10 19:54:54 841] tts        657  TTS_MSG_GETAUDIO  0  
[2025/08/10 19:54:54 841] tts        485  get audio|use local  
[2025/08/10 19:54:54 841] tts        527  0  nil  1  
[2025/08/10 19:54:54 842] tts        657  TTS_MSG_GETAUDIO  0  
[2025/08/10 19:54:54 842] tts        485  get audio|use local  
[2025/08/10 19:54:54 842] tts        527  0  nil  1  
[2025/08/10 19:54:54 842] tts        657  TTS_MSG_GETAUDIO  0  
[2025/08/10 19:54:54 842] tts        485  get audio|use local  
[2025/08/10 19:54:54 842] tts        527  0  nil  1  
[2025/08/10 19:54:54 843] tts        657  TTS_MSG_GETAUDIO  0  
[2025/08/10 19:54:54 843] tts        485  get audio|use local  
[2025/08/10 19:54:54 843] tts        527  0  nil  1  
[2025/08/10 19:54:54 844] tts        657  TTS_MSG_GETAUDIO  0  
[2025/08/10 19:54:54 844] tts        485  get audio|use local  
[2025/08/10 19:54:54 844] tts        527  0  nil  1  
[2025/08/10 19:54:54 844] tts        657  TTS_MSG_GETAUDIO  0  
[2025/08/10 19:54:54 844] tts        485  get audio|use local  
[2025/08/10 19:54:54 844] tts        527  0  nil  1  
[2025/08/10 19:54:54 845] tts        657  TTS_MSG_GETAUDIO  0  
[2025/08/10 19:54:54 845] tts        485  get audio|use local  
[2025/08/10 19:54:54 845] tts        527  0  nil  1  
[2025/08/10 19:54:54 845] tts        657  TTS_MSG_GETAUDIO  0  
[2025/08/10 19:54:54 845] tts        485  get audio|use local  
[2025/08/10 19:54:54 846] tts        527  0  nil  1  
[2025/08/10 19:54:54 846] tts        657  TTS_MSG_GETAUDIO  0  
[2025/08/10 19:54:54 846] tts        485  get audio|use local  
[2025/08/10 19:54:54 846] tts        527  0  nil  1  
[2025/08/10 19:54:54 847] tts        657  TTS_MSG_GETAUDIO  0  
[2025/08/10 19:54:54 847] tts        485  get audio|use local  
[2025/08/10 19:54:54 847] tts        527  0  nil  1  
[2025/08/10 19:54:54 847] tts        657  TTS_MSG_GETAUDIO  0  
[2025/08/10 19:54:54 848] tts        485  get audio|use local  
[2025/08/10 19:54:54 848] tts        527  0  nil  1  
[2025/08/10 19:54:54 849] tts        657  TTS_MSG_GETAUDIO  0  
[2025/08/10 19:54:54 849] tts        485  get audio|use local  
[2025/08/10 19:54:54 849] tts        527  0  nil  1  
[2025/08/10 19:54:54 850] tts        657  TTS_MSG_GETAUDIO  0  
[2025/08/10 19:54:54 850] tts        485  get audio|use local  
[2025/08/10 19:54:54 850] tts        527  0  nil  1  
[2025/08/10 19:54:54 851] tts        657  TTS_MSG_GETAUDIO  0  
[2025/08/10 19:54:54 851] tts        485  get audio|use local  
[2025/08/10 19:54:54 851] tts        527  0  nil  1  
[2025/08/10 19:54:54 851] tts        657  TTS_MSG_GETAUDIO  0  
[2025/08/10 19:54:54 851] tts        485  get audio|use local  
[2025/08/10 19:54:54 851] tts        527  0  nil  1  
[2025/08/10 19:54:54 852] tts        657  TTS_MSG_GETAUDIO  0  
[2025/08/10 19:54:54 853] tts        485  get audio|use local  
[2025/08/10 19:54:54 853] tts        527  0  nil  1  
[2025/08/10 19:54:54 853] tts        657  TTS_MSG_GETAUDIO  0  
[2025/08/10 19:54:54 853] tts        485  get audio|use local  
[2025/08/10 19:54:54 853] tts        527  0  nil  1  
[2025/08/10 19:54:54 854] tts        657  TTS_MSG_GETAUDIO  0  
[2025/08/10 19:54:54 854] tts        485  get audio|use local  
[2025/08/10 19:54:54 854] tts        527  0  nil  1  
[2025/08/10 19:54:54 854] tts        657  TTS_MSG_GETAUDIO  0  
[2025/08/10 19:54:54 854] tts        485  get audio|use local  
[2025/08/10 19:54:54 854] tts        527  0  nil  1  
[2025/08/10 19:54:54 855] tts        657  TTS_MSG_GETAUDIO  0  
[2025/08/10 19:54:54 855] tts        485  get audio|use local  
[2025/08/10 19:54:54 855] tts        527  0  nil  1  
[2025/08/10 19:54:54 856] tts        657  TTS_MSG_GETAUDIO  0  
[2025/08/10 19:54:54 856] tts        485  get audio|use local  
[2025/08/10 19:54:54 857] tts        527  0  nil  1  
[2025/08/10 19:54:54 858] tts        657  TTS_MSG_GETAUDIO  0  
[2025/08/10 19:54:54 858] tts        485  get audio|use local  
[2025/08/10 19:54:54 858] tts        527  0  nil  1  
[2025/08/10 19:54:54 860] tts        657  TTS_MSG_GETAUDIO  0  
[2025/08/10 19:54:54 862] tts        485  get audio|use local  
[2025/08/10 19:54:54 862] tts        527  0  nil  1  
[2025/08/10 19:54:54 862] tts        299  TTS_LOCAL_CB_BEGIN  
[2025/08/10 19:54:54 867] tts        657  TTS_MSG_GETAUDIO  0  
[2025/08/10 19:54:54 867] tts        485  get audio|use local  
[2025/08/10 19:54:54 867] tts        527  0  nil  1  
[2025/08/10 19:54:54 868] tts        657  TTS_MSG_GETAUDIO  0  
[2025/08/10 19:54:54 868] tts        485  get audio|use local  
[2025/08/10 19:54:54 869] tts        527  0  nil  1  
[2025/08/10 19:54:54 870] tts        657  TTS_MSG_GETAUDIO  0  
[2025/08/10 19:54:54 870] tts        485  get audio|use local  
[2025/08/10 19:54:54 870] tts        527  0  nil  1  
[2025/08/10 19:54:54 871] tts        657  TTS_MSG_GETAUDIO  0  
[2025/08/10 19:54:54 871] tts        485  get audio|use local  
[2025/08/10 19:54:54 871] tts        527  0  nil  1  
[2025/08/10 19:54:54 873] tts        657  TTS_MSG_GETAUDIO  0  
[2025/08/10 19:54:54 873] tts        485  get audio|use local  
[2025/08/10 19:54:54 873] tts        498  local audiolen:  2042  ,ced:  16  
[2025/08/10 19:54:54 874] tts        527  0  udata(7407cf48) 1  
[2025/08/10 19:54:54 876] tts        657  TTS_MSG_GETAUDIO  0  
[2025/08/10 19:54:54 876] tts        485  get audio|use local  
[2025/08/10 19:54:54 876] tts        498  local audiolen:  2016  ,ced:  16  
[2025/08/10 19:54:54 877] tts        527  0  udata(74087f08) 1  
[2025/08/10 19:54:54 885] tts        657  TTS_MSG_GETAUDIO  0  
[2025/08/10 19:54:54 885] tts        485  get audio|use local  
[2025/08/10 19:54:54 885] tts        498  local audiolen:  1964  ,ced:  16  
[2025/08/10 19:54:54 885] tts        527  0  udata(7407e528) 1  
[2025/08/10 19:54:54 887] tts        657  TTS_MSG_GETAUDIO  0  
[2025/08/10 19:54:54 887] tts        485  get audio|use local  
[2025/08/10 19:54:54 887] tts        498  local audiolen:  1916  ,ced:  16  
[2025/08/10 19:54:54 887] tts        527  0  udata(7407e418) 1  
[2025/08/10 19:54:54 889] tts        657  TTS_MSG_GETAUDIO  0  
[2025/08/10 19:54:54 889] tts        485  get audio|use local  
[2025/08/10 19:54:54 889] tts        498  local audiolen:  2018  ,ced:  16  
[2025/08/10 19:54:54 891] tts        527  0  udata(7407dc88) 1  
[2025/08/10 19:54:54 893] tts        657  TTS_MSG_GETAUDIO  0  
[2025/08/10 19:54:54 893] tts        485  get audio|use local  
[2025/08/10 19:54:54 893] tts        498  local audiolen:  2008  ,ced:  16  
[2025/08/10 19:54:54 894] tts        527  0  udata(7407ded8) 1  
[2025/08/10 19:54:54 894] tts        657  TTS_MSG_GETAUDIO  0  
[2025/08/10 19:54:54 894] tts        485  get audio|use local  
[2025/08/10 19:54:54 894] tts        498  local audiolen:  2046  ,ced:  16  
[2025/08/10 19:54:54 894] tts        527  0  udata(7407df28) 1  
[2025/08/10 19:54:54 895] tts        657  TTS_MSG_GETAUDIO  0  
[2025/08/10 19:54:54 895] tts        485  get audio|use local  
[2025/08/10 19:54:54 895] tts        498  local audiolen:  1972  ,ced:  16  
[2025/08/10 19:54:54 895] tts        527  0  udata(7407df78) 1  
[2025/08/10 19:54:54 895] tts        657  TTS_MSG_GETAUDIO  0  
[2025/08/10 19:54:54 895] tts        485  get audio|use local  
[2025/08/10 19:54:54 895] tts        498  local audiolen:  1934  ,ced:  16  
[2025/08/10 19:54:54 895] tts        527  0  udata(7407dfc8) 1  
[2025/08/10 19:54:54 896] tts        657  TTS_MSG_GETAUDIO  0  
[2025/08/10 19:54:54 896] tts        485  get audio|use local  
[2025/08/10 19:54:54 896] tts        498  local audiolen:  2016  ,ced:  16  
[2025/08/10 19:54:54 896] tts        527  0  udata(7407e018) 1  
[2025/08/10 19:54:54 896] tts        657  TTS_MSG_GETAUDIO  0  
[2025/08/10 19:54:54 896] tts        485  get audio|use local  
[2025/08/10 19:54:54 896] tts        527  0  nil  1  
[2025/08/10 19:54:54 897] tts        657  TTS_MSG_GETAUDIO  0  
[2025/08/10 19:54:54 897] tts        485  get audio|use local  
[2025/08/10 19:54:54 897] tts        527  0  nil  1  
[2025/08/10 19:54:54 897] tts        657  TTS_MSG_GETAUDIO  0  
[2025/08/10 19:54:54 897] tts        485  get audio|use local  
[2025/08/10 19:54:54 897] tts        527  0  nil  1  
[2025/08/10 19:54:54 898] tts        657  TTS_MSG_GETAUDIO  0  
[2025/08/10 19:54:54 898] tts        485  get audio|use local  
[2025/08/10 19:54:54 898] tts        527  0  nil  1  
[2025/08/10 19:54:54 898] tts        657  TTS_MSG_GETAUDIO  0  
[2025/08/10 19:54:54 898] tts        485  get audio|use local  
[2025/08/10 19:54:54 898] tts        527  0  nil  1  
[2025/08/10 19:54:54 899] tts        657  TTS_MSG_GETAUDIO  0  
[2025/08/10 19:54:54 899] tts        485  get audio|use local  
[2025/08/10 19:54:54 899] tts        527  0  nil  1  
[2025/08/10 19:54:54 899] tts        657  TTS_MSG_GETAUDIO  0  
[2025/08/10 19:54:54 899] tts        485  get audio|use local  
[2025/08/10 19:54:54 900] tts        527  0  nil  1  
[2025/08/10 19:54:54 900] tts        657  TTS_MSG_GETAUDIO  0  
[2025/08/10 19:54:54 900] tts        485  get audio|use local  
[2025/08/10 19:54:54 900] tts        498  local audiolen:  2036  ,ced:  16  
[2025/08/10 19:54:54 900] tts        527  0  udata(7407e068) 1  
[2025/08/10 19:54:54 907] tts        657  TTS_MSG_GETAUDIO  0  
[2025/08/10 19:54:54 907] tts        485  get audio|use local  
[2025/08/10 19:54:54 908] tts        527  0  nil  1  
[2025/08/10 19:54:54 909] tts        657  TTS_MSG_GETAUDIO  0  
[2025/08/10 19:54:54 909] tts        485  get audio|use local  
[2025/08/10 19:54:54 909] tts        498  local audiolen:  1944  ,ced:  16  
[2025/08/10 19:54:54 909] tts        527  0  udata(7407eee8) 1  
[2025/08/10 19:54:54 909] tts        657  TTS_MSG_GETAUDIO  0  
[2025/08/10 19:54:54 910] tts        485  get audio|use local  
[2025/08/10 19:54:54 910] tts        498  local audiolen:  1958  ,ced:  16  
[2025/08/10 19:54:54 910] tts        527  0  udata(7407f6f8) 1  
[2025/08/10 19:54:54 910] tts        657  TTS_MSG_GETAUDIO  0  
[2025/08/10 19:54:54 910] tts        485  get audio|use local  
[2025/08/10 19:54:54 910] tts        498  local audiolen:  2016  ,ced:  16  
[2025/08/10 19:54:54 910] tts        527  0  udata(7407f748) 1  
[2025/08/10 19:54:54 911] tts        657  TTS_MSG_GETAUDIO  0  
[2025/08/10 19:54:54 911] tts        485  get audio|use local  
[2025/08/10 19:54:54 911] tts        498  local audiolen:  2016  ,ced:  16  
[2025/08/10 19:54:54 911] tts        527  0  udata(7407f798) 1  
[2025/08/10 19:54:54 912] tts        657  TTS_MSG_GETAUDIO  0  
[2025/08/10 19:54:54 912] tts        485  get audio|use local  
[2025/08/10 19:54:54 912] tts        527  0  nil  1  
[2025/08/10 19:54:54 912] tts        657  TTS_MSG_GETAUDIO  0  
[2025/08/10 19:54:54 912] tts        485  get audio|use local  
[2025/08/10 19:54:54 912] tts        527  0  nil  1  
[2025/08/10 19:54:54 913] tts        657  TTS_MSG_GETAUDIO  0  
[2025/08/10 19:54:54 913] tts        485  get audio|use local  
[2025/08/10 19:54:54 913] tts        527  0  nil  1  
[2025/08/10 19:54:54 913] tts        657  TTS_MSG_GETAUDIO  0  
[2025/08/10 19:54:54 913] tts        485  get audio|use local  
[2025/08/10 19:54:54 913] tts        527  0  nil  1  
[2025/08/10 19:54:54 914] tts        657  TTS_MSG_GETAUDIO  0  
[2025/08/10 19:54:54 915] tts        485  get audio|use local  
[2025/08/10 19:54:54 915] tts        527  0  nil  1  
[2025/08/10 19:54:54 915] tts        657  TTS_MSG_GETAUDIO  0  
[2025/08/10 19:54:54 915] tts        485  get audio|use local  
[2025/08/10 19:54:54 915] tts        498  local audiolen:  1972  ,ced:  16  
[2025/08/10 19:54:54 916] tts        527  0  udata(7407f918) 1  
[2025/08/10 19:54:54 918] tts        657  TTS_MSG_GETAUDIO  0  
[2025/08/10 19:54:54 918] tts        485  get audio|use local  
[2025/08/10 19:54:54 919] tts        498  local audiolen:  1944  ,ced:  16  
[2025/08/10 19:54:54 919] tts        527  0  udata(7407fb68) 1  
[2025/08/10 19:54:54 919] tts        657  TTS_MSG_GETAUDIO  0  
[2025/08/10 19:54:54 919] tts        485  get audio|use local  
[2025/08/10 19:54:54 919] tts        498  local audiolen:  2014  ,ced:  16  
[2025/08/10 19:54:54 919] tts        527  0  udata(7407fbb8) 1  
[2025/08/10 19:54:54 921] tts        657  TTS_MSG_GETAUDIO  0  
[2025/08/10 19:54:54 921] tts        485  get audio|use local  
[2025/08/10 19:54:54 921] tts        498  local audiolen:  1960  ,ced:  16  
[2025/08/10 19:54:54 921] tts        527  0  udata(7407fd08) 1  
[2025/08/10 19:54:54 923] tts        657  TTS_MSG_GETAUDIO  0  
[2025/08/10 19:54:54 923] tts        485  get audio|use local  
[2025/08/10 19:54:54 924] tts        498  local audiolen:  2004  ,ced:  16  
[2025/08/10 19:54:54 924] tts        527  0  udata(7407e838) 1  
[2025/08/10 19:54:54 924] tts        657  TTS_MSG_GETAUDIO  0  
[2025/08/10 19:54:54 924] tts        485  get audio|use local  
[2025/08/10 19:54:54 924] tts        527  0  nil  1  
[2025/08/10 19:54:54 926] tts        657  TTS_MSG_GETAUDIO  0  
[2025/08/10 19:54:54 926] tts        485  get audio|use local  
[2025/08/10 19:54:54 926] tts        498  local audiolen:  2044  ,ced:  16  
[2025/08/10 19:54:54 926] tts        527  0  udata(7407e988) 1  
[2025/08/10 19:54:54 928] tts        657  TTS_MSG_GETAUDIO  0  
[2025/08/10 19:54:54 928] tts        485  get audio|use local  
[2025/08/10 19:54:54 928] tts        498  local audiolen:  2016  ,ced:  16  
[2025/08/10 19:54:54 928] tts        527  0  udata(7407ead8) 1  
[2025/08/10 19:54:54 930] tts        657  TTS_MSG_GETAUDIO  0  
[2025/08/10 19:54:54 930] tts        485  get audio|use local  
[2025/08/10 19:54:54 930] tts        498  local audiolen:  2016  ,ced:  16  
[2025/08/10 19:54:54 930] tts        527  0  udata(7407ed28) 1  
[2025/08/10 19:54:54 932] tts        301  0  0  
[2025/08/10 19:54:54 932] tts        312  TTS_LOCAL_CB_END,  2  
[2025/08/10 19:54:54 932] tts        657  TTS_MSG_GETAUDIO  0  
[2025/08/10 19:54:54 932] tts        485  get audio|use local  
[2025/08/10 19:54:54 932] tts        498  local audiolen:  2014  ,ced:  16  
[2025/08/10 19:54:54 932] tts        527  0  udata(7407f088) 1  
[2025/08/10 19:54:54 933] tts        657  TTS_MSG_GETAUDIO  0  
[2025/08/10 19:54:54 933] tts        485  get audio|use local  
[2025/08/10 19:54:54 933] tts        498  local audiolen:  1824  ,ced:  16  
[2025/08/10 19:54:54 933] tts        527  0  udata(7407f0d8) 2  
[2025/08/10 19:54:54 934] tts        660  TTS_MSG_SSE  
[2025/08/10 19:54:54 934] tts        585  sse|use local  
[2025/08/10 19:54:54 941] tts        603  tts exit  
