============================================================
Time  2025/05/30 18:25:53 714 
============================================================
[2025/05/30 18:25:53 714] tts        676  SYS_MSG_REGCB param0 =  msp_status_cb  param1 =  func(7c014a30) 
[2025/05/30 18:25:53 719] config     43   use general cloud  
[2025/05/30 18:25:53 728] tts_cloud  1417 SYS_MSG_REGCB_CLOUD param0 =   msp_status_cb  param1 =  func(7c014a30) 
[2025/05/30 18:25:53 728] tts        647  TTS_MSG_SSB  
[2025/05/30 18:25:53 728] tts        375  params =  engine_type = local,voice_name=xiaoyan, text_encoding = UTF8, tts_res_path = fo|res/tts/xiaoyan.jet;fo|res/tts/common.jet, sample_rate = 16000, speed = 50, volume = 80, pitch = 50, rdn = 2  
[2025/05/30 18:25:53 729] tts        412  ssb|use local  
[2025/05/30 18:25:53 729] tts        349  local_session_begin  
[2025/05/30 18:25:53 733] tts        654  TTS_MSG_SYN  0  
[2025/05/30 18:25:53 733] tts        451  synth|use local  
[2025/05/30 18:25:53 739] tts        657  TTS_MSG_GETAUDIO  0  
[2025/05/30 18:25:53 739] tts        485  get audio|use local  
[2025/05/30 18:25:53 739] tts        527  0  nil  1  
[2025/05/30 18:25:53 741] tts        657  TTS_MSG_GETAUDIO  0  
[2025/05/30 18:25:53 741] tts        485  get audio|use local  
[2025/05/30 18:25:53 741] tts        527  0  nil  1  
[2025/05/30 18:25:53 743] tts        657  TTS_MSG_GETAUDIO  0  
[2025/05/30 18:25:53 743] tts        485  get audio|use local  
[2025/05/30 18:25:53 743] tts        527  0  nil  1  
[2025/05/30 18:25:53 744] tts        657  TTS_MSG_GETAUDIO  0  
[2025/05/30 18:25:53 744] tts        485  get audio|use local  
[2025/05/30 18:25:53 744] tts        527  0  nil  1  
[2025/05/30 18:25:53 745] tts        657  TTS_MSG_GETAUDIO  0  
[2025/05/30 18:25:53 745] tts        485  get audio|use local  
[2025/05/30 18:25:53 745] tts        527  0  nil  1  
[2025/05/30 18:25:53 746] tts        657  TTS_MSG_GETAUDIO  0  
[2025/05/30 18:25:53 746] tts        485  get audio|use local  
[2025/05/30 18:25:53 746] tts        527  0  nil  1  
[2025/05/30 18:25:53 747] tts        657  TTS_MSG_GETAUDIO  0  
[2025/05/30 18:25:53 747] tts        485  get audio|use local  
[2025/05/30 18:25:53 747] tts        527  0  nil  1  
[2025/05/30 18:25:53 748] tts        657  TTS_MSG_GETAUDIO  0  
[2025/05/30 18:25:53 749] tts        485  get audio|use local  
[2025/05/30 18:25:53 749] tts        527  0  nil  1  
[2025/05/30 18:25:53 749] tts        657  TTS_MSG_GETAUDIO  0  
[2025/05/30 18:25:53 750] tts        485  get audio|use local  
[2025/05/30 18:25:53 750] tts        527  0  nil  1  
[2025/05/30 18:25:53 751] tts        657  TTS_MSG_GETAUDIO  0  
[2025/05/30 18:25:53 751] tts        485  get audio|use local  
[2025/05/30 18:25:53 751] tts        527  0  nil  1  
[2025/05/30 18:25:53 752] tts        657  TTS_MSG_GETAUDIO  0  
[2025/05/30 18:25:53 752] tts        485  get audio|use local  
[2025/05/30 18:25:53 752] tts        527  0  nil  1  
[2025/05/30 18:25:53 753] tts        657  TTS_MSG_GETAUDIO  0  
[2025/05/30 18:25:53 753] tts        485  get audio|use local  
[2025/05/30 18:25:53 754] tts        527  0  nil  1  
[2025/05/30 18:25:53 754] tts        657  TTS_MSG_GETAUDIO  0  
[2025/05/30 18:25:53 755] tts        485  get audio|use local  
[2025/05/30 18:25:53 755] tts        527  0  nil  1  
[2025/05/30 18:25:53 756] tts        657  TTS_MSG_GETAUDIO  0  
[2025/05/30 18:25:53 756] tts        485  get audio|use local  
[2025/05/30 18:25:53 756] tts        527  0  nil  1  
[2025/05/30 18:25:53 757] tts        657  TTS_MSG_GETAUDIO  0  
[2025/05/30 18:25:53 758] tts        485  get audio|use local  
[2025/05/30 18:25:53 758] tts        527  0  nil  1  
[2025/05/30 18:25:53 759] tts        657  TTS_MSG_GETAUDIO  0  
[2025/05/30 18:25:53 759] tts        485  get audio|use local  
[2025/05/30 18:25:53 759] tts        527  0  nil  1  
[2025/05/30 18:25:53 760] tts        657  TTS_MSG_GETAUDIO  0  
[2025/05/30 18:25:53 760] tts        485  get audio|use local  
[2025/05/30 18:25:53 760] tts        527  0  nil  1  
[2025/05/30 18:25:53 765] tts        657  TTS_MSG_GETAUDIO  0  
[2025/05/30 18:25:53 765] tts        485  get audio|use local  
[2025/05/30 18:25:53 766] tts        527  0  nil  1  
[2025/05/30 18:25:53 767] tts        657  TTS_MSG_GETAUDIO  0  
[2025/05/30 18:25:53 768] tts        485  get audio|use local  
[2025/05/30 18:25:53 768] tts        527  0  nil  1  
[2025/05/30 18:25:53 770] tts        657  TTS_MSG_GETAUDIO  0  
[2025/05/30 18:25:53 770] tts        485  get audio|use local  
[2025/05/30 18:25:53 773] tts        527  0  nil  1  
[2025/05/30 18:25:53 774] tts        657  TTS_MSG_GETAUDIO  0  
[2025/05/30 18:25:53 774] tts        485  get audio|use local  
[2025/05/30 18:25:53 775] tts        527  0  nil  1  
[2025/05/30 18:25:53 775] tts        657  TTS_MSG_GETAUDIO  0  
[2025/05/30 18:25:53 776] tts        485  get audio|use local  
[2025/05/30 18:25:53 776] tts        527  0  nil  1  
[2025/05/30 18:25:53 777] tts        657  TTS_MSG_GETAUDIO  0  
[2025/05/30 18:25:53 777] tts        485  get audio|use local  
[2025/05/30 18:25:53 777] tts        527  0  nil  1  
[2025/05/30 18:25:53 780] tts        657  TTS_MSG_GETAUDIO  0  
[2025/05/30 18:25:53 780] tts        485  get audio|use local  
[2025/05/30 18:25:53 780] tts        527  0  nil  1  
[2025/05/30 18:25:53 781] tts        657  TTS_MSG_GETAUDIO  0  
[2025/05/30 18:25:53 781] tts        485  get audio|use local  
[2025/05/30 18:25:53 781] tts        527  0  nil  1  
[2025/05/30 18:25:53 782] tts        657  TTS_MSG_GETAUDIO  0  
[2025/05/30 18:25:53 782] tts        485  get audio|use local  
[2025/05/30 18:25:53 782] tts        527  0  nil  1  
[2025/05/30 18:25:53 783] tts        657  TTS_MSG_GETAUDIO  0  
[2025/05/30 18:25:53 784] tts        485  get audio|use local  
[2025/05/30 18:25:53 784] tts        527  0  nil  1  
[2025/05/30 18:25:53 785] tts        657  TTS_MSG_GETAUDIO  0  
[2025/05/30 18:25:53 785] tts        485  get audio|use local  
[2025/05/30 18:25:53 785] tts        527  0  nil  1  
[2025/05/30 18:25:53 786] tts        657  TTS_MSG_GETAUDIO  0  
[2025/05/30 18:25:53 786] tts        485  get audio|use local  
[2025/05/30 18:25:53 786] tts        527  0  nil  1  
[2025/05/30 18:25:53 789] tts        657  TTS_MSG_GETAUDIO  0  
[2025/05/30 18:25:53 790] tts        485  get audio|use local  
[2025/05/30 18:25:53 790] tts        527  0  nil  1  
[2025/05/30 18:25:53 791] tts        657  TTS_MSG_GETAUDIO  0  
[2025/05/30 18:25:53 791] tts        485  get audio|use local  
[2025/05/30 18:25:53 791] tts        527  0  nil  1  
[2025/05/30 18:25:53 793] tts        657  TTS_MSG_GETAUDIO  0  
[2025/05/30 18:25:53 793] tts        485  get audio|use local  
[2025/05/30 18:25:53 793] tts        527  0  nil  1  
[2025/05/30 18:25:53 794] tts        657  TTS_MSG_GETAUDIO  0  
[2025/05/30 18:25:53 794] tts        485  get audio|use local  
[2025/05/30 18:25:53 794] tts        527  0  nil  1  
[2025/05/30 18:25:53 798] tts        657  TTS_MSG_GETAUDIO  0  
[2025/05/30 18:25:53 798] tts        485  get audio|use local  
[2025/05/30 18:25:53 798] tts        527  0  nil  1  
[2025/05/30 18:25:53 800] tts        657  TTS_MSG_GETAUDIO  0  
[2025/05/30 18:25:53 800] tts        485  get audio|use local  
[2025/05/30 18:25:53 800] tts        527  0  nil  1  
[2025/05/30 18:25:53 801] tts        657  TTS_MSG_GETAUDIO  0  
[2025/05/30 18:25:53 801] tts        485  get audio|use local  
[2025/05/30 18:25:53 801] tts        527  0  nil  1  
[2025/05/30 18:25:53 802] tts        657  TTS_MSG_GETAUDIO  0  
[2025/05/30 18:25:53 803] tts        485  get audio|use local  
[2025/05/30 18:25:53 803] tts        527  0  nil  1  
[2025/05/30 18:25:53 804] tts        657  TTS_MSG_GETAUDIO  0  
[2025/05/30 18:25:53 804] tts        485  get audio|use local  
[2025/05/30 18:25:53 804] tts        527  0  nil  1  
[2025/05/30 18:25:53 809] tts        657  TTS_MSG_GETAUDIO  0  
[2025/05/30 18:25:53 809] tts        485  get audio|use local  
[2025/05/30 18:25:53 809] tts        527  0  nil  1  
[2025/05/30 18:25:53 810] tts        657  TTS_MSG_GETAUDIO  0  
[2025/05/30 18:25:53 810] tts        485  get audio|use local  
[2025/05/30 18:25:53 810] tts        527  0  nil  1  
[2025/05/30 18:25:53 811] tts        657  TTS_MSG_GETAUDIO  0  
[2025/05/30 18:25:53 811] tts        485  get audio|use local  
[2025/05/30 18:25:53 811] tts        527  0  nil  1  
[2025/05/30 18:25:53 812] tts        657  TTS_MSG_GETAUDIO  0  
[2025/05/30 18:25:53 812] tts        485  get audio|use local  
[2025/05/30 18:25:53 812] tts        527  0  nil  1  
[2025/05/30 18:25:53 813] tts        657  TTS_MSG_GETAUDIO  0  
[2025/05/30 18:25:53 813] tts        485  get audio|use local  
[2025/05/30 18:25:53 814] tts        527  0  nil  1  
[2025/05/30 18:25:53 814] tts        657  TTS_MSG_GETAUDIO  0  
[2025/05/30 18:25:53 814] tts        485  get audio|use local  
[2025/05/30 18:25:53 815] tts        527  0  nil  1  
[2025/05/30 18:25:53 815] tts        657  TTS_MSG_GETAUDIO  0  
[2025/05/30 18:25:53 816] tts        485  get audio|use local  
[2025/05/30 18:25:53 816] tts        527  0  nil  1  
[2025/05/30 18:25:53 817] tts        657  TTS_MSG_GETAUDIO  0  
[2025/05/30 18:25:53 817] tts        485  get audio|use local  
[2025/05/30 18:25:53 818] tts        527  0  nil  1  
[2025/05/30 18:25:53 821] tts        657  TTS_MSG_GETAUDIO  0  
[2025/05/30 18:25:53 821] tts        485  get audio|use local  
[2025/05/30 18:25:53 821] tts        527  0  nil  1  
[2025/05/30 18:25:53 825] tts        657  TTS_MSG_GETAUDIO  0  
[2025/05/30 18:25:53 825] tts        485  get audio|use local  
[2025/05/30 18:25:53 825] tts        527  0  nil  1  
[2025/05/30 18:25:53 828] tts        657  TTS_MSG_GETAUDIO  0  
[2025/05/30 18:25:53 828] tts        485  get audio|use local  
[2025/05/30 18:25:53 828] tts        527  0  nil  1  
[2025/05/30 18:25:53 829] tts        657  TTS_MSG_GETAUDIO  0  
[2025/05/30 18:25:53 829] tts        485  get audio|use local  
[2025/05/30 18:25:53 829] tts        527  0  nil  1  
[2025/05/30 18:25:53 830] tts        657  TTS_MSG_GETAUDIO  0  
[2025/05/30 18:25:53 830] tts        485  get audio|use local  
[2025/05/30 18:25:53 830] tts        527  0  nil  1  
[2025/05/30 18:25:53 846] tts        657  TTS_MSG_GETAUDIO  0  
[2025/05/30 18:25:53 846] tts        485  get audio|use local  
[2025/05/30 18:25:53 847] tts        527  0  nil  1  
[2025/05/30 18:25:53 848] tts        657  TTS_MSG_GETAUDIO  0  
[2025/05/30 18:25:53 848] tts        485  get audio|use local  
[2025/05/30 18:25:53 848] tts        527  0  nil  1  
[2025/05/30 18:25:53 850] tts        657  TTS_MSG_GETAUDIO  0  
[2025/05/30 18:25:53 850] tts        485  get audio|use local  
[2025/05/30 18:25:53 850] tts        527  0  nil  1  
[2025/05/30 18:25:53 851] tts        657  TTS_MSG_GETAUDIO  0  
[2025/05/30 18:25:53 852] tts        485  get audio|use local  
[2025/05/30 18:25:53 852] tts        527  0  nil  1  
[2025/05/30 18:25:53 853] tts        657  TTS_MSG_GETAUDIO  0  
[2025/05/30 18:25:53 853] tts        485  get audio|use local  
[2025/05/30 18:25:53 853] tts        527  0  nil  1  
[2025/05/30 18:25:53 855] tts        657  TTS_MSG_GETAUDIO  0  
[2025/05/30 18:25:53 855] tts        485  get audio|use local  
[2025/05/30 18:25:53 855] tts        527  0  nil  1  
[2025/05/30 18:25:53 856] tts        657  TTS_MSG_GETAUDIO  0  
[2025/05/30 18:25:53 857] tts        485  get audio|use local  
[2025/05/30 18:25:53 857] tts        527  0  nil  1  
[2025/05/30 18:25:53 858] tts        657  TTS_MSG_GETAUDIO  0  
[2025/05/30 18:25:53 858] tts        485  get audio|use local  
[2025/05/30 18:25:53 858] tts        527  0  nil  1  
[2025/05/30 18:25:53 859] tts        657  TTS_MSG_GETAUDIO  0  
[2025/05/30 18:25:53 859] tts        485  get audio|use local  
[2025/05/30 18:25:53 859] tts        527  0  nil  1  
[2025/05/30 18:25:53 862] tts        657  TTS_MSG_GETAUDIO  0  
[2025/05/30 18:25:53 862] tts        485  get audio|use local  
[2025/05/30 18:25:53 862] tts        527  0  nil  1  
[2025/05/30 18:25:53 863] tts        657  TTS_MSG_GETAUDIO  0  
[2025/05/30 18:25:53 863] tts        485  get audio|use local  
[2025/05/30 18:25:53 863] tts        527  0  nil  1  
[2025/05/30 18:25:53 869] tts        657  TTS_MSG_GETAUDIO  0  
[2025/05/30 18:25:53 869] tts        485  get audio|use local  
[2025/05/30 18:25:53 869] tts        527  0  nil  1  
[2025/05/30 18:25:53 869] tts        657  TTS_MSG_GETAUDIO  0  
[2025/05/30 18:25:53 869] tts        485  get audio|use local  
[2025/05/30 18:25:53 869] tts        527  0  nil  1  
[2025/05/30 18:25:53 870] tts        657  TTS_MSG_GETAUDIO  0  
[2025/05/30 18:25:53 870] tts        485  get audio|use local  
[2025/05/30 18:25:53 870] tts        527  0  nil  1  
[2025/05/30 18:25:53 871] tts        657  TTS_MSG_GETAUDIO  0  
[2025/05/30 18:25:53 871] tts        485  get audio|use local  
[2025/05/30 18:25:53 871] tts        527  0  nil  1  
[2025/05/30 18:25:53 871] tts        657  TTS_MSG_GETAUDIO  0  
[2025/05/30 18:25:53 871] tts        485  get audio|use local  
[2025/05/30 18:25:53 871] tts        527  0  nil  1  
[2025/05/30 18:25:53 872] tts        657  TTS_MSG_GETAUDIO  0  
[2025/05/30 18:25:53 872] tts        485  get audio|use local  
[2025/05/30 18:25:53 872] tts        527  0  nil  1  
[2025/05/30 18:25:53 873] tts        657  TTS_MSG_GETAUDIO  0  
[2025/05/30 18:25:53 873] tts        485  get audio|use local  
[2025/05/30 18:25:53 873] tts        527  0  nil  1  
[2025/05/30 18:25:53 874] tts        657  TTS_MSG_GETAUDIO  0  
[2025/05/30 18:25:53 874] tts        485  get audio|use local  
[2025/05/30 18:25:53 874] tts        527  0  nil  1  
[2025/05/30 18:25:53 874] tts        657  TTS_MSG_GETAUDIO  0  
[2025/05/30 18:25:53 874] tts        485  get audio|use local  
[2025/05/30 18:25:53 874] tts        527  0  nil  1  
[2025/05/30 18:25:53 876] tts        657  TTS_MSG_GETAUDIO  0  
[2025/05/30 18:25:53 876] tts        485  get audio|use local  
[2025/05/30 18:25:53 876] tts        527  0  nil  1  
[2025/05/30 18:25:53 876] tts        657  TTS_MSG_GETAUDIO  0  
[2025/05/30 18:25:53 876] tts        485  get audio|use local  
[2025/05/30 18:25:53 877] tts        527  0  nil  1  
[2025/05/30 18:25:53 878] tts        657  TTS_MSG_GETAUDIO  0  
[2025/05/30 18:25:53 878] tts        485  get audio|use local  
[2025/05/30 18:25:53 878] tts        527  0  nil  1  
[2025/05/30 18:25:53 881] tts        657  TTS_MSG_GETAUDIO  0  
[2025/05/30 18:25:53 881] tts        485  get audio|use local  
[2025/05/30 18:25:53 882] tts        527  0  nil  1  
[2025/05/30 18:25:53 884] tts        657  TTS_MSG_GETAUDIO  0  
[2025/05/30 18:25:53 884] tts        485  get audio|use local  
[2025/05/30 18:25:53 884] tts        527  0  nil  1  
[2025/05/30 18:25:53 889] tts        657  TTS_MSG_GETAUDIO  0  
[2025/05/30 18:25:53 894] tts        485  get audio|use local  
[2025/05/30 18:25:53 895] tts        527  0  nil  1  
[2025/05/30 18:25:53 901] tts        657  TTS_MSG_GETAUDIO  0  
[2025/05/30 18:25:53 901] tts        485  get audio|use local  
[2025/05/30 18:25:53 901] tts        527  0  nil  1  
[2025/05/30 18:25:53 902] tts        657  TTS_MSG_GETAUDIO  0  
[2025/05/30 18:25:53 902] tts        485  get audio|use local  
[2025/05/30 18:25:53 902] tts        527  0  nil  1  
[2025/05/30 18:25:53 904] tts        657  TTS_MSG_GETAUDIO  0  
[2025/05/30 18:25:53 904] tts        485  get audio|use local  
[2025/05/30 18:25:53 904] tts        527  0  nil  1  
[2025/05/30 18:25:53 906] tts        657  TTS_MSG_GETAUDIO  0  
[2025/05/30 18:25:53 907] tts        485  get audio|use local  
[2025/05/30 18:25:53 907] tts        527  0  nil  1  
[2025/05/30 18:25:53 910] tts        657  TTS_MSG_GETAUDIO  0  
[2025/05/30 18:25:53 911] tts        485  get audio|use local  
[2025/05/30 18:25:53 911] tts        527  0  nil  1  
[2025/05/30 18:25:53 912] tts        657  TTS_MSG_GETAUDIO  0  
[2025/05/30 18:25:53 912] tts        485  get audio|use local  
[2025/05/30 18:25:53 912] tts        527  0  nil  1  
[2025/05/30 18:25:53 916] tts        657  TTS_MSG_GETAUDIO  0  
[2025/05/30 18:25:53 916] tts        485  get audio|use local  
[2025/05/30 18:25:53 916] tts        527  0  nil  1  
[2025/05/30 18:25:53 916] tts        657  TTS_MSG_GETAUDIO  0  
[2025/05/30 18:25:53 917] tts        485  get audio|use local  
[2025/05/30 18:25:53 917] tts        527  0  nil  1  
[2025/05/30 18:25:53 917] tts        657  TTS_MSG_GETAUDIO  0  
[2025/05/30 18:25:53 917] tts        485  get audio|use local  
[2025/05/30 18:25:53 917] tts        527  0  nil  1  
[2025/05/30 18:25:53 919] tts        657  TTS_MSG_GETAUDIO  0  
[2025/05/30 18:25:53 919] tts        485  get audio|use local  
[2025/05/30 18:25:53 919] tts        527  0  nil  1  
[2025/05/30 18:25:53 919] tts        657  TTS_MSG_GETAUDIO  0  
[2025/05/30 18:25:53 919] tts        485  get audio|use local  
[2025/05/30 18:25:53 919] tts        527  0  nil  1  
[2025/05/30 18:25:53 920] tts        657  TTS_MSG_GETAUDIO  0  
[2025/05/30 18:25:53 920] tts        485  get audio|use local  
[2025/05/30 18:25:53 920] tts        527  0  nil  1  
[2025/05/30 18:25:53 920] tts        657  TTS_MSG_GETAUDIO  0  
[2025/05/30 18:25:53 921] tts        485  get audio|use local  
[2025/05/30 18:25:53 921] tts        527  0  nil  1  
[2025/05/30 18:25:53 921] tts        657  TTS_MSG_GETAUDIO  0  
[2025/05/30 18:25:53 921] tts        485  get audio|use local  
[2025/05/30 18:25:53 921] tts        527  0  nil  1  
[2025/05/30 18:25:53 922] tts        657  TTS_MSG_GETAUDIO  0  
[2025/05/30 18:25:53 922] tts        485  get audio|use local  
[2025/05/30 18:25:53 922] tts        527  0  nil  1  
[2025/05/30 18:25:53 923] tts        657  TTS_MSG_GETAUDIO  0  
[2025/05/30 18:25:53 923] tts        485  get audio|use local  
[2025/05/30 18:25:53 923] tts        527  0  nil  1  
[2025/05/30 18:25:53 925] tts        657  TTS_MSG_GETAUDIO  0  
[2025/05/30 18:25:53 925] tts        485  get audio|use local  
[2025/05/30 18:25:53 925] tts        527  0  nil  1  
[2025/05/30 18:25:53 931] tts        657  TTS_MSG_GETAUDIO  0  
[2025/05/30 18:25:53 931] tts        485  get audio|use local  
[2025/05/30 18:25:53 931] tts        527  0  nil  1  
[2025/05/30 18:25:53 938] tts        657  TTS_MSG_GETAUDIO  0  
[2025/05/30 18:25:53 945] tts        485  get audio|use local  
[2025/05/30 18:25:53 945] tts        527  0  nil  1  
[2025/05/30 18:25:53 945] tts        299  TTS_LOCAL_CB_BEGIN  
[2025/05/30 18:25:53 947] tts        657  TTS_MSG_GETAUDIO  0  
[2025/05/30 18:25:53 947] tts        485  get audio|use local  
[2025/05/30 18:25:53 947] tts        498  local audiolen:  2042  ,ced:  15  
[2025/05/30 18:25:53 947] tts        527  0  udata(7c06abf8) 1  
[2025/05/30 18:25:53 948] tts        657  TTS_MSG_GETAUDIO  0  
[2025/05/30 18:25:53 948] tts        485  get audio|use local  
[2025/05/30 18:25:53 948] tts        498  local audiolen:  2016  ,ced:  15  
[2025/05/30 18:25:53 948] tts        527  0  udata(7c070538) 1  
[2025/05/30 18:25:53 949] tts        657  TTS_MSG_GETAUDIO  0  
[2025/05/30 18:25:53 949] tts        485  get audio|use local  
[2025/05/30 18:25:53 949] tts        498  local audiolen:  1964  ,ced:  15  
[2025/05/30 18:25:53 950] tts        527  0  udata(7c070688) 1  
[2025/05/30 18:25:53 952] tts        657  TTS_MSG_GETAUDIO  0  
[2025/05/30 18:25:53 958] tts        485  get audio|use local  
[2025/05/30 18:25:53 958] tts        498  local audiolen:  1916  ,ced:  15  
[2025/05/30 18:25:53 958] tts        527  0  udata(7c070978) 1  
[2025/05/30 18:25:53 961] tts        657  TTS_MSG_GETAUDIO  0  
[2025/05/30 18:25:53 961] tts        485  get audio|use local  
[2025/05/30 18:25:53 961] tts        498  local audiolen:  2018  ,ced:  15  
[2025/05/30 18:25:53 961] tts        527  0  udata(7c087bc8) 1  
[2025/05/30 18:25:53 962] tts        657  TTS_MSG_GETAUDIO  0  
[2025/05/30 18:25:53 968] tts        485  get audio|use local  
[2025/05/30 18:25:53 969] tts        498  local audiolen:  2008  ,ced:  15  
[2025/05/30 18:25:53 969] tts        527  0  udata(7c087c18) 1  
[2025/05/30 18:25:53 971] tts        657  TTS_MSG_GETAUDIO  0  
[2025/05/30 18:25:53 971] tts        485  get audio|use local  
[2025/05/30 18:25:53 971] tts        498  local audiolen:  2046  ,ced:  15  
[2025/05/30 18:25:53 971] tts        527  0  udata(7c087e68) 1  
[2025/05/30 18:25:53 973] tts        657  TTS_MSG_GETAUDIO  0  
[2025/05/30 18:25:53 973] tts        485  get audio|use local  
[2025/05/30 18:25:53 974] tts        498  local audiolen:  1972  ,ced:  15  
[2025/05/30 18:25:53 974] tts        527  0  udata(7c087eb8) 1  
[2025/05/30 18:25:53 975] tts        657  TTS_MSG_GETAUDIO  0  
[2025/05/30 18:25:53 975] tts        485  get audio|use local  
[2025/05/30 18:25:53 976] tts        498  local audiolen:  1934  ,ced:  15  
[2025/05/30 18:25:53 976] tts        527  0  udata(7c087fb8) 1  
[2025/05/30 18:25:53 977] tts        657  TTS_MSG_GETAUDIO  0  
[2025/05/30 18:25:53 977] tts        485  get audio|use local  
[2025/05/30 18:25:53 978] tts        498  local audiolen:  2016  ,ced:  15  
[2025/05/30 18:25:53 978] tts        527  0  udata(7c0880b8) 1  
[2025/05/30 18:25:53 980] tts        657  TTS_MSG_GETAUDIO  0  
[2025/05/30 18:25:53 980] tts        485  get audio|use local  
[2025/05/30 18:25:53 981] tts        498  local audiolen:  2036  ,ced:  15  
[2025/05/30 18:25:53 981] tts        527  0  udata(7c088308) 1  
[2025/05/30 18:25:53 981] tts        657  TTS_MSG_GETAUDIO  0  
[2025/05/30 18:25:53 982] tts        485  get audio|use local  
[2025/05/30 18:25:53 982] tts        498  local audiolen:  1944  ,ced:  15  
[2025/05/30 18:25:53 982] tts        527  0  udata(7c07f278) 1  
[2025/05/30 18:25:53 982] tts        301  0  0  
[2025/05/30 18:25:53 982] tts        312  TTS_LOCAL_CB_END,  2  
[2025/05/30 18:25:53 983] tts        657  TTS_MSG_GETAUDIO  0  
[2025/05/30 18:25:53 983] tts        485  get audio|use local  
[2025/05/30 18:25:53 983] tts        498  local audiolen:  1958  ,ced:  15  
[2025/05/30 18:25:53 983] tts        527  0  udata(7c07f468) 1  
[2025/05/30 18:25:53 983] tts        657  TTS_MSG_GETAUDIO  0  
[2025/05/30 18:25:53 984] tts        485  get audio|use local  
[2025/05/30 18:25:53 984] tts        498  local audiolen:  2016  ,ced:  15  
[2025/05/30 18:25:53 984] tts        527  0  udata(7c07f4b8) 1  
[2025/05/30 18:25:53 984] tts        657  TTS_MSG_GETAUDIO  0  
[2025/05/30 18:25:53 984] tts        485  get audio|use local  
[2025/05/30 18:25:53 984] tts        498  local audiolen:  2016  ,ced:  15  
[2025/05/30 18:25:53 984] tts        527  0  udata(7c07f508) 1  
[2025/05/30 18:25:53 985] tts        657  TTS_MSG_GETAUDIO  0  
[2025/05/30 18:25:53 985] tts        485  get audio|use local  
[2025/05/30 18:25:53 985] tts        498  local audiolen:  1976  ,ced:  15  
[2025/05/30 18:25:53 985] tts        527  0  udata(7c07f558) 1  
[2025/05/30 18:25:53 986] tts        657  TTS_MSG_GETAUDIO  0  
[2025/05/30 18:25:53 986] tts        485  get audio|use local  
[2025/05/30 18:25:53 986] tts        498  local audiolen:  1932  ,ced:  15  
[2025/05/30 18:25:53 986] tts        527  0  udata(7c07f5a8) 1  
[2025/05/30 18:25:53 986] tts        657  TTS_MSG_GETAUDIO  0  
[2025/05/30 18:25:53 986] tts        485  get audio|use local  
[2025/05/30 18:25:53 987] tts        498  local audiolen:  2022  ,ced:  15  
[2025/05/30 18:25:53 987] tts        527  0  udata(7c07f5f8) 1  
[2025/05/30 18:25:53 987] tts        657  TTS_MSG_GETAUDIO  0  
[2025/05/30 18:25:53 987] tts        485  get audio|use local  
[2025/05/30 18:25:53 987] tts        498  local audiolen:  1996  ,ced:  15  
[2025/05/30 18:25:53 987] tts        527  0  udata(7c07f648) 1  
[2025/05/30 18:25:53 988] tts        657  TTS_MSG_GETAUDIO  0  
[2025/05/30 18:25:53 988] tts        485  get audio|use local  
[2025/05/30 18:25:53 988] tts        498  local audiolen:  2030  ,ced:  15  
[2025/05/30 18:25:53 988] tts        527  0  udata(7c07f698) 1  
[2025/05/30 18:25:53 989] tts        657  TTS_MSG_GETAUDIO  0  
[2025/05/30 18:25:53 989] tts        485  get audio|use local  
[2025/05/30 18:25:53 989] tts        498  local audiolen:  2006  ,ced:  15  
[2025/05/30 18:25:53 989] tts        527  0  udata(7c07f6e8) 1  
[2025/05/30 18:25:53 989] tts        657  TTS_MSG_GETAUDIO  0  
[2025/05/30 18:25:53 989] tts        485  get audio|use local  
[2025/05/30 18:25:53 989] tts        498  local audiolen:  2016  ,ced:  15  
[2025/05/30 18:25:53 990] tts        527  0  udata(7c07f738) 1  
[2025/05/30 18:25:53 990] tts        657  TTS_MSG_GETAUDIO  0  
[2025/05/30 18:25:53 990] tts        485  get audio|use local  
[2025/05/30 18:25:53 990] tts        498  local audiolen:  2016  ,ced:  15  
[2025/05/30 18:25:53 990] tts        527  0  udata(7c07f788) 1  
[2025/05/30 18:25:53 991] tts        657  TTS_MSG_GETAUDIO  0  
[2025/05/30 18:25:53 991] tts        485  get audio|use local  
[2025/05/30 18:25:53 991] tts        498  local audiolen:  960  ,ced:  15  
[2025/05/30 18:25:53 991] tts        527  0  udata(7c07e3a8) 2  
[2025/05/30 18:25:53 994] tts        660  TTS_MSG_SSE  
[2025/05/30 18:25:53 995] tts        585  sse|use local  
[2025/05/30 18:25:53 996] tts        603  tts exit  
[2025/05/30 18:25:54 004] tts        667  SYS_MSG_UNLOAD  
