============================================================
Time  2025/08/10 20:32:33 981 
============================================================
[2025/08/10 20:32:33 982] tts        676  SYS_MSG_REGCB param0 =  msp_status_cb  param1 =  func(74014a30) 
[2025/08/10 20:32:33 984] config     43   use general cloud  
[2025/08/10 20:32:33 990] tts_cloud  1417 SYS_MSG_REGCB_CLOUD param0 =   msp_status_cb  param1 =  func(74014a30) 
[2025/08/10 20:32:33 991] tts        647  TTS_MSG_SSB  
[2025/08/10 20:32:33 991] tts        375  params =  engine_type = local,voice_name=xiaoyan, text_encoding = UTF8, tts_res_path = fo|res/tts/xiaoyan.jet;fo|res/tts/common.jet, sample_rate = 16000, speed = 50, volume = 80, pitch = 50, rdn = 2  
[2025/08/10 20:32:33 991] tts        412  ssb|use local  
[2025/08/10 20:32:33 991] tts        349  local_session_begin  
[2025/08/10 20:32:33 994] tts        654  TTS_MSG_SYN  0  
[2025/08/10 20:32:33 994] tts        451  synth|use local  
[2025/08/10 20:32:33 995] tts        657  TTS_MSG_GETAUDIO  0  
[2025/08/10 20:32:33 995] tts        485  get audio|use local  
[2025/08/10 20:32:33 996] tts        527  0  nil  1  
[2025/08/10 20:32:33 997] tts        657  TTS_MSG_GETAUDIO  0  
[2025/08/10 20:32:33 997] tts        485  get audio|use local  
[2025/08/10 20:32:33 997] tts        527  0  nil  1  
[2025/08/10 20:32:34 000] tts        657  TTS_MSG_GETAUDIO  0  
[2025/08/10 20:32:34 000] tts        485  get audio|use local  
[2025/08/10 20:32:34 000] tts        527  0  nil  1  
[2025/08/10 20:32:34 001] tts        657  TTS_MSG_GETAUDIO  0  
[2025/08/10 20:32:34 002] tts        485  get audio|use local  
[2025/08/10 20:32:34 002] tts        527  0  nil  1  
[2025/08/10 20:32:34 003] tts        657  TTS_MSG_GETAUDIO  0  
[2025/08/10 20:32:34 003] tts        485  get audio|use local  
[2025/08/10 20:32:34 003] tts        527  0  nil  1  
[2025/08/10 20:32:34 008] tts        657  TTS_MSG_GETAUDIO  0  
[2025/08/10 20:32:34 008] tts        485  get audio|use local  
[2025/08/10 20:32:34 008] tts        527  0  nil  1  
[2025/08/10 20:32:34 009] tts        657  TTS_MSG_GETAUDIO  0  
[2025/08/10 20:32:34 009] tts        485  get audio|use local  
[2025/08/10 20:32:34 009] tts        527  0  nil  1  
[2025/08/10 20:32:34 010] tts        657  TTS_MSG_GETAUDIO  0  
[2025/08/10 20:32:34 010] tts        485  get audio|use local  
[2025/08/10 20:32:34 010] tts        527  0  nil  1  
[2025/08/10 20:32:34 012] tts        657  TTS_MSG_GETAUDIO  0  
[2025/08/10 20:32:34 012] tts        485  get audio|use local  
[2025/08/10 20:32:34 012] tts        527  0  nil  1  
[2025/08/10 20:32:34 014] tts        657  TTS_MSG_GETAUDIO  0  
[2025/08/10 20:32:34 014] tts        485  get audio|use local  
[2025/08/10 20:32:34 015] tts        527  0  nil  1  
[2025/08/10 20:32:34 017] tts        657  TTS_MSG_GETAUDIO  0  
[2025/08/10 20:32:34 017] tts        485  get audio|use local  
[2025/08/10 20:32:34 017] tts        527  0  nil  1  
[2025/08/10 20:32:34 018] tts        657  TTS_MSG_GETAUDIO  0  
[2025/08/10 20:32:34 018] tts        485  get audio|use local  
[2025/08/10 20:32:34 018] tts        527  0  nil  1  
[2025/08/10 20:32:34 019] tts        657  TTS_MSG_GETAUDIO  0  
[2025/08/10 20:32:34 020] tts        485  get audio|use local  
[2025/08/10 20:32:34 020] tts        527  0  nil  1  
[2025/08/10 20:32:34 020] tts        657  TTS_MSG_GETAUDIO  0  
[2025/08/10 20:32:34 021] tts        485  get audio|use local  
[2025/08/10 20:32:34 021] tts        527  0  nil  1  
[2025/08/10 20:32:34 022] tts        657  TTS_MSG_GETAUDIO  0  
[2025/08/10 20:32:34 022] tts        485  get audio|use local  
[2025/08/10 20:32:34 022] tts        527  0  nil  1  
[2025/08/10 20:32:34 023] tts        657  TTS_MSG_GETAUDIO  0  
[2025/08/10 20:32:34 023] tts        485  get audio|use local  
[2025/08/10 20:32:34 023] tts        527  0  nil  1  
[2025/08/10 20:32:34 024] tts        657  TTS_MSG_GETAUDIO  0  
[2025/08/10 20:32:34 024] tts        485  get audio|use local  
[2025/08/10 20:32:34 024] tts        527  0  nil  1  
[2025/08/10 20:32:34 025] tts        657  TTS_MSG_GETAUDIO  0  
[2025/08/10 20:32:34 025] tts        485  get audio|use local  
[2025/08/10 20:32:34 025] tts        527  0  nil  1  
[2025/08/10 20:32:34 026] tts        657  TTS_MSG_GETAUDIO  0  
[2025/08/10 20:32:34 026] tts        485  get audio|use local  
[2025/08/10 20:32:34 027] tts        527  0  nil  1  
[2025/08/10 20:32:34 028] tts        657  TTS_MSG_GETAUDIO  0  
[2025/08/10 20:32:34 028] tts        485  get audio|use local  
[2025/08/10 20:32:34 028] tts        527  0  nil  1  
[2025/08/10 20:32:34 029] tts        657  TTS_MSG_GETAUDIO  0  
[2025/08/10 20:32:34 029] tts        485  get audio|use local  
[2025/08/10 20:32:34 029] tts        527  0  nil  1  
[2025/08/10 20:32:34 030] tts        657  TTS_MSG_GETAUDIO  0  
[2025/08/10 20:32:34 030] tts        485  get audio|use local  
[2025/08/10 20:32:34 030] tts        527  0  nil  1  
[2025/08/10 20:32:34 031] tts        657  TTS_MSG_GETAUDIO  0  
[2025/08/10 20:32:34 031] tts        485  get audio|use local  
[2025/08/10 20:32:34 031] tts        527  0  nil  1  
[2025/08/10 20:32:34 032] tts        657  TTS_MSG_GETAUDIO  0  
[2025/08/10 20:32:34 032] tts        485  get audio|use local  
[2025/08/10 20:32:34 032] tts        527  0  nil  1  
[2025/08/10 20:32:34 033] tts        657  TTS_MSG_GETAUDIO  0  
[2025/08/10 20:32:34 033] tts        485  get audio|use local  
[2025/08/10 20:32:34 033] tts        527  0  nil  1  
[2025/08/10 20:32:34 034] tts        657  TTS_MSG_GETAUDIO  0  
[2025/08/10 20:32:34 034] tts        485  get audio|use local  
[2025/08/10 20:32:34 034] tts        527  0  nil  1  
[2025/08/10 20:32:34 035] tts        657  TTS_MSG_GETAUDIO  0  
[2025/08/10 20:32:34 035] tts        485  get audio|use local  
[2025/08/10 20:32:34 035] tts        527  0  nil  1  
[2025/08/10 20:32:34 036] tts        657  TTS_MSG_GETAUDIO  0  
[2025/08/10 20:32:34 036] tts        485  get audio|use local  
[2025/08/10 20:32:34 036] tts        527  0  nil  1  
[2025/08/10 20:32:34 037] tts        657  TTS_MSG_GETAUDIO  0  
[2025/08/10 20:32:34 038] tts        485  get audio|use local  
[2025/08/10 20:32:34 038] tts        527  0  nil  1  
[2025/08/10 20:32:34 038] tts        657  TTS_MSG_GETAUDIO  0  
[2025/08/10 20:32:34 038] tts        485  get audio|use local  
[2025/08/10 20:32:34 039] tts        527  0  nil  1  
[2025/08/10 20:32:34 039] tts        657  TTS_MSG_GETAUDIO  0  
[2025/08/10 20:32:34 039] tts        485  get audio|use local  
[2025/08/10 20:32:34 039] tts        527  0  nil  1  
[2025/08/10 20:32:34 040] tts        657  TTS_MSG_GETAUDIO  0  
[2025/08/10 20:32:34 040] tts        485  get audio|use local  
[2025/08/10 20:32:34 040] tts        527  0  nil  1  
[2025/08/10 20:32:34 041] tts        657  TTS_MSG_GETAUDIO  0  
[2025/08/10 20:32:34 041] tts        485  get audio|use local  
[2025/08/10 20:32:34 041] tts        527  0  nil  1  
[2025/08/10 20:32:34 042] tts        657  TTS_MSG_GETAUDIO  0  
[2025/08/10 20:32:34 042] tts        485  get audio|use local  
[2025/08/10 20:32:34 042] tts        527  0  nil  1  
[2025/08/10 20:32:34 043] tts        657  TTS_MSG_GETAUDIO  0  
[2025/08/10 20:32:34 043] tts        485  get audio|use local  
[2025/08/10 20:32:34 043] tts        527  0  nil  1  
[2025/08/10 20:32:34 044] tts        657  TTS_MSG_GETAUDIO  0  
[2025/08/10 20:32:34 044] tts        485  get audio|use local  
[2025/08/10 20:32:34 044] tts        527  0  nil  1  
[2025/08/10 20:32:34 045] tts        657  TTS_MSG_GETAUDIO  0  
[2025/08/10 20:32:34 045] tts        485  get audio|use local  
[2025/08/10 20:32:34 045] tts        527  0  nil  1  
[2025/08/10 20:32:34 046] tts        657  TTS_MSG_GETAUDIO  0  
[2025/08/10 20:32:34 046] tts        485  get audio|use local  
[2025/08/10 20:32:34 046] tts        527  0  nil  1  
[2025/08/10 20:32:34 047] tts        657  TTS_MSG_GETAUDIO  0  
[2025/08/10 20:32:34 047] tts        485  get audio|use local  
[2025/08/10 20:32:34 047] tts        527  0  nil  1  
[2025/08/10 20:32:34 048] tts        657  TTS_MSG_GETAUDIO  0  
[2025/08/10 20:32:34 048] tts        485  get audio|use local  
[2025/08/10 20:32:34 048] tts        527  0  nil  1  
[2025/08/10 20:32:34 049] tts        657  TTS_MSG_GETAUDIO  0  
[2025/08/10 20:32:34 049] tts        485  get audio|use local  
[2025/08/10 20:32:34 050] tts        527  0  nil  1  
[2025/08/10 20:32:34 051] tts        657  TTS_MSG_GETAUDIO  0  
[2025/08/10 20:32:34 051] tts        485  get audio|use local  
[2025/08/10 20:32:34 051] tts        527  0  nil  1  
[2025/08/10 20:32:34 058] tts        657  TTS_MSG_GETAUDIO  0  
[2025/08/10 20:32:34 058] tts        485  get audio|use local  
[2025/08/10 20:32:34 058] tts        527  0  nil  1  
[2025/08/10 20:32:34 059] tts        657  TTS_MSG_GETAUDIO  0  
[2025/08/10 20:32:34 059] tts        485  get audio|use local  
[2025/08/10 20:32:34 059] tts        527  0  nil  1  
[2025/08/10 20:32:34 060] tts        657  TTS_MSG_GETAUDIO  0  
[2025/08/10 20:32:34 060] tts        485  get audio|use local  
[2025/08/10 20:32:34 060] tts        527  0  nil  1  
[2025/08/10 20:32:34 063] tts        657  TTS_MSG_GETAUDIO  0  
[2025/08/10 20:32:34 063] tts        485  get audio|use local  
[2025/08/10 20:32:34 063] tts        527  0  nil  1  
[2025/08/10 20:32:34 064] tts        657  TTS_MSG_GETAUDIO  0  
[2025/08/10 20:32:34 064] tts        485  get audio|use local  
[2025/08/10 20:32:34 064] tts        527  0  nil  1  
[2025/08/10 20:32:34 065] tts        657  TTS_MSG_GETAUDIO  0  
[2025/08/10 20:32:34 065] tts        485  get audio|use local  
[2025/08/10 20:32:34 065] tts        527  0  nil  1  
[2025/08/10 20:32:34 066] tts        657  TTS_MSG_GETAUDIO  0  
[2025/08/10 20:32:34 066] tts        485  get audio|use local  
[2025/08/10 20:32:34 066] tts        527  0  nil  1  
[2025/08/10 20:32:34 067] tts        657  TTS_MSG_GETAUDIO  0  
[2025/08/10 20:32:34 067] tts        485  get audio|use local  
[2025/08/10 20:32:34 067] tts        527  0  nil  1  
[2025/08/10 20:32:34 070] tts        657  TTS_MSG_GETAUDIO  0  
[2025/08/10 20:32:34 070] tts        485  get audio|use local  
[2025/08/10 20:32:34 070] tts        527  0  nil  1  
[2025/08/10 20:32:34 071] tts        657  TTS_MSG_GETAUDIO  0  
[2025/08/10 20:32:34 071] tts        485  get audio|use local  
[2025/08/10 20:32:34 071] tts        527  0  nil  1  
[2025/08/10 20:32:34 072] tts        657  TTS_MSG_GETAUDIO  0  
[2025/08/10 20:32:34 072] tts        485  get audio|use local  
[2025/08/10 20:32:34 072] tts        527  0  nil  1  
[2025/08/10 20:32:34 081] tts        657  TTS_MSG_GETAUDIO  0  
[2025/08/10 20:32:34 082] tts        485  get audio|use local  
[2025/08/10 20:32:34 082] tts        527  0  nil  1  
[2025/08/10 20:32:34 082] tts        657  TTS_MSG_GETAUDIO  0  
[2025/08/10 20:32:34 083] tts        485  get audio|use local  
[2025/08/10 20:32:34 083] tts        527  0  nil  1  
[2025/08/10 20:32:34 083] tts        657  TTS_MSG_GETAUDIO  0  
[2025/08/10 20:32:34 083] tts        485  get audio|use local  
[2025/08/10 20:32:34 083] tts        527  0  nil  1  
[2025/08/10 20:32:34 084] tts        657  TTS_MSG_GETAUDIO  0  
[2025/08/10 20:32:34 084] tts        485  get audio|use local  
[2025/08/10 20:32:34 084] tts        527  0  nil  1  
[2025/08/10 20:32:34 085] tts        657  TTS_MSG_GETAUDIO  0  
[2025/08/10 20:32:34 085] tts        485  get audio|use local  
[2025/08/10 20:32:34 085] tts        527  0  nil  1  
[2025/08/10 20:32:34 093] tts        657  TTS_MSG_GETAUDIO  0  
[2025/08/10 20:32:34 093] tts        485  get audio|use local  
[2025/08/10 20:32:34 093] tts        527  0  nil  1  
[2025/08/10 20:32:34 096] tts        657  TTS_MSG_GETAUDIO  0  
[2025/08/10 20:32:34 096] tts        485  get audio|use local  
[2025/08/10 20:32:34 096] tts        527  0  nil  1  
[2025/08/10 20:32:34 097] tts        657  TTS_MSG_GETAUDIO  0  
[2025/08/10 20:32:34 097] tts        485  get audio|use local  
[2025/08/10 20:32:34 098] tts        527  0  nil  1  
[2025/08/10 20:32:34 098] tts        657  TTS_MSG_GETAUDIO  0  
[2025/08/10 20:32:34 099] tts        485  get audio|use local  
[2025/08/10 20:32:34 099] tts        527  0  nil  1  
[2025/08/10 20:32:34 100] tts        657  TTS_MSG_GETAUDIO  0  
[2025/08/10 20:32:34 100] tts        485  get audio|use local  
[2025/08/10 20:32:34 100] tts        527  0  nil  1  
[2025/08/10 20:32:34 108] tts        657  TTS_MSG_GETAUDIO  0  
[2025/08/10 20:32:34 108] tts        485  get audio|use local  
[2025/08/10 20:32:34 108] tts        527  0  nil  1  
[2025/08/10 20:32:34 109] tts        657  TTS_MSG_GETAUDIO  0  
[2025/08/10 20:32:34 109] tts        485  get audio|use local  
[2025/08/10 20:32:34 110] tts        527  0  nil  1  
[2025/08/10 20:32:34 110] tts        657  TTS_MSG_GETAUDIO  0  
[2025/08/10 20:32:34 110] tts        485  get audio|use local  
[2025/08/10 20:32:34 111] tts        527  0  nil  1  
[2025/08/10 20:32:34 111] tts        657  TTS_MSG_GETAUDIO  0  
[2025/08/10 20:32:34 111] tts        485  get audio|use local  
[2025/08/10 20:32:34 111] tts        527  0  nil  1  
[2025/08/10 20:32:34 112] tts        657  TTS_MSG_GETAUDIO  0  
[2025/08/10 20:32:34 117] tts        485  get audio|use local  
[2025/08/10 20:32:34 117] tts        527  0  nil  1  
[2025/08/10 20:32:34 118] tts        657  TTS_MSG_GETAUDIO  0  
[2025/08/10 20:32:34 118] tts        485  get audio|use local  
[2025/08/10 20:32:34 119] tts        527  0  nil  1  
[2025/08/10 20:32:34 119] tts        657  TTS_MSG_GETAUDIO  0  
[2025/08/10 20:32:34 119] tts        485  get audio|use local  
[2025/08/10 20:32:34 119] tts        527  0  nil  1  
[2025/08/10 20:32:34 120] tts        657  TTS_MSG_GETAUDIO  0  
[2025/08/10 20:32:34 120] tts        485  get audio|use local  
[2025/08/10 20:32:34 120] tts        527  0  nil  1  
[2025/08/10 20:32:34 120] tts        657  TTS_MSG_GETAUDIO  0  
[2025/08/10 20:32:34 120] tts        485  get audio|use local  
[2025/08/10 20:32:34 120] tts        527  0  nil  1  
[2025/08/10 20:32:34 121] tts        657  TTS_MSG_GETAUDIO  0  
[2025/08/10 20:32:34 121] tts        485  get audio|use local  
[2025/08/10 20:32:34 121] tts        527  0  nil  1  
[2025/08/10 20:32:34 121] tts        657  TTS_MSG_GETAUDIO  0  
[2025/08/10 20:32:34 121] tts        485  get audio|use local  
[2025/08/10 20:32:34 121] tts        527  0  nil  1  
[2025/08/10 20:32:34 122] tts        657  TTS_MSG_GETAUDIO  0  
[2025/08/10 20:32:34 122] tts        485  get audio|use local  
[2025/08/10 20:32:34 122] tts        527  0  nil  1  
[2025/08/10 20:32:34 122] tts        657  TTS_MSG_GETAUDIO  0  
[2025/08/10 20:32:34 122] tts        485  get audio|use local  
[2025/08/10 20:32:34 123] tts        527  0  nil  1  
[2025/08/10 20:32:34 123] tts        657  TTS_MSG_GETAUDIO  0  
[2025/08/10 20:32:34 123] tts        485  get audio|use local  
[2025/08/10 20:32:34 123] tts        527  0  nil  1  
[2025/08/10 20:32:34 123] tts        657  TTS_MSG_GETAUDIO  0  
[2025/08/10 20:32:34 124] tts        485  get audio|use local  
[2025/08/10 20:32:34 124] tts        527  0  nil  1  
[2025/08/10 20:32:34 124] tts        657  TTS_MSG_GETAUDIO  0  
[2025/08/10 20:32:34 124] tts        485  get audio|use local  
[2025/08/10 20:32:34 124] tts        527  0  nil  1  
[2025/08/10 20:32:34 124] tts        657  TTS_MSG_GETAUDIO  0  
[2025/08/10 20:32:34 125] tts        485  get audio|use local  
[2025/08/10 20:32:34 125] tts        527  0  nil  1  
[2025/08/10 20:32:34 125] tts        657  TTS_MSG_GETAUDIO  0  
[2025/08/10 20:32:34 125] tts        485  get audio|use local  
[2025/08/10 20:32:34 125] tts        527  0  nil  1  
[2025/08/10 20:32:34 126] tts        657  TTS_MSG_GETAUDIO  0  
[2025/08/10 20:32:34 126] tts        485  get audio|use local  
[2025/08/10 20:32:34 126] tts        527  0  nil  1  
[2025/08/10 20:32:34 127] tts        657  TTS_MSG_GETAUDIO  0  
[2025/08/10 20:32:34 127] tts        485  get audio|use local  
[2025/08/10 20:32:34 128] tts        527  0  nil  1  
[2025/08/10 20:32:34 128] tts        657  TTS_MSG_GETAUDIO  0  
[2025/08/10 20:32:34 128] tts        485  get audio|use local  
[2025/08/10 20:32:34 128] tts        527  0  nil  1  
[2025/08/10 20:32:34 129] tts        657  TTS_MSG_GETAUDIO  0  
[2025/08/10 20:32:34 131] tts        485  get audio|use local  
[2025/08/10 20:32:34 131] tts        527  0  nil  1  
[2025/08/10 20:32:34 132] tts        657  TTS_MSG_GETAUDIO  0  
[2025/08/10 20:32:34 132] tts        485  get audio|use local  
[2025/08/10 20:32:34 132] tts        527  0  nil  1  
[2025/08/10 20:32:34 134] tts        657  TTS_MSG_GETAUDIO  0  
[2025/08/10 20:32:34 134] tts        485  get audio|use local  
[2025/08/10 20:32:34 134] tts        527  0  nil  1  
[2025/08/10 20:32:34 143] tts        657  TTS_MSG_GETAUDIO  0  
[2025/08/10 20:32:34 143] tts        485  get audio|use local  
[2025/08/10 20:32:34 143] tts        527  0  nil  1  
[2025/08/10 20:32:34 145] tts        657  TTS_MSG_GETAUDIO  0  
[2025/08/10 20:32:34 145] tts        485  get audio|use local  
[2025/08/10 20:32:34 146] tts        527  0  nil  1  
[2025/08/10 20:32:34 148] tts        657  TTS_MSG_GETAUDIO  0  
[2025/08/10 20:32:34 148] tts        485  get audio|use local  
[2025/08/10 20:32:34 148] tts        527  0  nil  1  
[2025/08/10 20:32:34 149] tts        657  TTS_MSG_GETAUDIO  0  
[2025/08/10 20:32:34 149] tts        485  get audio|use local  
[2025/08/10 20:32:34 149] tts        527  0  nil  1  
[2025/08/10 20:32:34 150] tts        657  TTS_MSG_GETAUDIO  0  
[2025/08/10 20:32:34 150] tts        485  get audio|use local  
[2025/08/10 20:32:34 151] tts        527  0  nil  1  
[2025/08/10 20:32:34 167] tts        657  TTS_MSG_GETAUDIO  0  
[2025/08/10 20:32:34 167] tts        485  get audio|use local  
[2025/08/10 20:32:34 167] tts        527  0  nil  1  
[2025/08/10 20:32:34 172] tts        299  TTS_LOCAL_CB_BEGIN  
[2025/08/10 20:32:34 194] tts        657  TTS_MSG_GETAUDIO  0  
[2025/08/10 20:32:34 194] tts        485  get audio|use local  
[2025/08/10 20:32:34 195] tts        498  local audiolen:  2042  ,ced:  16  
[2025/08/10 20:32:34 199] tts        527  0  udata(7407cd38) 1  
[2025/08/10 20:32:34 211] tts        657  TTS_MSG_GETAUDIO  0  
[2025/08/10 20:32:34 211] tts        485  get audio|use local  
[2025/08/10 20:32:34 212] tts        498  local audiolen:  2016  ,ced:  16  
[2025/08/10 20:32:34 212] tts        527  0  udata(7407f618) 1  
[2025/08/10 20:32:34 220] tts        301  0  0  
[2025/08/10 20:32:34 220] tts        312  TTS_LOCAL_CB_END,  2  
[2025/08/10 20:32:34 223] tts        657  TTS_MSG_GETAUDIO  0  
[2025/08/10 20:32:34 224] tts        485  get audio|use local  
[2025/08/10 20:32:34 224] tts        498  local audiolen:  1970  ,ced:  16  
[2025/08/10 20:32:34 224] tts        527  0  udata(7407fb08) 1  
[2025/08/10 20:32:34 232] tts        657  TTS_MSG_GETAUDIO  0  
[2025/08/10 20:32:34 232] tts        485  get audio|use local  
[2025/08/10 20:32:34 233] tts        498  local audiolen:  1900  ,ced:  16  
[2025/08/10 20:32:34 233] tts        527  0  udata(7407ebe8) 1  
[2025/08/10 20:32:34 234] tts        657  TTS_MSG_GETAUDIO  0  
[2025/08/10 20:32:34 234] tts        485  get audio|use local  
[2025/08/10 20:32:34 234] tts        498  local audiolen:  1972  ,ced:  16  
[2025/08/10 20:32:34 234] tts        527  0  udata(7407fb58) 1  
[2025/08/10 20:32:34 273] tts        657  TTS_MSG_GETAUDIO  0  
[2025/08/10 20:32:34 273] tts        485  get audio|use local  
[2025/08/10 20:32:34 274] tts        498  local audiolen:  1982  ,ced:  16  
[2025/08/10 20:32:34 274] tts        527  0  udata(7407fba8) 1  
[2025/08/10 20:32:34 275] tts        657  TTS_MSG_GETAUDIO  0  
[2025/08/10 20:32:34 276] tts        485  get audio|use local  
[2025/08/10 20:32:34 276] tts        498  local audiolen:  2046  ,ced:  16  
[2025/08/10 20:32:34 276] tts        527  0  udata(7407fbf8) 1  
[2025/08/10 20:32:34 277] tts        657  TTS_MSG_GETAUDIO  0  
[2025/08/10 20:32:34 277] tts        485  get audio|use local  
[2025/08/10 20:32:34 277] tts        498  local audiolen:  1970  ,ced:  16  
[2025/08/10 20:32:34 278] tts        527  0  udata(7407fc48) 1  
[2025/08/10 20:32:34 279] tts        657  TTS_MSG_GETAUDIO  0  
[2025/08/10 20:32:34 279] tts        485  get audio|use local  
[2025/08/10 20:32:34 279] tts        498  local audiolen:  1932  ,ced:  16  
[2025/08/10 20:32:34 280] tts        527  0  udata(7407fc98) 1  
[2025/08/10 20:32:34 281] tts        657  TTS_MSG_GETAUDIO  0  
[2025/08/10 20:32:34 282] tts        485  get audio|use local  
[2025/08/10 20:32:34 282] tts        498  local audiolen:  1994  ,ced:  16  
[2025/08/10 20:32:34 282] tts        527  0  udata(7407fce8) 1  
[2025/08/10 20:32:34 283] tts        657  TTS_MSG_GETAUDIO  0  
[2025/08/10 20:32:34 283] tts        485  get audio|use local  
[2025/08/10 20:32:34 284] tts        498  local audiolen:  2008  ,ced:  16  
[2025/08/10 20:32:34 284] tts        527  0  udata(7407fd38) 1  
[2025/08/10 20:32:34 293] tts        657  TTS_MSG_GETAUDIO  0  
[2025/08/10 20:32:34 294] tts        485  get audio|use local  
[2025/08/10 20:32:34 294] tts        498  local audiolen:  1932  ,ced:  16  
[2025/08/10 20:32:34 294] tts        527  0  udata(7407fd88) 1  
[2025/08/10 20:32:34 295] tts        657  TTS_MSG_GETAUDIO  0  
[2025/08/10 20:32:34 295] tts        485  get audio|use local  
[2025/08/10 20:32:34 295] tts        498  local audiolen:  2044  ,ced:  16  
[2025/08/10 20:32:34 296] tts        527  0  udata(7407fdd8) 1  
[2025/08/10 20:32:34 298] tts        657  TTS_MSG_GETAUDIO  0  
[2025/08/10 20:32:34 298] tts        485  get audio|use local  
[2025/08/10 20:32:34 298] tts        498  local audiolen:  2014  ,ced:  16  
[2025/08/10 20:32:34 298] tts        527  0  udata(7407fe28) 1  
[2025/08/10 20:32:34 299] tts        657  TTS_MSG_GETAUDIO  0  
[2025/08/10 20:32:34 299] tts        485  get audio|use local  
[2025/08/10 20:32:34 299] tts        498  local audiolen:  1982  ,ced:  16  
[2025/08/10 20:32:34 300] tts        527  0  udata(7407fe78) 1  
[2025/08/10 20:32:34 301] tts        657  TTS_MSG_GETAUDIO  0  
[2025/08/10 20:32:34 301] tts        485  get audio|use local  
[2025/08/10 20:32:34 301] tts        498  local audiolen:  2006  ,ced:  16  
[2025/08/10 20:32:34 301] tts        527  0  udata(7407fec8) 1  
[2025/08/10 20:32:34 302] tts        657  TTS_MSG_GETAUDIO  0  
[2025/08/10 20:32:34 303] tts        485  get audio|use local  
[2025/08/10 20:32:34 303] tts        498  local audiolen:  1964  ,ced:  16  
[2025/08/10 20:32:34 303] tts        527  0  udata(7407de28) 1  
[2025/08/10 20:32:34 304] tts        657  TTS_MSG_GETAUDIO  0  
[2025/08/10 20:32:34 305] tts        485  get audio|use local  
[2025/08/10 20:32:34 305] tts        498  local audiolen:  2046  ,ced:  16  
[2025/08/10 20:32:34 305] tts        527  0  udata(7407de78) 1  
[2025/08/10 20:32:34 306] tts        657  TTS_MSG_GETAUDIO  0  
[2025/08/10 20:32:34 306] tts        485  get audio|use local  
[2025/08/10 20:32:34 306] tts        498  local audiolen:  1940  ,ced:  16  
[2025/08/10 20:32:34 307] tts        527  0  udata(7407dec8) 1  
[2025/08/10 20:32:34 310] tts        657  TTS_MSG_GETAUDIO  0  
[2025/08/10 20:32:34 310] tts        485  get audio|use local  
[2025/08/10 20:32:34 310] tts        498  local audiolen:  2000  ,ced:  16  
[2025/08/10 20:32:34 310] tts        527  0  udata(7407df18) 1  
[2025/08/10 20:32:34 323] tts        657  TTS_MSG_GETAUDIO  0  
[2025/08/10 20:32:34 323] tts        485  get audio|use local  
[2025/08/10 20:32:34 323] tts        498  local audiolen:  1940  ,ced:  16  
[2025/08/10 20:32:34 324] tts        527  0  udata(7407df68) 1  
[2025/08/10 20:32:34 326] tts        657  TTS_MSG_GETAUDIO  0  
[2025/08/10 20:32:34 326] tts        485  get audio|use local  
[2025/08/10 20:32:34 326] tts        498  local audiolen:  2048  ,ced:  16  
[2025/08/10 20:32:34 326] tts        527  0  udata(7407dfb8) 1  
[2025/08/10 20:32:34 331] tts        657  TTS_MSG_GETAUDIO  0  
[2025/08/10 20:32:34 332] tts        485  get audio|use local  
[2025/08/10 20:32:34 332] tts        498  local audiolen:  2016  ,ced:  16  
[2025/08/10 20:32:34 333] tts        527  0  udata(7407e008) 1  
[2025/08/10 20:32:34 334] tts        657  TTS_MSG_GETAUDIO  0  
[2025/08/10 20:32:34 335] tts        485  get audio|use local  
[2025/08/10 20:32:34 350] tts        498  local audiolen:  576  ,ced:  16  
[2025/08/10 20:32:34 351] tts        527  0  udata(7407e2a8) 2  
[2025/08/10 20:32:34 356] tts        660  TTS_MSG_SSE  
[2025/08/10 20:32:34 358] tts        585  sse|use local  
[2025/08/10 20:32:34 375] tts        603  tts exit  
[2025/08/10 20:32:34 382] tts        667  SYS_MSG_UNLOAD  
