============================================================
Time  2025/05/30 18:53:38 135 
============================================================
[2025/05/30 18:53:38 135] tts        676  SYS_MSG_REGCB param0 =  msp_status_cb  param1 =  func(70014850) 
[2025/05/30 18:53:38 138] config     43   use general cloud  
[2025/05/30 18:53:38 145] tts_cloud  1417 SYS_MSG_REGCB_CLOUD param0 =   msp_status_cb  param1 =  func(70014850) 
[2025/05/30 18:53:38 145] tts        647  TTS_MSG_SSB  
[2025/05/30 18:53:38 145] tts        375  params =  engine_type = local,voice_name=xiaoyan, text_encoding = UTF8, tts_res_path = fo|res/tts/xiaoyan.jet;fo|res/tts/common.jet, sample_rate = 16000, speed = 50, volume = 80, pitch = 50, rdn = 2  
[2025/05/30 18:53:38 146] tts        412  ssb|use local  
[2025/05/30 18:53:38 146] tts        349  local_session_begin  
[2025/05/30 18:53:38 167] tts        654  TTS_MSG_SYN  0  
[2025/05/30 18:53:38 176] tts        451  synth|use local  
[2025/05/30 18:53:38 177] tts        657  TTS_MSG_GETAUDIO  0  
[2025/05/30 18:53:38 177] tts        485  get audio|use local  
[2025/05/30 18:53:38 177] tts        527  0  nil  1  
[2025/05/30 18:53:38 177] tts        657  TTS_MSG_GETAUDIO  0  
[2025/05/30 18:53:38 177] tts        485  get audio|use local  
[2025/05/30 18:53:38 178] tts        527  0  nil  1  
[2025/05/30 18:53:38 178] tts        657  TTS_MSG_GETAUDIO  0  
[2025/05/30 18:53:38 178] tts        485  get audio|use local  
[2025/05/30 18:53:38 178] tts        527  0  nil  1  
[2025/05/30 18:53:38 179] tts        657  TTS_MSG_GETAUDIO  0  
[2025/05/30 18:53:38 179] tts        485  get audio|use local  
[2025/05/30 18:53:38 179] tts        527  0  nil  1  
[2025/05/30 18:53:38 180] tts        657  TTS_MSG_GETAUDIO  0  
[2025/05/30 18:53:38 180] tts        485  get audio|use local  
[2025/05/30 18:53:38 180] tts        527  0  nil  1  
[2025/05/30 18:53:38 180] tts        657  TTS_MSG_GETAUDIO  0  
[2025/05/30 18:53:38 180] tts        485  get audio|use local  
[2025/05/30 18:53:38 181] tts        527  0  nil  1  
[2025/05/30 18:53:38 181] tts        657  TTS_MSG_GETAUDIO  0  
[2025/05/30 18:53:38 181] tts        485  get audio|use local  
[2025/05/30 18:53:38 181] tts        527  0  nil  1  
[2025/05/30 18:53:38 182] tts        657  TTS_MSG_GETAUDIO  0  
[2025/05/30 18:53:38 182] tts        485  get audio|use local  
[2025/05/30 18:53:38 182] tts        527  0  nil  1  
[2025/05/30 18:53:38 183] tts        657  TTS_MSG_GETAUDIO  0  
[2025/05/30 18:53:38 183] tts        485  get audio|use local  
[2025/05/30 18:53:38 183] tts        527  0  nil  1  
[2025/05/30 18:53:38 183] tts        657  TTS_MSG_GETAUDIO  0  
[2025/05/30 18:53:38 183] tts        485  get audio|use local  
[2025/05/30 18:53:38 184] tts        527  0  nil  1  
[2025/05/30 18:53:38 187] tts        657  TTS_MSG_GETAUDIO  0  
[2025/05/30 18:53:38 187] tts        485  get audio|use local  
[2025/05/30 18:53:38 188] tts        527  0  nil  1  
[2025/05/30 18:53:38 188] tts        657  TTS_MSG_GETAUDIO  0  
[2025/05/30 18:53:38 188] tts        485  get audio|use local  
[2025/05/30 18:53:38 188] tts        527  0  nil  1  
[2025/05/30 18:53:38 191] tts        657  TTS_MSG_GETAUDIO  0  
[2025/05/30 18:53:38 191] tts        485  get audio|use local  
[2025/05/30 18:53:38 191] tts        527  0  nil  1  
[2025/05/30 18:53:38 193] tts        657  TTS_MSG_GETAUDIO  0  
[2025/05/30 18:53:38 193] tts        485  get audio|use local  
[2025/05/30 18:53:38 193] tts        527  0  nil  1  
[2025/05/30 18:53:38 194] tts        657  TTS_MSG_GETAUDIO  0  
[2025/05/30 18:53:38 194] tts        485  get audio|use local  
[2025/05/30 18:53:38 194] tts        527  0  nil  1  
[2025/05/30 18:53:38 195] tts        657  TTS_MSG_GETAUDIO  0  
[2025/05/30 18:53:38 195] tts        485  get audio|use local  
[2025/05/30 18:53:38 196] tts        527  0  nil  1  
[2025/05/30 18:53:38 197] tts        657  TTS_MSG_GETAUDIO  0  
[2025/05/30 18:53:38 197] tts        485  get audio|use local  
[2025/05/30 18:53:38 197] tts        527  0  nil  1  
[2025/05/30 18:53:38 199] tts        657  TTS_MSG_GETAUDIO  0  
[2025/05/30 18:53:38 199] tts        485  get audio|use local  
[2025/05/30 18:53:38 199] tts        527  0  nil  1  
[2025/05/30 18:53:38 199] tts        657  TTS_MSG_GETAUDIO  0  
[2025/05/30 18:53:38 199] tts        485  get audio|use local  
[2025/05/30 18:53:38 199] tts        527  0  nil  1  
[2025/05/30 18:53:38 200] tts        657  TTS_MSG_GETAUDIO  0  
[2025/05/30 18:53:38 200] tts        485  get audio|use local  
[2025/05/30 18:53:38 200] tts        527  0  nil  1  
[2025/05/30 18:53:38 201] tts        657  TTS_MSG_GETAUDIO  0  
[2025/05/30 18:53:38 201] tts        485  get audio|use local  
[2025/05/30 18:53:38 201] tts        527  0  nil  1  
[2025/05/30 18:53:38 201] tts        657  TTS_MSG_GETAUDIO  0  
[2025/05/30 18:53:38 201] tts        485  get audio|use local  
[2025/05/30 18:53:38 202] tts        527  0  nil  1  
[2025/05/30 18:53:38 202] tts        657  TTS_MSG_GETAUDIO  0  
[2025/05/30 18:53:38 202] tts        485  get audio|use local  
[2025/05/30 18:53:38 202] tts        527  0  nil  1  
[2025/05/30 18:53:38 203] tts        657  TTS_MSG_GETAUDIO  0  
[2025/05/30 18:53:38 203] tts        485  get audio|use local  
[2025/05/30 18:53:38 203] tts        527  0  nil  1  
[2025/05/30 18:53:38 203] tts        657  TTS_MSG_GETAUDIO  0  
[2025/05/30 18:53:38 203] tts        485  get audio|use local  
[2025/05/30 18:53:38 203] tts        527  0  nil  1  
[2025/05/30 18:53:38 204] tts        657  TTS_MSG_GETAUDIO  0  
[2025/05/30 18:53:38 204] tts        485  get audio|use local  
[2025/05/30 18:53:38 204] tts        527  0  nil  1  
[2025/05/30 18:53:38 206] tts        657  TTS_MSG_GETAUDIO  0  
[2025/05/30 18:53:38 206] tts        485  get audio|use local  
[2025/05/30 18:53:38 206] tts        527  0  nil  1  
[2025/05/30 18:53:38 208] tts        657  TTS_MSG_GETAUDIO  0  
[2025/05/30 18:53:38 208] tts        485  get audio|use local  
[2025/05/30 18:53:38 208] tts        527  0  nil  1  
[2025/05/30 18:53:38 209] tts        657  TTS_MSG_GETAUDIO  0  
[2025/05/30 18:53:38 209] tts        485  get audio|use local  
[2025/05/30 18:53:38 210] tts        527  0  nil  1  
[2025/05/30 18:53:38 212] tts        657  TTS_MSG_GETAUDIO  0  
[2025/05/30 18:53:38 212] tts        485  get audio|use local  
[2025/05/30 18:53:38 212] tts        527  0  nil  1  
[2025/05/30 18:53:38 213] tts        657  TTS_MSG_GETAUDIO  0  
[2025/05/30 18:53:38 213] tts        485  get audio|use local  
[2025/05/30 18:53:38 213] tts        527  0  nil  1  
[2025/05/30 18:53:38 214] tts        657  TTS_MSG_GETAUDIO  0  
[2025/05/30 18:53:38 214] tts        485  get audio|use local  
[2025/05/30 18:53:38 214] tts        527  0  nil  1  
[2025/05/30 18:53:38 215] tts        657  TTS_MSG_GETAUDIO  0  
[2025/05/30 18:53:38 215] tts        485  get audio|use local  
[2025/05/30 18:53:38 215] tts        527  0  nil  1  
[2025/05/30 18:53:38 215] tts        657  TTS_MSG_GETAUDIO  0  
[2025/05/30 18:53:38 215] tts        485  get audio|use local  
[2025/05/30 18:53:38 216] tts        527  0  nil  1  
[2025/05/30 18:53:38 224] tts        657  TTS_MSG_GETAUDIO  0  
[2025/05/30 18:53:38 225] tts        485  get audio|use local  
[2025/05/30 18:53:38 225] tts        527  0  nil  1  
[2025/05/30 18:53:38 232] tts        657  TTS_MSG_GETAUDIO  0  
[2025/05/30 18:53:38 232] tts        485  get audio|use local  
[2025/05/30 18:53:38 232] tts        527  0  nil  1  
[2025/05/30 18:53:38 235] tts        657  TTS_MSG_GETAUDIO  0  
[2025/05/30 18:53:38 235] tts        485  get audio|use local  
[2025/05/30 18:53:38 235] tts        527  0  nil  1  
[2025/05/30 18:53:38 235] tts        657  TTS_MSG_GETAUDIO  0  
[2025/05/30 18:53:38 236] tts        485  get audio|use local  
[2025/05/30 18:53:38 236] tts        527  0  nil  1  
[2025/05/30 18:53:38 237] tts        657  TTS_MSG_GETAUDIO  0  
[2025/05/30 18:53:38 237] tts        485  get audio|use local  
[2025/05/30 18:53:38 237] tts        527  0  nil  1  
[2025/05/30 18:53:38 239] tts        657  TTS_MSG_GETAUDIO  0  
[2025/05/30 18:53:38 239] tts        485  get audio|use local  
[2025/05/30 18:53:38 239] tts        527  0  nil  1  
[2025/05/30 18:53:38 239] tts        657  TTS_MSG_GETAUDIO  0  
[2025/05/30 18:53:38 240] tts        485  get audio|use local  
[2025/05/30 18:53:38 241] tts        527  0  nil  1  
[2025/05/30 18:53:38 241] tts        657  TTS_MSG_GETAUDIO  0  
[2025/05/30 18:53:38 241] tts        485  get audio|use local  
[2025/05/30 18:53:38 242] tts        527  0  nil  1  
[2025/05/30 18:53:38 242] tts        657  TTS_MSG_GETAUDIO  0  
[2025/05/30 18:53:38 242] tts        485  get audio|use local  
[2025/05/30 18:53:38 242] tts        527  0  nil  1  
[2025/05/30 18:53:38 243] tts        657  TTS_MSG_GETAUDIO  0  
[2025/05/30 18:53:38 243] tts        485  get audio|use local  
[2025/05/30 18:53:38 243] tts        527  0  nil  1  
[2025/05/30 18:53:38 244] tts        657  TTS_MSG_GETAUDIO  0  
[2025/05/30 18:53:38 244] tts        485  get audio|use local  
[2025/05/30 18:53:38 244] tts        527  0  nil  1  
[2025/05/30 18:53:38 245] tts        657  TTS_MSG_GETAUDIO  0  
[2025/05/30 18:53:38 245] tts        485  get audio|use local  
[2025/05/30 18:53:38 245] tts        527  0  nil  1  
[2025/05/30 18:53:38 246] tts        657  TTS_MSG_GETAUDIO  0  
[2025/05/30 18:53:38 246] tts        485  get audio|use local  
[2025/05/30 18:53:38 246] tts        527  0  nil  1  
[2025/05/30 18:53:38 246] tts        657  TTS_MSG_GETAUDIO  0  
[2025/05/30 18:53:38 246] tts        485  get audio|use local  
[2025/05/30 18:53:38 247] tts        527  0  nil  1  
[2025/05/30 18:53:38 247] tts        657  TTS_MSG_GETAUDIO  0  
[2025/05/30 18:53:38 247] tts        485  get audio|use local  
[2025/05/30 18:53:38 247] tts        527  0  nil  1  
[2025/05/30 18:53:38 252] tts        657  TTS_MSG_GETAUDIO  0  
[2025/05/30 18:53:38 252] tts        485  get audio|use local  
[2025/05/30 18:53:38 252] tts        527  0  nil  1  
[2025/05/30 18:53:38 257] tts        299  TTS_LOCAL_CB_BEGIN  
[2025/05/30 18:53:38 280] tts        657  TTS_MSG_GETAUDIO  0  
[2025/05/30 18:53:38 280] tts        485  get audio|use local  
[2025/05/30 18:53:38 280] tts        498  local audiolen:  2042  ,ced:  14  
[2025/05/30 18:53:38 281] tts        527  0  udata(700708e8) 1  
[2025/05/30 18:53:38 284] tts        657  TTS_MSG_GETAUDIO  0  
[2025/05/30 18:53:38 284] tts        485  get audio|use local  
[2025/05/30 18:53:38 284] tts        498  local audiolen:  2016  ,ced:  14  
[2025/05/30 18:53:38 285] tts        527  0  udata(7007ef58) 1  
[2025/05/30 18:53:38 285] tts        657  TTS_MSG_GETAUDIO  0  
[2025/05/30 18:53:38 286] tts        485  get audio|use local  
[2025/05/30 18:53:38 286] tts        498  local audiolen:  1964  ,ced:  14  
[2025/05/30 18:53:38 286] tts        527  0  udata(7007ec68) 1  
[2025/05/30 18:53:38 287] tts        301  0  0  
[2025/05/30 18:53:38 287] tts        312  TTS_LOCAL_CB_END,  2  
[2025/05/30 18:53:38 287] tts        657  TTS_MSG_GETAUDIO  0  
[2025/05/30 18:53:38 288] tts        485  get audio|use local  
[2025/05/30 18:53:38 288] tts        498  local audiolen:  1916  ,ced:  14  
[2025/05/30 18:53:38 289] tts        527  0  udata(7007f148) 1  
[2025/05/30 18:53:38 290] tts        657  TTS_MSG_GETAUDIO  0  
[2025/05/30 18:53:38 290] tts        485  get audio|use local  
[2025/05/30 18:53:38 290] tts        498  local audiolen:  2018  ,ced:  14  
[2025/05/30 18:53:38 291] tts        527  0  udata(7007e4a8) 1  
[2025/05/30 18:53:38 291] tts        657  TTS_MSG_GETAUDIO  0  
[2025/05/30 18:53:38 292] tts        485  get audio|use local  
[2025/05/30 18:53:38 292] tts        498  local audiolen:  2008  ,ced:  14  
[2025/05/30 18:53:38 292] tts        527  0  udata(7007e4f8) 1  
[2025/05/30 18:53:38 293] tts        657  TTS_MSG_GETAUDIO  0  
[2025/05/30 18:53:38 293] tts        485  get audio|use local  
[2025/05/30 18:53:38 294] tts        498  local audiolen:  2046  ,ced:  14  
[2025/05/30 18:53:38 295] tts        527  0  udata(7007e548) 1  
[2025/05/30 18:53:38 296] tts        657  TTS_MSG_GETAUDIO  0  
[2025/05/30 18:53:38 296] tts        485  get audio|use local  
[2025/05/30 18:53:38 297] tts        498  local audiolen:  1972  ,ced:  14  
[2025/05/30 18:53:38 298] tts        527  0  udata(7007cdb8) 1  
[2025/05/30 18:53:38 302] tts        657  TTS_MSG_GETAUDIO  0  
[2025/05/30 18:53:38 302] tts        485  get audio|use local  
[2025/05/30 18:53:38 302] tts        498  local audiolen:  1934  ,ced:  14  
[2025/05/30 18:53:38 302] tts        527  0  udata(7007ce08) 1  
[2025/05/30 18:53:38 303] tts        657  TTS_MSG_GETAUDIO  0  
[2025/05/30 18:53:38 303] tts        485  get audio|use local  
[2025/05/30 18:53:38 303] tts        498  local audiolen:  2018  ,ced:  14  
[2025/05/30 18:53:38 303] tts        527  0  udata(7007ce58) 1  
[2025/05/30 18:53:38 305] tts        657  TTS_MSG_GETAUDIO  0  
[2025/05/30 18:53:38 305] tts        485  get audio|use local  
[2025/05/30 18:53:38 307] tts        498  local audiolen:  2040  ,ced:  14  
[2025/05/30 18:53:38 307] tts        527  0  udata(7007cea8) 1  
[2025/05/30 18:53:38 308] tts        657  TTS_MSG_GETAUDIO  0  
[2025/05/30 18:53:38 308] tts        485  get audio|use local  
[2025/05/30 18:53:38 308] tts        498  local audiolen:  1958  ,ced:  14  
[2025/05/30 18:53:38 308] tts        527  0  udata(7007cef8) 1  
[2025/05/30 18:53:38 308] tts        657  TTS_MSG_GETAUDIO  0  
[2025/05/30 18:53:38 308] tts        485  get audio|use local  
[2025/05/30 18:53:38 309] tts        498  local audiolen:  1998  ,ced:  14  
[2025/05/30 18:53:38 309] tts        527  0  udata(7007cf48) 1  
[2025/05/30 18:53:38 309] tts        657  TTS_MSG_GETAUDIO  0  
[2025/05/30 18:53:38 309] tts        485  get audio|use local  
[2025/05/30 18:53:38 309] tts        498  local audiolen:  2016  ,ced:  14  
[2025/05/30 18:53:38 313] tts        527  0  udata(7007cf98) 1  
[2025/05/30 18:53:38 320] tts        657  TTS_MSG_GETAUDIO  0  
[2025/05/30 18:53:38 322] tts        485  get audio|use local  
[2025/05/30 18:53:38 323] tts        498  local audiolen:  2014  ,ced:  14  
[2025/05/30 18:53:38 332] tts        527  0  udata(7007cfe8) 1  
[2025/05/30 18:53:38 334] tts        657  TTS_MSG_GETAUDIO  0  
[2025/05/30 18:53:38 334] tts        485  get audio|use local  
[2025/05/30 18:53:38 334] tts        498  local audiolen:  1938  ,ced:  14  
[2025/05/30 18:53:38 335] tts        527  0  udata(7007d038) 1  
[2025/05/30 18:53:38 338] tts        657  TTS_MSG_GETAUDIO  0  
[2025/05/30 18:53:38 338] tts        485  get audio|use local  
[2025/05/30 18:53:38 338] tts        498  local audiolen:  1992  ,ced:  14  
[2025/05/30 18:53:38 338] tts        527  0  udata(7007d088) 1  
[2025/05/30 18:53:38 340] tts        657  TTS_MSG_GETAUDIO  0  
[2025/05/30 18:53:38 340] tts        485  get audio|use local  
[2025/05/30 18:53:38 340] tts        498  local audiolen:  2006  ,ced:  14  
[2025/05/30 18:53:38 340] tts        527  0  udata(7007d0d8) 1  
[2025/05/30 18:53:38 341] tts        657  TTS_MSG_GETAUDIO  0  
[2025/05/30 18:53:38 341] tts        485  get audio|use local  
[2025/05/30 18:53:38 341] tts        498  local audiolen:  2024  ,ced:  14  
[2025/05/30 18:53:38 342] tts        527  0  udata(7007d128) 1  
[2025/05/30 18:53:38 346] tts        657  TTS_MSG_GETAUDIO  0  
[2025/05/30 18:53:38 346] tts        485  get audio|use local  
[2025/05/30 18:53:38 346] tts        498  local audiolen:  1902  ,ced:  14  
[2025/05/30 18:53:38 346] tts        527  0  udata(7007d178) 1  
[2025/05/30 18:53:38 354] tts        657  TTS_MSG_GETAUDIO  0  
[2025/05/30 18:53:38 354] tts        485  get audio|use local  
[2025/05/30 18:53:38 354] tts        498  local audiolen:  1946  ,ced:  14  
[2025/05/30 18:53:38 354] tts        527  0  udata(7007d1c8) 1  
[2025/05/30 18:53:38 355] tts        657  TTS_MSG_GETAUDIO  0  
[2025/05/30 18:53:38 355] tts        485  get audio|use local  
[2025/05/30 18:53:38 355] tts        498  local audiolen:  1956  ,ced:  14  
[2025/05/30 18:53:38 355] tts        527  0  udata(7007d218) 1  
[2025/05/30 18:53:38 356] tts        657  TTS_MSG_GETAUDIO  0  
[2025/05/30 18:53:38 356] tts        485  get audio|use local  
[2025/05/30 18:53:38 356] tts        498  local audiolen:  864  ,ced:  14  
[2025/05/30 18:53:38 356] tts        527  0  udata(7007e908) 2  
[2025/05/30 18:53:38 365] tts        660  TTS_MSG_SSE  
[2025/05/30 18:53:38 368] tts        585  sse|use local  
[2025/05/30 18:53:38 371] tts        603  tts exit  
[2025/05/30 18:53:38 371] tts        667  SYS_MSG_UNLOAD  
