============================================================
Time  2025/08/10 20:01:29 038 
============================================================
[2025/08/10 20:01:29 039] tts        676  SYS_MSG_REGCB param0 =  msp_status_cb  param1 =  func(98014a30) 
[2025/08/10 20:01:29 044] config     43   use general cloud  
[2025/08/10 20:01:29 055] tts_cloud  1417 SYS_MSG_REGCB_CLOUD param0 =   msp_status_cb  param1 =  func(98014a30) 
[2025/08/10 20:01:29 055] tts        647  TTS_MSG_SSB  
[2025/08/10 20:01:29 056] tts        375  params =  engine_type = local,voice_name=xiaoyan, text_encoding = UTF8, tts_res_path = fo|res/tts/xiaoyan.jet;fo|res/tts/common.jet, sample_rate = 16000, speed = 50, volume = 80, pitch = 50, rdn = 2  
[2025/08/10 20:01:29 056] tts        412  ssb|use local  
[2025/08/10 20:01:29 056] tts        349  local_session_begin  
[2025/08/10 20:01:29 064] tts        654  TTS_MSG_SYN  0  
[2025/08/10 20:01:29 064] tts        451  synth|use local  
[2025/08/10 20:01:29 066] tts        657  TTS_MSG_GETAUDIO  0  
[2025/08/10 20:01:29 066] tts        485  get audio|use local  
[2025/08/10 20:01:29 067] tts        527  0  nil  1  
[2025/08/10 20:01:29 068] tts        657  TTS_MSG_GETAUDIO  0  
[2025/08/10 20:01:29 069] tts        485  get audio|use local  
[2025/08/10 20:01:29 069] tts        527  0  nil  1  
[2025/08/10 20:01:29 070] tts        657  TTS_MSG_GETAUDIO  0  
[2025/08/10 20:01:29 070] tts        485  get audio|use local  
[2025/08/10 20:01:29 070] tts        527  0  nil  1  
[2025/08/10 20:01:29 071] tts        657  TTS_MSG_GETAUDIO  0  
[2025/08/10 20:01:29 071] tts        485  get audio|use local  
[2025/08/10 20:01:29 071] tts        527  0  nil  1  
[2025/08/10 20:01:29 071] tts        657  TTS_MSG_GETAUDIO  0  
[2025/08/10 20:01:29 071] tts        485  get audio|use local  
[2025/08/10 20:01:29 072] tts        527  0  nil  1  
[2025/08/10 20:01:29 073] tts        657  TTS_MSG_GETAUDIO  0  
[2025/08/10 20:01:29 073] tts        485  get audio|use local  
[2025/08/10 20:01:29 073] tts        527  0  nil  1  
[2025/08/10 20:01:29 075] tts        657  TTS_MSG_GETAUDIO  0  
[2025/08/10 20:01:29 075] tts        485  get audio|use local  
[2025/08/10 20:01:29 075] tts        527  0  nil  1  
[2025/08/10 20:01:29 076] tts        657  TTS_MSG_GETAUDIO  0  
[2025/08/10 20:01:29 077] tts        485  get audio|use local  
[2025/08/10 20:01:29 077] tts        527  0  nil  1  
[2025/08/10 20:01:29 078] tts        657  TTS_MSG_GETAUDIO  0  
[2025/08/10 20:01:29 078] tts        485  get audio|use local  
[2025/08/10 20:01:29 078] tts        527  0  nil  1  
[2025/08/10 20:01:29 080] tts        657  TTS_MSG_GETAUDIO  0  
[2025/08/10 20:01:29 081] tts        485  get audio|use local  
[2025/08/10 20:01:29 081] tts        527  0  nil  1  
[2025/08/10 20:01:29 082] tts        657  TTS_MSG_GETAUDIO  0  
[2025/08/10 20:01:29 082] tts        485  get audio|use local  
[2025/08/10 20:01:29 082] tts        527  0  nil  1  
[2025/08/10 20:01:29 083] tts        657  TTS_MSG_GETAUDIO  0  
[2025/08/10 20:01:29 083] tts        485  get audio|use local  
[2025/08/10 20:01:29 083] tts        527  0  nil  1  
[2025/08/10 20:01:29 084] tts        657  TTS_MSG_GETAUDIO  0  
[2025/08/10 20:01:29 084] tts        485  get audio|use local  
[2025/08/10 20:01:29 084] tts        527  0  nil  1  
[2025/08/10 20:01:29 086] tts        657  TTS_MSG_GETAUDIO  0  
[2025/08/10 20:01:29 086] tts        485  get audio|use local  
[2025/08/10 20:01:29 086] tts        527  0  nil  1  
[2025/08/10 20:01:29 088] tts        657  TTS_MSG_GETAUDIO  0  
[2025/08/10 20:01:29 088] tts        485  get audio|use local  
[2025/08/10 20:01:29 088] tts        527  0  nil  1  
[2025/08/10 20:01:29 089] tts        657  TTS_MSG_GETAUDIO  0  
[2025/08/10 20:01:29 089] tts        485  get audio|use local  
[2025/08/10 20:01:29 089] tts        527  0  nil  1  
[2025/08/10 20:01:29 090] tts        657  TTS_MSG_GETAUDIO  0  
[2025/08/10 20:01:29 090] tts        485  get audio|use local  
[2025/08/10 20:01:29 090] tts        527  0  nil  1  
[2025/08/10 20:01:29 091] tts        657  TTS_MSG_GETAUDIO  0  
[2025/08/10 20:01:29 091] tts        485  get audio|use local  
[2025/08/10 20:01:29 091] tts        527  0  nil  1  
[2025/08/10 20:01:29 092] tts        657  TTS_MSG_GETAUDIO  0  
[2025/08/10 20:01:29 092] tts        485  get audio|use local  
[2025/08/10 20:01:29 092] tts        527  0  nil  1  
[2025/08/10 20:01:29 093] tts        657  TTS_MSG_GETAUDIO  0  
[2025/08/10 20:01:29 093] tts        485  get audio|use local  
[2025/08/10 20:01:29 093] tts        527  0  nil  1  
[2025/08/10 20:01:29 094] tts        657  TTS_MSG_GETAUDIO  0  
[2025/08/10 20:01:29 094] tts        485  get audio|use local  
[2025/08/10 20:01:29 094] tts        527  0  nil  1  
[2025/08/10 20:01:29 095] tts        657  TTS_MSG_GETAUDIO  0  
[2025/08/10 20:01:29 095] tts        485  get audio|use local  
[2025/08/10 20:01:29 095] tts        527  0  nil  1  
[2025/08/10 20:01:29 096] tts        657  TTS_MSG_GETAUDIO  0  
[2025/08/10 20:01:29 096] tts        485  get audio|use local  
[2025/08/10 20:01:29 096] tts        527  0  nil  1  
[2025/08/10 20:01:29 097] tts        657  TTS_MSG_GETAUDIO  0  
[2025/08/10 20:01:29 097] tts        485  get audio|use local  
[2025/08/10 20:01:29 097] tts        527  0  nil  1  
[2025/08/10 20:01:29 098] tts        657  TTS_MSG_GETAUDIO  0  
[2025/08/10 20:01:29 098] tts        485  get audio|use local  
[2025/08/10 20:01:29 098] tts        527  0  nil  1  
[2025/08/10 20:01:29 099] tts        657  TTS_MSG_GETAUDIO  0  
[2025/08/10 20:01:29 099] tts        485  get audio|use local  
[2025/08/10 20:01:29 099] tts        527  0  nil  1  
[2025/08/10 20:01:29 100] tts        657  TTS_MSG_GETAUDIO  0  
[2025/08/10 20:01:29 100] tts        485  get audio|use local  
[2025/08/10 20:01:29 100] tts        527  0  nil  1  
[2025/08/10 20:01:29 101] tts        657  TTS_MSG_GETAUDIO  0  
[2025/08/10 20:01:29 101] tts        485  get audio|use local  
[2025/08/10 20:01:29 101] tts        527  0  nil  1  
[2025/08/10 20:01:29 102] tts        657  TTS_MSG_GETAUDIO  0  
[2025/08/10 20:01:29 102] tts        485  get audio|use local  
[2025/08/10 20:01:29 102] tts        527  0  nil  1  
[2025/08/10 20:01:29 103] tts        657  TTS_MSG_GETAUDIO  0  
[2025/08/10 20:01:29 103] tts        485  get audio|use local  
[2025/08/10 20:01:29 103] tts        527  0  nil  1  
[2025/08/10 20:01:29 104] tts        657  TTS_MSG_GETAUDIO  0  
[2025/08/10 20:01:29 104] tts        485  get audio|use local  
[2025/08/10 20:01:29 104] tts        527  0  nil  1  
[2025/08/10 20:01:29 105] tts        657  TTS_MSG_GETAUDIO  0  
[2025/08/10 20:01:29 105] tts        485  get audio|use local  
[2025/08/10 20:01:29 105] tts        527  0  nil  1  
[2025/08/10 20:01:29 106] tts        657  TTS_MSG_GETAUDIO  0  
[2025/08/10 20:01:29 106] tts        485  get audio|use local  
[2025/08/10 20:01:29 106] tts        527  0  nil  1  
[2025/08/10 20:01:29 107] tts        657  TTS_MSG_GETAUDIO  0  
[2025/08/10 20:01:29 107] tts        485  get audio|use local  
[2025/08/10 20:01:29 107] tts        527  0  nil  1  
[2025/08/10 20:01:29 108] tts        657  TTS_MSG_GETAUDIO  0  
[2025/08/10 20:01:29 108] tts        485  get audio|use local  
[2025/08/10 20:01:29 108] tts        527  0  nil  1  
[2025/08/10 20:01:29 109] tts        657  TTS_MSG_GETAUDIO  0  
[2025/08/10 20:01:29 109] tts        485  get audio|use local  
[2025/08/10 20:01:29 109] tts        527  0  nil  1  
[2025/08/10 20:01:29 110] tts        657  TTS_MSG_GETAUDIO  0  
[2025/08/10 20:01:29 110] tts        485  get audio|use local  
[2025/08/10 20:01:29 110] tts        527  0  nil  1  
[2025/08/10 20:01:29 110] tts        657  TTS_MSG_GETAUDIO  0  
[2025/08/10 20:01:29 110] tts        485  get audio|use local  
[2025/08/10 20:01:29 111] tts        527  0  nil  1  
[2025/08/10 20:01:29 111] tts        657  TTS_MSG_GETAUDIO  0  
[2025/08/10 20:01:29 112] tts        485  get audio|use local  
[2025/08/10 20:01:29 112] tts        527  0  nil  1  
[2025/08/10 20:01:29 112] tts        657  TTS_MSG_GETAUDIO  0  
[2025/08/10 20:01:29 113] tts        485  get audio|use local  
[2025/08/10 20:01:29 113] tts        527  0  nil  1  
[2025/08/10 20:01:29 114] tts        657  TTS_MSG_GETAUDIO  0  
[2025/08/10 20:01:29 114] tts        485  get audio|use local  
[2025/08/10 20:01:29 114] tts        527  0  nil  1  
[2025/08/10 20:01:29 115] tts        657  TTS_MSG_GETAUDIO  0  
[2025/08/10 20:01:29 115] tts        485  get audio|use local  
[2025/08/10 20:01:29 115] tts        527  0  nil  1  
[2025/08/10 20:01:29 115] tts        657  TTS_MSG_GETAUDIO  0  
[2025/08/10 20:01:29 116] tts        485  get audio|use local  
[2025/08/10 20:01:29 116] tts        527  0  nil  1  
[2025/08/10 20:01:29 116] tts        657  TTS_MSG_GETAUDIO  0  
[2025/08/10 20:01:29 116] tts        485  get audio|use local  
[2025/08/10 20:01:29 117] tts        527  0  nil  1  
[2025/08/10 20:01:29 117] tts        657  TTS_MSG_GETAUDIO  0  
[2025/08/10 20:01:29 117] tts        485  get audio|use local  
[2025/08/10 20:01:29 118] tts        527  0  nil  1  
[2025/08/10 20:01:29 118] tts        657  TTS_MSG_GETAUDIO  0  
[2025/08/10 20:01:29 119] tts        485  get audio|use local  
[2025/08/10 20:01:29 119] tts        527  0  nil  1  
[2025/08/10 20:01:29 120] tts        657  TTS_MSG_GETAUDIO  0  
[2025/08/10 20:01:29 120] tts        485  get audio|use local  
[2025/08/10 20:01:29 120] tts        527  0  nil  1  
[2025/08/10 20:01:29 121] tts        657  TTS_MSG_GETAUDIO  0  
[2025/08/10 20:01:29 121] tts        485  get audio|use local  
[2025/08/10 20:01:29 121] tts        527  0  nil  1  
[2025/08/10 20:01:29 122] tts        657  TTS_MSG_GETAUDIO  0  
[2025/08/10 20:01:29 122] tts        485  get audio|use local  
[2025/08/10 20:01:29 122] tts        527  0  nil  1  
[2025/08/10 20:01:29 123] tts        657  TTS_MSG_GETAUDIO  0  
[2025/08/10 20:01:29 123] tts        485  get audio|use local  
[2025/08/10 20:01:29 123] tts        527  0  nil  1  
[2025/08/10 20:01:29 124] tts        657  TTS_MSG_GETAUDIO  0  
[2025/08/10 20:01:29 124] tts        485  get audio|use local  
[2025/08/10 20:01:29 124] tts        527  0  nil  1  
[2025/08/10 20:01:29 125] tts        657  TTS_MSG_GETAUDIO  0  
[2025/08/10 20:01:29 125] tts        485  get audio|use local  
[2025/08/10 20:01:29 125] tts        527  0  nil  1  
[2025/08/10 20:01:29 126] tts        657  TTS_MSG_GETAUDIO  0  
[2025/08/10 20:01:29 126] tts        485  get audio|use local  
[2025/08/10 20:01:29 127] tts        527  0  nil  1  
[2025/08/10 20:01:29 127] tts        657  TTS_MSG_GETAUDIO  0  
[2025/08/10 20:01:29 128] tts        485  get audio|use local  
[2025/08/10 20:01:29 128] tts        527  0  nil  1  
[2025/08/10 20:01:29 129] tts        657  TTS_MSG_GETAUDIO  0  
[2025/08/10 20:01:29 129] tts        485  get audio|use local  
[2025/08/10 20:01:29 129] tts        527  0  nil  1  
[2025/08/10 20:01:29 130] tts        657  TTS_MSG_GETAUDIO  0  
[2025/08/10 20:01:29 130] tts        485  get audio|use local  
[2025/08/10 20:01:29 130] tts        527  0  nil  1  
[2025/08/10 20:01:29 131] tts        657  TTS_MSG_GETAUDIO  0  
[2025/08/10 20:01:29 131] tts        485  get audio|use local  
[2025/08/10 20:01:29 131] tts        527  0  nil  1  
[2025/08/10 20:01:29 132] tts        657  TTS_MSG_GETAUDIO  0  
[2025/08/10 20:01:29 133] tts        485  get audio|use local  
[2025/08/10 20:01:29 133] tts        527  0  nil  1  
[2025/08/10 20:01:29 134] tts        657  TTS_MSG_GETAUDIO  0  
[2025/08/10 20:01:29 134] tts        485  get audio|use local  
[2025/08/10 20:01:29 134] tts        527  0  nil  1  
[2025/08/10 20:01:29 136] tts        657  TTS_MSG_GETAUDIO  0  
[2025/08/10 20:01:29 136] tts        485  get audio|use local  
[2025/08/10 20:01:29 136] tts        527  0  nil  1  
[2025/08/10 20:01:29 138] tts        657  TTS_MSG_GETAUDIO  0  
[2025/08/10 20:01:29 138] tts        485  get audio|use local  
[2025/08/10 20:01:29 138] tts        527  0  nil  1  
[2025/08/10 20:01:29 146] tts        657  TTS_MSG_GETAUDIO  0  
[2025/08/10 20:01:29 146] tts        485  get audio|use local  
[2025/08/10 20:01:29 147] tts        527  0  nil  1  
[2025/08/10 20:01:29 148] tts        299  TTS_LOCAL_CB_BEGIN  
[2025/08/10 20:01:29 148] tts        657  TTS_MSG_GETAUDIO  0  
[2025/08/10 20:01:29 149] tts        485  get audio|use local  
[2025/08/10 20:01:29 149] tts        527  0  nil  1  
[2025/08/10 20:01:29 169] tts        657  TTS_MSG_GETAUDIO  0  
[2025/08/10 20:01:29 169] tts        485  get audio|use local  
[2025/08/10 20:01:29 169] tts        498  local audiolen:  2042  ,ced:  20  
[2025/08/10 20:01:29 169] tts        527  0  udata(98070fe8) 1  
[2025/08/10 20:01:29 171] tts        657  TTS_MSG_GETAUDIO  0  
[2025/08/10 20:01:29 171] tts        485  get audio|use local  
[2025/08/10 20:01:29 171] tts        498  local audiolen:  2016  ,ced:  20  
[2025/08/10 20:01:29 171] tts        527  0  udata(98071308) 1  
[2025/08/10 20:01:29 172] tts        657  TTS_MSG_GETAUDIO  0  
[2025/08/10 20:01:29 172] tts        485  get audio|use local  
[2025/08/10 20:01:29 172] tts        498  local audiolen:  2018  ,ced:  20  
[2025/08/10 20:01:29 172] tts        527  0  udata(98071358) 1  
[2025/08/10 20:01:29 175] tts        657  TTS_MSG_GETAUDIO  0  
[2025/08/10 20:01:29 175] tts        485  get audio|use local  
[2025/08/10 20:01:29 175] tts        498  local audiolen:  2018  ,ced:  20  
[2025/08/10 20:01:29 176] tts        527  0  udata(98087e78) 1  
[2025/08/10 20:01:29 180] tts        657  TTS_MSG_GETAUDIO  0  
[2025/08/10 20:01:29 180] tts        485  get audio|use local  
[2025/08/10 20:01:29 181] tts        498  local audiolen:  2034  ,ced:  20  
[2025/08/10 20:01:29 181] tts        527  0  udata(94075228) 1  
[2025/08/10 20:01:29 183] tts        657  TTS_MSG_GETAUDIO  0  
[2025/08/10 20:01:29 183] tts        485  get audio|use local  
[2025/08/10 20:01:29 183] tts        498  local audiolen:  2046  ,ced:  20  
[2025/08/10 20:01:29 183] tts        527  0  udata(980877c8) 1  
[2025/08/10 20:01:29 184] tts        657  TTS_MSG_GETAUDIO  0  
[2025/08/10 20:01:29 184] tts        485  get audio|use local  
[2025/08/10 20:01:29 184] tts        498  local audiolen:  1962  ,ced:  20  
[2025/08/10 20:01:29 184] tts        527  0  udata(98087818) 1  
[2025/08/10 20:01:29 185] tts        657  TTS_MSG_GETAUDIO  0  
[2025/08/10 20:01:29 185] tts        485  get audio|use local  
[2025/08/10 20:01:29 185] tts        498  local audiolen:  2014  ,ced:  20  
[2025/08/10 20:01:29 186] tts        527  0  udata(98087868) 1  
[2025/08/10 20:01:29 189] tts        657  TTS_MSG_GETAUDIO  0  
[2025/08/10 20:01:29 189] tts        485  get audio|use local  
[2025/08/10 20:01:29 189] tts        498  local audiolen:  2036  ,ced:  20  
[2025/08/10 20:01:29 190] tts        527  0  udata(98071038) 1  
[2025/08/10 20:01:29 191] tts        657  TTS_MSG_GETAUDIO  0  
[2025/08/10 20:01:29 191] tts        485  get audio|use local  
[2025/08/10 20:01:29 193] tts        498  local audiolen:  2028  ,ced:  20  
[2025/08/10 20:01:29 193] tts        527  0  udata(98087bb8) 1  
[2025/08/10 20:01:29 195] tts        657  TTS_MSG_GETAUDIO  0  
[2025/08/10 20:01:29 195] tts        485  get audio|use local  
[2025/08/10 20:01:29 198] tts        498  local audiolen:  1912  ,ced:  20  
[2025/08/10 20:01:29 198] tts        527  0  udata(9807db88) 1  
[2025/08/10 20:01:29 201] tts        657  TTS_MSG_GETAUDIO  0  
[2025/08/10 20:01:29 201] tts        485  get audio|use local  
[2025/08/10 20:01:29 201] tts        498  local audiolen:  1938  ,ced:  20  
[2025/08/10 20:01:29 202] tts        527  0  udata(9807d3f8) 1  
[2025/08/10 20:01:29 206] tts        657  TTS_MSG_GETAUDIO  0  
[2025/08/10 20:01:29 206] tts        485  get audio|use local  
[2025/08/10 20:01:29 206] tts        498  local audiolen:  1986  ,ced:  20  
[2025/08/10 20:01:29 206] tts        527  0  udata(9807d6a8) 1  
[2025/08/10 20:01:29 207] tts        657  TTS_MSG_GETAUDIO  0  
[2025/08/10 20:01:29 207] tts        485  get audio|use local  
[2025/08/10 20:01:29 208] tts        498  local audiolen:  2016  ,ced:  20  
[2025/08/10 20:01:29 208] tts        527  0  udata(9807d6f8) 1  
[2025/08/10 20:01:29 210] tts        657  TTS_MSG_GETAUDIO  0  
[2025/08/10 20:01:29 210] tts        485  get audio|use local  
[2025/08/10 20:01:29 210] tts        498  local audiolen:  2016  ,ced:  20  
[2025/08/10 20:01:29 210] tts        527  0  udata(9807d848) 1  
[2025/08/10 20:01:29 212] tts        657  TTS_MSG_GETAUDIO  0  
[2025/08/10 20:01:29 212] tts        485  get audio|use local  
[2025/08/10 20:01:29 213] tts        498  local audiolen:  2022  ,ced:  20  
[2025/08/10 20:01:29 213] tts        527  0  udata(9807d898) 1  
[2025/08/10 20:01:29 217] tts        657  TTS_MSG_GETAUDIO  0  
[2025/08/10 20:01:29 217] tts        485  get audio|use local  
[2025/08/10 20:01:29 217] tts        498  local audiolen:  2036  ,ced:  20  
[2025/08/10 20:01:29 217] tts        527  0  udata(9807e438) 1  
[2025/08/10 20:01:29 221] tts        657  TTS_MSG_GETAUDIO  0  
[2025/08/10 20:01:29 221] tts        485  get audio|use local  
[2025/08/10 20:01:29 221] tts        498  local audiolen:  2040  ,ced:  20  
[2025/08/10 20:01:29 221] tts        527  0  udata(9807e688) 1  
[2025/08/10 20:01:29 224] tts        657  TTS_MSG_GETAUDIO  0  
[2025/08/10 20:01:29 224] tts        485  get audio|use local  
[2025/08/10 20:01:29 224] tts        498  local audiolen:  1988  ,ced:  20  
[2025/08/10 20:01:29 225] tts        527  0  udata(9807e8d8) 1  
[2025/08/10 20:01:29 229] tts        657  TTS_MSG_GETAUDIO  0  
[2025/08/10 20:01:29 229] tts        485  get audio|use local  
[2025/08/10 20:01:29 230] tts        498  local audiolen:  2014  ,ced:  20  
[2025/08/10 20:01:29 230] tts        527  0  udata(98022108) 1  
[2025/08/10 20:01:29 233] tts        657  TTS_MSG_GETAUDIO  0  
[2025/08/10 20:01:29 233] tts        485  get audio|use local  
[2025/08/10 20:01:29 233] tts        498  local audiolen:  1972  ,ced:  20  
[2025/08/10 20:01:29 233] tts        527  0  udata(98022358) 1  
[2025/08/10 20:01:29 235] tts        657  TTS_MSG_GETAUDIO  0  
[2025/08/10 20:01:29 235] tts        485  get audio|use local  
[2025/08/10 20:01:29 236] tts        498  local audiolen:  1996  ,ced:  20  
[2025/08/10 20:01:29 236] tts        527  0  udata(980224a8) 1  
[2025/08/10 20:01:29 237] tts        301  0  0  
[2025/08/10 20:01:29 237] tts        312  TTS_LOCAL_CB_END,  2  
[2025/08/10 20:01:29 238] tts        657  TTS_MSG_GETAUDIO  0  
[2025/08/10 20:01:29 238] tts        485  get audio|use local  
[2025/08/10 20:01:29 238] tts        498  local audiolen:  2026  ,ced:  20  
[2025/08/10 20:01:29 238] tts        527  0  udata(98022698) 1  
[2025/08/10 20:01:29 239] tts        657  TTS_MSG_GETAUDIO  0  
[2025/08/10 20:01:29 239] tts        485  get audio|use local  
[2025/08/10 20:01:29 239] tts        498  local audiolen:  2046  ,ced:  20  
[2025/08/10 20:01:29 240] tts        527  0  udata(980226e8) 1  
[2025/08/10 20:01:29 240] tts        657  TTS_MSG_GETAUDIO  0  
[2025/08/10 20:01:29 240] tts        485  get audio|use local  
[2025/08/10 20:01:29 241] tts        498  local audiolen:  1932  ,ced:  20  
[2025/08/10 20:01:29 241] tts        527  0  udata(9807e378) 1  
[2025/08/10 20:01:29 242] tts        657  TTS_MSG_GETAUDIO  0  
[2025/08/10 20:01:29 242] tts        485  get audio|use local  
[2025/08/10 20:01:29 242] tts        498  local audiolen:  2012  ,ced:  20  
[2025/08/10 20:01:29 242] tts        527  0  udata(98022738) 1  
[2025/08/10 20:01:29 243] tts        657  TTS_MSG_GETAUDIO  0  
[2025/08/10 20:01:29 243] tts        485  get audio|use local  
[2025/08/10 20:01:29 244] tts        498  local audiolen:  2014  ,ced:  20  
[2025/08/10 20:01:29 244] tts        527  0  udata(98022788) 1  
[2025/08/10 20:01:29 245] tts        657  TTS_MSG_GETAUDIO  0  
[2025/08/10 20:01:29 245] tts        485  get audio|use local  
[2025/08/10 20:01:29 245] tts        498  local audiolen:  1986  ,ced:  20  
[2025/08/10 20:01:29 245] tts        527  0  udata(980227d8) 1  
[2025/08/10 20:01:29 246] tts        657  TTS_MSG_GETAUDIO  0  
[2025/08/10 20:01:29 246] tts        485  get audio|use local  
[2025/08/10 20:01:29 247] tts        498  local audiolen:  2014  ,ced:  20  
[2025/08/10 20:01:29 247] tts        527  0  udata(98022828) 1  
[2025/08/10 20:01:29 252] tts        657  TTS_MSG_GETAUDIO  0  
[2025/08/10 20:01:29 252] tts        485  get audio|use local  
[2025/08/10 20:01:29 252] tts        498  local audiolen:  2034  ,ced:  20  
[2025/08/10 20:01:29 252] tts        527  0  udata(98022878) 1  
[2025/08/10 20:01:29 253] tts        657  TTS_MSG_GETAUDIO  0  
[2025/08/10 20:01:29 253] tts        485  get audio|use local  
[2025/08/10 20:01:29 253] tts        498  local audiolen:  2014  ,ced:  20  
[2025/08/10 20:01:29 253] tts        527  0  udata(980228c8) 1  
[2025/08/10 20:01:29 254] tts        657  TTS_MSG_GETAUDIO  0  
[2025/08/10 20:01:29 254] tts        485  get audio|use local  
[2025/08/10 20:01:29 255] tts        498  local audiolen:  1954  ,ced:  20  
[2025/08/10 20:01:29 255] tts        527  0  udata(98022918) 1  
[2025/08/10 20:01:29 256] tts        657  TTS_MSG_GETAUDIO  0  
[2025/08/10 20:01:29 256] tts        485  get audio|use local  
[2025/08/10 20:01:29 256] tts        498  local audiolen:  1968  ,ced:  20  
[2025/08/10 20:01:29 256] tts        527  0  udata(98022968) 1  
[2025/08/10 20:01:29 257] tts        657  TTS_MSG_GETAUDIO  0  
[2025/08/10 20:01:29 257] tts        485  get audio|use local  
[2025/08/10 20:01:29 257] tts        498  local audiolen:  1910  ,ced:  20  
[2025/08/10 20:01:29 257] tts        527  0  udata(980229b8) 1  
[2025/08/10 20:01:29 258] tts        657  TTS_MSG_GETAUDIO  0  
[2025/08/10 20:01:29 258] tts        485  get audio|use local  
[2025/08/10 20:01:29 259] tts        498  local audiolen:  1924  ,ced:  20  
[2025/08/10 20:01:29 259] tts        527  0  udata(98022a08) 1  
[2025/08/10 20:01:29 260] tts        657  TTS_MSG_GETAUDIO  0  
[2025/08/10 20:01:29 260] tts        485  get audio|use local  
[2025/08/10 20:01:29 260] tts        498  local audiolen:  1942  ,ced:  20  
[2025/08/10 20:01:29 260] tts        527  0  udata(98022a58) 1  
[2025/08/10 20:01:29 261] tts        657  TTS_MSG_GETAUDIO  0  
[2025/08/10 20:01:29 261] tts        485  get audio|use local  
[2025/08/10 20:01:29 262] tts        498  local audiolen:  2028  ,ced:  20  
[2025/08/10 20:01:29 262] tts        527  0  udata(98022aa8) 1  
[2025/08/10 20:01:29 263] tts        657  TTS_MSG_GETAUDIO  0  
[2025/08/10 20:01:29 263] tts        485  get audio|use local  
[2025/08/10 20:01:29 263] tts        498  local audiolen:  192  ,ced:  20  
[2025/08/10 20:01:29 263] tts        527  0  udata(98022bc8) 2  
[2025/08/10 20:01:29 264] tts        660  TTS_MSG_SSE  
[2025/08/10 20:01:29 266] tts        585  sse|use local  
[2025/08/10 20:01:29 270] tts        603  tts exit  
[2025/08/10 20:01:29 271] tts        667  SYS_MSG_UNLOAD  
