============================================================
Time  2025/08/10 19:58:13 294 
============================================================
[2025/08/10 19:58:13 295] tts        676  SYS_MSG_REGCB param0 =  msp_status_cb  param1 =  func(8c014a30) 
[2025/08/10 19:58:13 300] config     43   use general cloud  
[2025/08/10 19:58:13 311] tts_cloud  1417 SYS_MSG_REGCB_CLOUD param0 =   msp_status_cb  param1 =  func(8c014a30) 
[2025/08/10 19:58:13 311] tts        647  TTS_MSG_SSB  
[2025/08/10 19:58:13 312] tts        375  params =  engine_type = local,voice_name=xiaoyan, text_encoding = UTF8, tts_res_path = fo|res/tts/xiaoyan.jet;fo|res/tts/common.jet, sample_rate = 16000, speed = 50, volume = 80, pitch = 50, rdn = 2  
[2025/08/10 19:58:13 312] tts        412  ssb|use local  
[2025/08/10 19:58:13 312] tts        349  local_session_begin  
[2025/08/10 19:58:13 316] tts        654  TTS_MSG_SYN  0  
[2025/08/10 19:58:13 316] tts        451  synth|use local  
[2025/08/10 19:58:13 317] tts        657  TTS_MSG_GETAUDIO  0  
[2025/08/10 19:58:13 317] tts        485  get audio|use local  
[2025/08/10 19:58:13 317] tts        527  0  nil  1  
[2025/08/10 19:58:13 318] tts        657  TTS_MSG_GETAUDIO  0  
[2025/08/10 19:58:13 319] tts        485  get audio|use local  
[2025/08/10 19:58:13 319] tts        527  0  nil  1  
[2025/08/10 19:58:13 320] tts        657  TTS_MSG_GETAUDIO  0  
[2025/08/10 19:58:13 320] tts        485  get audio|use local  
[2025/08/10 19:58:13 320] tts        527  0  nil  1  
[2025/08/10 19:58:13 321] tts        657  TTS_MSG_GETAUDIO  0  
[2025/08/10 19:58:13 321] tts        485  get audio|use local  
[2025/08/10 19:58:13 321] tts        527  0  nil  1  
[2025/08/10 19:58:13 322] tts        657  TTS_MSG_GETAUDIO  0  
[2025/08/10 19:58:13 322] tts        485  get audio|use local  
[2025/08/10 19:58:13 322] tts        527  0  nil  1  
[2025/08/10 19:58:13 323] tts        657  TTS_MSG_GETAUDIO  0  
[2025/08/10 19:58:13 323] tts        485  get audio|use local  
[2025/08/10 19:58:13 323] tts        527  0  nil  1  
[2025/08/10 19:58:13 324] tts        657  TTS_MSG_GETAUDIO  0  
[2025/08/10 19:58:13 324] tts        485  get audio|use local  
[2025/08/10 19:58:13 324] tts        527  0  nil  1  
[2025/08/10 19:58:13 325] tts        657  TTS_MSG_GETAUDIO  0  
[2025/08/10 19:58:13 325] tts        485  get audio|use local  
[2025/08/10 19:58:13 325] tts        527  0  nil  1  
[2025/08/10 19:58:13 326] tts        657  TTS_MSG_GETAUDIO  0  
[2025/08/10 19:58:13 326] tts        485  get audio|use local  
[2025/08/10 19:58:13 327] tts        527  0  nil  1  
[2025/08/10 19:58:13 327] tts        657  TTS_MSG_GETAUDIO  0  
[2025/08/10 19:58:13 327] tts        485  get audio|use local  
[2025/08/10 19:58:13 328] tts        527  0  nil  1  
[2025/08/10 19:58:13 329] tts        657  TTS_MSG_GETAUDIO  0  
[2025/08/10 19:58:13 329] tts        485  get audio|use local  
[2025/08/10 19:58:13 329] tts        527  0  nil  1  
[2025/08/10 19:58:13 329] tts        657  TTS_MSG_GETAUDIO  0  
[2025/08/10 19:58:13 329] tts        485  get audio|use local  
[2025/08/10 19:58:13 330] tts        527  0  nil  1  
[2025/08/10 19:58:13 330] tts        657  TTS_MSG_GETAUDIO  0  
[2025/08/10 19:58:13 330] tts        485  get audio|use local  
[2025/08/10 19:58:13 330] tts        527  0  nil  1  
[2025/08/10 19:58:13 331] tts        657  TTS_MSG_GETAUDIO  0  
[2025/08/10 19:58:13 331] tts        485  get audio|use local  
[2025/08/10 19:58:13 331] tts        527  0  nil  1  
[2025/08/10 19:58:13 332] tts        657  TTS_MSG_GETAUDIO  0  
[2025/08/10 19:58:13 332] tts        485  get audio|use local  
[2025/08/10 19:58:13 332] tts        527  0  nil  1  
[2025/08/10 19:58:13 333] tts        657  TTS_MSG_GETAUDIO  0  
[2025/08/10 19:58:13 333] tts        485  get audio|use local  
[2025/08/10 19:58:13 333] tts        527  0  nil  1  
[2025/08/10 19:58:13 334] tts        657  TTS_MSG_GETAUDIO  0  
[2025/08/10 19:58:13 334] tts        485  get audio|use local  
[2025/08/10 19:58:13 334] tts        527  0  nil  1  
[2025/08/10 19:58:13 335] tts        657  TTS_MSG_GETAUDIO  0  
[2025/08/10 19:58:13 335] tts        485  get audio|use local  
[2025/08/10 19:58:13 335] tts        527  0  nil  1  
[2025/08/10 19:58:13 336] tts        657  TTS_MSG_GETAUDIO  0  
[2025/08/10 19:58:13 336] tts        485  get audio|use local  
[2025/08/10 19:58:13 336] tts        527  0  nil  1  
[2025/08/10 19:58:13 337] tts        657  TTS_MSG_GETAUDIO  0  
[2025/08/10 19:58:13 337] tts        485  get audio|use local  
[2025/08/10 19:58:13 337] tts        527  0  nil  1  
[2025/08/10 19:58:13 338] tts        657  TTS_MSG_GETAUDIO  0  
[2025/08/10 19:58:13 338] tts        485  get audio|use local  
[2025/08/10 19:58:13 338] tts        527  0  nil  1  
[2025/08/10 19:58:13 340] tts        657  TTS_MSG_GETAUDIO  0  
[2025/08/10 19:58:13 340] tts        485  get audio|use local  
[2025/08/10 19:58:13 340] tts        527  0  nil  1  
[2025/08/10 19:58:13 340] tts        657  TTS_MSG_GETAUDIO  0  
[2025/08/10 19:58:13 341] tts        485  get audio|use local  
[2025/08/10 19:58:13 341] tts        527  0  nil  1  
[2025/08/10 19:58:13 342] tts        657  TTS_MSG_GETAUDIO  0  
[2025/08/10 19:58:13 342] tts        485  get audio|use local  
[2025/08/10 19:58:13 342] tts        527  0  nil  1  
[2025/08/10 19:58:13 343] tts        657  TTS_MSG_GETAUDIO  0  
[2025/08/10 19:58:13 343] tts        485  get audio|use local  
[2025/08/10 19:58:13 343] tts        527  0  nil  1  
[2025/08/10 19:58:13 344] tts        657  TTS_MSG_GETAUDIO  0  
[2025/08/10 19:58:13 344] tts        485  get audio|use local  
[2025/08/10 19:58:13 344] tts        527  0  nil  1  
[2025/08/10 19:58:13 345] tts        657  TTS_MSG_GETAUDIO  0  
[2025/08/10 19:58:13 345] tts        485  get audio|use local  
[2025/08/10 19:58:13 345] tts        527  0  nil  1  
[2025/08/10 19:58:13 346] tts        657  TTS_MSG_GETAUDIO  0  
[2025/08/10 19:58:13 346] tts        485  get audio|use local  
[2025/08/10 19:58:13 346] tts        527  0  nil  1  
[2025/08/10 19:58:13 347] tts        657  TTS_MSG_GETAUDIO  0  
[2025/08/10 19:58:13 347] tts        485  get audio|use local  
[2025/08/10 19:58:13 347] tts        527  0  nil  1  
[2025/08/10 19:58:13 348] tts        657  TTS_MSG_GETAUDIO  0  
[2025/08/10 19:58:13 348] tts        485  get audio|use local  
[2025/08/10 19:58:13 348] tts        527  0  nil  1  
[2025/08/10 19:58:13 349] tts        657  TTS_MSG_GETAUDIO  0  
[2025/08/10 19:58:13 349] tts        485  get audio|use local  
[2025/08/10 19:58:13 349] tts        527  0  nil  1  
[2025/08/10 19:58:13 350] tts        657  TTS_MSG_GETAUDIO  0  
[2025/08/10 19:58:13 350] tts        485  get audio|use local  
[2025/08/10 19:58:13 350] tts        527  0  nil  1  
[2025/08/10 19:58:13 351] tts        657  TTS_MSG_GETAUDIO  0  
[2025/08/10 19:58:13 351] tts        485  get audio|use local  
[2025/08/10 19:58:13 351] tts        527  0  nil  1  
[2025/08/10 19:58:13 352] tts        657  TTS_MSG_GETAUDIO  0  
[2025/08/10 19:58:13 352] tts        485  get audio|use local  
[2025/08/10 19:58:13 352] tts        527  0  nil  1  
[2025/08/10 19:58:13 353] tts        657  TTS_MSG_GETAUDIO  0  
[2025/08/10 19:58:13 353] tts        485  get audio|use local  
[2025/08/10 19:58:13 353] tts        527  0  nil  1  
[2025/08/10 19:58:13 354] tts        657  TTS_MSG_GETAUDIO  0  
[2025/08/10 19:58:13 354] tts        485  get audio|use local  
[2025/08/10 19:58:13 354] tts        527  0  nil  1  
[2025/08/10 19:58:13 355] tts        657  TTS_MSG_GETAUDIO  0  
[2025/08/10 19:58:13 355] tts        485  get audio|use local  
[2025/08/10 19:58:13 355] tts        527  0  nil  1  
[2025/08/10 19:58:13 356] tts        657  TTS_MSG_GETAUDIO  0  
[2025/08/10 19:58:13 356] tts        485  get audio|use local  
[2025/08/10 19:58:13 356] tts        527  0  nil  1  
[2025/08/10 19:58:13 357] tts        657  TTS_MSG_GETAUDIO  0  
[2025/08/10 19:58:13 357] tts        485  get audio|use local  
[2025/08/10 19:58:13 357] tts        527  0  nil  1  
[2025/08/10 19:58:13 358] tts        657  TTS_MSG_GETAUDIO  0  
[2025/08/10 19:58:13 358] tts        485  get audio|use local  
[2025/08/10 19:58:13 358] tts        527  0  nil  1  
[2025/08/10 19:58:13 359] tts        657  TTS_MSG_GETAUDIO  0  
[2025/08/10 19:58:13 359] tts        485  get audio|use local  
[2025/08/10 19:58:13 359] tts        527  0  nil  1  
[2025/08/10 19:58:13 360] tts        657  TTS_MSG_GETAUDIO  0  
[2025/08/10 19:58:13 360] tts        485  get audio|use local  
[2025/08/10 19:58:13 360] tts        527  0  nil  1  
[2025/08/10 19:58:13 362] tts        657  TTS_MSG_GETAUDIO  0  
[2025/08/10 19:58:13 362] tts        485  get audio|use local  
[2025/08/10 19:58:13 362] tts        527  0  nil  1  
[2025/08/10 19:58:13 363] tts        657  TTS_MSG_GETAUDIO  0  
[2025/08/10 19:58:13 363] tts        485  get audio|use local  
[2025/08/10 19:58:13 363] tts        527  0  nil  1  
[2025/08/10 19:58:13 364] tts        657  TTS_MSG_GETAUDIO  0  
[2025/08/10 19:58:13 364] tts        485  get audio|use local  
[2025/08/10 19:58:13 364] tts        527  0  nil  1  
[2025/08/10 19:58:13 365] tts        657  TTS_MSG_GETAUDIO  0  
[2025/08/10 19:58:13 365] tts        485  get audio|use local  
[2025/08/10 19:58:13 365] tts        527  0  nil  1  
[2025/08/10 19:58:13 366] tts        657  TTS_MSG_GETAUDIO  0  
[2025/08/10 19:58:13 367] tts        485  get audio|use local  
[2025/08/10 19:58:13 367] tts        527  0  nil  1  
[2025/08/10 19:58:13 368] tts        657  TTS_MSG_GETAUDIO  0  
[2025/08/10 19:58:13 368] tts        485  get audio|use local  
[2025/08/10 19:58:13 368] tts        527  0  nil  1  
[2025/08/10 19:58:13 368] tts        657  TTS_MSG_GETAUDIO  0  
[2025/08/10 19:58:13 369] tts        485  get audio|use local  
[2025/08/10 19:58:13 369] tts        527  0  nil  1  
[2025/08/10 19:58:13 369] tts        657  TTS_MSG_GETAUDIO  0  
[2025/08/10 19:58:13 369] tts        485  get audio|use local  
[2025/08/10 19:58:13 369] tts        527  0  nil  1  
[2025/08/10 19:58:13 370] tts        657  TTS_MSG_GETAUDIO  0  
[2025/08/10 19:58:13 370] tts        485  get audio|use local  
[2025/08/10 19:58:13 371] tts        527  0  nil  1  
[2025/08/10 19:58:13 371] tts        657  TTS_MSG_GETAUDIO  0  
[2025/08/10 19:58:13 372] tts        485  get audio|use local  
[2025/08/10 19:58:13 372] tts        527  0  nil  1  
[2025/08/10 19:58:13 373] tts        657  TTS_MSG_GETAUDIO  0  
[2025/08/10 19:58:13 373] tts        485  get audio|use local  
[2025/08/10 19:58:13 373] tts        527  0  nil  1  
[2025/08/10 19:58:13 374] tts        657  TTS_MSG_GETAUDIO  0  
[2025/08/10 19:58:13 374] tts        485  get audio|use local  
[2025/08/10 19:58:13 374] tts        527  0  nil  1  
[2025/08/10 19:58:13 375] tts        657  TTS_MSG_GETAUDIO  0  
[2025/08/10 19:58:13 375] tts        485  get audio|use local  
[2025/08/10 19:58:13 375] tts        527  0  nil  1  
[2025/08/10 19:58:13 376] tts        657  TTS_MSG_GETAUDIO  0  
[2025/08/10 19:58:13 376] tts        485  get audio|use local  
[2025/08/10 19:58:13 376] tts        527  0  nil  1  
[2025/08/10 19:58:13 377] tts        657  TTS_MSG_GETAUDIO  0  
[2025/08/10 19:58:13 377] tts        485  get audio|use local  
[2025/08/10 19:58:13 377] tts        527  0  nil  1  
[2025/08/10 19:58:13 378] tts        657  TTS_MSG_GETAUDIO  0  
[2025/08/10 19:58:13 378] tts        485  get audio|use local  
[2025/08/10 19:58:13 378] tts        527  0  nil  1  
[2025/08/10 19:58:13 379] tts        657  TTS_MSG_GETAUDIO  0  
[2025/08/10 19:58:13 379] tts        485  get audio|use local  
[2025/08/10 19:58:13 379] tts        527  0  nil  1  
[2025/08/10 19:58:13 381] tts        657  TTS_MSG_GETAUDIO  0  
[2025/08/10 19:58:13 381] tts        485  get audio|use local  
[2025/08/10 19:58:13 381] tts        527  0  nil  1  
[2025/08/10 19:58:13 382] tts        657  TTS_MSG_GETAUDIO  0  
[2025/08/10 19:58:13 382] tts        485  get audio|use local  
[2025/08/10 19:58:13 382] tts        527  0  nil  1  
[2025/08/10 19:58:13 383] tts        657  TTS_MSG_GETAUDIO  0  
[2025/08/10 19:58:13 383] tts        485  get audio|use local  
[2025/08/10 19:58:13 383] tts        527  0  nil  1  
[2025/08/10 19:58:13 384] tts        657  TTS_MSG_GETAUDIO  0  
[2025/08/10 19:58:13 384] tts        485  get audio|use local  
[2025/08/10 19:58:13 384] tts        527  0  nil  1  
[2025/08/10 19:58:13 385] tts        657  TTS_MSG_GETAUDIO  0  
[2025/08/10 19:58:13 385] tts        485  get audio|use local  
[2025/08/10 19:58:13 385] tts        527  0  nil  1  
[2025/08/10 19:58:13 386] tts        657  TTS_MSG_GETAUDIO  0  
[2025/08/10 19:58:13 386] tts        485  get audio|use local  
[2025/08/10 19:58:13 386] tts        527  0  nil  1  
[2025/08/10 19:58:13 387] tts        657  TTS_MSG_GETAUDIO  0  
[2025/08/10 19:58:13 387] tts        485  get audio|use local  
[2025/08/10 19:58:13 388] tts        527  0  nil  1  
[2025/08/10 19:58:13 393] tts        657  TTS_MSG_GETAUDIO  0  
[2025/08/10 19:58:13 393] tts        485  get audio|use local  
[2025/08/10 19:58:13 393] tts        527  0  nil  1  
[2025/08/10 19:58:13 394] tts        657  TTS_MSG_GETAUDIO  0  
[2025/08/10 19:58:13 394] tts        485  get audio|use local  
[2025/08/10 19:58:13 395] tts        527  0  nil  1  
[2025/08/10 19:58:13 396] tts        657  TTS_MSG_GETAUDIO  0  
[2025/08/10 19:58:13 396] tts        485  get audio|use local  
[2025/08/10 19:58:13 396] tts        527  0  nil  1  
[2025/08/10 19:58:13 400] tts        657  TTS_MSG_GETAUDIO  0  
[2025/08/10 19:58:13 400] tts        485  get audio|use local  
[2025/08/10 19:58:13 400] tts        527  0  nil  1  
[2025/08/10 19:58:13 402] tts        657  TTS_MSG_GETAUDIO  0  
[2025/08/10 19:58:13 402] tts        485  get audio|use local  
[2025/08/10 19:58:13 402] tts        527  0  nil  1  
[2025/08/10 19:58:13 403] tts        657  TTS_MSG_GETAUDIO  0  
[2025/08/10 19:58:13 404] tts        485  get audio|use local  
[2025/08/10 19:58:13 404] tts        527  0  nil  1  
[2025/08/10 19:58:13 405] tts        657  TTS_MSG_GETAUDIO  0  
[2025/08/10 19:58:13 405] tts        485  get audio|use local  
[2025/08/10 19:58:13 405] tts        527  0  nil  1  
[2025/08/10 19:58:13 406] tts        657  TTS_MSG_GETAUDIO  0  
[2025/08/10 19:58:13 406] tts        485  get audio|use local  
[2025/08/10 19:58:13 407] tts        527  0  nil  1  
[2025/08/10 19:58:13 408] tts        657  TTS_MSG_GETAUDIO  0  
[2025/08/10 19:58:13 408] tts        485  get audio|use local  
[2025/08/10 19:58:13 408] tts        527  0  nil  1  
[2025/08/10 19:58:13 409] tts        657  TTS_MSG_GETAUDIO  0  
[2025/08/10 19:58:13 410] tts        485  get audio|use local  
[2025/08/10 19:58:13 410] tts        527  0  nil  1  
[2025/08/10 19:58:13 411] tts        657  TTS_MSG_GETAUDIO  0  
[2025/08/10 19:58:13 411] tts        485  get audio|use local  
[2025/08/10 19:58:13 411] tts        527  0  nil  1  
[2025/08/10 19:58:13 412] tts        657  TTS_MSG_GETAUDIO  0  
[2025/08/10 19:58:13 412] tts        485  get audio|use local  
[2025/08/10 19:58:13 412] tts        527  0  nil  1  
[2025/08/10 19:58:13 415] tts        299  TTS_LOCAL_CB_BEGIN  
[2025/08/10 19:58:13 416] tts        657  TTS_MSG_GETAUDIO  0  
[2025/08/10 19:58:13 416] tts        485  get audio|use local  
[2025/08/10 19:58:13 416] tts        527  0  nil  1  
[2025/08/10 19:58:13 417] tts        657  TTS_MSG_GETAUDIO  0  
[2025/08/10 19:58:13 417] tts        485  get audio|use local  
[2025/08/10 19:58:13 418] tts        527  0  nil  1  
[2025/08/10 19:58:13 418] tts        657  TTS_MSG_GETAUDIO  0  
[2025/08/10 19:58:13 419] tts        485  get audio|use local  
[2025/08/10 19:58:13 419] tts        527  0  nil  1  
[2025/08/10 19:58:13 420] tts        657  TTS_MSG_GETAUDIO  0  
[2025/08/10 19:58:13 420] tts        485  get audio|use local  
[2025/08/10 19:58:13 420] tts        527  0  nil  1  
[2025/08/10 19:58:13 421] tts        657  TTS_MSG_GETAUDIO  0  
[2025/08/10 19:58:13 421] tts        485  get audio|use local  
[2025/08/10 19:58:13 421] tts        527  0  nil  1  
[2025/08/10 19:58:13 422] tts        657  TTS_MSG_GETAUDIO  0  
[2025/08/10 19:58:13 422] tts        485  get audio|use local  
[2025/08/10 19:58:13 422] tts        527  0  nil  1  
[2025/08/10 19:58:13 423] tts        657  TTS_MSG_GETAUDIO  0  
[2025/08/10 19:58:13 424] tts        485  get audio|use local  
[2025/08/10 19:58:13 425] tts        527  0  nil  1  
[2025/08/10 19:58:13 426] tts        657  TTS_MSG_GETAUDIO  0  
[2025/08/10 19:58:13 426] tts        485  get audio|use local  
[2025/08/10 19:58:13 426] tts        498  local audiolen:  2042  ,ced:  16  
[2025/08/10 19:58:13 427] tts        527  0  udata(8c07fa88) 1  
[2025/08/10 19:58:13 429] tts        657  TTS_MSG_GETAUDIO  0  
[2025/08/10 19:58:13 429] tts        485  get audio|use local  
[2025/08/10 19:58:13 429] tts        498  local audiolen:  2016  ,ced:  16  
[2025/08/10 19:58:13 430] tts        527  0  udata(8c06abc8) 1  
[2025/08/10 19:58:13 431] tts        657  TTS_MSG_GETAUDIO  0  
[2025/08/10 19:58:13 432] tts        485  get audio|use local  
[2025/08/10 19:58:13 432] tts        498  local audiolen:  1964  ,ced:  16  
[2025/08/10 19:58:13 432] tts        527  0  udata(8c07fe08) 1  
[2025/08/10 19:58:13 435] tts        657  TTS_MSG_GETAUDIO  0  
[2025/08/10 19:58:13 435] tts        485  get audio|use local  
[2025/08/10 19:58:13 436] tts        498  local audiolen:  1916  ,ced:  16  
[2025/08/10 19:58:13 436] tts        527  0  udata(8c0880a8) 1  
[2025/08/10 19:58:13 437] tts        657  TTS_MSG_GETAUDIO  0  
[2025/08/10 19:58:13 438] tts        485  get audio|use local  
[2025/08/10 19:58:13 438] tts        498  local audiolen:  2018  ,ced:  16  
[2025/08/10 19:58:13 438] tts        527  0  udata(8c0881f8) 1  
[2025/08/10 19:58:13 439] tts        657  TTS_MSG_GETAUDIO  0  
[2025/08/10 19:58:13 439] tts        485  get audio|use local  
[2025/08/10 19:58:13 439] tts        498  local audiolen:  2008  ,ced:  16  
[2025/08/10 19:58:13 439] tts        527  0  udata(8c088248) 1  
[2025/08/10 19:58:13 441] tts        657  TTS_MSG_GETAUDIO  0  
[2025/08/10 19:58:13 441] tts        485  get audio|use local  
[2025/08/10 19:58:13 442] tts        498  local audiolen:  2046  ,ced:  16  
[2025/08/10 19:58:13 442] tts        527  0  udata(8c07cbd8) 1  
[2025/08/10 19:58:13 443] tts        657  TTS_MSG_GETAUDIO  0  
[2025/08/10 19:58:13 443] tts        485  get audio|use local  
[2025/08/10 19:58:13 443] tts        527  0  nil  1  
[2025/08/10 19:58:13 446] tts        657  TTS_MSG_GETAUDIO  0  
[2025/08/10 19:58:13 446] tts        485  get audio|use local  
[2025/08/10 19:58:13 447] tts        527  0  nil  1  
[2025/08/10 19:58:13 449] tts        657  TTS_MSG_GETAUDIO  0  
[2025/08/10 19:58:13 449] tts        485  get audio|use local  
[2025/08/10 19:58:13 449] tts        527  0  nil  1  
[2025/08/10 19:58:13 451] tts        657  TTS_MSG_GETAUDIO  0  
[2025/08/10 19:58:13 451] tts        485  get audio|use local  
[2025/08/10 19:58:13 452] tts        527  0  nil  1  
[2025/08/10 19:58:13 454] tts        657  TTS_MSG_GETAUDIO  0  
[2025/08/10 19:58:13 454] tts        485  get audio|use local  
[2025/08/10 19:58:13 454] tts        527  0  nil  1  
[2025/08/10 19:58:13 455] tts        657  TTS_MSG_GETAUDIO  0  
[2025/08/10 19:58:13 455] tts        485  get audio|use local  
[2025/08/10 19:58:13 456] tts        527  0  nil  1  
[2025/08/10 19:58:13 457] tts        657  TTS_MSG_GETAUDIO  0  
[2025/08/10 19:58:13 457] tts        485  get audio|use local  
[2025/08/10 19:58:13 457] tts        527  0  nil  1  
[2025/08/10 19:58:13 458] tts        657  TTS_MSG_GETAUDIO  0  
[2025/08/10 19:58:13 459] tts        485  get audio|use local  
[2025/08/10 19:58:13 459] tts        527  0  nil  1  
[2025/08/10 19:58:13 460] tts        657  TTS_MSG_GETAUDIO  0  
[2025/08/10 19:58:13 460] tts        485  get audio|use local  
[2025/08/10 19:58:13 460] tts        527  0  nil  1  
[2025/08/10 19:58:13 462] tts        657  TTS_MSG_GETAUDIO  0  
[2025/08/10 19:58:13 462] tts        485  get audio|use local  
[2025/08/10 19:58:13 462] tts        498  local audiolen:  1972  ,ced:  16  
[2025/08/10 19:58:13 463] tts        527  0  udata(8c07cd58) 1  
[2025/08/10 19:58:13 469] tts        657  TTS_MSG_GETAUDIO  0  
[2025/08/10 19:58:13 469] tts        485  get audio|use local  
[2025/08/10 19:58:13 469] tts        498  local audiolen:  1934  ,ced:  16  
[2025/08/10 19:58:13 469] tts        527  0  udata(8c07d0a8) 1  
[2025/08/10 19:58:13 471] tts        657  TTS_MSG_GETAUDIO  0  
[2025/08/10 19:58:13 471] tts        485  get audio|use local  
[2025/08/10 19:58:13 472] tts        498  local audiolen:  2016  ,ced:  16  
[2025/08/10 19:58:13 472] tts        527  0  udata(8c07e578) 1  
[2025/08/10 19:58:13 480] tts        657  TTS_MSG_GETAUDIO  0  
[2025/08/10 19:58:13 480] tts        485  get audio|use local  
[2025/08/10 19:58:13 481] tts        498  local audiolen:  2036  ,ced:  16  
[2025/08/10 19:58:13 482] tts        527  0  udata(8c07dd88) 1  
[2025/08/10 19:58:13 483] tts        657  TTS_MSG_GETAUDIO  0  
[2025/08/10 19:58:13 483] tts        485  get audio|use local  
[2025/08/10 19:58:13 483] tts        498  local audiolen:  1944  ,ced:  16  
[2025/08/10 19:58:13 484] tts        527  0  udata(8c07ddd8) 1  
[2025/08/10 19:58:13 485] tts        657  TTS_MSG_GETAUDIO  0  
[2025/08/10 19:58:13 485] tts        485  get audio|use local  
[2025/08/10 19:58:13 485] tts        498  local audiolen:  1958  ,ced:  16  
[2025/08/10 19:58:13 486] tts        527  0  udata(8c07de28) 1  
[2025/08/10 19:58:13 496] tts        657  TTS_MSG_GETAUDIO  0  
[2025/08/10 19:58:13 496] tts        485  get audio|use local  
[2025/08/10 19:58:13 496] tts        498  local audiolen:  2016  ,ced:  16  
[2025/08/10 19:58:13 497] tts        527  0  udata(8c07df28) 1  
[2025/08/10 19:58:13 500] tts        657  TTS_MSG_GETAUDIO  0  
[2025/08/10 19:58:13 501] tts        485  get audio|use local  
[2025/08/10 19:58:13 502] tts        498  local audiolen:  2016  ,ced:  16  
[2025/08/10 19:58:13 502] tts        527  0  udata(8c07e078) 1  
[2025/08/10 19:58:13 505] tts        657  TTS_MSG_GETAUDIO  0  
[2025/08/10 19:58:13 505] tts        485  get audio|use local  
[2025/08/10 19:58:13 505] tts        498  local audiolen:  1972  ,ced:  16  
[2025/08/10 19:58:13 505] tts        527  0  udata(8c07e1c8) 1  
[2025/08/10 19:58:13 506] tts        657  TTS_MSG_GETAUDIO  0  
[2025/08/10 19:58:13 507] tts        485  get audio|use local  
[2025/08/10 19:58:13 507] tts        498  local audiolen:  1944  ,ced:  16  
[2025/08/10 19:58:13 508] tts        527  0  udata(8c07e218) 1  
[2025/08/10 19:58:13 509] tts        657  TTS_MSG_GETAUDIO  0  
[2025/08/10 19:58:13 509] tts        485  get audio|use local  
[2025/08/10 19:58:13 510] tts        498  local audiolen:  2014  ,ced:  16  
[2025/08/10 19:58:13 510] tts        527  0  udata(8c07e268) 1  
[2025/08/10 19:58:13 511] tts        657  TTS_MSG_GETAUDIO  0  
[2025/08/10 19:58:13 512] tts        485  get audio|use local  
[2025/08/10 19:58:13 512] tts        527  0  nil  1  
[2025/08/10 19:58:13 512] tts        657  TTS_MSG_GETAUDIO  0  
[2025/08/10 19:58:13 512] tts        485  get audio|use local  
[2025/08/10 19:58:13 513] tts        527  0  nil  1  
[2025/08/10 19:58:13 531] tts        657  TTS_MSG_GETAUDIO  0  
[2025/08/10 19:58:13 537] tts        485  get audio|use local  
[2025/08/10 19:58:13 538] tts        498  local audiolen:  1960  ,ced:  16  
[2025/08/10 19:58:13 538] tts        527  0  udata(8c07efe8) 1  
[2025/08/10 19:58:13 539] tts        301  0  0  
[2025/08/10 19:58:13 539] tts        312  TTS_LOCAL_CB_END,  2  
[2025/08/10 19:58:13 539] tts        657  TTS_MSG_GETAUDIO  0  
[2025/08/10 19:58:13 539] tts        485  get audio|use local  
[2025/08/10 19:58:13 540] tts        498  local audiolen:  2004  ,ced:  16  
[2025/08/10 19:58:13 540] tts        527  0  udata(8c07f5d8) 1  
[2025/08/10 19:58:13 540] tts        657  TTS_MSG_GETAUDIO  0  
[2025/08/10 19:58:13 540] tts        485  get audio|use local  
[2025/08/10 19:58:13 541] tts        498  local audiolen:  2044  ,ced:  16  
[2025/08/10 19:58:13 541] tts        527  0  udata(8c07f628) 1  
[2025/08/10 19:58:13 541] tts        657  TTS_MSG_GETAUDIO  0  
[2025/08/10 19:58:13 541] tts        485  get audio|use local  
[2025/08/10 19:58:13 541] tts        498  local audiolen:  2016  ,ced:  16  
[2025/08/10 19:58:13 542] tts        527  0  udata(8c07f678) 1  
[2025/08/10 19:58:13 542] tts        657  TTS_MSG_GETAUDIO  0  
[2025/08/10 19:58:13 542] tts        485  get audio|use local  
[2025/08/10 19:58:13 542] tts        498  local audiolen:  2016  ,ced:  16  
[2025/08/10 19:58:13 542] tts        527  0  udata(8c07f6c8) 1  
[2025/08/10 19:58:13 543] tts        657  TTS_MSG_GETAUDIO  0  
[2025/08/10 19:58:13 543] tts        485  get audio|use local  
[2025/08/10 19:58:13 543] tts        498  local audiolen:  2014  ,ced:  16  
[2025/08/10 19:58:13 543] tts        527  0  udata(8c07e828) 1  
[2025/08/10 19:58:13 544] tts        657  TTS_MSG_GETAUDIO  0  
[2025/08/10 19:58:13 544] tts        485  get audio|use local  
[2025/08/10 19:58:13 544] tts        498  local audiolen:  1824  ,ced:  16  
[2025/08/10 19:58:13 544] tts        527  0  udata(8c022008) 2  
[2025/08/10 19:58:13 545] tts        660  TTS_MSG_SSE  
[2025/08/10 19:58:13 546] tts        585  sse|use local  
[2025/08/10 19:58:13 548] tts        603  tts exit  
