============================================================
Time  2025/08/10 20:04:40 917 
============================================================
[2025/08/10 20:04:40 918] tts        676  SYS_MSG_REGCB param0 =  msp_status_cb  param1 =  func(7c014a30) 
[2025/08/10 20:04:40 921] config     43   use general cloud  
[2025/08/10 20:04:40 928] tts_cloud  1417 SYS_MSG_REGCB_CLOUD param0 =   msp_status_cb  param1 =  func(7c014a30) 
[2025/08/10 20:04:40 929] tts        647  TTS_MSG_SSB  
[2025/08/10 20:04:40 929] tts        375  params =  engine_type = local,voice_name=xiaoyan, text_encoding = UTF8, tts_res_path = fo|res/tts/xiaoyan.jet;fo|res/tts/common.jet, sample_rate = 16000, speed = 50, volume = 80, pitch = 50, rdn = 2  
[2025/08/10 20:04:40 929] tts        412  ssb|use local  
[2025/08/10 20:04:40 929] tts        349  local_session_begin  
[2025/08/10 20:04:40 932] tts        654  TTS_MSG_SYN  0  
[2025/08/10 20:04:40 933] tts        451  synth|use local  
[2025/08/10 20:04:40 933] tts        657  TTS_MSG_GETAUDIO  0  
[2025/08/10 20:04:40 933] tts        485  get audio|use local  
[2025/08/10 20:04:40 934] tts        527  0  nil  1  
[2025/08/10 20:04:40 935] tts        657  TTS_MSG_GETAUDIO  0  
[2025/08/10 20:04:40 935] tts        485  get audio|use local  
[2025/08/10 20:04:40 935] tts        527  0  nil  1  
[2025/08/10 20:04:40 935] tts        657  TTS_MSG_GETAUDIO  0  
[2025/08/10 20:04:40 936] tts        485  get audio|use local  
[2025/08/10 20:04:40 936] tts        527  0  nil  1  
[2025/08/10 20:04:40 937] tts        657  TTS_MSG_GETAUDIO  0  
[2025/08/10 20:04:40 937] tts        485  get audio|use local  
[2025/08/10 20:04:40 937] tts        527  0  nil  1  
[2025/08/10 20:04:40 937] tts        657  TTS_MSG_GETAUDIO  0  
[2025/08/10 20:04:40 938] tts        485  get audio|use local  
[2025/08/10 20:04:40 938] tts        527  0  nil  1  
[2025/08/10 20:04:40 938] tts        657  TTS_MSG_GETAUDIO  0  
[2025/08/10 20:04:40 939] tts        485  get audio|use local  
[2025/08/10 20:04:40 939] tts        527  0  nil  1  
[2025/08/10 20:04:40 940] tts        657  TTS_MSG_GETAUDIO  0  
[2025/08/10 20:04:40 940] tts        485  get audio|use local  
[2025/08/10 20:04:40 940] tts        527  0  nil  1  
[2025/08/10 20:04:40 941] tts        657  TTS_MSG_GETAUDIO  0  
[2025/08/10 20:04:40 941] tts        485  get audio|use local  
[2025/08/10 20:04:40 941] tts        527  0  nil  1  
[2025/08/10 20:04:40 942] tts        657  TTS_MSG_GETAUDIO  0  
[2025/08/10 20:04:40 943] tts        485  get audio|use local  
[2025/08/10 20:04:40 943] tts        527  0  nil  1  
[2025/08/10 20:04:40 943] tts        657  TTS_MSG_GETAUDIO  0  
[2025/08/10 20:04:40 943] tts        485  get audio|use local  
[2025/08/10 20:04:40 943] tts        527  0  nil  1  
[2025/08/10 20:04:40 944] tts        657  TTS_MSG_GETAUDIO  0  
[2025/08/10 20:04:40 944] tts        485  get audio|use local  
[2025/08/10 20:04:40 944] tts        527  0  nil  1  
[2025/08/10 20:04:40 945] tts        657  TTS_MSG_GETAUDIO  0  
[2025/08/10 20:04:40 945] tts        485  get audio|use local  
[2025/08/10 20:04:40 945] tts        527  0  nil  1  
[2025/08/10 20:04:40 946] tts        657  TTS_MSG_GETAUDIO  0  
[2025/08/10 20:04:40 946] tts        485  get audio|use local  
[2025/08/10 20:04:40 946] tts        527  0  nil  1  
[2025/08/10 20:04:40 947] tts        657  TTS_MSG_GETAUDIO  0  
[2025/08/10 20:04:40 947] tts        485  get audio|use local  
[2025/08/10 20:04:40 947] tts        527  0  nil  1  
[2025/08/10 20:04:40 947] tts        657  TTS_MSG_GETAUDIO  0  
[2025/08/10 20:04:40 948] tts        485  get audio|use local  
[2025/08/10 20:04:40 948] tts        527  0  nil  1  
[2025/08/10 20:04:40 949] tts        657  TTS_MSG_GETAUDIO  0  
[2025/08/10 20:04:40 949] tts        485  get audio|use local  
[2025/08/10 20:04:40 949] tts        527  0  nil  1  
[2025/08/10 20:04:40 949] tts        657  TTS_MSG_GETAUDIO  0  
[2025/08/10 20:04:40 949] tts        485  get audio|use local  
[2025/08/10 20:04:40 949] tts        527  0  nil  1  
[2025/08/10 20:04:40 950] tts        657  TTS_MSG_GETAUDIO  0  
[2025/08/10 20:04:40 950] tts        485  get audio|use local  
[2025/08/10 20:04:40 950] tts        527  0  nil  1  
[2025/08/10 20:04:40 951] tts        657  TTS_MSG_GETAUDIO  0  
[2025/08/10 20:04:40 951] tts        485  get audio|use local  
[2025/08/10 20:04:40 951] tts        527  0  nil  1  
[2025/08/10 20:04:40 952] tts        657  TTS_MSG_GETAUDIO  0  
[2025/08/10 20:04:40 952] tts        485  get audio|use local  
[2025/08/10 20:04:40 952] tts        527  0  nil  1  
[2025/08/10 20:04:40 953] tts        657  TTS_MSG_GETAUDIO  0  
[2025/08/10 20:04:40 953] tts        485  get audio|use local  
[2025/08/10 20:04:40 954] tts        527  0  nil  1  
[2025/08/10 20:04:40 955] tts        657  TTS_MSG_GETAUDIO  0  
[2025/08/10 20:04:40 955] tts        485  get audio|use local  
[2025/08/10 20:04:40 955] tts        527  0  nil  1  
[2025/08/10 20:04:40 956] tts        657  TTS_MSG_GETAUDIO  0  
[2025/08/10 20:04:40 956] tts        485  get audio|use local  
[2025/08/10 20:04:40 956] tts        527  0  nil  1  
[2025/08/10 20:04:40 957] tts        657  TTS_MSG_GETAUDIO  0  
[2025/08/10 20:04:40 957] tts        485  get audio|use local  
[2025/08/10 20:04:40 958] tts        527  0  nil  1  
[2025/08/10 20:04:40 958] tts        657  TTS_MSG_GETAUDIO  0  
[2025/08/10 20:04:40 959] tts        485  get audio|use local  
[2025/08/10 20:04:40 959] tts        527  0  nil  1  
[2025/08/10 20:04:40 960] tts        657  TTS_MSG_GETAUDIO  0  
[2025/08/10 20:04:40 960] tts        485  get audio|use local  
[2025/08/10 20:04:40 960] tts        527  0  nil  1  
[2025/08/10 20:04:40 961] tts        657  TTS_MSG_GETAUDIO  0  
[2025/08/10 20:04:40 961] tts        485  get audio|use local  
[2025/08/10 20:04:40 961] tts        527  0  nil  1  
[2025/08/10 20:04:40 962] tts        657  TTS_MSG_GETAUDIO  0  
[2025/08/10 20:04:40 962] tts        485  get audio|use local  
[2025/08/10 20:04:40 962] tts        527  0  nil  1  
[2025/08/10 20:04:40 963] tts        657  TTS_MSG_GETAUDIO  0  
[2025/08/10 20:04:40 964] tts        485  get audio|use local  
[2025/08/10 20:04:40 964] tts        527  0  nil  1  
[2025/08/10 20:04:40 964] tts        657  TTS_MSG_GETAUDIO  0  
[2025/08/10 20:04:40 964] tts        485  get audio|use local  
[2025/08/10 20:04:40 965] tts        527  0  nil  1  
[2025/08/10 20:04:40 965] tts        657  TTS_MSG_GETAUDIO  0  
[2025/08/10 20:04:40 966] tts        485  get audio|use local  
[2025/08/10 20:04:40 966] tts        527  0  nil  1  
[2025/08/10 20:04:40 966] tts        657  TTS_MSG_GETAUDIO  0  
[2025/08/10 20:04:40 966] tts        485  get audio|use local  
[2025/08/10 20:04:40 966] tts        527  0  nil  1  
[2025/08/10 20:04:40 967] tts        657  TTS_MSG_GETAUDIO  0  
[2025/08/10 20:04:40 967] tts        485  get audio|use local  
[2025/08/10 20:04:40 967] tts        527  0  nil  1  
[2025/08/10 20:04:40 968] tts        657  TTS_MSG_GETAUDIO  0  
[2025/08/10 20:04:40 968] tts        485  get audio|use local  
[2025/08/10 20:04:40 968] tts        527  0  nil  1  
[2025/08/10 20:04:40 969] tts        657  TTS_MSG_GETAUDIO  0  
[2025/08/10 20:04:40 969] tts        485  get audio|use local  
[2025/08/10 20:04:40 969] tts        527  0  nil  1  
[2025/08/10 20:04:40 969] tts        657  TTS_MSG_GETAUDIO  0  
[2025/08/10 20:04:40 969] tts        485  get audio|use local  
[2025/08/10 20:04:40 969] tts        527  0  nil  1  
[2025/08/10 20:04:40 970] tts        657  TTS_MSG_GETAUDIO  0  
[2025/08/10 20:04:40 970] tts        485  get audio|use local  
[2025/08/10 20:04:40 970] tts        527  0  nil  1  
[2025/08/10 20:04:40 971] tts        657  TTS_MSG_GETAUDIO  0  
[2025/08/10 20:04:40 972] tts        485  get audio|use local  
[2025/08/10 20:04:40 972] tts        527  0  nil  1  
[2025/08/10 20:04:40 972] tts        657  TTS_MSG_GETAUDIO  0  
[2025/08/10 20:04:40 972] tts        485  get audio|use local  
[2025/08/10 20:04:40 972] tts        527  0  nil  1  
[2025/08/10 20:04:40 973] tts        657  TTS_MSG_GETAUDIO  0  
[2025/08/10 20:04:40 973] tts        485  get audio|use local  
[2025/08/10 20:04:40 973] tts        527  0  nil  1  
[2025/08/10 20:04:40 974] tts        657  TTS_MSG_GETAUDIO  0  
[2025/08/10 20:04:40 974] tts        485  get audio|use local  
[2025/08/10 20:04:40 974] tts        527  0  nil  1  
[2025/08/10 20:04:40 974] tts        657  TTS_MSG_GETAUDIO  0  
[2025/08/10 20:04:40 975] tts        485  get audio|use local  
[2025/08/10 20:04:40 975] tts        527  0  nil  1  
[2025/08/10 20:04:40 975] tts        657  TTS_MSG_GETAUDIO  0  
[2025/08/10 20:04:40 975] tts        485  get audio|use local  
[2025/08/10 20:04:40 975] tts        527  0  nil  1  
[2025/08/10 20:04:40 976] tts        657  TTS_MSG_GETAUDIO  0  
[2025/08/10 20:04:40 976] tts        485  get audio|use local  
[2025/08/10 20:04:40 976] tts        527  0  nil  1  
[2025/08/10 20:04:40 977] tts        657  TTS_MSG_GETAUDIO  0  
[2025/08/10 20:04:40 977] tts        485  get audio|use local  
[2025/08/10 20:04:40 977] tts        527  0  nil  1  
[2025/08/10 20:04:40 978] tts        657  TTS_MSG_GETAUDIO  0  
[2025/08/10 20:04:40 978] tts        485  get audio|use local  
[2025/08/10 20:04:40 978] tts        527  0  nil  1  
[2025/08/10 20:04:40 978] tts        657  TTS_MSG_GETAUDIO  0  
[2025/08/10 20:04:40 978] tts        485  get audio|use local  
[2025/08/10 20:04:40 978] tts        527  0  nil  1  
[2025/08/10 20:04:40 979] tts        657  TTS_MSG_GETAUDIO  0  
[2025/08/10 20:04:40 979] tts        485  get audio|use local  
[2025/08/10 20:04:40 979] tts        527  0  nil  1  
[2025/08/10 20:04:40 980] tts        657  TTS_MSG_GETAUDIO  0  
[2025/08/10 20:04:40 980] tts        485  get audio|use local  
[2025/08/10 20:04:40 980] tts        527  0  nil  1  
[2025/08/10 20:04:40 980] tts        657  TTS_MSG_GETAUDIO  0  
[2025/08/10 20:04:40 981] tts        485  get audio|use local  
[2025/08/10 20:04:40 981] tts        527  0  nil  1  
[2025/08/10 20:04:40 981] tts        657  TTS_MSG_GETAUDIO  0  
[2025/08/10 20:04:40 981] tts        485  get audio|use local  
[2025/08/10 20:04:40 981] tts        527  0  nil  1  
[2025/08/10 20:04:40 982] tts        657  TTS_MSG_GETAUDIO  0  
[2025/08/10 20:04:40 982] tts        485  get audio|use local  
[2025/08/10 20:04:40 982] tts        527  0  nil  1  
[2025/08/10 20:04:40 992] tts        657  TTS_MSG_GETAUDIO  0  
[2025/08/10 20:04:40 992] tts        485  get audio|use local  
[2025/08/10 20:04:40 992] tts        527  0  nil  1  
[2025/08/10 20:04:40 993] tts        657  TTS_MSG_GETAUDIO  0  
[2025/08/10 20:04:40 993] tts        485  get audio|use local  
[2025/08/10 20:04:40 993] tts        527  0  nil  1  
[2025/08/10 20:04:40 994] tts        657  TTS_MSG_GETAUDIO  0  
[2025/08/10 20:04:40 994] tts        485  get audio|use local  
[2025/08/10 20:04:40 994] tts        527  0  nil  1  
[2025/08/10 20:04:40 994] tts        657  TTS_MSG_GETAUDIO  0  
[2025/08/10 20:04:40 994] tts        485  get audio|use local  
[2025/08/10 20:04:40 995] tts        527  0  nil  1  
[2025/08/10 20:04:40 995] tts        657  TTS_MSG_GETAUDIO  0  
[2025/08/10 20:04:40 995] tts        485  get audio|use local  
[2025/08/10 20:04:40 995] tts        527  0  nil  1  
[2025/08/10 20:04:40 996] tts        657  TTS_MSG_GETAUDIO  0  
[2025/08/10 20:04:40 996] tts        485  get audio|use local  
[2025/08/10 20:04:40 996] tts        527  0  nil  1  
[2025/08/10 20:04:40 997] tts        657  TTS_MSG_GETAUDIO  0  
[2025/08/10 20:04:40 997] tts        485  get audio|use local  
[2025/08/10 20:04:40 997] tts        527  0  nil  1  
[2025/08/10 20:04:40 997] tts        657  TTS_MSG_GETAUDIO  0  
[2025/08/10 20:04:40 997] tts        485  get audio|use local  
[2025/08/10 20:04:40 997] tts        527  0  nil  1  
[2025/08/10 20:04:40 998] tts        657  TTS_MSG_GETAUDIO  0  
[2025/08/10 20:04:40 998] tts        485  get audio|use local  
[2025/08/10 20:04:40 998] tts        527  0  nil  1  
[2025/08/10 20:04:40 999] tts        657  TTS_MSG_GETAUDIO  0  
[2025/08/10 20:04:40 999] tts        485  get audio|use local  
[2025/08/10 20:04:40 999] tts        527  0  nil  1  
[2025/08/10 20:04:40 999] tts        657  TTS_MSG_GETAUDIO  0  
[2025/08/10 20:04:41 000] tts        485  get audio|use local  
[2025/08/10 20:04:41 000] tts        527  0  nil  1  
[2025/08/10 20:04:41 000] tts        657  TTS_MSG_GETAUDIO  0  
[2025/08/10 20:04:41 000] tts        485  get audio|use local  
[2025/08/10 20:04:41 000] tts        527  0  nil  1  
[2025/08/10 20:04:41 001] tts        657  TTS_MSG_GETAUDIO  0  
[2025/08/10 20:04:41 001] tts        485  get audio|use local  
[2025/08/10 20:04:41 001] tts        527  0  nil  1  
[2025/08/10 20:04:41 002] tts        657  TTS_MSG_GETAUDIO  0  
[2025/08/10 20:04:41 002] tts        485  get audio|use local  
[2025/08/10 20:04:41 002] tts        527  0  nil  1  
[2025/08/10 20:04:41 002] tts        657  TTS_MSG_GETAUDIO  0  
[2025/08/10 20:04:41 002] tts        485  get audio|use local  
[2025/08/10 20:04:41 003] tts        527  0  nil  1  
[2025/08/10 20:04:41 003] tts        657  TTS_MSG_GETAUDIO  0  
[2025/08/10 20:04:41 003] tts        485  get audio|use local  
[2025/08/10 20:04:41 003] tts        527  0  nil  1  
[2025/08/10 20:04:41 004] tts        657  TTS_MSG_GETAUDIO  0  
[2025/08/10 20:04:41 004] tts        485  get audio|use local  
[2025/08/10 20:04:41 004] tts        527  0  nil  1  
[2025/08/10 20:04:41 005] tts        657  TTS_MSG_GETAUDIO  0  
[2025/08/10 20:04:41 005] tts        485  get audio|use local  
[2025/08/10 20:04:41 005] tts        527  0  nil  1  
[2025/08/10 20:04:41 006] tts        657  TTS_MSG_GETAUDIO  0  
[2025/08/10 20:04:41 006] tts        485  get audio|use local  
[2025/08/10 20:04:41 006] tts        527  0  nil  1  
[2025/08/10 20:04:41 008] tts        657  TTS_MSG_GETAUDIO  0  
[2025/08/10 20:04:41 008] tts        485  get audio|use local  
[2025/08/10 20:04:41 008] tts        527  0  nil  1  
[2025/08/10 20:04:41 009] tts        657  TTS_MSG_GETAUDIO  0  
[2025/08/10 20:04:41 009] tts        485  get audio|use local  
[2025/08/10 20:04:41 009] tts        527  0  nil  1  
[2025/08/10 20:04:41 009] tts        657  TTS_MSG_GETAUDIO  0  
[2025/08/10 20:04:41 010] tts        485  get audio|use local  
[2025/08/10 20:04:41 010] tts        527  0  nil  1  
[2025/08/10 20:04:41 010] tts        657  TTS_MSG_GETAUDIO  0  
[2025/08/10 20:04:41 010] tts        485  get audio|use local  
[2025/08/10 20:04:41 010] tts        527  0  nil  1  
[2025/08/10 20:04:41 011] tts        657  TTS_MSG_GETAUDIO  0  
[2025/08/10 20:04:41 011] tts        485  get audio|use local  
[2025/08/10 20:04:41 011] tts        527  0  nil  1  
[2025/08/10 20:04:41 012] tts        657  TTS_MSG_GETAUDIO  0  
[2025/08/10 20:04:41 012] tts        485  get audio|use local  
[2025/08/10 20:04:41 012] tts        527  0  nil  1  
[2025/08/10 20:04:41 012] tts        657  TTS_MSG_GETAUDIO  0  
[2025/08/10 20:04:41 012] tts        485  get audio|use local  
[2025/08/10 20:04:41 013] tts        527  0  nil  1  
[2025/08/10 20:04:41 022] tts        657  TTS_MSG_GETAUDIO  0  
[2025/08/10 20:04:41 022] tts        485  get audio|use local  
[2025/08/10 20:04:41 022] tts        527  0  nil  1  
[2025/08/10 20:04:41 022] tts        657  TTS_MSG_GETAUDIO  0  
[2025/08/10 20:04:41 022] tts        485  get audio|use local  
[2025/08/10 20:04:41 023] tts        527  0  nil  1  
[2025/08/10 20:04:41 023] tts        657  TTS_MSG_GETAUDIO  0  
[2025/08/10 20:04:41 023] tts        485  get audio|use local  
[2025/08/10 20:04:41 023] tts        527  0  nil  1  
[2025/08/10 20:04:41 024] tts        657  TTS_MSG_GETAUDIO  0  
[2025/08/10 20:04:41 024] tts        485  get audio|use local  
[2025/08/10 20:04:41 024] tts        527  0  nil  1  
[2025/08/10 20:04:41 025] tts        657  TTS_MSG_GETAUDIO  0  
[2025/08/10 20:04:41 025] tts        485  get audio|use local  
[2025/08/10 20:04:41 025] tts        527  0  nil  1  
[2025/08/10 20:04:41 025] tts        657  TTS_MSG_GETAUDIO  0  
[2025/08/10 20:04:41 026] tts        485  get audio|use local  
[2025/08/10 20:04:41 026] tts        527  0  nil  1  
[2025/08/10 20:04:41 026] tts        657  TTS_MSG_GETAUDIO  0  
[2025/08/10 20:04:41 026] tts        485  get audio|use local  
[2025/08/10 20:04:41 026] tts        527  0  nil  1  
[2025/08/10 20:04:41 027] tts        657  TTS_MSG_GETAUDIO  0  
[2025/08/10 20:04:41 027] tts        485  get audio|use local  
[2025/08/10 20:04:41 027] tts        527  0  nil  1  
[2025/08/10 20:04:41 028] tts        657  TTS_MSG_GETAUDIO  0  
[2025/08/10 20:04:41 028] tts        485  get audio|use local  
[2025/08/10 20:04:41 028] tts        527  0  nil  1  
[2025/08/10 20:04:41 030] tts        657  TTS_MSG_GETAUDIO  0  
[2025/08/10 20:04:41 030] tts        485  get audio|use local  
[2025/08/10 20:04:41 030] tts        527  0  nil  1  
[2025/08/10 20:04:41 031] tts        657  TTS_MSG_GETAUDIO  0  
[2025/08/10 20:04:41 031] tts        485  get audio|use local  
[2025/08/10 20:04:41 031] tts        527  0  nil  1  
[2025/08/10 20:04:41 032] tts        657  TTS_MSG_GETAUDIO  0  
[2025/08/10 20:04:41 032] tts        485  get audio|use local  
[2025/08/10 20:04:41 032] tts        527  0  nil  1  
[2025/08/10 20:04:41 033] tts        657  TTS_MSG_GETAUDIO  0  
[2025/08/10 20:04:41 033] tts        485  get audio|use local  
[2025/08/10 20:04:41 033] tts        527  0  nil  1  
[2025/08/10 20:04:41 034] tts        657  TTS_MSG_GETAUDIO  0  
[2025/08/10 20:04:41 034] tts        485  get audio|use local  
[2025/08/10 20:04:41 034] tts        527  0  nil  1  
[2025/08/10 20:04:41 036] tts        657  TTS_MSG_GETAUDIO  0  
[2025/08/10 20:04:41 036] tts        485  get audio|use local  
[2025/08/10 20:04:41 036] tts        527  0  nil  1  
[2025/08/10 20:04:41 037] tts        657  TTS_MSG_GETAUDIO  0  
[2025/08/10 20:04:41 037] tts        485  get audio|use local  
[2025/08/10 20:04:41 037] tts        527  0  nil  1  
[2025/08/10 20:04:41 038] tts        657  TTS_MSG_GETAUDIO  0  
[2025/08/10 20:04:41 038] tts        485  get audio|use local  
[2025/08/10 20:04:41 038] tts        527  0  nil  1  
[2025/08/10 20:04:41 039] tts        657  TTS_MSG_GETAUDIO  0  
[2025/08/10 20:04:41 040] tts        485  get audio|use local  
[2025/08/10 20:04:41 040] tts        527  0  nil  1  
[2025/08/10 20:04:41 041] tts        657  TTS_MSG_GETAUDIO  0  
[2025/08/10 20:04:41 041] tts        485  get audio|use local  
[2025/08/10 20:04:41 042] tts        527  0  nil  1  
[2025/08/10 20:04:41 042] tts        657  TTS_MSG_GETAUDIO  0  
[2025/08/10 20:04:41 042] tts        485  get audio|use local  
[2025/08/10 20:04:41 042] tts        527  0  nil  1  
[2025/08/10 20:04:41 061] tts        299  TTS_LOCAL_CB_BEGIN  
[2025/08/10 20:04:41 064] tts        657  TTS_MSG_GETAUDIO  0  
[2025/08/10 20:04:41 064] tts        485  get audio|use local  
[2025/08/10 20:04:41 064] tts        498  local audiolen:  2042  ,ced:  14  
[2025/08/10 20:04:41 064] tts        527  0  udata(7c06abc8) 1  
[2025/08/10 20:04:41 065] tts        657  TTS_MSG_GETAUDIO  0  
[2025/08/10 20:04:41 065] tts        485  get audio|use local  
[2025/08/10 20:04:41 065] tts        498  local audiolen:  2016  ,ced:  14  
[2025/08/10 20:04:41 065] tts        527  0  udata(7c07cdf8) 1  
[2025/08/10 20:04:41 066] tts        657  TTS_MSG_GETAUDIO  0  
[2025/08/10 20:04:41 066] tts        485  get audio|use local  
[2025/08/10 20:04:41 066] tts        498  local audiolen:  1964  ,ced:  14  
[2025/08/10 20:04:41 066] tts        527  0  udata(7c07e628) 1  
[2025/08/10 20:04:41 067] tts        657  TTS_MSG_GETAUDIO  0  
[2025/08/10 20:04:41 067] tts        485  get audio|use local  
[2025/08/10 20:04:41 067] tts        498  local audiolen:  1916  ,ced:  14  
[2025/08/10 20:04:41 067] tts        527  0  udata(7c07e678) 1  
[2025/08/10 20:04:41 068] tts        657  TTS_MSG_GETAUDIO  0  
[2025/08/10 20:04:41 068] tts        485  get audio|use local  
[2025/08/10 20:04:41 068] tts        498  local audiolen:  2018  ,ced:  14  
[2025/08/10 20:04:41 068] tts        527  0  udata(7c07de68) 1  
[2025/08/10 20:04:41 076] tts        657  TTS_MSG_GETAUDIO  0  
[2025/08/10 20:04:41 077] tts        485  get audio|use local  
[2025/08/10 20:04:41 077] tts        498  local audiolen:  2008  ,ced:  14  
[2025/08/10 20:04:41 077] tts        527  0  udata(7c07e458) 1  
[2025/08/10 20:04:41 077] tts        657  TTS_MSG_GETAUDIO  0  
[2025/08/10 20:04:41 077] tts        485  get audio|use local  
[2025/08/10 20:04:41 078] tts        498  local audiolen:  2046  ,ced:  14  
[2025/08/10 20:04:41 078] tts        527  0  udata(7c07e4a8) 1  
[2025/08/10 20:04:41 078] tts        657  TTS_MSG_GETAUDIO  0  
[2025/08/10 20:04:41 078] tts        485  get audio|use local  
[2025/08/10 20:04:41 079] tts        498  local audiolen:  1972  ,ced:  14  
[2025/08/10 20:04:41 079] tts        527  0  udata(7c07e4f8) 1  
[2025/08/10 20:04:41 079] tts        657  TTS_MSG_GETAUDIO  0  
[2025/08/10 20:04:41 079] tts        485  get audio|use local  
[2025/08/10 20:04:41 079] tts        498  local audiolen:  1934  ,ced:  14  
[2025/08/10 20:04:41 080] tts        527  0  udata(7c07e548) 1  
[2025/08/10 20:04:41 080] tts        657  TTS_MSG_GETAUDIO  0  
[2025/08/10 20:04:41 080] tts        485  get audio|use local  
[2025/08/10 20:04:41 080] tts        498  local audiolen:  2018  ,ced:  14  
[2025/08/10 20:04:41 080] tts        527  0  udata(7c07e598) 1  
[2025/08/10 20:04:41 081] tts        657  TTS_MSG_GETAUDIO  0  
[2025/08/10 20:04:41 081] tts        485  get audio|use local  
[2025/08/10 20:04:41 081] tts        498  local audiolen:  2040  ,ced:  14  
[2025/08/10 20:04:41 081] tts        527  0  udata(7c07eed8) 1  
[2025/08/10 20:04:41 082] tts        657  TTS_MSG_GETAUDIO  0  
[2025/08/10 20:04:41 082] tts        485  get audio|use local  
[2025/08/10 20:04:41 082] tts        498  local audiolen:  1958  ,ced:  14  
[2025/08/10 20:04:41 082] tts        527  0  udata(7c07ee88) 1  
[2025/08/10 20:04:41 083] tts        657  TTS_MSG_GETAUDIO  0  
[2025/08/10 20:04:41 083] tts        485  get audio|use local  
[2025/08/10 20:04:41 083] tts        498  local audiolen:  1998  ,ced:  14  
[2025/08/10 20:04:41 083] tts        527  0  udata(7c07f708) 1  
[2025/08/10 20:04:41 084] tts        657  TTS_MSG_GETAUDIO  0  
[2025/08/10 20:04:41 084] tts        485  get audio|use local  
[2025/08/10 20:04:41 084] tts        498  local audiolen:  2016  ,ced:  14  
[2025/08/10 20:04:41 084] tts        527  0  udata(7c07f758) 1  
[2025/08/10 20:04:41 085] tts        657  TTS_MSG_GETAUDIO  0  
[2025/08/10 20:04:41 085] tts        485  get audio|use local  
[2025/08/10 20:04:41 085] tts        498  local audiolen:  2014  ,ced:  14  
[2025/08/10 20:04:41 085] tts        527  0  udata(7c07f7a8) 1  
[2025/08/10 20:04:41 086] tts        657  TTS_MSG_GETAUDIO  0  
[2025/08/10 20:04:41 086] tts        485  get audio|use local  
[2025/08/10 20:04:41 086] tts        527  0  nil  1  
[2025/08/10 20:04:41 086] tts        657  TTS_MSG_GETAUDIO  0  
[2025/08/10 20:04:41 086] tts        485  get audio|use local  
[2025/08/10 20:04:41 087] tts        527  0  nil  1  
[2025/08/10 20:04:41 087] tts        657  TTS_MSG_GETAUDIO  0  
[2025/08/10 20:04:41 087] tts        485  get audio|use local  
[2025/08/10 20:04:41 087] tts        527  0  nil  1  
[2025/08/10 20:04:41 088] tts        657  TTS_MSG_GETAUDIO  0  
[2025/08/10 20:04:41 088] tts        485  get audio|use local  
[2025/08/10 20:04:41 089] tts        527  0  nil  1  
[2025/08/10 20:04:41 091] tts        657  TTS_MSG_GETAUDIO  0  
[2025/08/10 20:04:41 091] tts        485  get audio|use local  
[2025/08/10 20:04:41 091] tts        498  local audiolen:  1938  ,ced:  14  
[2025/08/10 20:04:41 091] tts        527  0  udata(7c07f9f8) 1  
[2025/08/10 20:04:41 093] tts        657  TTS_MSG_GETAUDIO  0  
[2025/08/10 20:04:41 094] tts        485  get audio|use local  
[2025/08/10 20:04:41 095] tts        498  local audiolen:  1992  ,ced:  14  
[2025/08/10 20:04:41 095] tts        527  0  udata(7c07fb48) 1  
[2025/08/10 20:04:41 098] tts        657  TTS_MSG_GETAUDIO  0  
[2025/08/10 20:04:41 098] tts        485  get audio|use local  
[2025/08/10 20:04:41 098] tts        498  local audiolen:  2006  ,ced:  14  
[2025/08/10 20:04:41 098] tts        527  0  udata(7c07e928) 1  
[2025/08/10 20:04:41 099] tts        301  0  0  
[2025/08/10 20:04:41 099] tts        312  TTS_LOCAL_CB_END,  2  
[2025/08/10 20:04:41 100] tts        657  TTS_MSG_GETAUDIO  0  
[2025/08/10 20:04:41 100] tts        485  get audio|use local  
[2025/08/10 20:04:41 100] tts        498  local audiolen:  2024  ,ced:  14  
[2025/08/10 20:04:41 100] tts        527  0  udata(7c07eb18) 1  
[2025/08/10 20:04:41 100] tts        657  TTS_MSG_GETAUDIO  0  
[2025/08/10 20:04:41 101] tts        485  get audio|use local  
[2025/08/10 20:04:41 101] tts        498  local audiolen:  1902  ,ced:  14  
[2025/08/10 20:04:41 101] tts        527  0  udata(7c07f6a8) 1  
[2025/08/10 20:04:41 101] tts        657  TTS_MSG_GETAUDIO  0  
[2025/08/10 20:04:41 101] tts        485  get audio|use local  
[2025/08/10 20:04:41 101] tts        498  local audiolen:  1946  ,ced:  14  
[2025/08/10 20:04:41 102] tts        527  0  udata(7c07eb68) 1  
[2025/08/10 20:04:41 102] tts        657  TTS_MSG_GETAUDIO  0  
[2025/08/10 20:04:41 102] tts        485  get audio|use local  
[2025/08/10 20:04:41 102] tts        498  local audiolen:  1956  ,ced:  14  
[2025/08/10 20:04:41 102] tts        527  0  udata(7c07ebb8) 1  
[2025/08/10 20:04:41 103] tts        657  TTS_MSG_GETAUDIO  0  
[2025/08/10 20:04:41 103] tts        485  get audio|use local  
[2025/08/10 20:04:41 103] tts        498  local audiolen:  864  ,ced:  14  
[2025/08/10 20:04:41 103] tts        527  0  udata(7c07f298) 2  
[2025/08/10 20:04:41 104] tts        660  TTS_MSG_SSE  
[2025/08/10 20:04:41 105] tts        585  sse|use local  
[2025/08/10 20:04:41 124] tts        603  tts exit  
[2025/08/10 20:04:41 125] tts        667  SYS_MSG_UNLOAD  
