============================================================
Time  2025/08/10 20:33:05 179 
============================================================
[2025/08/10 20:33:05 179] tts        676  SYS_MSG_REGCB param0 =  msp_status_cb  param1 =  func(90014a30) 
[2025/08/10 20:33:05 182] config     43   use general cloud  
[2025/08/10 20:33:05 187] tts_cloud  1417 SYS_MSG_REGCB_CLOUD param0 =   msp_status_cb  param1 =  func(90014a30) 
[2025/08/10 20:33:05 188] tts        647  TTS_MSG_SSB  
[2025/08/10 20:33:05 188] tts        375  params =  engine_type = local,voice_name=xiaoyan, text_encoding = UTF8, tts_res_path = fo|res/tts/xiaoyan.jet;fo|res/tts/common.jet, sample_rate = 16000, speed = 50, volume = 80, pitch = 50, rdn = 2  
[2025/08/10 20:33:05 188] tts        412  ssb|use local  
[2025/08/10 20:33:05 188] tts        349  local_session_begin  
[2025/08/10 20:33:05 209] tts        654  TTS_MSG_SYN  0  
[2025/08/10 20:33:05 209] tts        451  synth|use local  
[2025/08/10 20:33:05 210] tts        657  TTS_MSG_GETAUDIO  0  
[2025/08/10 20:33:05 210] tts        485  get audio|use local  
[2025/08/10 20:33:05 210] tts        527  0  nil  1  
[2025/08/10 20:33:05 210] tts        657  TTS_MSG_GETAUDIO  0  
[2025/08/10 20:33:05 210] tts        485  get audio|use local  
[2025/08/10 20:33:05 210] tts        527  0  nil  1  
[2025/08/10 20:33:05 211] tts        657  TTS_MSG_GETAUDIO  0  
[2025/08/10 20:33:05 211] tts        485  get audio|use local  
[2025/08/10 20:33:05 211] tts        527  0  nil  1  
[2025/08/10 20:33:05 211] tts        657  TTS_MSG_GETAUDIO  0  
[2025/08/10 20:33:05 211] tts        485  get audio|use local  
[2025/08/10 20:33:05 211] tts        527  0  nil  1  
[2025/08/10 20:33:05 212] tts        657  TTS_MSG_GETAUDIO  0  
[2025/08/10 20:33:05 212] tts        485  get audio|use local  
[2025/08/10 20:33:05 212] tts        527  0  nil  1  
[2025/08/10 20:33:05 212] tts        657  TTS_MSG_GETAUDIO  0  
[2025/08/10 20:33:05 213] tts        485  get audio|use local  
[2025/08/10 20:33:05 213] tts        527  0  nil  1  
[2025/08/10 20:33:05 213] tts        657  TTS_MSG_GETAUDIO  0  
[2025/08/10 20:33:05 213] tts        485  get audio|use local  
[2025/08/10 20:33:05 213] tts        527  0  nil  1  
[2025/08/10 20:33:05 223] tts        657  TTS_MSG_GETAUDIO  0  
[2025/08/10 20:33:05 223] tts        485  get audio|use local  
[2025/08/10 20:33:05 224] tts        527  0  nil  1  
[2025/08/10 20:33:05 224] tts        657  TTS_MSG_GETAUDIO  0  
[2025/08/10 20:33:05 224] tts        485  get audio|use local  
[2025/08/10 20:33:05 224] tts        527  0  nil  1  
[2025/08/10 20:33:05 224] tts        657  TTS_MSG_GETAUDIO  0  
[2025/08/10 20:33:05 225] tts        485  get audio|use local  
[2025/08/10 20:33:05 225] tts        527  0  nil  1  
[2025/08/10 20:33:05 225] tts        657  TTS_MSG_GETAUDIO  0  
[2025/08/10 20:33:05 225] tts        485  get audio|use local  
[2025/08/10 20:33:05 225] tts        527  0  nil  1  
[2025/08/10 20:33:05 226] tts        657  TTS_MSG_GETAUDIO  0  
[2025/08/10 20:33:05 226] tts        485  get audio|use local  
[2025/08/10 20:33:05 226] tts        527  0  nil  1  
[2025/08/10 20:33:05 226] tts        657  TTS_MSG_GETAUDIO  0  
[2025/08/10 20:33:05 226] tts        485  get audio|use local  
[2025/08/10 20:33:05 226] tts        527  0  nil  1  
[2025/08/10 20:33:05 227] tts        657  TTS_MSG_GETAUDIO  0  
[2025/08/10 20:33:05 227] tts        485  get audio|use local  
[2025/08/10 20:33:05 227] tts        527  0  nil  1  
[2025/08/10 20:33:05 227] tts        657  TTS_MSG_GETAUDIO  0  
[2025/08/10 20:33:05 227] tts        485  get audio|use local  
[2025/08/10 20:33:05 227] tts        527  0  nil  1  
[2025/08/10 20:33:05 228] tts        657  TTS_MSG_GETAUDIO  0  
[2025/08/10 20:33:05 228] tts        485  get audio|use local  
[2025/08/10 20:33:05 228] tts        527  0  nil  1  
[2025/08/10 20:33:05 228] tts        657  TTS_MSG_GETAUDIO  0  
[2025/08/10 20:33:05 228] tts        485  get audio|use local  
[2025/08/10 20:33:05 228] tts        527  0  nil  1  
[2025/08/10 20:33:05 229] tts        657  TTS_MSG_GETAUDIO  0  
[2025/08/10 20:33:05 229] tts        485  get audio|use local  
[2025/08/10 20:33:05 229] tts        527  0  nil  1  
[2025/08/10 20:33:05 229] tts        657  TTS_MSG_GETAUDIO  0  
[2025/08/10 20:33:05 229] tts        485  get audio|use local  
[2025/08/10 20:33:05 229] tts        527  0  nil  1  
[2025/08/10 20:33:05 230] tts        657  TTS_MSG_GETAUDIO  0  
[2025/08/10 20:33:05 230] tts        485  get audio|use local  
[2025/08/10 20:33:05 230] tts        527  0  nil  1  
[2025/08/10 20:33:05 230] tts        657  TTS_MSG_GETAUDIO  0  
[2025/08/10 20:33:05 230] tts        485  get audio|use local  
[2025/08/10 20:33:05 230] tts        527  0  nil  1  
[2025/08/10 20:33:05 231] tts        657  TTS_MSG_GETAUDIO  0  
[2025/08/10 20:33:05 231] tts        485  get audio|use local  
[2025/08/10 20:33:05 231] tts        527  0  nil  1  
[2025/08/10 20:33:05 231] tts        657  TTS_MSG_GETAUDIO  0  
[2025/08/10 20:33:05 232] tts        485  get audio|use local  
[2025/08/10 20:33:05 232] tts        527  0  nil  1  
[2025/08/10 20:33:05 232] tts        657  TTS_MSG_GETAUDIO  0  
[2025/08/10 20:33:05 232] tts        485  get audio|use local  
[2025/08/10 20:33:05 232] tts        527  0  nil  1  
[2025/08/10 20:33:05 233] tts        657  TTS_MSG_GETAUDIO  0  
[2025/08/10 20:33:05 233] tts        485  get audio|use local  
[2025/08/10 20:33:05 233] tts        527  0  nil  1  
[2025/08/10 20:33:05 233] tts        657  TTS_MSG_GETAUDIO  0  
[2025/08/10 20:33:05 233] tts        485  get audio|use local  
[2025/08/10 20:33:05 233] tts        527  0  nil  1  
[2025/08/10 20:33:05 234] tts        657  TTS_MSG_GETAUDIO  0  
[2025/08/10 20:33:05 234] tts        485  get audio|use local  
[2025/08/10 20:33:05 234] tts        527  0  nil  1  
[2025/08/10 20:33:05 235] tts        657  TTS_MSG_GETAUDIO  0  
[2025/08/10 20:33:05 235] tts        485  get audio|use local  
[2025/08/10 20:33:05 235] tts        527  0  nil  1  
[2025/08/10 20:33:05 236] tts        657  TTS_MSG_GETAUDIO  0  
[2025/08/10 20:33:05 236] tts        485  get audio|use local  
[2025/08/10 20:33:05 236] tts        527  0  nil  1  
[2025/08/10 20:33:05 237] tts        657  TTS_MSG_GETAUDIO  0  
[2025/08/10 20:33:05 237] tts        485  get audio|use local  
[2025/08/10 20:33:05 237] tts        527  0  nil  1  
[2025/08/10 20:33:05 238] tts        657  TTS_MSG_GETAUDIO  0  
[2025/08/10 20:33:05 238] tts        485  get audio|use local  
[2025/08/10 20:33:05 238] tts        527  0  nil  1  
[2025/08/10 20:33:05 239] tts        657  TTS_MSG_GETAUDIO  0  
[2025/08/10 20:33:05 239] tts        485  get audio|use local  
[2025/08/10 20:33:05 239] tts        527  0  nil  1  
[2025/08/10 20:33:05 240] tts        657  TTS_MSG_GETAUDIO  0  
[2025/08/10 20:33:05 240] tts        485  get audio|use local  
[2025/08/10 20:33:05 240] tts        527  0  nil  1  
[2025/08/10 20:33:05 271] tts        657  TTS_MSG_GETAUDIO  0  
[2025/08/10 20:33:05 271] tts        485  get audio|use local  
[2025/08/10 20:33:05 271] tts        527  0  nil  1  
[2025/08/10 20:33:05 271] tts        657  TTS_MSG_GETAUDIO  0  
[2025/08/10 20:33:05 272] tts        485  get audio|use local  
[2025/08/10 20:33:05 272] tts        527  0  nil  1  
[2025/08/10 20:33:05 272] tts        657  TTS_MSG_GETAUDIO  0  
[2025/08/10 20:33:05 272] tts        485  get audio|use local  
[2025/08/10 20:33:05 272] tts        527  0  nil  1  
[2025/08/10 20:33:05 273] tts        657  TTS_MSG_GETAUDIO  0  
[2025/08/10 20:33:05 273] tts        485  get audio|use local  
[2025/08/10 20:33:05 273] tts        527  0  nil  1  
[2025/08/10 20:33:05 273] tts        657  TTS_MSG_GETAUDIO  0  
[2025/08/10 20:33:05 273] tts        485  get audio|use local  
[2025/08/10 20:33:05 274] tts        527  0  nil  1  
[2025/08/10 20:33:05 274] tts        657  TTS_MSG_GETAUDIO  0  
[2025/08/10 20:33:05 274] tts        485  get audio|use local  
[2025/08/10 20:33:05 274] tts        527  0  nil  1  
[2025/08/10 20:33:05 275] tts        657  TTS_MSG_GETAUDIO  0  
[2025/08/10 20:33:05 275] tts        485  get audio|use local  
[2025/08/10 20:33:05 275] tts        527  0  nil  1  
[2025/08/10 20:33:05 276] tts        657  TTS_MSG_GETAUDIO  0  
[2025/08/10 20:33:05 276] tts        485  get audio|use local  
[2025/08/10 20:33:05 276] tts        527  0  nil  1  
[2025/08/10 20:33:05 277] tts        657  TTS_MSG_GETAUDIO  0  
[2025/08/10 20:33:05 277] tts        485  get audio|use local  
[2025/08/10 20:33:05 277] tts        527  0  nil  1  
[2025/08/10 20:33:05 278] tts        657  TTS_MSG_GETAUDIO  0  
[2025/08/10 20:33:05 278] tts        485  get audio|use local  
[2025/08/10 20:33:05 278] tts        527  0  nil  1  
[2025/08/10 20:33:05 287] tts        657  TTS_MSG_GETAUDIO  0  
[2025/08/10 20:33:05 288] tts        485  get audio|use local  
[2025/08/10 20:33:05 288] tts        527  0  nil  1  
[2025/08/10 20:33:05 288] tts        657  TTS_MSG_GETAUDIO  0  
[2025/08/10 20:33:05 289] tts        485  get audio|use local  
[2025/08/10 20:33:05 289] tts        527  0  nil  1  
[2025/08/10 20:33:05 289] tts        657  TTS_MSG_GETAUDIO  0  
[2025/08/10 20:33:05 289] tts        485  get audio|use local  
[2025/08/10 20:33:05 290] tts        527  0  nil  1  
[2025/08/10 20:33:05 290] tts        657  TTS_MSG_GETAUDIO  0  
[2025/08/10 20:33:05 290] tts        485  get audio|use local  
[2025/08/10 20:33:05 291] tts        527  0  nil  1  
[2025/08/10 20:33:05 291] tts        657  TTS_MSG_GETAUDIO  0  
[2025/08/10 20:33:05 291] tts        485  get audio|use local  
[2025/08/10 20:33:05 292] tts        527  0  nil  1  
[2025/08/10 20:33:05 292] tts        657  TTS_MSG_GETAUDIO  0  
[2025/08/10 20:33:05 292] tts        485  get audio|use local  
[2025/08/10 20:33:05 293] tts        527  0  nil  1  
[2025/08/10 20:33:05 294] tts        657  TTS_MSG_GETAUDIO  0  
[2025/08/10 20:33:05 294] tts        485  get audio|use local  
[2025/08/10 20:33:05 294] tts        527  0  nil  1  
[2025/08/10 20:33:05 295] tts        657  TTS_MSG_GETAUDIO  0  
[2025/08/10 20:33:05 295] tts        485  get audio|use local  
[2025/08/10 20:33:05 295] tts        527  0  nil  1  
[2025/08/10 20:33:05 296] tts        657  TTS_MSG_GETAUDIO  0  
[2025/08/10 20:33:05 297] tts        485  get audio|use local  
[2025/08/10 20:33:05 297] tts        527  0  nil  1  
[2025/08/10 20:33:05 299] tts        657  TTS_MSG_GETAUDIO  0  
[2025/08/10 20:33:05 299] tts        485  get audio|use local  
[2025/08/10 20:33:05 299] tts        527  0  nil  1  
[2025/08/10 20:33:05 301] tts        657  TTS_MSG_GETAUDIO  0  
[2025/08/10 20:33:05 301] tts        485  get audio|use local  
[2025/08/10 20:33:05 301] tts        527  0  nil  1  
[2025/08/10 20:33:05 302] tts        657  TTS_MSG_GETAUDIO  0  
[2025/08/10 20:33:05 303] tts        485  get audio|use local  
[2025/08/10 20:33:05 303] tts        527  0  nil  1  
[2025/08/10 20:33:05 303] tts        657  TTS_MSG_GETAUDIO  0  
[2025/08/10 20:33:05 303] tts        485  get audio|use local  
[2025/08/10 20:33:05 304] tts        527  0  nil  1  
[2025/08/10 20:33:05 304] tts        657  TTS_MSG_GETAUDIO  0  
[2025/08/10 20:33:05 305] tts        485  get audio|use local  
[2025/08/10 20:33:05 305] tts        527  0  nil  1  
[2025/08/10 20:33:05 306] tts        657  TTS_MSG_GETAUDIO  0  
[2025/08/10 20:33:05 306] tts        485  get audio|use local  
[2025/08/10 20:33:05 306] tts        527  0  nil  1  
[2025/08/10 20:33:05 311] tts        657  TTS_MSG_GETAUDIO  0  
[2025/08/10 20:33:05 311] tts        485  get audio|use local  
[2025/08/10 20:33:05 311] tts        527  0  nil  1  
[2025/08/10 20:33:05 312] tts        657  TTS_MSG_GETAUDIO  0  
[2025/08/10 20:33:05 312] tts        485  get audio|use local  
[2025/08/10 20:33:05 312] tts        527  0  nil  1  
[2025/08/10 20:33:05 316] tts        657  TTS_MSG_GETAUDIO  0  
[2025/08/10 20:33:05 316] tts        485  get audio|use local  
[2025/08/10 20:33:05 316] tts        527  0  nil  1  
[2025/08/10 20:33:05 317] tts        657  TTS_MSG_GETAUDIO  0  
[2025/08/10 20:33:05 317] tts        485  get audio|use local  
[2025/08/10 20:33:05 317] tts        527  0  nil  1  
[2025/08/10 20:33:05 318] tts        657  TTS_MSG_GETAUDIO  0  
[2025/08/10 20:33:05 318] tts        485  get audio|use local  
[2025/08/10 20:33:05 318] tts        527  0  nil  1  
[2025/08/10 20:33:05 318] tts        657  TTS_MSG_GETAUDIO  0  
[2025/08/10 20:33:05 318] tts        485  get audio|use local  
[2025/08/10 20:33:05 318] tts        527  0  nil  1  
[2025/08/10 20:33:05 319] tts        657  TTS_MSG_GETAUDIO  0  
[2025/08/10 20:33:05 319] tts        485  get audio|use local  
[2025/08/10 20:33:05 319] tts        527  0  nil  1  
[2025/08/10 20:33:05 320] tts        657  TTS_MSG_GETAUDIO  0  
[2025/08/10 20:33:05 321] tts        485  get audio|use local  
[2025/08/10 20:33:05 321] tts        527  0  nil  1  
[2025/08/10 20:33:05 322] tts        657  TTS_MSG_GETAUDIO  0  
[2025/08/10 20:33:05 322] tts        485  get audio|use local  
[2025/08/10 20:33:05 323] tts        527  0  nil  1  
[2025/08/10 20:33:05 324] tts        657  TTS_MSG_GETAUDIO  0  
[2025/08/10 20:33:05 324] tts        485  get audio|use local  
[2025/08/10 20:33:05 324] tts        527  0  nil  1  
[2025/08/10 20:33:05 325] tts        657  TTS_MSG_GETAUDIO  0  
[2025/08/10 20:33:05 325] tts        485  get audio|use local  
[2025/08/10 20:33:05 326] tts        527  0  nil  1  
[2025/08/10 20:33:05 326] tts        657  TTS_MSG_GETAUDIO  0  
[2025/08/10 20:33:05 326] tts        485  get audio|use local  
[2025/08/10 20:33:05 327] tts        527  0  nil  1  
[2025/08/10 20:33:05 328] tts        657  TTS_MSG_GETAUDIO  0  
[2025/08/10 20:33:05 328] tts        485  get audio|use local  
[2025/08/10 20:33:05 328] tts        527  0  nil  1  
[2025/08/10 20:33:05 329] tts        657  TTS_MSG_GETAUDIO  0  
[2025/08/10 20:33:05 329] tts        485  get audio|use local  
[2025/08/10 20:33:05 329] tts        527  0  nil  1  
[2025/08/10 20:33:05 330] tts        657  TTS_MSG_GETAUDIO  0  
[2025/08/10 20:33:05 330] tts        485  get audio|use local  
[2025/08/10 20:33:05 331] tts        527  0  nil  1  
[2025/08/10 20:33:05 331] tts        657  TTS_MSG_GETAUDIO  0  
[2025/08/10 20:33:05 331] tts        485  get audio|use local  
[2025/08/10 20:33:05 331] tts        527  0  nil  1  
[2025/08/10 20:33:05 332] tts        657  TTS_MSG_GETAUDIO  0  
[2025/08/10 20:33:05 333] tts        485  get audio|use local  
[2025/08/10 20:33:05 333] tts        527  0  nil  1  
[2025/08/10 20:33:05 333] tts        657  TTS_MSG_GETAUDIO  0  
[2025/08/10 20:33:05 334] tts        485  get audio|use local  
[2025/08/10 20:33:05 334] tts        527  0  nil  1  
[2025/08/10 20:33:05 334] tts        657  TTS_MSG_GETAUDIO  0  
[2025/08/10 20:33:05 334] tts        485  get audio|use local  
[2025/08/10 20:33:05 334] tts        527  0  nil  1  
[2025/08/10 20:33:05 335] tts        657  TTS_MSG_GETAUDIO  0  
[2025/08/10 20:33:05 335] tts        485  get audio|use local  
[2025/08/10 20:33:05 336] tts        527  0  nil  1  
[2025/08/10 20:33:05 336] tts        657  TTS_MSG_GETAUDIO  0  
[2025/08/10 20:33:05 336] tts        485  get audio|use local  
[2025/08/10 20:33:05 337] tts        527  0  nil  1  
[2025/08/10 20:33:05 337] tts        657  TTS_MSG_GETAUDIO  0  
[2025/08/10 20:33:05 337] tts        485  get audio|use local  
[2025/08/10 20:33:05 337] tts        527  0  nil  1  
[2025/08/10 20:33:05 338] tts        657  TTS_MSG_GETAUDIO  0  
[2025/08/10 20:33:05 338] tts        485  get audio|use local  
[2025/08/10 20:33:05 338] tts        527  0  nil  1  
[2025/08/10 20:33:05 339] tts        657  TTS_MSG_GETAUDIO  0  
[2025/08/10 20:33:05 339] tts        485  get audio|use local  
[2025/08/10 20:33:05 339] tts        527  0  nil  1  
[2025/08/10 20:33:05 340] tts        657  TTS_MSG_GETAUDIO  0  
[2025/08/10 20:33:05 340] tts        485  get audio|use local  
[2025/08/10 20:33:05 340] tts        527  0  nil  1  
[2025/08/10 20:33:05 341] tts        657  TTS_MSG_GETAUDIO  0  
[2025/08/10 20:33:05 341] tts        485  get audio|use local  
[2025/08/10 20:33:05 341] tts        527  0  nil  1  
[2025/08/10 20:33:05 342] tts        657  TTS_MSG_GETAUDIO  0  
[2025/08/10 20:33:05 343] tts        485  get audio|use local  
[2025/08/10 20:33:05 343] tts        527  0  nil  1  
[2025/08/10 20:33:05 343] tts        657  TTS_MSG_GETAUDIO  0  
[2025/08/10 20:33:05 343] tts        485  get audio|use local  
[2025/08/10 20:33:05 343] tts        527  0  nil  1  
[2025/08/10 20:33:05 345] tts        657  TTS_MSG_GETAUDIO  0  
[2025/08/10 20:33:05 345] tts        485  get audio|use local  
[2025/08/10 20:33:05 345] tts        527  0  nil  1  
[2025/08/10 20:33:05 346] tts        657  TTS_MSG_GETAUDIO  0  
[2025/08/10 20:33:05 346] tts        485  get audio|use local  
[2025/08/10 20:33:05 346] tts        527  0  nil  1  
[2025/08/10 20:33:05 347] tts        657  TTS_MSG_GETAUDIO  0  
[2025/08/10 20:33:05 347] tts        485  get audio|use local  
[2025/08/10 20:33:05 347] tts        527  0  nil  1  
[2025/08/10 20:33:05 347] tts        657  TTS_MSG_GETAUDIO  0  
[2025/08/10 20:33:05 348] tts        485  get audio|use local  
[2025/08/10 20:33:05 348] tts        527  0  nil  1  
[2025/08/10 20:33:05 349] tts        657  TTS_MSG_GETAUDIO  0  
[2025/08/10 20:33:05 349] tts        485  get audio|use local  
[2025/08/10 20:33:05 349] tts        527  0  nil  1  
[2025/08/10 20:33:05 350] tts        657  TTS_MSG_GETAUDIO  0  
[2025/08/10 20:33:05 350] tts        485  get audio|use local  
[2025/08/10 20:33:05 350] tts        527  0  nil  1  
[2025/08/10 20:33:05 351] tts        657  TTS_MSG_GETAUDIO  0  
[2025/08/10 20:33:05 351] tts        485  get audio|use local  
[2025/08/10 20:33:05 351] tts        527  0  nil  1  
[2025/08/10 20:33:05 352] tts        657  TTS_MSG_GETAUDIO  0  
[2025/08/10 20:33:05 352] tts        485  get audio|use local  
[2025/08/10 20:33:05 352] tts        527  0  nil  1  
[2025/08/10 20:33:05 355] tts        657  TTS_MSG_GETAUDIO  0  
[2025/08/10 20:33:05 355] tts        485  get audio|use local  
[2025/08/10 20:33:05 355] tts        527  0  nil  1  
[2025/08/10 20:33:05 356] tts        657  TTS_MSG_GETAUDIO  0  
[2025/08/10 20:33:05 356] tts        485  get audio|use local  
[2025/08/10 20:33:05 356] tts        527  0  nil  1  
[2025/08/10 20:33:05 357] tts        299  TTS_LOCAL_CB_BEGIN  
[2025/08/10 20:33:05 358] tts        657  TTS_MSG_GETAUDIO  0  
[2025/08/10 20:33:05 358] tts        485  get audio|use local  
[2025/08/10 20:33:05 359] tts        527  0  nil  1  
[2025/08/10 20:33:05 361] tts        657  TTS_MSG_GETAUDIO  0  
[2025/08/10 20:33:05 361] tts        485  get audio|use local  
[2025/08/10 20:33:05 361] tts        498  local audiolen:  2042  ,ced:  15  
[2025/08/10 20:33:05 362] tts        527  0  udata(900881f8) 1  
[2025/08/10 20:33:05 364] tts        657  TTS_MSG_GETAUDIO  0  
[2025/08/10 20:33:05 364] tts        485  get audio|use local  
[2025/08/10 20:33:05 364] tts        498  local audiolen:  2016  ,ced:  15  
[2025/08/10 20:33:05 365] tts        527  0  udata(9007cc18) 1  
[2025/08/10 20:33:05 367] tts        657  TTS_MSG_GETAUDIO  0  
[2025/08/10 20:33:05 367] tts        485  get audio|use local  
[2025/08/10 20:33:05 367] tts        498  local audiolen:  1964  ,ced:  15  
[2025/08/10 20:33:05 367] tts        527  0  udata(900881a8) 1  
[2025/08/10 20:33:05 373] tts        657  TTS_MSG_GETAUDIO  0  
[2025/08/10 20:33:05 373] tts        485  get audio|use local  
[2025/08/10 20:33:05 373] tts        498  local audiolen:  1916  ,ced:  15  
[2025/08/10 20:33:05 374] tts        527  0  udata(9007d768) 1  
[2025/08/10 20:33:05 375] tts        657  TTS_MSG_GETAUDIO  0  
[2025/08/10 20:33:05 375] tts        485  get audio|use local  
[2025/08/10 20:33:05 376] tts        498  local audiolen:  2018  ,ced:  15  
[2025/08/10 20:33:05 376] tts        527  0  udata(9007d8b8) 1  
[2025/08/10 20:33:05 378] tts        657  TTS_MSG_GETAUDIO  0  
[2025/08/10 20:33:05 379] tts        485  get audio|use local  
[2025/08/10 20:33:05 379] tts        498  local audiolen:  2008  ,ced:  15  
[2025/08/10 20:33:05 379] tts        527  0  udata(9007dd08) 1  
[2025/08/10 20:33:05 380] tts        657  TTS_MSG_GETAUDIO  0  
[2025/08/10 20:33:05 381] tts        485  get audio|use local  
[2025/08/10 20:33:05 381] tts        498  local audiolen:  2046  ,ced:  15  
[2025/08/10 20:33:05 381] tts        527  0  udata(9007def8) 1  
[2025/08/10 20:33:05 382] tts        657  TTS_MSG_GETAUDIO  0  
[2025/08/10 20:33:05 382] tts        485  get audio|use local  
[2025/08/10 20:33:05 382] tts        498  local audiolen:  1972  ,ced:  15  
[2025/08/10 20:33:05 382] tts        527  0  udata(90087b48) 1  
[2025/08/10 20:33:05 385] tts        657  TTS_MSG_GETAUDIO  0  
[2025/08/10 20:33:05 385] tts        485  get audio|use local  
[2025/08/10 20:33:05 385] tts        498  local audiolen:  1934  ,ced:  15  
[2025/08/10 20:33:05 385] tts        527  0  udata(90087c98) 1  
[2025/08/10 20:33:05 387] tts        657  TTS_MSG_GETAUDIO  0  
[2025/08/10 20:33:05 387] tts        485  get audio|use local  
[2025/08/10 20:33:05 387] tts        498  local audiolen:  2016  ,ced:  15  
[2025/08/10 20:33:05 387] tts        527  0  udata(90087ee8) 1  
[2025/08/10 20:33:05 388] tts        301  0  0  
[2025/08/10 20:33:05 388] tts        312  TTS_LOCAL_CB_END,  2  
[2025/08/10 20:33:05 388] tts        657  TTS_MSG_GETAUDIO  0  
[2025/08/10 20:33:05 388] tts        485  get audio|use local  
[2025/08/10 20:33:05 389] tts        498  local audiolen:  2036  ,ced:  15  
[2025/08/10 20:33:05 389] tts        527  0  udata(900880d8) 1  
[2025/08/10 20:33:05 391] tts        657  TTS_MSG_GETAUDIO  0  
[2025/08/10 20:33:05 391] tts        485  get audio|use local  
[2025/08/10 20:33:05 392] tts        498  local audiolen:  1944  ,ced:  15  
[2025/08/10 20:33:05 392] tts        527  0  udata(90088128) 1  
[2025/08/10 20:33:05 394] tts        657  TTS_MSG_GETAUDIO  0  
[2025/08/10 20:33:05 394] tts        485  get audio|use local  
[2025/08/10 20:33:05 394] tts        498  local audiolen:  1958  ,ced:  15  
[2025/08/10 20:33:05 395] tts        527  0  udata(9007e808) 1  
[2025/08/10 20:33:05 396] tts        657  TTS_MSG_GETAUDIO  0  
[2025/08/10 20:33:05 396] tts        485  get audio|use local  
[2025/08/10 20:33:05 396] tts        498  local audiolen:  2016  ,ced:  15  
[2025/08/10 20:33:05 396] tts        527  0  udata(9007f048) 1  
[2025/08/10 20:33:05 397] tts        657  TTS_MSG_GETAUDIO  0  
[2025/08/10 20:33:05 397] tts        485  get audio|use local  
[2025/08/10 20:33:05 397] tts        498  local audiolen:  2016  ,ced:  15  
[2025/08/10 20:33:05 397] tts        527  0  udata(9007f098) 1  
[2025/08/10 20:33:05 398] tts        657  TTS_MSG_GETAUDIO  0  
[2025/08/10 20:33:05 398] tts        485  get audio|use local  
[2025/08/10 20:33:05 398] tts        498  local audiolen:  1976  ,ced:  15  
[2025/08/10 20:33:05 398] tts        527  0  udata(9007f0e8) 1  
[2025/08/10 20:33:05 399] tts        657  TTS_MSG_GETAUDIO  0  
[2025/08/10 20:33:05 399] tts        485  get audio|use local  
[2025/08/10 20:33:05 399] tts        498  local audiolen:  1932  ,ced:  15  
[2025/08/10 20:33:05 399] tts        527  0  udata(9007f138) 1  
[2025/08/10 20:33:05 400] tts        657  TTS_MSG_GETAUDIO  0  
[2025/08/10 20:33:05 400] tts        485  get audio|use local  
[2025/08/10 20:33:05 400] tts        498  local audiolen:  2022  ,ced:  15  
[2025/08/10 20:33:05 400] tts        527  0  udata(9007f188) 1  
[2025/08/10 20:33:05 401] tts        657  TTS_MSG_GETAUDIO  0  
[2025/08/10 20:33:05 401] tts        485  get audio|use local  
[2025/08/10 20:33:05 401] tts        498  local audiolen:  1996  ,ced:  15  
[2025/08/10 20:33:05 402] tts        527  0  udata(9007f1d8) 1  
[2025/08/10 20:33:05 402] tts        657  TTS_MSG_GETAUDIO  0  
[2025/08/10 20:33:05 403] tts        485  get audio|use local  
[2025/08/10 20:33:05 403] tts        498  local audiolen:  2030  ,ced:  15  
[2025/08/10 20:33:05 403] tts        527  0  udata(9007f228) 1  
[2025/08/10 20:33:05 404] tts        657  TTS_MSG_GETAUDIO  0  
[2025/08/10 20:33:05 404] tts        485  get audio|use local  
[2025/08/10 20:33:05 404] tts        498  local audiolen:  2006  ,ced:  15  
[2025/08/10 20:33:05 404] tts        527  0  udata(9007f278) 1  
[2025/08/10 20:33:05 405] tts        657  TTS_MSG_GETAUDIO  0  
[2025/08/10 20:33:05 405] tts        485  get audio|use local  
[2025/08/10 20:33:05 405] tts        498  local audiolen:  2016  ,ced:  15  
[2025/08/10 20:33:05 405] tts        527  0  udata(9007f2c8) 1  
[2025/08/10 20:33:05 406] tts        657  TTS_MSG_GETAUDIO  0  
[2025/08/10 20:33:05 406] tts        485  get audio|use local  
[2025/08/10 20:33:05 406] tts        498  local audiolen:  2016  ,ced:  15  
[2025/08/10 20:33:05 406] tts        527  0  udata(9007f318) 1  
[2025/08/10 20:33:05 407] tts        657  TTS_MSG_GETAUDIO  0  
[2025/08/10 20:33:05 407] tts        485  get audio|use local  
[2025/08/10 20:33:05 407] tts        498  local audiolen:  960  ,ced:  15  
[2025/08/10 20:33:05 407] tts        527  0  udata(9007e418) 2  
[2025/08/10 20:33:05 409] tts        660  TTS_MSG_SSE  
[2025/08/10 20:33:05 411] tts        585  sse|use local  
[2025/08/10 20:33:05 413] tts        603  tts exit  
