============================================================
Time  2025/05/30 18:53:06 158 
============================================================
[2025/05/30 18:53:06 158] tts        676  SYS_MSG_REGCB param0 =  msp_status_cb  param1 =  func(94014a30) 
[2025/05/30 18:53:06 161] config     43   use general cloud  
[2025/05/30 18:53:06 167] tts_cloud  1417 SYS_MSG_REGCB_CLOUD param0 =   msp_status_cb  param1 =  func(94014a30) 
[2025/05/30 18:53:06 168] tts        647  TTS_MSG_SSB  
[2025/05/30 18:53:06 168] tts        375  params =  engine_type = local,voice_name=xiaoyan, text_encoding = UTF8, tts_res_path = fo|res/tts/xiaoyan.jet;fo|res/tts/common.jet, sample_rate = 16000, speed = 50, volume = 80, pitch = 50, rdn = 2  
[2025/05/30 18:53:06 168] tts        412  ssb|use local  
[2025/05/30 18:53:06 168] tts        349  local_session_begin  
[2025/05/30 18:53:06 175] tts        654  TTS_MSG_SYN  0  
[2025/05/30 18:53:06 176] tts        451  synth|use local  
[2025/05/30 18:53:06 177] tts        657  TTS_MSG_GETAUDIO  0  
[2025/05/30 18:53:06 177] tts        485  get audio|use local  
[2025/05/30 18:53:06 177] tts        527  0  nil  1  
[2025/05/30 18:53:06 180] tts        657  TTS_MSG_GETAUDIO  0  
[2025/05/30 18:53:06 180] tts        485  get audio|use local  
[2025/05/30 18:53:06 180] tts        527  0  nil  1  
[2025/05/30 18:53:06 181] tts        657  TTS_MSG_GETAUDIO  0  
[2025/05/30 18:53:06 181] tts        485  get audio|use local  
[2025/05/30 18:53:06 181] tts        527  0  nil  1  
[2025/05/30 18:53:06 182] tts        657  TTS_MSG_GETAUDIO  0  
[2025/05/30 18:53:06 182] tts        485  get audio|use local  
[2025/05/30 18:53:06 182] tts        527  0  nil  1  
[2025/05/30 18:53:06 183] tts        657  TTS_MSG_GETAUDIO  0  
[2025/05/30 18:53:06 183] tts        485  get audio|use local  
[2025/05/30 18:53:06 183] tts        527  0  nil  1  
[2025/05/30 18:53:06 184] tts        657  TTS_MSG_GETAUDIO  0  
[2025/05/30 18:53:06 184] tts        485  get audio|use local  
[2025/05/30 18:53:06 184] tts        527  0  nil  1  
[2025/05/30 18:53:06 185] tts        657  TTS_MSG_GETAUDIO  0  
[2025/05/30 18:53:06 185] tts        485  get audio|use local  
[2025/05/30 18:53:06 186] tts        527  0  nil  1  
[2025/05/30 18:53:06 186] tts        657  TTS_MSG_GETAUDIO  0  
[2025/05/30 18:53:06 187] tts        485  get audio|use local  
[2025/05/30 18:53:06 187] tts        527  0  nil  1  
[2025/05/30 18:53:06 188] tts        657  TTS_MSG_GETAUDIO  0  
[2025/05/30 18:53:06 188] tts        485  get audio|use local  
[2025/05/30 18:53:06 188] tts        527  0  nil  1  
[2025/05/30 18:53:06 189] tts        657  TTS_MSG_GETAUDIO  0  
[2025/05/30 18:53:06 189] tts        485  get audio|use local  
[2025/05/30 18:53:06 189] tts        527  0  nil  1  
[2025/05/30 18:53:06 190] tts        657  TTS_MSG_GETAUDIO  0  
[2025/05/30 18:53:06 190] tts        485  get audio|use local  
[2025/05/30 18:53:06 190] tts        527  0  nil  1  
[2025/05/30 18:53:06 191] tts        657  TTS_MSG_GETAUDIO  0  
[2025/05/30 18:53:06 191] tts        485  get audio|use local  
[2025/05/30 18:53:06 191] tts        527  0  nil  1  
[2025/05/30 18:53:06 192] tts        657  TTS_MSG_GETAUDIO  0  
[2025/05/30 18:53:06 192] tts        485  get audio|use local  
[2025/05/30 18:53:06 192] tts        527  0  nil  1  
[2025/05/30 18:53:06 193] tts        657  TTS_MSG_GETAUDIO  0  
[2025/05/30 18:53:06 193] tts        485  get audio|use local  
[2025/05/30 18:53:06 193] tts        527  0  nil  1  
[2025/05/30 18:53:06 194] tts        657  TTS_MSG_GETAUDIO  0  
[2025/05/30 18:53:06 194] tts        485  get audio|use local  
[2025/05/30 18:53:06 194] tts        527  0  nil  1  
[2025/05/30 18:53:06 196] tts        657  TTS_MSG_GETAUDIO  0  
[2025/05/30 18:53:06 196] tts        485  get audio|use local  
[2025/05/30 18:53:06 196] tts        527  0  nil  1  
[2025/05/30 18:53:06 197] tts        657  TTS_MSG_GETAUDIO  0  
[2025/05/30 18:53:06 197] tts        485  get audio|use local  
[2025/05/30 18:53:06 197] tts        527  0  nil  1  
[2025/05/30 18:53:06 198] tts        657  TTS_MSG_GETAUDIO  0  
[2025/05/30 18:53:06 198] tts        485  get audio|use local  
[2025/05/30 18:53:06 198] tts        527  0  nil  1  
[2025/05/30 18:53:06 199] tts        657  TTS_MSG_GETAUDIO  0  
[2025/05/30 18:53:06 200] tts        485  get audio|use local  
[2025/05/30 18:53:06 200] tts        527  0  nil  1  
[2025/05/30 18:53:06 200] tts        657  TTS_MSG_GETAUDIO  0  
[2025/05/30 18:53:06 201] tts        485  get audio|use local  
[2025/05/30 18:53:06 201] tts        527  0  nil  1  
[2025/05/30 18:53:06 202] tts        657  TTS_MSG_GETAUDIO  0  
[2025/05/30 18:53:06 202] tts        485  get audio|use local  
[2025/05/30 18:53:06 202] tts        527  0  nil  1  
[2025/05/30 18:53:06 203] tts        657  TTS_MSG_GETAUDIO  0  
[2025/05/30 18:53:06 203] tts        485  get audio|use local  
[2025/05/30 18:53:06 203] tts        527  0  nil  1  
[2025/05/30 18:53:06 204] tts        657  TTS_MSG_GETAUDIO  0  
[2025/05/30 18:53:06 204] tts        485  get audio|use local  
[2025/05/30 18:53:06 204] tts        527  0  nil  1  
[2025/05/30 18:53:06 205] tts        657  TTS_MSG_GETAUDIO  0  
[2025/05/30 18:53:06 205] tts        485  get audio|use local  
[2025/05/30 18:53:06 205] tts        527  0  nil  1  
[2025/05/30 18:53:06 206] tts        657  TTS_MSG_GETAUDIO  0  
[2025/05/30 18:53:06 206] tts        485  get audio|use local  
[2025/05/30 18:53:06 206] tts        527  0  nil  1  
[2025/05/30 18:53:06 208] tts        657  TTS_MSG_GETAUDIO  0  
[2025/05/30 18:53:06 208] tts        485  get audio|use local  
[2025/05/30 18:53:06 211] tts        527  0  nil  1  
[2025/05/30 18:53:06 212] tts        657  TTS_MSG_GETAUDIO  0  
[2025/05/30 18:53:06 212] tts        485  get audio|use local  
[2025/05/30 18:53:06 212] tts        527  0  nil  1  
[2025/05/30 18:53:06 214] tts        657  TTS_MSG_GETAUDIO  0  
[2025/05/30 18:53:06 215] tts        485  get audio|use local  
[2025/05/30 18:53:06 215] tts        527  0  nil  1  
[2025/05/30 18:53:06 216] tts        657  TTS_MSG_GETAUDIO  0  
[2025/05/30 18:53:06 216] tts        485  get audio|use local  
[2025/05/30 18:53:06 216] tts        527  0  nil  1  
[2025/05/30 18:53:06 217] tts        657  TTS_MSG_GETAUDIO  0  
[2025/05/30 18:53:06 217] tts        485  get audio|use local  
[2025/05/30 18:53:06 217] tts        527  0  nil  1  
[2025/05/30 18:53:06 218] tts        657  TTS_MSG_GETAUDIO  0  
[2025/05/30 18:53:06 218] tts        485  get audio|use local  
[2025/05/30 18:53:06 218] tts        527  0  nil  1  
[2025/05/30 18:53:06 219] tts        657  TTS_MSG_GETAUDIO  0  
[2025/05/30 18:53:06 219] tts        485  get audio|use local  
[2025/05/30 18:53:06 219] tts        527  0  nil  1  
[2025/05/30 18:53:06 219] tts        657  TTS_MSG_GETAUDIO  0  
[2025/05/30 18:53:06 220] tts        485  get audio|use local  
[2025/05/30 18:53:06 220] tts        527  0  nil  1  
[2025/05/30 18:53:06 220] tts        657  TTS_MSG_GETAUDIO  0  
[2025/05/30 18:53:06 220] tts        485  get audio|use local  
[2025/05/30 18:53:06 220] tts        527  0  nil  1  
[2025/05/30 18:53:06 222] tts        657  TTS_MSG_GETAUDIO  0  
[2025/05/30 18:53:06 222] tts        485  get audio|use local  
[2025/05/30 18:53:06 222] tts        527  0  nil  1  
[2025/05/30 18:53:06 225] tts        657  TTS_MSG_GETAUDIO  0  
[2025/05/30 18:53:06 225] tts        485  get audio|use local  
[2025/05/30 18:53:06 225] tts        527  0  nil  1  
[2025/05/30 18:53:06 226] tts        657  TTS_MSG_GETAUDIO  0  
[2025/05/30 18:53:06 226] tts        485  get audio|use local  
[2025/05/30 18:53:06 226] tts        527  0  nil  1  
[2025/05/30 18:53:06 227] tts        657  TTS_MSG_GETAUDIO  0  
[2025/05/30 18:53:06 227] tts        485  get audio|use local  
[2025/05/30 18:53:06 227] tts        527  0  nil  1  
[2025/05/30 18:53:06 228] tts        657  TTS_MSG_GETAUDIO  0  
[2025/05/30 18:53:06 228] tts        485  get audio|use local  
[2025/05/30 18:53:06 229] tts        527  0  nil  1  
[2025/05/30 18:53:06 230] tts        657  TTS_MSG_GETAUDIO  0  
[2025/05/30 18:53:06 230] tts        485  get audio|use local  
[2025/05/30 18:53:06 230] tts        527  0  nil  1  
[2025/05/30 18:53:06 231] tts        657  TTS_MSG_GETAUDIO  0  
[2025/05/30 18:53:06 232] tts        485  get audio|use local  
[2025/05/30 18:53:06 232] tts        527  0  nil  1  
[2025/05/30 18:53:06 233] tts        657  TTS_MSG_GETAUDIO  0  
[2025/05/30 18:53:06 233] tts        485  get audio|use local  
[2025/05/30 18:53:06 233] tts        527  0  nil  1  
[2025/05/30 18:53:06 243] tts        657  TTS_MSG_GETAUDIO  0  
[2025/05/30 18:53:06 244] tts        485  get audio|use local  
[2025/05/30 18:53:06 244] tts        527  0  nil  1  
[2025/05/30 18:53:06 244] tts        299  TTS_LOCAL_CB_BEGIN  
[2025/05/30 18:53:06 245] tts        657  TTS_MSG_GETAUDIO  0  
[2025/05/30 18:53:06 245] tts        485  get audio|use local  
[2025/05/30 18:53:06 245] tts        527  0  nil  1  
[2025/05/30 18:53:06 247] tts        657  TTS_MSG_GETAUDIO  0  
[2025/05/30 18:53:06 247] tts        485  get audio|use local  
[2025/05/30 18:53:06 247] tts        527  0  nil  1  
[2025/05/30 18:53:06 247] tts        657  TTS_MSG_GETAUDIO  0  
[2025/05/30 18:53:06 248] tts        485  get audio|use local  
[2025/05/30 18:53:06 248] tts        527  0  nil  1  
[2025/05/30 18:53:06 249] tts        657  TTS_MSG_GETAUDIO  0  
[2025/05/30 18:53:06 249] tts        485  get audio|use local  
[2025/05/30 18:53:06 249] tts        527  0  nil  1  
[2025/05/30 18:53:06 251] tts        657  TTS_MSG_GETAUDIO  0  
[2025/05/30 18:53:06 251] tts        485  get audio|use local  
[2025/05/30 18:53:06 251] tts        527  0  nil  1  
[2025/05/30 18:53:06 252] tts        657  TTS_MSG_GETAUDIO  0  
[2025/05/30 18:53:06 252] tts        485  get audio|use local  
[2025/05/30 18:53:06 253] tts        527  0  nil  1  
[2025/05/30 18:53:06 256] tts        657  TTS_MSG_GETAUDIO  0  
[2025/05/30 18:53:06 256] tts        485  get audio|use local  
[2025/05/30 18:53:06 256] tts        527  0  nil  1  
[2025/05/30 18:53:06 258] tts        657  TTS_MSG_GETAUDIO  0  
[2025/05/30 18:53:06 258] tts        485  get audio|use local  
[2025/05/30 18:53:06 258] tts        527  0  nil  1  
[2025/05/30 18:53:06 260] tts        657  TTS_MSG_GETAUDIO  0  
[2025/05/30 18:53:06 260] tts        485  get audio|use local  
[2025/05/30 18:53:06 260] tts        527  0  nil  1  
[2025/05/30 18:53:06 261] tts        657  TTS_MSG_GETAUDIO  0  
[2025/05/30 18:53:06 262] tts        485  get audio|use local  
[2025/05/30 18:53:06 262] tts        527  0  nil  1  
[2025/05/30 18:53:06 263] tts        657  TTS_MSG_GETAUDIO  0  
[2025/05/30 18:53:06 263] tts        485  get audio|use local  
[2025/05/30 18:53:06 263] tts        527  0  nil  1  
[2025/05/30 18:53:06 264] tts        657  TTS_MSG_GETAUDIO  0  
[2025/05/30 18:53:06 264] tts        485  get audio|use local  
[2025/05/30 18:53:06 264] tts        527  0  nil  1  
[2025/05/30 18:53:06 265] tts        657  TTS_MSG_GETAUDIO  0  
[2025/05/30 18:53:06 265] tts        485  get audio|use local  
[2025/05/30 18:53:06 265] tts        527  0  nil  1  
[2025/05/30 18:53:06 267] tts        657  TTS_MSG_GETAUDIO  0  
[2025/05/30 18:53:06 267] tts        485  get audio|use local  
[2025/05/30 18:53:06 267] tts        527  0  nil  1  
[2025/05/30 18:53:06 268] tts        657  TTS_MSG_GETAUDIO  0  
[2025/05/30 18:53:06 268] tts        485  get audio|use local  
[2025/05/30 18:53:06 269] tts        527  0  nil  1  
[2025/05/30 18:53:06 271] tts        657  TTS_MSG_GETAUDIO  0  
[2025/05/30 18:53:06 271] tts        485  get audio|use local  
[2025/05/30 18:53:06 271] tts        527  0  nil  1  
[2025/05/30 18:53:06 272] tts        657  TTS_MSG_GETAUDIO  0  
[2025/05/30 18:53:06 272] tts        485  get audio|use local  
[2025/05/30 18:53:06 272] tts        527  0  nil  1  
[2025/05/30 18:53:06 273] tts        657  TTS_MSG_GETAUDIO  0  
[2025/05/30 18:53:06 273] tts        485  get audio|use local  
[2025/05/30 18:53:06 273] tts        527  0  nil  1  
[2025/05/30 18:53:06 275] tts        657  TTS_MSG_GETAUDIO  0  
[2025/05/30 18:53:06 275] tts        485  get audio|use local  
[2025/05/30 18:53:06 276] tts        527  0  nil  1  
[2025/05/30 18:53:06 276] tts        657  TTS_MSG_GETAUDIO  0  
[2025/05/30 18:53:06 277] tts        485  get audio|use local  
[2025/05/30 18:53:06 277] tts        527  0  nil  1  
[2025/05/30 18:53:06 277] tts        657  TTS_MSG_GETAUDIO  0  
[2025/05/30 18:53:06 277] tts        485  get audio|use local  
[2025/05/30 18:53:06 277] tts        527  0  nil  1  
[2025/05/30 18:53:06 279] tts        657  TTS_MSG_GETAUDIO  0  
[2025/05/30 18:53:06 279] tts        485  get audio|use local  
[2025/05/30 18:53:06 279] tts        527  0  nil  1  
[2025/05/30 18:53:06 280] tts        657  TTS_MSG_GETAUDIO  0  
[2025/05/30 18:53:06 280] tts        485  get audio|use local  
[2025/05/30 18:53:06 280] tts        527  0  nil  1  
[2025/05/30 18:53:06 281] tts        657  TTS_MSG_GETAUDIO  0  
[2025/05/30 18:53:06 281] tts        485  get audio|use local  
[2025/05/30 18:53:06 281] tts        527  0  nil  1  
[2025/05/30 18:53:06 281] tts        657  TTS_MSG_GETAUDIO  0  
[2025/05/30 18:53:06 282] tts        485  get audio|use local  
[2025/05/30 18:53:06 282] tts        527  0  nil  1  
[2025/05/30 18:53:06 283] tts        657  TTS_MSG_GETAUDIO  0  
[2025/05/30 18:53:06 283] tts        485  get audio|use local  
[2025/05/30 18:53:06 283] tts        527  0  nil  1  
[2025/05/30 18:53:06 285] tts        657  TTS_MSG_GETAUDIO  0  
[2025/05/30 18:53:06 285] tts        485  get audio|use local  
[2025/05/30 18:53:06 285] tts        527  0  nil  1  
[2025/05/30 18:53:06 288] tts        657  TTS_MSG_GETAUDIO  0  
[2025/05/30 18:53:06 289] tts        485  get audio|use local  
[2025/05/30 18:53:06 289] tts        498  local audiolen:  2042  ,ced:  16  
[2025/05/30 18:53:06 289] tts        527  0  udata(94071148) 1  
[2025/05/30 18:53:06 293] tts        657  TTS_MSG_GETAUDIO  0  
[2025/05/30 18:53:06 293] tts        485  get audio|use local  
[2025/05/30 18:53:06 293] tts        498  local audiolen:  2016  ,ced:  16  
[2025/05/30 18:53:06 293] tts        527  0  udata(9407e148) 1  
[2025/05/30 18:53:06 295] tts        657  TTS_MSG_GETAUDIO  0  
[2025/05/30 18:53:06 295] tts        485  get audio|use local  
[2025/05/30 18:53:06 295] tts        498  local audiolen:  1970  ,ced:  16  
[2025/05/30 18:53:06 295] tts        527  0  udata(9407e298) 1  
[2025/05/30 18:53:06 297] tts        657  TTS_MSG_GETAUDIO  0  
[2025/05/30 18:53:06 297] tts        485  get audio|use local  
[2025/05/30 18:53:06 297] tts        498  local audiolen:  1900  ,ced:  16  
[2025/05/30 18:53:06 297] tts        527  0  udata(9407dc08) 1  
[2025/05/30 18:53:06 299] tts        657  TTS_MSG_GETAUDIO  0  
[2025/05/30 18:53:06 299] tts        485  get audio|use local  
[2025/05/30 18:53:06 299] tts        498  local audiolen:  1972  ,ced:  16  
[2025/05/30 18:53:06 299] tts        527  0  udata(9407d488) 1  
[2025/05/30 18:53:06 301] tts        657  TTS_MSG_GETAUDIO  0  
[2025/05/30 18:53:06 301] tts        485  get audio|use local  
[2025/05/30 18:53:06 301] tts        498  local audiolen:  1982  ,ced:  16  
[2025/05/30 18:53:06 301] tts        527  0  udata(9407d6d8) 1  
[2025/05/30 18:53:06 301] tts        657  TTS_MSG_GETAUDIO  0  
[2025/05/30 18:53:06 301] tts        485  get audio|use local  
[2025/05/30 18:53:06 302] tts        498  local audiolen:  2046  ,ced:  16  
[2025/05/30 18:53:06 302] tts        527  0  udata(9407d728) 1  
[2025/05/30 18:53:06 303] tts        657  TTS_MSG_GETAUDIO  0  
[2025/05/30 18:53:06 303] tts        485  get audio|use local  
[2025/05/30 18:53:06 303] tts        498  local audiolen:  1970  ,ced:  16  
[2025/05/30 18:53:06 303] tts        527  0  udata(9407d778) 1  
[2025/05/30 18:53:06 304] tts        657  TTS_MSG_GETAUDIO  0  
[2025/05/30 18:53:06 305] tts        485  get audio|use local  
[2025/05/30 18:53:06 305] tts        498  local audiolen:  1932  ,ced:  16  
[2025/05/30 18:53:06 305] tts        527  0  udata(9407d8c8) 1  
[2025/05/30 18:53:06 308] tts        657  TTS_MSG_GETAUDIO  0  
[2025/05/30 18:53:06 308] tts        485  get audio|use local  
[2025/05/30 18:53:06 308] tts        498  local audiolen:  1994  ,ced:  16  
[2025/05/30 18:53:06 308] tts        527  0  udata(9407e4f8) 1  
[2025/05/30 18:53:06 310] tts        657  TTS_MSG_GETAUDIO  0  
[2025/05/30 18:53:06 311] tts        485  get audio|use local  
[2025/05/30 18:53:06 311] tts        498  local audiolen:  2008  ,ced:  16  
[2025/05/30 18:53:06 311] tts        527  0  udata(9407e548) 1  
[2025/05/30 18:53:06 321] tts        301  0  0  
[2025/05/30 18:53:06 321] tts        312  TTS_LOCAL_CB_END,  2  
[2025/05/30 18:53:06 323] tts        657  TTS_MSG_GETAUDIO  0  
[2025/05/30 18:53:06 324] tts        485  get audio|use local  
[2025/05/30 18:53:06 324] tts        498  local audiolen:  1932  ,ced:  16  
[2025/05/30 18:53:06 324] tts        527  0  udata(9407f408) 1  
[2025/05/30 18:53:06 326] tts        657  TTS_MSG_GETAUDIO  0  
[2025/05/30 18:53:06 326] tts        485  get audio|use local  
[2025/05/30 18:53:06 326] tts        498  local audiolen:  2044  ,ced:  16  
[2025/05/30 18:53:06 326] tts        527  0  udata(9407ec68) 1  
[2025/05/30 18:53:06 328] tts        657  TTS_MSG_GETAUDIO  0  
[2025/05/30 18:53:06 328] tts        485  get audio|use local  
[2025/05/30 18:53:06 328] tts        498  local audiolen:  2014  ,ced:  16  
[2025/05/30 18:53:06 328] tts        527  0  udata(9407ecb8) 1  
[2025/05/30 18:53:06 329] tts        657  TTS_MSG_GETAUDIO  0  
[2025/05/30 18:53:06 329] tts        485  get audio|use local  
[2025/05/30 18:53:06 330] tts        498  local audiolen:  1982  ,ced:  16  
[2025/05/30 18:53:06 330] tts        527  0  udata(9407ed08) 1  
[2025/05/30 18:53:06 331] tts        657  TTS_MSG_GETAUDIO  0  
[2025/05/30 18:53:06 331] tts        485  get audio|use local  
[2025/05/30 18:53:06 332] tts        498  local audiolen:  2006  ,ced:  16  
[2025/05/30 18:53:06 332] tts        527  0  udata(9407ed58) 1  
[2025/05/30 18:53:06 336] tts        657  TTS_MSG_GETAUDIO  0  
[2025/05/30 18:53:06 336] tts        485  get audio|use local  
[2025/05/30 18:53:06 336] tts        498  local audiolen:  1964  ,ced:  16  
[2025/05/30 18:53:06 339] tts        527  0  udata(9407eda8) 1  
[2025/05/30 18:53:06 342] tts        657  TTS_MSG_GETAUDIO  0  
[2025/05/30 18:53:06 345] tts        485  get audio|use local  
[2025/05/30 18:53:06 346] tts        498  local audiolen:  2046  ,ced:  16  
[2025/05/30 18:53:06 346] tts        527  0  udata(9407edf8) 1  
[2025/05/30 18:53:06 347] tts        657  TTS_MSG_GETAUDIO  0  
[2025/05/30 18:53:06 347] tts        485  get audio|use local  
[2025/05/30 18:53:06 348] tts        498  local audiolen:  1940  ,ced:  16  
[2025/05/30 18:53:06 348] tts        527  0  udata(9407ee48) 1  
[2025/05/30 18:53:06 350] tts        657  TTS_MSG_GETAUDIO  0  
[2025/05/30 18:53:06 350] tts        485  get audio|use local  
[2025/05/30 18:53:06 350] tts        498  local audiolen:  2000  ,ced:  16  
[2025/05/30 18:53:06 350] tts        527  0  udata(9407ee98) 1  
[2025/05/30 18:53:06 351] tts        657  TTS_MSG_GETAUDIO  0  
[2025/05/30 18:53:06 351] tts        485  get audio|use local  
[2025/05/30 18:53:06 351] tts        498  local audiolen:  1940  ,ced:  16  
[2025/05/30 18:53:06 351] tts        527  0  udata(9407eee8) 1  
[2025/05/30 18:53:06 352] tts        657  TTS_MSG_GETAUDIO  0  
[2025/05/30 18:53:06 352] tts        485  get audio|use local  
[2025/05/30 18:53:06 353] tts        498  local audiolen:  2048  ,ced:  16  
[2025/05/30 18:53:06 353] tts        527  0  udata(9407ef38) 1  
[2025/05/30 18:53:06 354] tts        657  TTS_MSG_GETAUDIO  0  
[2025/05/30 18:53:06 354] tts        485  get audio|use local  
[2025/05/30 18:53:06 354] tts        498  local audiolen:  2016  ,ced:  16  
[2025/05/30 18:53:06 354] tts        527  0  udata(9407ef88) 1  
[2025/05/30 18:53:06 361] tts        657  TTS_MSG_GETAUDIO  0  
[2025/05/30 18:53:06 363] tts        485  get audio|use local  
[2025/05/30 18:53:06 367] tts        498  local audiolen:  576  ,ced:  16  
[2025/05/30 18:53:06 368] tts        527  0  udata(9407f228) 2  
[2025/05/30 18:53:06 374] tts        660  TTS_MSG_SSE  
[2025/05/30 18:53:06 375] tts        585  sse|use local  
[2025/05/30 18:53:06 380] tts        603  tts exit  
[2025/05/30 18:53:06 381] tts        667  SYS_MSG_UNLOAD  
