============================================================
Time  2025/08/10 20:04:35 726 
============================================================
[2025/08/10 20:04:35 727] tts        676  SYS_MSG_REGCB param0 =  msp_status_cb  param1 =  func(60014a30) 
[2025/08/10 20:04:35 731] config     43   use general cloud  
[2025/08/10 20:04:35 740] tts_cloud  1417 SYS_MSG_REGCB_CLOUD param0 =   msp_status_cb  param1 =  func(60014a30) 
[2025/08/10 20:04:35 741] tts        647  TTS_MSG_SSB  
[2025/08/10 20:04:35 741] tts        375  params =  engine_type = local,voice_name=xiaoyan, text_encoding = UTF8, tts_res_path = fo|res/tts/xiaoyan.jet;fo|res/tts/common.jet, sample_rate = 16000, speed = 50, volume = 80, pitch = 50, rdn = 2  
[2025/08/10 20:04:35 741] tts        412  ssb|use local  
[2025/08/10 20:04:35 741] tts        349  local_session_begin  
[2025/08/10 20:04:35 745] tts        654  TTS_MSG_SYN  0  
[2025/08/10 20:04:35 745] tts        451  synth|use local  
[2025/08/10 20:04:35 746] tts        657  TTS_MSG_GETAUDIO  0  
[2025/08/10 20:04:35 746] tts        485  get audio|use local  
[2025/08/10 20:04:35 746] tts        527  0  nil  1  
[2025/08/10 20:04:35 747] tts        657  TTS_MSG_GETAUDIO  0  
[2025/08/10 20:04:35 747] tts        485  get audio|use local  
[2025/08/10 20:04:35 747] tts        527  0  nil  1  
[2025/08/10 20:04:35 748] tts        657  TTS_MSG_GETAUDIO  0  
[2025/08/10 20:04:35 748] tts        485  get audio|use local  
[2025/08/10 20:04:35 748] tts        527  0  nil  1  
[2025/08/10 20:04:35 749] tts        657  TTS_MSG_GETAUDIO  0  
[2025/08/10 20:04:35 749] tts        485  get audio|use local  
[2025/08/10 20:04:35 749] tts        527  0  nil  1  
[2025/08/10 20:04:35 750] tts        657  TTS_MSG_GETAUDIO  0  
[2025/08/10 20:04:35 750] tts        485  get audio|use local  
[2025/08/10 20:04:35 750] tts        527  0  nil  1  
[2025/08/10 20:04:35 751] tts        657  TTS_MSG_GETAUDIO  0  
[2025/08/10 20:04:35 751] tts        485  get audio|use local  
[2025/08/10 20:04:35 751] tts        527  0  nil  1  
[2025/08/10 20:04:35 752] tts        657  TTS_MSG_GETAUDIO  0  
[2025/08/10 20:04:35 752] tts        485  get audio|use local  
[2025/08/10 20:04:35 752] tts        527  0  nil  1  
[2025/08/10 20:04:35 753] tts        657  TTS_MSG_GETAUDIO  0  
[2025/08/10 20:04:35 753] tts        485  get audio|use local  
[2025/08/10 20:04:35 753] tts        527  0  nil  1  
[2025/08/10 20:04:35 754] tts        657  TTS_MSG_GETAUDIO  0  
[2025/08/10 20:04:35 754] tts        485  get audio|use local  
[2025/08/10 20:04:35 754] tts        527  0  nil  1  
[2025/08/10 20:04:35 755] tts        657  TTS_MSG_GETAUDIO  0  
[2025/08/10 20:04:35 755] tts        485  get audio|use local  
[2025/08/10 20:04:35 755] tts        527  0  nil  1  
[2025/08/10 20:04:35 755] tts        657  TTS_MSG_GETAUDIO  0  
[2025/08/10 20:04:35 756] tts        485  get audio|use local  
[2025/08/10 20:04:35 756] tts        527  0  nil  1  
[2025/08/10 20:04:35 756] tts        657  TTS_MSG_GETAUDIO  0  
[2025/08/10 20:04:35 756] tts        485  get audio|use local  
[2025/08/10 20:04:35 757] tts        527  0  nil  1  
[2025/08/10 20:04:35 757] tts        657  TTS_MSG_GETAUDIO  0  
[2025/08/10 20:04:35 757] tts        485  get audio|use local  
[2025/08/10 20:04:35 757] tts        527  0  nil  1  
[2025/08/10 20:04:35 758] tts        657  TTS_MSG_GETAUDIO  0  
[2025/08/10 20:04:35 758] tts        485  get audio|use local  
[2025/08/10 20:04:35 758] tts        527  0  nil  1  
[2025/08/10 20:04:35 759] tts        657  TTS_MSG_GETAUDIO  0  
[2025/08/10 20:04:35 759] tts        485  get audio|use local  
[2025/08/10 20:04:35 759] tts        527  0  nil  1  
[2025/08/10 20:04:35 760] tts        657  TTS_MSG_GETAUDIO  0  
[2025/08/10 20:04:35 760] tts        485  get audio|use local  
[2025/08/10 20:04:35 760] tts        527  0  nil  1  
[2025/08/10 20:04:35 760] tts        657  TTS_MSG_GETAUDIO  0  
[2025/08/10 20:04:35 761] tts        485  get audio|use local  
[2025/08/10 20:04:35 761] tts        527  0  nil  1  
[2025/08/10 20:04:35 761] tts        657  TTS_MSG_GETAUDIO  0  
[2025/08/10 20:04:35 762] tts        485  get audio|use local  
[2025/08/10 20:04:35 762] tts        527  0  nil  1  
[2025/08/10 20:04:35 762] tts        657  TTS_MSG_GETAUDIO  0  
[2025/08/10 20:04:35 762] tts        485  get audio|use local  
[2025/08/10 20:04:35 763] tts        527  0  nil  1  
[2025/08/10 20:04:35 764] tts        657  TTS_MSG_GETAUDIO  0  
[2025/08/10 20:04:35 764] tts        485  get audio|use local  
[2025/08/10 20:04:35 764] tts        527  0  nil  1  
[2025/08/10 20:04:35 765] tts        657  TTS_MSG_GETAUDIO  0  
[2025/08/10 20:04:35 765] tts        485  get audio|use local  
[2025/08/10 20:04:35 765] tts        527  0  nil  1  
[2025/08/10 20:04:35 766] tts        657  TTS_MSG_GETAUDIO  0  
[2025/08/10 20:04:35 766] tts        485  get audio|use local  
[2025/08/10 20:04:35 766] tts        527  0  nil  1  
[2025/08/10 20:04:35 767] tts        657  TTS_MSG_GETAUDIO  0  
[2025/08/10 20:04:35 767] tts        485  get audio|use local  
[2025/08/10 20:04:35 767] tts        527  0  nil  1  
[2025/08/10 20:04:35 768] tts        657  TTS_MSG_GETAUDIO  0  
[2025/08/10 20:04:35 768] tts        485  get audio|use local  
[2025/08/10 20:04:35 769] tts        527  0  nil  1  
[2025/08/10 20:04:35 769] tts        657  TTS_MSG_GETAUDIO  0  
[2025/08/10 20:04:35 770] tts        485  get audio|use local  
[2025/08/10 20:04:35 770] tts        527  0  nil  1  
[2025/08/10 20:04:35 770] tts        657  TTS_MSG_GETAUDIO  0  
[2025/08/10 20:04:35 770] tts        485  get audio|use local  
[2025/08/10 20:04:35 771] tts        527  0  nil  1  
[2025/08/10 20:04:35 771] tts        657  TTS_MSG_GETAUDIO  0  
[2025/08/10 20:04:35 771] tts        485  get audio|use local  
[2025/08/10 20:04:35 771] tts        527  0  nil  1  
[2025/08/10 20:04:35 772] tts        657  TTS_MSG_GETAUDIO  0  
[2025/08/10 20:04:35 772] tts        485  get audio|use local  
[2025/08/10 20:04:35 772] tts        527  0  nil  1  
[2025/08/10 20:04:35 773] tts        657  TTS_MSG_GETAUDIO  0  
[2025/08/10 20:04:35 773] tts        485  get audio|use local  
[2025/08/10 20:04:35 773] tts        527  0  nil  1  
[2025/08/10 20:04:35 774] tts        657  TTS_MSG_GETAUDIO  0  
[2025/08/10 20:04:35 774] tts        485  get audio|use local  
[2025/08/10 20:04:35 774] tts        527  0  nil  1  
[2025/08/10 20:04:35 775] tts        657  TTS_MSG_GETAUDIO  0  
[2025/08/10 20:04:35 775] tts        485  get audio|use local  
[2025/08/10 20:04:35 775] tts        527  0  nil  1  
[2025/08/10 20:04:35 776] tts        657  TTS_MSG_GETAUDIO  0  
[2025/08/10 20:04:35 776] tts        485  get audio|use local  
[2025/08/10 20:04:35 776] tts        527  0  nil  1  
[2025/08/10 20:04:35 777] tts        657  TTS_MSG_GETAUDIO  0  
[2025/08/10 20:04:35 777] tts        485  get audio|use local  
[2025/08/10 20:04:35 777] tts        527  0  nil  1  
[2025/08/10 20:04:35 778] tts        657  TTS_MSG_GETAUDIO  0  
[2025/08/10 20:04:35 778] tts        485  get audio|use local  
[2025/08/10 20:04:35 778] tts        527  0  nil  1  
[2025/08/10 20:04:35 779] tts        657  TTS_MSG_GETAUDIO  0  
[2025/08/10 20:04:35 779] tts        485  get audio|use local  
[2025/08/10 20:04:35 779] tts        527  0  nil  1  
[2025/08/10 20:04:35 780] tts        657  TTS_MSG_GETAUDIO  0  
[2025/08/10 20:04:35 780] tts        485  get audio|use local  
[2025/08/10 20:04:35 780] tts        527  0  nil  1  
[2025/08/10 20:04:35 781] tts        657  TTS_MSG_GETAUDIO  0  
[2025/08/10 20:04:35 781] tts        485  get audio|use local  
[2025/08/10 20:04:35 781] tts        527  0  nil  1  
[2025/08/10 20:04:35 782] tts        657  TTS_MSG_GETAUDIO  0  
[2025/08/10 20:04:35 782] tts        485  get audio|use local  
[2025/08/10 20:04:35 782] tts        527  0  nil  1  
[2025/08/10 20:04:35 783] tts        657  TTS_MSG_GETAUDIO  0  
[2025/08/10 20:04:35 783] tts        485  get audio|use local  
[2025/08/10 20:04:35 783] tts        527  0  nil  1  
[2025/08/10 20:04:35 784] tts        657  TTS_MSG_GETAUDIO  0  
[2025/08/10 20:04:35 784] tts        485  get audio|use local  
[2025/08/10 20:04:35 784] tts        527  0  nil  1  
[2025/08/10 20:04:35 785] tts        657  TTS_MSG_GETAUDIO  0  
[2025/08/10 20:04:35 785] tts        485  get audio|use local  
[2025/08/10 20:04:35 785] tts        527  0  nil  1  
[2025/08/10 20:04:35 786] tts        657  TTS_MSG_GETAUDIO  0  
[2025/08/10 20:04:35 786] tts        485  get audio|use local  
[2025/08/10 20:04:35 786] tts        527  0  nil  1  
[2025/08/10 20:04:35 787] tts        657  TTS_MSG_GETAUDIO  0  
[2025/08/10 20:04:35 787] tts        485  get audio|use local  
[2025/08/10 20:04:35 787] tts        527  0  nil  1  
[2025/08/10 20:04:35 787] tts        657  TTS_MSG_GETAUDIO  0  
[2025/08/10 20:04:35 787] tts        485  get audio|use local  
[2025/08/10 20:04:35 787] tts        527  0  nil  1  
[2025/08/10 20:04:35 788] tts        657  TTS_MSG_GETAUDIO  0  
[2025/08/10 20:04:35 788] tts        485  get audio|use local  
[2025/08/10 20:04:35 788] tts        527  0  nil  1  
[2025/08/10 20:04:35 789] tts        657  TTS_MSG_GETAUDIO  0  
[2025/08/10 20:04:35 789] tts        485  get audio|use local  
[2025/08/10 20:04:35 789] tts        527  0  nil  1  
[2025/08/10 20:04:35 790] tts        657  TTS_MSG_GETAUDIO  0  
[2025/08/10 20:04:35 790] tts        485  get audio|use local  
[2025/08/10 20:04:35 790] tts        527  0  nil  1  
[2025/08/10 20:04:35 791] tts        657  TTS_MSG_GETAUDIO  0  
[2025/08/10 20:04:35 791] tts        485  get audio|use local  
[2025/08/10 20:04:35 791] tts        527  0  nil  1  
[2025/08/10 20:04:35 792] tts        657  TTS_MSG_GETAUDIO  0  
[2025/08/10 20:04:35 792] tts        485  get audio|use local  
[2025/08/10 20:04:35 792] tts        527  0  nil  1  
[2025/08/10 20:04:35 794] tts        657  TTS_MSG_GETAUDIO  0  
[2025/08/10 20:04:35 795] tts        485  get audio|use local  
[2025/08/10 20:04:35 795] tts        527  0  nil  1  
[2025/08/10 20:04:35 795] tts        657  TTS_MSG_GETAUDIO  0  
[2025/08/10 20:04:35 796] tts        485  get audio|use local  
[2025/08/10 20:04:35 796] tts        527  0  nil  1  
[2025/08/10 20:04:35 797] tts        657  TTS_MSG_GETAUDIO  0  
[2025/08/10 20:04:35 797] tts        485  get audio|use local  
[2025/08/10 20:04:35 797] tts        527  0  nil  1  
[2025/08/10 20:04:35 798] tts        657  TTS_MSG_GETAUDIO  0  
[2025/08/10 20:04:35 798] tts        485  get audio|use local  
[2025/08/10 20:04:35 798] tts        527  0  nil  1  
[2025/08/10 20:04:35 799] tts        657  TTS_MSG_GETAUDIO  0  
[2025/08/10 20:04:35 799] tts        485  get audio|use local  
[2025/08/10 20:04:35 799] tts        527  0  nil  1  
[2025/08/10 20:04:35 800] tts        657  TTS_MSG_GETAUDIO  0  
[2025/08/10 20:04:35 800] tts        485  get audio|use local  
[2025/08/10 20:04:35 800] tts        527  0  nil  1  
[2025/08/10 20:04:35 801] tts        657  TTS_MSG_GETAUDIO  0  
[2025/08/10 20:04:35 801] tts        485  get audio|use local  
[2025/08/10 20:04:35 801] tts        527  0  nil  1  
[2025/08/10 20:04:35 802] tts        657  TTS_MSG_GETAUDIO  0  
[2025/08/10 20:04:35 802] tts        485  get audio|use local  
[2025/08/10 20:04:35 802] tts        527  0  nil  1  
[2025/08/10 20:04:35 803] tts        657  TTS_MSG_GETAUDIO  0  
[2025/08/10 20:04:35 803] tts        485  get audio|use local  
[2025/08/10 20:04:35 803] tts        527  0  nil  1  
[2025/08/10 20:04:35 804] tts        657  TTS_MSG_GETAUDIO  0  
[2025/08/10 20:04:35 804] tts        485  get audio|use local  
[2025/08/10 20:04:35 804] tts        527  0  nil  1  
[2025/08/10 20:04:35 805] tts        657  TTS_MSG_GETAUDIO  0  
[2025/08/10 20:04:35 805] tts        485  get audio|use local  
[2025/08/10 20:04:35 805] tts        527  0  nil  1  
[2025/08/10 20:04:35 806] tts        657  TTS_MSG_GETAUDIO  0  
[2025/08/10 20:04:35 806] tts        485  get audio|use local  
[2025/08/10 20:04:35 806] tts        527  0  nil  1  
[2025/08/10 20:04:35 807] tts        657  TTS_MSG_GETAUDIO  0  
[2025/08/10 20:04:35 807] tts        485  get audio|use local  
[2025/08/10 20:04:35 807] tts        527  0  nil  1  
[2025/08/10 20:04:35 808] tts        657  TTS_MSG_GETAUDIO  0  
[2025/08/10 20:04:35 809] tts        485  get audio|use local  
[2025/08/10 20:04:35 809] tts        527  0  nil  1  
[2025/08/10 20:04:35 810] tts        657  TTS_MSG_GETAUDIO  0  
[2025/08/10 20:04:35 810] tts        485  get audio|use local  
[2025/08/10 20:04:35 810] tts        527  0  nil  1  
[2025/08/10 20:04:35 812] tts        657  TTS_MSG_GETAUDIO  0  
[2025/08/10 20:04:35 812] tts        485  get audio|use local  
[2025/08/10 20:04:35 812] tts        527  0  nil  1  
[2025/08/10 20:04:35 813] tts        657  TTS_MSG_GETAUDIO  0  
[2025/08/10 20:04:35 813] tts        485  get audio|use local  
[2025/08/10 20:04:35 814] tts        527  0  nil  1  
[2025/08/10 20:04:35 815] tts        657  TTS_MSG_GETAUDIO  0  
[2025/08/10 20:04:35 815] tts        485  get audio|use local  
[2025/08/10 20:04:35 815] tts        527  0  nil  1  
[2025/08/10 20:04:35 817] tts        657  TTS_MSG_GETAUDIO  0  
[2025/08/10 20:04:35 817] tts        485  get audio|use local  
[2025/08/10 20:04:35 817] tts        527  0  nil  1  
[2025/08/10 20:04:35 822] tts        657  TTS_MSG_GETAUDIO  0  
[2025/08/10 20:04:35 822] tts        485  get audio|use local  
[2025/08/10 20:04:35 822] tts        527  0  nil  1  
[2025/08/10 20:04:35 823] tts        299  TTS_LOCAL_CB_BEGIN  
[2025/08/10 20:04:35 824] tts        657  TTS_MSG_GETAUDIO  0  
[2025/08/10 20:04:35 824] tts        485  get audio|use local  
[2025/08/10 20:04:35 824] tts        527  0  nil  1  
[2025/08/10 20:04:35 825] tts        657  TTS_MSG_GETAUDIO  0  
[2025/08/10 20:04:35 825] tts        485  get audio|use local  
[2025/08/10 20:04:35 825] tts        527  0  nil  1  
[2025/08/10 20:04:35 826] tts        657  TTS_MSG_GETAUDIO  0  
[2025/08/10 20:04:35 826] tts        485  get audio|use local  
[2025/08/10 20:04:35 826] tts        527  0  nil  1  
[2025/08/10 20:04:35 828] tts        657  TTS_MSG_GETAUDIO  0  
[2025/08/10 20:04:35 832] tts        485  get audio|use local  
[2025/08/10 20:04:35 832] tts        527  0  nil  1  
[2025/08/10 20:04:35 834] tts        657  TTS_MSG_GETAUDIO  0  
[2025/08/10 20:04:35 834] tts        485  get audio|use local  
[2025/08/10 20:04:35 834] tts        498  local audiolen:  2042  ,ced:  14  
[2025/08/10 20:04:35 835] tts        527  0  udata(6007cd18) 1  
[2025/08/10 20:04:35 836] tts        657  TTS_MSG_GETAUDIO  0  
[2025/08/10 20:04:35 836] tts        485  get audio|use local  
[2025/08/10 20:04:35 836] tts        498  local audiolen:  2016  ,ced:  14  
[2025/08/10 20:04:35 836] tts        527  0  udata(6007d028) 1  
[2025/08/10 20:04:35 837] tts        657  TTS_MSG_GETAUDIO  0  
[2025/08/10 20:04:35 837] tts        485  get audio|use local  
[2025/08/10 20:04:35 837] tts        498  local audiolen:  1964  ,ced:  14  
[2025/08/10 20:04:35 838] tts        527  0  udata(6007d078) 1  
[2025/08/10 20:04:35 838] tts        657  TTS_MSG_GETAUDIO  0  
[2025/08/10 20:04:35 839] tts        485  get audio|use local  
[2025/08/10 20:04:35 839] tts        527  0  nil  1  
[2025/08/10 20:04:35 839] tts        657  TTS_MSG_GETAUDIO  0  
[2025/08/10 20:04:35 839] tts        485  get audio|use local  
[2025/08/10 20:04:35 839] tts        527  0  nil  1  
[2025/08/10 20:04:35 840] tts        657  TTS_MSG_GETAUDIO  0  
[2025/08/10 20:04:35 840] tts        485  get audio|use local  
[2025/08/10 20:04:35 840] tts        527  0  nil  1  
[2025/08/10 20:04:35 841] tts        657  TTS_MSG_GETAUDIO  0  
[2025/08/10 20:04:35 841] tts        485  get audio|use local  
[2025/08/10 20:04:35 841] tts        527  0  nil  1  
[2025/08/10 20:04:35 842] tts        657  TTS_MSG_GETAUDIO  0  
[2025/08/10 20:04:35 842] tts        485  get audio|use local  
[2025/08/10 20:04:35 842] tts        527  0  nil  1  
[2025/08/10 20:04:35 843] tts        657  TTS_MSG_GETAUDIO  0  
[2025/08/10 20:04:35 843] tts        485  get audio|use local  
[2025/08/10 20:04:35 843] tts        527  0  nil  1  
[2025/08/10 20:04:35 845] tts        657  TTS_MSG_GETAUDIO  0  
[2025/08/10 20:04:35 845] tts        485  get audio|use local  
[2025/08/10 20:04:35 846] tts        498  local audiolen:  1916  ,ced:  14  
[2025/08/10 20:04:35 846] tts        527  0  udata(60088028) 1  
[2025/08/10 20:04:35 847] tts        657  TTS_MSG_GETAUDIO  0  
[2025/08/10 20:04:35 847] tts        485  get audio|use local  
[2025/08/10 20:04:35 847] tts        498  local audiolen:  2018  ,ced:  14  
[2025/08/10 20:04:35 847] tts        527  0  udata(60088178) 1  
[2025/08/10 20:04:35 849] tts        657  TTS_MSG_GETAUDIO  0  
[2025/08/10 20:04:35 849] tts        485  get audio|use local  
[2025/08/10 20:04:35 849] tts        498  local audiolen:  2008  ,ced:  14  
[2025/08/10 20:04:35 849] tts        527  0  udata(6c066208) 1  
[2025/08/10 20:04:35 850] tts        657  TTS_MSG_GETAUDIO  0  
[2025/08/10 20:04:35 850] tts        485  get audio|use local  
[2025/08/10 20:04:35 850] tts        527  0  nil  1  
[2025/08/10 20:04:35 852] tts        657  TTS_MSG_GETAUDIO  0  
[2025/08/10 20:04:35 852] tts        485  get audio|use local  
[2025/08/10 20:04:35 852] tts        498  local audiolen:  2046  ,ced:  14  
[2025/08/10 20:04:35 853] tts        527  0  udata(6007e698) 1  
[2025/08/10 20:04:35 854] tts        657  TTS_MSG_GETAUDIO  0  
[2025/08/10 20:04:35 854] tts        485  get audio|use local  
[2025/08/10 20:04:35 854] tts        498  local audiolen:  1972  ,ced:  14  
[2025/08/10 20:04:35 854] tts        527  0  udata(6007e7e8) 1  
[2025/08/10 20:04:35 855] tts        657  TTS_MSG_GETAUDIO  0  
[2025/08/10 20:04:35 855] tts        485  get audio|use local  
[2025/08/10 20:04:35 855] tts        527  0  nil  1  
[2025/08/10 20:04:35 856] tts        657  TTS_MSG_GETAUDIO  0  
[2025/08/10 20:04:35 857] tts        485  get audio|use local  
[2025/08/10 20:04:35 857] tts        498  local audiolen:  1934  ,ced:  14  
[2025/08/10 20:04:35 857] tts        527  0  udata(6007df88) 1  
[2025/08/10 20:04:35 859] tts        657  TTS_MSG_GETAUDIO  0  
[2025/08/10 20:04:35 860] tts        485  get audio|use local  
[2025/08/10 20:04:35 860] tts        498  local audiolen:  2018  ,ced:  14  
[2025/08/10 20:04:35 860] tts        527  0  udata(6007e0d8) 1  
[2025/08/10 20:04:35 861] tts        657  TTS_MSG_GETAUDIO  0  
[2025/08/10 20:04:35 861] tts        485  get audio|use local  
[2025/08/10 20:04:35 861] tts        498  local audiolen:  2040  ,ced:  14  
[2025/08/10 20:04:35 862] tts        527  0  udata(6007e328) 1  
[2025/08/10 20:04:35 863] tts        657  TTS_MSG_GETAUDIO  0  
[2025/08/10 20:04:35 863] tts        485  get audio|use local  
[2025/08/10 20:04:35 863] tts        498  local audiolen:  1958  ,ced:  14  
[2025/08/10 20:04:35 863] tts        527  0  udata(6007e478) 1  
[2025/08/10 20:04:35 866] tts        657  TTS_MSG_GETAUDIO  0  
[2025/08/10 20:04:35 866] tts        485  get audio|use local  
[2025/08/10 20:04:35 866] tts        498  local audiolen:  1998  ,ced:  14  
[2025/08/10 20:04:35 866] tts        527  0  udata(6007f838) 1  
[2025/08/10 20:04:35 868] tts        657  TTS_MSG_GETAUDIO  0  
[2025/08/10 20:04:35 869] tts        485  get audio|use local  
[2025/08/10 20:04:35 870] tts        498  local audiolen:  2016  ,ced:  14  
[2025/08/10 20:04:35 870] tts        527  0  udata(6007f888) 1  
[2025/08/10 20:04:35 872] tts        657  TTS_MSG_GETAUDIO  0  
[2025/08/10 20:04:35 872] tts        485  get audio|use local  
[2025/08/10 20:04:35 873] tts        498  local audiolen:  2014  ,ced:  14  
[2025/08/10 20:04:35 873] tts        527  0  udata(6007fcd8) 1  
[2025/08/10 20:04:35 874] tts        657  TTS_MSG_GETAUDIO  0  
[2025/08/10 20:04:35 874] tts        485  get audio|use local  
[2025/08/10 20:04:35 874] tts        498  local audiolen:  1938  ,ced:  14  
[2025/08/10 20:04:35 875] tts        527  0  udata(6007fe28) 1  
[2025/08/10 20:04:35 876] tts        657  TTS_MSG_GETAUDIO  0  
[2025/08/10 20:04:35 876] tts        485  get audio|use local  
[2025/08/10 20:04:35 876] tts        498  local audiolen:  1992  ,ced:  14  
[2025/08/10 20:04:35 876] tts        527  0  udata(6007e838) 1  
[2025/08/10 20:04:35 879] tts        657  TTS_MSG_GETAUDIO  0  
[2025/08/10 20:04:35 879] tts        485  get audio|use local  
[2025/08/10 20:04:35 879] tts        498  local audiolen:  2006  ,ced:  14  
[2025/08/10 20:04:35 879] tts        527  0  udata(6007ea88) 1  
[2025/08/10 20:04:35 880] tts        301  0  0  
[2025/08/10 20:04:35 880] tts        312  TTS_LOCAL_CB_END,  2  
[2025/08/10 20:04:35 881] tts        657  TTS_MSG_GETAUDIO  0  
[2025/08/10 20:04:35 881] tts        485  get audio|use local  
[2025/08/10 20:04:35 881] tts        498  local audiolen:  2024  ,ced:  14  
[2025/08/10 20:04:35 881] tts        527  0  udata(6007ec78) 1  
[2025/08/10 20:04:35 882] tts        657  TTS_MSG_GETAUDIO  0  
[2025/08/10 20:04:35 882] tts        485  get audio|use local  
[2025/08/10 20:04:35 882] tts        498  local audiolen:  1902  ,ced:  14  
[2025/08/10 20:04:35 883] tts        527  0  udata(6007f7d8) 1  
[2025/08/10 20:04:35 884] tts        657  TTS_MSG_GETAUDIO  0  
[2025/08/10 20:04:35 884] tts        485  get audio|use local  
[2025/08/10 20:04:35 884] tts        498  local audiolen:  1946  ,ced:  14  
[2025/08/10 20:04:35 884] tts        527  0  udata(6007ecc8) 1  
[2025/08/10 20:04:35 885] tts        657  TTS_MSG_GETAUDIO  0  
[2025/08/10 20:04:35 885] tts        485  get audio|use local  
[2025/08/10 20:04:35 885] tts        498  local audiolen:  1956  ,ced:  14  
[2025/08/10 20:04:35 886] tts        527  0  udata(6007ed18) 1  
[2025/08/10 20:04:35 886] tts        657  TTS_MSG_GETAUDIO  0  
[2025/08/10 20:04:35 886] tts        485  get audio|use local  
[2025/08/10 20:04:35 887] tts        498  local audiolen:  864  ,ced:  14  
[2025/08/10 20:04:35 887] tts        527  0  udata(6007f3c8) 2  
[2025/08/10 20:04:35 888] tts        660  TTS_MSG_SSE  
[2025/08/10 20:04:35 890] tts        585  sse|use local  
[2025/08/10 20:04:35 892] tts        603  tts exit  
