============================================================
Time  2025/08/10 20:33:44 946 
============================================================
[2025/08/10 20:33:44 946] tts        676  SYS_MSG_REGCB param0 =  msp_status_cb  param1 =  func(90014a30) 
[2025/08/10 20:33:44 949] config     43   use general cloud  
[2025/08/10 20:33:44 955] tts_cloud  1417 SYS_MSG_REGCB_CLOUD param0 =   msp_status_cb  param1 =  func(90014a30) 
[2025/08/10 20:33:44 956] tts        647  TTS_MSG_SSB  
[2025/08/10 20:33:44 956] tts        375  params =  engine_type = local,voice_name=xiaoyan, text_encoding = UTF8, tts_res_path = fo|res/tts/xiaoyan.jet;fo|res/tts/common.jet, sample_rate = 16000, speed = 50, volume = 80, pitch = 50, rdn = 2  
[2025/08/10 20:33:44 956] tts        412  ssb|use local  
[2025/08/10 20:33:44 956] tts        349  local_session_begin  
[2025/08/10 20:33:44 965] tts        654  TTS_MSG_SYN  0  
[2025/08/10 20:33:44 965] tts        451  synth|use local  
[2025/08/10 20:33:44 966] tts        657  TTS_MSG_GETAUDIO  0  
[2025/08/10 20:33:44 966] tts        485  get audio|use local  
[2025/08/10 20:33:44 966] tts        527  0  nil  1  
[2025/08/10 20:33:44 967] tts        657  TTS_MSG_GETAUDIO  0  
[2025/08/10 20:33:44 967] tts        485  get audio|use local  
[2025/08/10 20:33:44 967] tts        527  0  nil  1  
[2025/08/10 20:33:44 967] tts        657  TTS_MSG_GETAUDIO  0  
[2025/08/10 20:33:44 967] tts        485  get audio|use local  
[2025/08/10 20:33:44 967] tts        527  0  nil  1  
[2025/08/10 20:33:44 968] tts        657  TTS_MSG_GETAUDIO  0  
[2025/08/10 20:33:44 968] tts        485  get audio|use local  
[2025/08/10 20:33:44 968] tts        527  0  nil  1  
[2025/08/10 20:33:44 969] tts        657  TTS_MSG_GETAUDIO  0  
[2025/08/10 20:33:44 969] tts        485  get audio|use local  
[2025/08/10 20:33:44 969] tts        527  0  nil  1  
[2025/08/10 20:33:44 969] tts        657  TTS_MSG_GETAUDIO  0  
[2025/08/10 20:33:44 969] tts        485  get audio|use local  
[2025/08/10 20:33:44 969] tts        527  0  nil  1  
[2025/08/10 20:33:44 970] tts        657  TTS_MSG_GETAUDIO  0  
[2025/08/10 20:33:44 970] tts        485  get audio|use local  
[2025/08/10 20:33:44 970] tts        527  0  nil  1  
[2025/08/10 20:33:44 973] tts        657  TTS_MSG_GETAUDIO  0  
[2025/08/10 20:33:44 973] tts        485  get audio|use local  
[2025/08/10 20:33:44 973] tts        527  0  nil  1  
[2025/08/10 20:33:44 974] tts        657  TTS_MSG_GETAUDIO  0  
[2025/08/10 20:33:44 974] tts        485  get audio|use local  
[2025/08/10 20:33:44 974] tts        527  0  nil  1  
[2025/08/10 20:33:44 974] tts        657  TTS_MSG_GETAUDIO  0  
[2025/08/10 20:33:44 974] tts        485  get audio|use local  
[2025/08/10 20:33:44 974] tts        527  0  nil  1  
[2025/08/10 20:33:44 975] tts        657  TTS_MSG_GETAUDIO  0  
[2025/08/10 20:33:44 975] tts        485  get audio|use local  
[2025/08/10 20:33:44 975] tts        527  0  nil  1  
[2025/08/10 20:33:44 975] tts        657  TTS_MSG_GETAUDIO  0  
[2025/08/10 20:33:44 975] tts        485  get audio|use local  
[2025/08/10 20:33:44 976] tts        527  0  nil  1  
[2025/08/10 20:33:44 976] tts        657  TTS_MSG_GETAUDIO  0  
[2025/08/10 20:33:44 976] tts        485  get audio|use local  
[2025/08/10 20:33:44 976] tts        527  0  nil  1  
[2025/08/10 20:33:44 977] tts        657  TTS_MSG_GETAUDIO  0  
[2025/08/10 20:33:44 977] tts        485  get audio|use local  
[2025/08/10 20:33:44 977] tts        527  0  nil  1  
[2025/08/10 20:33:44 977] tts        657  TTS_MSG_GETAUDIO  0  
[2025/08/10 20:33:44 977] tts        485  get audio|use local  
[2025/08/10 20:33:44 977] tts        527  0  nil  1  
[2025/08/10 20:33:44 978] tts        657  TTS_MSG_GETAUDIO  0  
[2025/08/10 20:33:44 978] tts        485  get audio|use local  
[2025/08/10 20:33:44 978] tts        527  0  nil  1  
[2025/08/10 20:33:44 979] tts        657  TTS_MSG_GETAUDIO  0  
[2025/08/10 20:33:44 979] tts        485  get audio|use local  
[2025/08/10 20:33:44 980] tts        527  0  nil  1  
[2025/08/10 20:33:44 985] tts        657  TTS_MSG_GETAUDIO  0  
[2025/08/10 20:33:44 985] tts        485  get audio|use local  
[2025/08/10 20:33:44 985] tts        527  0  nil  1  
[2025/08/10 20:33:44 985] tts        657  TTS_MSG_GETAUDIO  0  
[2025/08/10 20:33:44 985] tts        485  get audio|use local  
[2025/08/10 20:33:44 986] tts        527  0  nil  1  
[2025/08/10 20:33:44 986] tts        657  TTS_MSG_GETAUDIO  0  
[2025/08/10 20:33:44 986] tts        485  get audio|use local  
[2025/08/10 20:33:44 986] tts        527  0  nil  1  
[2025/08/10 20:33:44 987] tts        657  TTS_MSG_GETAUDIO  0  
[2025/08/10 20:33:44 987] tts        485  get audio|use local  
[2025/08/10 20:33:44 987] tts        527  0  nil  1  
[2025/08/10 20:33:44 988] tts        657  TTS_MSG_GETAUDIO  0  
[2025/08/10 20:33:44 988] tts        485  get audio|use local  
[2025/08/10 20:33:44 988] tts        527  0  nil  1  
[2025/08/10 20:33:44 989] tts        657  TTS_MSG_GETAUDIO  0  
[2025/08/10 20:33:44 989] tts        485  get audio|use local  
[2025/08/10 20:33:44 989] tts        527  0  nil  1  
[2025/08/10 20:33:44 989] tts        657  TTS_MSG_GETAUDIO  0  
[2025/08/10 20:33:44 989] tts        485  get audio|use local  
[2025/08/10 20:33:44 990] tts        527  0  nil  1  
[2025/08/10 20:33:44 990] tts        657  TTS_MSG_GETAUDIO  0  
[2025/08/10 20:33:44 990] tts        485  get audio|use local  
[2025/08/10 20:33:44 990] tts        527  0  nil  1  
[2025/08/10 20:33:44 991] tts        657  TTS_MSG_GETAUDIO  0  
[2025/08/10 20:33:44 991] tts        485  get audio|use local  
[2025/08/10 20:33:44 991] tts        527  0  nil  1  
[2025/08/10 20:33:44 991] tts        657  TTS_MSG_GETAUDIO  0  
[2025/08/10 20:33:44 992] tts        485  get audio|use local  
[2025/08/10 20:33:44 992] tts        527  0  nil  1  
[2025/08/10 20:33:44 992] tts        657  TTS_MSG_GETAUDIO  0  
[2025/08/10 20:33:44 992] tts        485  get audio|use local  
[2025/08/10 20:33:44 992] tts        527  0  nil  1  
[2025/08/10 20:33:44 993] tts        657  TTS_MSG_GETAUDIO  0  
[2025/08/10 20:33:44 993] tts        485  get audio|use local  
[2025/08/10 20:33:44 993] tts        527  0  nil  1  
[2025/08/10 20:33:44 993] tts        657  TTS_MSG_GETAUDIO  0  
[2025/08/10 20:33:44 994] tts        485  get audio|use local  
[2025/08/10 20:33:44 994] tts        527  0  nil  1  
[2025/08/10 20:33:44 994] tts        657  TTS_MSG_GETAUDIO  0  
[2025/08/10 20:33:44 994] tts        485  get audio|use local  
[2025/08/10 20:33:44 994] tts        527  0  nil  1  
[2025/08/10 20:33:44 995] tts        657  TTS_MSG_GETAUDIO  0  
[2025/08/10 20:33:44 995] tts        485  get audio|use local  
[2025/08/10 20:33:44 996] tts        527  0  nil  1  
[2025/08/10 20:33:44 997] tts        657  TTS_MSG_GETAUDIO  0  
[2025/08/10 20:33:44 997] tts        485  get audio|use local  
[2025/08/10 20:33:44 997] tts        527  0  nil  1  
[2025/08/10 20:33:44 998] tts        657  TTS_MSG_GETAUDIO  0  
[2025/08/10 20:33:44 998] tts        485  get audio|use local  
[2025/08/10 20:33:44 999] tts        527  0  nil  1  
[2025/08/10 20:33:44 999] tts        657  TTS_MSG_GETAUDIO  0  
[2025/08/10 20:33:44 999] tts        485  get audio|use local  
[2025/08/10 20:33:44 999] tts        527  0  nil  1  
[2025/08/10 20:33:45 000] tts        657  TTS_MSG_GETAUDIO  0  
[2025/08/10 20:33:45 000] tts        485  get audio|use local  
[2025/08/10 20:33:45 000] tts        527  0  nil  1  
[2025/08/10 20:33:45 001] tts        657  TTS_MSG_GETAUDIO  0  
[2025/08/10 20:33:45 001] tts        485  get audio|use local  
[2025/08/10 20:33:45 001] tts        527  0  nil  1  
[2025/08/10 20:33:45 002] tts        657  TTS_MSG_GETAUDIO  0  
[2025/08/10 20:33:45 002] tts        485  get audio|use local  
[2025/08/10 20:33:45 002] tts        527  0  nil  1  
[2025/08/10 20:33:45 003] tts        657  TTS_MSG_GETAUDIO  0  
[2025/08/10 20:33:45 004] tts        485  get audio|use local  
[2025/08/10 20:33:45 004] tts        527  0  nil  1  
[2025/08/10 20:33:45 005] tts        657  TTS_MSG_GETAUDIO  0  
[2025/08/10 20:33:45 005] tts        485  get audio|use local  
[2025/08/10 20:33:45 005] tts        527  0  nil  1  
[2025/08/10 20:33:45 006] tts        657  TTS_MSG_GETAUDIO  0  
[2025/08/10 20:33:45 006] tts        485  get audio|use local  
[2025/08/10 20:33:45 006] tts        527  0  nil  1  
[2025/08/10 20:33:45 007] tts        657  TTS_MSG_GETAUDIO  0  
[2025/08/10 20:33:45 007] tts        485  get audio|use local  
[2025/08/10 20:33:45 007] tts        527  0  nil  1  
[2025/08/10 20:33:45 008] tts        657  TTS_MSG_GETAUDIO  0  
[2025/08/10 20:33:45 009] tts        485  get audio|use local  
[2025/08/10 20:33:45 009] tts        527  0  nil  1  
[2025/08/10 20:33:45 013] tts        657  TTS_MSG_GETAUDIO  0  
[2025/08/10 20:33:45 013] tts        485  get audio|use local  
[2025/08/10 20:33:45 014] tts        527  0  nil  1  
[2025/08/10 20:33:45 015] tts        657  TTS_MSG_GETAUDIO  0  
[2025/08/10 20:33:45 015] tts        485  get audio|use local  
[2025/08/10 20:33:45 015] tts        527  0  nil  1  
[2025/08/10 20:33:45 016] tts        657  TTS_MSG_GETAUDIO  0  
[2025/08/10 20:33:45 016] tts        485  get audio|use local  
[2025/08/10 20:33:45 016] tts        527  0  nil  1  
[2025/08/10 20:33:45 017] tts        657  TTS_MSG_GETAUDIO  0  
[2025/08/10 20:33:45 017] tts        485  get audio|use local  
[2025/08/10 20:33:45 017] tts        527  0  nil  1  
[2025/08/10 20:33:45 018] tts        657  TTS_MSG_GETAUDIO  0  
[2025/08/10 20:33:45 018] tts        485  get audio|use local  
[2025/08/10 20:33:45 018] tts        527  0  nil  1  
[2025/08/10 20:33:45 019] tts        657  TTS_MSG_GETAUDIO  0  
[2025/08/10 20:33:45 019] tts        485  get audio|use local  
[2025/08/10 20:33:45 019] tts        527  0  nil  1  
[2025/08/10 20:33:45 020] tts        657  TTS_MSG_GETAUDIO  0  
[2025/08/10 20:33:45 020] tts        485  get audio|use local  
[2025/08/10 20:33:45 020] tts        527  0  nil  1  
[2025/08/10 20:33:45 021] tts        657  TTS_MSG_GETAUDIO  0  
[2025/08/10 20:33:45 021] tts        485  get audio|use local  
[2025/08/10 20:33:45 021] tts        527  0  nil  1  
[2025/08/10 20:33:45 022] tts        657  TTS_MSG_GETAUDIO  0  
[2025/08/10 20:33:45 022] tts        485  get audio|use local  
[2025/08/10 20:33:45 022] tts        527  0  nil  1  
[2025/08/10 20:33:45 022] tts        657  TTS_MSG_GETAUDIO  0  
[2025/08/10 20:33:45 023] tts        485  get audio|use local  
[2025/08/10 20:33:45 023] tts        527  0  nil  1  
[2025/08/10 20:33:45 023] tts        657  TTS_MSG_GETAUDIO  0  
[2025/08/10 20:33:45 023] tts        485  get audio|use local  
[2025/08/10 20:33:45 024] tts        527  0  nil  1  
[2025/08/10 20:33:45 024] tts        657  TTS_MSG_GETAUDIO  0  
[2025/08/10 20:33:45 025] tts        485  get audio|use local  
[2025/08/10 20:33:45 025] tts        527  0  nil  1  
[2025/08/10 20:33:45 026] tts        657  TTS_MSG_GETAUDIO  0  
[2025/08/10 20:33:45 027] tts        485  get audio|use local  
[2025/08/10 20:33:45 027] tts        527  0  nil  1  
[2025/08/10 20:33:45 040] tts        657  TTS_MSG_GETAUDIO  0  
[2025/08/10 20:33:45 040] tts        485  get audio|use local  
[2025/08/10 20:33:45 040] tts        527  0  nil  1  
[2025/08/10 20:33:45 040] tts        657  TTS_MSG_GETAUDIO  0  
[2025/08/10 20:33:45 040] tts        485  get audio|use local  
[2025/08/10 20:33:45 041] tts        527  0  nil  1  
[2025/08/10 20:33:45 041] tts        657  TTS_MSG_GETAUDIO  0  
[2025/08/10 20:33:45 041] tts        485  get audio|use local  
[2025/08/10 20:33:45 041] tts        527  0  nil  1  
[2025/08/10 20:33:45 042] tts        657  TTS_MSG_GETAUDIO  0  
[2025/08/10 20:33:45 042] tts        485  get audio|use local  
[2025/08/10 20:33:45 042] tts        527  0  nil  1  
[2025/08/10 20:33:45 042] tts        657  TTS_MSG_GETAUDIO  0  
[2025/08/10 20:33:45 042] tts        485  get audio|use local  
[2025/08/10 20:33:45 043] tts        527  0  nil  1  
[2025/08/10 20:33:45 043] tts        657  TTS_MSG_GETAUDIO  0  
[2025/08/10 20:33:45 043] tts        485  get audio|use local  
[2025/08/10 20:33:45 043] tts        527  0  nil  1  
[2025/08/10 20:33:45 044] tts        657  TTS_MSG_GETAUDIO  0  
[2025/08/10 20:33:45 044] tts        485  get audio|use local  
[2025/08/10 20:33:45 044] tts        527  0  nil  1  
[2025/08/10 20:33:45 044] tts        657  TTS_MSG_GETAUDIO  0  
[2025/08/10 20:33:45 044] tts        485  get audio|use local  
[2025/08/10 20:33:45 044] tts        527  0  nil  1  
[2025/08/10 20:33:45 055] tts        657  TTS_MSG_GETAUDIO  0  
[2025/08/10 20:33:45 055] tts        485  get audio|use local  
[2025/08/10 20:33:45 056] tts        527  0  nil  1  
[2025/08/10 20:33:45 057] tts        657  TTS_MSG_GETAUDIO  0  
[2025/08/10 20:33:45 057] tts        485  get audio|use local  
[2025/08/10 20:33:45 057] tts        527  0  nil  1  
[2025/08/10 20:33:45 063] tts        657  TTS_MSG_GETAUDIO  0  
[2025/08/10 20:33:45 063] tts        485  get audio|use local  
[2025/08/10 20:33:45 064] tts        527  0  nil  1  
[2025/08/10 20:33:45 064] tts        657  TTS_MSG_GETAUDIO  0  
[2025/08/10 20:33:45 064] tts        485  get audio|use local  
[2025/08/10 20:33:45 064] tts        527  0  nil  1  
[2025/08/10 20:33:45 065] tts        657  TTS_MSG_GETAUDIO  0  
[2025/08/10 20:33:45 065] tts        485  get audio|use local  
[2025/08/10 20:33:45 065] tts        527  0  nil  1  
[2025/08/10 20:33:45 065] tts        657  TTS_MSG_GETAUDIO  0  
[2025/08/10 20:33:45 065] tts        485  get audio|use local  
[2025/08/10 20:33:45 066] tts        527  0  nil  1  
[2025/08/10 20:33:45 066] tts        657  TTS_MSG_GETAUDIO  0  
[2025/08/10 20:33:45 066] tts        485  get audio|use local  
[2025/08/10 20:33:45 066] tts        527  0  nil  1  
[2025/08/10 20:33:45 067] tts        657  TTS_MSG_GETAUDIO  0  
[2025/08/10 20:33:45 067] tts        485  get audio|use local  
[2025/08/10 20:33:45 067] tts        527  0  nil  1  
[2025/08/10 20:33:45 067] tts        657  TTS_MSG_GETAUDIO  0  
[2025/08/10 20:33:45 067] tts        485  get audio|use local  
[2025/08/10 20:33:45 068] tts        527  0  nil  1  
[2025/08/10 20:33:45 068] tts        657  TTS_MSG_GETAUDIO  0  
[2025/08/10 20:33:45 068] tts        485  get audio|use local  
[2025/08/10 20:33:45 068] tts        527  0  nil  1  
[2025/08/10 20:33:45 069] tts        657  TTS_MSG_GETAUDIO  0  
[2025/08/10 20:33:45 069] tts        485  get audio|use local  
[2025/08/10 20:33:45 069] tts        527  0  nil  1  
[2025/08/10 20:33:45 069] tts        657  TTS_MSG_GETAUDIO  0  
[2025/08/10 20:33:45 069] tts        485  get audio|use local  
[2025/08/10 20:33:45 070] tts        527  0  nil  1  
[2025/08/10 20:33:45 070] tts        657  TTS_MSG_GETAUDIO  0  
[2025/08/10 20:33:45 070] tts        485  get audio|use local  
[2025/08/10 20:33:45 070] tts        527  0  nil  1  
[2025/08/10 20:33:45 071] tts        657  TTS_MSG_GETAUDIO  0  
[2025/08/10 20:33:45 071] tts        485  get audio|use local  
[2025/08/10 20:33:45 071] tts        527  0  nil  1  
[2025/08/10 20:33:45 072] tts        657  TTS_MSG_GETAUDIO  0  
[2025/08/10 20:33:45 072] tts        485  get audio|use local  
[2025/08/10 20:33:45 072] tts        527  0  nil  1  
[2025/08/10 20:33:45 073] tts        657  TTS_MSG_GETAUDIO  0  
[2025/08/10 20:33:45 073] tts        485  get audio|use local  
[2025/08/10 20:33:45 073] tts        527  0  nil  1  
[2025/08/10 20:33:45 074] tts        657  TTS_MSG_GETAUDIO  0  
[2025/08/10 20:33:45 075] tts        485  get audio|use local  
[2025/08/10 20:33:45 077] tts        527  0  nil  1  
[2025/08/10 20:33:45 078] tts        657  TTS_MSG_GETAUDIO  0  
[2025/08/10 20:33:45 078] tts        485  get audio|use local  
[2025/08/10 20:33:45 078] tts        527  0  nil  1  
[2025/08/10 20:33:45 079] tts        657  TTS_MSG_GETAUDIO  0  
[2025/08/10 20:33:45 079] tts        485  get audio|use local  
[2025/08/10 20:33:45 079] tts        527  0  nil  1  
[2025/08/10 20:33:45 079] tts        657  TTS_MSG_GETAUDIO  0  
[2025/08/10 20:33:45 079] tts        485  get audio|use local  
[2025/08/10 20:33:45 079] tts        527  0  nil  1  
[2025/08/10 20:33:45 080] tts        657  TTS_MSG_GETAUDIO  0  
[2025/08/10 20:33:45 080] tts        485  get audio|use local  
[2025/08/10 20:33:45 080] tts        527  0  nil  1  
[2025/08/10 20:33:45 081] tts        657  TTS_MSG_GETAUDIO  0  
[2025/08/10 20:33:45 081] tts        485  get audio|use local  
[2025/08/10 20:33:45 081] tts        527  0  nil  1  
[2025/08/10 20:33:45 081] tts        657  TTS_MSG_GETAUDIO  0  
[2025/08/10 20:33:45 081] tts        485  get audio|use local  
[2025/08/10 20:33:45 081] tts        527  0  nil  1  
[2025/08/10 20:33:45 082] tts        657  TTS_MSG_GETAUDIO  0  
[2025/08/10 20:33:45 082] tts        485  get audio|use local  
[2025/08/10 20:33:45 082] tts        527  0  nil  1  
[2025/08/10 20:33:45 083] tts        657  TTS_MSG_GETAUDIO  0  
[2025/08/10 20:33:45 083] tts        485  get audio|use local  
[2025/08/10 20:33:45 083] tts        527  0  nil  1  
[2025/08/10 20:33:45 084] tts        657  TTS_MSG_GETAUDIO  0  
[2025/08/10 20:33:45 084] tts        485  get audio|use local  
[2025/08/10 20:33:45 084] tts        527  0  nil  1  
[2025/08/10 20:33:45 084] tts        657  TTS_MSG_GETAUDIO  0  
[2025/08/10 20:33:45 084] tts        485  get audio|use local  
[2025/08/10 20:33:45 084] tts        527  0  nil  1  
[2025/08/10 20:33:45 128] tts        299  TTS_LOCAL_CB_BEGIN  
[2025/08/10 20:33:45 164] tts        301  0  0  
[2025/08/10 20:33:45 164] tts        312  TTS_LOCAL_CB_END,  2  
[2025/08/10 20:33:45 167] tts        657  TTS_MSG_GETAUDIO  0  
[2025/08/10 20:33:45 168] tts        485  get audio|use local  
[2025/08/10 20:33:45 168] tts        498  local audiolen:  2042  ,ced:  22  
[2025/08/10 20:33:45 168] tts        527  0  udata(9007d698) 1  
[2025/08/10 20:33:45 169] tts        657  TTS_MSG_GETAUDIO  0  
[2025/08/10 20:33:45 169] tts        485  get audio|use local  
[2025/08/10 20:33:45 169] tts        498  local audiolen:  2016  ,ced:  22  
[2025/08/10 20:33:45 169] tts        527  0  udata(9007ecb8) 1  
[2025/08/10 20:33:45 170] tts        657  TTS_MSG_GETAUDIO  0  
[2025/08/10 20:33:45 170] tts        485  get audio|use local  
[2025/08/10 20:33:45 170] tts        498  local audiolen:  1972  ,ced:  22  
[2025/08/10 20:33:45 170] tts        527  0  udata(9007d6f8) 1  
[2025/08/10 20:33:45 171] tts        657  TTS_MSG_GETAUDIO  0  
[2025/08/10 20:33:45 171] tts        485  get audio|use local  
[2025/08/10 20:33:45 171] tts        498  local audiolen:  1906  ,ced:  22  
[2025/08/10 20:33:45 171] tts        527  0  udata(9007e4c8) 1  
[2025/08/10 20:33:45 172] tts        657  TTS_MSG_GETAUDIO  0  
[2025/08/10 20:33:45 172] tts        485  get audio|use local  
[2025/08/10 20:33:45 172] tts        498  local audiolen:  1964  ,ced:  22  
[2025/08/10 20:33:45 172] tts        527  0  udata(90071288) 1  
[2025/08/10 20:33:45 173] tts        657  TTS_MSG_GETAUDIO  0  
[2025/08/10 20:33:45 173] tts        485  get audio|use local  
[2025/08/10 20:33:45 173] tts        498  local audiolen:  1966  ,ced:  22  
[2025/08/10 20:33:45 173] tts        527  0  udata(9007e518) 1  
[2025/08/10 20:33:45 174] tts        657  TTS_MSG_GETAUDIO  0  
[2025/08/10 20:33:45 174] tts        485  get audio|use local  
[2025/08/10 20:33:45 174] tts        498  local audiolen:  2048  ,ced:  22  
[2025/08/10 20:33:45 174] tts        527  0  udata(9007e568) 1  
[2025/08/10 20:33:45 174] tts        657  TTS_MSG_GETAUDIO  0  
[2025/08/10 20:33:45 175] tts        485  get audio|use local  
[2025/08/10 20:33:45 175] tts        498  local audiolen:  1970  ,ced:  22  
[2025/08/10 20:33:45 175] tts        527  0  udata(9007e5b8) 1  
[2025/08/10 20:33:45 175] tts        657  TTS_MSG_GETAUDIO  0  
[2025/08/10 20:33:45 175] tts        485  get audio|use local  
[2025/08/10 20:33:45 175] tts        498  local audiolen:  1932  ,ced:  22  
[2025/08/10 20:33:45 176] tts        527  0  udata(9007e608) 1  
[2025/08/10 20:33:45 176] tts        657  TTS_MSG_GETAUDIO  0  
[2025/08/10 20:33:45 176] tts        485  get audio|use local  
[2025/08/10 20:33:45 176] tts        498  local audiolen:  1994  ,ced:  22  
[2025/08/10 20:33:45 177] tts        527  0  udata(9007e658) 1  
[2025/08/10 20:33:45 181] tts        657  TTS_MSG_GETAUDIO  0  
[2025/08/10 20:33:45 181] tts        485  get audio|use local  
[2025/08/10 20:33:45 181] tts        498  local audiolen:  2006  ,ced:  22  
[2025/08/10 20:33:45 181] tts        527  0  udata(900874c8) 1  
[2025/08/10 20:33:45 182] tts        657  TTS_MSG_GETAUDIO  0  
[2025/08/10 20:33:45 182] tts        485  get audio|use local  
[2025/08/10 20:33:45 182] tts        498  local audiolen:  1928  ,ced:  22  
[2025/08/10 20:33:45 182] tts        527  0  udata(90087518) 1  
[2025/08/10 20:33:45 183] tts        657  TTS_MSG_GETAUDIO  0  
[2025/08/10 20:33:45 183] tts        485  get audio|use local  
[2025/08/10 20:33:45 183] tts        498  local audiolen:  2004  ,ced:  22  
[2025/08/10 20:33:45 183] tts        527  0  udata(90087568) 1  
[2025/08/10 20:33:45 184] tts        657  TTS_MSG_GETAUDIO  0  
[2025/08/10 20:33:45 184] tts        485  get audio|use local  
[2025/08/10 20:33:45 184] tts        498  local audiolen:  2016  ,ced:  22  
[2025/08/10 20:33:45 184] tts        527  0  udata(900875b8) 1  
[2025/08/10 20:33:45 185] tts        657  TTS_MSG_GETAUDIO  0  
[2025/08/10 20:33:45 185] tts        485  get audio|use local  
[2025/08/10 20:33:45 185] tts        498  local audiolen:  2014  ,ced:  22  
[2025/08/10 20:33:45 185] tts        527  0  udata(90087608) 1  
[2025/08/10 20:33:45 193] tts        657  TTS_MSG_GETAUDIO  0  
[2025/08/10 20:33:45 193] tts        485  get audio|use local  
[2025/08/10 20:33:45 193] tts        498  local audiolen:  1978  ,ced:  22  
[2025/08/10 20:33:45 193] tts        527  0  udata(90087658) 1  
[2025/08/10 20:33:45 195] tts        657  TTS_MSG_GETAUDIO  0  
[2025/08/10 20:33:45 195] tts        485  get audio|use local  
[2025/08/10 20:33:45 196] tts        498  local audiolen:  1950  ,ced:  22  
[2025/08/10 20:33:45 196] tts        527  0  udata(900876a8) 1  
[2025/08/10 20:33:45 202] tts        657  TTS_MSG_GETAUDIO  0  
[2025/08/10 20:33:45 202] tts        485  get audio|use local  
[2025/08/10 20:33:45 202] tts        498  local audiolen:  2000  ,ced:  22  
[2025/08/10 20:33:45 202] tts        527  0  udata(900876f8) 1  
[2025/08/10 20:33:45 205] tts        657  TTS_MSG_GETAUDIO  0  
[2025/08/10 20:33:45 205] tts        485  get audio|use local  
[2025/08/10 20:33:45 205] tts        498  local audiolen:  1986  ,ced:  22  
[2025/08/10 20:33:45 205] tts        527  0  udata(90087748) 1  
[2025/08/10 20:33:45 207] tts        657  TTS_MSG_GETAUDIO  0  
[2025/08/10 20:33:45 207] tts        485  get audio|use local  
[2025/08/10 20:33:45 207] tts        498  local audiolen:  2016  ,ced:  22  
[2025/08/10 20:33:45 207] tts        527  0  udata(90087798) 1  
[2025/08/10 20:33:45 209] tts        657  TTS_MSG_GETAUDIO  0  
[2025/08/10 20:33:45 209] tts        485  get audio|use local  
[2025/08/10 20:33:45 210] tts        498  local audiolen:  1948  ,ced:  22  
[2025/08/10 20:33:45 210] tts        527  0  udata(900877e8) 1  
[2025/08/10 20:33:45 212] tts        657  TTS_MSG_GETAUDIO  0  
[2025/08/10 20:33:45 212] tts        485  get audio|use local  
[2025/08/10 20:33:45 212] tts        498  local audiolen:  2008  ,ced:  22  
[2025/08/10 20:33:45 212] tts        527  0  udata(90087838) 1  
[2025/08/10 20:33:45 216] tts        657  TTS_MSG_GETAUDIO  0  
[2025/08/10 20:33:45 216] tts        485  get audio|use local  
[2025/08/10 20:33:45 217] tts        498  local audiolen:  1986  ,ced:  22  
[2025/08/10 20:33:45 217] tts        527  0  udata(90087888) 1  
[2025/08/10 20:33:45 218] tts        657  TTS_MSG_GETAUDIO  0  
[2025/08/10 20:33:45 218] tts        485  get audio|use local  
[2025/08/10 20:33:45 219] tts        498  local audiolen:  2026  ,ced:  22  
[2025/08/10 20:33:45 220] tts        527  0  udata(900878d8) 1  
[2025/08/10 20:33:45 228] tts        657  TTS_MSG_GETAUDIO  0  
[2025/08/10 20:33:45 228] tts        485  get audio|use local  
[2025/08/10 20:33:45 228] tts        498  local audiolen:  2020  ,ced:  22  
[2025/08/10 20:33:45 229] tts        527  0  udata(90087928) 1  
[2025/08/10 20:33:45 229] tts        657  TTS_MSG_GETAUDIO  0  
[2025/08/10 20:33:45 229] tts        485  get audio|use local  
[2025/08/10 20:33:45 229] tts        498  local audiolen:  1988  ,ced:  22  
[2025/08/10 20:33:45 230] tts        527  0  udata(90087978) 1  
[2025/08/10 20:33:45 230] tts        657  TTS_MSG_GETAUDIO  0  
[2025/08/10 20:33:45 230] tts        485  get audio|use local  
[2025/08/10 20:33:45 230] tts        498  local audiolen:  2048  ,ced:  22  
[2025/08/10 20:33:45 230] tts        527  0  udata(9007e6a8) 1  
[2025/08/10 20:33:45 232] tts        657  TTS_MSG_GETAUDIO  0  
[2025/08/10 20:33:45 232] tts        485  get audio|use local  
[2025/08/10 20:33:45 233] tts        498  local audiolen:  1914  ,ced:  22  
[2025/08/10 20:33:45 234] tts        527  0  udata(9007e6f8) 1  
[2025/08/10 20:33:45 238] tts        657  TTS_MSG_GETAUDIO  0  
[2025/08/10 20:33:45 238] tts        485  get audio|use local  
[2025/08/10 20:33:45 238] tts        498  local audiolen:  1912  ,ced:  22  
[2025/08/10 20:33:45 239] tts        527  0  udata(9007e748) 1  
[2025/08/10 20:33:45 241] tts        657  TTS_MSG_GETAUDIO  0  
[2025/08/10 20:33:45 242] tts        485  get audio|use local  
[2025/08/10 20:33:45 244] tts        498  local audiolen:  1958  ,ced:  22  
[2025/08/10 20:33:45 245] tts        527  0  udata(9007e798) 1  
[2025/08/10 20:33:45 247] tts        657  TTS_MSG_GETAUDIO  0  
[2025/08/10 20:33:45 247] tts        485  get audio|use local  
[2025/08/10 20:33:45 247] tts        498  local audiolen:  960  ,ced:  22  
[2025/08/10 20:33:45 247] tts        527  0  udata(9007ebb8) 2  
[2025/08/10 20:33:45 251] tts        660  TTS_MSG_SSE  
[2025/08/10 20:33:45 257] tts        585  sse|use local  
[2025/08/10 20:33:45 289] tts        603  tts exit  
