============================================================
Time  2025/08/10 20:02:19 898 
============================================================
[2025/08/10 20:02:19 899] tts        676  SYS_MSG_REGCB param0 =  msp_status_cb  param1 =  func(58014a30) 
[2025/08/10 20:02:19 902] config     43   use general cloud  
[2025/08/10 20:02:19 910] tts_cloud  1417 SYS_MSG_REGCB_CLOUD param0 =   msp_status_cb  param1 =  func(58014a30) 
[2025/08/10 20:02:19 910] tts        647  TTS_MSG_SSB  
[2025/08/10 20:02:19 910] tts        375  params =  engine_type = local,voice_name=xiaoyan, text_encoding = UTF8, tts_res_path = fo|res/tts/xiaoyan.jet;fo|res/tts/common.jet, sample_rate = 16000, speed = 50, volume = 80, pitch = 50, rdn = 2  
[2025/08/10 20:02:19 911] tts        412  ssb|use local  
[2025/08/10 20:02:19 911] tts        349  local_session_begin  
[2025/08/10 20:02:19 915] tts        654  TTS_MSG_SYN  0  
[2025/08/10 20:02:19 915] tts        451  synth|use local  
[2025/08/10 20:02:19 916] tts        657  TTS_MSG_GETAUDIO  0  
[2025/08/10 20:02:19 916] tts        485  get audio|use local  
[2025/08/10 20:02:19 917] tts        527  0  nil  1  
[2025/08/10 20:02:19 917] tts        657  TTS_MSG_GETAUDIO  0  
[2025/08/10 20:02:19 917] tts        485  get audio|use local  
[2025/08/10 20:02:19 917] tts        527  0  nil  1  
[2025/08/10 20:02:19 918] tts        657  TTS_MSG_GETAUDIO  0  
[2025/08/10 20:02:19 918] tts        485  get audio|use local  
[2025/08/10 20:02:19 919] tts        527  0  nil  1  
[2025/08/10 20:02:19 921] tts        657  TTS_MSG_GETAUDIO  0  
[2025/08/10 20:02:19 921] tts        485  get audio|use local  
[2025/08/10 20:02:19 921] tts        527  0  nil  1  
[2025/08/10 20:02:19 922] tts        657  TTS_MSG_GETAUDIO  0  
[2025/08/10 20:02:19 922] tts        485  get audio|use local  
[2025/08/10 20:02:19 922] tts        527  0  nil  1  
[2025/08/10 20:02:19 922] tts        657  TTS_MSG_GETAUDIO  0  
[2025/08/10 20:02:19 923] tts        485  get audio|use local  
[2025/08/10 20:02:19 923] tts        527  0  nil  1  
[2025/08/10 20:02:19 923] tts        657  TTS_MSG_GETAUDIO  0  
[2025/08/10 20:02:19 923] tts        485  get audio|use local  
[2025/08/10 20:02:19 923] tts        527  0  nil  1  
[2025/08/10 20:02:19 924] tts        657  TTS_MSG_GETAUDIO  0  
[2025/08/10 20:02:19 924] tts        485  get audio|use local  
[2025/08/10 20:02:19 924] tts        527  0  nil  1  
[2025/08/10 20:02:19 925] tts        657  TTS_MSG_GETAUDIO  0  
[2025/08/10 20:02:19 925] tts        485  get audio|use local  
[2025/08/10 20:02:19 925] tts        527  0  nil  1  
[2025/08/10 20:02:19 926] tts        657  TTS_MSG_GETAUDIO  0  
[2025/08/10 20:02:19 926] tts        485  get audio|use local  
[2025/08/10 20:02:19 926] tts        527  0  nil  1  
[2025/08/10 20:02:19 927] tts        657  TTS_MSG_GETAUDIO  0  
[2025/08/10 20:02:19 927] tts        485  get audio|use local  
[2025/08/10 20:02:19 927] tts        527  0  nil  1  
[2025/08/10 20:02:19 928] tts        657  TTS_MSG_GETAUDIO  0  
[2025/08/10 20:02:19 928] tts        485  get audio|use local  
[2025/08/10 20:02:19 928] tts        527  0  nil  1  
[2025/08/10 20:02:19 929] tts        657  TTS_MSG_GETAUDIO  0  
[2025/08/10 20:02:19 929] tts        485  get audio|use local  
[2025/08/10 20:02:19 929] tts        527  0  nil  1  
[2025/08/10 20:02:19 930] tts        657  TTS_MSG_GETAUDIO  0  
[2025/08/10 20:02:19 930] tts        485  get audio|use local  
[2025/08/10 20:02:19 930] tts        527  0  nil  1  
[2025/08/10 20:02:19 931] tts        657  TTS_MSG_GETAUDIO  0  
[2025/08/10 20:02:19 931] tts        485  get audio|use local  
[2025/08/10 20:02:19 931] tts        527  0  nil  1  
[2025/08/10 20:02:19 932] tts        657  TTS_MSG_GETAUDIO  0  
[2025/08/10 20:02:19 932] tts        485  get audio|use local  
[2025/08/10 20:02:19 932] tts        527  0  nil  1  
[2025/08/10 20:02:19 933] tts        657  TTS_MSG_GETAUDIO  0  
[2025/08/10 20:02:19 933] tts        485  get audio|use local  
[2025/08/10 20:02:19 934] tts        527  0  nil  1  
[2025/08/10 20:02:19 935] tts        657  TTS_MSG_GETAUDIO  0  
[2025/08/10 20:02:19 935] tts        485  get audio|use local  
[2025/08/10 20:02:19 935] tts        527  0  nil  1  
[2025/08/10 20:02:19 936] tts        657  TTS_MSG_GETAUDIO  0  
[2025/08/10 20:02:19 936] tts        485  get audio|use local  
[2025/08/10 20:02:19 937] tts        527  0  nil  1  
[2025/08/10 20:02:19 938] tts        657  TTS_MSG_GETAUDIO  0  
[2025/08/10 20:02:19 938] tts        485  get audio|use local  
[2025/08/10 20:02:19 938] tts        527  0  nil  1  
[2025/08/10 20:02:19 939] tts        657  TTS_MSG_GETAUDIO  0  
[2025/08/10 20:02:19 939] tts        485  get audio|use local  
[2025/08/10 20:02:19 939] tts        527  0  nil  1  
[2025/08/10 20:02:19 940] tts        657  TTS_MSG_GETAUDIO  0  
[2025/08/10 20:02:19 941] tts        485  get audio|use local  
[2025/08/10 20:02:19 941] tts        527  0  nil  1  
[2025/08/10 20:02:19 942] tts        657  TTS_MSG_GETAUDIO  0  
[2025/08/10 20:02:19 942] tts        485  get audio|use local  
[2025/08/10 20:02:19 942] tts        527  0  nil  1  
[2025/08/10 20:02:19 943] tts        657  TTS_MSG_GETAUDIO  0  
[2025/08/10 20:02:19 943] tts        485  get audio|use local  
[2025/08/10 20:02:19 943] tts        527  0  nil  1  
[2025/08/10 20:02:19 944] tts        657  TTS_MSG_GETAUDIO  0  
[2025/08/10 20:02:19 944] tts        485  get audio|use local  
[2025/08/10 20:02:19 944] tts        527  0  nil  1  
[2025/08/10 20:02:19 945] tts        657  TTS_MSG_GETAUDIO  0  
[2025/08/10 20:02:19 945] tts        485  get audio|use local  
[2025/08/10 20:02:19 945] tts        527  0  nil  1  
[2025/08/10 20:02:19 946] tts        657  TTS_MSG_GETAUDIO  0  
[2025/08/10 20:02:19 946] tts        485  get audio|use local  
[2025/08/10 20:02:19 946] tts        527  0  nil  1  
[2025/08/10 20:02:19 947] tts        657  TTS_MSG_GETAUDIO  0  
[2025/08/10 20:02:19 947] tts        485  get audio|use local  
[2025/08/10 20:02:19 947] tts        527  0  nil  1  
[2025/08/10 20:02:19 948] tts        657  TTS_MSG_GETAUDIO  0  
[2025/08/10 20:02:19 948] tts        485  get audio|use local  
[2025/08/10 20:02:19 949] tts        527  0  nil  1  
[2025/08/10 20:02:19 949] tts        657  TTS_MSG_GETAUDIO  0  
[2025/08/10 20:02:19 950] tts        485  get audio|use local  
[2025/08/10 20:02:19 950] tts        527  0  nil  1  
[2025/08/10 20:02:19 950] tts        657  TTS_MSG_GETAUDIO  0  
[2025/08/10 20:02:19 950] tts        485  get audio|use local  
[2025/08/10 20:02:19 951] tts        527  0  nil  1  
[2025/08/10 20:02:19 952] tts        657  TTS_MSG_GETAUDIO  0  
[2025/08/10 20:02:19 952] tts        485  get audio|use local  
[2025/08/10 20:02:19 952] tts        527  0  nil  1  
[2025/08/10 20:02:19 953] tts        657  TTS_MSG_GETAUDIO  0  
[2025/08/10 20:02:19 953] tts        485  get audio|use local  
[2025/08/10 20:02:19 953] tts        527  0  nil  1  
[2025/08/10 20:02:19 954] tts        657  TTS_MSG_GETAUDIO  0  
[2025/08/10 20:02:19 954] tts        485  get audio|use local  
[2025/08/10 20:02:19 954] tts        527  0  nil  1  
[2025/08/10 20:02:19 955] tts        657  TTS_MSG_GETAUDIO  0  
[2025/08/10 20:02:19 955] tts        485  get audio|use local  
[2025/08/10 20:02:19 955] tts        527  0  nil  1  
[2025/08/10 20:02:19 957] tts        657  TTS_MSG_GETAUDIO  0  
[2025/08/10 20:02:19 957] tts        485  get audio|use local  
[2025/08/10 20:02:19 957] tts        527  0  nil  1  
[2025/08/10 20:02:19 958] tts        657  TTS_MSG_GETAUDIO  0  
[2025/08/10 20:02:19 958] tts        485  get audio|use local  
[2025/08/10 20:02:19 958] tts        527  0  nil  1  
[2025/08/10 20:02:19 959] tts        657  TTS_MSG_GETAUDIO  0  
[2025/08/10 20:02:19 959] tts        485  get audio|use local  
[2025/08/10 20:02:19 960] tts        527  0  nil  1  
[2025/08/10 20:02:19 960] tts        657  TTS_MSG_GETAUDIO  0  
[2025/08/10 20:02:19 960] tts        485  get audio|use local  
[2025/08/10 20:02:19 960] tts        527  0  nil  1  
[2025/08/10 20:02:19 961] tts        657  TTS_MSG_GETAUDIO  0  
[2025/08/10 20:02:19 961] tts        485  get audio|use local  
[2025/08/10 20:02:19 961] tts        527  0  nil  1  
[2025/08/10 20:02:19 962] tts        657  TTS_MSG_GETAUDIO  0  
[2025/08/10 20:02:19 962] tts        485  get audio|use local  
[2025/08/10 20:02:19 962] tts        527  0  nil  1  
[2025/08/10 20:02:19 963] tts        657  TTS_MSG_GETAUDIO  0  
[2025/08/10 20:02:19 963] tts        485  get audio|use local  
[2025/08/10 20:02:19 963] tts        527  0  nil  1  
[2025/08/10 20:02:19 964] tts        657  TTS_MSG_GETAUDIO  0  
[2025/08/10 20:02:19 964] tts        485  get audio|use local  
[2025/08/10 20:02:19 964] tts        527  0  nil  1  
[2025/08/10 20:02:19 965] tts        657  TTS_MSG_GETAUDIO  0  
[2025/08/10 20:02:19 965] tts        485  get audio|use local  
[2025/08/10 20:02:19 965] tts        527  0  nil  1  
[2025/08/10 20:02:19 966] tts        657  TTS_MSG_GETAUDIO  0  
[2025/08/10 20:02:19 966] tts        485  get audio|use local  
[2025/08/10 20:02:19 966] tts        527  0  nil  1  
[2025/08/10 20:02:19 966] tts        657  TTS_MSG_GETAUDIO  0  
[2025/08/10 20:02:19 966] tts        485  get audio|use local  
[2025/08/10 20:02:19 967] tts        527  0  nil  1  
[2025/08/10 20:02:19 967] tts        657  TTS_MSG_GETAUDIO  0  
[2025/08/10 20:02:19 967] tts        485  get audio|use local  
[2025/08/10 20:02:19 967] tts        527  0  nil  1  
[2025/08/10 20:02:19 968] tts        657  TTS_MSG_GETAUDIO  0  
[2025/08/10 20:02:19 969] tts        485  get audio|use local  
[2025/08/10 20:02:19 969] tts        527  0  nil  1  
[2025/08/10 20:02:19 969] tts        657  TTS_MSG_GETAUDIO  0  
[2025/08/10 20:02:19 970] tts        485  get audio|use local  
[2025/08/10 20:02:19 970] tts        527  0  nil  1  
[2025/08/10 20:02:19 970] tts        657  TTS_MSG_GETAUDIO  0  
[2025/08/10 20:02:19 971] tts        485  get audio|use local  
[2025/08/10 20:02:19 971] tts        527  0  nil  1  
[2025/08/10 20:02:19 971] tts        657  TTS_MSG_GETAUDIO  0  
[2025/08/10 20:02:19 972] tts        485  get audio|use local  
[2025/08/10 20:02:19 972] tts        527  0  nil  1  
[2025/08/10 20:02:19 972] tts        657  TTS_MSG_GETAUDIO  0  
[2025/08/10 20:02:19 972] tts        485  get audio|use local  
[2025/08/10 20:02:19 972] tts        527  0  nil  1  
[2025/08/10 20:02:19 973] tts        657  TTS_MSG_GETAUDIO  0  
[2025/08/10 20:02:19 973] tts        485  get audio|use local  
[2025/08/10 20:02:19 973] tts        527  0  nil  1  
[2025/08/10 20:02:19 974] tts        657  TTS_MSG_GETAUDIO  0  
[2025/08/10 20:02:19 974] tts        485  get audio|use local  
[2025/08/10 20:02:19 975] tts        527  0  nil  1  
[2025/08/10 20:02:19 975] tts        657  TTS_MSG_GETAUDIO  0  
[2025/08/10 20:02:19 976] tts        485  get audio|use local  
[2025/08/10 20:02:19 976] tts        527  0  nil  1  
[2025/08/10 20:02:19 977] tts        657  TTS_MSG_GETAUDIO  0  
[2025/08/10 20:02:19 977] tts        485  get audio|use local  
[2025/08/10 20:02:19 977] tts        527  0  nil  1  
[2025/08/10 20:02:19 978] tts        657  TTS_MSG_GETAUDIO  0  
[2025/08/10 20:02:19 979] tts        485  get audio|use local  
[2025/08/10 20:02:19 979] tts        527  0  nil  1  
[2025/08/10 20:02:19 979] tts        657  TTS_MSG_GETAUDIO  0  
[2025/08/10 20:02:19 980] tts        485  get audio|use local  
[2025/08/10 20:02:19 980] tts        527  0  nil  1  
[2025/08/10 20:02:19 981] tts        657  TTS_MSG_GETAUDIO  0  
[2025/08/10 20:02:19 981] tts        485  get audio|use local  
[2025/08/10 20:02:19 981] tts        527  0  nil  1  
[2025/08/10 20:02:19 982] tts        657  TTS_MSG_GETAUDIO  0  
[2025/08/10 20:02:19 982] tts        485  get audio|use local  
[2025/08/10 20:02:19 982] tts        527  0  nil  1  
[2025/08/10 20:02:19 983] tts        657  TTS_MSG_GETAUDIO  0  
[2025/08/10 20:02:19 983] tts        485  get audio|use local  
[2025/08/10 20:02:19 983] tts        527  0  nil  1  
[2025/08/10 20:02:19 985] tts        657  TTS_MSG_GETAUDIO  0  
[2025/08/10 20:02:19 985] tts        485  get audio|use local  
[2025/08/10 20:02:19 985] tts        527  0  nil  1  
[2025/08/10 20:02:19 986] tts        657  TTS_MSG_GETAUDIO  0  
[2025/08/10 20:02:19 986] tts        485  get audio|use local  
[2025/08/10 20:02:19 986] tts        527  0  nil  1  
[2025/08/10 20:02:19 987] tts        657  TTS_MSG_GETAUDIO  0  
[2025/08/10 20:02:19 987] tts        485  get audio|use local  
[2025/08/10 20:02:19 987] tts        527  0  nil  1  
[2025/08/10 20:02:19 988] tts        657  TTS_MSG_GETAUDIO  0  
[2025/08/10 20:02:19 989] tts        485  get audio|use local  
[2025/08/10 20:02:19 989] tts        527  0  nil  1  
[2025/08/10 20:02:19 990] tts        657  TTS_MSG_GETAUDIO  0  
[2025/08/10 20:02:19 990] tts        485  get audio|use local  
[2025/08/10 20:02:19 990] tts        527  0  nil  1  
[2025/08/10 20:02:19 992] tts        657  TTS_MSG_GETAUDIO  0  
[2025/08/10 20:02:19 992] tts        485  get audio|use local  
[2025/08/10 20:02:19 992] tts        527  0  nil  1  
[2025/08/10 20:02:19 993] tts        657  TTS_MSG_GETAUDIO  0  
[2025/08/10 20:02:19 993] tts        485  get audio|use local  
[2025/08/10 20:02:19 994] tts        527  0  nil  1  
[2025/08/10 20:02:19 995] tts        657  TTS_MSG_GETAUDIO  0  
[2025/08/10 20:02:19 995] tts        485  get audio|use local  
[2025/08/10 20:02:19 995] tts        527  0  nil  1  
[2025/08/10 20:02:19 996] tts        657  TTS_MSG_GETAUDIO  0  
[2025/08/10 20:02:19 996] tts        485  get audio|use local  
[2025/08/10 20:02:19 997] tts        527  0  nil  1  
[2025/08/10 20:02:19 997] tts        657  TTS_MSG_GETAUDIO  0  
[2025/08/10 20:02:19 998] tts        485  get audio|use local  
[2025/08/10 20:02:19 998] tts        527  0  nil  1  
[2025/08/10 20:02:20 000] tts        299  TTS_LOCAL_CB_BEGIN  
[2025/08/10 20:02:20 000] tts        657  TTS_MSG_GETAUDIO  0  
[2025/08/10 20:02:20 000] tts        485  get audio|use local  
[2025/08/10 20:02:20 000] tts        527  0  nil  1  
[2025/08/10 20:02:20 001] tts        657  TTS_MSG_GETAUDIO  0  
[2025/08/10 20:02:20 002] tts        485  get audio|use local  
[2025/08/10 20:02:20 002] tts        527  0  nil  1  
[2025/08/10 20:02:20 002] tts        657  TTS_MSG_GETAUDIO  0  
[2025/08/10 20:02:20 003] tts        485  get audio|use local  
[2025/08/10 20:02:20 003] tts        527  0  nil  1  
[2025/08/10 20:02:20 003] tts        657  TTS_MSG_GETAUDIO  0  
[2025/08/10 20:02:20 004] tts        485  get audio|use local  
[2025/08/10 20:02:20 004] tts        527  0  nil  1  
[2025/08/10 20:02:20 004] tts        657  TTS_MSG_GETAUDIO  0  
[2025/08/10 20:02:20 004] tts        485  get audio|use local  
[2025/08/10 20:02:20 005] tts        527  0  nil  1  
[2025/08/10 20:02:20 007] tts        657  TTS_MSG_GETAUDIO  0  
[2025/08/10 20:02:20 007] tts        485  get audio|use local  
[2025/08/10 20:02:20 007] tts        498  local audiolen:  2042  ,ced:  23  
[2025/08/10 20:02:20 008] tts        527  0  udata(5806abc8) 1  
[2025/08/10 20:02:20 010] tts        657  TTS_MSG_GETAUDIO  0  
[2025/08/10 20:02:20 010] tts        485  get audio|use local  
[2025/08/10 20:02:20 010] tts        498  local audiolen:  2016  ,ced:  23  
[2025/08/10 20:02:20 010] tts        527  0  udata(5807d3a8) 1  
[2025/08/10 20:02:20 013] tts        657  TTS_MSG_GETAUDIO  0  
[2025/08/10 20:02:20 013] tts        485  get audio|use local  
[2025/08/10 20:02:20 013] tts        498  local audiolen:  2034  ,ced:  23  
[2025/08/10 20:02:20 013] tts        527  0  udata(5807cc58) 1  
[2025/08/10 20:02:20 014] tts        657  TTS_MSG_GETAUDIO  0  
[2025/08/10 20:02:20 014] tts        485  get audio|use local  
[2025/08/10 20:02:20 016] tts        498  local audiolen:  2036  ,ced:  23  
[2025/08/10 20:02:20 016] tts        527  0  udata(5807cca8) 1  
[2025/08/10 20:02:20 017] tts        657  TTS_MSG_GETAUDIO  0  
[2025/08/10 20:02:20 017] tts        485  get audio|use local  
[2025/08/10 20:02:20 018] tts        498  local audiolen:  2044  ,ced:  23  
[2025/08/10 20:02:20 018] tts        527  0  udata(5807cc08) 1  
[2025/08/10 20:02:20 020] tts        657  TTS_MSG_GETAUDIO  0  
[2025/08/10 20:02:20 020] tts        485  get audio|use local  
[2025/08/10 20:02:20 020] tts        498  local audiolen:  2048  ,ced:  23  
[2025/08/10 20:02:20 020] tts        527  0  udata(5807f8f8) 1  
[2025/08/10 20:02:20 021] tts        657  TTS_MSG_GETAUDIO  0  
[2025/08/10 20:02:20 021] tts        485  get audio|use local  
[2025/08/10 20:02:20 022] tts        498  local audiolen:  1960  ,ced:  23  
[2025/08/10 20:02:20 022] tts        527  0  udata(5807ccf8) 1  
[2025/08/10 20:02:20 024] tts        657  TTS_MSG_GETAUDIO  0  
[2025/08/10 20:02:20 025] tts        485  get audio|use local  
[2025/08/10 20:02:20 025] tts        498  local audiolen:  2016  ,ced:  23  
[2025/08/10 20:02:20 025] tts        527  0  udata(5807cfb8) 1  
[2025/08/10 20:02:20 028] tts        657  TTS_MSG_GETAUDIO  0  
[2025/08/10 20:02:20 028] tts        485  get audio|use local  
[2025/08/10 20:02:20 029] tts        498  local audiolen:  2036  ,ced:  23  
[2025/08/10 20:02:20 029] tts        527  0  udata(58087d08) 1  
[2025/08/10 20:02:20 031] tts        657  TTS_MSG_GETAUDIO  0  
[2025/08/10 20:02:20 032] tts        485  get audio|use local  
[2025/08/10 20:02:20 032] tts        498  local audiolen:  2030  ,ced:  23  
[2025/08/10 20:02:20 032] tts        527  0  udata(58088058) 1  
[2025/08/10 20:02:20 033] tts        657  TTS_MSG_GETAUDIO  0  
[2025/08/10 20:02:20 033] tts        485  get audio|use local  
[2025/08/10 20:02:20 033] tts        498  local audiolen:  1916  ,ced:  23  
[2025/08/10 20:02:20 034] tts        527  0  udata(580881a8) 1  
[2025/08/10 20:02:20 036] tts        657  TTS_MSG_GETAUDIO  0  
[2025/08/10 20:02:20 037] tts        485  get audio|use local  
[2025/08/10 20:02:20 037] tts        498  local audiolen:  1954  ,ced:  23  
[2025/08/10 20:02:20 037] tts        527  0  udata(5807ef88) 1  
[2025/08/10 20:02:20 040] tts        657  TTS_MSG_GETAUDIO  0  
[2025/08/10 20:02:20 040] tts        485  get audio|use local  
[2025/08/10 20:02:20 040] tts        498  local audiolen:  2044  ,ced:  23  
[2025/08/10 20:02:20 040] tts        527  0  udata(5807f1d8) 1  
[2025/08/10 20:02:20 041] tts        657  TTS_MSG_GETAUDIO  0  
[2025/08/10 20:02:20 041] tts        485  get audio|use local  
[2025/08/10 20:02:20 041] tts        498  local audiolen:  2016  ,ced:  23  
[2025/08/10 20:02:20 041] tts        527  0  udata(5807f328) 1  
[2025/08/10 20:02:20 043] tts        657  TTS_MSG_GETAUDIO  0  
[2025/08/10 20:02:20 043] tts        485  get audio|use local  
[2025/08/10 20:02:20 044] tts        498  local audiolen:  1954  ,ced:  23  
[2025/08/10 20:02:20 044] tts        527  0  udata(5807e4f8) 1  
[2025/08/10 20:02:20 046] tts        657  TTS_MSG_GETAUDIO  0  
[2025/08/10 20:02:20 046] tts        485  get audio|use local  
[2025/08/10 20:02:20 046] tts        498  local audiolen:  2012  ,ced:  23  
[2025/08/10 20:02:20 046] tts        527  0  udata(5807e748) 1  
[2025/08/10 20:02:20 050] tts        657  TTS_MSG_GETAUDIO  0  
[2025/08/10 20:02:20 050] tts        485  get audio|use local  
[2025/08/10 20:02:20 050] tts        498  local audiolen:  2046  ,ced:  23  
[2025/08/10 20:02:20 050] tts        527  0  udata(58022818) 1  
[2025/08/10 20:02:20 051] tts        657  TTS_MSG_GETAUDIO  0  
[2025/08/10 20:02:20 051] tts        485  get audio|use local  
[2025/08/10 20:02:20 052] tts        498  local audiolen:  1956  ,ced:  23  
[2025/08/10 20:02:20 052] tts        527  0  udata(580227c8) 1  
[2025/08/10 20:02:20 054] tts        657  TTS_MSG_GETAUDIO  0  
[2025/08/10 20:02:20 054] tts        485  get audio|use local  
[2025/08/10 20:02:20 055] tts        498  local audiolen:  1902  ,ced:  23  
[2025/08/10 20:02:20 055] tts        527  0  udata(58022a68) 1  
[2025/08/10 20:02:20 057] tts        657  TTS_MSG_GETAUDIO  0  
[2025/08/10 20:02:20 057] tts        485  get audio|use local  
[2025/08/10 20:02:20 058] tts        498  local audiolen:  2012  ,ced:  23  
[2025/08/10 20:02:20 058] tts        527  0  udata(58022008) 1  
[2025/08/10 20:02:20 058] tts        301  0  0  
[2025/08/10 20:02:20 058] tts        312  TTS_LOCAL_CB_END,  2  
[2025/08/10 20:02:20 059] tts        657  TTS_MSG_GETAUDIO  0  
[2025/08/10 20:02:20 059] tts        485  get audio|use local  
[2025/08/10 20:02:20 059] tts        498  local audiolen:  2024  ,ced:  23  
[2025/08/10 20:02:20 059] tts        527  0  udata(580221f8) 1  
[2025/08/10 20:02:20 060] tts        657  TTS_MSG_GETAUDIO  0  
[2025/08/10 20:02:20 060] tts        485  get audio|use local  
[2025/08/10 20:02:20 060] tts        498  local audiolen:  2018  ,ced:  23  
[2025/08/10 20:02:20 060] tts        527  0  udata(58022248) 1  
[2025/08/10 20:02:20 061] tts        657  TTS_MSG_GETAUDIO  0  
[2025/08/10 20:02:20 061] tts        485  get audio|use local  
[2025/08/10 20:02:20 061] tts        498  local audiolen:  2028  ,ced:  23  
[2025/08/10 20:02:20 061] tts        527  0  udata(58022298) 1  
[2025/08/10 20:02:20 062] tts        657  TTS_MSG_GETAUDIO  0  
[2025/08/10 20:02:20 062] tts        485  get audio|use local  
[2025/08/10 20:02:20 062] tts        498  local audiolen:  2016  ,ced:  23  
[2025/08/10 20:02:20 062] tts        527  0  udata(580222e8) 1  
[2025/08/10 20:02:20 062] tts        657  TTS_MSG_GETAUDIO  0  
[2025/08/10 20:02:20 063] tts        485  get audio|use local  
[2025/08/10 20:02:20 063] tts        498  local audiolen:  1936  ,ced:  23  
[2025/08/10 20:02:20 063] tts        527  0  udata(58022338) 1  
[2025/08/10 20:02:20 063] tts        657  TTS_MSG_GETAUDIO  0  
[2025/08/10 20:02:20 064] tts        485  get audio|use local  
[2025/08/10 20:02:20 064] tts        498  local audiolen:  1982  ,ced:  23  
[2025/08/10 20:02:20 064] tts        527  0  udata(58022388) 1  
[2025/08/10 20:02:20 064] tts        657  TTS_MSG_GETAUDIO  0  
[2025/08/10 20:02:20 064] tts        485  get audio|use local  
[2025/08/10 20:02:20 065] tts        498  local audiolen:  2028  ,ced:  23  
[2025/08/10 20:02:20 065] tts        527  0  udata(580223d8) 1  
[2025/08/10 20:02:20 065] tts        657  TTS_MSG_GETAUDIO  0  
[2025/08/10 20:02:20 065] tts        485  get audio|use local  
[2025/08/10 20:02:20 066] tts        498  local audiolen:  1986  ,ced:  23  
[2025/08/10 20:02:20 066] tts        527  0  udata(58022428) 1  
[2025/08/10 20:02:20 066] tts        657  TTS_MSG_GETAUDIO  0  
[2025/08/10 20:02:20 066] tts        485  get audio|use local  
[2025/08/10 20:02:20 066] tts        498  local audiolen:  1994  ,ced:  23  
[2025/08/10 20:02:20 067] tts        527  0  udata(58022478) 1  
[2025/08/10 20:02:20 067] tts        657  TTS_MSG_GETAUDIO  0  
[2025/08/10 20:02:20 067] tts        485  get audio|use local  
[2025/08/10 20:02:20 067] tts        498  local audiolen:  1912  ,ced:  23  
[2025/08/10 20:02:20 068] tts        527  0  udata(580224c8) 1  
[2025/08/10 20:02:20 068] tts        657  TTS_MSG_GETAUDIO  0  
[2025/08/10 20:02:20 068] tts        485  get audio|use local  
[2025/08/10 20:02:20 068] tts        498  local audiolen:  2004  ,ced:  23  
[2025/08/10 20:02:20 069] tts        527  0  udata(58022518) 1  
[2025/08/10 20:02:20 069] tts        657  TTS_MSG_GETAUDIO  0  
[2025/08/10 20:02:20 069] tts        485  get audio|use local  
[2025/08/10 20:02:20 069] tts        498  local audiolen:  1914  ,ced:  23  
[2025/08/10 20:02:20 070] tts        527  0  udata(58022568) 1  
[2025/08/10 20:02:20 070] tts        657  TTS_MSG_GETAUDIO  0  
[2025/08/10 20:02:20 070] tts        485  get audio|use local  
[2025/08/10 20:02:20 070] tts        498  local audiolen:  1980  ,ced:  23  
[2025/08/10 20:02:20 070] tts        527  0  udata(580225b8) 1  
[2025/08/10 20:02:20 071] tts        657  TTS_MSG_GETAUDIO  0  
[2025/08/10 20:02:20 071] tts        485  get audio|use local  
[2025/08/10 20:02:20 071] tts        498  local audiolen:  1978  ,ced:  23  
[2025/08/10 20:02:20 071] tts        527  0  udata(58022608) 1  
[2025/08/10 20:02:20 072] tts        657  TTS_MSG_GETAUDIO  0  
[2025/08/10 20:02:20 072] tts        485  get audio|use local  
[2025/08/10 20:02:20 072] tts        498  local audiolen:  864  ,ced:  23  
[2025/08/10 20:02:20 072] tts        527  0  udata(58023548) 2  
[2025/08/10 20:02:20 073] tts        660  TTS_MSG_SSE  
[2025/08/10 20:02:20 075] tts        585  sse|use local  
[2025/08/10 20:02:20 078] tts        603  tts exit  
