============================================================
Time  2025/05/30 18:23:14 989 
============================================================
[2025/05/30 18:23:14 989] tts        676  SYS_MSG_REGCB param0 =  msp_status_cb  param1 =  func(80014a30) 
[2025/05/30 18:23:14 991] config     43   use general cloud  
[2025/05/30 18:23:15 004] tts_cloud  1417 SYS_MSG_REGCB_CLOUD param0 =   msp_status_cb  param1 =  func(80014a30) 
[2025/05/30 18:23:15 004] tts        647  TTS_MSG_SSB  
[2025/05/30 18:23:15 004] tts        375  params =  engine_type = local,voice_name=xiaoyan, text_encoding = UTF8, tts_res_path = fo|res/tts/xiaoyan.jet;fo|res/tts/common.jet, sample_rate = 16000, speed = 50, volume = 80, pitch = 50, rdn = 2  
[2025/05/30 18:23:15 005] tts        412  ssb|use local  
[2025/05/30 18:23:15 005] tts        349  local_session_begin  
[2025/05/30 18:23:15 014] tts        654  TTS_MSG_SYN  0  
[2025/05/30 18:23:15 016] tts        451  synth|use local  
[2025/05/30 18:23:15 018] tts        657  TTS_MSG_GETAUDIO  0  
[2025/05/30 18:23:15 018] tts        485  get audio|use local  
[2025/05/30 18:23:15 019] tts        527  0  nil  1  
[2025/05/30 18:23:15 021] tts        657  TTS_MSG_GETAUDIO  0  
[2025/05/30 18:23:15 021] tts        485  get audio|use local  
[2025/05/30 18:23:15 021] tts        527  0  nil  1  
[2025/05/30 18:23:15 022] tts        657  TTS_MSG_GETAUDIO  0  
[2025/05/30 18:23:15 022] tts        485  get audio|use local  
[2025/05/30 18:23:15 023] tts        527  0  nil  1  
[2025/05/30 18:23:15 025] tts        657  TTS_MSG_GETAUDIO  0  
[2025/05/30 18:23:15 025] tts        485  get audio|use local  
[2025/05/30 18:23:15 025] tts        527  0  nil  1  
[2025/05/30 18:23:15 027] tts        657  TTS_MSG_GETAUDIO  0  
[2025/05/30 18:23:15 027] tts        485  get audio|use local  
[2025/05/30 18:23:15 027] tts        527  0  nil  1  
[2025/05/30 18:23:15 028] tts        657  TTS_MSG_GETAUDIO  0  
[2025/05/30 18:23:15 029] tts        485  get audio|use local  
[2025/05/30 18:23:15 029] tts        527  0  nil  1  
[2025/05/30 18:23:15 029] tts        657  TTS_MSG_GETAUDIO  0  
[2025/05/30 18:23:15 030] tts        485  get audio|use local  
[2025/05/30 18:23:15 030] tts        527  0  nil  1  
[2025/05/30 18:23:15 031] tts        657  TTS_MSG_GETAUDIO  0  
[2025/05/30 18:23:15 031] tts        485  get audio|use local  
[2025/05/30 18:23:15 031] tts        527  0  nil  1  
[2025/05/30 18:23:15 032] tts        657  TTS_MSG_GETAUDIO  0  
[2025/05/30 18:23:15 033] tts        485  get audio|use local  
[2025/05/30 18:23:15 033] tts        527  0  nil  1  
[2025/05/30 18:23:15 034] tts        657  TTS_MSG_GETAUDIO  0  
[2025/05/30 18:23:15 034] tts        485  get audio|use local  
[2025/05/30 18:23:15 034] tts        527  0  nil  1  
[2025/05/30 18:23:15 036] tts        657  TTS_MSG_GETAUDIO  0  
[2025/05/30 18:23:15 036] tts        485  get audio|use local  
[2025/05/30 18:23:15 036] tts        527  0  nil  1  
[2025/05/30 18:23:15 037] tts        657  TTS_MSG_GETAUDIO  0  
[2025/05/30 18:23:15 037] tts        485  get audio|use local  
[2025/05/30 18:23:15 037] tts        527  0  nil  1  
[2025/05/30 18:23:15 038] tts        657  TTS_MSG_GETAUDIO  0  
[2025/05/30 18:23:15 038] tts        485  get audio|use local  
[2025/05/30 18:23:15 039] tts        527  0  nil  1  
[2025/05/30 18:23:15 040] tts        657  TTS_MSG_GETAUDIO  0  
[2025/05/30 18:23:15 040] tts        485  get audio|use local  
[2025/05/30 18:23:15 040] tts        527  0  nil  1  
[2025/05/30 18:23:15 041] tts        657  TTS_MSG_GETAUDIO  0  
[2025/05/30 18:23:15 041] tts        485  get audio|use local  
[2025/05/30 18:23:15 041] tts        527  0  nil  1  
[2025/05/30 18:23:15 044] tts        657  TTS_MSG_GETAUDIO  0  
[2025/05/30 18:23:15 044] tts        485  get audio|use local  
[2025/05/30 18:23:15 044] tts        527  0  nil  1  
[2025/05/30 18:23:15 045] tts        657  TTS_MSG_GETAUDIO  0  
[2025/05/30 18:23:15 045] tts        485  get audio|use local  
[2025/05/30 18:23:15 045] tts        527  0  nil  1  
[2025/05/30 18:23:15 045] tts        657  TTS_MSG_GETAUDIO  0  
[2025/05/30 18:23:15 046] tts        485  get audio|use local  
[2025/05/30 18:23:15 046] tts        527  0  nil  1  
[2025/05/30 18:23:15 046] tts        657  TTS_MSG_GETAUDIO  0  
[2025/05/30 18:23:15 047] tts        485  get audio|use local  
[2025/05/30 18:23:15 047] tts        527  0  nil  1  
[2025/05/30 18:23:15 048] tts        657  TTS_MSG_GETAUDIO  0  
[2025/05/30 18:23:15 048] tts        485  get audio|use local  
[2025/05/30 18:23:15 048] tts        527  0  nil  1  
[2025/05/30 18:23:15 049] tts        657  TTS_MSG_GETAUDIO  0  
[2025/05/30 18:23:15 049] tts        485  get audio|use local  
[2025/05/30 18:23:15 049] tts        527  0  nil  1  
[2025/05/30 18:23:15 049] tts        657  TTS_MSG_GETAUDIO  0  
[2025/05/30 18:23:15 049] tts        485  get audio|use local  
[2025/05/30 18:23:15 050] tts        527  0  nil  1  
[2025/05/30 18:23:15 053] tts        657  TTS_MSG_GETAUDIO  0  
[2025/05/30 18:23:15 053] tts        485  get audio|use local  
[2025/05/30 18:23:15 053] tts        527  0  nil  1  
[2025/05/30 18:23:15 054] tts        657  TTS_MSG_GETAUDIO  0  
[2025/05/30 18:23:15 054] tts        485  get audio|use local  
[2025/05/30 18:23:15 054] tts        527  0  nil  1  
[2025/05/30 18:23:15 055] tts        657  TTS_MSG_GETAUDIO  0  
[2025/05/30 18:23:15 055] tts        485  get audio|use local  
[2025/05/30 18:23:15 055] tts        527  0  nil  1  
[2025/05/30 18:23:15 055] tts        657  TTS_MSG_GETAUDIO  0  
[2025/05/30 18:23:15 055] tts        485  get audio|use local  
[2025/05/30 18:23:15 056] tts        527  0  nil  1  
[2025/05/30 18:23:15 056] tts        657  TTS_MSG_GETAUDIO  0  
[2025/05/30 18:23:15 056] tts        485  get audio|use local  
[2025/05/30 18:23:15 056] tts        527  0  nil  1  
[2025/05/30 18:23:15 057] tts        657  TTS_MSG_GETAUDIO  0  
[2025/05/30 18:23:15 057] tts        485  get audio|use local  
[2025/05/30 18:23:15 057] tts        527  0  nil  1  
[2025/05/30 18:23:15 059] tts        657  TTS_MSG_GETAUDIO  0  
[2025/05/30 18:23:15 059] tts        485  get audio|use local  
[2025/05/30 18:23:15 059] tts        527  0  nil  1  
[2025/05/30 18:23:15 064] tts        657  TTS_MSG_GETAUDIO  0  
[2025/05/30 18:23:15 064] tts        485  get audio|use local  
[2025/05/30 18:23:15 064] tts        527  0  nil  1  
[2025/05/30 18:23:15 065] tts        657  TTS_MSG_GETAUDIO  0  
[2025/05/30 18:23:15 065] tts        485  get audio|use local  
[2025/05/30 18:23:15 065] tts        527  0  nil  1  
[2025/05/30 18:23:15 066] tts        657  TTS_MSG_GETAUDIO  0  
[2025/05/30 18:23:15 066] tts        485  get audio|use local  
[2025/05/30 18:23:15 067] tts        527  0  nil  1  
[2025/05/30 18:23:15 067] tts        657  TTS_MSG_GETAUDIO  0  
[2025/05/30 18:23:15 067] tts        485  get audio|use local  
[2025/05/30 18:23:15 068] tts        527  0  nil  1  
[2025/05/30 18:23:15 068] tts        657  TTS_MSG_GETAUDIO  0  
[2025/05/30 18:23:15 068] tts        485  get audio|use local  
[2025/05/30 18:23:15 068] tts        527  0  nil  1  
[2025/05/30 18:23:15 069] tts        657  TTS_MSG_GETAUDIO  0  
[2025/05/30 18:23:15 069] tts        485  get audio|use local  
[2025/05/30 18:23:15 069] tts        527  0  nil  1  
[2025/05/30 18:23:15 070] tts        657  TTS_MSG_GETAUDIO  0  
[2025/05/30 18:23:15 070] tts        485  get audio|use local  
[2025/05/30 18:23:15 071] tts        527  0  nil  1  
[2025/05/30 18:23:15 072] tts        657  TTS_MSG_GETAUDIO  0  
[2025/05/30 18:23:15 072] tts        485  get audio|use local  
[2025/05/30 18:23:15 072] tts        527  0  nil  1  
[2025/05/30 18:23:15 073] tts        657  TTS_MSG_GETAUDIO  0  
[2025/05/30 18:23:15 073] tts        485  get audio|use local  
[2025/05/30 18:23:15 073] tts        527  0  nil  1  
[2025/05/30 18:23:15 074] tts        657  TTS_MSG_GETAUDIO  0  
[2025/05/30 18:23:15 074] tts        485  get audio|use local  
[2025/05/30 18:23:15 074] tts        527  0  nil  1  
[2025/05/30 18:23:15 075] tts        657  TTS_MSG_GETAUDIO  0  
[2025/05/30 18:23:15 076] tts        485  get audio|use local  
[2025/05/30 18:23:15 076] tts        527  0  nil  1  
[2025/05/30 18:23:15 077] tts        657  TTS_MSG_GETAUDIO  0  
[2025/05/30 18:23:15 077] tts        485  get audio|use local  
[2025/05/30 18:23:15 077] tts        527  0  nil  1  
[2025/05/30 18:23:15 078] tts        657  TTS_MSG_GETAUDIO  0  
[2025/05/30 18:23:15 079] tts        485  get audio|use local  
[2025/05/30 18:23:15 079] tts        527  0  nil  1  
[2025/05/30 18:23:15 080] tts        657  TTS_MSG_GETAUDIO  0  
[2025/05/30 18:23:15 080] tts        485  get audio|use local  
[2025/05/30 18:23:15 080] tts        527  0  nil  1  
[2025/05/30 18:23:15 081] tts        657  TTS_MSG_GETAUDIO  0  
[2025/05/30 18:23:15 082] tts        485  get audio|use local  
[2025/05/30 18:23:15 082] tts        527  0  nil  1  
[2025/05/30 18:23:15 083] tts        657  TTS_MSG_GETAUDIO  0  
[2025/05/30 18:23:15 083] tts        485  get audio|use local  
[2025/05/30 18:23:15 084] tts        527  0  nil  1  
[2025/05/30 18:23:15 085] tts        657  TTS_MSG_GETAUDIO  0  
[2025/05/30 18:23:15 085] tts        485  get audio|use local  
[2025/05/30 18:23:15 085] tts        527  0  nil  1  
[2025/05/30 18:23:15 086] tts        657  TTS_MSG_GETAUDIO  0  
[2025/05/30 18:23:15 086] tts        485  get audio|use local  
[2025/05/30 18:23:15 086] tts        527  0  nil  1  
[2025/05/30 18:23:15 088] tts        657  TTS_MSG_GETAUDIO  0  
[2025/05/30 18:23:15 089] tts        485  get audio|use local  
[2025/05/30 18:23:15 089] tts        527  0  nil  1  
[2025/05/30 18:23:15 092] tts        657  TTS_MSG_GETAUDIO  0  
[2025/05/30 18:23:15 093] tts        485  get audio|use local  
[2025/05/30 18:23:15 093] tts        527  0  nil  1  
[2025/05/30 18:23:15 094] tts        657  TTS_MSG_GETAUDIO  0  
[2025/05/30 18:23:15 094] tts        485  get audio|use local  
[2025/05/30 18:23:15 094] tts        527  0  nil  1  
[2025/05/30 18:23:15 100] tts        657  TTS_MSG_GETAUDIO  0  
[2025/05/30 18:23:15 101] tts        485  get audio|use local  
[2025/05/30 18:23:15 101] tts        527  0  nil  1  
[2025/05/30 18:23:15 105] tts        657  TTS_MSG_GETAUDIO  0  
[2025/05/30 18:23:15 105] tts        485  get audio|use local  
[2025/05/30 18:23:15 105] tts        527  0  nil  1  
[2025/05/30 18:23:15 106] tts        657  TTS_MSG_GETAUDIO  0  
[2025/05/30 18:23:15 107] tts        485  get audio|use local  
[2025/05/30 18:23:15 107] tts        527  0  nil  1  
[2025/05/30 18:23:15 108] tts        657  TTS_MSG_GETAUDIO  0  
[2025/05/30 18:23:15 108] tts        485  get audio|use local  
[2025/05/30 18:23:15 108] tts        527  0  nil  1  
[2025/05/30 18:23:15 109] tts        657  TTS_MSG_GETAUDIO  0  
[2025/05/30 18:23:15 109] tts        485  get audio|use local  
[2025/05/30 18:23:15 109] tts        527  0  nil  1  
[2025/05/30 18:23:15 110] tts        657  TTS_MSG_GETAUDIO  0  
[2025/05/30 18:23:15 110] tts        485  get audio|use local  
[2025/05/30 18:23:15 110] tts        527  0  nil  1  
[2025/05/30 18:23:15 111] tts        657  TTS_MSG_GETAUDIO  0  
[2025/05/30 18:23:15 111] tts        485  get audio|use local  
[2025/05/30 18:23:15 111] tts        527  0  nil  1  
[2025/05/30 18:23:15 112] tts        657  TTS_MSG_GETAUDIO  0  
[2025/05/30 18:23:15 112] tts        485  get audio|use local  
[2025/05/30 18:23:15 112] tts        527  0  nil  1  
[2025/05/30 18:23:15 113] tts        657  TTS_MSG_GETAUDIO  0  
[2025/05/30 18:23:15 113] tts        485  get audio|use local  
[2025/05/30 18:23:15 114] tts        527  0  nil  1  
[2025/05/30 18:23:15 114] tts        657  TTS_MSG_GETAUDIO  0  
[2025/05/30 18:23:15 114] tts        485  get audio|use local  
[2025/05/30 18:23:15 115] tts        527  0  nil  1  
[2025/05/30 18:23:15 115] tts        657  TTS_MSG_GETAUDIO  0  
[2025/05/30 18:23:15 116] tts        485  get audio|use local  
[2025/05/30 18:23:15 116] tts        527  0  nil  1  
[2025/05/30 18:23:15 117] tts        657  TTS_MSG_GETAUDIO  0  
[2025/05/30 18:23:15 117] tts        485  get audio|use local  
[2025/05/30 18:23:15 117] tts        527  0  nil  1  
[2025/05/30 18:23:15 119] tts        657  TTS_MSG_GETAUDIO  0  
[2025/05/30 18:23:15 120] tts        485  get audio|use local  
[2025/05/30 18:23:15 120] tts        527  0  nil  1  
[2025/05/30 18:23:15 124] tts        657  TTS_MSG_GETAUDIO  0  
[2025/05/30 18:23:15 124] tts        485  get audio|use local  
[2025/05/30 18:23:15 124] tts        527  0  nil  1  
[2025/05/30 18:23:15 125] tts        657  TTS_MSG_GETAUDIO  0  
[2025/05/30 18:23:15 125] tts        485  get audio|use local  
[2025/05/30 18:23:15 125] tts        527  0  nil  1  
[2025/05/30 18:23:15 132] tts        299  TTS_LOCAL_CB_BEGIN  
[2025/05/30 18:23:15 135] tts        657  TTS_MSG_GETAUDIO  0  
[2025/05/30 18:23:15 135] tts        485  get audio|use local  
[2025/05/30 18:23:15 135] tts        498  local audiolen:  2042  ,ced:  16  
[2025/05/30 18:23:15 135] tts        527  0  udata(8006abc8) 1  
[2025/05/30 18:23:15 140] tts        657  TTS_MSG_GETAUDIO  0  
[2025/05/30 18:23:15 140] tts        485  get audio|use local  
[2025/05/30 18:23:15 141] tts        498  local audiolen:  2016  ,ced:  16  
[2025/05/30 18:23:15 141] tts        527  0  udata(8007d0f8) 1  
[2025/05/30 18:23:15 156] tts        657  TTS_MSG_GETAUDIO  0  
[2025/05/30 18:23:15 156] tts        485  get audio|use local  
[2025/05/30 18:23:15 157] tts        498  local audiolen:  1970  ,ced:  16  
[2025/05/30 18:23:15 157] tts        527  0  udata(80070e18) 1  
[2025/05/30 18:23:15 158] tts        657  TTS_MSG_GETAUDIO  0  
[2025/05/30 18:23:15 158] tts        485  get audio|use local  
[2025/05/30 18:23:15 158] tts        498  local audiolen:  1900  ,ced:  16  
[2025/05/30 18:23:15 158] tts        527  0  udata(80087e48) 1  
[2025/05/30 18:23:15 158] tts        657  TTS_MSG_GETAUDIO  0  
[2025/05/30 18:23:15 159] tts        485  get audio|use local  
[2025/05/30 18:23:15 159] tts        498  local audiolen:  1972  ,ced:  16  
[2025/05/30 18:23:15 159] tts        527  0  udata(800876c8) 1  
[2025/05/30 18:23:15 159] tts        657  TTS_MSG_GETAUDIO  0  
[2025/05/30 18:23:15 159] tts        485  get audio|use local  
[2025/05/30 18:23:15 159] tts        498  local audiolen:  1982  ,ced:  16  
[2025/05/30 18:23:15 159] tts        527  0  udata(80087718) 1  
[2025/05/30 18:23:15 160] tts        657  TTS_MSG_GETAUDIO  0  
[2025/05/30 18:23:15 160] tts        485  get audio|use local  
[2025/05/30 18:23:15 160] tts        498  local audiolen:  2046  ,ced:  16  
[2025/05/30 18:23:15 160] tts        527  0  udata(80087768) 1  
[2025/05/30 18:23:15 161] tts        657  TTS_MSG_GETAUDIO  0  
[2025/05/30 18:23:15 161] tts        485  get audio|use local  
[2025/05/30 18:23:15 161] tts        498  local audiolen:  1970  ,ced:  16  
[2025/05/30 18:23:15 161] tts        527  0  udata(800877b8) 1  
[2025/05/30 18:23:15 168] tts        657  TTS_MSG_GETAUDIO  0  
[2025/05/30 18:23:15 168] tts        485  get audio|use local  
[2025/05/30 18:23:15 168] tts        498  local audiolen:  1932  ,ced:  16  
[2025/05/30 18:23:15 168] tts        527  0  udata(80087c08) 1  
[2025/05/30 18:23:15 169] tts        657  TTS_MSG_GETAUDIO  0  
[2025/05/30 18:23:15 169] tts        485  get audio|use local  
[2025/05/30 18:23:15 169] tts        498  local audiolen:  1994  ,ced:  16  
[2025/05/30 18:23:15 169] tts        527  0  udata(80087c58) 1  
[2025/05/30 18:23:15 170] tts        657  TTS_MSG_GETAUDIO  0  
[2025/05/30 18:23:15 170] tts        485  get audio|use local  
[2025/05/30 18:23:15 170] tts        498  local audiolen:  2008  ,ced:  16  
[2025/05/30 18:23:15 170] tts        527  0  udata(80087ca8) 1  
[2025/05/30 18:23:15 170] tts        657  TTS_MSG_GETAUDIO  0  
[2025/05/30 18:23:15 170] tts        485  get audio|use local  
[2025/05/30 18:23:15 170] tts        498  local audiolen:  1932  ,ced:  16  
[2025/05/30 18:23:15 170] tts        527  0  udata(80087cf8) 1  
[2025/05/30 18:23:15 171] tts        657  TTS_MSG_GETAUDIO  0  
[2025/05/30 18:23:15 171] tts        485  get audio|use local  
[2025/05/30 18:23:15 171] tts        498  local audiolen:  2044  ,ced:  16  
[2025/05/30 18:23:15 171] tts        527  0  udata(80087d48) 1  
[2025/05/30 18:23:15 172] tts        657  TTS_MSG_GETAUDIO  0  
[2025/05/30 18:23:15 172] tts        485  get audio|use local  
[2025/05/30 18:23:15 172] tts        498  local audiolen:  2014  ,ced:  16  
[2025/05/30 18:23:15 172] tts        527  0  udata(80087d98) 1  
[2025/05/30 18:23:15 172] tts        657  TTS_MSG_GETAUDIO  0  
[2025/05/30 18:23:15 172] tts        485  get audio|use local  
[2025/05/30 18:23:15 173] tts        498  local audiolen:  1982  ,ced:  16  
[2025/05/30 18:23:15 173] tts        527  0  udata(80087de8) 1  
[2025/05/30 18:23:15 173] tts        657  TTS_MSG_GETAUDIO  0  
[2025/05/30 18:23:15 173] tts        485  get audio|use local  
[2025/05/30 18:23:15 173] tts        498  local audiolen:  2006  ,ced:  16  
[2025/05/30 18:23:15 173] tts        527  0  udata(8007e978) 1  
[2025/05/30 18:23:15 176] tts        301  0  0  
[2025/05/30 18:23:15 176] tts        312  TTS_LOCAL_CB_END,  2  
[2025/05/30 18:23:15 176] tts        657  TTS_MSG_GETAUDIO  0  
[2025/05/30 18:23:15 176] tts        485  get audio|use local  
[2025/05/30 18:23:15 176] tts        498  local audiolen:  1964  ,ced:  16  
[2025/05/30 18:23:15 176] tts        527  0  udata(8007ed68) 1  
[2025/05/30 18:23:15 177] tts        657  TTS_MSG_GETAUDIO  0  
[2025/05/30 18:23:15 177] tts        485  get audio|use local  
[2025/05/30 18:23:15 177] tts        498  local audiolen:  2046  ,ced:  16  
[2025/05/30 18:23:15 177] tts        527  0  udata(8007f5c8) 1  
[2025/05/30 18:23:15 178] tts        657  TTS_MSG_GETAUDIO  0  
[2025/05/30 18:23:15 178] tts        485  get audio|use local  
[2025/05/30 18:23:15 178] tts        498  local audiolen:  1940  ,ced:  16  
[2025/05/30 18:23:15 178] tts        527  0  udata(8007f618) 1  
[2025/05/30 18:23:15 178] tts        657  TTS_MSG_GETAUDIO  0  
[2025/05/30 18:23:15 178] tts        485  get audio|use local  
[2025/05/30 18:23:15 178] tts        498  local audiolen:  2000  ,ced:  16  
[2025/05/30 18:23:15 179] tts        527  0  udata(8007f668) 1  
[2025/05/30 18:23:15 179] tts        657  TTS_MSG_GETAUDIO  0  
[2025/05/30 18:23:15 179] tts        485  get audio|use local  
[2025/05/30 18:23:15 179] tts        498  local audiolen:  1940  ,ced:  16  
[2025/05/30 18:23:15 179] tts        527  0  udata(8007edb8) 1  
[2025/05/30 18:23:15 180] tts        657  TTS_MSG_GETAUDIO  0  
[2025/05/30 18:23:15 180] tts        485  get audio|use local  
[2025/05/30 18:23:15 180] tts        498  local audiolen:  2048  ,ced:  16  
[2025/05/30 18:23:15 180] tts        527  0  udata(8007ee08) 1  
[2025/05/30 18:23:15 180] tts        657  TTS_MSG_GETAUDIO  0  
[2025/05/30 18:23:15 181] tts        485  get audio|use local  
[2025/05/30 18:23:15 181] tts        498  local audiolen:  2016  ,ced:  16  
[2025/05/30 18:23:15 181] tts        527  0  udata(8007ee58) 1  
[2025/05/30 18:23:15 181] tts        657  TTS_MSG_GETAUDIO  0  
[2025/05/30 18:23:15 181] tts        485  get audio|use local  
[2025/05/30 18:23:15 181] tts        498  local audiolen:  576  ,ced:  16  
[2025/05/30 18:23:15 181] tts        527  0  udata(8007f0f8) 2  
[2025/05/30 18:23:15 182] tts        660  TTS_MSG_SSE  
[2025/05/30 18:23:15 183] tts        585  sse|use local  
[2025/05/30 18:23:15 187] tts        603  tts exit  
