============================================================
Time  2025/08/10 20:01:25 198 
============================================================
[2025/08/10 20:01:25 199] tts        676  SYS_MSG_REGCB param0 =  msp_status_cb  param1 =  func(68014a30) 
[2025/08/10 20:01:25 203] config     43   use general cloud  
[2025/08/10 20:01:25 213] tts_cloud  1417 SYS_MSG_REGCB_CLOUD param0 =   msp_status_cb  param1 =  func(68014a30) 
[2025/08/10 20:01:25 213] tts        647  TTS_MSG_SSB  
[2025/08/10 20:01:25 213] tts        375  params =  engine_type = local,voice_name=xiaoyan, text_encoding = UTF8, tts_res_path = fo|res/tts/xiaoyan.jet;fo|res/tts/common.jet, sample_rate = 16000, speed = 50, volume = 80, pitch = 50, rdn = 2  
[2025/08/10 20:01:25 214] tts        412  ssb|use local  
[2025/08/10 20:01:25 214] tts        349  local_session_begin  
[2025/08/10 20:01:25 218] tts        654  TTS_MSG_SYN  0  
[2025/08/10 20:01:25 218] tts        451  synth|use local  
[2025/08/10 20:01:25 219] tts        657  TTS_MSG_GETAUDIO  0  
[2025/08/10 20:01:25 219] tts        485  get audio|use local  
[2025/08/10 20:01:25 219] tts        527  0  nil  1  
[2025/08/10 20:01:25 220] tts        657  TTS_MSG_GETAUDIO  0  
[2025/08/10 20:01:25 220] tts        485  get audio|use local  
[2025/08/10 20:01:25 220] tts        527  0  nil  1  
[2025/08/10 20:01:25 221] tts        657  TTS_MSG_GETAUDIO  0  
[2025/08/10 20:01:25 221] tts        485  get audio|use local  
[2025/08/10 20:01:25 221] tts        527  0  nil  1  
[2025/08/10 20:01:25 222] tts        657  TTS_MSG_GETAUDIO  0  
[2025/08/10 20:01:25 222] tts        485  get audio|use local  
[2025/08/10 20:01:25 222] tts        527  0  nil  1  
[2025/08/10 20:01:25 224] tts        657  TTS_MSG_GETAUDIO  0  
[2025/08/10 20:01:25 224] tts        485  get audio|use local  
[2025/08/10 20:01:25 224] tts        527  0  nil  1  
[2025/08/10 20:01:25 225] tts        657  TTS_MSG_GETAUDIO  0  
[2025/08/10 20:01:25 225] tts        485  get audio|use local  
[2025/08/10 20:01:25 225] tts        527  0  nil  1  
[2025/08/10 20:01:25 226] tts        657  TTS_MSG_GETAUDIO  0  
[2025/08/10 20:01:25 226] tts        485  get audio|use local  
[2025/08/10 20:01:25 226] tts        527  0  nil  1  
[2025/08/10 20:01:25 227] tts        657  TTS_MSG_GETAUDIO  0  
[2025/08/10 20:01:25 227] tts        485  get audio|use local  
[2025/08/10 20:01:25 227] tts        527  0  nil  1  
[2025/08/10 20:01:25 227] tts        657  TTS_MSG_GETAUDIO  0  
[2025/08/10 20:01:25 228] tts        485  get audio|use local  
[2025/08/10 20:01:25 228] tts        527  0  nil  1  
[2025/08/10 20:01:25 228] tts        657  TTS_MSG_GETAUDIO  0  
[2025/08/10 20:01:25 229] tts        485  get audio|use local  
[2025/08/10 20:01:25 229] tts        527  0  nil  1  
[2025/08/10 20:01:25 229] tts        657  TTS_MSG_GETAUDIO  0  
[2025/08/10 20:01:25 229] tts        485  get audio|use local  
[2025/08/10 20:01:25 229] tts        527  0  nil  1  
[2025/08/10 20:01:25 230] tts        657  TTS_MSG_GETAUDIO  0  
[2025/08/10 20:01:25 230] tts        485  get audio|use local  
[2025/08/10 20:01:25 230] tts        527  0  nil  1  
[2025/08/10 20:01:25 231] tts        657  TTS_MSG_GETAUDIO  0  
[2025/08/10 20:01:25 231] tts        485  get audio|use local  
[2025/08/10 20:01:25 231] tts        527  0  nil  1  
[2025/08/10 20:01:25 232] tts        657  TTS_MSG_GETAUDIO  0  
[2025/08/10 20:01:25 232] tts        485  get audio|use local  
[2025/08/10 20:01:25 232] tts        527  0  nil  1  
[2025/08/10 20:01:25 233] tts        657  TTS_MSG_GETAUDIO  0  
[2025/08/10 20:01:25 233] tts        485  get audio|use local  
[2025/08/10 20:01:25 233] tts        527  0  nil  1  
[2025/08/10 20:01:25 234] tts        657  TTS_MSG_GETAUDIO  0  
[2025/08/10 20:01:25 234] tts        485  get audio|use local  
[2025/08/10 20:01:25 234] tts        527  0  nil  1  
[2025/08/10 20:01:25 235] tts        657  TTS_MSG_GETAUDIO  0  
[2025/08/10 20:01:25 235] tts        485  get audio|use local  
[2025/08/10 20:01:25 235] tts        527  0  nil  1  
[2025/08/10 20:01:25 237] tts        657  TTS_MSG_GETAUDIO  0  
[2025/08/10 20:01:25 237] tts        485  get audio|use local  
[2025/08/10 20:01:25 237] tts        527  0  nil  1  
[2025/08/10 20:01:25 238] tts        657  TTS_MSG_GETAUDIO  0  
[2025/08/10 20:01:25 238] tts        485  get audio|use local  
[2025/08/10 20:01:25 238] tts        527  0  nil  1  
[2025/08/10 20:01:25 239] tts        657  TTS_MSG_GETAUDIO  0  
[2025/08/10 20:01:25 239] tts        485  get audio|use local  
[2025/08/10 20:01:25 239] tts        527  0  nil  1  
[2025/08/10 20:01:25 241] tts        657  TTS_MSG_GETAUDIO  0  
[2025/08/10 20:01:25 241] tts        485  get audio|use local  
[2025/08/10 20:01:25 241] tts        527  0  nil  1  
[2025/08/10 20:01:25 242] tts        657  TTS_MSG_GETAUDIO  0  
[2025/08/10 20:01:25 242] tts        485  get audio|use local  
[2025/08/10 20:01:25 242] tts        527  0  nil  1  
[2025/08/10 20:01:25 243] tts        657  TTS_MSG_GETAUDIO  0  
[2025/08/10 20:01:25 243] tts        485  get audio|use local  
[2025/08/10 20:01:25 243] tts        527  0  nil  1  
[2025/08/10 20:01:25 244] tts        657  TTS_MSG_GETAUDIO  0  
[2025/08/10 20:01:25 244] tts        485  get audio|use local  
[2025/08/10 20:01:25 244] tts        527  0  nil  1  
[2025/08/10 20:01:25 245] tts        657  TTS_MSG_GETAUDIO  0  
[2025/08/10 20:01:25 245] tts        485  get audio|use local  
[2025/08/10 20:01:25 245] tts        527  0  nil  1  
[2025/08/10 20:01:25 246] tts        657  TTS_MSG_GETAUDIO  0  
[2025/08/10 20:01:25 246] tts        485  get audio|use local  
[2025/08/10 20:01:25 246] tts        527  0  nil  1  
[2025/08/10 20:01:25 247] tts        657  TTS_MSG_GETAUDIO  0  
[2025/08/10 20:01:25 247] tts        485  get audio|use local  
[2025/08/10 20:01:25 248] tts        527  0  nil  1  
[2025/08/10 20:01:25 248] tts        657  TTS_MSG_GETAUDIO  0  
[2025/08/10 20:01:25 248] tts        485  get audio|use local  
[2025/08/10 20:01:25 249] tts        527  0  nil  1  
[2025/08/10 20:01:25 249] tts        657  TTS_MSG_GETAUDIO  0  
[2025/08/10 20:01:25 250] tts        485  get audio|use local  
[2025/08/10 20:01:25 250] tts        527  0  nil  1  
[2025/08/10 20:01:25 251] tts        657  TTS_MSG_GETAUDIO  0  
[2025/08/10 20:01:25 251] tts        485  get audio|use local  
[2025/08/10 20:01:25 251] tts        527  0  nil  1  
[2025/08/10 20:01:25 252] tts        657  TTS_MSG_GETAUDIO  0  
[2025/08/10 20:01:25 252] tts        485  get audio|use local  
[2025/08/10 20:01:25 252] tts        527  0  nil  1  
[2025/08/10 20:01:25 253] tts        657  TTS_MSG_GETAUDIO  0  
[2025/08/10 20:01:25 253] tts        485  get audio|use local  
[2025/08/10 20:01:25 253] tts        527  0  nil  1  
[2025/08/10 20:01:25 254] tts        657  TTS_MSG_GETAUDIO  0  
[2025/08/10 20:01:25 254] tts        485  get audio|use local  
[2025/08/10 20:01:25 254] tts        527  0  nil  1  
[2025/08/10 20:01:25 255] tts        657  TTS_MSG_GETAUDIO  0  
[2025/08/10 20:01:25 255] tts        485  get audio|use local  
[2025/08/10 20:01:25 255] tts        527  0  nil  1  
[2025/08/10 20:01:25 256] tts        657  TTS_MSG_GETAUDIO  0  
[2025/08/10 20:01:25 256] tts        485  get audio|use local  
[2025/08/10 20:01:25 256] tts        527  0  nil  1  
[2025/08/10 20:01:25 257] tts        657  TTS_MSG_GETAUDIO  0  
[2025/08/10 20:01:25 257] tts        485  get audio|use local  
[2025/08/10 20:01:25 257] tts        527  0  nil  1  
[2025/08/10 20:01:25 258] tts        657  TTS_MSG_GETAUDIO  0  
[2025/08/10 20:01:25 258] tts        485  get audio|use local  
[2025/08/10 20:01:25 258] tts        527  0  nil  1  
[2025/08/10 20:01:25 259] tts        657  TTS_MSG_GETAUDIO  0  
[2025/08/10 20:01:25 259] tts        485  get audio|use local  
[2025/08/10 20:01:25 259] tts        527  0  nil  1  
[2025/08/10 20:01:25 260] tts        657  TTS_MSG_GETAUDIO  0  
[2025/08/10 20:01:25 260] tts        485  get audio|use local  
[2025/08/10 20:01:25 260] tts        527  0  nil  1  
[2025/08/10 20:01:25 260] tts        657  TTS_MSG_GETAUDIO  0  
[2025/08/10 20:01:25 260] tts        485  get audio|use local  
[2025/08/10 20:01:25 261] tts        527  0  nil  1  
[2025/08/10 20:01:25 261] tts        657  TTS_MSG_GETAUDIO  0  
[2025/08/10 20:01:25 262] tts        485  get audio|use local  
[2025/08/10 20:01:25 262] tts        527  0  nil  1  
[2025/08/10 20:01:25 263] tts        657  TTS_MSG_GETAUDIO  0  
[2025/08/10 20:01:25 263] tts        485  get audio|use local  
[2025/08/10 20:01:25 263] tts        527  0  nil  1  
[2025/08/10 20:01:25 264] tts        657  TTS_MSG_GETAUDIO  0  
[2025/08/10 20:01:25 264] tts        485  get audio|use local  
[2025/08/10 20:01:25 264] tts        527  0  nil  1  
[2025/08/10 20:01:25 265] tts        657  TTS_MSG_GETAUDIO  0  
[2025/08/10 20:01:25 265] tts        485  get audio|use local  
[2025/08/10 20:01:25 266] tts        527  0  nil  1  
[2025/08/10 20:01:25 266] tts        657  TTS_MSG_GETAUDIO  0  
[2025/08/10 20:01:25 266] tts        485  get audio|use local  
[2025/08/10 20:01:25 267] tts        527  0  nil  1  
[2025/08/10 20:01:25 267] tts        657  TTS_MSG_GETAUDIO  0  
[2025/08/10 20:01:25 268] tts        485  get audio|use local  
[2025/08/10 20:01:25 268] tts        527  0  nil  1  
[2025/08/10 20:01:25 269] tts        657  TTS_MSG_GETAUDIO  0  
[2025/08/10 20:01:25 269] tts        485  get audio|use local  
[2025/08/10 20:01:25 269] tts        527  0  nil  1  
[2025/08/10 20:01:25 270] tts        657  TTS_MSG_GETAUDIO  0  
[2025/08/10 20:01:25 270] tts        485  get audio|use local  
[2025/08/10 20:01:25 270] tts        527  0  nil  1  
[2025/08/10 20:01:25 271] tts        657  TTS_MSG_GETAUDIO  0  
[2025/08/10 20:01:25 272] tts        485  get audio|use local  
[2025/08/10 20:01:25 272] tts        527  0  nil  1  
[2025/08/10 20:01:25 273] tts        657  TTS_MSG_GETAUDIO  0  
[2025/08/10 20:01:25 273] tts        485  get audio|use local  
[2025/08/10 20:01:25 273] tts        527  0  nil  1  
[2025/08/10 20:01:25 274] tts        657  TTS_MSG_GETAUDIO  0  
[2025/08/10 20:01:25 274] tts        485  get audio|use local  
[2025/08/10 20:01:25 274] tts        527  0  nil  1  
[2025/08/10 20:01:25 275] tts        657  TTS_MSG_GETAUDIO  0  
[2025/08/10 20:01:25 275] tts        485  get audio|use local  
[2025/08/10 20:01:25 275] tts        527  0  nil  1  
[2025/08/10 20:01:25 276] tts        657  TTS_MSG_GETAUDIO  0  
[2025/08/10 20:01:25 276] tts        485  get audio|use local  
[2025/08/10 20:01:25 276] tts        527  0  nil  1  
[2025/08/10 20:01:25 277] tts        657  TTS_MSG_GETAUDIO  0  
[2025/08/10 20:01:25 277] tts        485  get audio|use local  
[2025/08/10 20:01:25 277] tts        527  0  nil  1  
[2025/08/10 20:01:25 278] tts        657  TTS_MSG_GETAUDIO  0  
[2025/08/10 20:01:25 279] tts        485  get audio|use local  
[2025/08/10 20:01:25 279] tts        527  0  nil  1  
[2025/08/10 20:01:25 280] tts        657  TTS_MSG_GETAUDIO  0  
[2025/08/10 20:01:25 281] tts        485  get audio|use local  
[2025/08/10 20:01:25 281] tts        527  0  nil  1  
[2025/08/10 20:01:25 282] tts        657  TTS_MSG_GETAUDIO  0  
[2025/08/10 20:01:25 282] tts        485  get audio|use local  
[2025/08/10 20:01:25 283] tts        527  0  nil  1  
[2025/08/10 20:01:25 284] tts        657  TTS_MSG_GETAUDIO  0  
[2025/08/10 20:01:25 284] tts        485  get audio|use local  
[2025/08/10 20:01:25 284] tts        527  0  nil  1  
[2025/08/10 20:01:25 285] tts        299  TTS_LOCAL_CB_BEGIN  
[2025/08/10 20:01:25 286] tts        657  TTS_MSG_GETAUDIO  0  
[2025/08/10 20:01:25 286] tts        485  get audio|use local  
[2025/08/10 20:01:25 286] tts        527  0  nil  1  
[2025/08/10 20:01:25 287] tts        657  TTS_MSG_GETAUDIO  0  
[2025/08/10 20:01:25 287] tts        485  get audio|use local  
[2025/08/10 20:01:25 287] tts        527  0  nil  1  
[2025/08/10 20:01:25 288] tts        657  TTS_MSG_GETAUDIO  0  
[2025/08/10 20:01:25 288] tts        485  get audio|use local  
[2025/08/10 20:01:25 288] tts        527  0  nil  1  
[2025/08/10 20:01:25 289] tts        657  TTS_MSG_GETAUDIO  0  
[2025/08/10 20:01:25 289] tts        485  get audio|use local  
[2025/08/10 20:01:25 289] tts        527  0  nil  1  
[2025/08/10 20:01:25 290] tts        657  TTS_MSG_GETAUDIO  0  
[2025/08/10 20:01:25 290] tts        485  get audio|use local  
[2025/08/10 20:01:25 290] tts        527  0  nil  1  
[2025/08/10 20:01:25 291] tts        657  TTS_MSG_GETAUDIO  0  
[2025/08/10 20:01:25 291] tts        485  get audio|use local  
[2025/08/10 20:01:25 292] tts        527  0  nil  1  
[2025/08/10 20:01:25 295] tts        657  TTS_MSG_GETAUDIO  0  
[2025/08/10 20:01:25 295] tts        485  get audio|use local  
[2025/08/10 20:01:25 295] tts        498  local audiolen:  2042  ,ced:  15  
[2025/08/10 20:01:25 295] tts        527  0  udata(6807f2a8) 1  
[2025/08/10 20:01:25 297] tts        657  TTS_MSG_GETAUDIO  0  
[2025/08/10 20:01:25 297] tts        485  get audio|use local  
[2025/08/10 20:01:25 298] tts        498  local audiolen:  2016  ,ced:  15  
[2025/08/10 20:01:25 298] tts        527  0  udata(6807f608) 1  
[2025/08/10 20:01:25 311] tts        657  TTS_MSG_GETAUDIO  0  
[2025/08/10 20:01:25 312] tts        485  get audio|use local  
[2025/08/10 20:01:25 312] tts        498  local audiolen:  1964  ,ced:  15  
[2025/08/10 20:01:25 312] tts        527  0  udata(68088138) 1  
[2025/08/10 20:01:25 321] tts        657  TTS_MSG_GETAUDIO  0  
[2025/08/10 20:01:25 321] tts        485  get audio|use local  
[2025/08/10 20:01:25 321] tts        498  local audiolen:  1916  ,ced:  15  
[2025/08/10 20:01:25 321] tts        527  0  udata(64066488) 1  
[2025/08/10 20:01:25 323] tts        657  TTS_MSG_GETAUDIO  0  
[2025/08/10 20:01:25 323] tts        485  get audio|use local  
[2025/08/10 20:01:25 324] tts        498  local audiolen:  2018  ,ced:  15  
[2025/08/10 20:01:25 325] tts        527  0  udata(6807eb88) 1  
[2025/08/10 20:01:25 329] tts        657  TTS_MSG_GETAUDIO  0  
[2025/08/10 20:01:25 329] tts        485  get audio|use local  
[2025/08/10 20:01:25 329] tts        498  local audiolen:  2008  ,ced:  15  
[2025/08/10 20:01:25 329] tts        527  0  udata(6807e868) 1  
[2025/08/10 20:01:25 330] tts        657  TTS_MSG_GETAUDIO  0  
[2025/08/10 20:01:25 332] tts        485  get audio|use local  
[2025/08/10 20:01:25 332] tts        498  local audiolen:  2046  ,ced:  15  
[2025/08/10 20:01:25 332] tts        527  0  udata(6807e9b8) 1  
[2025/08/10 20:01:25 334] tts        657  TTS_MSG_GETAUDIO  0  
[2025/08/10 20:01:25 334] tts        485  get audio|use local  
[2025/08/10 20:01:25 335] tts        498  local audiolen:  1972  ,ced:  15  
[2025/08/10 20:01:25 335] tts        527  0  udata(6807ec88) 1  
[2025/08/10 20:01:25 338] tts        657  TTS_MSG_GETAUDIO  0  
[2025/08/10 20:01:25 338] tts        485  get audio|use local  
[2025/08/10 20:01:25 338] tts        498  local audiolen:  1934  ,ced:  15  
[2025/08/10 20:01:25 339] tts        527  0  udata(6807f088) 1  
[2025/08/10 20:01:25 341] tts        657  TTS_MSG_GETAUDIO  0  
[2025/08/10 20:01:25 341] tts        485  get audio|use local  
[2025/08/10 20:01:25 341] tts        498  local audiolen:  2016  ,ced:  15  
[2025/08/10 20:01:25 343] tts        527  0  udata(68087848) 1  
[2025/08/10 20:01:25 346] tts        301  0  0  
[2025/08/10 20:01:25 346] tts        312  TTS_LOCAL_CB_END,  2  
[2025/08/10 20:01:25 346] tts        657  TTS_MSG_GETAUDIO  0  
[2025/08/10 20:01:25 347] tts        485  get audio|use local  
[2025/08/10 20:01:25 347] tts        498  local audiolen:  2036  ,ced:  15  
[2025/08/10 20:01:25 347] tts        527  0  udata(68087de8) 1  
[2025/08/10 20:01:25 348] tts        657  TTS_MSG_GETAUDIO  0  
[2025/08/10 20:01:25 348] tts        485  get audio|use local  
[2025/08/10 20:01:25 348] tts        498  local audiolen:  1944  ,ced:  15  
[2025/08/10 20:01:25 349] tts        527  0  udata(68087e38) 1  
[2025/08/10 20:01:25 349] tts        657  TTS_MSG_GETAUDIO  0  
[2025/08/10 20:01:25 350] tts        485  get audio|use local  
[2025/08/10 20:01:25 350] tts        498  local audiolen:  1958  ,ced:  15  
[2025/08/10 20:01:25 350] tts        527  0  udata(68087e88) 1  
[2025/08/10 20:01:25 351] tts        657  TTS_MSG_GETAUDIO  0  
[2025/08/10 20:01:25 351] tts        485  get audio|use local  
[2025/08/10 20:01:25 351] tts        498  local audiolen:  2016  ,ced:  15  
[2025/08/10 20:01:25 351] tts        527  0  udata(6807dea8) 1  
[2025/08/10 20:01:25 352] tts        657  TTS_MSG_GETAUDIO  0  
[2025/08/10 20:01:25 352] tts        485  get audio|use local  
[2025/08/10 20:01:25 352] tts        498  local audiolen:  2016  ,ced:  15  
[2025/08/10 20:01:25 352] tts        527  0  udata(6807def8) 1  
[2025/08/10 20:01:25 353] tts        657  TTS_MSG_GETAUDIO  0  
[2025/08/10 20:01:25 353] tts        485  get audio|use local  
[2025/08/10 20:01:25 353] tts        498  local audiolen:  1976  ,ced:  15  
[2025/08/10 20:01:25 353] tts        527  0  udata(6807df48) 1  
[2025/08/10 20:01:25 354] tts        657  TTS_MSG_GETAUDIO  0  
[2025/08/10 20:01:25 354] tts        485  get audio|use local  
[2025/08/10 20:01:25 354] tts        498  local audiolen:  1932  ,ced:  15  
[2025/08/10 20:01:25 354] tts        527  0  udata(6807dd08) 1  
[2025/08/10 20:01:25 355] tts        657  TTS_MSG_GETAUDIO  0  
[2025/08/10 20:01:25 355] tts        485  get audio|use local  
[2025/08/10 20:01:25 355] tts        498  local audiolen:  2022  ,ced:  15  
[2025/08/10 20:01:25 355] tts        527  0  udata(6807df98) 1  
[2025/08/10 20:01:25 356] tts        657  TTS_MSG_GETAUDIO  0  
[2025/08/10 20:01:25 356] tts        485  get audio|use local  
[2025/08/10 20:01:25 356] tts        498  local audiolen:  1996  ,ced:  15  
[2025/08/10 20:01:25 356] tts        527  0  udata(6807dfe8) 1  
[2025/08/10 20:01:25 357] tts        657  TTS_MSG_GETAUDIO  0  
[2025/08/10 20:01:25 357] tts        485  get audio|use local  
[2025/08/10 20:01:25 357] tts        498  local audiolen:  2030  ,ced:  15  
[2025/08/10 20:01:25 357] tts        527  0  udata(6807e038) 1  
[2025/08/10 20:01:25 358] tts        657  TTS_MSG_GETAUDIO  0  
[2025/08/10 20:01:25 359] tts        485  get audio|use local  
[2025/08/10 20:01:25 359] tts        498  local audiolen:  2006  ,ced:  15  
[2025/08/10 20:01:25 359] tts        527  0  udata(6807e088) 1  
[2025/08/10 20:01:25 360] tts        657  TTS_MSG_GETAUDIO  0  
[2025/08/10 20:01:25 360] tts        485  get audio|use local  
[2025/08/10 20:01:25 360] tts        498  local audiolen:  2016  ,ced:  15  
[2025/08/10 20:01:25 360] tts        527  0  udata(6807e0d8) 1  
[2025/08/10 20:01:25 361] tts        657  TTS_MSG_GETAUDIO  0  
[2025/08/10 20:01:25 361] tts        485  get audio|use local  
[2025/08/10 20:01:25 361] tts        498  local audiolen:  2016  ,ced:  15  
[2025/08/10 20:01:25 361] tts        527  0  udata(6807e128) 1  
[2025/08/10 20:01:25 362] tts        657  TTS_MSG_GETAUDIO  0  
[2025/08/10 20:01:25 362] tts        485  get audio|use local  
[2025/08/10 20:01:25 362] tts        498  local audiolen:  960  ,ced:  15  
[2025/08/10 20:01:25 362] tts        527  0  udata(6807d938) 2  
[2025/08/10 20:01:25 364] tts        660  TTS_MSG_SSE  
[2025/08/10 20:01:25 365] tts        585  sse|use local  
[2025/08/10 20:01:25 367] tts        603  tts exit  
