============================================================
Time  2025/08/11 17:06:38 934 
============================================================
[2025/08/11 17:06:38 934] tts        676  SYS_MSG_REGCB param0 =  msp_status_cb  param1 =  func(94014a30) 
[2025/08/11 17:06:38 940] config     43   use general cloud  
[2025/08/11 17:06:38 950] tts_cloud  1417 SYS_MSG_REGCB_CLOUD param0 =   msp_status_cb  param1 =  func(94014a30) 
[2025/08/11 17:06:38 951] tts        647  TTS_MSG_SSB  
[2025/08/11 17:06:38 952] tts        375  params =  engine_type = local,voice_name=xiaoyan, text_encoding = UTF8, tts_res_path = fo|res/tts/xiaoyan.jet;fo|res/tts/common.jet, sample_rate = 16000, speed = 50, volume = 80, pitch = 50, rdn = 2  
[2025/08/11 17:06:38 952] tts        412  ssb|use local  
[2025/08/11 17:06:38 952] tts        349  local_session_begin  
[2025/08/11 17:06:38 956] tts        654  TTS_MSG_SYN  0  
[2025/08/11 17:06:38 956] tts        451  synth|use local  
[2025/08/11 17:06:38 957] tts        657  TTS_MSG_GETAUDIO  0  
[2025/08/11 17:06:38 957] tts        485  get audio|use local  
[2025/08/11 17:06:38 957] tts        527  0  nil  1  
[2025/08/11 17:06:38 958] tts        657  TTS_MSG_GETAUDIO  0  
[2025/08/11 17:06:38 958] tts        485  get audio|use local  
[2025/08/11 17:06:38 959] tts        527  0  nil  1  
[2025/08/11 17:06:38 959] tts        657  TTS_MSG_GETAUDIO  0  
[2025/08/11 17:06:38 960] tts        485  get audio|use local  
[2025/08/11 17:06:38 960] tts        527  0  nil  1  
[2025/08/11 17:06:38 960] tts        657  TTS_MSG_GETAUDIO  0  
[2025/08/11 17:06:38 960] tts        485  get audio|use local  
[2025/08/11 17:06:38 961] tts        527  0  nil  1  
[2025/08/11 17:06:38 962] tts        657  TTS_MSG_GETAUDIO  0  
[2025/08/11 17:06:38 962] tts        485  get audio|use local  
[2025/08/11 17:06:38 962] tts        527  0  nil  1  
[2025/08/11 17:06:38 963] tts        657  TTS_MSG_GETAUDIO  0  
[2025/08/11 17:06:38 963] tts        485  get audio|use local  
[2025/08/11 17:06:38 963] tts        527  0  nil  1  
[2025/08/11 17:06:38 964] tts        657  TTS_MSG_GETAUDIO  0  
[2025/08/11 17:06:38 964] tts        485  get audio|use local  
[2025/08/11 17:06:38 964] tts        527  0  nil  1  
[2025/08/11 17:06:38 965] tts        657  TTS_MSG_GETAUDIO  0  
[2025/08/11 17:06:38 965] tts        485  get audio|use local  
[2025/08/11 17:06:38 965] tts        527  0  nil  1  
[2025/08/11 17:06:38 966] tts        657  TTS_MSG_GETAUDIO  0  
[2025/08/11 17:06:38 966] tts        485  get audio|use local  
[2025/08/11 17:06:38 966] tts        527  0  nil  1  
[2025/08/11 17:06:38 967] tts        657  TTS_MSG_GETAUDIO  0  
[2025/08/11 17:06:38 967] tts        485  get audio|use local  
[2025/08/11 17:06:38 967] tts        527  0  nil  1  
[2025/08/11 17:06:38 968] tts        657  TTS_MSG_GETAUDIO  0  
[2025/08/11 17:06:38 968] tts        485  get audio|use local  
[2025/08/11 17:06:38 968] tts        527  0  nil  1  
[2025/08/11 17:06:38 969] tts        657  TTS_MSG_GETAUDIO  0  
[2025/08/11 17:06:38 969] tts        485  get audio|use local  
[2025/08/11 17:06:38 969] tts        527  0  nil  1  
[2025/08/11 17:06:38 970] tts        657  TTS_MSG_GETAUDIO  0  
[2025/08/11 17:06:38 970] tts        485  get audio|use local  
[2025/08/11 17:06:38 970] tts        527  0  nil  1  
[2025/08/11 17:06:38 971] tts        657  TTS_MSG_GETAUDIO  0  
[2025/08/11 17:06:38 971] tts        485  get audio|use local  
[2025/08/11 17:06:38 971] tts        527  0  nil  1  
[2025/08/11 17:06:38 972] tts        657  TTS_MSG_GETAUDIO  0  
[2025/08/11 17:06:38 972] tts        485  get audio|use local  
[2025/08/11 17:06:38 972] tts        527  0  nil  1  
[2025/08/11 17:06:38 973] tts        657  TTS_MSG_GETAUDIO  0  
[2025/08/11 17:06:38 973] tts        485  get audio|use local  
[2025/08/11 17:06:38 974] tts        527  0  nil  1  
[2025/08/11 17:06:38 975] tts        657  TTS_MSG_GETAUDIO  0  
[2025/08/11 17:06:38 975] tts        485  get audio|use local  
[2025/08/11 17:06:38 975] tts        527  0  nil  1  
[2025/08/11 17:06:38 976] tts        657  TTS_MSG_GETAUDIO  0  
[2025/08/11 17:06:38 976] tts        485  get audio|use local  
[2025/08/11 17:06:38 977] tts        527  0  nil  1  
[2025/08/11 17:06:38 977] tts        657  TTS_MSG_GETAUDIO  0  
[2025/08/11 17:06:38 978] tts        485  get audio|use local  
[2025/08/11 17:06:38 978] tts        527  0  nil  1  
[2025/08/11 17:06:38 979] tts        657  TTS_MSG_GETAUDIO  0  
[2025/08/11 17:06:38 979] tts        485  get audio|use local  
[2025/08/11 17:06:38 979] tts        527  0  nil  1  
[2025/08/11 17:06:38 980] tts        657  TTS_MSG_GETAUDIO  0  
[2025/08/11 17:06:38 980] tts        485  get audio|use local  
[2025/08/11 17:06:38 981] tts        527  0  nil  1  
[2025/08/11 17:06:38 981] tts        657  TTS_MSG_GETAUDIO  0  
[2025/08/11 17:06:38 982] tts        485  get audio|use local  
[2025/08/11 17:06:38 982] tts        527  0  nil  1  
[2025/08/11 17:06:38 983] tts        657  TTS_MSG_GETAUDIO  0  
[2025/08/11 17:06:38 983] tts        485  get audio|use local  
[2025/08/11 17:06:38 983] tts        527  0  nil  1  
[2025/08/11 17:06:38 983] tts        657  TTS_MSG_GETAUDIO  0  
[2025/08/11 17:06:38 984] tts        485  get audio|use local  
[2025/08/11 17:06:38 984] tts        527  0  nil  1  
[2025/08/11 17:06:38 984] tts        657  TTS_MSG_GETAUDIO  0  
[2025/08/11 17:06:38 984] tts        485  get audio|use local  
[2025/08/11 17:06:38 984] tts        527  0  nil  1  
[2025/08/11 17:06:38 985] tts        657  TTS_MSG_GETAUDIO  0  
[2025/08/11 17:06:38 985] tts        485  get audio|use local  
[2025/08/11 17:06:38 985] tts        527  0  nil  1  
[2025/08/11 17:06:38 986] tts        657  TTS_MSG_GETAUDIO  0  
[2025/08/11 17:06:38 986] tts        485  get audio|use local  
[2025/08/11 17:06:38 987] tts        527  0  nil  1  
[2025/08/11 17:06:38 987] tts        657  TTS_MSG_GETAUDIO  0  
[2025/08/11 17:06:38 987] tts        485  get audio|use local  
[2025/08/11 17:06:38 987] tts        527  0  nil  1  
[2025/08/11 17:06:38 988] tts        657  TTS_MSG_GETAUDIO  0  
[2025/08/11 17:06:38 988] tts        485  get audio|use local  
[2025/08/11 17:06:38 988] tts        527  0  nil  1  
[2025/08/11 17:06:38 989] tts        657  TTS_MSG_GETAUDIO  0  
[2025/08/11 17:06:38 989] tts        485  get audio|use local  
[2025/08/11 17:06:38 990] tts        527  0  nil  1  
[2025/08/11 17:06:38 991] tts        657  TTS_MSG_GETAUDIO  0  
[2025/08/11 17:06:38 991] tts        485  get audio|use local  
[2025/08/11 17:06:38 991] tts        527  0  nil  1  
[2025/08/11 17:06:38 992] tts        657  TTS_MSG_GETAUDIO  0  
[2025/08/11 17:06:38 992] tts        485  get audio|use local  
[2025/08/11 17:06:38 992] tts        527  0  nil  1  
[2025/08/11 17:06:38 993] tts        657  TTS_MSG_GETAUDIO  0  
[2025/08/11 17:06:38 993] tts        485  get audio|use local  
[2025/08/11 17:06:38 994] tts        527  0  nil  1  
[2025/08/11 17:06:38 995] tts        657  TTS_MSG_GETAUDIO  0  
[2025/08/11 17:06:38 995] tts        485  get audio|use local  
[2025/08/11 17:06:38 995] tts        527  0  nil  1  
[2025/08/11 17:06:38 996] tts        657  TTS_MSG_GETAUDIO  0  
[2025/08/11 17:06:38 996] tts        485  get audio|use local  
[2025/08/11 17:06:38 996] tts        527  0  nil  1  
[2025/08/11 17:06:38 998] tts        657  TTS_MSG_GETAUDIO  0  
[2025/08/11 17:06:38 998] tts        485  get audio|use local  
[2025/08/11 17:06:38 998] tts        527  0  nil  1  
[2025/08/11 17:06:38 998] tts        657  TTS_MSG_GETAUDIO  0  
[2025/08/11 17:06:38 999] tts        485  get audio|use local  
[2025/08/11 17:06:38 999] tts        527  0  nil  1  
[2025/08/11 17:06:38 999] tts        657  TTS_MSG_GETAUDIO  0  
[2025/08/11 17:06:39 000] tts        485  get audio|use local  
[2025/08/11 17:06:39 000] tts        527  0  nil  1  
[2025/08/11 17:06:39 000] tts        657  TTS_MSG_GETAUDIO  0  
[2025/08/11 17:06:39 000] tts        485  get audio|use local  
[2025/08/11 17:06:39 001] tts        527  0  nil  1  
[2025/08/11 17:06:39 002] tts        657  TTS_MSG_GETAUDIO  0  
[2025/08/11 17:06:39 002] tts        485  get audio|use local  
[2025/08/11 17:06:39 002] tts        527  0  nil  1  
[2025/08/11 17:06:39 003] tts        657  TTS_MSG_GETAUDIO  0  
[2025/08/11 17:06:39 003] tts        485  get audio|use local  
[2025/08/11 17:06:39 003] tts        527  0  nil  1  
[2025/08/11 17:06:39 004] tts        657  TTS_MSG_GETAUDIO  0  
[2025/08/11 17:06:39 005] tts        485  get audio|use local  
[2025/08/11 17:06:39 005] tts        527  0  nil  1  
[2025/08/11 17:06:39 005] tts        657  TTS_MSG_GETAUDIO  0  
[2025/08/11 17:06:39 006] tts        485  get audio|use local  
[2025/08/11 17:06:39 006] tts        527  0  nil  1  
[2025/08/11 17:06:39 006] tts        657  TTS_MSG_GETAUDIO  0  
[2025/08/11 17:06:39 007] tts        485  get audio|use local  
[2025/08/11 17:06:39 007] tts        527  0  nil  1  
[2025/08/11 17:06:39 007] tts        657  TTS_MSG_GETAUDIO  0  
[2025/08/11 17:06:39 007] tts        485  get audio|use local  
[2025/08/11 17:06:39 008] tts        527  0  nil  1  
[2025/08/11 17:06:39 009] tts        657  TTS_MSG_GETAUDIO  0  
[2025/08/11 17:06:39 009] tts        485  get audio|use local  
[2025/08/11 17:06:39 009] tts        527  0  nil  1  
[2025/08/11 17:06:39 010] tts        657  TTS_MSG_GETAUDIO  0  
[2025/08/11 17:06:39 010] tts        485  get audio|use local  
[2025/08/11 17:06:39 011] tts        527  0  nil  1  
[2025/08/11 17:06:39 012] tts        657  TTS_MSG_GETAUDIO  0  
[2025/08/11 17:06:39 012] tts        485  get audio|use local  
[2025/08/11 17:06:39 012] tts        527  0  nil  1  
[2025/08/11 17:06:39 013] tts        657  TTS_MSG_GETAUDIO  0  
[2025/08/11 17:06:39 014] tts        485  get audio|use local  
[2025/08/11 17:06:39 014] tts        527  0  nil  1  
[2025/08/11 17:06:39 016] tts        657  TTS_MSG_GETAUDIO  0  
[2025/08/11 17:06:39 017] tts        485  get audio|use local  
[2025/08/11 17:06:39 017] tts        527  0  nil  1  
[2025/08/11 17:06:39 018] tts        657  TTS_MSG_GETAUDIO  0  
[2025/08/11 17:06:39 018] tts        485  get audio|use local  
[2025/08/11 17:06:39 018] tts        527  0  nil  1  
[2025/08/11 17:06:39 019] tts        657  TTS_MSG_GETAUDIO  0  
[2025/08/11 17:06:39 019] tts        485  get audio|use local  
[2025/08/11 17:06:39 019] tts        527  0  nil  1  
[2025/08/11 17:06:39 020] tts        657  TTS_MSG_GETAUDIO  0  
[2025/08/11 17:06:39 020] tts        485  get audio|use local  
[2025/08/11 17:06:39 020] tts        527  0  nil  1  
[2025/08/11 17:06:39 021] tts        657  TTS_MSG_GETAUDIO  0  
[2025/08/11 17:06:39 022] tts        485  get audio|use local  
[2025/08/11 17:06:39 022] tts        527  0  nil  1  
[2025/08/11 17:06:39 023] tts        657  TTS_MSG_GETAUDIO  0  
[2025/08/11 17:06:39 024] tts        485  get audio|use local  
[2025/08/11 17:06:39 024] tts        527  0  nil  1  
[2025/08/11 17:06:39 025] tts        657  TTS_MSG_GETAUDIO  0  
[2025/08/11 17:06:39 025] tts        485  get audio|use local  
[2025/08/11 17:06:39 026] tts        527  0  nil  1  
[2025/08/11 17:06:39 027] tts        657  TTS_MSG_GETAUDIO  0  
[2025/08/11 17:06:39 027] tts        485  get audio|use local  
[2025/08/11 17:06:39 028] tts        527  0  nil  1  
[2025/08/11 17:06:39 029] tts        657  TTS_MSG_GETAUDIO  0  
[2025/08/11 17:06:39 029] tts        485  get audio|use local  
[2025/08/11 17:06:39 030] tts        527  0  nil  1  
[2025/08/11 17:06:39 030] tts        299  TTS_LOCAL_CB_BEGIN  
[2025/08/11 17:06:39 030] tts        657  TTS_MSG_GETAUDIO  0  
[2025/08/11 17:06:39 031] tts        485  get audio|use local  
[2025/08/11 17:06:39 031] tts        527  0  nil  1  
[2025/08/11 17:06:39 031] tts        657  TTS_MSG_GETAUDIO  0  
[2025/08/11 17:06:39 031] tts        485  get audio|use local  
[2025/08/11 17:06:39 031] tts        527  0  nil  1  
[2025/08/11 17:06:39 032] tts        657  TTS_MSG_GETAUDIO  0  
[2025/08/11 17:06:39 032] tts        485  get audio|use local  
[2025/08/11 17:06:39 033] tts        527  0  nil  1  
[2025/08/11 17:06:39 033] tts        657  TTS_MSG_GETAUDIO  0  
[2025/08/11 17:06:39 033] tts        485  get audio|use local  
[2025/08/11 17:06:39 034] tts        527  0  nil  1  
[2025/08/11 17:06:39 034] tts        657  TTS_MSG_GETAUDIO  0  
[2025/08/11 17:06:39 034] tts        485  get audio|use local  
[2025/08/11 17:06:39 034] tts        527  0  nil  1  
[2025/08/11 17:06:39 035] tts        657  TTS_MSG_GETAUDIO  0  
[2025/08/11 17:06:39 035] tts        485  get audio|use local  
[2025/08/11 17:06:39 035] tts        527  0  nil  1  
[2025/08/11 17:06:39 036] tts        657  TTS_MSG_GETAUDIO  0  
[2025/08/11 17:06:39 036] tts        485  get audio|use local  
[2025/08/11 17:06:39 036] tts        527  0  nil  1  
[2025/08/11 17:06:39 037] tts        657  TTS_MSG_GETAUDIO  0  
[2025/08/11 17:06:39 037] tts        485  get audio|use local  
[2025/08/11 17:06:39 037] tts        527  0  nil  1  
[2025/08/11 17:06:39 037] tts        657  TTS_MSG_GETAUDIO  0  
[2025/08/11 17:06:39 038] tts        485  get audio|use local  
[2025/08/11 17:06:39 038] tts        527  0  nil  1  
[2025/08/11 17:06:39 039] tts        657  TTS_MSG_GETAUDIO  0  
[2025/08/11 17:06:39 039] tts        485  get audio|use local  
[2025/08/11 17:06:39 039] tts        527  0  nil  1  
[2025/08/11 17:06:39 039] tts        657  TTS_MSG_GETAUDIO  0  
[2025/08/11 17:06:39 039] tts        485  get audio|use local  
[2025/08/11 17:06:39 039] tts        527  0  nil  1  
[2025/08/11 17:06:39 041] tts        657  TTS_MSG_GETAUDIO  0  
[2025/08/11 17:06:39 041] tts        485  get audio|use local  
[2025/08/11 17:06:39 041] tts        527  0  nil  1  
[2025/08/11 17:06:39 043] tts        657  TTS_MSG_GETAUDIO  0  
[2025/08/11 17:06:39 043] tts        485  get audio|use local  
[2025/08/11 17:06:39 043] tts        498  local audiolen:  2042  ,ced:  21  
[2025/08/11 17:06:39 044] tts        527  0  udata(9407f298) 1  
[2025/08/11 17:06:39 044] tts        657  TTS_MSG_GETAUDIO  0  
[2025/08/11 17:06:39 044] tts        485  get audio|use local  
[2025/08/11 17:06:39 045] tts        498  local audiolen:  2016  ,ced:  21  
[2025/08/11 17:06:39 045] tts        527  0  udata(9406abc8) 1  
[2025/08/11 17:06:39 046] tts        657  TTS_MSG_GETAUDIO  0  
[2025/08/11 17:06:39 047] tts        485  get audio|use local  
[2025/08/11 17:06:39 047] tts        498  local audiolen:  1984  ,ced:  21  
[2025/08/11 17:06:39 047] tts        527  0  udata(9407f658) 1  
[2025/08/11 17:06:39 050] tts        657  TTS_MSG_GETAUDIO  0  
[2025/08/11 17:06:39 050] tts        485  get audio|use local  
[2025/08/11 17:06:39 050] tts        498  local audiolen:  2042  ,ced:  21  
[2025/08/11 17:06:39 050] tts        527  0  udata(a0025d58) 1  
[2025/08/11 17:06:39 053] tts        657  TTS_MSG_GETAUDIO  0  
[2025/08/11 17:06:39 053] tts        485  get audio|use local  
[2025/08/11 17:06:39 053] tts        498  local audiolen:  1934  ,ced:  21  
[2025/08/11 17:06:39 053] tts        527  0  udata(9407eaa8) 1  
[2025/08/11 17:06:39 057] tts        657  TTS_MSG_GETAUDIO  0  
[2025/08/11 17:06:39 057] tts        485  get audio|use local  
[2025/08/11 17:06:39 057] tts        498  local audiolen:  2008  ,ced:  21  
[2025/08/11 17:06:39 057] tts        527  0  udata(9407edf8) 1  
[2025/08/11 17:06:39 058] tts        657  TTS_MSG_GETAUDIO  0  
[2025/08/11 17:06:39 058] tts        485  get audio|use local  
[2025/08/11 17:06:39 059] tts        498  local audiolen:  1964  ,ced:  21  
[2025/08/11 17:06:39 059] tts        527  0  udata(9407ef48) 1  
[2025/08/11 17:06:39 061] tts        657  TTS_MSG_GETAUDIO  0  
[2025/08/11 17:06:39 062] tts        485  get audio|use local  
[2025/08/11 17:06:39 062] tts        498  local audiolen:  1962  ,ced:  21  
[2025/08/11 17:06:39 062] tts        527  0  udata(9407d568) 1  
[2025/08/11 17:06:39 067] tts        657  TTS_MSG_GETAUDIO  0  
[2025/08/11 17:06:39 067] tts        485  get audio|use local  
[2025/08/11 17:06:39 067] tts        498  local audiolen:  1958  ,ced:  21  
[2025/08/11 17:06:39 068] tts        527  0  udata(9407d8b8) 1  
[2025/08/11 17:06:39 069] tts        657  TTS_MSG_GETAUDIO  0  
[2025/08/11 17:06:39 069] tts        485  get audio|use local  
[2025/08/11 17:06:39 069] tts        498  local audiolen:  2022  ,ced:  21  
[2025/08/11 17:06:39 070] tts        527  0  udata(9407da08) 1  
[2025/08/11 17:06:39 072] tts        657  TTS_MSG_GETAUDIO  0  
[2025/08/11 17:06:39 072] tts        485  get audio|use local  
[2025/08/11 17:06:39 072] tts        498  local audiolen:  1976  ,ced:  21  
[2025/08/11 17:06:39 072] tts        527  0  udata(9407dc58) 1  
[2025/08/11 17:06:39 073] tts        657  TTS_MSG_GETAUDIO  0  
[2025/08/11 17:06:39 074] tts        485  get audio|use local  
[2025/08/11 17:06:39 074] tts        498  local audiolen:  1992  ,ced:  21  
[2025/08/11 17:06:39 074] tts        527  0  udata(9407dca8) 1  
[2025/08/11 17:06:39 076] tts        657  TTS_MSG_GETAUDIO  0  
[2025/08/11 17:06:39 076] tts        485  get audio|use local  
[2025/08/11 17:06:39 076] tts        498  local audiolen:  2008  ,ced:  21  
[2025/08/11 17:06:39 077] tts        527  0  udata(9407e808) 1  
[2025/08/11 17:06:39 082] tts        657  TTS_MSG_GETAUDIO  0  
[2025/08/11 17:06:39 083] tts        485  get audio|use local  
[2025/08/11 17:06:39 083] tts        498  local audiolen:  1924  ,ced:  21  
[2025/08/11 17:06:39 083] tts        527  0  udata(94087868) 1  
[2025/08/11 17:06:39 087] tts        301  0  0  
[2025/08/11 17:06:39 087] tts        312  TTS_LOCAL_CB_END,  2  
[2025/08/11 17:06:39 088] tts        657  TTS_MSG_GETAUDIO  0  
[2025/08/11 17:06:39 088] tts        485  get audio|use local  
[2025/08/11 17:06:39 088] tts        498  local audiolen:  1902  ,ced:  21  
[2025/08/11 17:06:39 088] tts        527  0  udata(9407e5f8) 1  
[2025/08/11 17:06:39 089] tts        657  TTS_MSG_GETAUDIO  0  
[2025/08/11 17:06:39 089] tts        485  get audio|use local  
[2025/08/11 17:06:39 089] tts        498  local audiolen:  1984  ,ced:  21  
[2025/08/11 17:06:39 089] tts        527  0  udata(94087d58) 1  
[2025/08/11 17:06:39 090] tts        657  TTS_MSG_GETAUDIO  0  
[2025/08/11 17:06:39 090] tts        485  get audio|use local  
[2025/08/11 17:06:39 090] tts        498  local audiolen:  2036  ,ced:  21  
[2025/08/11 17:06:39 091] tts        527  0  udata(94087da8) 1  
[2025/08/11 17:06:39 091] tts        657  TTS_MSG_GETAUDIO  0  
[2025/08/11 17:06:39 092] tts        485  get audio|use local  
[2025/08/11 17:06:39 092] tts        498  local audiolen:  1920  ,ced:  21  
[2025/08/11 17:06:39 092] tts        527  0  udata(94087df8) 1  
[2025/08/11 17:06:39 093] tts        657  TTS_MSG_GETAUDIO  0  
[2025/08/11 17:06:39 093] tts        485  get audio|use local  
[2025/08/11 17:06:39 093] tts        498  local audiolen:  2022  ,ced:  21  
[2025/08/11 17:06:39 093] tts        527  0  udata(94087e48) 1  
[2025/08/11 17:06:39 094] tts        657  TTS_MSG_GETAUDIO  0  
[2025/08/11 17:06:39 094] tts        485  get audio|use local  
[2025/08/11 17:06:39 094] tts        498  local audiolen:  2016  ,ced:  21  
[2025/08/11 17:06:39 094] tts        527  0  udata(94087e98) 1  
[2025/08/11 17:06:39 096] tts        657  TTS_MSG_GETAUDIO  0  
[2025/08/11 17:06:39 096] tts        485  get audio|use local  
[2025/08/11 17:06:39 096] tts        498  local audiolen:  1988  ,ced:  21  
[2025/08/11 17:06:39 096] tts        527  0  udata(94087ee8) 1  
[2025/08/11 17:06:39 097] tts        657  TTS_MSG_GETAUDIO  0  
[2025/08/11 17:06:39 097] tts        485  get audio|use local  
[2025/08/11 17:06:39 098] tts        498  local audiolen:  1974  ,ced:  21  
[2025/08/11 17:06:39 098] tts        527  0  udata(9407de78) 1  
[2025/08/11 17:06:39 099] tts        657  TTS_MSG_GETAUDIO  0  
[2025/08/11 17:06:39 099] tts        485  get audio|use local  
[2025/08/11 17:06:39 100] tts        498  local audiolen:  1948  ,ced:  21  
[2025/08/11 17:06:39 100] tts        527  0  udata(9407dec8) 1  
[2025/08/11 17:06:39 101] tts        657  TTS_MSG_GETAUDIO  0  
[2025/08/11 17:06:39 101] tts        485  get audio|use local  
[2025/08/11 17:06:39 101] tts        498  local audiolen:  2024  ,ced:  21  
[2025/08/11 17:06:39 101] tts        527  0  udata(9407df18) 1  
[2025/08/11 17:06:39 102] tts        657  TTS_MSG_GETAUDIO  0  
[2025/08/11 17:06:39 102] tts        485  get audio|use local  
[2025/08/11 17:06:39 102] tts        498  local audiolen:  1960  ,ced:  21  
[2025/08/11 17:06:39 102] tts        527  0  udata(9407df68) 1  
[2025/08/11 17:06:39 104] tts        657  TTS_MSG_GETAUDIO  0  
[2025/08/11 17:06:39 104] tts        485  get audio|use local  
[2025/08/11 17:06:39 104] tts        498  local audiolen:  1824  ,ced:  21  
[2025/08/11 17:06:39 104] tts        527  0  udata(9407dfb8) 1  
[2025/08/11 17:06:39 105] tts        657  TTS_MSG_GETAUDIO  0  
[2025/08/11 17:06:39 105] tts        485  get audio|use local  
[2025/08/11 17:06:39 106] tts        498  local audiolen:  1912  ,ced:  21  
[2025/08/11 17:06:39 106] tts        527  0  udata(9407e008) 1  
[2025/08/11 17:06:39 107] tts        657  TTS_MSG_GETAUDIO  0  
[2025/08/11 17:06:39 108] tts        485  get audio|use local  
[2025/08/11 17:06:39 108] tts        498  local audiolen:  1972  ,ced:  21  
[2025/08/11 17:06:39 108] tts        527  0  udata(9407e058) 2  
[2025/08/11 17:06:39 109] tts        660  TTS_MSG_SSE  
[2025/08/11 17:06:39 112] tts        585  sse|use local  
[2025/08/11 17:06:39 116] tts        603  tts exit  
