============================================================
Time  2025/08/10 20:01:45 400 
============================================================
[2025/08/10 20:01:45 400] tts        676  SYS_MSG_REGCB param0 =  msp_status_cb  param1 =  func(94014a30) 
[2025/08/10 20:01:45 403] config     43   use general cloud  
[2025/08/10 20:01:45 409] tts_cloud  1417 SYS_MSG_REGCB_CLOUD param0 =   msp_status_cb  param1 =  func(94014a30) 
[2025/08/10 20:01:45 410] tts        647  TTS_MSG_SSB  
[2025/08/10 20:01:45 410] tts        375  params =  engine_type = local,voice_name=xiaoyan, text_encoding = UTF8, tts_res_path = fo|res/tts/xiaoyan.jet;fo|res/tts/common.jet, sample_rate = 16000, speed = 50, volume = 80, pitch = 50, rdn = 2  
[2025/08/10 20:01:45 410] tts        412  ssb|use local  
[2025/08/10 20:01:45 410] tts        349  local_session_begin  
[2025/08/10 20:01:45 415] tts        654  TTS_MSG_SYN  0  
[2025/08/10 20:01:45 416] tts        451  synth|use local  
[2025/08/10 20:01:45 417] tts        657  TTS_MSG_GETAUDIO  0  
[2025/08/10 20:01:45 417] tts        485  get audio|use local  
[2025/08/10 20:01:45 418] tts        527  0  nil  1  
[2025/08/10 20:01:45 419] tts        657  TTS_MSG_GETAUDIO  0  
[2025/08/10 20:01:45 419] tts        485  get audio|use local  
[2025/08/10 20:01:45 419] tts        527  0  nil  1  
[2025/08/10 20:01:45 420] tts        657  TTS_MSG_GETAUDIO  0  
[2025/08/10 20:01:45 420] tts        485  get audio|use local  
[2025/08/10 20:01:45 420] tts        527  0  nil  1  
[2025/08/10 20:01:45 421] tts        657  TTS_MSG_GETAUDIO  0  
[2025/08/10 20:01:45 421] tts        485  get audio|use local  
[2025/08/10 20:01:45 421] tts        527  0  nil  1  
[2025/08/10 20:01:45 422] tts        657  TTS_MSG_GETAUDIO  0  
[2025/08/10 20:01:45 423] tts        485  get audio|use local  
[2025/08/10 20:01:45 423] tts        527  0  nil  1  
[2025/08/10 20:01:45 424] tts        657  TTS_MSG_GETAUDIO  0  
[2025/08/10 20:01:45 424] tts        485  get audio|use local  
[2025/08/10 20:01:45 424] tts        527  0  nil  1  
[2025/08/10 20:01:45 425] tts        657  TTS_MSG_GETAUDIO  0  
[2025/08/10 20:01:45 425] tts        485  get audio|use local  
[2025/08/10 20:01:45 425] tts        527  0  nil  1  
[2025/08/10 20:01:45 426] tts        657  TTS_MSG_GETAUDIO  0  
[2025/08/10 20:01:45 426] tts        485  get audio|use local  
[2025/08/10 20:01:45 427] tts        527  0  nil  1  
[2025/08/10 20:01:45 427] tts        657  TTS_MSG_GETAUDIO  0  
[2025/08/10 20:01:45 428] tts        485  get audio|use local  
[2025/08/10 20:01:45 428] tts        527  0  nil  1  
[2025/08/10 20:01:45 429] tts        657  TTS_MSG_GETAUDIO  0  
[2025/08/10 20:01:45 429] tts        485  get audio|use local  
[2025/08/10 20:01:45 429] tts        527  0  nil  1  
[2025/08/10 20:01:45 430] tts        657  TTS_MSG_GETAUDIO  0  
[2025/08/10 20:01:45 430] tts        485  get audio|use local  
[2025/08/10 20:01:45 430] tts        527  0  nil  1  
[2025/08/10 20:01:45 431] tts        657  TTS_MSG_GETAUDIO  0  
[2025/08/10 20:01:45 431] tts        485  get audio|use local  
[2025/08/10 20:01:45 431] tts        527  0  nil  1  
[2025/08/10 20:01:45 432] tts        657  TTS_MSG_GETAUDIO  0  
[2025/08/10 20:01:45 432] tts        485  get audio|use local  
[2025/08/10 20:01:45 433] tts        527  0  nil  1  
[2025/08/10 20:01:45 434] tts        657  TTS_MSG_GETAUDIO  0  
[2025/08/10 20:01:45 434] tts        485  get audio|use local  
[2025/08/10 20:01:45 434] tts        527  0  nil  1  
[2025/08/10 20:01:45 435] tts        657  TTS_MSG_GETAUDIO  0  
[2025/08/10 20:01:45 435] tts        485  get audio|use local  
[2025/08/10 20:01:45 436] tts        527  0  nil  1  
[2025/08/10 20:01:45 437] tts        657  TTS_MSG_GETAUDIO  0  
[2025/08/10 20:01:45 437] tts        485  get audio|use local  
[2025/08/10 20:01:45 437] tts        527  0  nil  1  
[2025/08/10 20:01:45 446] tts        657  TTS_MSG_GETAUDIO  0  
[2025/08/10 20:01:45 446] tts        485  get audio|use local  
[2025/08/10 20:01:45 446] tts        527  0  nil  1  
[2025/08/10 20:01:45 449] tts        657  TTS_MSG_GETAUDIO  0  
[2025/08/10 20:01:45 449] tts        485  get audio|use local  
[2025/08/10 20:01:45 450] tts        527  0  nil  1  
[2025/08/10 20:01:45 451] tts        657  TTS_MSG_GETAUDIO  0  
[2025/08/10 20:01:45 451] tts        485  get audio|use local  
[2025/08/10 20:01:45 451] tts        527  0  nil  1  
[2025/08/10 20:01:45 452] tts        657  TTS_MSG_GETAUDIO  0  
[2025/08/10 20:01:45 453] tts        485  get audio|use local  
[2025/08/10 20:01:45 453] tts        527  0  nil  1  
[2025/08/10 20:01:45 454] tts        657  TTS_MSG_GETAUDIO  0  
[2025/08/10 20:01:45 454] tts        485  get audio|use local  
[2025/08/10 20:01:45 454] tts        527  0  nil  1  
[2025/08/10 20:01:45 456] tts        657  TTS_MSG_GETAUDIO  0  
[2025/08/10 20:01:45 458] tts        485  get audio|use local  
[2025/08/10 20:01:45 458] tts        527  0  nil  1  
[2025/08/10 20:01:45 459] tts        657  TTS_MSG_GETAUDIO  0  
[2025/08/10 20:01:45 460] tts        485  get audio|use local  
[2025/08/10 20:01:45 460] tts        527  0  nil  1  
[2025/08/10 20:01:45 461] tts        657  TTS_MSG_GETAUDIO  0  
[2025/08/10 20:01:45 461] tts        485  get audio|use local  
[2025/08/10 20:01:45 461] tts        527  0  nil  1  
[2025/08/10 20:01:45 462] tts        657  TTS_MSG_GETAUDIO  0  
[2025/08/10 20:01:45 462] tts        485  get audio|use local  
[2025/08/10 20:01:45 462] tts        527  0  nil  1  
[2025/08/10 20:01:45 463] tts        657  TTS_MSG_GETAUDIO  0  
[2025/08/10 20:01:45 464] tts        485  get audio|use local  
[2025/08/10 20:01:45 464] tts        527  0  nil  1  
[2025/08/10 20:01:45 464] tts        657  TTS_MSG_GETAUDIO  0  
[2025/08/10 20:01:45 465] tts        485  get audio|use local  
[2025/08/10 20:01:45 465] tts        527  0  nil  1  
[2025/08/10 20:01:45 465] tts        657  TTS_MSG_GETAUDIO  0  
[2025/08/10 20:01:45 465] tts        485  get audio|use local  
[2025/08/10 20:01:45 466] tts        527  0  nil  1  
[2025/08/10 20:01:45 466] tts        657  TTS_MSG_GETAUDIO  0  
[2025/08/10 20:01:45 466] tts        485  get audio|use local  
[2025/08/10 20:01:45 466] tts        527  0  nil  1  
[2025/08/10 20:01:45 467] tts        657  TTS_MSG_GETAUDIO  0  
[2025/08/10 20:01:45 468] tts        485  get audio|use local  
[2025/08/10 20:01:45 468] tts        527  0  nil  1  
[2025/08/10 20:01:45 469] tts        657  TTS_MSG_GETAUDIO  0  
[2025/08/10 20:01:45 469] tts        485  get audio|use local  
[2025/08/10 20:01:45 469] tts        527  0  nil  1  
[2025/08/10 20:01:45 470] tts        657  TTS_MSG_GETAUDIO  0  
[2025/08/10 20:01:45 470] tts        485  get audio|use local  
[2025/08/10 20:01:45 470] tts        527  0  nil  1  
[2025/08/10 20:01:45 471] tts        657  TTS_MSG_GETAUDIO  0  
[2025/08/10 20:01:45 471] tts        485  get audio|use local  
[2025/08/10 20:01:45 471] tts        527  0  nil  1  
[2025/08/10 20:01:45 471] tts        657  TTS_MSG_GETAUDIO  0  
[2025/08/10 20:01:45 472] tts        485  get audio|use local  
[2025/08/10 20:01:45 472] tts        527  0  nil  1  
[2025/08/10 20:01:45 472] tts        657  TTS_MSG_GETAUDIO  0  
[2025/08/10 20:01:45 473] tts        485  get audio|use local  
[2025/08/10 20:01:45 473] tts        527  0  nil  1  
[2025/08/10 20:01:45 474] tts        657  TTS_MSG_GETAUDIO  0  
[2025/08/10 20:01:45 474] tts        485  get audio|use local  
[2025/08/10 20:01:45 474] tts        527  0  nil  1  
[2025/08/10 20:01:45 475] tts        657  TTS_MSG_GETAUDIO  0  
[2025/08/10 20:01:45 475] tts        485  get audio|use local  
[2025/08/10 20:01:45 475] tts        527  0  nil  1  
[2025/08/10 20:01:45 476] tts        657  TTS_MSG_GETAUDIO  0  
[2025/08/10 20:01:45 476] tts        485  get audio|use local  
[2025/08/10 20:01:45 476] tts        527  0  nil  1  
[2025/08/10 20:01:45 477] tts        657  TTS_MSG_GETAUDIO  0  
[2025/08/10 20:01:45 477] tts        485  get audio|use local  
[2025/08/10 20:01:45 477] tts        527  0  nil  1  
[2025/08/10 20:01:45 479] tts        657  TTS_MSG_GETAUDIO  0  
[2025/08/10 20:01:45 479] tts        485  get audio|use local  
[2025/08/10 20:01:45 479] tts        527  0  nil  1  
[2025/08/10 20:01:45 480] tts        657  TTS_MSG_GETAUDIO  0  
[2025/08/10 20:01:45 480] tts        485  get audio|use local  
[2025/08/10 20:01:45 480] tts        527  0  nil  1  
[2025/08/10 20:01:45 481] tts        657  TTS_MSG_GETAUDIO  0  
[2025/08/10 20:01:45 481] tts        485  get audio|use local  
[2025/08/10 20:01:45 481] tts        527  0  nil  1  
[2025/08/10 20:01:45 482] tts        657  TTS_MSG_GETAUDIO  0  
[2025/08/10 20:01:45 482] tts        485  get audio|use local  
[2025/08/10 20:01:45 482] tts        527  0  nil  1  
[2025/08/10 20:01:45 483] tts        657  TTS_MSG_GETAUDIO  0  
[2025/08/10 20:01:45 483] tts        485  get audio|use local  
[2025/08/10 20:01:45 483] tts        527  0  nil  1  
[2025/08/10 20:01:45 484] tts        657  TTS_MSG_GETAUDIO  0  
[2025/08/10 20:01:45 484] tts        485  get audio|use local  
[2025/08/10 20:01:45 484] tts        527  0  nil  1  
[2025/08/10 20:01:45 485] tts        657  TTS_MSG_GETAUDIO  0  
[2025/08/10 20:01:45 485] tts        485  get audio|use local  
[2025/08/10 20:01:45 485] tts        527  0  nil  1  
[2025/08/10 20:01:45 487] tts        657  TTS_MSG_GETAUDIO  0  
[2025/08/10 20:01:45 487] tts        485  get audio|use local  
[2025/08/10 20:01:45 488] tts        527  0  nil  1  
[2025/08/10 20:01:45 489] tts        657  TTS_MSG_GETAUDIO  0  
[2025/08/10 20:01:45 489] tts        485  get audio|use local  
[2025/08/10 20:01:45 489] tts        527  0  nil  1  
[2025/08/10 20:01:45 490] tts        657  TTS_MSG_GETAUDIO  0  
[2025/08/10 20:01:45 490] tts        485  get audio|use local  
[2025/08/10 20:01:45 491] tts        527  0  nil  1  
[2025/08/10 20:01:45 491] tts        299  TTS_LOCAL_CB_BEGIN  
[2025/08/10 20:01:45 492] tts        657  TTS_MSG_GETAUDIO  0  
[2025/08/10 20:01:45 492] tts        485  get audio|use local  
[2025/08/10 20:01:45 492] tts        527  0  nil  1  
[2025/08/10 20:01:45 493] tts        657  TTS_MSG_GETAUDIO  0  
[2025/08/10 20:01:45 493] tts        485  get audio|use local  
[2025/08/10 20:01:45 493] tts        527  0  nil  1  
[2025/08/10 20:01:45 494] tts        657  TTS_MSG_GETAUDIO  0  
[2025/08/10 20:01:45 494] tts        485  get audio|use local  
[2025/08/10 20:01:45 495] tts        527  0  nil  1  
[2025/08/10 20:01:45 495] tts        657  TTS_MSG_GETAUDIO  0  
[2025/08/10 20:01:45 495] tts        485  get audio|use local  
[2025/08/10 20:01:45 495] tts        527  0  nil  1  
[2025/08/10 20:01:45 496] tts        657  TTS_MSG_GETAUDIO  0  
[2025/08/10 20:01:45 496] tts        485  get audio|use local  
[2025/08/10 20:01:45 497] tts        527  0  nil  1  
[2025/08/10 20:01:45 497] tts        657  TTS_MSG_GETAUDIO  0  
[2025/08/10 20:01:45 497] tts        485  get audio|use local  
[2025/08/10 20:01:45 498] tts        527  0  nil  1  
[2025/08/10 20:01:45 499] tts        657  TTS_MSG_GETAUDIO  0  
[2025/08/10 20:01:45 499] tts        485  get audio|use local  
[2025/08/10 20:01:45 499] tts        527  0  nil  1  
[2025/08/10 20:01:45 501] tts        657  TTS_MSG_GETAUDIO  0  
[2025/08/10 20:01:45 501] tts        485  get audio|use local  
[2025/08/10 20:01:45 501] tts        498  local audiolen:  2042  ,ced:  22  
[2025/08/10 20:01:45 501] tts        527  0  udata(9407c8e8) 1  
[2025/08/10 20:01:45 503] tts        657  TTS_MSG_GETAUDIO  0  
[2025/08/10 20:01:45 504] tts        485  get audio|use local  
[2025/08/10 20:01:45 504] tts        498  local audiolen:  2016  ,ced:  22  
[2025/08/10 20:01:45 504] tts        527  0  udata(9407d3b8) 1  
[2025/08/10 20:01:45 507] tts        657  TTS_MSG_GETAUDIO  0  
[2025/08/10 20:01:45 507] tts        485  get audio|use local  
[2025/08/10 20:01:45 507] tts        498  local audiolen:  1972  ,ced:  22  
[2025/08/10 20:01:45 507] tts        527  0  udata(940875c8) 1  
[2025/08/10 20:01:45 509] tts        657  TTS_MSG_GETAUDIO  0  
[2025/08/10 20:01:45 510] tts        485  get audio|use local  
[2025/08/10 20:01:45 510] tts        498  local audiolen:  1906  ,ced:  22  
[2025/08/10 20:01:45 510] tts        527  0  udata(9407d358) 1  
[2025/08/10 20:01:45 511] tts        657  TTS_MSG_GETAUDIO  0  
[2025/08/10 20:01:45 511] tts        485  get audio|use local  
[2025/08/10 20:01:45 512] tts        498  local audiolen:  1964  ,ced:  22  
[2025/08/10 20:01:45 512] tts        527  0  udata(94087fa8) 1  
[2025/08/10 20:01:45 515] tts        657  TTS_MSG_GETAUDIO  0  
[2025/08/10 20:01:45 515] tts        485  get audio|use local  
[2025/08/10 20:01:45 515] tts        498  local audiolen:  1966  ,ced:  22  
[2025/08/10 20:01:45 515] tts        527  0  udata(9407f3d8) 1  
[2025/08/10 20:01:45 517] tts        657  TTS_MSG_GETAUDIO  0  
[2025/08/10 20:01:45 517] tts        485  get audio|use local  
[2025/08/10 20:01:45 518] tts        498  local audiolen:  2048  ,ced:  22  
[2025/08/10 20:01:45 518] tts        527  0  udata(94088158) 1  
[2025/08/10 20:01:45 521] tts        657  TTS_MSG_GETAUDIO  0  
[2025/08/10 20:01:45 521] tts        485  get audio|use local  
[2025/08/10 20:01:45 521] tts        498  local audiolen:  1970  ,ced:  22  
[2025/08/10 20:01:45 521] tts        527  0  udata(9407ebc8) 1  
[2025/08/10 20:01:45 523] tts        657  TTS_MSG_GETAUDIO  0  
[2025/08/10 20:01:45 523] tts        485  get audio|use local  
[2025/08/10 20:01:45 523] tts        498  local audiolen:  1932  ,ced:  22  
[2025/08/10 20:01:45 523] tts        527  0  udata(9407e9f8) 1  
[2025/08/10 20:01:45 525] tts        657  TTS_MSG_GETAUDIO  0  
[2025/08/10 20:01:45 525] tts        485  get audio|use local  
[2025/08/10 20:01:45 526] tts        498  local audiolen:  1994  ,ced:  22  
[2025/08/10 20:01:45 526] tts        527  0  udata(9407f018) 1  
[2025/08/10 20:01:45 527] tts        657  TTS_MSG_GETAUDIO  0  
[2025/08/10 20:01:45 528] tts        485  get audio|use local  
[2025/08/10 20:01:45 528] tts        498  local audiolen:  2006  ,ced:  22  
[2025/08/10 20:01:45 528] tts        527  0  udata(9407f168) 1  
[2025/08/10 20:01:45 529] tts        657  TTS_MSG_GETAUDIO  0  
[2025/08/10 20:01:45 529] tts        485  get audio|use local  
[2025/08/10 20:01:45 529] tts        498  local audiolen:  1928  ,ced:  22  
[2025/08/10 20:01:45 529] tts        527  0  udata(9407cbc8) 1  
[2025/08/10 20:01:45 530] tts        657  TTS_MSG_GETAUDIO  0  
[2025/08/10 20:01:45 530] tts        485  get audio|use local  
[2025/08/10 20:01:45 531] tts        498  local audiolen:  2004  ,ced:  22  
[2025/08/10 20:01:45 531] tts        527  0  udata(9407cc18) 1  
[2025/08/10 20:01:45 533] tts        657  TTS_MSG_GETAUDIO  0  
[2025/08/10 20:01:45 533] tts        485  get audio|use local  
[2025/08/10 20:01:45 533] tts        498  local audiolen:  2016  ,ced:  22  
[2025/08/10 20:01:45 533] tts        527  0  udata(9406abc8) 1  
[2025/08/10 20:01:45 534] tts        657  TTS_MSG_GETAUDIO  0  
[2025/08/10 20:01:45 534] tts        485  get audio|use local  
[2025/08/10 20:01:45 534] tts        498  local audiolen:  2014  ,ced:  22  
[2025/08/10 20:01:45 535] tts        527  0  udata(9407cf68) 1  
[2025/08/10 20:01:45 536] tts        657  TTS_MSG_GETAUDIO  0  
[2025/08/10 20:01:45 536] tts        485  get audio|use local  
[2025/08/10 20:01:45 536] tts        498  local audiolen:  1978  ,ced:  22  
[2025/08/10 20:01:45 537] tts        527  0  udata(9407d1b8) 1  
[2025/08/10 20:01:45 537] tts        657  TTS_MSG_GETAUDIO  0  
[2025/08/10 20:01:45 537] tts        485  get audio|use local  
[2025/08/10 20:01:45 538] tts        498  local audiolen:  1950  ,ced:  22  
[2025/08/10 20:01:45 538] tts        527  0  udata(9407d208) 1  
[2025/08/10 20:01:45 540] tts        657  TTS_MSG_GETAUDIO  0  
[2025/08/10 20:01:45 540] tts        485  get audio|use local  
[2025/08/10 20:01:45 540] tts        498  local audiolen:  2000  ,ced:  22  
[2025/08/10 20:01:45 540] tts        527  0  udata(94087818) 1  
[2025/08/10 20:01:45 542] tts        657  TTS_MSG_GETAUDIO  0  
[2025/08/10 20:01:45 542] tts        485  get audio|use local  
[2025/08/10 20:01:45 542] tts        498  local audiolen:  1986  ,ced:  22  
[2025/08/10 20:01:45 542] tts        527  0  udata(94087968) 1  
[2025/08/10 20:01:45 544] tts        657  TTS_MSG_GETAUDIO  0  
[2025/08/10 20:01:45 545] tts        485  get audio|use local  
[2025/08/10 20:01:45 545] tts        498  local audiolen:  2016  ,ced:  22  
[2025/08/10 20:01:45 545] tts        527  0  udata(94087bb8) 1  
[2025/08/10 20:01:45 546] tts        301  0  0  
[2025/08/10 20:01:45 546] tts        312  TTS_LOCAL_CB_END,  2  
[2025/08/10 20:01:45 547] tts        657  TTS_MSG_GETAUDIO  0  
[2025/08/10 20:01:45 547] tts        485  get audio|use local  
[2025/08/10 20:01:45 547] tts        498  local audiolen:  1948  ,ced:  22  
[2025/08/10 20:01:45 547] tts        527  0  udata(9407e258) 1  
[2025/08/10 20:01:45 548] tts        657  TTS_MSG_GETAUDIO  0  
[2025/08/10 20:01:45 548] tts        485  get audio|use local  
[2025/08/10 20:01:45 548] tts        498  local audiolen:  2008  ,ced:  22  
[2025/08/10 20:01:45 548] tts        527  0  udata(9407e2a8) 1  
[2025/08/10 20:01:45 548] tts        657  TTS_MSG_GETAUDIO  0  
[2025/08/10 20:01:45 549] tts        485  get audio|use local  
[2025/08/10 20:01:45 549] tts        498  local audiolen:  1986  ,ced:  22  
[2025/08/10 20:01:45 549] tts        527  0  udata(9407e2f8) 1  
[2025/08/10 20:01:45 549] tts        657  TTS_MSG_GETAUDIO  0  
[2025/08/10 20:01:45 549] tts        485  get audio|use local  
[2025/08/10 20:01:45 550] tts        498  local audiolen:  2026  ,ced:  22  
[2025/08/10 20:01:45 550] tts        527  0  udata(9407e348) 1  
[2025/08/10 20:01:45 550] tts        657  TTS_MSG_GETAUDIO  0  
[2025/08/10 20:01:45 550] tts        485  get audio|use local  
[2025/08/10 20:01:45 550] tts        498  local audiolen:  2020  ,ced:  22  
[2025/08/10 20:01:45 551] tts        527  0  udata(9407e398) 1  
[2025/08/10 20:01:45 551] tts        657  TTS_MSG_GETAUDIO  0  
[2025/08/10 20:01:45 551] tts        485  get audio|use local  
[2025/08/10 20:01:45 551] tts        498  local audiolen:  1988  ,ced:  22  
[2025/08/10 20:01:45 551] tts        527  0  udata(9407e3e8) 1  
[2025/08/10 20:01:45 552] tts        657  TTS_MSG_GETAUDIO  0  
[2025/08/10 20:01:45 552] tts        485  get audio|use local  
[2025/08/10 20:01:45 552] tts        498  local audiolen:  2048  ,ced:  22  
[2025/08/10 20:01:45 552] tts        527  0  udata(9407e438) 1  
[2025/08/10 20:01:45 553] tts        657  TTS_MSG_GETAUDIO  0  
[2025/08/10 20:01:45 553] tts        485  get audio|use local  
[2025/08/10 20:01:45 553] tts        498  local audiolen:  1914  ,ced:  22  
[2025/08/10 20:01:45 553] tts        527  0  udata(9407e488) 1  
[2025/08/10 20:01:45 554] tts        657  TTS_MSG_GETAUDIO  0  
[2025/08/10 20:01:45 554] tts        485  get audio|use local  
[2025/08/10 20:01:45 555] tts        498  local audiolen:  1912  ,ced:  22  
[2025/08/10 20:01:45 555] tts        527  0  udata(9407e4d8) 1  
[2025/08/10 20:01:45 556] tts        657  TTS_MSG_GETAUDIO  0  
[2025/08/10 20:01:45 556] tts        485  get audio|use local  
[2025/08/10 20:01:45 556] tts        498  local audiolen:  1958  ,ced:  22  
[2025/08/10 20:01:45 556] tts        527  0  udata(9407e528) 1  
[2025/08/10 20:01:45 557] tts        657  TTS_MSG_GETAUDIO  0  
[2025/08/10 20:01:45 557] tts        485  get audio|use local  
[2025/08/10 20:01:45 557] tts        498  local audiolen:  960  ,ced:  22  
[2025/08/10 20:01:45 557] tts        527  0  udata(9407e948) 2  
[2025/08/10 20:01:45 558] tts        660  TTS_MSG_SSE  
[2025/08/10 20:01:45 560] tts        585  sse|use local  
[2025/08/10 20:01:45 562] tts        603  tts exit  
