============================================================
Time  2025/08/10 20:35:04 950 
============================================================
[2025/08/10 20:35:04 950] tts        676  SYS_MSG_REGCB param0 =  msp_status_cb  param1 =  func(80014a30) 
[2025/08/10 20:35:04 954] config     43   use general cloud  
[2025/08/10 20:35:04 962] tts_cloud  1417 SYS_MSG_REGCB_CLOUD param0 =   msp_status_cb  param1 =  func(80014a30) 
[2025/08/10 20:35:04 963] tts        647  TTS_MSG_SSB  
[2025/08/10 20:35:04 963] tts        375  params =  engine_type = local,voice_name=xiaoyan, text_encoding = UTF8, tts_res_path = fo|res/tts/xiaoyan.jet;fo|res/tts/common.jet, sample_rate = 16000, speed = 50, volume = 80, pitch = 50, rdn = 2  
[2025/08/10 20:35:04 963] tts        412  ssb|use local  
[2025/08/10 20:35:04 963] tts        349  local_session_begin  
[2025/08/10 20:35:04 967] tts        654  TTS_MSG_SYN  0  
[2025/08/10 20:35:04 967] tts        451  synth|use local  
[2025/08/10 20:35:04 968] tts        657  TTS_MSG_GETAUDIO  0  
[2025/08/10 20:35:04 968] tts        485  get audio|use local  
[2025/08/10 20:35:04 968] tts        527  0  nil  1  
[2025/08/10 20:35:04 969] tts        657  TTS_MSG_GETAUDIO  0  
[2025/08/10 20:35:04 969] tts        485  get audio|use local  
[2025/08/10 20:35:04 969] tts        527  0  nil  1  
[2025/08/10 20:35:04 970] tts        657  TTS_MSG_GETAUDIO  0  
[2025/08/10 20:35:04 970] tts        485  get audio|use local  
[2025/08/10 20:35:04 970] tts        527  0  nil  1  
[2025/08/10 20:35:04 971] tts        657  TTS_MSG_GETAUDIO  0  
[2025/08/10 20:35:04 971] tts        485  get audio|use local  
[2025/08/10 20:35:04 971] tts        527  0  nil  1  
[2025/08/10 20:35:04 972] tts        657  TTS_MSG_GETAUDIO  0  
[2025/08/10 20:35:04 972] tts        485  get audio|use local  
[2025/08/10 20:35:04 972] tts        527  0  nil  1  
[2025/08/10 20:35:04 973] tts        657  TTS_MSG_GETAUDIO  0  
[2025/08/10 20:35:04 973] tts        485  get audio|use local  
[2025/08/10 20:35:04 973] tts        527  0  nil  1  
[2025/08/10 20:35:04 974] tts        657  TTS_MSG_GETAUDIO  0  
[2025/08/10 20:35:04 974] tts        485  get audio|use local  
[2025/08/10 20:35:04 974] tts        527  0  nil  1  
[2025/08/10 20:35:04 975] tts        657  TTS_MSG_GETAUDIO  0  
[2025/08/10 20:35:04 975] tts        485  get audio|use local  
[2025/08/10 20:35:04 975] tts        527  0  nil  1  
[2025/08/10 20:35:04 976] tts        657  TTS_MSG_GETAUDIO  0  
[2025/08/10 20:35:04 976] tts        485  get audio|use local  
[2025/08/10 20:35:04 976] tts        527  0  nil  1  
[2025/08/10 20:35:04 977] tts        657  TTS_MSG_GETAUDIO  0  
[2025/08/10 20:35:04 977] tts        485  get audio|use local  
[2025/08/10 20:35:04 977] tts        527  0  nil  1  
[2025/08/10 20:35:04 978] tts        657  TTS_MSG_GETAUDIO  0  
[2025/08/10 20:35:04 978] tts        485  get audio|use local  
[2025/08/10 20:35:04 978] tts        527  0  nil  1  
[2025/08/10 20:35:04 979] tts        657  TTS_MSG_GETAUDIO  0  
[2025/08/10 20:35:04 979] tts        485  get audio|use local  
[2025/08/10 20:35:04 979] tts        527  0  nil  1  
[2025/08/10 20:35:04 980] tts        657  TTS_MSG_GETAUDIO  0  
[2025/08/10 20:35:04 980] tts        485  get audio|use local  
[2025/08/10 20:35:04 980] tts        527  0  nil  1  
[2025/08/10 20:35:04 981] tts        657  TTS_MSG_GETAUDIO  0  
[2025/08/10 20:35:04 981] tts        485  get audio|use local  
[2025/08/10 20:35:04 981] tts        527  0  nil  1  
[2025/08/10 20:35:04 981] tts        657  TTS_MSG_GETAUDIO  0  
[2025/08/10 20:35:04 982] tts        485  get audio|use local  
[2025/08/10 20:35:04 982] tts        527  0  nil  1  
[2025/08/10 20:35:04 982] tts        657  TTS_MSG_GETAUDIO  0  
[2025/08/10 20:35:04 983] tts        485  get audio|use local  
[2025/08/10 20:35:04 983] tts        527  0  nil  1  
[2025/08/10 20:35:04 983] tts        657  TTS_MSG_GETAUDIO  0  
[2025/08/10 20:35:04 983] tts        485  get audio|use local  
[2025/08/10 20:35:04 984] tts        527  0  nil  1  
[2025/08/10 20:35:04 984] tts        657  TTS_MSG_GETAUDIO  0  
[2025/08/10 20:35:04 984] tts        485  get audio|use local  
[2025/08/10 20:35:04 984] tts        527  0  nil  1  
[2025/08/10 20:35:04 985] tts        657  TTS_MSG_GETAUDIO  0  
[2025/08/10 20:35:04 985] tts        485  get audio|use local  
[2025/08/10 20:35:04 985] tts        527  0  nil  1  
[2025/08/10 20:35:04 986] tts        657  TTS_MSG_GETAUDIO  0  
[2025/08/10 20:35:04 986] tts        485  get audio|use local  
[2025/08/10 20:35:04 986] tts        527  0  nil  1  
[2025/08/10 20:35:04 986] tts        657  TTS_MSG_GETAUDIO  0  
[2025/08/10 20:35:04 987] tts        485  get audio|use local  
[2025/08/10 20:35:04 987] tts        527  0  nil  1  
[2025/08/10 20:35:04 988] tts        657  TTS_MSG_GETAUDIO  0  
[2025/08/10 20:35:04 988] tts        485  get audio|use local  
[2025/08/10 20:35:04 988] tts        527  0  nil  1  
[2025/08/10 20:35:04 989] tts        657  TTS_MSG_GETAUDIO  0  
[2025/08/10 20:35:04 989] tts        485  get audio|use local  
[2025/08/10 20:35:04 989] tts        527  0  nil  1  
[2025/08/10 20:35:04 990] tts        657  TTS_MSG_GETAUDIO  0  
[2025/08/10 20:35:04 990] tts        485  get audio|use local  
[2025/08/10 20:35:04 990] tts        527  0  nil  1  
[2025/08/10 20:35:04 991] tts        657  TTS_MSG_GETAUDIO  0  
[2025/08/10 20:35:04 991] tts        485  get audio|use local  
[2025/08/10 20:35:04 992] tts        527  0  nil  1  
[2025/08/10 20:35:04 992] tts        657  TTS_MSG_GETAUDIO  0  
[2025/08/10 20:35:04 993] tts        485  get audio|use local  
[2025/08/10 20:35:04 993] tts        527  0  nil  1  
[2025/08/10 20:35:04 993] tts        657  TTS_MSG_GETAUDIO  0  
[2025/08/10 20:35:04 994] tts        485  get audio|use local  
[2025/08/10 20:35:04 994] tts        527  0  nil  1  
[2025/08/10 20:35:04 995] tts        657  TTS_MSG_GETAUDIO  0  
[2025/08/10 20:35:04 995] tts        485  get audio|use local  
[2025/08/10 20:35:04 995] tts        527  0  nil  1  
[2025/08/10 20:35:04 996] tts        657  TTS_MSG_GETAUDIO  0  
[2025/08/10 20:35:04 996] tts        485  get audio|use local  
[2025/08/10 20:35:04 996] tts        527  0  nil  1  
[2025/08/10 20:35:04 997] tts        657  TTS_MSG_GETAUDIO  0  
[2025/08/10 20:35:04 997] tts        485  get audio|use local  
[2025/08/10 20:35:04 999] tts        527  0  nil  1  
[2025/08/10 20:35:05 004] tts        657  TTS_MSG_GETAUDIO  0  
[2025/08/10 20:35:05 004] tts        485  get audio|use local  
[2025/08/10 20:35:05 004] tts        527  0  nil  1  
[2025/08/10 20:35:05 005] tts        657  TTS_MSG_GETAUDIO  0  
[2025/08/10 20:35:05 005] tts        485  get audio|use local  
[2025/08/10 20:35:05 005] tts        527  0  nil  1  
[2025/08/10 20:35:05 006] tts        657  TTS_MSG_GETAUDIO  0  
[2025/08/10 20:35:05 006] tts        485  get audio|use local  
[2025/08/10 20:35:05 007] tts        527  0  nil  1  
[2025/08/10 20:35:05 008] tts        657  TTS_MSG_GETAUDIO  0  
[2025/08/10 20:35:05 008] tts        485  get audio|use local  
[2025/08/10 20:35:05 008] tts        527  0  nil  1  
[2025/08/10 20:35:05 009] tts        657  TTS_MSG_GETAUDIO  0  
[2025/08/10 20:35:05 009] tts        485  get audio|use local  
[2025/08/10 20:35:05 009] tts        527  0  nil  1  
[2025/08/10 20:35:05 010] tts        657  TTS_MSG_GETAUDIO  0  
[2025/08/10 20:35:05 010] tts        485  get audio|use local  
[2025/08/10 20:35:05 010] tts        527  0  nil  1  
[2025/08/10 20:35:05 010] tts        657  TTS_MSG_GETAUDIO  0  
[2025/08/10 20:35:05 011] tts        485  get audio|use local  
[2025/08/10 20:35:05 011] tts        527  0  nil  1  
[2025/08/10 20:35:05 012] tts        657  TTS_MSG_GETAUDIO  0  
[2025/08/10 20:35:05 012] tts        485  get audio|use local  
[2025/08/10 20:35:05 012] tts        527  0  nil  1  
[2025/08/10 20:35:05 013] tts        657  TTS_MSG_GETAUDIO  0  
[2025/08/10 20:35:05 013] tts        485  get audio|use local  
[2025/08/10 20:35:05 013] tts        527  0  nil  1  
[2025/08/10 20:35:05 014] tts        657  TTS_MSG_GETAUDIO  0  
[2025/08/10 20:35:05 014] tts        485  get audio|use local  
[2025/08/10 20:35:05 014] tts        527  0  nil  1  
[2025/08/10 20:35:05 015] tts        657  TTS_MSG_GETAUDIO  0  
[2025/08/10 20:35:05 015] tts        485  get audio|use local  
[2025/08/10 20:35:05 015] tts        527  0  nil  1  
[2025/08/10 20:35:05 016] tts        657  TTS_MSG_GETAUDIO  0  
[2025/08/10 20:35:05 016] tts        485  get audio|use local  
[2025/08/10 20:35:05 016] tts        527  0  nil  1  
[2025/08/10 20:35:05 017] tts        657  TTS_MSG_GETAUDIO  0  
[2025/08/10 20:35:05 017] tts        485  get audio|use local  
[2025/08/10 20:35:05 017] tts        527  0  nil  1  
[2025/08/10 20:35:05 018] tts        657  TTS_MSG_GETAUDIO  0  
[2025/08/10 20:35:05 018] tts        485  get audio|use local  
[2025/08/10 20:35:05 018] tts        527  0  nil  1  
[2025/08/10 20:35:05 019] tts        657  TTS_MSG_GETAUDIO  0  
[2025/08/10 20:35:05 019] tts        485  get audio|use local  
[2025/08/10 20:35:05 019] tts        527  0  nil  1  
[2025/08/10 20:35:05 020] tts        657  TTS_MSG_GETAUDIO  0  
[2025/08/10 20:35:05 020] tts        485  get audio|use local  
[2025/08/10 20:35:05 020] tts        527  0  nil  1  
[2025/08/10 20:35:05 021] tts        657  TTS_MSG_GETAUDIO  0  
[2025/08/10 20:35:05 021] tts        485  get audio|use local  
[2025/08/10 20:35:05 021] tts        527  0  nil  1  
[2025/08/10 20:35:05 022] tts        657  TTS_MSG_GETAUDIO  0  
[2025/08/10 20:35:05 023] tts        485  get audio|use local  
[2025/08/10 20:35:05 023] tts        527  0  nil  1  
[2025/08/10 20:35:05 023] tts        657  TTS_MSG_GETAUDIO  0  
[2025/08/10 20:35:05 024] tts        485  get audio|use local  
[2025/08/10 20:35:05 024] tts        527  0  nil  1  
[2025/08/10 20:35:05 024] tts        657  TTS_MSG_GETAUDIO  0  
[2025/08/10 20:35:05 024] tts        485  get audio|use local  
[2025/08/10 20:35:05 025] tts        527  0  nil  1  
[2025/08/10 20:35:05 025] tts        657  TTS_MSG_GETAUDIO  0  
[2025/08/10 20:35:05 025] tts        485  get audio|use local  
[2025/08/10 20:35:05 026] tts        527  0  nil  1  
[2025/08/10 20:35:05 027] tts        657  TTS_MSG_GETAUDIO  0  
[2025/08/10 20:35:05 027] tts        485  get audio|use local  
[2025/08/10 20:35:05 027] tts        527  0  nil  1  
[2025/08/10 20:35:05 028] tts        657  TTS_MSG_GETAUDIO  0  
[2025/08/10 20:35:05 028] tts        485  get audio|use local  
[2025/08/10 20:35:05 028] tts        527  0  nil  1  
[2025/08/10 20:35:05 029] tts        657  TTS_MSG_GETAUDIO  0  
[2025/08/10 20:35:05 029] tts        485  get audio|use local  
[2025/08/10 20:35:05 029] tts        527  0  nil  1  
[2025/08/10 20:35:05 030] tts        657  TTS_MSG_GETAUDIO  0  
[2025/08/10 20:35:05 030] tts        485  get audio|use local  
[2025/08/10 20:35:05 030] tts        527  0  nil  1  
[2025/08/10 20:35:05 031] tts        657  TTS_MSG_GETAUDIO  0  
[2025/08/10 20:35:05 031] tts        485  get audio|use local  
[2025/08/10 20:35:05 031] tts        527  0  nil  1  
[2025/08/10 20:35:05 037] tts        657  TTS_MSG_GETAUDIO  0  
[2025/08/10 20:35:05 037] tts        485  get audio|use local  
[2025/08/10 20:35:05 037] tts        527  0  nil  1  
[2025/08/10 20:35:05 039] tts        657  TTS_MSG_GETAUDIO  0  
[2025/08/10 20:35:05 039] tts        485  get audio|use local  
[2025/08/10 20:35:05 039] tts        527  0  nil  1  
[2025/08/10 20:35:05 040] tts        657  TTS_MSG_GETAUDIO  0  
[2025/08/10 20:35:05 041] tts        485  get audio|use local  
[2025/08/10 20:35:05 041] tts        527  0  nil  1  
[2025/08/10 20:35:05 045] tts        657  TTS_MSG_GETAUDIO  0  
[2025/08/10 20:35:05 045] tts        485  get audio|use local  
[2025/08/10 20:35:05 046] tts        527  0  nil  1  
[2025/08/10 20:35:05 047] tts        657  TTS_MSG_GETAUDIO  0  
[2025/08/10 20:35:05 047] tts        485  get audio|use local  
[2025/08/10 20:35:05 047] tts        527  0  nil  1  
[2025/08/10 20:35:05 053] tts        657  TTS_MSG_GETAUDIO  0  
[2025/08/10 20:35:05 053] tts        485  get audio|use local  
[2025/08/10 20:35:05 053] tts        527  0  nil  1  
[2025/08/10 20:35:05 054] tts        657  TTS_MSG_GETAUDIO  0  
[2025/08/10 20:35:05 055] tts        485  get audio|use local  
[2025/08/10 20:35:05 055] tts        527  0  nil  1  
[2025/08/10 20:35:05 056] tts        657  TTS_MSG_GETAUDIO  0  
[2025/08/10 20:35:05 056] tts        485  get audio|use local  
[2025/08/10 20:35:05 056] tts        527  0  nil  1  
[2025/08/10 20:35:05 057] tts        657  TTS_MSG_GETAUDIO  0  
[2025/08/10 20:35:05 057] tts        485  get audio|use local  
[2025/08/10 20:35:05 057] tts        527  0  nil  1  
[2025/08/10 20:35:05 058] tts        657  TTS_MSG_GETAUDIO  0  
[2025/08/10 20:35:05 058] tts        485  get audio|use local  
[2025/08/10 20:35:05 058] tts        527  0  nil  1  
[2025/08/10 20:35:05 059] tts        657  TTS_MSG_GETAUDIO  0  
[2025/08/10 20:35:05 059] tts        485  get audio|use local  
[2025/08/10 20:35:05 059] tts        527  0  nil  1  
[2025/08/10 20:35:05 062] tts        657  TTS_MSG_GETAUDIO  0  
[2025/08/10 20:35:05 062] tts        485  get audio|use local  
[2025/08/10 20:35:05 063] tts        527  0  nil  1  
[2025/08/10 20:35:05 074] tts        657  TTS_MSG_GETAUDIO  0  
[2025/08/10 20:35:05 074] tts        485  get audio|use local  
[2025/08/10 20:35:05 074] tts        527  0  nil  1  
[2025/08/10 20:35:05 075] tts        657  TTS_MSG_GETAUDIO  0  
[2025/08/10 20:35:05 075] tts        485  get audio|use local  
[2025/08/10 20:35:05 075] tts        527  0  nil  1  
[2025/08/10 20:35:05 076] tts        657  TTS_MSG_GETAUDIO  0  
[2025/08/10 20:35:05 076] tts        485  get audio|use local  
[2025/08/10 20:35:05 076] tts        527  0  nil  1  
[2025/08/10 20:35:05 076] tts        657  TTS_MSG_GETAUDIO  0  
[2025/08/10 20:35:05 076] tts        485  get audio|use local  
[2025/08/10 20:35:05 076] tts        527  0  nil  1  
[2025/08/10 20:35:05 077] tts        657  TTS_MSG_GETAUDIO  0  
[2025/08/10 20:35:05 077] tts        485  get audio|use local  
[2025/08/10 20:35:05 077] tts        527  0  nil  1  
[2025/08/10 20:35:05 078] tts        657  TTS_MSG_GETAUDIO  0  
[2025/08/10 20:35:05 078] tts        485  get audio|use local  
[2025/08/10 20:35:05 078] tts        527  0  nil  1  
[2025/08/10 20:35:05 079] tts        657  TTS_MSG_GETAUDIO  0  
[2025/08/10 20:35:05 079] tts        485  get audio|use local  
[2025/08/10 20:35:05 079] tts        527  0  nil  1  
[2025/08/10 20:35:05 088] tts        299  TTS_LOCAL_CB_BEGIN  
[2025/08/10 20:35:05 091] tts        657  TTS_MSG_GETAUDIO  0  
[2025/08/10 20:35:05 091] tts        485  get audio|use local  
[2025/08/10 20:35:05 091] tts        498  local audiolen:  2042  ,ced:  14  
[2025/08/10 20:35:05 092] tts        527  0  udata(8007ce58) 1  
[2025/08/10 20:35:05 092] tts        657  TTS_MSG_GETAUDIO  0  
[2025/08/10 20:35:05 092] tts        485  get audio|use local  
[2025/08/10 20:35:05 093] tts        498  local audiolen:  2016  ,ced:  14  
[2025/08/10 20:35:05 093] tts        527  0  udata(8007f008) 1  
[2025/08/10 20:35:05 093] tts        657  TTS_MSG_GETAUDIO  0  
[2025/08/10 20:35:05 093] tts        485  get audio|use local  
[2025/08/10 20:35:05 093] tts        498  local audiolen:  1964  ,ced:  14  
[2025/08/10 20:35:05 094] tts        527  0  udata(8007f058) 1  
[2025/08/10 20:35:05 094] tts        657  TTS_MSG_GETAUDIO  0  
[2025/08/10 20:35:05 094] tts        485  get audio|use local  
[2025/08/10 20:35:05 094] tts        498  local audiolen:  1916  ,ced:  14  
[2025/08/10 20:35:05 094] tts        527  0  udata(8007efa8) 1  
[2025/08/10 20:35:05 095] tts        657  TTS_MSG_GETAUDIO  0  
[2025/08/10 20:35:05 095] tts        485  get audio|use local  
[2025/08/10 20:35:05 095] tts        498  local audiolen:  2018  ,ced:  14  
[2025/08/10 20:35:05 095] tts        527  0  udata(8007f8a8) 1  
[2025/08/10 20:35:05 097] tts        657  TTS_MSG_GETAUDIO  0  
[2025/08/10 20:35:05 097] tts        485  get audio|use local  
[2025/08/10 20:35:05 099] tts        498  local audiolen:  2008  ,ced:  14  
[2025/08/10 20:35:05 099] tts        527  0  udata(8007f8f8) 1  
[2025/08/10 20:35:05 101] tts        657  TTS_MSG_GETAUDIO  0  
[2025/08/10 20:35:05 101] tts        485  get audio|use local  
[2025/08/10 20:35:05 101] tts        498  local audiolen:  2046  ,ced:  14  
[2025/08/10 20:35:05 101] tts        527  0  udata(8007fae8) 1  
[2025/08/10 20:35:05 104] tts        657  TTS_MSG_GETAUDIO  0  
[2025/08/10 20:35:05 104] tts        485  get audio|use local  
[2025/08/10 20:35:05 104] tts        498  local audiolen:  1972  ,ced:  14  
[2025/08/10 20:35:05 105] tts        527  0  udata(8007fc38) 1  
[2025/08/10 20:35:05 107] tts        657  TTS_MSG_GETAUDIO  0  
[2025/08/10 20:35:05 107] tts        485  get audio|use local  
[2025/08/10 20:35:05 108] tts        498  local audiolen:  1934  ,ced:  14  
[2025/08/10 20:35:05 108] tts        527  0  udata(8007f848) 1  
[2025/08/10 20:35:05 111] tts        657  TTS_MSG_GETAUDIO  0  
[2025/08/10 20:35:05 112] tts        485  get audio|use local  
[2025/08/10 20:35:05 112] tts        498  local audiolen:  2018  ,ced:  14  
[2025/08/10 20:35:05 112] tts        527  0  udata(8007ea78) 1  
[2025/08/10 20:35:05 112] tts        301  0  0  
[2025/08/10 20:35:05 113] tts        312  TTS_LOCAL_CB_END,  2  
[2025/08/10 20:35:05 113] tts        657  TTS_MSG_GETAUDIO  0  
[2025/08/10 20:35:05 113] tts        485  get audio|use local  
[2025/08/10 20:35:05 113] tts        498  local audiolen:  2040  ,ced:  14  
[2025/08/10 20:35:05 113] tts        527  0  udata(8007ec68) 1  
[2025/08/10 20:35:05 114] tts        657  TTS_MSG_GETAUDIO  0  
[2025/08/10 20:35:05 114] tts        485  get audio|use local  
[2025/08/10 20:35:05 114] tts        498  local audiolen:  1958  ,ced:  14  
[2025/08/10 20:35:05 115] tts        527  0  udata(8007ecb8) 1  
[2025/08/10 20:35:05 115] tts        657  TTS_MSG_GETAUDIO  0  
[2025/08/10 20:35:05 115] tts        485  get audio|use local  
[2025/08/10 20:35:05 115] tts        498  local audiolen:  1998  ,ced:  14  
[2025/08/10 20:35:05 116] tts        527  0  udata(8007ed08) 1  
[2025/08/10 20:35:05 116] tts        657  TTS_MSG_GETAUDIO  0  
[2025/08/10 20:35:05 117] tts        485  get audio|use local  
[2025/08/10 20:35:05 117] tts        498  local audiolen:  2016  ,ced:  14  
[2025/08/10 20:35:05 117] tts        527  0  udata(8007ed58) 1  
[2025/08/10 20:35:05 119] tts        657  TTS_MSG_GETAUDIO  0  
[2025/08/10 20:35:05 119] tts        485  get audio|use local  
[2025/08/10 20:35:05 119] tts        498  local audiolen:  2014  ,ced:  14  
[2025/08/10 20:35:05 119] tts        527  0  udata(8007eda8) 1  
[2025/08/10 20:35:05 122] tts        657  TTS_MSG_GETAUDIO  0  
[2025/08/10 20:35:05 122] tts        485  get audio|use local  
[2025/08/10 20:35:05 125] tts        498  local audiolen:  1938  ,ced:  14  
[2025/08/10 20:35:05 125] tts        527  0  udata(8007edf8) 1  
[2025/08/10 20:35:05 126] tts        657  TTS_MSG_GETAUDIO  0  
[2025/08/10 20:35:05 126] tts        485  get audio|use local  
[2025/08/10 20:35:05 127] tts        498  local audiolen:  1992  ,ced:  14  
[2025/08/10 20:35:05 127] tts        527  0  udata(8007ee48) 1  
[2025/08/10 20:35:05 128] tts        657  TTS_MSG_GETAUDIO  0  
[2025/08/10 20:35:05 128] tts        485  get audio|use local  
[2025/08/10 20:35:05 128] tts        498  local audiolen:  2006  ,ced:  14  
[2025/08/10 20:35:05 128] tts        527  0  udata(8007ee98) 1  
[2025/08/10 20:35:05 131] tts        657  TTS_MSG_GETAUDIO  0  
[2025/08/10 20:35:05 131] tts        485  get audio|use local  
[2025/08/10 20:35:05 131] tts        498  local audiolen:  2024  ,ced:  14  
[2025/08/10 20:35:05 131] tts        527  0  udata(8007eee8) 1  
[2025/08/10 20:35:05 132] tts        657  TTS_MSG_GETAUDIO  0  
[2025/08/10 20:35:05 132] tts        485  get audio|use local  
[2025/08/10 20:35:05 133] tts        498  local audiolen:  1902  ,ced:  14  
[2025/08/10 20:35:05 133] tts        527  0  udata(8007ef38) 1  
[2025/08/10 20:35:05 134] tts        657  TTS_MSG_GETAUDIO  0  
[2025/08/10 20:35:05 134] tts        485  get audio|use local  
[2025/08/10 20:35:05 134] tts        498  local audiolen:  1946  ,ced:  14  
[2025/08/10 20:35:05 134] tts        527  0  udata(8007de28) 1  
[2025/08/10 20:35:05 135] tts        657  TTS_MSG_GETAUDIO  0  
[2025/08/10 20:35:05 135] tts        485  get audio|use local  
[2025/08/10 20:35:05 135] tts        498  local audiolen:  1956  ,ced:  14  
[2025/08/10 20:35:05 135] tts        527  0  udata(8007de78) 1  
[2025/08/10 20:35:05 136] tts        657  TTS_MSG_GETAUDIO  0  
[2025/08/10 20:35:05 136] tts        485  get audio|use local  
[2025/08/10 20:35:05 136] tts        498  local audiolen:  864  ,ced:  14  
[2025/08/10 20:35:05 136] tts        527  0  udata(8007e238) 2  
[2025/08/10 20:35:05 138] tts        660  TTS_MSG_SSE  
[2025/08/10 20:35:05 139] tts        585  sse|use local  
[2025/08/10 20:35:05 142] tts        603  tts exit  
