============================================================
Time  2025/08/10 20:33:55 655 
============================================================
[2025/08/10 20:33:55 655] tts        676  SYS_MSG_REGCB param0 =  msp_status_cb  param1 =  func(88014a30) 
[2025/08/10 20:33:55 658] config     43   use general cloud  
[2025/08/10 20:33:55 664] tts_cloud  1417 SYS_MSG_REGCB_CLOUD param0 =   msp_status_cb  param1 =  func(88014a30) 
[2025/08/10 20:33:55 665] tts        647  TTS_MSG_SSB  
[2025/08/10 20:33:55 665] tts        375  params =  engine_type = local,voice_name=xiaoyan, text_encoding = UTF8, tts_res_path = fo|res/tts/xiaoyan.jet;fo|res/tts/common.jet, sample_rate = 16000, speed = 50, volume = 80, pitch = 50, rdn = 2  
[2025/08/10 20:33:55 665] tts        412  ssb|use local  
[2025/08/10 20:33:55 665] tts        349  local_session_begin  
[2025/08/10 20:33:55 668] tts        654  TTS_MSG_SYN  0  
[2025/08/10 20:33:55 668] tts        451  synth|use local  
[2025/08/10 20:33:55 669] tts        657  TTS_MSG_GETAUDIO  0  
[2025/08/10 20:33:55 669] tts        485  get audio|use local  
[2025/08/10 20:33:55 669] tts        527  0  nil  1  
[2025/08/10 20:33:55 670] tts        657  TTS_MSG_GETAUDIO  0  
[2025/08/10 20:33:55 670] tts        485  get audio|use local  
[2025/08/10 20:33:55 670] tts        527  0  nil  1  
[2025/08/10 20:33:55 671] tts        657  TTS_MSG_GETAUDIO  0  
[2025/08/10 20:33:55 671] tts        485  get audio|use local  
[2025/08/10 20:33:55 671] tts        527  0  nil  1  
[2025/08/10 20:33:55 672] tts        657  TTS_MSG_GETAUDIO  0  
[2025/08/10 20:33:55 672] tts        485  get audio|use local  
[2025/08/10 20:33:55 672] tts        527  0  nil  1  
[2025/08/10 20:33:55 673] tts        657  TTS_MSG_GETAUDIO  0  
[2025/08/10 20:33:55 673] tts        485  get audio|use local  
[2025/08/10 20:33:55 673] tts        527  0  nil  1  
[2025/08/10 20:33:55 676] tts        657  TTS_MSG_GETAUDIO  0  
[2025/08/10 20:33:55 676] tts        485  get audio|use local  
[2025/08/10 20:33:55 676] tts        527  0  nil  1  
[2025/08/10 20:33:55 677] tts        657  TTS_MSG_GETAUDIO  0  
[2025/08/10 20:33:55 677] tts        485  get audio|use local  
[2025/08/10 20:33:55 677] tts        527  0  nil  1  
[2025/08/10 20:33:55 677] tts        657  TTS_MSG_GETAUDIO  0  
[2025/08/10 20:33:55 678] tts        485  get audio|use local  
[2025/08/10 20:33:55 678] tts        527  0  nil  1  
[2025/08/10 20:33:55 679] tts        657  TTS_MSG_GETAUDIO  0  
[2025/08/10 20:33:55 679] tts        485  get audio|use local  
[2025/08/10 20:33:55 679] tts        527  0  nil  1  
[2025/08/10 20:33:55 679] tts        657  TTS_MSG_GETAUDIO  0  
[2025/08/10 20:33:55 679] tts        485  get audio|use local  
[2025/08/10 20:33:55 679] tts        527  0  nil  1  
[2025/08/10 20:33:55 680] tts        657  TTS_MSG_GETAUDIO  0  
[2025/08/10 20:33:55 680] tts        485  get audio|use local  
[2025/08/10 20:33:55 680] tts        527  0  nil  1  
[2025/08/10 20:33:55 681] tts        657  TTS_MSG_GETAUDIO  0  
[2025/08/10 20:33:55 681] tts        485  get audio|use local  
[2025/08/10 20:33:55 681] tts        527  0  nil  1  
[2025/08/10 20:33:55 682] tts        657  TTS_MSG_GETAUDIO  0  
[2025/08/10 20:33:55 682] tts        485  get audio|use local  
[2025/08/10 20:33:55 682] tts        527  0  nil  1  
[2025/08/10 20:33:55 682] tts        657  TTS_MSG_GETAUDIO  0  
[2025/08/10 20:33:55 682] tts        485  get audio|use local  
[2025/08/10 20:33:55 683] tts        527  0  nil  1  
[2025/08/10 20:33:55 683] tts        657  TTS_MSG_GETAUDIO  0  
[2025/08/10 20:33:55 683] tts        485  get audio|use local  
[2025/08/10 20:33:55 683] tts        527  0  nil  1  
[2025/08/10 20:33:55 684] tts        657  TTS_MSG_GETAUDIO  0  
[2025/08/10 20:33:55 684] tts        485  get audio|use local  
[2025/08/10 20:33:55 684] tts        527  0  nil  1  
[2025/08/10 20:33:55 685] tts        657  TTS_MSG_GETAUDIO  0  
[2025/08/10 20:33:55 685] tts        485  get audio|use local  
[2025/08/10 20:33:55 685] tts        527  0  nil  1  
[2025/08/10 20:33:55 686] tts        657  TTS_MSG_GETAUDIO  0  
[2025/08/10 20:33:55 686] tts        485  get audio|use local  
[2025/08/10 20:33:55 687] tts        527  0  nil  1  
[2025/08/10 20:33:55 688] tts        657  TTS_MSG_GETAUDIO  0  
[2025/08/10 20:33:55 688] tts        485  get audio|use local  
[2025/08/10 20:33:55 688] tts        527  0  nil  1  
[2025/08/10 20:33:55 689] tts        657  TTS_MSG_GETAUDIO  0  
[2025/08/10 20:33:55 689] tts        485  get audio|use local  
[2025/08/10 20:33:55 689] tts        527  0  nil  1  
[2025/08/10 20:33:55 690] tts        657  TTS_MSG_GETAUDIO  0  
[2025/08/10 20:33:55 690] tts        485  get audio|use local  
[2025/08/10 20:33:55 690] tts        527  0  nil  1  
[2025/08/10 20:33:55 691] tts        657  TTS_MSG_GETAUDIO  0  
[2025/08/10 20:33:55 691] tts        485  get audio|use local  
[2025/08/10 20:33:55 691] tts        527  0  nil  1  
[2025/08/10 20:33:55 692] tts        657  TTS_MSG_GETAUDIO  0  
[2025/08/10 20:33:55 692] tts        485  get audio|use local  
[2025/08/10 20:33:55 692] tts        527  0  nil  1  
[2025/08/10 20:33:55 693] tts        657  TTS_MSG_GETAUDIO  0  
[2025/08/10 20:33:55 693] tts        485  get audio|use local  
[2025/08/10 20:33:55 694] tts        527  0  nil  1  
[2025/08/10 20:33:55 695] tts        657  TTS_MSG_GETAUDIO  0  
[2025/08/10 20:33:55 695] tts        485  get audio|use local  
[2025/08/10 20:33:55 695] tts        527  0  nil  1  
[2025/08/10 20:33:55 695] tts        657  TTS_MSG_GETAUDIO  0  
[2025/08/10 20:33:55 696] tts        485  get audio|use local  
[2025/08/10 20:33:55 696] tts        527  0  nil  1  
[2025/08/10 20:33:55 696] tts        657  TTS_MSG_GETAUDIO  0  
[2025/08/10 20:33:55 696] tts        485  get audio|use local  
[2025/08/10 20:33:55 697] tts        527  0  nil  1  
[2025/08/10 20:33:55 697] tts        657  TTS_MSG_GETAUDIO  0  
[2025/08/10 20:33:55 697] tts        485  get audio|use local  
[2025/08/10 20:33:55 697] tts        527  0  nil  1  
[2025/08/10 20:33:55 698] tts        657  TTS_MSG_GETAUDIO  0  
[2025/08/10 20:33:55 698] tts        485  get audio|use local  
[2025/08/10 20:33:55 698] tts        527  0  nil  1  
[2025/08/10 20:33:55 699] tts        657  TTS_MSG_GETAUDIO  0  
[2025/08/10 20:33:55 699] tts        485  get audio|use local  
[2025/08/10 20:33:55 699] tts        527  0  nil  1  
[2025/08/10 20:33:55 700] tts        657  TTS_MSG_GETAUDIO  0  
[2025/08/10 20:33:55 700] tts        485  get audio|use local  
[2025/08/10 20:33:55 701] tts        527  0  nil  1  
[2025/08/10 20:33:55 701] tts        657  TTS_MSG_GETAUDIO  0  
[2025/08/10 20:33:55 701] tts        485  get audio|use local  
[2025/08/10 20:33:55 701] tts        527  0  nil  1  
[2025/08/10 20:33:55 702] tts        657  TTS_MSG_GETAUDIO  0  
[2025/08/10 20:33:55 702] tts        485  get audio|use local  
[2025/08/10 20:33:55 703] tts        527  0  nil  1  
[2025/08/10 20:33:55 704] tts        657  TTS_MSG_GETAUDIO  0  
[2025/08/10 20:33:55 704] tts        485  get audio|use local  
[2025/08/10 20:33:55 704] tts        527  0  nil  1  
[2025/08/10 20:33:55 704] tts        657  TTS_MSG_GETAUDIO  0  
[2025/08/10 20:33:55 704] tts        485  get audio|use local  
[2025/08/10 20:33:55 705] tts        527  0  nil  1  
[2025/08/10 20:33:55 705] tts        657  TTS_MSG_GETAUDIO  0  
[2025/08/10 20:33:55 705] tts        485  get audio|use local  
[2025/08/10 20:33:55 706] tts        527  0  nil  1  
[2025/08/10 20:33:55 706] tts        657  TTS_MSG_GETAUDIO  0  
[2025/08/10 20:33:55 707] tts        485  get audio|use local  
[2025/08/10 20:33:55 707] tts        527  0  nil  1  
[2025/08/10 20:33:55 707] tts        657  TTS_MSG_GETAUDIO  0  
[2025/08/10 20:33:55 708] tts        485  get audio|use local  
[2025/08/10 20:33:55 708] tts        527  0  nil  1  
[2025/08/10 20:33:55 709] tts        657  TTS_MSG_GETAUDIO  0  
[2025/08/10 20:33:55 709] tts        485  get audio|use local  
[2025/08/10 20:33:55 709] tts        527  0  nil  1  
[2025/08/10 20:33:55 710] tts        657  TTS_MSG_GETAUDIO  0  
[2025/08/10 20:33:55 710] tts        485  get audio|use local  
[2025/08/10 20:33:55 710] tts        527  0  nil  1  
[2025/08/10 20:33:55 711] tts        657  TTS_MSG_GETAUDIO  0  
[2025/08/10 20:33:55 711] tts        485  get audio|use local  
[2025/08/10 20:33:55 711] tts        527  0  nil  1  
[2025/08/10 20:33:55 712] tts        657  TTS_MSG_GETAUDIO  0  
[2025/08/10 20:33:55 712] tts        485  get audio|use local  
[2025/08/10 20:33:55 712] tts        527  0  nil  1  
[2025/08/10 20:33:55 713] tts        657  TTS_MSG_GETAUDIO  0  
[2025/08/10 20:33:55 713] tts        485  get audio|use local  
[2025/08/10 20:33:55 713] tts        527  0  nil  1  
[2025/08/10 20:33:55 713] tts        657  TTS_MSG_GETAUDIO  0  
[2025/08/10 20:33:55 713] tts        485  get audio|use local  
[2025/08/10 20:33:55 714] tts        527  0  nil  1  
[2025/08/10 20:33:55 715] tts        657  TTS_MSG_GETAUDIO  0  
[2025/08/10 20:33:55 715] tts        485  get audio|use local  
[2025/08/10 20:33:55 715] tts        527  0  nil  1  
[2025/08/10 20:33:55 716] tts        657  TTS_MSG_GETAUDIO  0  
[2025/08/10 20:33:55 716] tts        485  get audio|use local  
[2025/08/10 20:33:55 716] tts        527  0  nil  1  
[2025/08/10 20:33:55 717] tts        657  TTS_MSG_GETAUDIO  0  
[2025/08/10 20:33:55 717] tts        485  get audio|use local  
[2025/08/10 20:33:55 717] tts        527  0  nil  1  
[2025/08/10 20:33:55 718] tts        657  TTS_MSG_GETAUDIO  0  
[2025/08/10 20:33:55 718] tts        485  get audio|use local  
[2025/08/10 20:33:55 718] tts        527  0  nil  1  
[2025/08/10 20:33:55 718] tts        657  TTS_MSG_GETAUDIO  0  
[2025/08/10 20:33:55 718] tts        485  get audio|use local  
[2025/08/10 20:33:55 719] tts        527  0  nil  1  
[2025/08/10 20:33:55 719] tts        657  TTS_MSG_GETAUDIO  0  
[2025/08/10 20:33:55 719] tts        485  get audio|use local  
[2025/08/10 20:33:55 720] tts        527  0  nil  1  
[2025/08/10 20:33:55 720] tts        657  TTS_MSG_GETAUDIO  0  
[2025/08/10 20:33:55 721] tts        485  get audio|use local  
[2025/08/10 20:33:55 721] tts        527  0  nil  1  
[2025/08/10 20:33:55 721] tts        657  TTS_MSG_GETAUDIO  0  
[2025/08/10 20:33:55 722] tts        485  get audio|use local  
[2025/08/10 20:33:55 722] tts        527  0  nil  1  
[2025/08/10 20:33:55 723] tts        657  TTS_MSG_GETAUDIO  0  
[2025/08/10 20:33:55 723] tts        485  get audio|use local  
[2025/08/10 20:33:55 723] tts        527  0  nil  1  
[2025/08/10 20:33:55 724] tts        657  TTS_MSG_GETAUDIO  0  
[2025/08/10 20:33:55 724] tts        485  get audio|use local  
[2025/08/10 20:33:55 724] tts        527  0  nil  1  
[2025/08/10 20:33:55 725] tts        657  TTS_MSG_GETAUDIO  0  
[2025/08/10 20:33:55 725] tts        485  get audio|use local  
[2025/08/10 20:33:55 725] tts        527  0  nil  1  
[2025/08/10 20:33:55 726] tts        657  TTS_MSG_GETAUDIO  0  
[2025/08/10 20:33:55 726] tts        485  get audio|use local  
[2025/08/10 20:33:55 727] tts        527  0  nil  1  
[2025/08/10 20:33:55 728] tts        657  TTS_MSG_GETAUDIO  0  
[2025/08/10 20:33:55 728] tts        485  get audio|use local  
[2025/08/10 20:33:55 728] tts        527  0  nil  1  
[2025/08/10 20:33:55 729] tts        657  TTS_MSG_GETAUDIO  0  
[2025/08/10 20:33:55 730] tts        485  get audio|use local  
[2025/08/10 20:33:55 730] tts        527  0  nil  1  
[2025/08/10 20:33:55 731] tts        657  TTS_MSG_GETAUDIO  0  
[2025/08/10 20:33:55 731] tts        485  get audio|use local  
[2025/08/10 20:33:55 731] tts        527  0  nil  1  
[2025/08/10 20:33:55 732] tts        657  TTS_MSG_GETAUDIO  0  
[2025/08/10 20:33:55 732] tts        485  get audio|use local  
[2025/08/10 20:33:55 732] tts        527  0  nil  1  
[2025/08/10 20:33:55 733] tts        657  TTS_MSG_GETAUDIO  0  
[2025/08/10 20:33:55 733] tts        485  get audio|use local  
[2025/08/10 20:33:55 734] tts        527  0  nil  1  
[2025/08/10 20:33:55 735] tts        657  TTS_MSG_GETAUDIO  0  
[2025/08/10 20:33:55 735] tts        485  get audio|use local  
[2025/08/10 20:33:55 735] tts        527  0  nil  1  
[2025/08/10 20:33:55 736] tts        657  TTS_MSG_GETAUDIO  0  
[2025/08/10 20:33:55 736] tts        485  get audio|use local  
[2025/08/10 20:33:55 736] tts        527  0  nil  1  
[2025/08/10 20:33:55 737] tts        657  TTS_MSG_GETAUDIO  0  
[2025/08/10 20:33:55 738] tts        485  get audio|use local  
[2025/08/10 20:33:55 738] tts        527  0  nil  1  
[2025/08/10 20:33:55 739] tts        657  TTS_MSG_GETAUDIO  0  
[2025/08/10 20:33:55 739] tts        485  get audio|use local  
[2025/08/10 20:33:55 739] tts        527  0  nil  1  
[2025/08/10 20:33:55 742] tts        657  TTS_MSG_GETAUDIO  0  
[2025/08/10 20:33:55 748] tts        485  get audio|use local  
[2025/08/10 20:33:55 748] tts        527  0  nil  1  
[2025/08/10 20:33:55 749] tts        657  TTS_MSG_GETAUDIO  0  
[2025/08/10 20:33:55 749] tts        485  get audio|use local  
[2025/08/10 20:33:55 749] tts        527  0  nil  1  
[2025/08/10 20:33:55 750] tts        657  TTS_MSG_GETAUDIO  0  
[2025/08/10 20:33:55 750] tts        485  get audio|use local  
[2025/08/10 20:33:55 750] tts        527  0  nil  1  
[2025/08/10 20:33:55 752] tts        657  TTS_MSG_GETAUDIO  0  
[2025/08/10 20:33:55 752] tts        485  get audio|use local  
[2025/08/10 20:33:55 752] tts        527  0  nil  1  
[2025/08/10 20:33:55 753] tts        657  TTS_MSG_GETAUDIO  0  
[2025/08/10 20:33:55 753] tts        485  get audio|use local  
[2025/08/10 20:33:55 753] tts        527  0  nil  1  
[2025/08/10 20:33:55 755] tts        657  TTS_MSG_GETAUDIO  0  
[2025/08/10 20:33:55 755] tts        485  get audio|use local  
[2025/08/10 20:33:55 755] tts        527  0  nil  1  
[2025/08/10 20:33:55 756] tts        657  TTS_MSG_GETAUDIO  0  
[2025/08/10 20:33:55 756] tts        485  get audio|use local  
[2025/08/10 20:33:55 756] tts        527  0  nil  1  
[2025/08/10 20:33:55 757] tts        657  TTS_MSG_GETAUDIO  0  
[2025/08/10 20:33:55 757] tts        485  get audio|use local  
[2025/08/10 20:33:55 758] tts        527  0  nil  1  
[2025/08/10 20:33:55 758] tts        657  TTS_MSG_GETAUDIO  0  
[2025/08/10 20:33:55 758] tts        485  get audio|use local  
[2025/08/10 20:33:55 759] tts        527  0  nil  1  
[2025/08/10 20:33:55 759] tts        657  TTS_MSG_GETAUDIO  0  
[2025/08/10 20:33:55 759] tts        485  get audio|use local  
[2025/08/10 20:33:55 759] tts        527  0  nil  1  
[2025/08/10 20:33:55 760] tts        657  TTS_MSG_GETAUDIO  0  
[2025/08/10 20:33:55 760] tts        485  get audio|use local  
[2025/08/10 20:33:55 761] tts        527  0  nil  1  
[2025/08/10 20:33:55 761] tts        657  TTS_MSG_GETAUDIO  0  
[2025/08/10 20:33:55 761] tts        485  get audio|use local  
[2025/08/10 20:33:55 762] tts        527  0  nil  1  
[2025/08/10 20:33:55 762] tts        657  TTS_MSG_GETAUDIO  0  
[2025/08/10 20:33:55 763] tts        485  get audio|use local  
[2025/08/10 20:33:55 763] tts        527  0  nil  1  
[2025/08/10 20:33:55 764] tts        657  TTS_MSG_GETAUDIO  0  
[2025/08/10 20:33:55 764] tts        485  get audio|use local  
[2025/08/10 20:33:55 764] tts        527  0  nil  1  
[2025/08/10 20:33:55 765] tts        657  TTS_MSG_GETAUDIO  0  
[2025/08/10 20:33:55 765] tts        485  get audio|use local  
[2025/08/10 20:33:55 765] tts        527  0  nil  1  
[2025/08/10 20:33:55 766] tts        657  TTS_MSG_GETAUDIO  0  
[2025/08/10 20:33:55 766] tts        485  get audio|use local  
[2025/08/10 20:33:55 766] tts        527  0  nil  1  
[2025/08/10 20:33:55 767] tts        657  TTS_MSG_GETAUDIO  0  
[2025/08/10 20:33:55 767] tts        485  get audio|use local  
[2025/08/10 20:33:55 767] tts        527  0  nil  1  
[2025/08/10 20:33:55 768] tts        657  TTS_MSG_GETAUDIO  0  
[2025/08/10 20:33:55 768] tts        485  get audio|use local  
[2025/08/10 20:33:55 768] tts        527  0  nil  1  
[2025/08/10 20:33:55 769] tts        657  TTS_MSG_GETAUDIO  0  
[2025/08/10 20:33:55 769] tts        485  get audio|use local  
[2025/08/10 20:33:55 770] tts        527  0  nil  1  
[2025/08/10 20:33:55 771] tts        657  TTS_MSG_GETAUDIO  0  
[2025/08/10 20:33:55 771] tts        485  get audio|use local  
[2025/08/10 20:33:55 771] tts        527  0  nil  1  
[2025/08/10 20:33:55 775] tts        299  TTS_LOCAL_CB_BEGIN  
[2025/08/10 20:33:55 788] tts        657  TTS_MSG_GETAUDIO  0  
[2025/08/10 20:33:55 788] tts        485  get audio|use local  
[2025/08/10 20:33:55 788] tts        498  local audiolen:  2042  ,ced:  31  
[2025/08/10 20:33:55 788] tts        527  0  udata(88087d38) 1  
[2025/08/10 20:33:55 790] tts        657  TTS_MSG_GETAUDIO  0  
[2025/08/10 20:33:55 795] tts        485  get audio|use local  
[2025/08/10 20:33:55 796] tts        498  local audiolen:  2016  ,ced:  31  
[2025/08/10 20:33:55 796] tts        527  0  udata(88087d88) 1  
[2025/08/10 20:33:55 826] tts        657  TTS_MSG_GETAUDIO  0  
[2025/08/10 20:33:55 826] tts        485  get audio|use local  
[2025/08/10 20:33:55 827] tts        498  local audiolen:  2018  ,ced:  31  
[2025/08/10 20:33:55 827] tts        527  0  udata(8807f168) 1  
[2025/08/10 20:33:55 828] tts        657  TTS_MSG_GETAUDIO  0  
[2025/08/10 20:33:55 829] tts        485  get audio|use local  
[2025/08/10 20:33:55 829] tts        498  local audiolen:  2018  ,ced:  31  
[2025/08/10 20:33:55 829] tts        527  0  udata(8807dcc8) 1  
[2025/08/10 20:33:55 831] tts        657  TTS_MSG_GETAUDIO  0  
[2025/08/10 20:33:55 833] tts        485  get audio|use local  
[2025/08/10 20:33:55 833] tts        498  local audiolen:  2034  ,ced:  31  
[2025/08/10 20:33:55 833] tts        527  0  udata(8807e018) 1  
[2025/08/10 20:33:55 845] tts        301  0  0  
[2025/08/10 20:33:55 845] tts        312  TTS_LOCAL_CB_END,  2  
[2025/08/10 20:33:55 846] tts        657  TTS_MSG_GETAUDIO  0  
[2025/08/10 20:33:55 846] tts        485  get audio|use local  
[2025/08/10 20:33:55 846] tts        498  local audiolen:  2046  ,ced:  31  
[2025/08/10 20:33:55 852] tts        527  0  udata(88022818) 1  
[2025/08/10 20:33:55 853] tts        657  TTS_MSG_GETAUDIO  0  
[2025/08/10 20:33:55 853] tts        485  get audio|use local  
[2025/08/10 20:33:55 853] tts        498  local audiolen:  1962  ,ced:  31  
[2025/08/10 20:33:55 853] tts        527  0  udata(880227c8) 1  
[2025/08/10 20:33:55 854] tts        657  TTS_MSG_GETAUDIO  0  
[2025/08/10 20:33:55 854] tts        485  get audio|use local  
[2025/08/10 20:33:55 854] tts        498  local audiolen:  2014  ,ced:  31  
[2025/08/10 20:33:55 854] tts        527  0  udata(8807d5e8) 1  
[2025/08/10 20:33:55 855] tts        657  TTS_MSG_GETAUDIO  0  
[2025/08/10 20:33:55 855] tts        485  get audio|use local  
[2025/08/10 20:33:55 855] tts        498  local audiolen:  2036  ,ced:  31  
[2025/08/10 20:33:55 855] tts        527  0  udata(8807d638) 1  
[2025/08/10 20:33:55 856] tts        657  TTS_MSG_GETAUDIO  0  
[2025/08/10 20:33:55 856] tts        485  get audio|use local  
[2025/08/10 20:33:55 856] tts        498  local audiolen:  2028  ,ced:  31  
[2025/08/10 20:33:55 856] tts        527  0  udata(8807d688) 1  
[2025/08/10 20:33:55 856] tts        657  TTS_MSG_GETAUDIO  0  
[2025/08/10 20:33:55 856] tts        485  get audio|use local  
[2025/08/10 20:33:55 856] tts        498  local audiolen:  1912  ,ced:  31  
[2025/08/10 20:33:55 856] tts        527  0  udata(8807d6d8) 1  
[2025/08/10 20:33:55 857] tts        657  TTS_MSG_GETAUDIO  0  
[2025/08/10 20:33:55 857] tts        485  get audio|use local  
[2025/08/10 20:33:55 857] tts        498  local audiolen:  1938  ,ced:  31  
[2025/08/10 20:33:55 857] tts        527  0  udata(8807d728) 1  
[2025/08/10 20:33:55 858] tts        657  TTS_MSG_GETAUDIO  0  
[2025/08/10 20:33:55 858] tts        485  get audio|use local  
[2025/08/10 20:33:55 858] tts        498  local audiolen:  2036  ,ced:  31  
[2025/08/10 20:33:55 858] tts        527  0  udata(8807d778) 1  
[2025/08/10 20:33:55 858] tts        657  TTS_MSG_GETAUDIO  0  
[2025/08/10 20:33:55 858] tts        485  get audio|use local  
[2025/08/10 20:33:55 859] tts        498  local audiolen:  2016  ,ced:  31  
[2025/08/10 20:33:55 859] tts        527  0  udata(8807d7c8) 1  
[2025/08/10 20:33:55 859] tts        657  TTS_MSG_GETAUDIO  0  
[2025/08/10 20:33:55 859] tts        485  get audio|use local  
[2025/08/10 20:33:55 859] tts        498  local audiolen:  2026  ,ced:  31  
[2025/08/10 20:33:55 859] tts        527  0  udata(8807d818) 1  
[2025/08/10 20:33:55 860] tts        657  TTS_MSG_GETAUDIO  0  
[2025/08/10 20:33:55 860] tts        485  get audio|use local  
[2025/08/10 20:33:55 860] tts        498  local audiolen:  2030  ,ced:  31  
[2025/08/10 20:33:55 860] tts        527  0  udata(8807d868) 1  
[2025/08/10 20:33:55 860] tts        657  TTS_MSG_GETAUDIO  0  
[2025/08/10 20:33:55 861] tts        485  get audio|use local  
[2025/08/10 20:33:55 861] tts        498  local audiolen:  1992  ,ced:  31  
[2025/08/10 20:33:55 861] tts        527  0  udata(8807d8b8) 1  
[2025/08/10 20:33:55 861] tts        657  TTS_MSG_GETAUDIO  0  
[2025/08/10 20:33:55 861] tts        485  get audio|use local  
[2025/08/10 20:33:55 861] tts        498  local audiolen:  2034  ,ced:  31  
[2025/08/10 20:33:55 861] tts        527  0  udata(8807d908) 1  
[2025/08/10 20:33:55 862] tts        657  TTS_MSG_GETAUDIO  0  
[2025/08/10 20:33:55 862] tts        485  get audio|use local  
[2025/08/10 20:33:55 862] tts        498  local audiolen:  2024  ,ced:  31  
[2025/08/10 20:33:55 862] tts        527  0  udata(8807d958) 1  
[2025/08/10 20:33:55 863] tts        657  TTS_MSG_GETAUDIO  0  
[2025/08/10 20:33:55 863] tts        485  get audio|use local  
[2025/08/10 20:33:55 863] tts        498  local audiolen:  1954  ,ced:  31  
[2025/08/10 20:33:55 863] tts        527  0  udata(8807d9a8) 1  
[2025/08/10 20:33:55 863] tts        657  TTS_MSG_GETAUDIO  0  
[2025/08/10 20:33:55 863] tts        485  get audio|use local  
[2025/08/10 20:33:55 863] tts        498  local audiolen:  2046  ,ced:  31  
[2025/08/10 20:33:55 864] tts        527  0  udata(8807d9f8) 1  
[2025/08/10 20:33:55 868] tts        657  TTS_MSG_GETAUDIO  0  
[2025/08/10 20:33:55 868] tts        485  get audio|use local  
[2025/08/10 20:33:55 868] tts        498  local audiolen:  1958  ,ced:  31  
[2025/08/10 20:33:55 871] tts        527  0  udata(8807da48) 1  
[2025/08/10 20:33:55 881] tts        657  TTS_MSG_GETAUDIO  0  
[2025/08/10 20:33:55 881] tts        485  get audio|use local  
[2025/08/10 20:33:55 881] tts        498  local audiolen:  1998  ,ced:  31  
[2025/08/10 20:33:55 881] tts        527  0  udata(8807da98) 1  
[2025/08/10 20:33:55 883] tts        657  TTS_MSG_GETAUDIO  0  
[2025/08/10 20:33:55 883] tts        485  get audio|use local  
[2025/08/10 20:33:55 883] tts        498  local audiolen:  2016  ,ced:  31  
[2025/08/10 20:33:55 883] tts        527  0  udata(88022868) 1  
[2025/08/10 20:33:55 890] tts        657  TTS_MSG_GETAUDIO  0  
[2025/08/10 20:33:55 890] tts        485  get audio|use local  
[2025/08/10 20:33:55 890] tts        498  local audiolen:  1984  ,ced:  31  
[2025/08/10 20:33:55 890] tts        527  0  udata(880228b8) 1  
[2025/08/10 20:33:55 891] tts        657  TTS_MSG_GETAUDIO  0  
[2025/08/10 20:33:55 891] tts        485  get audio|use local  
[2025/08/10 20:33:55 891] tts        498  local audiolen:  1946  ,ced:  31  
[2025/08/10 20:33:55 891] tts        527  0  udata(88022908) 1  
[2025/08/10 20:33:55 892] tts        657  TTS_MSG_GETAUDIO  0  
[2025/08/10 20:33:55 892] tts        485  get audio|use local  
[2025/08/10 20:33:55 892] tts        498  local audiolen:  2002  ,ced:  31  
[2025/08/10 20:33:55 892] tts        527  0  udata(88022958) 1  
[2025/08/10 20:33:55 893] tts        657  TTS_MSG_GETAUDIO  0  
[2025/08/10 20:33:55 893] tts        485  get audio|use local  
[2025/08/10 20:33:55 893] tts        498  local audiolen:  1994  ,ced:  31  
[2025/08/10 20:33:55 893] tts        527  0  udata(880229a8) 1  
[2025/08/10 20:33:55 894] tts        657  TTS_MSG_GETAUDIO  0  
[2025/08/10 20:33:55 894] tts        485  get audio|use local  
[2025/08/10 20:33:55 894] tts        498  local audiolen:  2028  ,ced:  31  
[2025/08/10 20:33:55 894] tts        527  0  udata(880229f8) 1  
[2025/08/10 20:33:55 895] tts        657  TTS_MSG_GETAUDIO  0  
[2025/08/10 20:33:55 895] tts        485  get audio|use local  
[2025/08/10 20:33:55 895] tts        498  local audiolen:  2042  ,ced:  31  
[2025/08/10 20:33:55 896] tts        527  0  udata(88022a48) 1  
[2025/08/10 20:33:55 896] tts        657  TTS_MSG_GETAUDIO  0  
[2025/08/10 20:33:55 896] tts        485  get audio|use local  
[2025/08/10 20:33:55 897] tts        498  local audiolen:  2018  ,ced:  31  
[2025/08/10 20:33:55 897] tts        527  0  udata(88022a98) 1  
[2025/08/10 20:33:55 898] tts        657  TTS_MSG_GETAUDIO  0  
[2025/08/10 20:33:55 898] tts        485  get audio|use local  
[2025/08/10 20:33:55 899] tts        498  local audiolen:  1950  ,ced:  31  
[2025/08/10 20:33:55 899] tts        527  0  udata(88022ae8) 1  
[2025/08/10 20:33:55 906] tts        657  TTS_MSG_GETAUDIO  0  
[2025/08/10 20:33:55 906] tts        485  get audio|use local  
[2025/08/10 20:33:55 906] tts        498  local audiolen:  2028  ,ced:  31  
[2025/08/10 20:33:55 906] tts        527  0  udata(88022b38) 1  
[2025/08/10 20:33:55 907] tts        657  TTS_MSG_GETAUDIO  0  
[2025/08/10 20:33:55 907] tts        485  get audio|use local  
[2025/08/10 20:33:55 907] tts        498  local audiolen:  1944  ,ced:  31  
[2025/08/10 20:33:55 908] tts        527  0  udata(880714a8) 1  
[2025/08/10 20:33:55 908] tts        657  TTS_MSG_GETAUDIO  0  
[2025/08/10 20:33:55 909] tts        485  get audio|use local  
[2025/08/10 20:33:55 909] tts        498  local audiolen:  2044  ,ced:  31  
[2025/08/10 20:33:55 909] tts        527  0  udata(88022b88) 1  
[2025/08/10 20:33:55 910] tts        657  TTS_MSG_GETAUDIO  0  
[2025/08/10 20:33:55 910] tts        485  get audio|use local  
[2025/08/10 20:33:55 910] tts        498  local audiolen:  1996  ,ced:  31  
[2025/08/10 20:33:55 910] tts        527  0  udata(88022bd8) 1  
[2025/08/10 20:33:55 913] tts        657  TTS_MSG_GETAUDIO  0  
[2025/08/10 20:33:55 914] tts        485  get audio|use local  
[2025/08/10 20:33:55 914] tts        498  local audiolen:  1914  ,ced:  31  
[2025/08/10 20:33:55 914] tts        527  0  udata(88022c28) 1  
[2025/08/10 20:33:55 920] tts        657  TTS_MSG_GETAUDIO  0  
[2025/08/10 20:33:55 920] tts        485  get audio|use local  
[2025/08/10 20:33:55 921] tts        498  local audiolen:  1916  ,ced:  31  
[2025/08/10 20:33:55 921] tts        527  0  udata(8806abc8) 1  
[2025/08/10 20:33:55 922] tts        657  TTS_MSG_GETAUDIO  0  
[2025/08/10 20:33:55 922] tts        485  get audio|use local  
[2025/08/10 20:33:55 922] tts        498  local audiolen:  1964  ,ced:  31  
[2025/08/10 20:33:55 922] tts        527  0  udata(88022c78) 1  
[2025/08/10 20:33:55 923] tts        657  TTS_MSG_GETAUDIO  0  
[2025/08/10 20:33:55 923] tts        485  get audio|use local  
[2025/08/10 20:33:55 923] tts        498  local audiolen:  1996  ,ced:  31  
[2025/08/10 20:33:55 923] tts        527  0  udata(88022cc8) 1  
[2025/08/10 20:33:55 924] tts        657  TTS_MSG_GETAUDIO  0  
[2025/08/10 20:33:55 924] tts        485  get audio|use local  
[2025/08/10 20:33:55 924] tts        498  local audiolen:  2016  ,ced:  31  
[2025/08/10 20:33:55 925] tts        527  0  udata(88022d18) 1  
[2025/08/10 20:33:55 925] tts        657  TTS_MSG_GETAUDIO  0  
[2025/08/10 20:33:55 926] tts        485  get audio|use local  
[2025/08/10 20:33:55 926] tts        498  local audiolen:  2016  ,ced:  31  
[2025/08/10 20:33:55 926] tts        527  0  udata(88022d68) 1  
[2025/08/10 20:33:55 927] tts        657  TTS_MSG_GETAUDIO  0  
[2025/08/10 20:33:55 927] tts        485  get audio|use local  
[2025/08/10 20:33:55 928] tts        498  local audiolen:  576  ,ced:  31  
[2025/08/10 20:33:55 928] tts        527  0  udata(88023508) 2  
[2025/08/10 20:33:55 929] tts        660  TTS_MSG_SSE  
[2025/08/10 20:33:55 930] tts        585  sse|use local  
[2025/08/10 20:33:55 934] tts        603  tts exit  
[2025/08/10 20:33:55 937] tts        667  SYS_MSG_UNLOAD  
