============================================================
Time  2025/08/10 19:58:59 166 
============================================================
[2025/08/10 19:58:59 166] tts        676  SYS_MSG_REGCB param0 =  msp_status_cb  param1 =  func(7c014a30) 
[2025/08/10 19:58:59 170] config     43   use general cloud  
[2025/08/10 19:58:59 179] tts_cloud  1417 SYS_MSG_REGCB_CLOUD param0 =   msp_status_cb  param1 =  func(7c014a30) 
[2025/08/10 19:58:59 180] tts        647  TTS_MSG_SSB  
[2025/08/10 19:58:59 180] tts        375  params =  engine_type = local,voice_name=xiaoyan, text_encoding = UTF8, tts_res_path = fo|res/tts/xiaoyan.jet;fo|res/tts/common.jet, sample_rate = 16000, speed = 50, volume = 80, pitch = 50, rdn = 2  
[2025/08/10 19:58:59 180] tts        412  ssb|use local  
[2025/08/10 19:58:59 180] tts        349  local_session_begin  
[2025/08/10 19:58:59 184] tts        654  TTS_MSG_SYN  0  
[2025/08/10 19:58:59 184] tts        451  synth|use local  
[2025/08/10 19:58:59 185] tts        657  TTS_MSG_GETAUDIO  0  
[2025/08/10 19:58:59 185] tts        485  get audio|use local  
[2025/08/10 19:58:59 185] tts        527  0  nil  1  
[2025/08/10 19:58:59 186] tts        657  TTS_MSG_GETAUDIO  0  
[2025/08/10 19:58:59 186] tts        485  get audio|use local  
[2025/08/10 19:58:59 186] tts        527  0  nil  1  
[2025/08/10 19:58:59 187] tts        657  TTS_MSG_GETAUDIO  0  
[2025/08/10 19:58:59 187] tts        485  get audio|use local  
[2025/08/10 19:58:59 187] tts        527  0  nil  1  
[2025/08/10 19:58:59 188] tts        657  TTS_MSG_GETAUDIO  0  
[2025/08/10 19:58:59 188] tts        485  get audio|use local  
[2025/08/10 19:58:59 189] tts        527  0  nil  1  
[2025/08/10 19:58:59 189] tts        657  TTS_MSG_GETAUDIO  0  
[2025/08/10 19:58:59 190] tts        485  get audio|use local  
[2025/08/10 19:58:59 190] tts        527  0  nil  1  
[2025/08/10 19:58:59 191] tts        657  TTS_MSG_GETAUDIO  0  
[2025/08/10 19:58:59 191] tts        485  get audio|use local  
[2025/08/10 19:58:59 191] tts        527  0  nil  1  
[2025/08/10 19:58:59 192] tts        657  TTS_MSG_GETAUDIO  0  
[2025/08/10 19:58:59 192] tts        485  get audio|use local  
[2025/08/10 19:58:59 192] tts        527  0  nil  1  
[2025/08/10 19:58:59 193] tts        657  TTS_MSG_GETAUDIO  0  
[2025/08/10 19:58:59 193] tts        485  get audio|use local  
[2025/08/10 19:58:59 193] tts        527  0  nil  1  
[2025/08/10 19:58:59 194] tts        657  TTS_MSG_GETAUDIO  0  
[2025/08/10 19:58:59 194] tts        485  get audio|use local  
[2025/08/10 19:58:59 194] tts        527  0  nil  1  
[2025/08/10 19:58:59 195] tts        657  TTS_MSG_GETAUDIO  0  
[2025/08/10 19:58:59 195] tts        485  get audio|use local  
[2025/08/10 19:58:59 195] tts        527  0  nil  1  
[2025/08/10 19:58:59 196] tts        657  TTS_MSG_GETAUDIO  0  
[2025/08/10 19:58:59 196] tts        485  get audio|use local  
[2025/08/10 19:58:59 196] tts        527  0  nil  1  
[2025/08/10 19:58:59 197] tts        657  TTS_MSG_GETAUDIO  0  
[2025/08/10 19:58:59 197] tts        485  get audio|use local  
[2025/08/10 19:58:59 197] tts        527  0  nil  1  
[2025/08/10 19:58:59 199] tts        657  TTS_MSG_GETAUDIO  0  
[2025/08/10 19:58:59 199] tts        485  get audio|use local  
[2025/08/10 19:58:59 199] tts        527  0  nil  1  
[2025/08/10 19:58:59 200] tts        657  TTS_MSG_GETAUDIO  0  
[2025/08/10 19:58:59 200] tts        485  get audio|use local  
[2025/08/10 19:58:59 200] tts        527  0  nil  1  
[2025/08/10 19:58:59 202] tts        657  TTS_MSG_GETAUDIO  0  
[2025/08/10 19:58:59 203] tts        485  get audio|use local  
[2025/08/10 19:58:59 204] tts        527  0  nil  1  
[2025/08/10 19:58:59 205] tts        657  TTS_MSG_GETAUDIO  0  
[2025/08/10 19:58:59 205] tts        485  get audio|use local  
[2025/08/10 19:58:59 205] tts        527  0  nil  1  
[2025/08/10 19:58:59 206] tts        657  TTS_MSG_GETAUDIO  0  
[2025/08/10 19:58:59 206] tts        485  get audio|use local  
[2025/08/10 19:58:59 206] tts        527  0  nil  1  
[2025/08/10 19:58:59 209] tts        657  TTS_MSG_GETAUDIO  0  
[2025/08/10 19:58:59 209] tts        485  get audio|use local  
[2025/08/10 19:58:59 209] tts        527  0  nil  1  
[2025/08/10 19:58:59 210] tts        657  TTS_MSG_GETAUDIO  0  
[2025/08/10 19:58:59 210] tts        485  get audio|use local  
[2025/08/10 19:58:59 210] tts        527  0  nil  1  
[2025/08/10 19:58:59 211] tts        657  TTS_MSG_GETAUDIO  0  
[2025/08/10 19:58:59 211] tts        485  get audio|use local  
[2025/08/10 19:58:59 211] tts        527  0  nil  1  
[2025/08/10 19:58:59 212] tts        657  TTS_MSG_GETAUDIO  0  
[2025/08/10 19:58:59 212] tts        485  get audio|use local  
[2025/08/10 19:58:59 213] tts        527  0  nil  1  
[2025/08/10 19:58:59 214] tts        657  TTS_MSG_GETAUDIO  0  
[2025/08/10 19:58:59 214] tts        485  get audio|use local  
[2025/08/10 19:58:59 214] tts        527  0  nil  1  
[2025/08/10 19:58:59 214] tts        657  TTS_MSG_GETAUDIO  0  
[2025/08/10 19:58:59 215] tts        485  get audio|use local  
[2025/08/10 19:58:59 215] tts        527  0  nil  1  
[2025/08/10 19:58:59 216] tts        657  TTS_MSG_GETAUDIO  0  
[2025/08/10 19:58:59 216] tts        485  get audio|use local  
[2025/08/10 19:58:59 216] tts        527  0  nil  1  
[2025/08/10 19:58:59 216] tts        657  TTS_MSG_GETAUDIO  0  
[2025/08/10 19:58:59 217] tts        485  get audio|use local  
[2025/08/10 19:58:59 217] tts        527  0  nil  1  
[2025/08/10 19:58:59 217] tts        657  TTS_MSG_GETAUDIO  0  
[2025/08/10 19:58:59 217] tts        485  get audio|use local  
[2025/08/10 19:58:59 218] tts        527  0  nil  1  
[2025/08/10 19:58:59 218] tts        657  TTS_MSG_GETAUDIO  0  
[2025/08/10 19:58:59 218] tts        485  get audio|use local  
[2025/08/10 19:58:59 218] tts        527  0  nil  1  
[2025/08/10 19:58:59 219] tts        657  TTS_MSG_GETAUDIO  0  
[2025/08/10 19:58:59 219] tts        485  get audio|use local  
[2025/08/10 19:58:59 220] tts        527  0  nil  1  
[2025/08/10 19:58:59 221] tts        657  TTS_MSG_GETAUDIO  0  
[2025/08/10 19:58:59 221] tts        485  get audio|use local  
[2025/08/10 19:58:59 221] tts        527  0  nil  1  
[2025/08/10 19:58:59 222] tts        657  TTS_MSG_GETAUDIO  0  
[2025/08/10 19:58:59 222] tts        485  get audio|use local  
[2025/08/10 19:58:59 223] tts        527  0  nil  1  
[2025/08/10 19:58:59 224] tts        657  TTS_MSG_GETAUDIO  0  
[2025/08/10 19:58:59 224] tts        485  get audio|use local  
[2025/08/10 19:58:59 224] tts        527  0  nil  1  
[2025/08/10 19:58:59 226] tts        657  TTS_MSG_GETAUDIO  0  
[2025/08/10 19:58:59 226] tts        485  get audio|use local  
[2025/08/10 19:58:59 226] tts        527  0  nil  1  
[2025/08/10 19:58:59 227] tts        657  TTS_MSG_GETAUDIO  0  
[2025/08/10 19:58:59 227] tts        485  get audio|use local  
[2025/08/10 19:58:59 227] tts        527  0  nil  1  
[2025/08/10 19:58:59 228] tts        657  TTS_MSG_GETAUDIO  0  
[2025/08/10 19:58:59 228] tts        485  get audio|use local  
[2025/08/10 19:58:59 228] tts        527  0  nil  1  
[2025/08/10 19:58:59 229] tts        657  TTS_MSG_GETAUDIO  0  
[2025/08/10 19:58:59 229] tts        485  get audio|use local  
[2025/08/10 19:58:59 229] tts        527  0  nil  1  
[2025/08/10 19:58:59 230] tts        657  TTS_MSG_GETAUDIO  0  
[2025/08/10 19:58:59 230] tts        485  get audio|use local  
[2025/08/10 19:58:59 230] tts        527  0  nil  1  
[2025/08/10 19:58:59 231] tts        657  TTS_MSG_GETAUDIO  0  
[2025/08/10 19:58:59 231] tts        485  get audio|use local  
[2025/08/10 19:58:59 231] tts        527  0  nil  1  
[2025/08/10 19:58:59 233] tts        657  TTS_MSG_GETAUDIO  0  
[2025/08/10 19:58:59 233] tts        485  get audio|use local  
[2025/08/10 19:58:59 233] tts        527  0  nil  1  
[2025/08/10 19:58:59 234] tts        657  TTS_MSG_GETAUDIO  0  
[2025/08/10 19:58:59 234] tts        485  get audio|use local  
[2025/08/10 19:58:59 234] tts        527  0  nil  1  
[2025/08/10 19:58:59 235] tts        657  TTS_MSG_GETAUDIO  0  
[2025/08/10 19:58:59 235] tts        485  get audio|use local  
[2025/08/10 19:58:59 235] tts        527  0  nil  1  
[2025/08/10 19:58:59 236] tts        657  TTS_MSG_GETAUDIO  0  
[2025/08/10 19:58:59 236] tts        485  get audio|use local  
[2025/08/10 19:58:59 236] tts        527  0  nil  1  
[2025/08/10 19:58:59 236] tts        657  TTS_MSG_GETAUDIO  0  
[2025/08/10 19:58:59 237] tts        485  get audio|use local  
[2025/08/10 19:58:59 237] tts        527  0  nil  1  
[2025/08/10 19:58:59 238] tts        657  TTS_MSG_GETAUDIO  0  
[2025/08/10 19:58:59 238] tts        485  get audio|use local  
[2025/08/10 19:58:59 238] tts        527  0  nil  1  
[2025/08/10 19:58:59 240] tts        657  TTS_MSG_GETAUDIO  0  
[2025/08/10 19:58:59 240] tts        485  get audio|use local  
[2025/08/10 19:58:59 240] tts        527  0  nil  1  
[2025/08/10 19:58:59 241] tts        657  TTS_MSG_GETAUDIO  0  
[2025/08/10 19:58:59 241] tts        485  get audio|use local  
[2025/08/10 19:58:59 242] tts        527  0  nil  1  
[2025/08/10 19:58:59 242] tts        657  TTS_MSG_GETAUDIO  0  
[2025/08/10 19:58:59 242] tts        485  get audio|use local  
[2025/08/10 19:58:59 243] tts        527  0  nil  1  
[2025/08/10 19:58:59 243] tts        657  TTS_MSG_GETAUDIO  0  
[2025/08/10 19:58:59 243] tts        485  get audio|use local  
[2025/08/10 19:58:59 244] tts        527  0  nil  1  
[2025/08/10 19:58:59 244] tts        657  TTS_MSG_GETAUDIO  0  
[2025/08/10 19:58:59 244] tts        485  get audio|use local  
[2025/08/10 19:58:59 245] tts        527  0  nil  1  
[2025/08/10 19:58:59 246] tts        657  TTS_MSG_GETAUDIO  0  
[2025/08/10 19:58:59 246] tts        485  get audio|use local  
[2025/08/10 19:58:59 246] tts        527  0  nil  1  
[2025/08/10 19:58:59 248] tts        657  TTS_MSG_GETAUDIO  0  
[2025/08/10 19:58:59 248] tts        485  get audio|use local  
[2025/08/10 19:58:59 249] tts        527  0  nil  1  
[2025/08/10 19:58:59 249] tts        657  TTS_MSG_GETAUDIO  0  
[2025/08/10 19:58:59 250] tts        485  get audio|use local  
[2025/08/10 19:58:59 250] tts        527  0  nil  1  
[2025/08/10 19:58:59 251] tts        657  TTS_MSG_GETAUDIO  0  
[2025/08/10 19:58:59 251] tts        485  get audio|use local  
[2025/08/10 19:58:59 252] tts        527  0  nil  1  
[2025/08/10 19:58:59 252] tts        657  TTS_MSG_GETAUDIO  0  
[2025/08/10 19:58:59 253] tts        485  get audio|use local  
[2025/08/10 19:58:59 253] tts        527  0  nil  1  
[2025/08/10 19:58:59 254] tts        657  TTS_MSG_GETAUDIO  0  
[2025/08/10 19:58:59 254] tts        485  get audio|use local  
[2025/08/10 19:58:59 254] tts        527  0  nil  1  
[2025/08/10 19:58:59 254] tts        657  TTS_MSG_GETAUDIO  0  
[2025/08/10 19:58:59 255] tts        485  get audio|use local  
[2025/08/10 19:58:59 255] tts        527  0  nil  1  
[2025/08/10 19:58:59 255] tts        657  TTS_MSG_GETAUDIO  0  
[2025/08/10 19:58:59 255] tts        485  get audio|use local  
[2025/08/10 19:58:59 255] tts        527  0  nil  1  
[2025/08/10 19:58:59 256] tts        657  TTS_MSG_GETAUDIO  0  
[2025/08/10 19:58:59 256] tts        485  get audio|use local  
[2025/08/10 19:58:59 256] tts        527  0  nil  1  
[2025/08/10 19:58:59 257] tts        657  TTS_MSG_GETAUDIO  0  
[2025/08/10 19:58:59 257] tts        485  get audio|use local  
[2025/08/10 19:58:59 257] tts        527  0  nil  1  
[2025/08/10 19:58:59 258] tts        657  TTS_MSG_GETAUDIO  0  
[2025/08/10 19:58:59 258] tts        485  get audio|use local  
[2025/08/10 19:58:59 258] tts        527  0  nil  1  
[2025/08/10 19:58:59 258] tts        657  TTS_MSG_GETAUDIO  0  
[2025/08/10 19:58:59 259] tts        485  get audio|use local  
[2025/08/10 19:58:59 259] tts        527  0  nil  1  
[2025/08/10 19:58:59 259] tts        657  TTS_MSG_GETAUDIO  0  
[2025/08/10 19:58:59 259] tts        485  get audio|use local  
[2025/08/10 19:58:59 259] tts        527  0  nil  1  
[2025/08/10 19:58:59 260] tts        657  TTS_MSG_GETAUDIO  0  
[2025/08/10 19:58:59 260] tts        485  get audio|use local  
[2025/08/10 19:58:59 260] tts        527  0  nil  1  
[2025/08/10 19:58:59 261] tts        657  TTS_MSG_GETAUDIO  0  
[2025/08/10 19:58:59 261] tts        485  get audio|use local  
[2025/08/10 19:58:59 261] tts        527  0  nil  1  
[2025/08/10 19:58:59 262] tts        657  TTS_MSG_GETAUDIO  0  
[2025/08/10 19:58:59 262] tts        485  get audio|use local  
[2025/08/10 19:58:59 262] tts        527  0  nil  1  
[2025/08/10 19:58:59 262] tts        657  TTS_MSG_GETAUDIO  0  
[2025/08/10 19:58:59 263] tts        485  get audio|use local  
[2025/08/10 19:58:59 263] tts        527  0  nil  1  
[2025/08/10 19:58:59 263] tts        657  TTS_MSG_GETAUDIO  0  
[2025/08/10 19:58:59 263] tts        485  get audio|use local  
[2025/08/10 19:58:59 263] tts        527  0  nil  1  
[2025/08/10 19:58:59 264] tts        657  TTS_MSG_GETAUDIO  0  
[2025/08/10 19:58:59 264] tts        485  get audio|use local  
[2025/08/10 19:58:59 265] tts        527  0  nil  1  
[2025/08/10 19:58:59 265] tts        657  TTS_MSG_GETAUDIO  0  
[2025/08/10 19:58:59 265] tts        485  get audio|use local  
[2025/08/10 19:58:59 265] tts        527  0  nil  1  
[2025/08/10 19:58:59 266] tts        657  TTS_MSG_GETAUDIO  0  
[2025/08/10 19:58:59 266] tts        485  get audio|use local  
[2025/08/10 19:58:59 266] tts        527  0  nil  1  
[2025/08/10 19:58:59 267] tts        657  TTS_MSG_GETAUDIO  0  
[2025/08/10 19:58:59 267] tts        485  get audio|use local  
[2025/08/10 19:58:59 267] tts        527  0  nil  1  
[2025/08/10 19:58:59 273] tts        657  TTS_MSG_GETAUDIO  0  
[2025/08/10 19:58:59 273] tts        485  get audio|use local  
[2025/08/10 19:58:59 274] tts        527  0  nil  1  
[2025/08/10 19:58:59 281] tts        657  TTS_MSG_GETAUDIO  0  
[2025/08/10 19:58:59 281] tts        485  get audio|use local  
[2025/08/10 19:58:59 281] tts        527  0  nil  1  
[2025/08/10 19:58:59 283] tts        657  TTS_MSG_GETAUDIO  0  
[2025/08/10 19:58:59 283] tts        485  get audio|use local  
[2025/08/10 19:58:59 283] tts        527  0  nil  1  
[2025/08/10 19:58:59 286] tts        657  TTS_MSG_GETAUDIO  0  
[2025/08/10 19:58:59 286] tts        485  get audio|use local  
[2025/08/10 19:58:59 286] tts        527  0  nil  1  
[2025/08/10 19:58:59 288] tts        657  TTS_MSG_GETAUDIO  0  
[2025/08/10 19:58:59 288] tts        485  get audio|use local  
[2025/08/10 19:58:59 288] tts        527  0  nil  1  
[2025/08/10 19:58:59 289] tts        657  TTS_MSG_GETAUDIO  0  
[2025/08/10 19:58:59 289] tts        485  get audio|use local  
[2025/08/10 19:58:59 289] tts        527  0  nil  1  
[2025/08/10 19:58:59 290] tts        657  TTS_MSG_GETAUDIO  0  
[2025/08/10 19:58:59 291] tts        485  get audio|use local  
[2025/08/10 19:58:59 295] tts        527  0  nil  1  
[2025/08/10 19:58:59 297] tts        299  TTS_LOCAL_CB_BEGIN  
[2025/08/10 19:58:59 298] tts        657  TTS_MSG_GETAUDIO  0  
[2025/08/10 19:58:59 298] tts        485  get audio|use local  
[2025/08/10 19:58:59 298] tts        527  0  nil  1  
[2025/08/10 19:58:59 299] tts        657  TTS_MSG_GETAUDIO  0  
[2025/08/10 19:58:59 299] tts        485  get audio|use local  
[2025/08/10 19:58:59 299] tts        527  0  nil  1  
[2025/08/10 19:58:59 316] tts        657  TTS_MSG_GETAUDIO  0  
[2025/08/10 19:58:59 316] tts        485  get audio|use local  
[2025/08/10 19:58:59 316] tts        498  local audiolen:  2042  ,ced:  16  
[2025/08/10 19:58:59 316] tts        527  0  udata(7c07f088) 1  
[2025/08/10 19:58:59 319] tts        657  TTS_MSG_GETAUDIO  0  
[2025/08/10 19:58:59 319] tts        485  get audio|use local  
[2025/08/10 19:58:59 320] tts        498  local audiolen:  2016  ,ced:  16  
[2025/08/10 19:58:59 320] tts        527  0  udata(7c07f0d8) 1  
[2025/08/10 19:58:59 321] tts        657  TTS_MSG_GETAUDIO  0  
[2025/08/10 19:58:59 321] tts        485  get audio|use local  
[2025/08/10 19:58:59 321] tts        498  local audiolen:  1964  ,ced:  16  
[2025/08/10 19:58:59 321] tts        527  0  udata(7c087f78) 1  
[2025/08/10 19:58:59 322] tts        657  TTS_MSG_GETAUDIO  0  
[2025/08/10 19:58:59 322] tts        485  get audio|use local  
[2025/08/10 19:58:59 323] tts        498  local audiolen:  1916  ,ced:  16  
[2025/08/10 19:58:59 323] tts        527  0  udata(7c087fc8) 1  
[2025/08/10 19:58:59 325] tts        657  TTS_MSG_GETAUDIO  0  
[2025/08/10 19:58:59 325] tts        485  get audio|use local  
[2025/08/10 19:58:59 325] tts        498  local audiolen:  2018  ,ced:  16  
[2025/08/10 19:58:59 325] tts        527  0  udata(7c0880b8) 1  
[2025/08/10 19:58:59 328] tts        657  TTS_MSG_GETAUDIO  0  
[2025/08/10 19:58:59 328] tts        485  get audio|use local  
[2025/08/10 19:58:59 329] tts        498  local audiolen:  2008  ,ced:  16  
[2025/08/10 19:58:59 329] tts        527  0  udata(7c088108) 1  
[2025/08/10 19:58:59 329] tts        657  TTS_MSG_GETAUDIO  0  
[2025/08/10 19:58:59 330] tts        485  get audio|use local  
[2025/08/10 19:58:59 330] tts        498  local audiolen:  2046  ,ced:  16  
[2025/08/10 19:58:59 330] tts        527  0  udata(7c088158) 1  
[2025/08/10 19:58:59 341] tts        657  TTS_MSG_GETAUDIO  0  
[2025/08/10 19:58:59 341] tts        485  get audio|use local  
[2025/08/10 19:58:59 341] tts        498  local audiolen:  1972  ,ced:  16  
[2025/08/10 19:58:59 342] tts        527  0  udata(7c087a18) 1  
[2025/08/10 19:58:59 342] tts        657  TTS_MSG_GETAUDIO  0  
[2025/08/10 19:58:59 343] tts        485  get audio|use local  
[2025/08/10 19:58:59 343] tts        498  local audiolen:  1934  ,ced:  16  
[2025/08/10 19:58:59 343] tts        527  0  udata(7c087a68) 1  
[2025/08/10 19:58:59 345] tts        657  TTS_MSG_GETAUDIO  0  
[2025/08/10 19:58:59 345] tts        485  get audio|use local  
[2025/08/10 19:58:59 345] tts        498  local audiolen:  2016  ,ced:  16  
[2025/08/10 19:58:59 345] tts        527  0  udata(7c087bb8) 1  
[2025/08/10 19:58:59 348] tts        657  TTS_MSG_GETAUDIO  0  
[2025/08/10 19:58:59 349] tts        485  get audio|use local  
[2025/08/10 19:58:59 349] tts        498  local audiolen:  2036  ,ced:  16  
[2025/08/10 19:58:59 349] tts        527  0  udata(7c087d08) 1  
[2025/08/10 19:58:59 350] tts        657  TTS_MSG_GETAUDIO  0  
[2025/08/10 19:58:59 350] tts        485  get audio|use local  
[2025/08/10 19:58:59 350] tts        498  local audiolen:  1944  ,ced:  16  
[2025/08/10 19:58:59 350] tts        527  0  udata(7c087d58) 1  
[2025/08/10 19:58:59 351] tts        657  TTS_MSG_GETAUDIO  0  
[2025/08/10 19:58:59 351] tts        485  get audio|use local  
[2025/08/10 19:58:59 352] tts        498  local audiolen:  1958  ,ced:  16  
[2025/08/10 19:58:59 352] tts        527  0  udata(7c087da8) 1  
[2025/08/10 19:58:59 354] tts        657  TTS_MSG_GETAUDIO  0  
[2025/08/10 19:58:59 354] tts        485  get audio|use local  
[2025/08/10 19:58:59 354] tts        498  local audiolen:  2016  ,ced:  16  
[2025/08/10 19:58:59 354] tts        527  0  udata(7c013608) 1  
[2025/08/10 19:58:59 355] tts        657  TTS_MSG_GETAUDIO  0  
[2025/08/10 19:58:59 356] tts        485  get audio|use local  
[2025/08/10 19:58:59 356] tts        498  local audiolen:  2016  ,ced:  16  
[2025/08/10 19:58:59 356] tts        527  0  udata(7c013658) 1  
[2025/08/10 19:58:59 357] tts        657  TTS_MSG_GETAUDIO  0  
[2025/08/10 19:58:59 357] tts        485  get audio|use local  
[2025/08/10 19:58:59 357] tts        498  local audiolen:  1972  ,ced:  16  
[2025/08/10 19:58:59 357] tts        527  0  udata(7c07e498) 1  
[2025/08/10 19:58:59 359] tts        657  TTS_MSG_GETAUDIO  0  
[2025/08/10 19:58:59 359] tts        485  get audio|use local  
[2025/08/10 19:58:59 359] tts        498  local audiolen:  1944  ,ced:  16  
[2025/08/10 19:58:59 359] tts        527  0  udata(7c06abc8) 1  
[2025/08/10 19:58:59 361] tts        657  TTS_MSG_GETAUDIO  0  
[2025/08/10 19:58:59 361] tts        485  get audio|use local  
[2025/08/10 19:58:59 361] tts        498  local audiolen:  2014  ,ced:  16  
[2025/08/10 19:58:59 361] tts        527  0  udata(7c07e6e8) 1  
[2025/08/10 19:58:59 362] tts        301  0  0  
[2025/08/10 19:58:59 362] tts        312  TTS_LOCAL_CB_END,  2  
[2025/08/10 19:58:59 363] tts        657  TTS_MSG_GETAUDIO  0  
[2025/08/10 19:58:59 363] tts        485  get audio|use local  
[2025/08/10 19:58:59 363] tts        498  local audiolen:  1960  ,ced:  16  
[2025/08/10 19:58:59 363] tts        527  0  udata(7c07e788) 1  
[2025/08/10 19:58:59 364] tts        657  TTS_MSG_GETAUDIO  0  
[2025/08/10 19:58:59 364] tts        485  get audio|use local  
[2025/08/10 19:58:59 364] tts        498  local audiolen:  2004  ,ced:  16  
[2025/08/10 19:58:59 364] tts        527  0  udata(7c07d4d8) 1  
[2025/08/10 19:58:59 365] tts        657  TTS_MSG_GETAUDIO  0  
[2025/08/10 19:58:59 365] tts        485  get audio|use local  
[2025/08/10 19:58:59 365] tts        498  local audiolen:  2044  ,ced:  16  
[2025/08/10 19:58:59 366] tts        527  0  udata(7c07d528) 1  
[2025/08/10 19:58:59 366] tts        657  TTS_MSG_GETAUDIO  0  
[2025/08/10 19:58:59 366] tts        485  get audio|use local  
[2025/08/10 19:58:59 366] tts        498  local audiolen:  2016  ,ced:  16  
[2025/08/10 19:58:59 367] tts        527  0  udata(7c07d578) 1  
[2025/08/10 19:58:59 367] tts        657  TTS_MSG_GETAUDIO  0  
[2025/08/10 19:58:59 367] tts        485  get audio|use local  
[2025/08/10 19:58:59 367] tts        498  local audiolen:  2016  ,ced:  16  
[2025/08/10 19:58:59 368] tts        527  0  udata(7c07d5e8) 1  
[2025/08/10 19:58:59 368] tts        657  TTS_MSG_GETAUDIO  0  
[2025/08/10 19:58:59 368] tts        485  get audio|use local  
[2025/08/10 19:58:59 369] tts        498  local audiolen:  2014  ,ced:  16  
[2025/08/10 19:58:59 369] tts        527  0  udata(7c07d638) 1  
[2025/08/10 19:58:59 369] tts        657  TTS_MSG_GETAUDIO  0  
[2025/08/10 19:58:59 369] tts        485  get audio|use local  
[2025/08/10 19:58:59 370] tts        498  local audiolen:  1824  ,ced:  16  
[2025/08/10 19:58:59 370] tts        527  0  udata(7c07e328) 2  
[2025/08/10 19:58:59 371] tts        660  TTS_MSG_SSE  
[2025/08/10 19:58:59 372] tts        585  sse|use local  
[2025/08/10 19:58:59 380] tts        603  tts exit  
[2025/08/10 19:58:59 382] tts        667  SYS_MSG_UNLOAD  
