============================================================
Time  2025/08/10 20:00:55 284 
============================================================
[2025/08/10 20:00:55 284] tts        676  SYS_MSG_REGCB param0 =  msp_status_cb  param1 =  func(90014a30) 
[2025/08/10 20:00:55 289] config     43   use general cloud  
[2025/08/10 20:00:55 301] tts_cloud  1417 SYS_MSG_REGCB_CLOUD param0 =   msp_status_cb  param1 =  func(90014a30) 
[2025/08/10 20:00:55 302] tts        647  TTS_MSG_SSB  
[2025/08/10 20:00:55 302] tts        375  params =  engine_type = local,voice_name=xiaoyan, text_encoding = UTF8, tts_res_path = fo|res/tts/xiaoyan.jet;fo|res/tts/common.jet, sample_rate = 16000, speed = 50, volume = 80, pitch = 50, rdn = 2  
[2025/08/10 20:00:55 302] tts        412  ssb|use local  
[2025/08/10 20:00:55 302] tts        349  local_session_begin  
[2025/08/10 20:00:55 306] tts        654  TTS_MSG_SYN  0  
[2025/08/10 20:00:55 307] tts        451  synth|use local  
[2025/08/10 20:00:55 308] tts        657  TTS_MSG_GETAUDIO  0  
[2025/08/10 20:00:55 308] tts        485  get audio|use local  
[2025/08/10 20:00:55 308] tts        527  0  nil  1  
[2025/08/10 20:00:55 309] tts        657  TTS_MSG_GETAUDIO  0  
[2025/08/10 20:00:55 309] tts        485  get audio|use local  
[2025/08/10 20:00:55 309] tts        527  0  nil  1  
[2025/08/10 20:00:55 310] tts        657  TTS_MSG_GETAUDIO  0  
[2025/08/10 20:00:55 310] tts        485  get audio|use local  
[2025/08/10 20:00:55 310] tts        527  0  nil  1  
[2025/08/10 20:00:55 311] tts        657  TTS_MSG_GETAUDIO  0  
[2025/08/10 20:00:55 311] tts        485  get audio|use local  
[2025/08/10 20:00:55 311] tts        527  0  nil  1  
[2025/08/10 20:00:55 312] tts        657  TTS_MSG_GETAUDIO  0  
[2025/08/10 20:00:55 312] tts        485  get audio|use local  
[2025/08/10 20:00:55 312] tts        527  0  nil  1  
[2025/08/10 20:00:55 313] tts        657  TTS_MSG_GETAUDIO  0  
[2025/08/10 20:00:55 313] tts        485  get audio|use local  
[2025/08/10 20:00:55 313] tts        527  0  nil  1  
[2025/08/10 20:00:55 314] tts        657  TTS_MSG_GETAUDIO  0  
[2025/08/10 20:00:55 314] tts        485  get audio|use local  
[2025/08/10 20:00:55 314] tts        527  0  nil  1  
[2025/08/10 20:00:55 315] tts        657  TTS_MSG_GETAUDIO  0  
[2025/08/10 20:00:55 315] tts        485  get audio|use local  
[2025/08/10 20:00:55 315] tts        527  0  nil  1  
[2025/08/10 20:00:55 316] tts        657  TTS_MSG_GETAUDIO  0  
[2025/08/10 20:00:55 316] tts        485  get audio|use local  
[2025/08/10 20:00:55 316] tts        527  0  nil  1  
[2025/08/10 20:00:55 317] tts        657  TTS_MSG_GETAUDIO  0  
[2025/08/10 20:00:55 317] tts        485  get audio|use local  
[2025/08/10 20:00:55 317] tts        527  0  nil  1  
[2025/08/10 20:00:55 317] tts        657  TTS_MSG_GETAUDIO  0  
[2025/08/10 20:00:55 318] tts        485  get audio|use local  
[2025/08/10 20:00:55 318] tts        527  0  nil  1  
[2025/08/10 20:00:55 318] tts        657  TTS_MSG_GETAUDIO  0  
[2025/08/10 20:00:55 319] tts        485  get audio|use local  
[2025/08/10 20:00:55 319] tts        527  0  nil  1  
[2025/08/10 20:00:55 319] tts        657  TTS_MSG_GETAUDIO  0  
[2025/08/10 20:00:55 319] tts        485  get audio|use local  
[2025/08/10 20:00:55 319] tts        527  0  nil  1  
[2025/08/10 20:00:55 320] tts        657  TTS_MSG_GETAUDIO  0  
[2025/08/10 20:00:55 320] tts        485  get audio|use local  
[2025/08/10 20:00:55 320] tts        527  0  nil  1  
[2025/08/10 20:00:55 321] tts        657  TTS_MSG_GETAUDIO  0  
[2025/08/10 20:00:55 321] tts        485  get audio|use local  
[2025/08/10 20:00:55 321] tts        527  0  nil  1  
[2025/08/10 20:00:55 322] tts        657  TTS_MSG_GETAUDIO  0  
[2025/08/10 20:00:55 322] tts        485  get audio|use local  
[2025/08/10 20:00:55 322] tts        527  0  nil  1  
[2025/08/10 20:00:55 323] tts        657  TTS_MSG_GETAUDIO  0  
[2025/08/10 20:00:55 323] tts        485  get audio|use local  
[2025/08/10 20:00:55 323] tts        527  0  nil  1  
[2025/08/10 20:00:55 325] tts        657  TTS_MSG_GETAUDIO  0  
[2025/08/10 20:00:55 325] tts        485  get audio|use local  
[2025/08/10 20:00:55 325] tts        527  0  nil  1  
[2025/08/10 20:00:55 326] tts        657  TTS_MSG_GETAUDIO  0  
[2025/08/10 20:00:55 326] tts        485  get audio|use local  
[2025/08/10 20:00:55 326] tts        527  0  nil  1  
[2025/08/10 20:00:55 327] tts        657  TTS_MSG_GETAUDIO  0  
[2025/08/10 20:00:55 327] tts        485  get audio|use local  
[2025/08/10 20:00:55 327] tts        527  0  nil  1  
[2025/08/10 20:00:55 328] tts        657  TTS_MSG_GETAUDIO  0  
[2025/08/10 20:00:55 328] tts        485  get audio|use local  
[2025/08/10 20:00:55 328] tts        527  0  nil  1  
[2025/08/10 20:00:55 329] tts        657  TTS_MSG_GETAUDIO  0  
[2025/08/10 20:00:55 329] tts        485  get audio|use local  
[2025/08/10 20:00:55 329] tts        527  0  nil  1  
[2025/08/10 20:00:55 330] tts        657  TTS_MSG_GETAUDIO  0  
[2025/08/10 20:00:55 330] tts        485  get audio|use local  
[2025/08/10 20:00:55 330] tts        527  0  nil  1  
[2025/08/10 20:00:55 331] tts        657  TTS_MSG_GETAUDIO  0  
[2025/08/10 20:00:55 331] tts        485  get audio|use local  
[2025/08/10 20:00:55 331] tts        527  0  nil  1  
[2025/08/10 20:00:55 332] tts        657  TTS_MSG_GETAUDIO  0  
[2025/08/10 20:00:55 332] tts        485  get audio|use local  
[2025/08/10 20:00:55 332] tts        527  0  nil  1  
[2025/08/10 20:00:55 333] tts        657  TTS_MSG_GETAUDIO  0  
[2025/08/10 20:00:55 333] tts        485  get audio|use local  
[2025/08/10 20:00:55 333] tts        527  0  nil  1  
[2025/08/10 20:00:55 333] tts        657  TTS_MSG_GETAUDIO  0  
[2025/08/10 20:00:55 333] tts        485  get audio|use local  
[2025/08/10 20:00:55 334] tts        527  0  nil  1  
[2025/08/10 20:00:55 334] tts        657  TTS_MSG_GETAUDIO  0  
[2025/08/10 20:00:55 334] tts        485  get audio|use local  
[2025/08/10 20:00:55 334] tts        527  0  nil  1  
[2025/08/10 20:00:55 335] tts        657  TTS_MSG_GETAUDIO  0  
[2025/08/10 20:00:55 335] tts        485  get audio|use local  
[2025/08/10 20:00:55 335] tts        527  0  nil  1  
[2025/08/10 20:00:55 336] tts        657  TTS_MSG_GETAUDIO  0  
[2025/08/10 20:00:55 336] tts        485  get audio|use local  
[2025/08/10 20:00:55 336] tts        527  0  nil  1  
[2025/08/10 20:00:55 337] tts        657  TTS_MSG_GETAUDIO  0  
[2025/08/10 20:00:55 337] tts        485  get audio|use local  
[2025/08/10 20:00:55 337] tts        527  0  nil  1  
[2025/08/10 20:00:55 337] tts        657  TTS_MSG_GETAUDIO  0  
[2025/08/10 20:00:55 338] tts        485  get audio|use local  
[2025/08/10 20:00:55 338] tts        527  0  nil  1  
[2025/08/10 20:00:55 339] tts        657  TTS_MSG_GETAUDIO  0  
[2025/08/10 20:00:55 339] tts        485  get audio|use local  
[2025/08/10 20:00:55 339] tts        527  0  nil  1  
[2025/08/10 20:00:55 340] tts        657  TTS_MSG_GETAUDIO  0  
[2025/08/10 20:00:55 340] tts        485  get audio|use local  
[2025/08/10 20:00:55 340] tts        527  0  nil  1  
[2025/08/10 20:00:55 341] tts        657  TTS_MSG_GETAUDIO  0  
[2025/08/10 20:00:55 341] tts        485  get audio|use local  
[2025/08/10 20:00:55 342] tts        527  0  nil  1  
[2025/08/10 20:00:55 342] tts        657  TTS_MSG_GETAUDIO  0  
[2025/08/10 20:00:55 342] tts        485  get audio|use local  
[2025/08/10 20:00:55 342] tts        527  0  nil  1  
[2025/08/10 20:00:55 343] tts        657  TTS_MSG_GETAUDIO  0  
[2025/08/10 20:00:55 343] tts        485  get audio|use local  
[2025/08/10 20:00:55 343] tts        527  0  nil  1  
[2025/08/10 20:00:55 344] tts        657  TTS_MSG_GETAUDIO  0  
[2025/08/10 20:00:55 344] tts        485  get audio|use local  
[2025/08/10 20:00:55 344] tts        527  0  nil  1  
[2025/08/10 20:00:55 345] tts        657  TTS_MSG_GETAUDIO  0  
[2025/08/10 20:00:55 345] tts        485  get audio|use local  
[2025/08/10 20:00:55 345] tts        527  0  nil  1  
[2025/08/10 20:00:55 346] tts        657  TTS_MSG_GETAUDIO  0  
[2025/08/10 20:00:55 346] tts        485  get audio|use local  
[2025/08/10 20:00:55 346] tts        527  0  nil  1  
[2025/08/10 20:00:55 347] tts        657  TTS_MSG_GETAUDIO  0  
[2025/08/10 20:00:55 347] tts        485  get audio|use local  
[2025/08/10 20:00:55 347] tts        527  0  nil  1  
[2025/08/10 20:00:55 348] tts        657  TTS_MSG_GETAUDIO  0  
[2025/08/10 20:00:55 348] tts        485  get audio|use local  
[2025/08/10 20:00:55 348] tts        527  0  nil  1  
[2025/08/10 20:00:55 349] tts        657  TTS_MSG_GETAUDIO  0  
[2025/08/10 20:00:55 349] tts        485  get audio|use local  
[2025/08/10 20:00:55 349] tts        527  0  nil  1  
[2025/08/10 20:00:55 350] tts        657  TTS_MSG_GETAUDIO  0  
[2025/08/10 20:00:55 350] tts        485  get audio|use local  
[2025/08/10 20:00:55 350] tts        527  0  nil  1  
[2025/08/10 20:00:55 351] tts        657  TTS_MSG_GETAUDIO  0  
[2025/08/10 20:00:55 351] tts        485  get audio|use local  
[2025/08/10 20:00:55 351] tts        527  0  nil  1  
[2025/08/10 20:00:55 351] tts        657  TTS_MSG_GETAUDIO  0  
[2025/08/10 20:00:55 351] tts        485  get audio|use local  
[2025/08/10 20:00:55 352] tts        527  0  nil  1  
[2025/08/10 20:00:55 352] tts        657  TTS_MSG_GETAUDIO  0  
[2025/08/10 20:00:55 352] tts        485  get audio|use local  
[2025/08/10 20:00:55 352] tts        527  0  nil  1  
[2025/08/10 20:00:55 353] tts        657  TTS_MSG_GETAUDIO  0  
[2025/08/10 20:00:55 353] tts        485  get audio|use local  
[2025/08/10 20:00:55 353] tts        527  0  nil  1  
[2025/08/10 20:00:55 354] tts        657  TTS_MSG_GETAUDIO  0  
[2025/08/10 20:00:55 354] tts        485  get audio|use local  
[2025/08/10 20:00:55 354] tts        527  0  nil  1  
[2025/08/10 20:00:55 355] tts        657  TTS_MSG_GETAUDIO  0  
[2025/08/10 20:00:55 355] tts        485  get audio|use local  
[2025/08/10 20:00:55 355] tts        527  0  nil  1  
[2025/08/10 20:00:55 356] tts        657  TTS_MSG_GETAUDIO  0  
[2025/08/10 20:00:55 356] tts        485  get audio|use local  
[2025/08/10 20:00:55 356] tts        527  0  nil  1  
[2025/08/10 20:00:55 357] tts        657  TTS_MSG_GETAUDIO  0  
[2025/08/10 20:00:55 357] tts        485  get audio|use local  
[2025/08/10 20:00:55 358] tts        527  0  nil  1  
[2025/08/10 20:00:55 358] tts        657  TTS_MSG_GETAUDIO  0  
[2025/08/10 20:00:55 358] tts        485  get audio|use local  
[2025/08/10 20:00:55 358] tts        527  0  nil  1  
[2025/08/10 20:00:55 359] tts        657  TTS_MSG_GETAUDIO  0  
[2025/08/10 20:00:55 359] tts        485  get audio|use local  
[2025/08/10 20:00:55 359] tts        527  0  nil  1  
[2025/08/10 20:00:55 360] tts        657  TTS_MSG_GETAUDIO  0  
[2025/08/10 20:00:55 360] tts        485  get audio|use local  
[2025/08/10 20:00:55 360] tts        527  0  nil  1  
[2025/08/10 20:00:55 361] tts        657  TTS_MSG_GETAUDIO  0  
[2025/08/10 20:00:55 361] tts        485  get audio|use local  
[2025/08/10 20:00:55 361] tts        527  0  nil  1  
[2025/08/10 20:00:55 362] tts        657  TTS_MSG_GETAUDIO  0  
[2025/08/10 20:00:55 362] tts        485  get audio|use local  
[2025/08/10 20:00:55 362] tts        527  0  nil  1  
[2025/08/10 20:00:55 363] tts        657  TTS_MSG_GETAUDIO  0  
[2025/08/10 20:00:55 363] tts        485  get audio|use local  
[2025/08/10 20:00:55 363] tts        527  0  nil  1  
[2025/08/10 20:00:55 364] tts        657  TTS_MSG_GETAUDIO  0  
[2025/08/10 20:00:55 364] tts        485  get audio|use local  
[2025/08/10 20:00:55 364] tts        527  0  nil  1  
[2025/08/10 20:00:55 365] tts        657  TTS_MSG_GETAUDIO  0  
[2025/08/10 20:00:55 365] tts        485  get audio|use local  
[2025/08/10 20:00:55 365] tts        527  0  nil  1  
[2025/08/10 20:00:55 366] tts        657  TTS_MSG_GETAUDIO  0  
[2025/08/10 20:00:55 366] tts        485  get audio|use local  
[2025/08/10 20:00:55 366] tts        527  0  nil  1  
[2025/08/10 20:00:55 367] tts        657  TTS_MSG_GETAUDIO  0  
[2025/08/10 20:00:55 367] tts        485  get audio|use local  
[2025/08/10 20:00:55 367] tts        527  0  nil  1  
[2025/08/10 20:00:55 368] tts        657  TTS_MSG_GETAUDIO  0  
[2025/08/10 20:00:55 368] tts        485  get audio|use local  
[2025/08/10 20:00:55 368] tts        527  0  nil  1  
[2025/08/10 20:00:55 372] tts        657  TTS_MSG_GETAUDIO  0  
[2025/08/10 20:00:55 372] tts        485  get audio|use local  
[2025/08/10 20:00:55 372] tts        527  0  nil  1  
[2025/08/10 20:00:55 373] tts        657  TTS_MSG_GETAUDIO  0  
[2025/08/10 20:00:55 373] tts        485  get audio|use local  
[2025/08/10 20:00:55 373] tts        527  0  nil  1  
[2025/08/10 20:00:55 374] tts        657  TTS_MSG_GETAUDIO  0  
[2025/08/10 20:00:55 374] tts        485  get audio|use local  
[2025/08/10 20:00:55 374] tts        527  0  nil  1  
[2025/08/10 20:00:55 376] tts        657  TTS_MSG_GETAUDIO  0  
[2025/08/10 20:00:55 377] tts        485  get audio|use local  
[2025/08/10 20:00:55 377] tts        527  0  nil  1  
[2025/08/10 20:00:55 379] tts        657  TTS_MSG_GETAUDIO  0  
[2025/08/10 20:00:55 379] tts        485  get audio|use local  
[2025/08/10 20:00:55 379] tts        527  0  nil  1  
[2025/08/10 20:00:55 380] tts        657  TTS_MSG_GETAUDIO  0  
[2025/08/10 20:00:55 380] tts        485  get audio|use local  
[2025/08/10 20:00:55 380] tts        527  0  nil  1  
[2025/08/10 20:00:55 381] tts        299  TTS_LOCAL_CB_BEGIN  
[2025/08/10 20:00:55 381] tts        657  TTS_MSG_GETAUDIO  0  
[2025/08/10 20:00:55 381] tts        485  get audio|use local  
[2025/08/10 20:00:55 381] tts        527  0  nil  1  
[2025/08/10 20:00:55 382] tts        657  TTS_MSG_GETAUDIO  0  
[2025/08/10 20:00:55 382] tts        485  get audio|use local  
[2025/08/10 20:00:55 382] tts        527  0  nil  1  
[2025/08/10 20:00:55 383] tts        657  TTS_MSG_GETAUDIO  0  
[2025/08/10 20:00:55 383] tts        485  get audio|use local  
[2025/08/10 20:00:55 383] tts        527  0  nil  1  
[2025/08/10 20:00:55 384] tts        657  TTS_MSG_GETAUDIO  0  
[2025/08/10 20:00:55 384] tts        485  get audio|use local  
[2025/08/10 20:00:55 384] tts        527  0  nil  1  
[2025/08/10 20:00:55 385] tts        657  TTS_MSG_GETAUDIO  0  
[2025/08/10 20:00:55 385] tts        485  get audio|use local  
[2025/08/10 20:00:55 385] tts        527  0  nil  1  
[2025/08/10 20:00:55 386] tts        657  TTS_MSG_GETAUDIO  0  
[2025/08/10 20:00:55 386] tts        485  get audio|use local  
[2025/08/10 20:00:55 386] tts        527  0  nil  1  
[2025/08/10 20:00:55 386] tts        657  TTS_MSG_GETAUDIO  0  
[2025/08/10 20:00:55 386] tts        485  get audio|use local  
[2025/08/10 20:00:55 386] tts        527  0  nil  1  
[2025/08/10 20:00:55 387] tts        657  TTS_MSG_GETAUDIO  0  
[2025/08/10 20:00:55 389] tts        485  get audio|use local  
[2025/08/10 20:00:55 389] tts        527  0  nil  1  
[2025/08/10 20:00:55 392] tts        657  TTS_MSG_GETAUDIO  0  
[2025/08/10 20:00:55 392] tts        485  get audio|use local  
[2025/08/10 20:00:55 393] tts        498  local audiolen:  2042  ,ced:  15  
[2025/08/10 20:00:55 393] tts        527  0  udata(9007fab8) 1  
[2025/08/10 20:00:55 396] tts        657  TTS_MSG_GETAUDIO  0  
[2025/08/10 20:00:55 396] tts        485  get audio|use local  
[2025/08/10 20:00:55 396] tts        498  local audiolen:  2016  ,ced:  15  
[2025/08/10 20:00:55 396] tts        527  0  udata(90071458) 1  
[2025/08/10 20:00:55 416] tts        657  TTS_MSG_GETAUDIO  0  
[2025/08/10 20:00:55 416] tts        485  get audio|use local  
[2025/08/10 20:00:55 416] tts        498  local audiolen:  1964  ,ced:  15  
[2025/08/10 20:00:55 416] tts        527  0  udata(900711b8) 1  
[2025/08/10 20:00:55 417] tts        657  TTS_MSG_GETAUDIO  0  
[2025/08/10 20:00:55 417] tts        485  get audio|use local  
[2025/08/10 20:00:55 418] tts        498  local audiolen:  1916  ,ced:  15  
[2025/08/10 20:00:55 418] tts        527  0  udata(90087fe8) 1  
[2025/08/10 20:00:55 419] tts        657  TTS_MSG_GETAUDIO  0  
[2025/08/10 20:00:55 419] tts        485  get audio|use local  
[2025/08/10 20:00:55 419] tts        498  local audiolen:  2018  ,ced:  15  
[2025/08/10 20:00:55 419] tts        527  0  udata(90088038) 1  
[2025/08/10 20:00:55 420] tts        657  TTS_MSG_GETAUDIO  0  
[2025/08/10 20:00:55 420] tts        485  get audio|use local  
[2025/08/10 20:00:55 420] tts        498  local audiolen:  2008  ,ced:  15  
[2025/08/10 20:00:55 420] tts        527  0  udata(90088088) 1  
[2025/08/10 20:00:55 421] tts        657  TTS_MSG_GETAUDIO  0  
[2025/08/10 20:00:55 422] tts        485  get audio|use local  
[2025/08/10 20:00:55 422] tts        498  local audiolen:  2046  ,ced:  15  
[2025/08/10 20:00:55 422] tts        527  0  udata(900880d8) 1  
[2025/08/10 20:00:55 423] tts        657  TTS_MSG_GETAUDIO  0  
[2025/08/10 20:00:55 423] tts        485  get audio|use local  
[2025/08/10 20:00:55 423] tts        498  local audiolen:  1972  ,ced:  15  
[2025/08/10 20:00:55 423] tts        527  0  udata(90088128) 1  
[2025/08/10 20:00:55 424] tts        657  TTS_MSG_GETAUDIO  0  
[2025/08/10 20:00:55 424] tts        485  get audio|use local  
[2025/08/10 20:00:55 425] tts        527  0  nil  1  
[2025/08/10 20:00:55 425] tts        657  TTS_MSG_GETAUDIO  0  
[2025/08/10 20:00:55 425] tts        485  get audio|use local  
[2025/08/10 20:00:55 425] tts        527  0  nil  1  
[2025/08/10 20:00:55 429] tts        657  TTS_MSG_GETAUDIO  0  
[2025/08/10 20:00:55 429] tts        485  get audio|use local  
[2025/08/10 20:00:55 430] tts        498  local audiolen:  1934  ,ced:  15  
[2025/08/10 20:00:55 430] tts        527  0  udata(90070a58) 1  
[2025/08/10 20:00:55 433] tts        657  TTS_MSG_GETAUDIO  0  
[2025/08/10 20:00:55 433] tts        485  get audio|use local  
[2025/08/10 20:00:55 434] tts        498  local audiolen:  2016  ,ced:  15  
[2025/08/10 20:00:55 434] tts        527  0  udata(90070ea8) 1  
[2025/08/10 20:00:55 437] tts        657  TTS_MSG_GETAUDIO  0  
[2025/08/10 20:00:55 437] tts        485  get audio|use local  
[2025/08/10 20:00:55 437] tts        498  local audiolen:  2036  ,ced:  15  
[2025/08/10 20:00:55 440] tts        527  0  udata(9007daa8) 1  
[2025/08/10 20:00:55 442] tts        657  TTS_MSG_GETAUDIO  0  
[2025/08/10 20:00:55 443] tts        485  get audio|use local  
[2025/08/10 20:00:55 443] tts        498  local audiolen:  1944  ,ced:  15  
[2025/08/10 20:00:55 443] tts        527  0  udata(9007dc58) 1  
[2025/08/10 20:00:55 445] tts        657  TTS_MSG_GETAUDIO  0  
[2025/08/10 20:00:55 445] tts        485  get audio|use local  
[2025/08/10 20:00:55 446] tts        498  local audiolen:  1958  ,ced:  15  
[2025/08/10 20:00:55 446] tts        527  0  udata(9007de08) 1  
[2025/08/10 20:00:55 446] tts        301  0  0  
[2025/08/10 20:00:55 446] tts        312  TTS_LOCAL_CB_END,  2  
[2025/08/10 20:00:55 447] tts        657  TTS_MSG_GETAUDIO  0  
[2025/08/10 20:00:55 447] tts        485  get audio|use local  
[2025/08/10 20:00:55 447] tts        498  local audiolen:  2016  ,ced:  15  
[2025/08/10 20:00:55 447] tts        527  0  udata(9007dff8) 1  
[2025/08/10 20:00:55 448] tts        657  TTS_MSG_GETAUDIO  0  
[2025/08/10 20:00:55 448] tts        485  get audio|use local  
[2025/08/10 20:00:55 448] tts        498  local audiolen:  2016  ,ced:  15  
[2025/08/10 20:00:55 448] tts        527  0  udata(9007e048) 1  
[2025/08/10 20:00:55 449] tts        657  TTS_MSG_GETAUDIO  0  
[2025/08/10 20:00:55 449] tts        485  get audio|use local  
[2025/08/10 20:00:55 449] tts        498  local audiolen:  1976  ,ced:  15  
[2025/08/10 20:00:55 449] tts        527  0  udata(9007e098) 1  
[2025/08/10 20:00:55 450] tts        657  TTS_MSG_GETAUDIO  0  
[2025/08/10 20:00:55 450] tts        485  get audio|use local  
[2025/08/10 20:00:55 450] tts        498  local audiolen:  1932  ,ced:  15  
[2025/08/10 20:00:55 450] tts        527  0  udata(9007e0e8) 1  
[2025/08/10 20:00:55 451] tts        657  TTS_MSG_GETAUDIO  0  
[2025/08/10 20:00:55 451] tts        485  get audio|use local  
[2025/08/10 20:00:55 451] tts        498  local audiolen:  2022  ,ced:  15  
[2025/08/10 20:00:55 452] tts        527  0  udata(9007e138) 1  
[2025/08/10 20:00:55 452] tts        657  TTS_MSG_GETAUDIO  0  
[2025/08/10 20:00:55 452] tts        485  get audio|use local  
[2025/08/10 20:00:55 453] tts        498  local audiolen:  1996  ,ced:  15  
[2025/08/10 20:00:55 453] tts        527  0  udata(9007e188) 1  
[2025/08/10 20:00:55 453] tts        657  TTS_MSG_GETAUDIO  0  
[2025/08/10 20:00:55 453] tts        485  get audio|use local  
[2025/08/10 20:00:55 454] tts        498  local audiolen:  2030  ,ced:  15  
[2025/08/10 20:00:55 454] tts        527  0  udata(9007e1d8) 1  
[2025/08/10 20:00:55 454] tts        657  TTS_MSG_GETAUDIO  0  
[2025/08/10 20:00:55 454] tts        485  get audio|use local  
[2025/08/10 20:00:55 455] tts        498  local audiolen:  2006  ,ced:  15  
[2025/08/10 20:00:55 455] tts        527  0  udata(9007e228) 1  
[2025/08/10 20:00:55 455] tts        657  TTS_MSG_GETAUDIO  0  
[2025/08/10 20:00:55 455] tts        485  get audio|use local  
[2025/08/10 20:00:55 455] tts        498  local audiolen:  2016  ,ced:  15  
[2025/08/10 20:00:55 456] tts        527  0  udata(9007eae8) 1  
[2025/08/10 20:00:55 456] tts        657  TTS_MSG_GETAUDIO  0  
[2025/08/10 20:00:55 456] tts        485  get audio|use local  
[2025/08/10 20:00:55 456] tts        498  local audiolen:  2016  ,ced:  15  
[2025/08/10 20:00:55 456] tts        527  0  udata(9007eb38) 1  
[2025/08/10 20:00:55 457] tts        657  TTS_MSG_GETAUDIO  0  
[2025/08/10 20:00:55 457] tts        485  get audio|use local  
[2025/08/10 20:00:55 457] tts        498  local audiolen:  960  ,ced:  15  
[2025/08/10 20:00:55 458] tts        527  0  udata(9007ef58) 2  
[2025/08/10 20:00:55 459] tts        660  TTS_MSG_SSE  
[2025/08/10 20:00:55 460] tts        585  sse|use local  
[2025/08/10 20:00:55 462] tts        603  tts exit  
