============================================================
Time  2025/07/10 16:06:27 057 
============================================================
[2025/07/10 16:06:27 057] tts        676  SYS_MSG_REGCB param0 =  msp_status_cb  param1 =  func(94014a30) 
[2025/07/10 16:06:27 064] config     43   use general cloud  
[2025/07/10 16:06:27 077] tts_cloud  1417 SYS_MSG_REGCB_CLOUD param0 =   msp_status_cb  param1 =  func(94014a30) 
[2025/07/10 16:06:27 078] tts        647  TTS_MSG_SSB  
[2025/07/10 16:06:27 078] tts        375  params =  engine_type = local,voice_name=xiaoyan, text_encoding = UTF8, tts_res_path = fo|res/tts/xiaoyan.jet;fo|res/tts/common.jet, sample_rate = 16000, speed = 50, volume = 80, pitch = 50, rdn = 2  
[2025/07/10 16:06:27 079] tts        412  ssb|use local  
[2025/07/10 16:06:27 079] tts        349  local_session_begin  
[2025/07/10 16:06:27 083] tts        654  TTS_MSG_SYN  0  
[2025/07/10 16:06:27 083] tts        451  synth|use local  
[2025/07/10 16:06:27 084] tts        657  TTS_MSG_GETAUDIO  0  
[2025/07/10 16:06:27 085] tts        485  get audio|use local  
[2025/07/10 16:06:27 085] tts        527  0  nil  1  
[2025/07/10 16:06:27 087] tts        657  TTS_MSG_GETAUDIO  0  
[2025/07/10 16:06:27 087] tts        485  get audio|use local  
[2025/07/10 16:06:27 088] tts        527  0  nil  1  
[2025/07/10 16:06:27 088] tts        657  TTS_MSG_GETAUDIO  0  
[2025/07/10 16:06:27 088] tts        485  get audio|use local  
[2025/07/10 16:06:27 089] tts        527  0  nil  1  
[2025/07/10 16:06:27 089] tts        657  TTS_MSG_GETAUDIO  0  
[2025/07/10 16:06:27 090] tts        485  get audio|use local  
[2025/07/10 16:06:27 090] tts        527  0  nil  1  
[2025/07/10 16:06:27 091] tts        657  TTS_MSG_GETAUDIO  0  
[2025/07/10 16:06:27 091] tts        485  get audio|use local  
[2025/07/10 16:06:27 092] tts        527  0  nil  1  
[2025/07/10 16:06:27 092] tts        657  TTS_MSG_GETAUDIO  0  
[2025/07/10 16:06:27 092] tts        485  get audio|use local  
[2025/07/10 16:06:27 092] tts        527  0  nil  1  
[2025/07/10 16:06:27 093] tts        657  TTS_MSG_GETAUDIO  0  
[2025/07/10 16:06:27 093] tts        485  get audio|use local  
[2025/07/10 16:06:27 094] tts        527  0  nil  1  
[2025/07/10 16:06:27 094] tts        657  TTS_MSG_GETAUDIO  0  
[2025/07/10 16:06:27 094] tts        485  get audio|use local  
[2025/07/10 16:06:27 095] tts        527  0  nil  1  
[2025/07/10 16:06:27 095] tts        657  TTS_MSG_GETAUDIO  0  
[2025/07/10 16:06:27 095] tts        485  get audio|use local  
[2025/07/10 16:06:27 096] tts        527  0  nil  1  
[2025/07/10 16:06:27 097] tts        657  TTS_MSG_GETAUDIO  0  
[2025/07/10 16:06:27 097] tts        485  get audio|use local  
[2025/07/10 16:06:27 097] tts        527  0  nil  1  
[2025/07/10 16:06:27 099] tts        657  TTS_MSG_GETAUDIO  0  
[2025/07/10 16:06:27 099] tts        485  get audio|use local  
[2025/07/10 16:06:27 099] tts        527  0  nil  1  
[2025/07/10 16:06:27 100] tts        657  TTS_MSG_GETAUDIO  0  
[2025/07/10 16:06:27 100] tts        485  get audio|use local  
[2025/07/10 16:06:27 100] tts        527  0  nil  1  
[2025/07/10 16:06:27 101] tts        657  TTS_MSG_GETAUDIO  0  
[2025/07/10 16:06:27 101] tts        485  get audio|use local  
[2025/07/10 16:06:27 101] tts        527  0  nil  1  
[2025/07/10 16:06:27 102] tts        657  TTS_MSG_GETAUDIO  0  
[2025/07/10 16:06:27 103] tts        485  get audio|use local  
[2025/07/10 16:06:27 103] tts        527  0  nil  1  
[2025/07/10 16:06:27 104] tts        657  TTS_MSG_GETAUDIO  0  
[2025/07/10 16:06:27 104] tts        485  get audio|use local  
[2025/07/10 16:06:27 104] tts        527  0  nil  1  
[2025/07/10 16:06:27 104] tts        657  TTS_MSG_GETAUDIO  0  
[2025/07/10 16:06:27 105] tts        485  get audio|use local  
[2025/07/10 16:06:27 105] tts        527  0  nil  1  
[2025/07/10 16:06:27 105] tts        657  TTS_MSG_GETAUDIO  0  
[2025/07/10 16:06:27 105] tts        485  get audio|use local  
[2025/07/10 16:06:27 105] tts        527  0  nil  1  
[2025/07/10 16:06:27 113] tts        657  TTS_MSG_GETAUDIO  0  
[2025/07/10 16:06:27 113] tts        485  get audio|use local  
[2025/07/10 16:06:27 113] tts        527  0  nil  1  
[2025/07/10 16:06:27 114] tts        657  TTS_MSG_GETAUDIO  0  
[2025/07/10 16:06:27 116] tts        485  get audio|use local  
[2025/07/10 16:06:27 116] tts        527  0  nil  1  
[2025/07/10 16:06:27 117] tts        657  TTS_MSG_GETAUDIO  0  
[2025/07/10 16:06:27 117] tts        485  get audio|use local  
[2025/07/10 16:06:27 117] tts        527  0  nil  1  
[2025/07/10 16:06:27 118] tts        657  TTS_MSG_GETAUDIO  0  
[2025/07/10 16:06:27 118] tts        485  get audio|use local  
[2025/07/10 16:06:27 118] tts        527  0  nil  1  
[2025/07/10 16:06:27 119] tts        657  TTS_MSG_GETAUDIO  0  
[2025/07/10 16:06:27 119] tts        485  get audio|use local  
[2025/07/10 16:06:27 119] tts        527  0  nil  1  
[2025/07/10 16:06:27 120] tts        657  TTS_MSG_GETAUDIO  0  
[2025/07/10 16:06:27 120] tts        485  get audio|use local  
[2025/07/10 16:06:27 120] tts        527  0  nil  1  
[2025/07/10 16:06:27 121] tts        657  TTS_MSG_GETAUDIO  0  
[2025/07/10 16:06:27 121] tts        485  get audio|use local  
[2025/07/10 16:06:27 121] tts        527  0  nil  1  
[2025/07/10 16:06:27 122] tts        657  TTS_MSG_GETAUDIO  0  
[2025/07/10 16:06:27 122] tts        485  get audio|use local  
[2025/07/10 16:06:27 122] tts        527  0  nil  1  
[2025/07/10 16:06:27 123] tts        657  TTS_MSG_GETAUDIO  0  
[2025/07/10 16:06:27 123] tts        485  get audio|use local  
[2025/07/10 16:06:27 124] tts        527  0  nil  1  
[2025/07/10 16:06:27 124] tts        657  TTS_MSG_GETAUDIO  0  
[2025/07/10 16:06:27 124] tts        485  get audio|use local  
[2025/07/10 16:06:27 124] tts        527  0  nil  1  
[2025/07/10 16:06:27 125] tts        657  TTS_MSG_GETAUDIO  0  
[2025/07/10 16:06:27 125] tts        485  get audio|use local  
[2025/07/10 16:06:27 125] tts        527  0  nil  1  
[2025/07/10 16:06:27 126] tts        657  TTS_MSG_GETAUDIO  0  
[2025/07/10 16:06:27 126] tts        485  get audio|use local  
[2025/07/10 16:06:27 126] tts        527  0  nil  1  
[2025/07/10 16:06:27 127] tts        657  TTS_MSG_GETAUDIO  0  
[2025/07/10 16:06:27 127] tts        485  get audio|use local  
[2025/07/10 16:06:27 127] tts        527  0  nil  1  
[2025/07/10 16:06:27 128] tts        657  TTS_MSG_GETAUDIO  0  
[2025/07/10 16:06:27 128] tts        485  get audio|use local  
[2025/07/10 16:06:27 128] tts        527  0  nil  1  
[2025/07/10 16:06:27 128] tts        657  TTS_MSG_GETAUDIO  0  
[2025/07/10 16:06:27 129] tts        485  get audio|use local  
[2025/07/10 16:06:27 129] tts        527  0  nil  1  
[2025/07/10 16:06:27 129] tts        657  TTS_MSG_GETAUDIO  0  
[2025/07/10 16:06:27 130] tts        485  get audio|use local  
[2025/07/10 16:06:27 130] tts        527  0  nil  1  
[2025/07/10 16:06:27 130] tts        657  TTS_MSG_GETAUDIO  0  
[2025/07/10 16:06:27 131] tts        485  get audio|use local  
[2025/07/10 16:06:27 131] tts        527  0  nil  1  
[2025/07/10 16:06:27 132] tts        657  TTS_MSG_GETAUDIO  0  
[2025/07/10 16:06:27 132] tts        485  get audio|use local  
[2025/07/10 16:06:27 132] tts        527  0  nil  1  
[2025/07/10 16:06:27 133] tts        657  TTS_MSG_GETAUDIO  0  
[2025/07/10 16:06:27 134] tts        485  get audio|use local  
[2025/07/10 16:06:27 134] tts        527  0  nil  1  
[2025/07/10 16:06:27 135] tts        657  TTS_MSG_GETAUDIO  0  
[2025/07/10 16:06:27 135] tts        485  get audio|use local  
[2025/07/10 16:06:27 136] tts        527  0  nil  1  
[2025/07/10 16:06:27 137] tts        657  TTS_MSG_GETAUDIO  0  
[2025/07/10 16:06:27 137] tts        485  get audio|use local  
[2025/07/10 16:06:27 137] tts        527  0  nil  1  
[2025/07/10 16:06:27 138] tts        657  TTS_MSG_GETAUDIO  0  
[2025/07/10 16:06:27 138] tts        485  get audio|use local  
[2025/07/10 16:06:27 138] tts        527  0  nil  1  
[2025/07/10 16:06:27 140] tts        657  TTS_MSG_GETAUDIO  0  
[2025/07/10 16:06:27 140] tts        485  get audio|use local  
[2025/07/10 16:06:27 140] tts        527  0  nil  1  
[2025/07/10 16:06:27 141] tts        657  TTS_MSG_GETAUDIO  0  
[2025/07/10 16:06:27 141] tts        485  get audio|use local  
[2025/07/10 16:06:27 142] tts        527  0  nil  1  
[2025/07/10 16:06:27 143] tts        657  TTS_MSG_GETAUDIO  0  
[2025/07/10 16:06:27 143] tts        485  get audio|use local  
[2025/07/10 16:06:27 143] tts        527  0  nil  1  
[2025/07/10 16:06:27 144] tts        657  TTS_MSG_GETAUDIO  0  
[2025/07/10 16:06:27 144] tts        485  get audio|use local  
[2025/07/10 16:06:27 145] tts        527  0  nil  1  
[2025/07/10 16:06:27 145] tts        657  TTS_MSG_GETAUDIO  0  
[2025/07/10 16:06:27 146] tts        485  get audio|use local  
[2025/07/10 16:06:27 146] tts        527  0  nil  1  
[2025/07/10 16:06:27 146] tts        657  TTS_MSG_GETAUDIO  0  
[2025/07/10 16:06:27 146] tts        485  get audio|use local  
[2025/07/10 16:06:27 147] tts        527  0  nil  1  
[2025/07/10 16:06:27 148] tts        657  TTS_MSG_GETAUDIO  0  
[2025/07/10 16:06:27 148] tts        485  get audio|use local  
[2025/07/10 16:06:27 148] tts        527  0  nil  1  
[2025/07/10 16:06:27 150] tts        657  TTS_MSG_GETAUDIO  0  
[2025/07/10 16:06:27 150] tts        485  get audio|use local  
[2025/07/10 16:06:27 150] tts        527  0  nil  1  
[2025/07/10 16:06:27 150] tts        657  TTS_MSG_GETAUDIO  0  
[2025/07/10 16:06:27 150] tts        485  get audio|use local  
[2025/07/10 16:06:27 151] tts        527  0  nil  1  
[2025/07/10 16:06:27 151] tts        657  TTS_MSG_GETAUDIO  0  
[2025/07/10 16:06:27 151] tts        485  get audio|use local  
[2025/07/10 16:06:27 151] tts        527  0  nil  1  
[2025/07/10 16:06:27 153] tts        657  TTS_MSG_GETAUDIO  0  
[2025/07/10 16:06:27 153] tts        485  get audio|use local  
[2025/07/10 16:06:27 153] tts        527  0  nil  1  
[2025/07/10 16:06:27 154] tts        657  TTS_MSG_GETAUDIO  0  
[2025/07/10 16:06:27 155] tts        485  get audio|use local  
[2025/07/10 16:06:27 155] tts        527  0  nil  1  
[2025/07/10 16:06:27 156] tts        657  TTS_MSG_GETAUDIO  0  
[2025/07/10 16:06:27 156] tts        485  get audio|use local  
[2025/07/10 16:06:27 156] tts        527  0  nil  1  
[2025/07/10 16:06:27 157] tts        657  TTS_MSG_GETAUDIO  0  
[2025/07/10 16:06:27 157] tts        485  get audio|use local  
[2025/07/10 16:06:27 158] tts        527  0  nil  1  
[2025/07/10 16:06:27 158] tts        657  TTS_MSG_GETAUDIO  0  
[2025/07/10 16:06:27 158] tts        485  get audio|use local  
[2025/07/10 16:06:27 159] tts        527  0  nil  1  
[2025/07/10 16:06:27 159] tts        657  TTS_MSG_GETAUDIO  0  
[2025/07/10 16:06:27 160] tts        485  get audio|use local  
[2025/07/10 16:06:27 160] tts        527  0  nil  1  
[2025/07/10 16:06:27 161] tts        657  TTS_MSG_GETAUDIO  0  
[2025/07/10 16:06:27 161] tts        485  get audio|use local  
[2025/07/10 16:06:27 162] tts        527  0  nil  1  
[2025/07/10 16:06:27 163] tts        657  TTS_MSG_GETAUDIO  0  
[2025/07/10 16:06:27 163] tts        485  get audio|use local  
[2025/07/10 16:06:27 163] tts        527  0  nil  1  
[2025/07/10 16:06:27 164] tts        657  TTS_MSG_GETAUDIO  0  
[2025/07/10 16:06:27 164] tts        485  get audio|use local  
[2025/07/10 16:06:27 164] tts        527  0  nil  1  
[2025/07/10 16:06:27 166] tts        657  TTS_MSG_GETAUDIO  0  
[2025/07/10 16:06:27 166] tts        485  get audio|use local  
[2025/07/10 16:06:27 166] tts        527  0  nil  1  
[2025/07/10 16:06:27 167] tts        657  TTS_MSG_GETAUDIO  0  
[2025/07/10 16:06:27 167] tts        485  get audio|use local  
[2025/07/10 16:06:27 167] tts        527  0  nil  1  
[2025/07/10 16:06:27 168] tts        657  TTS_MSG_GETAUDIO  0  
[2025/07/10 16:06:27 168] tts        485  get audio|use local  
[2025/07/10 16:06:27 168] tts        527  0  nil  1  
[2025/07/10 16:06:27 169] tts        657  TTS_MSG_GETAUDIO  0  
[2025/07/10 16:06:27 170] tts        485  get audio|use local  
[2025/07/10 16:06:27 170] tts        527  0  nil  1  
[2025/07/10 16:06:27 172] tts        657  TTS_MSG_GETAUDIO  0  
[2025/07/10 16:06:27 172] tts        485  get audio|use local  
[2025/07/10 16:06:27 173] tts        527  0  nil  1  
[2025/07/10 16:06:27 176] tts        657  TTS_MSG_GETAUDIO  0  
[2025/07/10 16:06:27 176] tts        485  get audio|use local  
[2025/07/10 16:06:27 176] tts        527  0  nil  1  
[2025/07/10 16:06:27 178] tts        657  TTS_MSG_GETAUDIO  0  
[2025/07/10 16:06:27 178] tts        485  get audio|use local  
[2025/07/10 16:06:27 179] tts        527  0  nil  1  
[2025/07/10 16:06:27 180] tts        657  TTS_MSG_GETAUDIO  0  
[2025/07/10 16:06:27 180] tts        485  get audio|use local  
[2025/07/10 16:06:27 180] tts        527  0  nil  1  
[2025/07/10 16:06:27 181] tts        657  TTS_MSG_GETAUDIO  0  
[2025/07/10 16:06:27 182] tts        485  get audio|use local  
[2025/07/10 16:06:27 182] tts        527  0  nil  1  
[2025/07/10 16:06:27 183] tts        657  TTS_MSG_GETAUDIO  0  
[2025/07/10 16:06:27 184] tts        485  get audio|use local  
[2025/07/10 16:06:27 184] tts        527  0  nil  1  
[2025/07/10 16:06:27 185] tts        657  TTS_MSG_GETAUDIO  0  
[2025/07/10 16:06:27 187] tts        485  get audio|use local  
[2025/07/10 16:06:27 188] tts        527  0  nil  1  
[2025/07/10 16:06:27 190] tts        657  TTS_MSG_GETAUDIO  0  
[2025/07/10 16:06:27 190] tts        485  get audio|use local  
[2025/07/10 16:06:27 191] tts        527  0  nil  1  
[2025/07/10 16:06:27 192] tts        657  TTS_MSG_GETAUDIO  0  
[2025/07/10 16:06:27 192] tts        485  get audio|use local  
[2025/07/10 16:06:27 192] tts        527  0  nil  1  
[2025/07/10 16:06:27 197] tts        657  TTS_MSG_GETAUDIO  0  
[2025/07/10 16:06:27 197] tts        485  get audio|use local  
[2025/07/10 16:06:27 200] tts        527  0  nil  1  
[2025/07/10 16:06:27 201] tts        657  TTS_MSG_GETAUDIO  0  
[2025/07/10 16:06:27 201] tts        485  get audio|use local  
[2025/07/10 16:06:27 201] tts        527  0  nil  1  
[2025/07/10 16:06:27 205] tts        657  TTS_MSG_GETAUDIO  0  
[2025/07/10 16:06:27 205] tts        485  get audio|use local  
[2025/07/10 16:06:27 206] tts        527  0  nil  1  
[2025/07/10 16:06:27 214] tts        657  TTS_MSG_GETAUDIO  0  
[2025/07/10 16:06:27 215] tts        485  get audio|use local  
[2025/07/10 16:06:27 215] tts        527  0  nil  1  
[2025/07/10 16:06:27 216] tts        657  TTS_MSG_GETAUDIO  0  
[2025/07/10 16:06:27 216] tts        485  get audio|use local  
[2025/07/10 16:06:27 216] tts        527  0  nil  1  
[2025/07/10 16:06:27 217] tts        657  TTS_MSG_GETAUDIO  0  
[2025/07/10 16:06:27 217] tts        485  get audio|use local  
[2025/07/10 16:06:27 217] tts        527  0  nil  1  
[2025/07/10 16:06:27 218] tts        657  TTS_MSG_GETAUDIO  0  
[2025/07/10 16:06:27 218] tts        485  get audio|use local  
[2025/07/10 16:06:27 218] tts        527  0  nil  1  
[2025/07/10 16:06:27 219] tts        657  TTS_MSG_GETAUDIO  0  
[2025/07/10 16:06:27 220] tts        485  get audio|use local  
[2025/07/10 16:06:27 220] tts        527  0  nil  1  
[2025/07/10 16:06:27 221] tts        657  TTS_MSG_GETAUDIO  0  
[2025/07/10 16:06:27 221] tts        485  get audio|use local  
[2025/07/10 16:06:27 221] tts        527  0  nil  1  
[2025/07/10 16:06:27 222] tts        657  TTS_MSG_GETAUDIO  0  
[2025/07/10 16:06:27 222] tts        485  get audio|use local  
[2025/07/10 16:06:27 222] tts        527  0  nil  1  
[2025/07/10 16:06:27 223] tts        657  TTS_MSG_GETAUDIO  0  
[2025/07/10 16:06:27 223] tts        485  get audio|use local  
[2025/07/10 16:06:27 223] tts        527  0  nil  1  
[2025/07/10 16:06:27 225] tts        657  TTS_MSG_GETAUDIO  0  
[2025/07/10 16:06:27 225] tts        485  get audio|use local  
[2025/07/10 16:06:27 227] tts        527  0  nil  1  
[2025/07/10 16:06:27 227] tts        299  TTS_LOCAL_CB_BEGIN  
[2025/07/10 16:06:27 229] tts        657  TTS_MSG_GETAUDIO  0  
[2025/07/10 16:06:27 231] tts        485  get audio|use local  
[2025/07/10 16:06:27 231] tts        498  local audiolen:  2042  ,ced:  16  
[2025/07/10 16:06:27 231] tts        527  0  udata(94088088) 1  
[2025/07/10 16:06:27 238] tts        657  TTS_MSG_GETAUDIO  0  
[2025/07/10 16:06:27 239] tts        485  get audio|use local  
[2025/07/10 16:06:27 239] tts        498  local audiolen:  2016  ,ced:  16  
[2025/07/10 16:06:27 239] tts        527  0  udata(9407ef48) 1  
[2025/07/10 16:06:27 240] tts        657  TTS_MSG_GETAUDIO  0  
[2025/07/10 16:06:27 240] tts        485  get audio|use local  
[2025/07/10 16:06:27 240] tts        498  local audiolen:  1970  ,ced:  16  
[2025/07/10 16:06:27 240] tts        527  0  udata(9407ef98) 1  
[2025/07/10 16:06:27 250] tts        657  TTS_MSG_GETAUDIO  0  
[2025/07/10 16:06:27 250] tts        485  get audio|use local  
[2025/07/10 16:06:27 250] tts        498  local audiolen:  1900  ,ced:  16  
[2025/07/10 16:06:27 250] tts        527  0  udata(94087ff8) 1  
[2025/07/10 16:06:27 253] tts        657  TTS_MSG_GETAUDIO  0  
[2025/07/10 16:06:27 253] tts        485  get audio|use local  
[2025/07/10 16:06:27 254] tts        498  local audiolen:  1972  ,ced:  16  
[2025/07/10 16:06:27 255] tts        527  0  udata(9407d068) 1  
[2025/07/10 16:06:27 261] tts        657  TTS_MSG_GETAUDIO  0  
[2025/07/10 16:06:27 261] tts        485  get audio|use local  
[2025/07/10 16:06:27 261] tts        498  local audiolen:  1982  ,ced:  16  
[2025/07/10 16:06:27 261] tts        527  0  udata(9407e798) 1  
[2025/07/10 16:06:27 263] tts        657  TTS_MSG_GETAUDIO  0  
[2025/07/10 16:06:27 263] tts        485  get audio|use local  
[2025/07/10 16:06:27 263] tts        498  local audiolen:  2046  ,ced:  16  
[2025/07/10 16:06:27 263] tts        527  0  udata(9407e7e8) 1  
[2025/07/10 16:06:27 271] tts        301  0  0  
[2025/07/10 16:06:27 271] tts        312  TTS_LOCAL_CB_END,  2  
[2025/07/10 16:06:27 271] tts        657  TTS_MSG_GETAUDIO  0  
[2025/07/10 16:06:27 271] tts        485  get audio|use local  
[2025/07/10 16:06:27 271] tts        498  local audiolen:  1970  ,ced:  16  
[2025/07/10 16:06:27 272] tts        527  0  udata(94087b28) 1  
[2025/07/10 16:06:27 272] tts        657  TTS_MSG_GETAUDIO  0  
[2025/07/10 16:06:27 273] tts        485  get audio|use local  
[2025/07/10 16:06:27 273] tts        498  local audiolen:  1932  ,ced:  16  
[2025/07/10 16:06:27 273] tts        527  0  udata(94087b78) 1  
[2025/07/10 16:06:27 274] tts        657  TTS_MSG_GETAUDIO  0  
[2025/07/10 16:06:27 274] tts        485  get audio|use local  
[2025/07/10 16:06:27 274] tts        498  local audiolen:  1996  ,ced:  16  
[2025/07/10 16:06:27 274] tts        527  0  udata(94087bc8) 1  
[2025/07/10 16:06:27 275] tts        657  TTS_MSG_GETAUDIO  0  
[2025/07/10 16:06:27 275] tts        485  get audio|use local  
[2025/07/10 16:06:27 275] tts        498  local audiolen:  2008  ,ced:  16  
[2025/07/10 16:06:27 276] tts        527  0  udata(94087c18) 1  
[2025/07/10 16:06:27 277] tts        657  TTS_MSG_GETAUDIO  0  
[2025/07/10 16:06:27 277] tts        485  get audio|use local  
[2025/07/10 16:06:27 277] tts        498  local audiolen:  1934  ,ced:  16  
[2025/07/10 16:06:27 278] tts        527  0  udata(94087c68) 1  
[2025/07/10 16:06:27 283] tts        657  TTS_MSG_GETAUDIO  0  
[2025/07/10 16:06:27 283] tts        485  get audio|use local  
[2025/07/10 16:06:27 283] tts        498  local audiolen:  1992  ,ced:  16  
[2025/07/10 16:06:27 283] tts        527  0  udata(94087cb8) 1  
[2025/07/10 16:06:27 288] tts        657  TTS_MSG_GETAUDIO  0  
[2025/07/10 16:06:27 288] tts        485  get audio|use local  
[2025/07/10 16:06:27 288] tts        498  local audiolen:  2016  ,ced:  16  
[2025/07/10 16:06:27 289] tts        527  0  udata(94087d08) 1  
[2025/07/10 16:06:27 289] tts        657  TTS_MSG_GETAUDIO  0  
[2025/07/10 16:06:27 290] tts        485  get audio|use local  
[2025/07/10 16:06:27 290] tts        498  local audiolen:  1942  ,ced:  16  
[2025/07/10 16:06:27 313] tts        527  0  udata(94087d58) 1  
[2025/07/10 16:06:27 321] tts        657  TTS_MSG_GETAUDIO  0  
[2025/07/10 16:06:27 321] tts        485  get audio|use local  
[2025/07/10 16:06:27 322] tts        498  local audiolen:  2046  ,ced:  16  
[2025/07/10 16:06:27 322] tts        527  0  udata(94087da8) 1  
[2025/07/10 16:06:27 322] tts        657  TTS_MSG_GETAUDIO  0  
[2025/07/10 16:06:27 322] tts        485  get audio|use local  
[2025/07/10 16:06:27 322] tts        498  local audiolen:  1974  ,ced:  16  
[2025/07/10 16:06:27 323] tts        527  0  udata(94087df8) 1  
[2025/07/10 16:06:27 324] tts        657  TTS_MSG_GETAUDIO  0  
[2025/07/10 16:06:27 324] tts        485  get audio|use local  
[2025/07/10 16:06:27 324] tts        498  local audiolen:  2000  ,ced:  16  
[2025/07/10 16:06:27 324] tts        527  0  udata(94087e48) 1  
[2025/07/10 16:06:27 325] tts        657  TTS_MSG_GETAUDIO  0  
[2025/07/10 16:06:27 325] tts        485  get audio|use local  
[2025/07/10 16:06:27 325] tts        498  local audiolen:  2010  ,ced:  16  
[2025/07/10 16:06:27 325] tts        527  0  udata(94087e98) 1  
[2025/07/10 16:06:27 326] tts        657  TTS_MSG_GETAUDIO  0  
[2025/07/10 16:06:27 326] tts        485  get audio|use local  
[2025/07/10 16:06:27 326] tts        498  local audiolen:  1910  ,ced:  16  
[2025/07/10 16:06:27 326] tts        527  0  udata(94022798) 1  
[2025/07/10 16:06:27 327] tts        657  TTS_MSG_GETAUDIO  0  
[2025/07/10 16:06:27 327] tts        485  get audio|use local  
[2025/07/10 16:06:27 327] tts        498  local audiolen:  1982  ,ced:  16  
[2025/07/10 16:06:27 327] tts        527  0  udata(94087ee8) 1  
[2025/07/10 16:06:27 330] tts        657  TTS_MSG_GETAUDIO  0  
[2025/07/10 16:06:27 330] tts        485  get audio|use local  
[2025/07/10 16:06:27 330] tts        498  local audiolen:  1852  ,ced:  16  
[2025/07/10 16:06:27 330] tts        527  0  udata(94087f38) 1  
[2025/07/10 16:06:27 332] tts        657  TTS_MSG_GETAUDIO  0  
[2025/07/10 16:06:27 332] tts        485  get audio|use local  
[2025/07/10 16:06:27 332] tts        498  local audiolen:  1974  ,ced:  16  
[2025/07/10 16:06:27 333] tts        527  0  udata(94087f88) 1  
[2025/07/10 16:06:27 333] tts        657  TTS_MSG_GETAUDIO  0  
[2025/07/10 16:06:27 333] tts        485  get audio|use local  
[2025/07/10 16:06:27 333] tts        498  local audiolen:  960  ,ced:  16  
[2025/07/10 16:06:27 334] tts        527  0  udata(9407d9b8) 2  
[2025/07/10 16:06:27 337] tts        660  TTS_MSG_SSE  
[2025/07/10 16:06:27 339] tts        585  sse|use local  
[2025/07/10 16:06:27 340] tts        603  tts exit  
[2025/07/10 16:06:27 342] tts        667  SYS_MSG_UNLOAD  
