============================================================
Time  2025/08/10 20:04:49 986 
============================================================
[2025/08/10 20:04:49 986] tts        676  SYS_MSG_REGCB param0 =  msp_status_cb  param1 =  func(7c014a30) 
[2025/08/10 20:04:49 990] config     43   use general cloud  
[2025/08/10 20:04:49 997] tts_cloud  1417 SYS_MSG_REGCB_CLOUD param0 =   msp_status_cb  param1 =  func(7c014a30) 
[2025/08/10 20:04:49 997] tts        647  TTS_MSG_SSB  
[2025/08/10 20:04:49 997] tts        375  params =  engine_type = local,voice_name=xiaoyan, text_encoding = UTF8, tts_res_path = fo|res/tts/xiaoyan.jet;fo|res/tts/common.jet, sample_rate = 16000, speed = 50, volume = 80, pitch = 50, rdn = 2  
[2025/08/10 20:04:49 998] tts        412  ssb|use local  
[2025/08/10 20:04:49 998] tts        349  local_session_begin  
[2025/08/10 20:04:50 024] tts        654  TTS_MSG_SYN  0  
[2025/08/10 20:04:50 024] tts        451  synth|use local  
[2025/08/10 20:04:50 025] tts        657  TTS_MSG_GETAUDIO  0  
[2025/08/10 20:04:50 025] tts        485  get audio|use local  
[2025/08/10 20:04:50 025] tts        527  0  nil  1  
[2025/08/10 20:04:50 026] tts        657  TTS_MSG_GETAUDIO  0  
[2025/08/10 20:04:50 026] tts        485  get audio|use local  
[2025/08/10 20:04:50 026] tts        527  0  nil  1  
[2025/08/10 20:04:50 027] tts        657  TTS_MSG_GETAUDIO  0  
[2025/08/10 20:04:50 027] tts        485  get audio|use local  
[2025/08/10 20:04:50 027] tts        527  0  nil  1  
[2025/08/10 20:04:50 028] tts        657  TTS_MSG_GETAUDIO  0  
[2025/08/10 20:04:50 028] tts        485  get audio|use local  
[2025/08/10 20:04:50 028] tts        527  0  nil  1  
[2025/08/10 20:04:50 028] tts        657  TTS_MSG_GETAUDIO  0  
[2025/08/10 20:04:50 029] tts        485  get audio|use local  
[2025/08/10 20:04:50 029] tts        527  0  nil  1  
[2025/08/10 20:04:50 029] tts        657  TTS_MSG_GETAUDIO  0  
[2025/08/10 20:04:50 029] tts        485  get audio|use local  
[2025/08/10 20:04:50 029] tts        527  0  nil  1  
[2025/08/10 20:04:50 030] tts        657  TTS_MSG_GETAUDIO  0  
[2025/08/10 20:04:50 030] tts        485  get audio|use local  
[2025/08/10 20:04:50 030] tts        527  0  nil  1  
[2025/08/10 20:04:50 031] tts        657  TTS_MSG_GETAUDIO  0  
[2025/08/10 20:04:50 031] tts        485  get audio|use local  
[2025/08/10 20:04:50 031] tts        527  0  nil  1  
[2025/08/10 20:04:50 032] tts        657  TTS_MSG_GETAUDIO  0  
[2025/08/10 20:04:50 032] tts        485  get audio|use local  
[2025/08/10 20:04:50 032] tts        527  0  nil  1  
[2025/08/10 20:04:50 032] tts        657  TTS_MSG_GETAUDIO  0  
[2025/08/10 20:04:50 033] tts        485  get audio|use local  
[2025/08/10 20:04:50 033] tts        527  0  nil  1  
[2025/08/10 20:04:50 043] tts        657  TTS_MSG_GETAUDIO  0  
[2025/08/10 20:04:50 043] tts        485  get audio|use local  
[2025/08/10 20:04:50 043] tts        527  0  nil  1  
[2025/08/10 20:04:50 044] tts        657  TTS_MSG_GETAUDIO  0  
[2025/08/10 20:04:50 044] tts        485  get audio|use local  
[2025/08/10 20:04:50 044] tts        527  0  nil  1  
[2025/08/10 20:04:50 045] tts        657  TTS_MSG_GETAUDIO  0  
[2025/08/10 20:04:50 045] tts        485  get audio|use local  
[2025/08/10 20:04:50 045] tts        527  0  nil  1  
[2025/08/10 20:04:50 046] tts        657  TTS_MSG_GETAUDIO  0  
[2025/08/10 20:04:50 046] tts        485  get audio|use local  
[2025/08/10 20:04:50 046] tts        527  0  nil  1  
[2025/08/10 20:04:50 046] tts        657  TTS_MSG_GETAUDIO  0  
[2025/08/10 20:04:50 046] tts        485  get audio|use local  
[2025/08/10 20:04:50 046] tts        527  0  nil  1  
[2025/08/10 20:04:50 047] tts        657  TTS_MSG_GETAUDIO  0  
[2025/08/10 20:04:50 047] tts        485  get audio|use local  
[2025/08/10 20:04:50 047] tts        527  0  nil  1  
[2025/08/10 20:04:50 048] tts        657  TTS_MSG_GETAUDIO  0  
[2025/08/10 20:04:50 048] tts        485  get audio|use local  
[2025/08/10 20:04:50 048] tts        527  0  nil  1  
[2025/08/10 20:04:50 049] tts        657  TTS_MSG_GETAUDIO  0  
[2025/08/10 20:04:50 049] tts        485  get audio|use local  
[2025/08/10 20:04:50 049] tts        527  0  nil  1  
[2025/08/10 20:04:50 050] tts        657  TTS_MSG_GETAUDIO  0  
[2025/08/10 20:04:50 050] tts        485  get audio|use local  
[2025/08/10 20:04:50 050] tts        527  0  nil  1  
[2025/08/10 20:04:50 050] tts        657  TTS_MSG_GETAUDIO  0  
[2025/08/10 20:04:50 050] tts        485  get audio|use local  
[2025/08/10 20:04:50 051] tts        527  0  nil  1  
[2025/08/10 20:04:50 051] tts        657  TTS_MSG_GETAUDIO  0  
[2025/08/10 20:04:50 051] tts        485  get audio|use local  
[2025/08/10 20:04:50 051] tts        527  0  nil  1  
[2025/08/10 20:04:50 052] tts        657  TTS_MSG_GETAUDIO  0  
[2025/08/10 20:04:50 052] tts        485  get audio|use local  
[2025/08/10 20:04:50 052] tts        527  0  nil  1  
[2025/08/10 20:04:50 053] tts        657  TTS_MSG_GETAUDIO  0  
[2025/08/10 20:04:50 053] tts        485  get audio|use local  
[2025/08/10 20:04:50 053] tts        527  0  nil  1  
[2025/08/10 20:04:50 054] tts        657  TTS_MSG_GETAUDIO  0  
[2025/08/10 20:04:50 054] tts        485  get audio|use local  
[2025/08/10 20:04:50 054] tts        527  0  nil  1  
[2025/08/10 20:04:50 055] tts        657  TTS_MSG_GETAUDIO  0  
[2025/08/10 20:04:50 055] tts        485  get audio|use local  
[2025/08/10 20:04:50 055] tts        527  0  nil  1  
[2025/08/10 20:04:50 055] tts        657  TTS_MSG_GETAUDIO  0  
[2025/08/10 20:04:50 055] tts        485  get audio|use local  
[2025/08/10 20:04:50 056] tts        527  0  nil  1  
[2025/08/10 20:04:50 056] tts        657  TTS_MSG_GETAUDIO  0  
[2025/08/10 20:04:50 056] tts        485  get audio|use local  
[2025/08/10 20:04:50 056] tts        527  0  nil  1  
[2025/08/10 20:04:50 057] tts        657  TTS_MSG_GETAUDIO  0  
[2025/08/10 20:04:50 057] tts        485  get audio|use local  
[2025/08/10 20:04:50 057] tts        527  0  nil  1  
[2025/08/10 20:04:50 058] tts        657  TTS_MSG_GETAUDIO  0  
[2025/08/10 20:04:50 058] tts        485  get audio|use local  
[2025/08/10 20:04:50 058] tts        527  0  nil  1  
[2025/08/10 20:04:50 066] tts        657  TTS_MSG_GETAUDIO  0  
[2025/08/10 20:04:50 066] tts        485  get audio|use local  
[2025/08/10 20:04:50 066] tts        527  0  nil  1  
[2025/08/10 20:04:50 067] tts        657  TTS_MSG_GETAUDIO  0  
[2025/08/10 20:04:50 067] tts        485  get audio|use local  
[2025/08/10 20:04:50 067] tts        527  0  nil  1  
[2025/08/10 20:04:50 067] tts        657  TTS_MSG_GETAUDIO  0  
[2025/08/10 20:04:50 068] tts        485  get audio|use local  
[2025/08/10 20:04:50 068] tts        527  0  nil  1  
[2025/08/10 20:04:50 068] tts        657  TTS_MSG_GETAUDIO  0  
[2025/08/10 20:04:50 068] tts        485  get audio|use local  
[2025/08/10 20:04:50 068] tts        527  0  nil  1  
[2025/08/10 20:04:50 069] tts        657  TTS_MSG_GETAUDIO  0  
[2025/08/10 20:04:50 069] tts        485  get audio|use local  
[2025/08/10 20:04:50 069] tts        527  0  nil  1  
[2025/08/10 20:04:50 070] tts        657  TTS_MSG_GETAUDIO  0  
[2025/08/10 20:04:50 070] tts        485  get audio|use local  
[2025/08/10 20:04:50 070] tts        527  0  nil  1  
[2025/08/10 20:04:50 070] tts        657  TTS_MSG_GETAUDIO  0  
[2025/08/10 20:04:50 070] tts        485  get audio|use local  
[2025/08/10 20:04:50 071] tts        527  0  nil  1  
[2025/08/10 20:04:50 071] tts        657  TTS_MSG_GETAUDIO  0  
[2025/08/10 20:04:50 071] tts        485  get audio|use local  
[2025/08/10 20:04:50 071] tts        527  0  nil  1  
[2025/08/10 20:04:50 072] tts        657  TTS_MSG_GETAUDIO  0  
[2025/08/10 20:04:50 072] tts        485  get audio|use local  
[2025/08/10 20:04:50 072] tts        527  0  nil  1  
[2025/08/10 20:04:50 073] tts        657  TTS_MSG_GETAUDIO  0  
[2025/08/10 20:04:50 073] tts        485  get audio|use local  
[2025/08/10 20:04:50 073] tts        527  0  nil  1  
[2025/08/10 20:04:50 073] tts        657  TTS_MSG_GETAUDIO  0  
[2025/08/10 20:04:50 073] tts        485  get audio|use local  
[2025/08/10 20:04:50 074] tts        527  0  nil  1  
[2025/08/10 20:04:50 081] tts        657  TTS_MSG_GETAUDIO  0  
[2025/08/10 20:04:50 081] tts        485  get audio|use local  
[2025/08/10 20:04:50 081] tts        527  0  nil  1  
[2025/08/10 20:04:50 082] tts        657  TTS_MSG_GETAUDIO  0  
[2025/08/10 20:04:50 082] tts        485  get audio|use local  
[2025/08/10 20:04:50 082] tts        527  0  nil  1  
[2025/08/10 20:04:50 083] tts        657  TTS_MSG_GETAUDIO  0  
[2025/08/10 20:04:50 083] tts        485  get audio|use local  
[2025/08/10 20:04:50 083] tts        527  0  nil  1  
[2025/08/10 20:04:50 084] tts        657  TTS_MSG_GETAUDIO  0  
[2025/08/10 20:04:50 084] tts        485  get audio|use local  
[2025/08/10 20:04:50 084] tts        527  0  nil  1  
[2025/08/10 20:04:50 090] tts        657  TTS_MSG_GETAUDIO  0  
[2025/08/10 20:04:50 090] tts        485  get audio|use local  
[2025/08/10 20:04:50 090] tts        527  0  nil  1  
[2025/08/10 20:04:50 091] tts        657  TTS_MSG_GETAUDIO  0  
[2025/08/10 20:04:50 091] tts        485  get audio|use local  
[2025/08/10 20:04:50 091] tts        527  0  nil  1  
[2025/08/10 20:04:50 092] tts        657  TTS_MSG_GETAUDIO  0  
[2025/08/10 20:04:50 092] tts        485  get audio|use local  
[2025/08/10 20:04:50 092] tts        527  0  nil  1  
[2025/08/10 20:04:50 095] tts        657  TTS_MSG_GETAUDIO  0  
[2025/08/10 20:04:50 095] tts        485  get audio|use local  
[2025/08/10 20:04:50 095] tts        527  0  nil  1  
[2025/08/10 20:04:50 096] tts        657  TTS_MSG_GETAUDIO  0  
[2025/08/10 20:04:50 096] tts        485  get audio|use local  
[2025/08/10 20:04:50 096] tts        527  0  nil  1  
[2025/08/10 20:04:50 096] tts        657  TTS_MSG_GETAUDIO  0  
[2025/08/10 20:04:50 097] tts        485  get audio|use local  
[2025/08/10 20:04:50 097] tts        527  0  nil  1  
[2025/08/10 20:04:50 097] tts        657  TTS_MSG_GETAUDIO  0  
[2025/08/10 20:04:50 097] tts        485  get audio|use local  
[2025/08/10 20:04:50 097] tts        527  0  nil  1  
[2025/08/10 20:04:50 098] tts        657  TTS_MSG_GETAUDIO  0  
[2025/08/10 20:04:50 098] tts        485  get audio|use local  
[2025/08/10 20:04:50 098] tts        527  0  nil  1  
[2025/08/10 20:04:50 099] tts        657  TTS_MSG_GETAUDIO  0  
[2025/08/10 20:04:50 099] tts        485  get audio|use local  
[2025/08/10 20:04:50 099] tts        527  0  nil  1  
[2025/08/10 20:04:50 099] tts        657  TTS_MSG_GETAUDIO  0  
[2025/08/10 20:04:50 100] tts        485  get audio|use local  
[2025/08/10 20:04:50 100] tts        527  0  nil  1  
[2025/08/10 20:04:50 100] tts        657  TTS_MSG_GETAUDIO  0  
[2025/08/10 20:04:50 100] tts        485  get audio|use local  
[2025/08/10 20:04:50 100] tts        527  0  nil  1  
[2025/08/10 20:04:50 101] tts        657  TTS_MSG_GETAUDIO  0  
[2025/08/10 20:04:50 101] tts        485  get audio|use local  
[2025/08/10 20:04:50 101] tts        527  0  nil  1  
[2025/08/10 20:04:50 102] tts        657  TTS_MSG_GETAUDIO  0  
[2025/08/10 20:04:50 102] tts        485  get audio|use local  
[2025/08/10 20:04:50 102] tts        527  0  nil  1  
[2025/08/10 20:04:50 103] tts        657  TTS_MSG_GETAUDIO  0  
[2025/08/10 20:04:50 103] tts        485  get audio|use local  
[2025/08/10 20:04:50 103] tts        527  0  nil  1  
[2025/08/10 20:04:50 103] tts        657  TTS_MSG_GETAUDIO  0  
[2025/08/10 20:04:50 103] tts        485  get audio|use local  
[2025/08/10 20:04:50 104] tts        527  0  nil  1  
[2025/08/10 20:04:50 105] tts        657  TTS_MSG_GETAUDIO  0  
[2025/08/10 20:04:50 105] tts        485  get audio|use local  
[2025/08/10 20:04:50 105] tts        527  0  nil  1  
[2025/08/10 20:04:50 115] tts        657  TTS_MSG_GETAUDIO  0  
[2025/08/10 20:04:50 115] tts        485  get audio|use local  
[2025/08/10 20:04:50 115] tts        527  0  nil  1  
[2025/08/10 20:04:50 116] tts        657  TTS_MSG_GETAUDIO  0  
[2025/08/10 20:04:50 116] tts        485  get audio|use local  
[2025/08/10 20:04:50 116] tts        527  0  nil  1  
[2025/08/10 20:04:50 118] tts        657  TTS_MSG_GETAUDIO  0  
[2025/08/10 20:04:50 119] tts        485  get audio|use local  
[2025/08/10 20:04:50 119] tts        527  0  nil  1  
[2025/08/10 20:04:50 119] tts        657  TTS_MSG_GETAUDIO  0  
[2025/08/10 20:04:50 120] tts        485  get audio|use local  
[2025/08/10 20:04:50 120] tts        527  0  nil  1  
[2025/08/10 20:04:50 120] tts        657  TTS_MSG_GETAUDIO  0  
[2025/08/10 20:04:50 120] tts        485  get audio|use local  
[2025/08/10 20:04:50 120] tts        527  0  nil  1  
[2025/08/10 20:04:50 121] tts        299  TTS_LOCAL_CB_BEGIN  
[2025/08/10 20:04:50 122] tts        657  TTS_MSG_GETAUDIO  0  
[2025/08/10 20:04:50 122] tts        485  get audio|use local  
[2025/08/10 20:04:50 122] tts        527  0  nil  1  
[2025/08/10 20:04:50 123] tts        657  TTS_MSG_GETAUDIO  0  
[2025/08/10 20:04:50 123] tts        485  get audio|use local  
[2025/08/10 20:04:50 123] tts        527  0  nil  1  
[2025/08/10 20:04:50 124] tts        657  TTS_MSG_GETAUDIO  0  
[2025/08/10 20:04:50 124] tts        485  get audio|use local  
[2025/08/10 20:04:50 124] tts        527  0  nil  1  
[2025/08/10 20:04:50 125] tts        657  TTS_MSG_GETAUDIO  0  
[2025/08/10 20:04:50 125] tts        485  get audio|use local  
[2025/08/10 20:04:50 125] tts        527  0  nil  1  
[2025/08/10 20:04:50 126] tts        657  TTS_MSG_GETAUDIO  0  
[2025/08/10 20:04:50 126] tts        485  get audio|use local  
[2025/08/10 20:04:50 126] tts        527  0  nil  1  
[2025/08/10 20:04:50 127] tts        657  TTS_MSG_GETAUDIO  0  
[2025/08/10 20:04:50 127] tts        485  get audio|use local  
[2025/08/10 20:04:50 127] tts        527  0  nil  1  
[2025/08/10 20:04:50 128] tts        657  TTS_MSG_GETAUDIO  0  
[2025/08/10 20:04:50 128] tts        485  get audio|use local  
[2025/08/10 20:04:50 128] tts        527  0  nil  1  
[2025/08/10 20:04:50 128] tts        657  TTS_MSG_GETAUDIO  0  
[2025/08/10 20:04:50 128] tts        485  get audio|use local  
[2025/08/10 20:04:50 129] tts        527  0  nil  1  
[2025/08/10 20:04:50 129] tts        657  TTS_MSG_GETAUDIO  0  
[2025/08/10 20:04:50 129] tts        485  get audio|use local  
[2025/08/10 20:04:50 129] tts        527  0  nil  1  
[2025/08/10 20:04:50 130] tts        657  TTS_MSG_GETAUDIO  0  
[2025/08/10 20:04:50 130] tts        485  get audio|use local  
[2025/08/10 20:04:50 130] tts        527  0  nil  1  
[2025/08/10 20:04:50 131] tts        657  TTS_MSG_GETAUDIO  0  
[2025/08/10 20:04:50 131] tts        485  get audio|use local  
[2025/08/10 20:04:50 131] tts        527  0  nil  1  
[2025/08/10 20:04:50 131] tts        657  TTS_MSG_GETAUDIO  0  
[2025/08/10 20:04:50 131] tts        485  get audio|use local  
[2025/08/10 20:04:50 131] tts        527  0  nil  1  
[2025/08/10 20:04:50 132] tts        657  TTS_MSG_GETAUDIO  0  
[2025/08/10 20:04:50 132] tts        485  get audio|use local  
[2025/08/10 20:04:50 132] tts        527  0  nil  1  
[2025/08/10 20:04:50 133] tts        657  TTS_MSG_GETAUDIO  0  
[2025/08/10 20:04:50 133] tts        485  get audio|use local  
[2025/08/10 20:04:50 133] tts        527  0  nil  1  
[2025/08/10 20:04:50 133] tts        657  TTS_MSG_GETAUDIO  0  
[2025/08/10 20:04:50 134] tts        485  get audio|use local  
[2025/08/10 20:04:50 136] tts        527  0  nil  1  
[2025/08/10 20:04:50 137] tts        657  TTS_MSG_GETAUDIO  0  
[2025/08/10 20:04:50 137] tts        485  get audio|use local  
[2025/08/10 20:04:50 138] tts        498  local audiolen:  2042  ,ced:  14  
[2025/08/10 20:04:50 138] tts        527  0  udata(7c087548) 1  
[2025/08/10 20:04:50 148] tts        657  TTS_MSG_GETAUDIO  0  
[2025/08/10 20:04:50 148] tts        485  get audio|use local  
[2025/08/10 20:04:50 148] tts        498  local audiolen:  2016  ,ced:  14  
[2025/08/10 20:04:50 148] tts        527  0  udata(7c07d838) 1  
[2025/08/10 20:04:50 149] tts        657  TTS_MSG_GETAUDIO  0  
[2025/08/10 20:04:50 149] tts        485  get audio|use local  
[2025/08/10 20:04:50 149] tts        498  local audiolen:  1964  ,ced:  14  
[2025/08/10 20:04:50 149] tts        527  0  udata(7c087ec8) 1  
[2025/08/10 20:04:50 150] tts        657  TTS_MSG_GETAUDIO  0  
[2025/08/10 20:04:50 150] tts        485  get audio|use local  
[2025/08/10 20:04:50 150] tts        498  local audiolen:  1916  ,ced:  14  
[2025/08/10 20:04:50 150] tts        527  0  udata(7c07d888) 1  
[2025/08/10 20:04:50 150] tts        657  TTS_MSG_GETAUDIO  0  
[2025/08/10 20:04:50 150] tts        485  get audio|use local  
[2025/08/10 20:04:50 151] tts        498  local audiolen:  2018  ,ced:  14  
[2025/08/10 20:04:50 151] tts        527  0  udata(7c087708) 1  
[2025/08/10 20:04:50 151] tts        657  TTS_MSG_GETAUDIO  0  
[2025/08/10 20:04:50 151] tts        485  get audio|use local  
[2025/08/10 20:04:50 151] tts        498  local audiolen:  2008  ,ced:  14  
[2025/08/10 20:04:50 152] tts        527  0  udata(7c087758) 1  
[2025/08/10 20:04:50 152] tts        657  TTS_MSG_GETAUDIO  0  
[2025/08/10 20:04:50 152] tts        485  get audio|use local  
[2025/08/10 20:04:50 152] tts        498  local audiolen:  2046  ,ced:  14  
[2025/08/10 20:04:50 152] tts        527  0  udata(7c0877a8) 1  
[2025/08/10 20:04:50 153] tts        657  TTS_MSG_GETAUDIO  0  
[2025/08/10 20:04:50 153] tts        485  get audio|use local  
[2025/08/10 20:04:50 153] tts        498  local audiolen:  1972  ,ced:  14  
[2025/08/10 20:04:50 153] tts        527  0  udata(7c0877f8) 1  
[2025/08/10 20:04:50 154] tts        657  TTS_MSG_GETAUDIO  0  
[2025/08/10 20:04:50 154] tts        485  get audio|use local  
[2025/08/10 20:04:50 154] tts        498  local audiolen:  1934  ,ced:  14  
[2025/08/10 20:04:50 154] tts        527  0  udata(7c087848) 1  
[2025/08/10 20:04:50 155] tts        657  TTS_MSG_GETAUDIO  0  
[2025/08/10 20:04:50 155] tts        485  get audio|use local  
[2025/08/10 20:04:50 155] tts        527  0  nil  1  
[2025/08/10 20:04:50 155] tts        657  TTS_MSG_GETAUDIO  0  
[2025/08/10 20:04:50 156] tts        485  get audio|use local  
[2025/08/10 20:04:50 156] tts        527  0  nil  1  
[2025/08/10 20:04:50 156] tts        657  TTS_MSG_GETAUDIO  0  
[2025/08/10 20:04:50 156] tts        485  get audio|use local  
[2025/08/10 20:04:50 156] tts        527  0  nil  1  
[2025/08/10 20:04:50 157] tts        657  TTS_MSG_GETAUDIO  0  
[2025/08/10 20:04:50 157] tts        485  get audio|use local  
[2025/08/10 20:04:50 157] tts        527  0  nil  1  
[2025/08/10 20:04:50 160] tts        657  TTS_MSG_GETAUDIO  0  
[2025/08/10 20:04:50 160] tts        485  get audio|use local  
[2025/08/10 20:04:50 160] tts        498  local audiolen:  2018  ,ced:  14  
[2025/08/10 20:04:50 160] tts        527  0  udata(7c087898) 1  
[2025/08/10 20:04:50 162] tts        657  TTS_MSG_GETAUDIO  0  
[2025/08/10 20:04:50 162] tts        485  get audio|use local  
[2025/08/10 20:04:50 162] tts        498  local audiolen:  2040  ,ced:  14  
[2025/08/10 20:04:50 162] tts        527  0  udata(7c087bf8) 1  
[2025/08/10 20:04:50 165] tts        657  TTS_MSG_GETAUDIO  0  
[2025/08/10 20:04:50 165] tts        485  get audio|use local  
[2025/08/10 20:04:50 165] tts        498  local audiolen:  1958  ,ced:  14  
[2025/08/10 20:04:50 165] tts        527  0  udata(7c087d48) 1  
[2025/08/10 20:04:50 167] tts        657  TTS_MSG_GETAUDIO  0  
[2025/08/10 20:04:50 167] tts        485  get audio|use local  
[2025/08/10 20:04:50 167] tts        498  local audiolen:  1998  ,ced:  14  
[2025/08/10 20:04:50 167] tts        527  0  udata(7c07e0b8) 1  
[2025/08/10 20:04:50 169] tts        657  TTS_MSG_GETAUDIO  0  
[2025/08/10 20:04:50 169] tts        485  get audio|use local  
[2025/08/10 20:04:50 169] tts        498  local audiolen:  2016  ,ced:  14  
[2025/08/10 20:04:50 169] tts        527  0  udata(7c07d8d8) 1  
[2025/08/10 20:04:50 172] tts        657  TTS_MSG_GETAUDIO  0  
[2025/08/10 20:04:50 172] tts        485  get audio|use local  
[2025/08/10 20:04:50 173] tts        498  local audiolen:  2014  ,ced:  14  
[2025/08/10 20:04:50 173] tts        527  0  udata(7c07da28) 1  
[2025/08/10 20:04:50 173] tts        657  TTS_MSG_GETAUDIO  0  
[2025/08/10 20:04:50 173] tts        485  get audio|use local  
[2025/08/10 20:04:50 173] tts        527  0  nil  1  
[2025/08/10 20:04:50 175] tts        657  TTS_MSG_GETAUDIO  0  
[2025/08/10 20:04:50 175] tts        485  get audio|use local  
[2025/08/10 20:04:50 175] tts        498  local audiolen:  1938  ,ced:  14  
[2025/08/10 20:04:50 175] tts        527  0  udata(7c07db78) 1  
[2025/08/10 20:04:50 177] tts        657  TTS_MSG_GETAUDIO  0  
[2025/08/10 20:04:50 177] tts        485  get audio|use local  
[2025/08/10 20:04:50 177] tts        498  local audiolen:  1992  ,ced:  14  
[2025/08/10 20:04:50 177] tts        527  0  udata(7c07dcc8) 1  
[2025/08/10 20:04:50 181] tts        657  TTS_MSG_GETAUDIO  0  
[2025/08/10 20:04:50 181] tts        485  get audio|use local  
[2025/08/10 20:04:50 181] tts        498  local audiolen:  2006  ,ced:  14  
[2025/08/10 20:04:50 181] tts        527  0  udata(7c07f288) 1  
[2025/08/10 20:04:50 182] tts        657  TTS_MSG_GETAUDIO  0  
[2025/08/10 20:04:50 182] tts        485  get audio|use local  
[2025/08/10 20:04:50 182] tts        498  local audiolen:  2024  ,ced:  14  
[2025/08/10 20:04:50 182] tts        527  0  udata(7c07f2d8) 1  
[2025/08/10 20:04:50 184] tts        657  TTS_MSG_GETAUDIO  0  
[2025/08/10 20:04:50 184] tts        485  get audio|use local  
[2025/08/10 20:04:50 184] tts        498  local audiolen:  1902  ,ced:  14  
[2025/08/10 20:04:50 184] tts        527  0  udata(7c07e988) 1  
[2025/08/10 20:04:50 187] tts        657  TTS_MSG_GETAUDIO  0  
[2025/08/10 20:04:50 187] tts        485  get audio|use local  
[2025/08/10 20:04:50 187] tts        498  local audiolen:  1946  ,ced:  14  
[2025/08/10 20:04:50 187] tts        527  0  udata(7c07ebf8) 1  
[2025/08/10 20:04:50 189] tts        301  0  0  
[2025/08/10 20:04:50 190] tts        312  TTS_LOCAL_CB_END,  2  
[2025/08/10 20:04:50 190] tts        657  TTS_MSG_GETAUDIO  0  
[2025/08/10 20:04:50 190] tts        485  get audio|use local  
[2025/08/10 20:04:50 190] tts        498  local audiolen:  1956  ,ced:  14  
[2025/08/10 20:04:50 190] tts        527  0  udata(7c07eee8) 1  
[2025/08/10 20:04:50 191] tts        657  TTS_MSG_GETAUDIO  0  
[2025/08/10 20:04:50 191] tts        485  get audio|use local  
[2025/08/10 20:04:50 191] tts        498  local audiolen:  864  ,ced:  14  
[2025/08/10 20:04:50 191] tts        527  0  udata(7c07e578) 2  
[2025/08/10 20:04:50 192] tts        660  TTS_MSG_SSE  
[2025/08/10 20:04:50 193] tts        585  sse|use local  
[2025/08/10 20:04:50 208] tts        603  tts exit  
[2025/08/10 20:04:50 209] tts        667  SYS_MSG_UNLOAD  
