============================================================
Time  2025/08/10 20:02:09 221 
============================================================
[2025/08/10 20:02:09 222] tts        676  SYS_MSG_REGCB param0 =  msp_status_cb  param1 =  func(68014a30) 
[2025/08/10 20:02:09 225] config     43   use general cloud  
[2025/08/10 20:02:09 234] tts_cloud  1417 SYS_MSG_REGCB_CLOUD param0 =   msp_status_cb  param1 =  func(68014a30) 
[2025/08/10 20:02:09 235] tts        647  TTS_MSG_SSB  
[2025/08/10 20:02:09 235] tts        375  params =  engine_type = local,voice_name=xiaoyan, text_encoding = UTF8, tts_res_path = fo|res/tts/xiaoyan.jet;fo|res/tts/common.jet, sample_rate = 16000, speed = 50, volume = 80, pitch = 50, rdn = 2  
[2025/08/10 20:02:09 235] tts        412  ssb|use local  
[2025/08/10 20:02:09 235] tts        349  local_session_begin  
[2025/08/10 20:02:09 238] tts        654  TTS_MSG_SYN  0  
[2025/08/10 20:02:09 239] tts        451  synth|use local  
[2025/08/10 20:02:09 239] tts        657  TTS_MSG_GETAUDIO  0  
[2025/08/10 20:02:09 240] tts        485  get audio|use local  
[2025/08/10 20:02:09 240] tts        527  0  nil  1  
[2025/08/10 20:02:09 241] tts        657  TTS_MSG_GETAUDIO  0  
[2025/08/10 20:02:09 241] tts        485  get audio|use local  
[2025/08/10 20:02:09 241] tts        527  0  nil  1  
[2025/08/10 20:02:09 243] tts        657  TTS_MSG_GETAUDIO  0  
[2025/08/10 20:02:09 243] tts        485  get audio|use local  
[2025/08/10 20:02:09 243] tts        527  0  nil  1  
[2025/08/10 20:02:09 244] tts        657  TTS_MSG_GETAUDIO  0  
[2025/08/10 20:02:09 244] tts        485  get audio|use local  
[2025/08/10 20:02:09 244] tts        527  0  nil  1  
[2025/08/10 20:02:09 246] tts        657  TTS_MSG_GETAUDIO  0  
[2025/08/10 20:02:09 246] tts        485  get audio|use local  
[2025/08/10 20:02:09 246] tts        527  0  nil  1  
[2025/08/10 20:02:09 247] tts        657  TTS_MSG_GETAUDIO  0  
[2025/08/10 20:02:09 247] tts        485  get audio|use local  
[2025/08/10 20:02:09 247] tts        527  0  nil  1  
[2025/08/10 20:02:09 248] tts        657  TTS_MSG_GETAUDIO  0  
[2025/08/10 20:02:09 248] tts        485  get audio|use local  
[2025/08/10 20:02:09 248] tts        527  0  nil  1  
[2025/08/10 20:02:09 249] tts        657  TTS_MSG_GETAUDIO  0  
[2025/08/10 20:02:09 249] tts        485  get audio|use local  
[2025/08/10 20:02:09 249] tts        527  0  nil  1  
[2025/08/10 20:02:09 250] tts        657  TTS_MSG_GETAUDIO  0  
[2025/08/10 20:02:09 250] tts        485  get audio|use local  
[2025/08/10 20:02:09 250] tts        527  0  nil  1  
[2025/08/10 20:02:09 251] tts        657  TTS_MSG_GETAUDIO  0  
[2025/08/10 20:02:09 251] tts        485  get audio|use local  
[2025/08/10 20:02:09 251] tts        527  0  nil  1  
[2025/08/10 20:02:09 252] tts        657  TTS_MSG_GETAUDIO  0  
[2025/08/10 20:02:09 252] tts        485  get audio|use local  
[2025/08/10 20:02:09 252] tts        527  0  nil  1  
[2025/08/10 20:02:09 253] tts        657  TTS_MSG_GETAUDIO  0  
[2025/08/10 20:02:09 253] tts        485  get audio|use local  
[2025/08/10 20:02:09 253] tts        527  0  nil  1  
[2025/08/10 20:02:09 254] tts        657  TTS_MSG_GETAUDIO  0  
[2025/08/10 20:02:09 254] tts        485  get audio|use local  
[2025/08/10 20:02:09 254] tts        527  0  nil  1  
[2025/08/10 20:02:09 257] tts        657  TTS_MSG_GETAUDIO  0  
[2025/08/10 20:02:09 258] tts        485  get audio|use local  
[2025/08/10 20:02:09 258] tts        527  0  nil  1  
[2025/08/10 20:02:09 259] tts        657  TTS_MSG_GETAUDIO  0  
[2025/08/10 20:02:09 259] tts        485  get audio|use local  
[2025/08/10 20:02:09 259] tts        527  0  nil  1  
[2025/08/10 20:02:09 260] tts        657  TTS_MSG_GETAUDIO  0  
[2025/08/10 20:02:09 261] tts        485  get audio|use local  
[2025/08/10 20:02:09 261] tts        527  0  nil  1  
[2025/08/10 20:02:09 262] tts        657  TTS_MSG_GETAUDIO  0  
[2025/08/10 20:02:09 268] tts        485  get audio|use local  
[2025/08/10 20:02:09 268] tts        527  0  nil  1  
[2025/08/10 20:02:09 269] tts        657  TTS_MSG_GETAUDIO  0  
[2025/08/10 20:02:09 269] tts        485  get audio|use local  
[2025/08/10 20:02:09 269] tts        527  0  nil  1  
[2025/08/10 20:02:09 270] tts        657  TTS_MSG_GETAUDIO  0  
[2025/08/10 20:02:09 270] tts        485  get audio|use local  
[2025/08/10 20:02:09 271] tts        527  0  nil  1  
[2025/08/10 20:02:09 272] tts        657  TTS_MSG_GETAUDIO  0  
[2025/08/10 20:02:09 272] tts        485  get audio|use local  
[2025/08/10 20:02:09 272] tts        527  0  nil  1  
[2025/08/10 20:02:09 273] tts        657  TTS_MSG_GETAUDIO  0  
[2025/08/10 20:02:09 273] tts        485  get audio|use local  
[2025/08/10 20:02:09 273] tts        527  0  nil  1  
[2025/08/10 20:02:09 274] tts        657  TTS_MSG_GETAUDIO  0  
[2025/08/10 20:02:09 274] tts        485  get audio|use local  
[2025/08/10 20:02:09 274] tts        527  0  nil  1  
[2025/08/10 20:02:09 274] tts        657  TTS_MSG_GETAUDIO  0  
[2025/08/10 20:02:09 275] tts        485  get audio|use local  
[2025/08/10 20:02:09 275] tts        527  0  nil  1  
[2025/08/10 20:02:09 276] tts        657  TTS_MSG_GETAUDIO  0  
[2025/08/10 20:02:09 276] tts        485  get audio|use local  
[2025/08/10 20:02:09 276] tts        527  0  nil  1  
[2025/08/10 20:02:09 277] tts        657  TTS_MSG_GETAUDIO  0  
[2025/08/10 20:02:09 277] tts        485  get audio|use local  
[2025/08/10 20:02:09 277] tts        527  0  nil  1  
[2025/08/10 20:02:09 278] tts        657  TTS_MSG_GETAUDIO  0  
[2025/08/10 20:02:09 278] tts        485  get audio|use local  
[2025/08/10 20:02:09 278] tts        527  0  nil  1  
[2025/08/10 20:02:09 279] tts        657  TTS_MSG_GETAUDIO  0  
[2025/08/10 20:02:09 279] tts        485  get audio|use local  
[2025/08/10 20:02:09 280] tts        527  0  nil  1  
[2025/08/10 20:02:09 280] tts        657  TTS_MSG_GETAUDIO  0  
[2025/08/10 20:02:09 281] tts        485  get audio|use local  
[2025/08/10 20:02:09 281] tts        527  0  nil  1  
[2025/08/10 20:02:09 281] tts        657  TTS_MSG_GETAUDIO  0  
[2025/08/10 20:02:09 281] tts        485  get audio|use local  
[2025/08/10 20:02:09 281] tts        527  0  nil  1  
[2025/08/10 20:02:09 282] tts        657  TTS_MSG_GETAUDIO  0  
[2025/08/10 20:02:09 282] tts        485  get audio|use local  
[2025/08/10 20:02:09 282] tts        527  0  nil  1  
[2025/08/10 20:02:09 283] tts        657  TTS_MSG_GETAUDIO  0  
[2025/08/10 20:02:09 283] tts        485  get audio|use local  
[2025/08/10 20:02:09 284] tts        527  0  nil  1  
[2025/08/10 20:02:09 284] tts        657  TTS_MSG_GETAUDIO  0  
[2025/08/10 20:02:09 285] tts        485  get audio|use local  
[2025/08/10 20:02:09 285] tts        527  0  nil  1  
[2025/08/10 20:02:09 286] tts        657  TTS_MSG_GETAUDIO  0  
[2025/08/10 20:02:09 286] tts        485  get audio|use local  
[2025/08/10 20:02:09 286] tts        527  0  nil  1  
[2025/08/10 20:02:09 287] tts        657  TTS_MSG_GETAUDIO  0  
[2025/08/10 20:02:09 287] tts        485  get audio|use local  
[2025/08/10 20:02:09 287] tts        527  0  nil  1  
[2025/08/10 20:02:09 287] tts        657  TTS_MSG_GETAUDIO  0  
[2025/08/10 20:02:09 287] tts        485  get audio|use local  
[2025/08/10 20:02:09 288] tts        527  0  nil  1  
[2025/08/10 20:02:09 288] tts        657  TTS_MSG_GETAUDIO  0  
[2025/08/10 20:02:09 288] tts        485  get audio|use local  
[2025/08/10 20:02:09 288] tts        527  0  nil  1  
[2025/08/10 20:02:09 289] tts        657  TTS_MSG_GETAUDIO  0  
[2025/08/10 20:02:09 289] tts        485  get audio|use local  
[2025/08/10 20:02:09 289] tts        527  0  nil  1  
[2025/08/10 20:02:09 290] tts        657  TTS_MSG_GETAUDIO  0  
[2025/08/10 20:02:09 290] tts        485  get audio|use local  
[2025/08/10 20:02:09 290] tts        527  0  nil  1  
[2025/08/10 20:02:09 290] tts        657  TTS_MSG_GETAUDIO  0  
[2025/08/10 20:02:09 291] tts        485  get audio|use local  
[2025/08/10 20:02:09 291] tts        527  0  nil  1  
[2025/08/10 20:02:09 292] tts        657  TTS_MSG_GETAUDIO  0  
[2025/08/10 20:02:09 292] tts        485  get audio|use local  
[2025/08/10 20:02:09 292] tts        527  0  nil  1  
[2025/08/10 20:02:09 294] tts        657  TTS_MSG_GETAUDIO  0  
[2025/08/10 20:02:09 294] tts        485  get audio|use local  
[2025/08/10 20:02:09 294] tts        527  0  nil  1  
[2025/08/10 20:02:09 295] tts        657  TTS_MSG_GETAUDIO  0  
[2025/08/10 20:02:09 295] tts        485  get audio|use local  
[2025/08/10 20:02:09 295] tts        527  0  nil  1  
[2025/08/10 20:02:09 295] tts        657  TTS_MSG_GETAUDIO  0  
[2025/08/10 20:02:09 296] tts        485  get audio|use local  
[2025/08/10 20:02:09 296] tts        527  0  nil  1  
[2025/08/10 20:02:09 296] tts        657  TTS_MSG_GETAUDIO  0  
[2025/08/10 20:02:09 297] tts        485  get audio|use local  
[2025/08/10 20:02:09 297] tts        527  0  nil  1  
[2025/08/10 20:02:09 299] tts        657  TTS_MSG_GETAUDIO  0  
[2025/08/10 20:02:09 299] tts        485  get audio|use local  
[2025/08/10 20:02:09 299] tts        527  0  nil  1  
[2025/08/10 20:02:09 300] tts        657  TTS_MSG_GETAUDIO  0  
[2025/08/10 20:02:09 300] tts        485  get audio|use local  
[2025/08/10 20:02:09 300] tts        527  0  nil  1  
[2025/08/10 20:02:09 301] tts        657  TTS_MSG_GETAUDIO  0  
[2025/08/10 20:02:09 301] tts        485  get audio|use local  
[2025/08/10 20:02:09 301] tts        527  0  nil  1  
[2025/08/10 20:02:09 302] tts        657  TTS_MSG_GETAUDIO  0  
[2025/08/10 20:02:09 302] tts        485  get audio|use local  
[2025/08/10 20:02:09 302] tts        527  0  nil  1  
[2025/08/10 20:02:09 303] tts        657  TTS_MSG_GETAUDIO  0  
[2025/08/10 20:02:09 303] tts        485  get audio|use local  
[2025/08/10 20:02:09 304] tts        527  0  nil  1  
[2025/08/10 20:02:09 304] tts        657  TTS_MSG_GETAUDIO  0  
[2025/08/10 20:02:09 305] tts        485  get audio|use local  
[2025/08/10 20:02:09 305] tts        527  0  nil  1  
[2025/08/10 20:02:09 306] tts        657  TTS_MSG_GETAUDIO  0  
[2025/08/10 20:02:09 306] tts        485  get audio|use local  
[2025/08/10 20:02:09 306] tts        527  0  nil  1  
[2025/08/10 20:02:09 307] tts        657  TTS_MSG_GETAUDIO  0  
[2025/08/10 20:02:09 307] tts        485  get audio|use local  
[2025/08/10 20:02:09 308] tts        527  0  nil  1  
[2025/08/10 20:02:09 309] tts        657  TTS_MSG_GETAUDIO  0  
[2025/08/10 20:02:09 309] tts        485  get audio|use local  
[2025/08/10 20:02:09 309] tts        527  0  nil  1  
[2025/08/10 20:02:09 310] tts        657  TTS_MSG_GETAUDIO  0  
[2025/08/10 20:02:09 310] tts        485  get audio|use local  
[2025/08/10 20:02:09 311] tts        527  0  nil  1  
[2025/08/10 20:02:09 312] tts        657  TTS_MSG_GETAUDIO  0  
[2025/08/10 20:02:09 313] tts        485  get audio|use local  
[2025/08/10 20:02:09 313] tts        527  0  nil  1  
[2025/08/10 20:02:09 315] tts        657  TTS_MSG_GETAUDIO  0  
[2025/08/10 20:02:09 316] tts        485  get audio|use local  
[2025/08/10 20:02:09 316] tts        527  0  nil  1  
[2025/08/10 20:02:09 318] tts        299  TTS_LOCAL_CB_BEGIN  
[2025/08/10 20:02:09 319] tts        657  TTS_MSG_GETAUDIO  0  
[2025/08/10 20:02:09 319] tts        485  get audio|use local  
[2025/08/10 20:02:09 319] tts        527  0  nil  1  
[2025/08/10 20:02:09 320] tts        657  TTS_MSG_GETAUDIO  0  
[2025/08/10 20:02:09 320] tts        485  get audio|use local  
[2025/08/10 20:02:09 320] tts        527  0  nil  1  
[2025/08/10 20:02:09 321] tts        657  TTS_MSG_GETAUDIO  0  
[2025/08/10 20:02:09 321] tts        485  get audio|use local  
[2025/08/10 20:02:09 321] tts        527  0  nil  1  
[2025/08/10 20:02:09 322] tts        657  TTS_MSG_GETAUDIO  0  
[2025/08/10 20:02:09 322] tts        485  get audio|use local  
[2025/08/10 20:02:09 322] tts        527  0  nil  1  
[2025/08/10 20:02:09 323] tts        657  TTS_MSG_GETAUDIO  0  
[2025/08/10 20:02:09 323] tts        485  get audio|use local  
[2025/08/10 20:02:09 323] tts        527  0  nil  1  
[2025/08/10 20:02:09 324] tts        657  TTS_MSG_GETAUDIO  0  
[2025/08/10 20:02:09 324] tts        485  get audio|use local  
[2025/08/10 20:02:09 325] tts        527  0  nil  1  
[2025/08/10 20:02:09 326] tts        657  TTS_MSG_GETAUDIO  0  
[2025/08/10 20:02:09 327] tts        485  get audio|use local  
[2025/08/10 20:02:09 327] tts        498  local audiolen:  2042  ,ced:  23  
[2025/08/10 20:02:09 327] tts        527  0  udata(6807cd48) 1  
[2025/08/10 20:02:09 329] tts        657  TTS_MSG_GETAUDIO  0  
[2025/08/10 20:02:09 329] tts        485  get audio|use local  
[2025/08/10 20:02:09 329] tts        498  local audiolen:  2016  ,ced:  23  
[2025/08/10 20:02:09 329] tts        527  0  udata(6807d058) 1  
[2025/08/10 20:02:09 332] tts        657  TTS_MSG_GETAUDIO  0  
[2025/08/10 20:02:09 332] tts        485  get audio|use local  
[2025/08/10 20:02:09 332] tts        498  local audiolen:  2034  ,ced:  23  
[2025/08/10 20:02:09 332] tts        527  0  udata(6807e718) 1  
[2025/08/10 20:02:09 334] tts        657  TTS_MSG_GETAUDIO  0  
[2025/08/10 20:02:09 334] tts        485  get audio|use local  
[2025/08/10 20:02:09 334] tts        498  local audiolen:  2036  ,ced:  23  
[2025/08/10 20:02:09 334] tts        527  0  udata(640403b8) 1  
[2025/08/10 20:02:09 335] tts        657  TTS_MSG_GETAUDIO  0  
[2025/08/10 20:02:09 335] tts        485  get audio|use local  
[2025/08/10 20:02:09 335] tts        498  local audiolen:  2044  ,ced:  23  
[2025/08/10 20:02:09 335] tts        527  0  udata(6807e818) 1  
[2025/08/10 20:02:09 337] tts        657  TTS_MSG_GETAUDIO  0  
[2025/08/10 20:02:09 337] tts        485  get audio|use local  
[2025/08/10 20:02:09 337] tts        498  local audiolen:  2048  ,ced:  23  
[2025/08/10 20:02:09 337] tts        527  0  udata(6807e968) 1  
[2025/08/10 20:02:09 338] tts        657  TTS_MSG_GETAUDIO  0  
[2025/08/10 20:02:09 339] tts        485  get audio|use local  
[2025/08/10 20:02:09 339] tts        498  local audiolen:  1960  ,ced:  23  
[2025/08/10 20:02:09 339] tts        527  0  udata(6807eab8) 1  
[2025/08/10 20:02:09 340] tts        657  TTS_MSG_GETAUDIO  0  
[2025/08/10 20:02:09 340] tts        485  get audio|use local  
[2025/08/10 20:02:09 340] tts        498  local audiolen:  2016  ,ced:  23  
[2025/08/10 20:02:09 340] tts        527  0  udata(6807eb08) 1  
[2025/08/10 20:02:09 342] tts        657  TTS_MSG_GETAUDIO  0  
[2025/08/10 20:02:09 342] tts        485  get audio|use local  
[2025/08/10 20:02:09 342] tts        498  local audiolen:  2036  ,ced:  23  
[2025/08/10 20:02:09 343] tts        527  0  udata(6807ec58) 1  
[2025/08/10 20:02:09 345] tts        657  TTS_MSG_GETAUDIO  0  
[2025/08/10 20:02:09 346] tts        485  get audio|use local  
[2025/08/10 20:02:09 346] tts        498  local audiolen:  2030  ,ced:  23  
[2025/08/10 20:02:09 346] tts        527  0  udata(6807dfd8) 1  
[2025/08/10 20:02:09 349] tts        657  TTS_MSG_GETAUDIO  0  
[2025/08/10 20:02:09 349] tts        485  get audio|use local  
[2025/08/10 20:02:09 350] tts        498  local audiolen:  1916  ,ced:  23  
[2025/08/10 20:02:09 350] tts        527  0  udata(6807e328) 1  
[2025/08/10 20:02:09 352] tts        657  TTS_MSG_GETAUDIO  0  
[2025/08/10 20:02:09 353] tts        485  get audio|use local  
[2025/08/10 20:02:09 353] tts        498  local audiolen:  1954  ,ced:  23  
[2025/08/10 20:02:09 353] tts        527  0  udata(6807e578) 1  
[2025/08/10 20:02:09 355] tts        657  TTS_MSG_GETAUDIO  0  
[2025/08/10 20:02:09 355] tts        485  get audio|use local  
[2025/08/10 20:02:09 355] tts        498  local audiolen:  2044  ,ced:  23  
[2025/08/10 20:02:09 356] tts        527  0  udata(6807fe88) 1  
[2025/08/10 20:02:09 359] tts        657  TTS_MSG_GETAUDIO  0  
[2025/08/10 20:02:09 359] tts        485  get audio|use local  
[2025/08/10 20:02:09 359] tts        498  local audiolen:  2016  ,ced:  23  
[2025/08/10 20:02:09 359] tts        527  0  udata(6807f9c8) 1  
[2025/08/10 20:02:09 362] tts        657  TTS_MSG_GETAUDIO  0  
[2025/08/10 20:02:09 362] tts        485  get audio|use local  
[2025/08/10 20:02:09 362] tts        498  local audiolen:  1954  ,ced:  23  
[2025/08/10 20:02:09 363] tts        527  0  udata(6807f678) 1  
[2025/08/10 20:02:09 368] tts        657  TTS_MSG_GETAUDIO  0  
[2025/08/10 20:02:09 368] tts        485  get audio|use local  
[2025/08/10 20:02:09 369] tts        498  local audiolen:  2012  ,ced:  23  
[2025/08/10 20:02:09 369] tts        527  0  udata(6807eeb8) 1  
[2025/08/10 20:02:09 371] tts        657  TTS_MSG_GETAUDIO  0  
[2025/08/10 20:02:09 371] tts        485  get audio|use local  
[2025/08/10 20:02:09 371] tts        498  local audiolen:  2046  ,ced:  23  
[2025/08/10 20:02:09 371] tts        527  0  udata(6807f008) 1  
[2025/08/10 20:02:09 372] tts        657  TTS_MSG_GETAUDIO  0  
[2025/08/10 20:02:09 372] tts        485  get audio|use local  
[2025/08/10 20:02:09 372] tts        498  local audiolen:  1956  ,ced:  23  
[2025/08/10 20:02:09 373] tts        527  0  udata(6807f158) 1  
[2025/08/10 20:02:09 376] tts        657  TTS_MSG_GETAUDIO  0  
[2025/08/10 20:02:09 376] tts        485  get audio|use local  
[2025/08/10 20:02:09 377] tts        498  local audiolen:  1902  ,ced:  23  
[2025/08/10 20:02:09 377] tts        527  0  udata(6807f4a8) 1  
[2025/08/10 20:02:09 379] tts        301  0  0  
[2025/08/10 20:02:09 379] tts        312  TTS_LOCAL_CB_END,  2  
[2025/08/10 20:02:09 380] tts        657  TTS_MSG_GETAUDIO  0  
[2025/08/10 20:02:09 380] tts        485  get audio|use local  
[2025/08/10 20:02:09 380] tts        498  local audiolen:  2012  ,ced:  23  
[2025/08/10 20:02:09 380] tts        527  0  udata(68022368) 1  
[2025/08/10 20:02:09 381] tts        657  TTS_MSG_GETAUDIO  0  
[2025/08/10 20:02:09 381] tts        485  get audio|use local  
[2025/08/10 20:02:09 381] tts        498  local audiolen:  2024  ,ced:  23  
[2025/08/10 20:02:09 382] tts        527  0  udata(680223b8) 1  
[2025/08/10 20:02:09 382] tts        657  TTS_MSG_GETAUDIO  0  
[2025/08/10 20:02:09 382] tts        485  get audio|use local  
[2025/08/10 20:02:09 383] tts        498  local audiolen:  2018  ,ced:  23  
[2025/08/10 20:02:09 383] tts        527  0  udata(68022408) 1  
[2025/08/10 20:02:09 383] tts        657  TTS_MSG_GETAUDIO  0  
[2025/08/10 20:02:09 383] tts        485  get audio|use local  
[2025/08/10 20:02:09 384] tts        498  local audiolen:  2028  ,ced:  23  
[2025/08/10 20:02:09 384] tts        527  0  udata(68022458) 1  
[2025/08/10 20:02:09 384] tts        657  TTS_MSG_GETAUDIO  0  
[2025/08/10 20:02:09 384] tts        485  get audio|use local  
[2025/08/10 20:02:09 385] tts        498  local audiolen:  2016  ,ced:  23  
[2025/08/10 20:02:09 385] tts        527  0  udata(680224a8) 1  
[2025/08/10 20:02:09 386] tts        657  TTS_MSG_GETAUDIO  0  
[2025/08/10 20:02:09 386] tts        485  get audio|use local  
[2025/08/10 20:02:09 386] tts        498  local audiolen:  1936  ,ced:  23  
[2025/08/10 20:02:09 386] tts        527  0  udata(680224f8) 1  
[2025/08/10 20:02:09 387] tts        657  TTS_MSG_GETAUDIO  0  
[2025/08/10 20:02:09 387] tts        485  get audio|use local  
[2025/08/10 20:02:09 387] tts        498  local audiolen:  1982  ,ced:  23  
[2025/08/10 20:02:09 387] tts        527  0  udata(68022548) 1  
[2025/08/10 20:02:09 388] tts        657  TTS_MSG_GETAUDIO  0  
[2025/08/10 20:02:09 389] tts        485  get audio|use local  
[2025/08/10 20:02:09 389] tts        498  local audiolen:  2028  ,ced:  23  
[2025/08/10 20:02:09 389] tts        527  0  udata(68022598) 1  
[2025/08/10 20:02:09 390] tts        657  TTS_MSG_GETAUDIO  0  
[2025/08/10 20:02:09 390] tts        485  get audio|use local  
[2025/08/10 20:02:09 390] tts        498  local audiolen:  1986  ,ced:  23  
[2025/08/10 20:02:09 390] tts        527  0  udata(680225e8) 1  
[2025/08/10 20:02:09 391] tts        657  TTS_MSG_GETAUDIO  0  
[2025/08/10 20:02:09 391] tts        485  get audio|use local  
[2025/08/10 20:02:09 391] tts        498  local audiolen:  1994  ,ced:  23  
[2025/08/10 20:02:09 391] tts        527  0  udata(68022638) 1  
[2025/08/10 20:02:09 392] tts        657  TTS_MSG_GETAUDIO  0  
[2025/08/10 20:02:09 392] tts        485  get audio|use local  
[2025/08/10 20:02:09 392] tts        498  local audiolen:  1912  ,ced:  23  
[2025/08/10 20:02:09 393] tts        527  0  udata(68022688) 1  
[2025/08/10 20:02:09 393] tts        657  TTS_MSG_GETAUDIO  0  
[2025/08/10 20:02:09 393] tts        485  get audio|use local  
[2025/08/10 20:02:09 394] tts        498  local audiolen:  2004  ,ced:  23  
[2025/08/10 20:02:09 394] tts        527  0  udata(680226d8) 1  
[2025/08/10 20:02:09 394] tts        657  TTS_MSG_GETAUDIO  0  
[2025/08/10 20:02:09 394] tts        485  get audio|use local  
[2025/08/10 20:02:09 395] tts        498  local audiolen:  1914  ,ced:  23  
[2025/08/10 20:02:09 395] tts        527  0  udata(68022728) 1  
[2025/08/10 20:02:09 396] tts        657  TTS_MSG_GETAUDIO  0  
[2025/08/10 20:02:09 396] tts        485  get audio|use local  
[2025/08/10 20:02:09 396] tts        498  local audiolen:  1980  ,ced:  23  
[2025/08/10 20:02:09 396] tts        527  0  udata(68022778) 1  
[2025/08/10 20:02:09 397] tts        657  TTS_MSG_GETAUDIO  0  
[2025/08/10 20:02:09 397] tts        485  get audio|use local  
[2025/08/10 20:02:09 397] tts        498  local audiolen:  1978  ,ced:  23  
[2025/08/10 20:02:09 397] tts        527  0  udata(680227c8) 1  
[2025/08/10 20:02:09 398] tts        657  TTS_MSG_GETAUDIO  0  
[2025/08/10 20:02:09 398] tts        485  get audio|use local  
[2025/08/10 20:02:09 398] tts        498  local audiolen:  864  ,ced:  23  
[2025/08/10 20:02:09 398] tts        527  0  udata(680230a8) 2  
[2025/08/10 20:02:09 400] tts        660  TTS_MSG_SSE  
[2025/08/10 20:02:09 401] tts        585  sse|use local  
[2025/08/10 20:02:09 405] tts        603  tts exit  
