============================================================
Time  2025/08/10 20:04:40 245 
============================================================
[2025/08/10 20:04:40 246] tts        676  SYS_MSG_REGCB param0 =  msp_status_cb  param1 =  func(58014a30) 
[2025/08/10 20:04:40 249] config     43   use general cloud  
[2025/08/10 20:04:40 261] tts_cloud  1417 SYS_MSG_REGCB_CLOUD param0 =   msp_status_cb  param1 =  func(58014a30) 
[2025/08/10 20:04:40 262] tts        647  TTS_MSG_SSB  
[2025/08/10 20:04:40 262] tts        375  params =  engine_type = local,voice_name=xiaoyan, text_encoding = UTF8, tts_res_path = fo|res/tts/xiaoyan.jet;fo|res/tts/common.jet, sample_rate = 16000, speed = 50, volume = 80, pitch = 50, rdn = 2  
[2025/08/10 20:04:40 262] tts        412  ssb|use local  
[2025/08/10 20:04:40 262] tts        349  local_session_begin  
[2025/08/10 20:04:40 267] tts        654  TTS_MSG_SYN  0  
[2025/08/10 20:04:40 268] tts        451  synth|use local  
[2025/08/10 20:04:40 269] tts        657  TTS_MSG_GETAUDIO  0  
[2025/08/10 20:04:40 270] tts        485  get audio|use local  
[2025/08/10 20:04:40 270] tts        527  0  nil  1  
[2025/08/10 20:04:40 272] tts        657  TTS_MSG_GETAUDIO  0  
[2025/08/10 20:04:40 272] tts        485  get audio|use local  
[2025/08/10 20:04:40 272] tts        527  0  nil  1  
[2025/08/10 20:04:40 273] tts        657  TTS_MSG_GETAUDIO  0  
[2025/08/10 20:04:40 273] tts        485  get audio|use local  
[2025/08/10 20:04:40 273] tts        527  0  nil  1  
[2025/08/10 20:04:40 274] tts        657  TTS_MSG_GETAUDIO  0  
[2025/08/10 20:04:40 274] tts        485  get audio|use local  
[2025/08/10 20:04:40 274] tts        527  0  nil  1  
[2025/08/10 20:04:40 276] tts        657  TTS_MSG_GETAUDIO  0  
[2025/08/10 20:04:40 276] tts        485  get audio|use local  
[2025/08/10 20:04:40 276] tts        527  0  nil  1  
[2025/08/10 20:04:40 277] tts        657  TTS_MSG_GETAUDIO  0  
[2025/08/10 20:04:40 277] tts        485  get audio|use local  
[2025/08/10 20:04:40 277] tts        527  0  nil  1  
[2025/08/10 20:04:40 278] tts        657  TTS_MSG_GETAUDIO  0  
[2025/08/10 20:04:40 278] tts        485  get audio|use local  
[2025/08/10 20:04:40 278] tts        527  0  nil  1  
[2025/08/10 20:04:40 279] tts        657  TTS_MSG_GETAUDIO  0  
[2025/08/10 20:04:40 279] tts        485  get audio|use local  
[2025/08/10 20:04:40 279] tts        527  0  nil  1  
[2025/08/10 20:04:40 280] tts        657  TTS_MSG_GETAUDIO  0  
[2025/08/10 20:04:40 281] tts        485  get audio|use local  
[2025/08/10 20:04:40 281] tts        527  0  nil  1  
[2025/08/10 20:04:40 282] tts        657  TTS_MSG_GETAUDIO  0  
[2025/08/10 20:04:40 282] tts        485  get audio|use local  
[2025/08/10 20:04:40 283] tts        527  0  nil  1  
[2025/08/10 20:04:40 283] tts        657  TTS_MSG_GETAUDIO  0  
[2025/08/10 20:04:40 284] tts        485  get audio|use local  
[2025/08/10 20:04:40 284] tts        527  0  nil  1  
[2025/08/10 20:04:40 285] tts        657  TTS_MSG_GETAUDIO  0  
[2025/08/10 20:04:40 285] tts        485  get audio|use local  
[2025/08/10 20:04:40 285] tts        527  0  nil  1  
[2025/08/10 20:04:40 286] tts        657  TTS_MSG_GETAUDIO  0  
[2025/08/10 20:04:40 286] tts        485  get audio|use local  
[2025/08/10 20:04:40 286] tts        527  0  nil  1  
[2025/08/10 20:04:40 287] tts        657  TTS_MSG_GETAUDIO  0  
[2025/08/10 20:04:40 287] tts        485  get audio|use local  
[2025/08/10 20:04:40 287] tts        527  0  nil  1  
[2025/08/10 20:04:40 288] tts        657  TTS_MSG_GETAUDIO  0  
[2025/08/10 20:04:40 288] tts        485  get audio|use local  
[2025/08/10 20:04:40 289] tts        527  0  nil  1  
[2025/08/10 20:04:40 290] tts        657  TTS_MSG_GETAUDIO  0  
[2025/08/10 20:04:40 290] tts        485  get audio|use local  
[2025/08/10 20:04:40 290] tts        527  0  nil  1  
[2025/08/10 20:04:40 291] tts        657  TTS_MSG_GETAUDIO  0  
[2025/08/10 20:04:40 291] tts        485  get audio|use local  
[2025/08/10 20:04:40 291] tts        527  0  nil  1  
[2025/08/10 20:04:40 292] tts        657  TTS_MSG_GETAUDIO  0  
[2025/08/10 20:04:40 293] tts        485  get audio|use local  
[2025/08/10 20:04:40 293] tts        527  0  nil  1  
[2025/08/10 20:04:40 294] tts        657  TTS_MSG_GETAUDIO  0  
[2025/08/10 20:04:40 294] tts        485  get audio|use local  
[2025/08/10 20:04:40 294] tts        527  0  nil  1  
[2025/08/10 20:04:40 295] tts        657  TTS_MSG_GETAUDIO  0  
[2025/08/10 20:04:40 295] tts        485  get audio|use local  
[2025/08/10 20:04:40 295] tts        527  0  nil  1  
[2025/08/10 20:04:40 296] tts        657  TTS_MSG_GETAUDIO  0  
[2025/08/10 20:04:40 296] tts        485  get audio|use local  
[2025/08/10 20:04:40 296] tts        527  0  nil  1  
[2025/08/10 20:04:40 297] tts        657  TTS_MSG_GETAUDIO  0  
[2025/08/10 20:04:40 297] tts        485  get audio|use local  
[2025/08/10 20:04:40 297] tts        527  0  nil  1  
[2025/08/10 20:04:40 298] tts        657  TTS_MSG_GETAUDIO  0  
[2025/08/10 20:04:40 298] tts        485  get audio|use local  
[2025/08/10 20:04:40 299] tts        527  0  nil  1  
[2025/08/10 20:04:40 299] tts        657  TTS_MSG_GETAUDIO  0  
[2025/08/10 20:04:40 299] tts        485  get audio|use local  
[2025/08/10 20:04:40 300] tts        527  0  nil  1  
[2025/08/10 20:04:40 301] tts        657  TTS_MSG_GETAUDIO  0  
[2025/08/10 20:04:40 301] tts        485  get audio|use local  
[2025/08/10 20:04:40 301] tts        527  0  nil  1  
[2025/08/10 20:04:40 302] tts        657  TTS_MSG_GETAUDIO  0  
[2025/08/10 20:04:40 302] tts        485  get audio|use local  
[2025/08/10 20:04:40 302] tts        527  0  nil  1  
[2025/08/10 20:04:40 303] tts        657  TTS_MSG_GETAUDIO  0  
[2025/08/10 20:04:40 304] tts        485  get audio|use local  
[2025/08/10 20:04:40 304] tts        527  0  nil  1  
[2025/08/10 20:04:40 305] tts        657  TTS_MSG_GETAUDIO  0  
[2025/08/10 20:04:40 305] tts        485  get audio|use local  
[2025/08/10 20:04:40 306] tts        527  0  nil  1  
[2025/08/10 20:04:40 307] tts        657  TTS_MSG_GETAUDIO  0  
[2025/08/10 20:04:40 307] tts        485  get audio|use local  
[2025/08/10 20:04:40 307] tts        527  0  nil  1  
[2025/08/10 20:04:40 308] tts        657  TTS_MSG_GETAUDIO  0  
[2025/08/10 20:04:40 308] tts        485  get audio|use local  
[2025/08/10 20:04:40 309] tts        527  0  nil  1  
[2025/08/10 20:04:40 324] tts        657  TTS_MSG_GETAUDIO  0  
[2025/08/10 20:04:40 324] tts        485  get audio|use local  
[2025/08/10 20:04:40 324] tts        527  0  nil  1  
[2025/08/10 20:04:40 325] tts        657  TTS_MSG_GETAUDIO  0  
[2025/08/10 20:04:40 325] tts        485  get audio|use local  
[2025/08/10 20:04:40 325] tts        527  0  nil  1  
[2025/08/10 20:04:40 330] tts        657  TTS_MSG_GETAUDIO  0  
[2025/08/10 20:04:40 331] tts        485  get audio|use local  
[2025/08/10 20:04:40 331] tts        527  0  nil  1  
[2025/08/10 20:04:40 332] tts        657  TTS_MSG_GETAUDIO  0  
[2025/08/10 20:04:40 332] tts        485  get audio|use local  
[2025/08/10 20:04:40 332] tts        527  0  nil  1  
[2025/08/10 20:04:40 333] tts        657  TTS_MSG_GETAUDIO  0  
[2025/08/10 20:04:40 333] tts        485  get audio|use local  
[2025/08/10 20:04:40 333] tts        527  0  nil  1  
[2025/08/10 20:04:40 334] tts        657  TTS_MSG_GETAUDIO  0  
[2025/08/10 20:04:40 334] tts        485  get audio|use local  
[2025/08/10 20:04:40 334] tts        527  0  nil  1  
[2025/08/10 20:04:40 336] tts        657  TTS_MSG_GETAUDIO  0  
[2025/08/10 20:04:40 336] tts        485  get audio|use local  
[2025/08/10 20:04:40 336] tts        527  0  nil  1  
[2025/08/10 20:04:40 338] tts        657  TTS_MSG_GETAUDIO  0  
[2025/08/10 20:04:40 338] tts        485  get audio|use local  
[2025/08/10 20:04:40 338] tts        527  0  nil  1  
[2025/08/10 20:04:40 340] tts        657  TTS_MSG_GETAUDIO  0  
[2025/08/10 20:04:40 340] tts        485  get audio|use local  
[2025/08/10 20:04:40 340] tts        527  0  nil  1  
[2025/08/10 20:04:40 341] tts        657  TTS_MSG_GETAUDIO  0  
[2025/08/10 20:04:40 342] tts        485  get audio|use local  
[2025/08/10 20:04:40 342] tts        527  0  nil  1  
[2025/08/10 20:04:40 343] tts        657  TTS_MSG_GETAUDIO  0  
[2025/08/10 20:04:40 343] tts        485  get audio|use local  
[2025/08/10 20:04:40 343] tts        527  0  nil  1  
[2025/08/10 20:04:40 345] tts        657  TTS_MSG_GETAUDIO  0  
[2025/08/10 20:04:40 345] tts        485  get audio|use local  
[2025/08/10 20:04:40 345] tts        527  0  nil  1  
[2025/08/10 20:04:40 346] tts        299  TTS_LOCAL_CB_BEGIN  
[2025/08/10 20:04:40 347] tts        657  TTS_MSG_GETAUDIO  0  
[2025/08/10 20:04:40 347] tts        485  get audio|use local  
[2025/08/10 20:04:40 347] tts        527  0  nil  1  
[2025/08/10 20:04:40 348] tts        657  TTS_MSG_GETAUDIO  0  
[2025/08/10 20:04:40 348] tts        485  get audio|use local  
[2025/08/10 20:04:40 348] tts        527  0  nil  1  
[2025/08/10 20:04:40 349] tts        657  TTS_MSG_GETAUDIO  0  
[2025/08/10 20:04:40 350] tts        485  get audio|use local  
[2025/08/10 20:04:40 350] tts        527  0  nil  1  
[2025/08/10 20:04:40 351] tts        657  TTS_MSG_GETAUDIO  0  
[2025/08/10 20:04:40 351] tts        485  get audio|use local  
[2025/08/10 20:04:40 352] tts        527  0  nil  1  
[2025/08/10 20:04:40 352] tts        657  TTS_MSG_GETAUDIO  0  
[2025/08/10 20:04:40 352] tts        485  get audio|use local  
[2025/08/10 20:04:40 353] tts        527  0  nil  1  
[2025/08/10 20:04:40 354] tts        657  TTS_MSG_GETAUDIO  0  
[2025/08/10 20:04:40 354] tts        485  get audio|use local  
[2025/08/10 20:04:40 354] tts        527  0  nil  1  
[2025/08/10 20:04:40 355] tts        657  TTS_MSG_GETAUDIO  0  
[2025/08/10 20:04:40 356] tts        485  get audio|use local  
[2025/08/10 20:04:40 356] tts        498  local audiolen:  2042  ,ced:  14  
[2025/08/10 20:04:40 356] tts        527  0  udata(5807fc68) 1  
[2025/08/10 20:04:40 358] tts        657  TTS_MSG_GETAUDIO  0  
[2025/08/10 20:04:40 358] tts        485  get audio|use local  
[2025/08/10 20:04:40 359] tts        498  local audiolen:  2016  ,ced:  14  
[2025/08/10 20:04:40 359] tts        527  0  udata(58087e88) 1  
[2025/08/10 20:04:40 362] tts        657  TTS_MSG_GETAUDIO  0  
[2025/08/10 20:04:40 363] tts        485  get audio|use local  
[2025/08/10 20:04:40 363] tts        498  local audiolen:  1964  ,ced:  14  
[2025/08/10 20:04:40 363] tts        527  0  udata(5807d048) 1  
[2025/08/10 20:04:40 365] tts        657  TTS_MSG_GETAUDIO  0  
[2025/08/10 20:04:40 365] tts        485  get audio|use local  
[2025/08/10 20:04:40 366] tts        498  local audiolen:  1916  ,ced:  14  
[2025/08/10 20:04:40 366] tts        527  0  udata(5807df08) 1  
[2025/08/10 20:04:40 367] tts        657  TTS_MSG_GETAUDIO  0  
[2025/08/10 20:04:40 368] tts        485  get audio|use local  
[2025/08/10 20:04:40 368] tts        498  local audiolen:  2018  ,ced:  14  
[2025/08/10 20:04:40 368] tts        527  0  udata(5807e058) 1  
[2025/08/10 20:04:40 371] tts        657  TTS_MSG_GETAUDIO  0  
[2025/08/10 20:04:40 372] tts        485  get audio|use local  
[2025/08/10 20:04:40 372] tts        498  local audiolen:  2008  ,ced:  14  
[2025/08/10 20:04:40 372] tts        527  0  udata(5807c988) 1  
[2025/08/10 20:04:40 374] tts        657  TTS_MSG_GETAUDIO  0  
[2025/08/10 20:04:40 374] tts        485  get audio|use local  
[2025/08/10 20:04:40 374] tts        498  local audiolen:  2046  ,ced:  14  
[2025/08/10 20:04:40 374] tts        527  0  udata(5807f568) 1  
[2025/08/10 20:04:40 377] tts        657  TTS_MSG_GETAUDIO  0  
[2025/08/10 20:04:40 378] tts        485  get audio|use local  
[2025/08/10 20:04:40 378] tts        498  local audiolen:  1972  ,ced:  14  
[2025/08/10 20:04:40 378] tts        527  0  udata(5807ca88) 1  
[2025/08/10 20:04:40 380] tts        657  TTS_MSG_GETAUDIO  0  
[2025/08/10 20:04:40 380] tts        485  get audio|use local  
[2025/08/10 20:04:40 381] tts        498  local audiolen:  1934  ,ced:  14  
[2025/08/10 20:04:40 381] tts        527  0  udata(5807ccd8) 1  
[2025/08/10 20:04:40 382] tts        657  TTS_MSG_GETAUDIO  0  
[2025/08/10 20:04:40 382] tts        485  get audio|use local  
[2025/08/10 20:04:40 382] tts        498  local audiolen:  2018  ,ced:  14  
[2025/08/10 20:04:40 382] tts        527  0  udata(5807ec88) 1  
[2025/08/10 20:04:40 385] tts        657  TTS_MSG_GETAUDIO  0  
[2025/08/10 20:04:40 385] tts        485  get audio|use local  
[2025/08/10 20:04:40 385] tts        498  local audiolen:  2040  ,ced:  14  
[2025/08/10 20:04:40 385] tts        527  0  udata(5807edd8) 1  
[2025/08/10 20:04:40 388] tts        657  TTS_MSG_GETAUDIO  0  
[2025/08/10 20:04:40 388] tts        485  get audio|use local  
[2025/08/10 20:04:40 388] tts        498  local audiolen:  1958  ,ced:  14  
[2025/08/10 20:04:40 389] tts        527  0  udata(5807f128) 1  
[2025/08/10 20:04:40 390] tts        301  0  0  
[2025/08/10 20:04:40 390] tts        312  TTS_LOCAL_CB_END,  2  
[2025/08/10 20:04:40 390] tts        657  TTS_MSG_GETAUDIO  0  
[2025/08/10 20:04:40 390] tts        485  get audio|use local  
[2025/08/10 20:04:40 390] tts        498  local audiolen:  1998  ,ced:  14  
[2025/08/10 20:04:40 390] tts        527  0  udata(5807f418) 1  
[2025/08/10 20:04:40 391] tts        657  TTS_MSG_GETAUDIO  0  
[2025/08/10 20:04:40 391] tts        485  get audio|use local  
[2025/08/10 20:04:40 391] tts        498  local audiolen:  2016  ,ced:  14  
[2025/08/10 20:04:40 391] tts        527  0  udata(58022008) 1  
[2025/08/10 20:04:40 392] tts        657  TTS_MSG_GETAUDIO  0  
[2025/08/10 20:04:40 392] tts        485  get audio|use local  
[2025/08/10 20:04:40 392] tts        498  local audiolen:  2014  ,ced:  14  
[2025/08/10 20:04:40 392] tts        527  0  udata(58022058) 1  
[2025/08/10 20:04:40 393] tts        657  TTS_MSG_GETAUDIO  0  
[2025/08/10 20:04:40 393] tts        485  get audio|use local  
[2025/08/10 20:04:40 393] tts        498  local audiolen:  1938  ,ced:  14  
[2025/08/10 20:04:40 393] tts        527  0  udata(5807ec38) 1  
[2025/08/10 20:04:40 394] tts        657  TTS_MSG_GETAUDIO  0  
[2025/08/10 20:04:40 394] tts        485  get audio|use local  
[2025/08/10 20:04:40 394] tts        498  local audiolen:  1992  ,ced:  14  
[2025/08/10 20:04:40 394] tts        527  0  udata(5807e488) 1  
[2025/08/10 20:04:40 395] tts        657  TTS_MSG_GETAUDIO  0  
[2025/08/10 20:04:40 395] tts        485  get audio|use local  
[2025/08/10 20:04:40 396] tts        498  local audiolen:  2006  ,ced:  14  
[2025/08/10 20:04:40 396] tts        527  0  udata(5807e4d8) 1  
[2025/08/10 20:04:40 396] tts        657  TTS_MSG_GETAUDIO  0  
[2025/08/10 20:04:40 396] tts        485  get audio|use local  
[2025/08/10 20:04:40 397] tts        498  local audiolen:  2024  ,ced:  14  
[2025/08/10 20:04:40 397] tts        527  0  udata(5807e528) 1  
[2025/08/10 20:04:40 397] tts        657  TTS_MSG_GETAUDIO  0  
[2025/08/10 20:04:40 398] tts        485  get audio|use local  
[2025/08/10 20:04:40 398] tts        498  local audiolen:  1902  ,ced:  14  
[2025/08/10 20:04:40 398] tts        527  0  udata(5807e578) 1  
[2025/08/10 20:04:40 399] tts        657  TTS_MSG_GETAUDIO  0  
[2025/08/10 20:04:40 399] tts        485  get audio|use local  
[2025/08/10 20:04:40 399] tts        498  local audiolen:  1946  ,ced:  14  
[2025/08/10 20:04:40 399] tts        527  0  udata(5807e5c8) 1  
[2025/08/10 20:04:40 400] tts        657  TTS_MSG_GETAUDIO  0  
[2025/08/10 20:04:40 400] tts        485  get audio|use local  
[2025/08/10 20:04:40 400] tts        498  local audiolen:  1956  ,ced:  14  
[2025/08/10 20:04:40 400] tts        527  0  udata(5807e618) 1  
[2025/08/10 20:04:40 401] tts        657  TTS_MSG_GETAUDIO  0  
[2025/08/10 20:04:40 401] tts        485  get audio|use local  
[2025/08/10 20:04:40 401] tts        498  local audiolen:  864  ,ced:  14  
[2025/08/10 20:04:40 401] tts        527  0  udata(5807e9d8) 2  
[2025/08/10 20:04:40 403] tts        660  TTS_MSG_SSE  
[2025/08/10 20:04:40 404] tts        585  sse|use local  
[2025/08/10 20:04:40 406] tts        603  tts exit  
