============================================================
Time  2025/07/10 16:12:01 673 
============================================================
[2025/07/10 16:12:01 674] tts        676  SYS_MSG_REGCB param0 =  msp_status_cb  param1 =  func(94014a30) 
[2025/07/10 16:12:01 678] config     43   use general cloud  
[2025/07/10 16:12:01 688] tts_cloud  1417 SYS_MSG_REGCB_CLOUD param0 =   msp_status_cb  param1 =  func(94014a30) 
[2025/07/10 16:12:01 689] tts        647  TTS_MSG_SSB  
[2025/07/10 16:12:01 689] tts        375  params =  engine_type = local,voice_name=xiaoyan, text_encoding = UTF8, tts_res_path = fo|res/tts/xiaoyan.jet;fo|res/tts/common.jet, sample_rate = 16000, speed = 50, volume = 80, pitch = 50, rdn = 2  
[2025/07/10 16:12:01 690] tts        412  ssb|use local  
[2025/07/10 16:12:01 690] tts        349  local_session_begin  
[2025/07/10 16:12:01 693] tts        654  TTS_MSG_SYN  0  
[2025/07/10 16:12:01 693] tts        451  synth|use local  
[2025/07/10 16:12:01 694] tts        657  TTS_MSG_GETAUDIO  0  
[2025/07/10 16:12:01 695] tts        485  get audio|use local  
[2025/07/10 16:12:01 695] tts        527  0  nil  1  
[2025/07/10 16:12:01 696] tts        657  TTS_MSG_GETAUDIO  0  
[2025/07/10 16:12:01 696] tts        485  get audio|use local  
[2025/07/10 16:12:01 696] tts        527  0  nil  1  
[2025/07/10 16:12:01 697] tts        657  TTS_MSG_GETAUDIO  0  
[2025/07/10 16:12:01 697] tts        485  get audio|use local  
[2025/07/10 16:12:01 697] tts        527  0  nil  1  
[2025/07/10 16:12:01 698] tts        657  TTS_MSG_GETAUDIO  0  
[2025/07/10 16:12:01 698] tts        485  get audio|use local  
[2025/07/10 16:12:01 698] tts        527  0  nil  1  
[2025/07/10 16:12:01 698] tts        657  TTS_MSG_GETAUDIO  0  
[2025/07/10 16:12:01 699] tts        485  get audio|use local  
[2025/07/10 16:12:01 699] tts        527  0  nil  1  
[2025/07/10 16:12:01 700] tts        657  TTS_MSG_GETAUDIO  0  
[2025/07/10 16:12:01 700] tts        485  get audio|use local  
[2025/07/10 16:12:01 700] tts        527  0  nil  1  
[2025/07/10 16:12:01 701] tts        657  TTS_MSG_GETAUDIO  0  
[2025/07/10 16:12:01 702] tts        485  get audio|use local  
[2025/07/10 16:12:01 702] tts        527  0  nil  1  
[2025/07/10 16:12:01 710] tts        657  TTS_MSG_GETAUDIO  0  
[2025/07/10 16:12:01 710] tts        485  get audio|use local  
[2025/07/10 16:12:01 710] tts        527  0  nil  1  
[2025/07/10 16:12:01 710] tts        657  TTS_MSG_GETAUDIO  0  
[2025/07/10 16:12:01 711] tts        485  get audio|use local  
[2025/07/10 16:12:01 711] tts        527  0  nil  1  
[2025/07/10 16:12:01 711] tts        657  TTS_MSG_GETAUDIO  0  
[2025/07/10 16:12:01 711] tts        485  get audio|use local  
[2025/07/10 16:12:01 711] tts        527  0  nil  1  
[2025/07/10 16:12:01 712] tts        657  TTS_MSG_GETAUDIO  0  
[2025/07/10 16:12:01 712] tts        485  get audio|use local  
[2025/07/10 16:12:01 712] tts        527  0  nil  1  
[2025/07/10 16:12:01 713] tts        657  TTS_MSG_GETAUDIO  0  
[2025/07/10 16:12:01 713] tts        485  get audio|use local  
[2025/07/10 16:12:01 713] tts        527  0  nil  1  
[2025/07/10 16:12:01 714] tts        657  TTS_MSG_GETAUDIO  0  
[2025/07/10 16:12:01 714] tts        485  get audio|use local  
[2025/07/10 16:12:01 714] tts        527  0  nil  1  
[2025/07/10 16:12:01 714] tts        657  TTS_MSG_GETAUDIO  0  
[2025/07/10 16:12:01 714] tts        485  get audio|use local  
[2025/07/10 16:12:01 714] tts        527  0  nil  1  
[2025/07/10 16:12:01 715] tts        657  TTS_MSG_GETAUDIO  0  
[2025/07/10 16:12:01 715] tts        485  get audio|use local  
[2025/07/10 16:12:01 715] tts        527  0  nil  1  
[2025/07/10 16:12:01 725] tts        657  TTS_MSG_GETAUDIO  0  
[2025/07/10 16:12:01 725] tts        485  get audio|use local  
[2025/07/10 16:12:01 725] tts        527  0  nil  1  
[2025/07/10 16:12:01 725] tts        657  TTS_MSG_GETAUDIO  0  
[2025/07/10 16:12:01 726] tts        485  get audio|use local  
[2025/07/10 16:12:01 726] tts        527  0  nil  1  
[2025/07/10 16:12:01 726] tts        657  TTS_MSG_GETAUDIO  0  
[2025/07/10 16:12:01 726] tts        485  get audio|use local  
[2025/07/10 16:12:01 726] tts        527  0  nil  1  
[2025/07/10 16:12:01 727] tts        657  TTS_MSG_GETAUDIO  0  
[2025/07/10 16:12:01 727] tts        485  get audio|use local  
[2025/07/10 16:12:01 727] tts        527  0  nil  1  
[2025/07/10 16:12:01 728] tts        657  TTS_MSG_GETAUDIO  0  
[2025/07/10 16:12:01 728] tts        485  get audio|use local  
[2025/07/10 16:12:01 728] tts        527  0  nil  1  
[2025/07/10 16:12:01 729] tts        657  TTS_MSG_GETAUDIO  0  
[2025/07/10 16:12:01 729] tts        485  get audio|use local  
[2025/07/10 16:12:01 729] tts        527  0  nil  1  
[2025/07/10 16:12:01 730] tts        657  TTS_MSG_GETAUDIO  0  
[2025/07/10 16:12:01 730] tts        485  get audio|use local  
[2025/07/10 16:12:01 730] tts        527  0  nil  1  
[2025/07/10 16:12:01 731] tts        657  TTS_MSG_GETAUDIO  0  
[2025/07/10 16:12:01 731] tts        485  get audio|use local  
[2025/07/10 16:12:01 731] tts        527  0  nil  1  
[2025/07/10 16:12:01 731] tts        657  TTS_MSG_GETAUDIO  0  
[2025/07/10 16:12:01 732] tts        485  get audio|use local  
[2025/07/10 16:12:01 733] tts        527  0  nil  1  
[2025/07/10 16:12:01 733] tts        657  TTS_MSG_GETAUDIO  0  
[2025/07/10 16:12:01 734] tts        485  get audio|use local  
[2025/07/10 16:12:01 734] tts        527  0  nil  1  
[2025/07/10 16:12:01 734] tts        657  TTS_MSG_GETAUDIO  0  
[2025/07/10 16:12:01 734] tts        485  get audio|use local  
[2025/07/10 16:12:01 734] tts        527  0  nil  1  
[2025/07/10 16:12:01 735] tts        657  TTS_MSG_GETAUDIO  0  
[2025/07/10 16:12:01 736] tts        485  get audio|use local  
[2025/07/10 16:12:01 736] tts        527  0  nil  1  
[2025/07/10 16:12:01 737] tts        657  TTS_MSG_GETAUDIO  0  
[2025/07/10 16:12:01 738] tts        485  get audio|use local  
[2025/07/10 16:12:01 738] tts        527  0  nil  1  
[2025/07/10 16:12:01 739] tts        657  TTS_MSG_GETAUDIO  0  
[2025/07/10 16:12:01 739] tts        485  get audio|use local  
[2025/07/10 16:12:01 739] tts        527  0  nil  1  
[2025/07/10 16:12:01 740] tts        657  TTS_MSG_GETAUDIO  0  
[2025/07/10 16:12:01 740] tts        485  get audio|use local  
[2025/07/10 16:12:01 740] tts        527  0  nil  1  
[2025/07/10 16:12:01 743] tts        657  TTS_MSG_GETAUDIO  0  
[2025/07/10 16:12:01 743] tts        485  get audio|use local  
[2025/07/10 16:12:01 743] tts        527  0  nil  1  
[2025/07/10 16:12:01 744] tts        657  TTS_MSG_GETAUDIO  0  
[2025/07/10 16:12:01 744] tts        485  get audio|use local  
[2025/07/10 16:12:01 744] tts        527  0  nil  1  
[2025/07/10 16:12:01 745] tts        657  TTS_MSG_GETAUDIO  0  
[2025/07/10 16:12:01 745] tts        485  get audio|use local  
[2025/07/10 16:12:01 745] tts        527  0  nil  1  
[2025/07/10 16:12:01 746] tts        657  TTS_MSG_GETAUDIO  0  
[2025/07/10 16:12:01 747] tts        485  get audio|use local  
[2025/07/10 16:12:01 747] tts        527  0  nil  1  
[2025/07/10 16:12:01 748] tts        657  TTS_MSG_GETAUDIO  0  
[2025/07/10 16:12:01 748] tts        485  get audio|use local  
[2025/07/10 16:12:01 748] tts        527  0  nil  1  
[2025/07/10 16:12:01 749] tts        657  TTS_MSG_GETAUDIO  0  
[2025/07/10 16:12:01 750] tts        485  get audio|use local  
[2025/07/10 16:12:01 750] tts        527  0  nil  1  
[2025/07/10 16:12:01 750] tts        657  TTS_MSG_GETAUDIO  0  
[2025/07/10 16:12:01 750] tts        485  get audio|use local  
[2025/07/10 16:12:01 751] tts        527  0  nil  1  
[2025/07/10 16:12:01 751] tts        657  TTS_MSG_GETAUDIO  0  
[2025/07/10 16:12:01 751] tts        485  get audio|use local  
[2025/07/10 16:12:01 752] tts        527  0  nil  1  
[2025/07/10 16:12:01 753] tts        657  TTS_MSG_GETAUDIO  0  
[2025/07/10 16:12:01 753] tts        485  get audio|use local  
[2025/07/10 16:12:01 753] tts        527  0  nil  1  
[2025/07/10 16:12:01 754] tts        657  TTS_MSG_GETAUDIO  0  
[2025/07/10 16:12:01 754] tts        485  get audio|use local  
[2025/07/10 16:12:01 754] tts        527  0  nil  1  
[2025/07/10 16:12:01 755] tts        657  TTS_MSG_GETAUDIO  0  
[2025/07/10 16:12:01 755] tts        485  get audio|use local  
[2025/07/10 16:12:01 755] tts        527  0  nil  1  
[2025/07/10 16:12:01 756] tts        657  TTS_MSG_GETAUDIO  0  
[2025/07/10 16:12:01 756] tts        485  get audio|use local  
[2025/07/10 16:12:01 756] tts        527  0  nil  1  
[2025/07/10 16:12:01 757] tts        657  TTS_MSG_GETAUDIO  0  
[2025/07/10 16:12:01 757] tts        485  get audio|use local  
[2025/07/10 16:12:01 757] tts        527  0  nil  1  
[2025/07/10 16:12:01 758] tts        657  TTS_MSG_GETAUDIO  0  
[2025/07/10 16:12:01 758] tts        485  get audio|use local  
[2025/07/10 16:12:01 758] tts        527  0  nil  1  
[2025/07/10 16:12:01 764] tts        657  TTS_MSG_GETAUDIO  0  
[2025/07/10 16:12:01 764] tts        485  get audio|use local  
[2025/07/10 16:12:01 773] tts        527  0  nil  1  
[2025/07/10 16:12:01 774] tts        657  TTS_MSG_GETAUDIO  0  
[2025/07/10 16:12:01 774] tts        485  get audio|use local  
[2025/07/10 16:12:01 774] tts        527  0  nil  1  
[2025/07/10 16:12:01 775] tts        657  TTS_MSG_GETAUDIO  0  
[2025/07/10 16:12:01 775] tts        485  get audio|use local  
[2025/07/10 16:12:01 775] tts        527  0  nil  1  
[2025/07/10 16:12:01 776] tts        657  TTS_MSG_GETAUDIO  0  
[2025/07/10 16:12:01 776] tts        485  get audio|use local  
[2025/07/10 16:12:01 776] tts        527  0  nil  1  
[2025/07/10 16:12:01 777] tts        657  TTS_MSG_GETAUDIO  0  
[2025/07/10 16:12:01 777] tts        485  get audio|use local  
[2025/07/10 16:12:01 777] tts        527  0  nil  1  
[2025/07/10 16:12:01 778] tts        657  TTS_MSG_GETAUDIO  0  
[2025/07/10 16:12:01 778] tts        485  get audio|use local  
[2025/07/10 16:12:01 778] tts        527  0  nil  1  
[2025/07/10 16:12:01 778] tts        657  TTS_MSG_GETAUDIO  0  
[2025/07/10 16:12:01 779] tts        485  get audio|use local  
[2025/07/10 16:12:01 779] tts        527  0  nil  1  
[2025/07/10 16:12:01 779] tts        657  TTS_MSG_GETAUDIO  0  
[2025/07/10 16:12:01 779] tts        485  get audio|use local  
[2025/07/10 16:12:01 780] tts        527  0  nil  1  
[2025/07/10 16:12:01 781] tts        657  TTS_MSG_GETAUDIO  0  
[2025/07/10 16:12:01 781] tts        485  get audio|use local  
[2025/07/10 16:12:01 782] tts        527  0  nil  1  
[2025/07/10 16:12:01 783] tts        657  TTS_MSG_GETAUDIO  0  
[2025/07/10 16:12:01 783] tts        485  get audio|use local  
[2025/07/10 16:12:01 783] tts        527  0  nil  1  
[2025/07/10 16:12:01 784] tts        657  TTS_MSG_GETAUDIO  0  
[2025/07/10 16:12:01 784] tts        485  get audio|use local  
[2025/07/10 16:12:01 784] tts        527  0  nil  1  
[2025/07/10 16:12:01 785] tts        657  TTS_MSG_GETAUDIO  0  
[2025/07/10 16:12:01 785] tts        485  get audio|use local  
[2025/07/10 16:12:01 785] tts        527  0  nil  1  
[2025/07/10 16:12:01 786] tts        657  TTS_MSG_GETAUDIO  0  
[2025/07/10 16:12:01 787] tts        485  get audio|use local  
[2025/07/10 16:12:01 787] tts        527  0  nil  1  
[2025/07/10 16:12:01 788] tts        657  TTS_MSG_GETAUDIO  0  
[2025/07/10 16:12:01 789] tts        485  get audio|use local  
[2025/07/10 16:12:01 789] tts        527  0  nil  1  
[2025/07/10 16:12:01 790] tts        657  TTS_MSG_GETAUDIO  0  
[2025/07/10 16:12:01 790] tts        485  get audio|use local  
[2025/07/10 16:12:01 790] tts        527  0  nil  1  
[2025/07/10 16:12:01 791] tts        657  TTS_MSG_GETAUDIO  0  
[2025/07/10 16:12:01 792] tts        485  get audio|use local  
[2025/07/10 16:12:01 792] tts        527  0  nil  1  
[2025/07/10 16:12:01 793] tts        657  TTS_MSG_GETAUDIO  0  
[2025/07/10 16:12:01 794] tts        485  get audio|use local  
[2025/07/10 16:12:01 794] tts        527  0  nil  1  
[2025/07/10 16:12:01 795] tts        657  TTS_MSG_GETAUDIO  0  
[2025/07/10 16:12:01 796] tts        485  get audio|use local  
[2025/07/10 16:12:01 796] tts        527  0  nil  1  
[2025/07/10 16:12:01 797] tts        657  TTS_MSG_GETAUDIO  0  
[2025/07/10 16:12:01 798] tts        485  get audio|use local  
[2025/07/10 16:12:01 798] tts        527  0  nil  1  
[2025/07/10 16:12:01 798] tts        657  TTS_MSG_GETAUDIO  0  
[2025/07/10 16:12:01 799] tts        485  get audio|use local  
[2025/07/10 16:12:01 799] tts        527  0  nil  1  
[2025/07/10 16:12:01 799] tts        657  TTS_MSG_GETAUDIO  0  
[2025/07/10 16:12:01 800] tts        485  get audio|use local  
[2025/07/10 16:12:01 800] tts        527  0  nil  1  
[2025/07/10 16:12:01 802] tts        657  TTS_MSG_GETAUDIO  0  
[2025/07/10 16:12:01 803] tts        485  get audio|use local  
[2025/07/10 16:12:01 803] tts        527  0  nil  1  
[2025/07/10 16:12:01 805] tts        657  TTS_MSG_GETAUDIO  0  
[2025/07/10 16:12:01 805] tts        485  get audio|use local  
[2025/07/10 16:12:01 805] tts        527  0  nil  1  
[2025/07/10 16:12:01 807] tts        657  TTS_MSG_GETAUDIO  0  
[2025/07/10 16:12:01 807] tts        485  get audio|use local  
[2025/07/10 16:12:01 807] tts        527  0  nil  1  
[2025/07/10 16:12:01 813] tts        657  TTS_MSG_GETAUDIO  0  
[2025/07/10 16:12:01 813] tts        485  get audio|use local  
[2025/07/10 16:12:01 813] tts        527  0  nil  1  
[2025/07/10 16:12:01 816] tts        657  TTS_MSG_GETAUDIO  0  
[2025/07/10 16:12:01 816] tts        485  get audio|use local  
[2025/07/10 16:12:01 817] tts        527  0  nil  1  
[2025/07/10 16:12:01 818] tts        657  TTS_MSG_GETAUDIO  0  
[2025/07/10 16:12:01 819] tts        485  get audio|use local  
[2025/07/10 16:12:01 819] tts        527  0  nil  1  
[2025/07/10 16:12:01 822] tts        657  TTS_MSG_GETAUDIO  0  
[2025/07/10 16:12:01 822] tts        485  get audio|use local  
[2025/07/10 16:12:01 822] tts        527  0  nil  1  
[2025/07/10 16:12:01 823] tts        657  TTS_MSG_GETAUDIO  0  
[2025/07/10 16:12:01 824] tts        485  get audio|use local  
[2025/07/10 16:12:01 824] tts        527  0  nil  1  
[2025/07/10 16:12:01 832] tts        657  TTS_MSG_GETAUDIO  0  
[2025/07/10 16:12:01 832] tts        485  get audio|use local  
[2025/07/10 16:12:01 832] tts        527  0  nil  1  
[2025/07/10 16:12:01 833] tts        657  TTS_MSG_GETAUDIO  0  
[2025/07/10 16:12:01 833] tts        485  get audio|use local  
[2025/07/10 16:12:01 833] tts        527  0  nil  1  
[2025/07/10 16:12:01 834] tts        657  TTS_MSG_GETAUDIO  0  
[2025/07/10 16:12:01 834] tts        485  get audio|use local  
[2025/07/10 16:12:01 834] tts        527  0  nil  1  
[2025/07/10 16:12:01 835] tts        657  TTS_MSG_GETAUDIO  0  
[2025/07/10 16:12:01 835] tts        485  get audio|use local  
[2025/07/10 16:12:01 835] tts        527  0  nil  1  
[2025/07/10 16:12:01 836] tts        657  TTS_MSG_GETAUDIO  0  
[2025/07/10 16:12:01 836] tts        485  get audio|use local  
[2025/07/10 16:12:01 836] tts        527  0  nil  1  
[2025/07/10 16:12:01 841] tts        299  TTS_LOCAL_CB_BEGIN  
[2025/07/10 16:12:01 848] tts        657  TTS_MSG_GETAUDIO  0  
[2025/07/10 16:12:01 848] tts        485  get audio|use local  
[2025/07/10 16:12:01 849] tts        498  local audiolen:  2042  ,ced:  14  
[2025/07/10 16:12:01 849] tts        527  0  udata(9406abc8) 1  
[2025/07/10 16:12:01 860] tts        657  TTS_MSG_GETAUDIO  0  
[2025/07/10 16:12:01 860] tts        485  get audio|use local  
[2025/07/10 16:12:01 860] tts        498  local audiolen:  2016  ,ced:  14  
[2025/07/10 16:12:01 861] tts        527  0  udata(9407d108) 1  
[2025/07/10 16:12:01 862] tts        657  TTS_MSG_GETAUDIO  0  
[2025/07/10 16:12:01 862] tts        485  get audio|use local  
[2025/07/10 16:12:01 862] tts        498  local audiolen:  1964  ,ced:  14  
[2025/07/10 16:12:01 863] tts        527  0  udata(9407e358) 1  
[2025/07/10 16:12:01 864] tts        657  TTS_MSG_GETAUDIO  0  
[2025/07/10 16:12:01 864] tts        485  get audio|use local  
[2025/07/10 16:12:01 864] tts        498  local audiolen:  1916  ,ced:  14  
[2025/07/10 16:12:01 864] tts        527  0  udata(9407f7b8) 1  
[2025/07/10 16:12:01 867] tts        657  TTS_MSG_GETAUDIO  0  
[2025/07/10 16:12:01 867] tts        485  get audio|use local  
[2025/07/10 16:12:01 867] tts        498  local audiolen:  2018  ,ced:  14  
[2025/07/10 16:12:01 867] tts        527  0  udata(9407fa08) 1  
[2025/07/10 16:12:01 869] tts        657  TTS_MSG_GETAUDIO  0  
[2025/07/10 16:12:01 870] tts        485  get audio|use local  
[2025/07/10 16:12:01 870] tts        498  local audiolen:  2008  ,ced:  14  
[2025/07/10 16:12:01 871] tts        527  0  udata(9407fb58) 1  
[2025/07/10 16:12:01 873] tts        657  TTS_MSG_GETAUDIO  0  
[2025/07/10 16:12:01 873] tts        485  get audio|use local  
[2025/07/10 16:12:01 873] tts        498  local audiolen:  2046  ,ced:  14  
[2025/07/10 16:12:01 873] tts        527  0  udata(9407fba8) 1  
[2025/07/10 16:12:01 875] tts        657  TTS_MSG_GETAUDIO  0  
[2025/07/10 16:12:01 876] tts        485  get audio|use local  
[2025/07/10 16:12:01 876] tts        498  local audiolen:  1972  ,ced:  14  
[2025/07/10 16:12:01 876] tts        527  0  udata(9407fcf8) 1  
[2025/07/10 16:12:01 877] tts        657  TTS_MSG_GETAUDIO  0  
[2025/07/10 16:12:01 877] tts        485  get audio|use local  
[2025/07/10 16:12:01 877] tts        498  local audiolen:  1934  ,ced:  14  
[2025/07/10 16:12:01 877] tts        527  0  udata(9407fd48) 1  
[2025/07/10 16:12:01 879] tts        657  TTS_MSG_GETAUDIO  0  
[2025/07/10 16:12:01 879] tts        485  get audio|use local  
[2025/07/10 16:12:01 879] tts        498  local audiolen:  2018  ,ced:  14  
[2025/07/10 16:12:01 881] tts        527  0  udata(9407fd98) 1  
[2025/07/10 16:12:01 882] tts        657  TTS_MSG_GETAUDIO  0  
[2025/07/10 16:12:01 882] tts        485  get audio|use local  
[2025/07/10 16:12:01 883] tts        498  local audiolen:  2040  ,ced:  14  
[2025/07/10 16:12:01 883] tts        527  0  udata(9407fde8) 1  
[2025/07/10 16:12:01 885] tts        301  0  0  
[2025/07/10 16:12:01 885] tts        312  TTS_LOCAL_CB_END,  2  
[2025/07/10 16:12:01 886] tts        657  TTS_MSG_GETAUDIO  0  
[2025/07/10 16:12:01 886] tts        485  get audio|use local  
[2025/07/10 16:12:01 886] tts        498  local audiolen:  1958  ,ced:  14  
[2025/07/10 16:12:01 887] tts        527  0  udata(9407e648) 1  
[2025/07/10 16:12:01 888] tts        657  TTS_MSG_GETAUDIO  0  
[2025/07/10 16:12:01 888] tts        485  get audio|use local  
[2025/07/10 16:12:01 888] tts        498  local audiolen:  1998  ,ced:  14  
[2025/07/10 16:12:01 888] tts        527  0  udata(9407e698) 1  
[2025/07/10 16:12:01 889] tts        657  TTS_MSG_GETAUDIO  0  
[2025/07/10 16:12:01 889] tts        485  get audio|use local  
[2025/07/10 16:12:01 889] tts        498  local audiolen:  2016  ,ced:  14  
[2025/07/10 16:12:01 889] tts        527  0  udata(9407e6e8) 1  
[2025/07/10 16:12:01 890] tts        657  TTS_MSG_GETAUDIO  0  
[2025/07/10 16:12:01 890] tts        485  get audio|use local  
[2025/07/10 16:12:01 892] tts        498  local audiolen:  2014  ,ced:  14  
[2025/07/10 16:12:01 892] tts        527  0  udata(9407e738) 1  
[2025/07/10 16:12:01 893] tts        657  TTS_MSG_GETAUDIO  0  
[2025/07/10 16:12:01 893] tts        485  get audio|use local  
[2025/07/10 16:12:01 893] tts        498  local audiolen:  1968  ,ced:  14  
[2025/07/10 16:12:01 893] tts        527  0  udata(9407e788) 1  
[2025/07/10 16:12:01 894] tts        657  TTS_MSG_GETAUDIO  0  
[2025/07/10 16:12:01 894] tts        485  get audio|use local  
[2025/07/10 16:12:01 894] tts        498  local audiolen:  2012  ,ced:  14  
[2025/07/10 16:12:01 894] tts        527  0  udata(9407e7d8) 1  
[2025/07/10 16:12:01 895] tts        657  TTS_MSG_GETAUDIO  0  
[2025/07/10 16:12:01 895] tts        485  get audio|use local  
[2025/07/10 16:12:01 896] tts        498  local audiolen:  1986  ,ced:  14  
[2025/07/10 16:12:01 896] tts        527  0  udata(9407e828) 1  
[2025/07/10 16:12:01 897] tts        657  TTS_MSG_GETAUDIO  0  
[2025/07/10 16:12:01 898] tts        485  get audio|use local  
[2025/07/10 16:12:01 898] tts        498  local audiolen:  1892  ,ced:  14  
[2025/07/10 16:12:01 898] tts        527  0  udata(9407f548) 1  
[2025/07/10 16:12:01 899] tts        657  TTS_MSG_GETAUDIO  0  
[2025/07/10 16:12:01 899] tts        485  get audio|use local  
[2025/07/10 16:12:01 899] tts        498  local audiolen:  2024  ,ced:  14  
[2025/07/10 16:12:01 899] tts        527  0  udata(9407e8e8) 1  
[2025/07/10 16:12:01 900] tts        657  TTS_MSG_GETAUDIO  0  
[2025/07/10 16:12:01 900] tts        485  get audio|use local  
[2025/07/10 16:12:01 900] tts        498  local audiolen:  1930  ,ced:  14  
[2025/07/10 16:12:01 901] tts        527  0  udata(940231f8) 2  
[2025/07/10 16:12:01 906] tts        660  TTS_MSG_SSE  
[2025/07/10 16:12:01 915] tts        585  sse|use local  
[2025/07/10 16:12:01 920] tts        603  tts exit  
[2025/07/10 16:12:01 921] tts        667  SYS_MSG_UNLOAD  
