============================================================
Time  2025/08/10 19:58:03 489 
============================================================
[2025/08/10 19:58:03 490] tts        676  SYS_MSG_REGCB param0 =  msp_status_cb  param1 =  func(6c014a30) 
[2025/08/10 19:58:03 497] config     43   use general cloud  
[2025/08/10 19:58:03 510] tts_cloud  1417 SYS_MSG_REGCB_CLOUD param0 =   msp_status_cb  param1 =  func(6c014a30) 
[2025/08/10 19:58:03 511] tts        647  TTS_MSG_SSB  
[2025/08/10 19:58:03 511] tts        375  params =  engine_type = local,voice_name=xiaoyan, text_encoding = UTF8, tts_res_path = fo|res/tts/xiaoyan.jet;fo|res/tts/common.jet, sample_rate = 16000, speed = 50, volume = 80, pitch = 50, rdn = 2  
[2025/08/10 19:58:03 511] tts        412  ssb|use local  
[2025/08/10 19:58:03 512] tts        349  local_session_begin  
[2025/08/10 19:58:03 518] tts        654  TTS_MSG_SYN  0  
[2025/08/10 19:58:03 521] tts        451  synth|use local  
[2025/08/10 19:58:03 522] tts        657  TTS_MSG_GETAUDIO  0  
[2025/08/10 19:58:03 522] tts        485  get audio|use local  
[2025/08/10 19:58:03 522] tts        527  0  nil  1  
[2025/08/10 19:58:03 523] tts        657  TTS_MSG_GETAUDIO  0  
[2025/08/10 19:58:03 526] tts        485  get audio|use local  
[2025/08/10 19:58:03 526] tts        527  0  nil  1  
[2025/08/10 19:58:03 527] tts        657  TTS_MSG_GETAUDIO  0  
[2025/08/10 19:58:03 527] tts        485  get audio|use local  
[2025/08/10 19:58:03 527] tts        527  0  nil  1  
[2025/08/10 19:58:03 527] tts        657  TTS_MSG_GETAUDIO  0  
[2025/08/10 19:58:03 528] tts        485  get audio|use local  
[2025/08/10 19:58:03 528] tts        527  0  nil  1  
[2025/08/10 19:58:03 529] tts        657  TTS_MSG_GETAUDIO  0  
[2025/08/10 19:58:03 529] tts        485  get audio|use local  
[2025/08/10 19:58:03 529] tts        527  0  nil  1  
[2025/08/10 19:58:03 532] tts        657  TTS_MSG_GETAUDIO  0  
[2025/08/10 19:58:03 532] tts        485  get audio|use local  
[2025/08/10 19:58:03 532] tts        527  0  nil  1  
[2025/08/10 19:58:03 533] tts        657  TTS_MSG_GETAUDIO  0  
[2025/08/10 19:58:03 533] tts        485  get audio|use local  
[2025/08/10 19:58:03 533] tts        527  0  nil  1  
[2025/08/10 19:58:03 534] tts        657  TTS_MSG_GETAUDIO  0  
[2025/08/10 19:58:03 534] tts        485  get audio|use local  
[2025/08/10 19:58:03 534] tts        527  0  nil  1  
[2025/08/10 19:58:03 535] tts        657  TTS_MSG_GETAUDIO  0  
[2025/08/10 19:58:03 535] tts        485  get audio|use local  
[2025/08/10 19:58:03 536] tts        527  0  nil  1  
[2025/08/10 19:58:03 537] tts        657  TTS_MSG_GETAUDIO  0  
[2025/08/10 19:58:03 537] tts        485  get audio|use local  
[2025/08/10 19:58:03 537] tts        527  0  nil  1  
[2025/08/10 19:58:03 538] tts        657  TTS_MSG_GETAUDIO  0  
[2025/08/10 19:58:03 538] tts        485  get audio|use local  
[2025/08/10 19:58:03 539] tts        527  0  nil  1  
[2025/08/10 19:58:03 540] tts        657  TTS_MSG_GETAUDIO  0  
[2025/08/10 19:58:03 540] tts        485  get audio|use local  
[2025/08/10 19:58:03 541] tts        527  0  nil  1  
[2025/08/10 19:58:03 543] tts        657  TTS_MSG_GETAUDIO  0  
[2025/08/10 19:58:03 546] tts        485  get audio|use local  
[2025/08/10 19:58:03 546] tts        527  0  nil  1  
[2025/08/10 19:58:03 547] tts        657  TTS_MSG_GETAUDIO  0  
[2025/08/10 19:58:03 547] tts        485  get audio|use local  
[2025/08/10 19:58:03 547] tts        527  0  nil  1  
[2025/08/10 19:58:03 548] tts        657  TTS_MSG_GETAUDIO  0  
[2025/08/10 19:58:03 548] tts        485  get audio|use local  
[2025/08/10 19:58:03 548] tts        527  0  nil  1  
[2025/08/10 19:58:03 549] tts        657  TTS_MSG_GETAUDIO  0  
[2025/08/10 19:58:03 549] tts        485  get audio|use local  
[2025/08/10 19:58:03 549] tts        527  0  nil  1  
[2025/08/10 19:58:03 551] tts        657  TTS_MSG_GETAUDIO  0  
[2025/08/10 19:58:03 551] tts        485  get audio|use local  
[2025/08/10 19:58:03 551] tts        527  0  nil  1  
[2025/08/10 19:58:03 552] tts        657  TTS_MSG_GETAUDIO  0  
[2025/08/10 19:58:03 553] tts        485  get audio|use local  
[2025/08/10 19:58:03 553] tts        527  0  nil  1  
[2025/08/10 19:58:03 554] tts        657  TTS_MSG_GETAUDIO  0  
[2025/08/10 19:58:03 554] tts        485  get audio|use local  
[2025/08/10 19:58:03 554] tts        527  0  nil  1  
[2025/08/10 19:58:03 555] tts        657  TTS_MSG_GETAUDIO  0  
[2025/08/10 19:58:03 555] tts        485  get audio|use local  
[2025/08/10 19:58:03 555] tts        527  0  nil  1  
[2025/08/10 19:58:03 565] tts        657  TTS_MSG_GETAUDIO  0  
[2025/08/10 19:58:03 565] tts        485  get audio|use local  
[2025/08/10 19:58:03 565] tts        527  0  nil  1  
[2025/08/10 19:58:03 566] tts        657  TTS_MSG_GETAUDIO  0  
[2025/08/10 19:58:03 566] tts        485  get audio|use local  
[2025/08/10 19:58:03 566] tts        527  0  nil  1  
[2025/08/10 19:58:03 567] tts        657  TTS_MSG_GETAUDIO  0  
[2025/08/10 19:58:03 567] tts        485  get audio|use local  
[2025/08/10 19:58:03 567] tts        527  0  nil  1  
[2025/08/10 19:58:03 568] tts        657  TTS_MSG_GETAUDIO  0  
[2025/08/10 19:58:03 569] tts        485  get audio|use local  
[2025/08/10 19:58:03 569] tts        527  0  nil  1  
[2025/08/10 19:58:03 569] tts        657  TTS_MSG_GETAUDIO  0  
[2025/08/10 19:58:03 569] tts        485  get audio|use local  
[2025/08/10 19:58:03 570] tts        527  0  nil  1  
[2025/08/10 19:58:03 571] tts        657  TTS_MSG_GETAUDIO  0  
[2025/08/10 19:58:03 572] tts        485  get audio|use local  
[2025/08/10 19:58:03 572] tts        527  0  nil  1  
[2025/08/10 19:58:03 572] tts        657  TTS_MSG_GETAUDIO  0  
[2025/08/10 19:58:03 572] tts        485  get audio|use local  
[2025/08/10 19:58:03 573] tts        527  0  nil  1  
[2025/08/10 19:58:03 573] tts        657  TTS_MSG_GETAUDIO  0  
[2025/08/10 19:58:03 574] tts        485  get audio|use local  
[2025/08/10 19:58:03 574] tts        527  0  nil  1  
[2025/08/10 19:58:03 575] tts        657  TTS_MSG_GETAUDIO  0  
[2025/08/10 19:58:03 575] tts        485  get audio|use local  
[2025/08/10 19:58:03 575] tts        527  0  nil  1  
[2025/08/10 19:58:03 576] tts        657  TTS_MSG_GETAUDIO  0  
[2025/08/10 19:58:03 576] tts        485  get audio|use local  
[2025/08/10 19:58:03 576] tts        527  0  nil  1  
[2025/08/10 19:58:03 577] tts        657  TTS_MSG_GETAUDIO  0  
[2025/08/10 19:58:03 577] tts        485  get audio|use local  
[2025/08/10 19:58:03 577] tts        527  0  nil  1  
[2025/08/10 19:58:03 578] tts        657  TTS_MSG_GETAUDIO  0  
[2025/08/10 19:58:03 578] tts        485  get audio|use local  
[2025/08/10 19:58:03 578] tts        527  0  nil  1  
[2025/08/10 19:58:03 579] tts        657  TTS_MSG_GETAUDIO  0  
[2025/08/10 19:58:03 579] tts        485  get audio|use local  
[2025/08/10 19:58:03 580] tts        527  0  nil  1  
[2025/08/10 19:58:03 581] tts        657  TTS_MSG_GETAUDIO  0  
[2025/08/10 19:58:03 581] tts        485  get audio|use local  
[2025/08/10 19:58:03 581] tts        527  0  nil  1  
[2025/08/10 19:58:03 585] tts        657  TTS_MSG_GETAUDIO  0  
[2025/08/10 19:58:03 585] tts        485  get audio|use local  
[2025/08/10 19:58:03 585] tts        527  0  nil  1  
[2025/08/10 19:58:03 586] tts        657  TTS_MSG_GETAUDIO  0  
[2025/08/10 19:58:03 586] tts        485  get audio|use local  
[2025/08/10 19:58:03 587] tts        527  0  nil  1  
[2025/08/10 19:58:03 588] tts        657  TTS_MSG_GETAUDIO  0  
[2025/08/10 19:58:03 588] tts        485  get audio|use local  
[2025/08/10 19:58:03 588] tts        527  0  nil  1  
[2025/08/10 19:58:03 590] tts        657  TTS_MSG_GETAUDIO  0  
[2025/08/10 19:58:03 590] tts        485  get audio|use local  
[2025/08/10 19:58:03 590] tts        527  0  nil  1  
[2025/08/10 19:58:03 591] tts        299  TTS_LOCAL_CB_BEGIN  
[2025/08/10 19:58:03 591] tts        657  TTS_MSG_GETAUDIO  0  
[2025/08/10 19:58:03 592] tts        485  get audio|use local  
[2025/08/10 19:58:03 592] tts        527  0  nil  1  
[2025/08/10 19:58:03 593] tts        657  TTS_MSG_GETAUDIO  0  
[2025/08/10 19:58:03 593] tts        485  get audio|use local  
[2025/08/10 19:58:03 593] tts        527  0  nil  1  
[2025/08/10 19:58:03 594] tts        657  TTS_MSG_GETAUDIO  0  
[2025/08/10 19:58:03 594] tts        485  get audio|use local  
[2025/08/10 19:58:03 594] tts        527  0  nil  1  
[2025/08/10 19:58:03 595] tts        657  TTS_MSG_GETAUDIO  0  
[2025/08/10 19:58:03 595] tts        485  get audio|use local  
[2025/08/10 19:58:03 595] tts        527  0  nil  1  
[2025/08/10 19:58:03 596] tts        657  TTS_MSG_GETAUDIO  0  
[2025/08/10 19:58:03 596] tts        485  get audio|use local  
[2025/08/10 19:58:03 596] tts        527  0  nil  1  
[2025/08/10 19:58:03 597] tts        657  TTS_MSG_GETAUDIO  0  
[2025/08/10 19:58:03 597] tts        485  get audio|use local  
[2025/08/10 19:58:03 597] tts        527  0  nil  1  
[2025/08/10 19:58:03 598] tts        657  TTS_MSG_GETAUDIO  0  
[2025/08/10 19:58:03 599] tts        485  get audio|use local  
[2025/08/10 19:58:03 599] tts        527  0  nil  1  
[2025/08/10 19:58:03 601] tts        657  TTS_MSG_GETAUDIO  0  
[2025/08/10 19:58:03 601] tts        485  get audio|use local  
[2025/08/10 19:58:03 601] tts        498  local audiolen:  2042  ,ced:  16  
[2025/08/10 19:58:03 601] tts        527  0  udata(6c07fcf8) 1  
[2025/08/10 19:58:03 603] tts        657  TTS_MSG_GETAUDIO  0  
[2025/08/10 19:58:03 603] tts        485  get audio|use local  
[2025/08/10 19:58:03 603] tts        498  local audiolen:  2016  ,ced:  16  
[2025/08/10 19:58:03 604] tts        527  0  udata(6c06a9b8) 1  
[2025/08/10 19:58:03 606] tts        657  TTS_MSG_GETAUDIO  0  
[2025/08/10 19:58:03 606] tts        485  get audio|use local  
[2025/08/10 19:58:03 606] tts        498  local audiolen:  1970  ,ced:  16  
[2025/08/10 19:58:03 606] tts        527  0  udata(6c07cd98) 1  
[2025/08/10 19:58:03 608] tts        657  TTS_MSG_GETAUDIO  0  
[2025/08/10 19:58:03 608] tts        485  get audio|use local  
[2025/08/10 19:58:03 608] tts        498  local audiolen:  1900  ,ced:  16  
[2025/08/10 19:58:03 608] tts        527  0  udata(6c07cee8) 1  
[2025/08/10 19:58:03 609] tts        657  TTS_MSG_GETAUDIO  0  
[2025/08/10 19:58:03 609] tts        485  get audio|use local  
[2025/08/10 19:58:03 609] tts        498  local audiolen:  1972  ,ced:  16  
[2025/08/10 19:58:03 610] tts        527  0  udata(6c07cf38) 1  
[2025/08/10 19:58:03 611] tts        657  TTS_MSG_GETAUDIO  0  
[2025/08/10 19:58:03 611] tts        485  get audio|use local  
[2025/08/10 19:58:03 611] tts        498  local audiolen:  1982  ,ced:  16  
[2025/08/10 19:58:03 611] tts        527  0  udata(6c07e4b8) 1  
[2025/08/10 19:58:03 612] tts        657  TTS_MSG_GETAUDIO  0  
[2025/08/10 19:58:03 612] tts        485  get audio|use local  
[2025/08/10 19:58:03 613] tts        498  local audiolen:  2046  ,ced:  16  
[2025/08/10 19:58:03 613] tts        527  0  udata(6c07f5e8) 1  
[2025/08/10 19:58:03 615] tts        657  TTS_MSG_GETAUDIO  0  
[2025/08/10 19:58:03 615] tts        485  get audio|use local  
[2025/08/10 19:58:03 615] tts        498  local audiolen:  1970  ,ced:  16  
[2025/08/10 19:58:03 615] tts        527  0  udata(6c07f738) 1  
[2025/08/10 19:58:03 617] tts        657  TTS_MSG_GETAUDIO  0  
[2025/08/10 19:58:03 617] tts        485  get audio|use local  
[2025/08/10 19:58:03 618] tts        498  local audiolen:  1932  ,ced:  16  
[2025/08/10 19:58:03 618] tts        527  0  udata(6c07e5b8) 1  
[2025/08/10 19:58:03 619] tts        657  TTS_MSG_GETAUDIO  0  
[2025/08/10 19:58:03 619] tts        485  get audio|use local  
[2025/08/10 19:58:03 619] tts        498  local audiolen:  1994  ,ced:  16  
[2025/08/10 19:58:03 619] tts        527  0  udata(6c07e6b8) 1  
[2025/08/10 19:58:03 621] tts        657  TTS_MSG_GETAUDIO  0  
[2025/08/10 19:58:03 621] tts        485  get audio|use local  
[2025/08/10 19:58:03 621] tts        498  local audiolen:  2008  ,ced:  16  
[2025/08/10 19:58:03 622] tts        527  0  udata(6c07e808) 1  
[2025/08/10 19:58:03 623] tts        657  TTS_MSG_GETAUDIO  0  
[2025/08/10 19:58:03 623] tts        485  get audio|use local  
[2025/08/10 19:58:03 623] tts        498  local audiolen:  1932  ,ced:  16  
[2025/08/10 19:58:03 623] tts        527  0  udata(6c07e958) 1  
[2025/08/10 19:58:03 625] tts        657  TTS_MSG_GETAUDIO  0  
[2025/08/10 19:58:03 626] tts        485  get audio|use local  
[2025/08/10 19:58:03 626] tts        498  local audiolen:  2044  ,ced:  16  
[2025/08/10 19:58:03 626] tts        527  0  udata(6c07eba8) 1  
[2025/08/10 19:58:03 627] tts        657  TTS_MSG_GETAUDIO  0  
[2025/08/10 19:58:03 627] tts        485  get audio|use local  
[2025/08/10 19:58:03 628] tts        498  local audiolen:  2014  ,ced:  16  
[2025/08/10 19:58:03 628] tts        527  0  udata(6c07ee38) 1  
[2025/08/10 19:58:03 629] tts        657  TTS_MSG_GETAUDIO  0  
[2025/08/10 19:58:03 629] tts        485  get audio|use local  
[2025/08/10 19:58:03 629] tts        498  local audiolen:  1982  ,ced:  16  
[2025/08/10 19:58:03 629] tts        527  0  udata(6c07ef88) 1  
[2025/08/10 19:58:03 630] tts        657  TTS_MSG_GETAUDIO  0  
[2025/08/10 19:58:03 630] tts        485  get audio|use local  
[2025/08/10 19:58:03 630] tts        498  local audiolen:  2006  ,ced:  16  
[2025/08/10 19:58:03 631] tts        527  0  udata(6c07efd8) 1  
[2025/08/10 19:58:03 633] tts        657  TTS_MSG_GETAUDIO  0  
[2025/08/10 19:58:03 633] tts        485  get audio|use local  
[2025/08/10 19:58:03 633] tts        498  local audiolen:  1964  ,ced:  16  
[2025/08/10 19:58:03 633] tts        527  0  udata(6c07f228) 1  
[2025/08/10 19:58:03 634] tts        657  TTS_MSG_GETAUDIO  0  
[2025/08/10 19:58:03 634] tts        485  get audio|use local  
[2025/08/10 19:58:03 634] tts        498  local audiolen:  2046  ,ced:  16  
[2025/08/10 19:58:03 635] tts        527  0  udata(6c07f378) 1  
[2025/08/10 19:58:03 636] tts        657  TTS_MSG_GETAUDIO  0  
[2025/08/10 19:58:03 637] tts        485  get audio|use local  
[2025/08/10 19:58:03 637] tts        498  local audiolen:  1940  ,ced:  16  
[2025/08/10 19:58:03 638] tts        527  0  udata(6c07f4c8) 1  
[2025/08/10 19:58:03 639] tts        301  0  0  
[2025/08/10 19:58:03 639] tts        312  TTS_LOCAL_CB_END,  2  
[2025/08/10 19:58:03 640] tts        657  TTS_MSG_GETAUDIO  0  
[2025/08/10 19:58:03 640] tts        485  get audio|use local  
[2025/08/10 19:58:03 640] tts        498  local audiolen:  2000  ,ced:  16  
[2025/08/10 19:58:03 640] tts        527  0  udata(6c0221a8) 1  
[2025/08/10 19:58:03 641] tts        657  TTS_MSG_GETAUDIO  0  
[2025/08/10 19:58:03 641] tts        485  get audio|use local  
[2025/08/10 19:58:03 641] tts        498  local audiolen:  1940  ,ced:  16  
[2025/08/10 19:58:03 641] tts        527  0  udata(6c0221f8) 1  
[2025/08/10 19:58:03 642] tts        657  TTS_MSG_GETAUDIO  0  
[2025/08/10 19:58:03 642] tts        485  get audio|use local  
[2025/08/10 19:58:03 642] tts        498  local audiolen:  2048  ,ced:  16  
[2025/08/10 19:58:03 642] tts        527  0  udata(6c022248) 1  
[2025/08/10 19:58:03 643] tts        657  TTS_MSG_GETAUDIO  0  
[2025/08/10 19:58:03 643] tts        485  get audio|use local  
[2025/08/10 19:58:03 643] tts        498  local audiolen:  2016  ,ced:  16  
[2025/08/10 19:58:03 643] tts        527  0  udata(6c022298) 1  
[2025/08/10 19:58:03 643] tts        657  TTS_MSG_GETAUDIO  0  
[2025/08/10 19:58:03 644] tts        485  get audio|use local  
[2025/08/10 19:58:03 644] tts        498  local audiolen:  576  ,ced:  16  
[2025/08/10 19:58:03 644] tts        527  0  udata(6c022538) 2  
[2025/08/10 19:58:03 645] tts        660  TTS_MSG_SSE  
[2025/08/10 19:58:03 647] tts        585  sse|use local  
[2025/08/10 19:58:03 649] tts        603  tts exit  
