============================================================
Time  2025/08/10 20:00:58 311 
============================================================
[2025/08/10 20:00:58 312] tts        676  SYS_MSG_REGCB param0 =  msp_status_cb  param1 =  func(60014a30) 
[2025/08/10 20:00:58 319] config     43   use general cloud  
[2025/08/10 20:00:58 332] tts_cloud  1417 SYS_MSG_REGCB_CLOUD param0 =   msp_status_cb  param1 =  func(60014a30) 
[2025/08/10 20:00:58 333] tts        647  TTS_MSG_SSB  
[2025/08/10 20:00:58 333] tts        375  params =  engine_type = local,voice_name=xiaoyan, text_encoding = UTF8, tts_res_path = fo|res/tts/xiaoyan.jet;fo|res/tts/common.jet, sample_rate = 16000, speed = 50, volume = 80, pitch = 50, rdn = 2  
[2025/08/10 20:00:58 333] tts        412  ssb|use local  
[2025/08/10 20:00:58 333] tts        349  local_session_begin  
[2025/08/10 20:00:58 340] tts        654  TTS_MSG_SYN  0  
[2025/08/10 20:00:58 340] tts        451  synth|use local  
[2025/08/10 20:00:58 343] tts        657  TTS_MSG_GETAUDIO  0  
[2025/08/10 20:00:58 343] tts        485  get audio|use local  
[2025/08/10 20:00:58 343] tts        527  0  nil  1  
[2025/08/10 20:00:58 343] tts        657  TTS_MSG_GETAUDIO  0  
[2025/08/10 20:00:58 344] tts        485  get audio|use local  
[2025/08/10 20:00:58 344] tts        527  0  nil  1  
[2025/08/10 20:00:58 344] tts        657  TTS_MSG_GETAUDIO  0  
[2025/08/10 20:00:58 344] tts        485  get audio|use local  
[2025/08/10 20:00:58 344] tts        527  0  nil  1  
[2025/08/10 20:00:58 345] tts        657  TTS_MSG_GETAUDIO  0  
[2025/08/10 20:00:58 345] tts        485  get audio|use local  
[2025/08/10 20:00:58 345] tts        527  0  nil  1  
[2025/08/10 20:00:58 346] tts        657  TTS_MSG_GETAUDIO  0  
[2025/08/10 20:00:58 346] tts        485  get audio|use local  
[2025/08/10 20:00:58 346] tts        527  0  nil  1  
[2025/08/10 20:00:58 347] tts        657  TTS_MSG_GETAUDIO  0  
[2025/08/10 20:00:58 347] tts        485  get audio|use local  
[2025/08/10 20:00:58 347] tts        527  0  nil  1  
[2025/08/10 20:00:58 348] tts        657  TTS_MSG_GETAUDIO  0  
[2025/08/10 20:00:58 348] tts        485  get audio|use local  
[2025/08/10 20:00:58 348] tts        527  0  nil  1  
[2025/08/10 20:00:58 349] tts        657  TTS_MSG_GETAUDIO  0  
[2025/08/10 20:00:58 349] tts        485  get audio|use local  
[2025/08/10 20:00:58 349] tts        527  0  nil  1  
[2025/08/10 20:00:58 349] tts        657  TTS_MSG_GETAUDIO  0  
[2025/08/10 20:00:58 350] tts        485  get audio|use local  
[2025/08/10 20:00:58 350] tts        527  0  nil  1  
[2025/08/10 20:00:58 350] tts        657  TTS_MSG_GETAUDIO  0  
[2025/08/10 20:00:58 350] tts        485  get audio|use local  
[2025/08/10 20:00:58 350] tts        527  0  nil  1  
[2025/08/10 20:00:58 351] tts        657  TTS_MSG_GETAUDIO  0  
[2025/08/10 20:00:58 351] tts        485  get audio|use local  
[2025/08/10 20:00:58 351] tts        527  0  nil  1  
[2025/08/10 20:00:58 352] tts        657  TTS_MSG_GETAUDIO  0  
[2025/08/10 20:00:58 352] tts        485  get audio|use local  
[2025/08/10 20:00:58 352] tts        527  0  nil  1  
[2025/08/10 20:00:58 353] tts        657  TTS_MSG_GETAUDIO  0  
[2025/08/10 20:00:58 353] tts        485  get audio|use local  
[2025/08/10 20:00:58 353] tts        527  0  nil  1  
[2025/08/10 20:00:58 353] tts        657  TTS_MSG_GETAUDIO  0  
[2025/08/10 20:00:58 353] tts        485  get audio|use local  
[2025/08/10 20:00:58 354] tts        527  0  nil  1  
[2025/08/10 20:00:58 354] tts        657  TTS_MSG_GETAUDIO  0  
[2025/08/10 20:00:58 354] tts        485  get audio|use local  
[2025/08/10 20:00:58 354] tts        527  0  nil  1  
[2025/08/10 20:00:58 355] tts        657  TTS_MSG_GETAUDIO  0  
[2025/08/10 20:00:58 355] tts        485  get audio|use local  
[2025/08/10 20:00:58 355] tts        527  0  nil  1  
[2025/08/10 20:00:58 355] tts        657  TTS_MSG_GETAUDIO  0  
[2025/08/10 20:00:58 355] tts        485  get audio|use local  
[2025/08/10 20:00:58 355] tts        527  0  nil  1  
[2025/08/10 20:00:58 356] tts        657  TTS_MSG_GETAUDIO  0  
[2025/08/10 20:00:58 356] tts        485  get audio|use local  
[2025/08/10 20:00:58 356] tts        527  0  nil  1  
[2025/08/10 20:00:58 357] tts        657  TTS_MSG_GETAUDIO  0  
[2025/08/10 20:00:58 357] tts        485  get audio|use local  
[2025/08/10 20:00:58 357] tts        527  0  nil  1  
[2025/08/10 20:00:58 358] tts        657  TTS_MSG_GETAUDIO  0  
[2025/08/10 20:00:58 358] tts        485  get audio|use local  
[2025/08/10 20:00:58 358] tts        527  0  nil  1  
[2025/08/10 20:00:58 359] tts        657  TTS_MSG_GETAUDIO  0  
[2025/08/10 20:00:58 359] tts        485  get audio|use local  
[2025/08/10 20:00:58 359] tts        527  0  nil  1  
[2025/08/10 20:00:58 360] tts        657  TTS_MSG_GETAUDIO  0  
[2025/08/10 20:00:58 360] tts        485  get audio|use local  
[2025/08/10 20:00:58 360] tts        527  0  nil  1  
[2025/08/10 20:00:58 361] tts        657  TTS_MSG_GETAUDIO  0  
[2025/08/10 20:00:58 361] tts        485  get audio|use local  
[2025/08/10 20:00:58 361] tts        527  0  nil  1  
[2025/08/10 20:00:58 362] tts        657  TTS_MSG_GETAUDIO  0  
[2025/08/10 20:00:58 362] tts        485  get audio|use local  
[2025/08/10 20:00:58 362] tts        527  0  nil  1  
[2025/08/10 20:00:58 363] tts        657  TTS_MSG_GETAUDIO  0  
[2025/08/10 20:00:58 363] tts        485  get audio|use local  
[2025/08/10 20:00:58 363] tts        527  0  nil  1  
[2025/08/10 20:00:58 364] tts        657  TTS_MSG_GETAUDIO  0  
[2025/08/10 20:00:58 364] tts        485  get audio|use local  
[2025/08/10 20:00:58 365] tts        527  0  nil  1  
[2025/08/10 20:00:58 365] tts        657  TTS_MSG_GETAUDIO  0  
[2025/08/10 20:00:58 366] tts        485  get audio|use local  
[2025/08/10 20:00:58 366] tts        527  0  nil  1  
[2025/08/10 20:00:58 367] tts        657  TTS_MSG_GETAUDIO  0  
[2025/08/10 20:00:58 367] tts        485  get audio|use local  
[2025/08/10 20:00:58 367] tts        527  0  nil  1  
[2025/08/10 20:00:58 368] tts        657  TTS_MSG_GETAUDIO  0  
[2025/08/10 20:00:58 368] tts        485  get audio|use local  
[2025/08/10 20:00:58 368] tts        527  0  nil  1  
[2025/08/10 20:00:58 368] tts        657  TTS_MSG_GETAUDIO  0  
[2025/08/10 20:00:58 369] tts        485  get audio|use local  
[2025/08/10 20:00:58 369] tts        527  0  nil  1  
[2025/08/10 20:00:58 369] tts        657  TTS_MSG_GETAUDIO  0  
[2025/08/10 20:00:58 369] tts        485  get audio|use local  
[2025/08/10 20:00:58 369] tts        527  0  nil  1  
[2025/08/10 20:00:58 370] tts        657  TTS_MSG_GETAUDIO  0  
[2025/08/10 20:00:58 370] tts        485  get audio|use local  
[2025/08/10 20:00:58 370] tts        527  0  nil  1  
[2025/08/10 20:00:58 371] tts        657  TTS_MSG_GETAUDIO  0  
[2025/08/10 20:00:58 371] tts        485  get audio|use local  
[2025/08/10 20:00:58 371] tts        527  0  nil  1  
[2025/08/10 20:00:58 371] tts        657  TTS_MSG_GETAUDIO  0  
[2025/08/10 20:00:58 371] tts        485  get audio|use local  
[2025/08/10 20:00:58 371] tts        527  0  nil  1  
[2025/08/10 20:00:58 372] tts        657  TTS_MSG_GETAUDIO  0  
[2025/08/10 20:00:58 372] tts        485  get audio|use local  
[2025/08/10 20:00:58 372] tts        527  0  nil  1  
[2025/08/10 20:00:58 373] tts        657  TTS_MSG_GETAUDIO  0  
[2025/08/10 20:00:58 373] tts        485  get audio|use local  
[2025/08/10 20:00:58 373] tts        527  0  nil  1  
[2025/08/10 20:00:58 374] tts        657  TTS_MSG_GETAUDIO  0  
[2025/08/10 20:00:58 374] tts        485  get audio|use local  
[2025/08/10 20:00:58 374] tts        527  0  nil  1  
[2025/08/10 20:00:58 375] tts        657  TTS_MSG_GETAUDIO  0  
[2025/08/10 20:00:58 375] tts        485  get audio|use local  
[2025/08/10 20:00:58 375] tts        527  0  nil  1  
[2025/08/10 20:00:58 376] tts        657  TTS_MSG_GETAUDIO  0  
[2025/08/10 20:00:58 376] tts        485  get audio|use local  
[2025/08/10 20:00:58 376] tts        527  0  nil  1  
[2025/08/10 20:00:58 377] tts        657  TTS_MSG_GETAUDIO  0  
[2025/08/10 20:00:58 377] tts        485  get audio|use local  
[2025/08/10 20:00:58 377] tts        527  0  nil  1  
[2025/08/10 20:00:58 378] tts        657  TTS_MSG_GETAUDIO  0  
[2025/08/10 20:00:58 378] tts        485  get audio|use local  
[2025/08/10 20:00:58 378] tts        527  0  nil  1  
[2025/08/10 20:00:58 379] tts        657  TTS_MSG_GETAUDIO  0  
[2025/08/10 20:00:58 379] tts        485  get audio|use local  
[2025/08/10 20:00:58 379] tts        527  0  nil  1  
[2025/08/10 20:00:58 379] tts        657  TTS_MSG_GETAUDIO  0  
[2025/08/10 20:00:58 379] tts        485  get audio|use local  
[2025/08/10 20:00:58 379] tts        527  0  nil  1  
[2025/08/10 20:00:58 381] tts        657  TTS_MSG_GETAUDIO  0  
[2025/08/10 20:00:58 381] tts        485  get audio|use local  
[2025/08/10 20:00:58 381] tts        527  0  nil  1  
[2025/08/10 20:00:58 384] tts        657  TTS_MSG_GETAUDIO  0  
[2025/08/10 20:00:58 384] tts        485  get audio|use local  
[2025/08/10 20:00:58 384] tts        527  0  nil  1  
[2025/08/10 20:00:58 385] tts        657  TTS_MSG_GETAUDIO  0  
[2025/08/10 20:00:58 385] tts        485  get audio|use local  
[2025/08/10 20:00:58 385] tts        527  0  nil  1  
[2025/08/10 20:00:58 386] tts        657  TTS_MSG_GETAUDIO  0  
[2025/08/10 20:00:58 386] tts        485  get audio|use local  
[2025/08/10 20:00:58 386] tts        527  0  nil  1  
[2025/08/10 20:00:58 386] tts        657  TTS_MSG_GETAUDIO  0  
[2025/08/10 20:00:58 386] tts        485  get audio|use local  
[2025/08/10 20:00:58 386] tts        527  0  nil  1  
[2025/08/10 20:00:58 387] tts        657  TTS_MSG_GETAUDIO  0  
[2025/08/10 20:00:58 387] tts        485  get audio|use local  
[2025/08/10 20:00:58 387] tts        527  0  nil  1  
[2025/08/10 20:00:58 388] tts        657  TTS_MSG_GETAUDIO  0  
[2025/08/10 20:00:58 388] tts        485  get audio|use local  
[2025/08/10 20:00:58 388] tts        527  0  nil  1  
[2025/08/10 20:00:58 389] tts        657  TTS_MSG_GETAUDIO  0  
[2025/08/10 20:00:58 389] tts        485  get audio|use local  
[2025/08/10 20:00:58 389] tts        527  0  nil  1  
[2025/08/10 20:00:58 390] tts        657  TTS_MSG_GETAUDIO  0  
[2025/08/10 20:00:58 391] tts        485  get audio|use local  
[2025/08/10 20:00:58 391] tts        527  0  nil  1  
[2025/08/10 20:00:58 391] tts        657  TTS_MSG_GETAUDIO  0  
[2025/08/10 20:00:58 391] tts        485  get audio|use local  
[2025/08/10 20:00:58 391] tts        527  0  nil  1  
[2025/08/10 20:00:58 392] tts        657  TTS_MSG_GETAUDIO  0  
[2025/08/10 20:00:58 392] tts        485  get audio|use local  
[2025/08/10 20:00:58 392] tts        527  0  nil  1  
[2025/08/10 20:00:58 392] tts        657  TTS_MSG_GETAUDIO  0  
[2025/08/10 20:00:58 392] tts        485  get audio|use local  
[2025/08/10 20:00:58 393] tts        527  0  nil  1  
[2025/08/10 20:00:58 393] tts        657  TTS_MSG_GETAUDIO  0  
[2025/08/10 20:00:58 393] tts        485  get audio|use local  
[2025/08/10 20:00:58 393] tts        527  0  nil  1  
[2025/08/10 20:00:58 394] tts        657  TTS_MSG_GETAUDIO  0  
[2025/08/10 20:00:58 394] tts        485  get audio|use local  
[2025/08/10 20:00:58 394] tts        527  0  nil  1  
[2025/08/10 20:00:58 394] tts        657  TTS_MSG_GETAUDIO  0  
[2025/08/10 20:00:58 394] tts        485  get audio|use local  
[2025/08/10 20:00:58 394] tts        527  0  nil  1  
[2025/08/10 20:00:58 395] tts        657  TTS_MSG_GETAUDIO  0  
[2025/08/10 20:00:58 395] tts        485  get audio|use local  
[2025/08/10 20:00:58 395] tts        527  0  nil  1  
[2025/08/10 20:00:58 396] tts        657  TTS_MSG_GETAUDIO  0  
[2025/08/10 20:00:58 399] tts        485  get audio|use local  
[2025/08/10 20:00:58 399] tts        527  0  nil  1  
[2025/08/10 20:00:58 400] tts        657  TTS_MSG_GETAUDIO  0  
[2025/08/10 20:00:58 400] tts        485  get audio|use local  
[2025/08/10 20:00:58 400] tts        527  0  nil  1  
[2025/08/10 20:00:58 402] tts        657  TTS_MSG_GETAUDIO  0  
[2025/08/10 20:00:58 403] tts        485  get audio|use local  
[2025/08/10 20:00:58 403] tts        527  0  nil  1  
[2025/08/10 20:00:58 403] tts        657  TTS_MSG_GETAUDIO  0  
[2025/08/10 20:00:58 403] tts        485  get audio|use local  
[2025/08/10 20:00:58 403] tts        527  0  nil  1  
[2025/08/10 20:00:58 404] tts        657  TTS_MSG_GETAUDIO  0  
[2025/08/10 20:00:58 404] tts        485  get audio|use local  
[2025/08/10 20:00:58 405] tts        527  0  nil  1  
[2025/08/10 20:00:58 406] tts        657  TTS_MSG_GETAUDIO  0  
[2025/08/10 20:00:58 406] tts        485  get audio|use local  
[2025/08/10 20:00:58 406] tts        527  0  nil  1  
[2025/08/10 20:00:58 407] tts        657  TTS_MSG_GETAUDIO  0  
[2025/08/10 20:00:58 407] tts        485  get audio|use local  
[2025/08/10 20:00:58 407] tts        527  0  nil  1  
[2025/08/10 20:00:58 408] tts        657  TTS_MSG_GETAUDIO  0  
[2025/08/10 20:00:58 408] tts        485  get audio|use local  
[2025/08/10 20:00:58 408] tts        527  0  nil  1  
[2025/08/10 20:00:58 409] tts        657  TTS_MSG_GETAUDIO  0  
[2025/08/10 20:00:58 409] tts        485  get audio|use local  
[2025/08/10 20:00:58 409] tts        527  0  nil  1  
[2025/08/10 20:00:58 410] tts        657  TTS_MSG_GETAUDIO  0  
[2025/08/10 20:00:58 411] tts        485  get audio|use local  
[2025/08/10 20:00:58 411] tts        527  0  nil  1  
[2025/08/10 20:00:58 412] tts        657  TTS_MSG_GETAUDIO  0  
[2025/08/10 20:00:58 412] tts        485  get audio|use local  
[2025/08/10 20:00:58 412] tts        527  0  nil  1  
[2025/08/10 20:00:58 413] tts        657  TTS_MSG_GETAUDIO  0  
[2025/08/10 20:00:58 413] tts        485  get audio|use local  
[2025/08/10 20:00:58 413] tts        527  0  nil  1  
[2025/08/10 20:00:58 414] tts        657  TTS_MSG_GETAUDIO  0  
[2025/08/10 20:00:58 414] tts        485  get audio|use local  
[2025/08/10 20:00:58 414] tts        527  0  nil  1  
[2025/08/10 20:00:58 415] tts        657  TTS_MSG_GETAUDIO  0  
[2025/08/10 20:00:58 415] tts        485  get audio|use local  
[2025/08/10 20:00:58 415] tts        527  0  nil  1  
[2025/08/10 20:00:58 416] tts        657  TTS_MSG_GETAUDIO  0  
[2025/08/10 20:00:58 416] tts        485  get audio|use local  
[2025/08/10 20:00:58 416] tts        527  0  nil  1  
[2025/08/10 20:00:58 418] tts        657  TTS_MSG_GETAUDIO  0  
[2025/08/10 20:00:58 418] tts        485  get audio|use local  
[2025/08/10 20:00:58 418] tts        527  0  nil  1  
[2025/08/10 20:00:58 420] tts        657  TTS_MSG_GETAUDIO  0  
[2025/08/10 20:00:58 420] tts        485  get audio|use local  
[2025/08/10 20:00:58 420] tts        527  0  nil  1  
[2025/08/10 20:00:58 421] tts        657  TTS_MSG_GETAUDIO  0  
[2025/08/10 20:00:58 422] tts        485  get audio|use local  
[2025/08/10 20:00:58 422] tts        527  0  nil  1  
[2025/08/10 20:00:58 423] tts        657  TTS_MSG_GETAUDIO  0  
[2025/08/10 20:00:58 424] tts        485  get audio|use local  
[2025/08/10 20:00:58 424] tts        527  0  nil  1  
[2025/08/10 20:00:58 425] tts        657  TTS_MSG_GETAUDIO  0  
[2025/08/10 20:00:58 425] tts        485  get audio|use local  
[2025/08/10 20:00:58 426] tts        527  0  nil  1  
[2025/08/10 20:00:58 427] tts        657  TTS_MSG_GETAUDIO  0  
[2025/08/10 20:00:58 428] tts        485  get audio|use local  
[2025/08/10 20:00:58 428] tts        527  0  nil  1  
[2025/08/10 20:00:58 429] tts        657  TTS_MSG_GETAUDIO  0  
[2025/08/10 20:00:58 429] tts        485  get audio|use local  
[2025/08/10 20:00:58 430] tts        527  0  nil  1  
[2025/08/10 20:00:58 430] tts        657  TTS_MSG_GETAUDIO  0  
[2025/08/10 20:00:58 431] tts        485  get audio|use local  
[2025/08/10 20:00:58 431] tts        527  0  nil  1  
[2025/08/10 20:00:58 432] tts        657  TTS_MSG_GETAUDIO  0  
[2025/08/10 20:00:58 433] tts        485  get audio|use local  
[2025/08/10 20:00:58 433] tts        527  0  nil  1  
[2025/08/10 20:00:58 434] tts        299  TTS_LOCAL_CB_BEGIN  
[2025/08/10 20:00:58 434] tts        657  TTS_MSG_GETAUDIO  0  
[2025/08/10 20:00:58 435] tts        485  get audio|use local  
[2025/08/10 20:00:58 435] tts        527  0  nil  1  
[2025/08/10 20:00:58 436] tts        657  TTS_MSG_GETAUDIO  0  
[2025/08/10 20:00:58 437] tts        485  get audio|use local  
[2025/08/10 20:00:58 437] tts        527  0  nil  1  
[2025/08/10 20:00:58 441] tts        657  TTS_MSG_GETAUDIO  0  
[2025/08/10 20:00:58 441] tts        485  get audio|use local  
[2025/08/10 20:00:58 441] tts        498  local audiolen:  2042  ,ced:  29  
[2025/08/10 20:00:58 441] tts        527  0  udata(6006abc8) 1  
[2025/08/10 20:00:58 455] tts        657  TTS_MSG_GETAUDIO  0  
[2025/08/10 20:00:58 455] tts        485  get audio|use local  
[2025/08/10 20:00:58 455] tts        498  local audiolen:  2016  ,ced:  29  
[2025/08/10 20:00:58 456] tts        527  0  udata(60087f18) 1  
[2025/08/10 20:00:58 464] tts        657  TTS_MSG_GETAUDIO  0  
[2025/08/10 20:00:58 474] tts        485  get audio|use local  
[2025/08/10 20:00:58 483] tts        498  local audiolen:  2018  ,ced:  29  
[2025/08/10 20:00:58 483] tts        527  0  udata(60088168) 1  
[2025/08/10 20:00:58 490] tts        657  TTS_MSG_GETAUDIO  0  
[2025/08/10 20:00:58 491] tts        485  get audio|use local  
[2025/08/10 20:00:58 491] tts        498  local audiolen:  2018  ,ced:  29  
[2025/08/10 20:00:58 491] tts        527  0  udata(6007eda8) 1  
[2025/08/10 20:00:58 495] tts        657  TTS_MSG_GETAUDIO  0  
[2025/08/10 20:00:58 495] tts        485  get audio|use local  
[2025/08/10 20:00:58 495] tts        498  local audiolen:  2034  ,ced:  29  
[2025/08/10 20:00:58 495] tts        527  0  udata(6007dc48) 1  
[2025/08/10 20:00:58 497] tts        657  TTS_MSG_GETAUDIO  0  
[2025/08/10 20:00:58 497] tts        485  get audio|use local  
[2025/08/10 20:00:58 497] tts        498  local audiolen:  2046  ,ced:  29  
[2025/08/10 20:00:58 497] tts        527  0  udata(6007dc98) 1  
[2025/08/10 20:00:58 499] tts        657  TTS_MSG_GETAUDIO  0  
[2025/08/10 20:00:58 499] tts        485  get audio|use local  
[2025/08/10 20:00:58 499] tts        498  local audiolen:  1962  ,ced:  29  
[2025/08/10 20:00:58 499] tts        527  0  udata(6007fc18) 1  
[2025/08/10 20:00:58 501] tts        657  TTS_MSG_GETAUDIO  0  
[2025/08/10 20:00:58 501] tts        485  get audio|use local  
[2025/08/10 20:00:58 502] tts        498  local audiolen:  2014  ,ced:  29  
[2025/08/10 20:00:58 502] tts        527  0  udata(6007dee8) 1  
[2025/08/10 20:00:58 504] tts        657  TTS_MSG_GETAUDIO  0  
[2025/08/10 20:00:58 504] tts        485  get audio|use local  
[2025/08/10 20:00:58 504] tts        498  local audiolen:  1936  ,ced:  29  
[2025/08/10 20:00:58 504] tts        527  0  udata(6007f598) 1  
[2025/08/10 20:00:58 505] tts        657  TTS_MSG_GETAUDIO  0  
[2025/08/10 20:00:58 505] tts        485  get audio|use local  
[2025/08/10 20:00:58 505] tts        498  local audiolen:  2010  ,ced:  29  
[2025/08/10 20:00:58 506] tts        527  0  udata(6007e038) 1  
[2025/08/10 20:00:58 507] tts        657  TTS_MSG_GETAUDIO  0  
[2025/08/10 20:00:58 507] tts        485  get audio|use local  
[2025/08/10 20:00:58 507] tts        498  local audiolen:  1894  ,ced:  29  
[2025/08/10 20:00:58 507] tts        527  0  udata(6007e088) 1  
[2025/08/10 20:00:58 508] tts        657  TTS_MSG_GETAUDIO  0  
[2025/08/10 20:00:58 508] tts        485  get audio|use local  
[2025/08/10 20:00:58 508] tts        498  local audiolen:  1930  ,ced:  29  
[2025/08/10 20:00:58 508] tts        527  0  udata(6007e0d8) 1  
[2025/08/10 20:00:58 509] tts        657  TTS_MSG_GETAUDIO  0  
[2025/08/10 20:00:58 509] tts        485  get audio|use local  
[2025/08/10 20:00:58 509] tts        498  local audiolen:  2006  ,ced:  29  
[2025/08/10 20:00:58 510] tts        527  0  udata(6007e128) 1  
[2025/08/10 20:00:58 510] tts        657  TTS_MSG_GETAUDIO  0  
[2025/08/10 20:00:58 510] tts        485  get audio|use local  
[2025/08/10 20:00:58 511] tts        498  local audiolen:  2016  ,ced:  29  
[2025/08/10 20:00:58 511] tts        527  0  udata(6007e178) 1  
[2025/08/10 20:00:58 512] tts        657  TTS_MSG_GETAUDIO  0  
[2025/08/10 20:00:58 512] tts        485  get audio|use local  
[2025/08/10 20:00:58 512] tts        498  local audiolen:  2016  ,ced:  29  
[2025/08/10 20:00:58 512] tts        527  0  udata(6007e1c8) 1  
[2025/08/10 20:00:58 513] tts        657  TTS_MSG_GETAUDIO  0  
[2025/08/10 20:00:58 513] tts        485  get audio|use local  
[2025/08/10 20:00:58 513] tts        498  local audiolen:  1946  ,ced:  29  
[2025/08/10 20:00:58 513] tts        527  0  udata(6007e218) 1  
[2025/08/10 20:00:58 518] tts        657  TTS_MSG_GETAUDIO  0  
[2025/08/10 20:00:58 518] tts        485  get audio|use local  
[2025/08/10 20:00:58 519] tts        498  local audiolen:  1954  ,ced:  29  
[2025/08/10 20:00:58 520] tts        527  0  udata(6007ef58) 1  
[2025/08/10 20:00:58 533] tts        657  TTS_MSG_GETAUDIO  0  
[2025/08/10 20:00:58 534] tts        485  get audio|use local  
[2025/08/10 20:00:58 534] tts        498  local audiolen:  1978  ,ced:  29  
[2025/08/10 20:00:58 535] tts        527  0  udata(6007f2a8) 1  
[2025/08/10 20:00:58 537] tts        657  TTS_MSG_GETAUDIO  0  
[2025/08/10 20:00:58 537] tts        485  get audio|use local  
[2025/08/10 20:00:58 537] tts        498  local audiolen:  2014  ,ced:  29  
[2025/08/10 20:00:58 538] tts        527  0  udata(6007f3f8) 1  
[2025/08/10 20:00:58 538] tts        657  TTS_MSG_GETAUDIO  0  
[2025/08/10 20:00:58 539] tts        485  get audio|use local  
[2025/08/10 20:00:58 539] tts        498  local audiolen:  1966  ,ced:  29  
[2025/08/10 20:00:58 539] tts        527  0  udata(6007f548) 1  
[2025/08/10 20:00:58 541] tts        657  TTS_MSG_GETAUDIO  0  
[2025/08/10 20:00:58 541] tts        485  get audio|use local  
[2025/08/10 20:00:58 541] tts        498  local audiolen:  2004  ,ced:  29  
[2025/08/10 20:00:58 541] tts        527  0  udata(600228a8) 1  
[2025/08/10 20:00:58 543] tts        657  TTS_MSG_GETAUDIO  0  
[2025/08/10 20:00:58 543] tts        485  get audio|use local  
[2025/08/10 20:00:58 543] tts        498  local audiolen:  2016  ,ced:  29  
[2025/08/10 20:00:58 544] tts        527  0  udata(60022af8) 1  
[2025/08/10 20:00:58 547] tts        657  TTS_MSG_GETAUDIO  0  
[2025/08/10 20:00:58 547] tts        485  get audio|use local  
[2025/08/10 20:00:58 547] tts        498  local audiolen:  2006  ,ced:  29  
[2025/08/10 20:00:58 548] tts        527  0  udata(60022e48) 1  
[2025/08/10 20:00:58 549] tts        657  TTS_MSG_GETAUDIO  0  
[2025/08/10 20:00:58 549] tts        485  get audio|use local  
[2025/08/10 20:00:58 549] tts        498  local audiolen:  2028  ,ced:  29  
[2025/08/10 20:00:58 550] tts        527  0  udata(60022e98) 1  
[2025/08/10 20:00:58 552] tts        657  TTS_MSG_GETAUDIO  0  
[2025/08/10 20:00:58 552] tts        485  get audio|use local  
[2025/08/10 20:00:58 552] tts        498  local audiolen:  2006  ,ced:  29  
[2025/08/10 20:00:58 552] tts        527  0  udata(60022168) 1  
[2025/08/10 20:00:58 554] tts        301  0  0  
[2025/08/10 20:00:58 554] tts        312  TTS_LOCAL_CB_END,  2  
[2025/08/10 20:00:58 555] tts        657  TTS_MSG_GETAUDIO  0  
[2025/08/10 20:00:58 555] tts        485  get audio|use local  
[2025/08/10 20:00:58 555] tts        498  local audiolen:  1984  ,ced:  29  
[2025/08/10 20:00:58 555] tts        527  0  udata(60022358) 1  
[2025/08/10 20:00:58 556] tts        657  TTS_MSG_GETAUDIO  0  
[2025/08/10 20:00:58 557] tts        485  get audio|use local  
[2025/08/10 20:00:58 557] tts        498  local audiolen:  2032  ,ced:  29  
[2025/08/10 20:00:58 557] tts        527  0  udata(600223a8) 1  
[2025/08/10 20:00:58 558] tts        657  TTS_MSG_GETAUDIO  0  
[2025/08/10 20:00:58 558] tts        485  get audio|use local  
[2025/08/10 20:00:58 558] tts        498  local audiolen:  2004  ,ced:  29  
[2025/08/10 20:00:58 558] tts        527  0  udata(600223f8) 1  
[2025/08/10 20:00:58 559] tts        657  TTS_MSG_GETAUDIO  0  
[2025/08/10 20:00:58 560] tts        485  get audio|use local  
[2025/08/10 20:00:58 560] tts        498  local audiolen:  1956  ,ced:  29  
[2025/08/10 20:00:58 560] tts        527  0  udata(60022448) 1  
[2025/08/10 20:00:58 561] tts        657  TTS_MSG_GETAUDIO  0  
[2025/08/10 20:00:58 561] tts        485  get audio|use local  
[2025/08/10 20:00:58 561] tts        498  local audiolen:  1946  ,ced:  29  
[2025/08/10 20:00:58 561] tts        527  0  udata(60022498) 1  
[2025/08/10 20:00:58 563] tts        657  TTS_MSG_GETAUDIO  0  
[2025/08/10 20:00:58 563] tts        485  get audio|use local  
[2025/08/10 20:00:58 563] tts        498  local audiolen:  1976  ,ced:  29  
[2025/08/10 20:00:58 563] tts        527  0  udata(600224e8) 1  
[2025/08/10 20:00:58 564] tts        657  TTS_MSG_GETAUDIO  0  
[2025/08/10 20:00:58 565] tts        485  get audio|use local  
[2025/08/10 20:00:58 565] tts        498  local audiolen:  1978  ,ced:  29  
[2025/08/10 20:00:58 565] tts        527  0  udata(60022538) 1  
[2025/08/10 20:00:58 566] tts        657  TTS_MSG_GETAUDIO  0  
[2025/08/10 20:00:58 566] tts        485  get audio|use local  
[2025/08/10 20:00:58 566] tts        498  local audiolen:  2016  ,ced:  29  
[2025/08/10 20:00:58 566] tts        527  0  udata(60022588) 1  
[2025/08/10 20:00:58 568] tts        657  TTS_MSG_GETAUDIO  0  
[2025/08/10 20:00:58 568] tts        485  get audio|use local  
[2025/08/10 20:00:58 568] tts        498  local audiolen:  2036  ,ced:  29  
[2025/08/10 20:00:58 568] tts        527  0  udata(600225d8) 1  
[2025/08/10 20:00:58 569] tts        657  TTS_MSG_GETAUDIO  0  
[2025/08/10 20:00:58 570] tts        485  get audio|use local  
[2025/08/10 20:00:58 570] tts        498  local audiolen:  2000  ,ced:  29  
[2025/08/10 20:00:58 570] tts        527  0  udata(60022628) 1  
[2025/08/10 20:00:58 571] tts        657  TTS_MSG_GETAUDIO  0  
[2025/08/10 20:00:58 571] tts        485  get audio|use local  
[2025/08/10 20:00:58 572] tts        498  local audiolen:  1992  ,ced:  29  
[2025/08/10 20:00:58 572] tts        527  0  udata(60022678) 1  
[2025/08/10 20:00:58 573] tts        657  TTS_MSG_GETAUDIO  0  
[2025/08/10 20:00:58 573] tts        485  get audio|use local  
[2025/08/10 20:00:58 573] tts        498  local audiolen:  2046  ,ced:  29  
[2025/08/10 20:00:58 573] tts        527  0  udata(600226c8) 1  
[2025/08/10 20:00:58 574] tts        657  TTS_MSG_GETAUDIO  0  
[2025/08/10 20:00:58 575] tts        485  get audio|use local  
[2025/08/10 20:00:58 575] tts        498  local audiolen:  1876  ,ced:  29  
[2025/08/10 20:00:58 575] tts        527  0  udata(60022718) 1  
[2025/08/10 20:00:58 576] tts        657  TTS_MSG_GETAUDIO  0  
[2025/08/10 20:00:58 576] tts        485  get audio|use local  
[2025/08/10 20:00:58 576] tts        498  local audiolen:  2020  ,ced:  29  
[2025/08/10 20:00:58 576] tts        527  0  udata(60022768) 1  
[2025/08/10 20:00:58 577] tts        657  TTS_MSG_GETAUDIO  0  
[2025/08/10 20:00:58 578] tts        485  get audio|use local  
[2025/08/10 20:00:58 578] tts        498  local audiolen:  1918  ,ced:  29  
[2025/08/10 20:00:58 578] tts        527  0  udata(600227b8) 1  
[2025/08/10 20:00:58 579] tts        657  TTS_MSG_GETAUDIO  0  
[2025/08/10 20:00:58 579] tts        485  get audio|use local  
[2025/08/10 20:00:58 579] tts        498  local audiolen:  2006  ,ced:  29  
[2025/08/10 20:00:58 579] tts        527  0  udata(60022808) 1  
[2025/08/10 20:00:58 580] tts        657  TTS_MSG_GETAUDIO  0  
[2025/08/10 20:00:58 580] tts        485  get audio|use local  
[2025/08/10 20:00:58 581] tts        498  local audiolen:  2016  ,ced:  29  
[2025/08/10 20:00:58 581] tts        527  0  udata(60022858) 1  
[2025/08/10 20:00:58 582] tts        657  TTS_MSG_GETAUDIO  0  
[2025/08/10 20:00:58 582] tts        485  get audio|use local  
[2025/08/10 20:00:58 582] tts        498  local audiolen:  2016  ,ced:  29  
[2025/08/10 20:00:58 583] tts        527  0  udata(60023928) 1  
[2025/08/10 20:00:58 584] tts        657  TTS_MSG_GETAUDIO  0  
[2025/08/10 20:00:58 584] tts        485  get audio|use local  
[2025/08/10 20:00:58 584] tts        498  local audiolen:  384  ,ced:  29  
[2025/08/10 20:00:58 584] tts        527  0  udata(600232c8) 2  
[2025/08/10 20:00:58 586] tts        660  TTS_MSG_SSE  
[2025/08/10 20:00:58 588] tts        585  sse|use local  
[2025/08/10 20:00:58 593] tts        603  tts exit  
[2025/08/10 20:00:58 604] tts        667  SYS_MSG_UNLOAD  
