============================================================
Time  2025/05/30 18:25:40 681 
============================================================
[2025/05/30 18:25:40 681] tts        676  SYS_MSG_REGCB param0 =  msp_status_cb  param1 =  func(88014a30) 
[2025/05/30 18:25:40 683] config     43   use general cloud  
[2025/05/30 18:25:40 688] tts_cloud  1417 SYS_MSG_REGCB_CLOUD param0 =   msp_status_cb  param1 =  func(88014a30) 
[2025/05/30 18:25:40 689] tts        647  TTS_MSG_SSB  
[2025/05/30 18:25:40 689] tts        375  params =  engine_type = local,voice_name=xiaoyan, text_encoding = UTF8, tts_res_path = fo|res/tts/xiaoyan.jet;fo|res/tts/common.jet, sample_rate = 16000, speed = 50, volume = 80, pitch = 50, rdn = 2  
[2025/05/30 18:25:40 689] tts        412  ssb|use local  
[2025/05/30 18:25:40 689] tts        349  local_session_begin  
[2025/05/30 18:25:40 693] tts        654  TTS_MSG_SYN  0  
[2025/05/30 18:25:40 693] tts        451  synth|use local  
[2025/05/30 18:25:40 695] tts        657  TTS_MSG_GETAUDIO  0  
[2025/05/30 18:25:40 696] tts        485  get audio|use local  
[2025/05/30 18:25:40 696] tts        527  0  nil  1  
[2025/05/30 18:25:40 696] tts        657  TTS_MSG_GETAUDIO  0  
[2025/05/30 18:25:40 696] tts        485  get audio|use local  
[2025/05/30 18:25:40 697] tts        527  0  nil  1  
[2025/05/30 18:25:40 697] tts        657  TTS_MSG_GETAUDIO  0  
[2025/05/30 18:25:40 697] tts        485  get audio|use local  
[2025/05/30 18:25:40 698] tts        527  0  nil  1  
[2025/05/30 18:25:40 698] tts        657  TTS_MSG_GETAUDIO  0  
[2025/05/30 18:25:40 699] tts        485  get audio|use local  
[2025/05/30 18:25:40 699] tts        527  0  nil  1  
[2025/05/30 18:25:40 699] tts        657  TTS_MSG_GETAUDIO  0  
[2025/05/30 18:25:40 699] tts        485  get audio|use local  
[2025/05/30 18:25:40 700] tts        527  0  nil  1  
[2025/05/30 18:25:40 700] tts        657  TTS_MSG_GETAUDIO  0  
[2025/05/30 18:25:40 700] tts        485  get audio|use local  
[2025/05/30 18:25:40 700] tts        527  0  nil  1  
[2025/05/30 18:25:40 701] tts        657  TTS_MSG_GETAUDIO  0  
[2025/05/30 18:25:40 702] tts        485  get audio|use local  
[2025/05/30 18:25:40 702] tts        527  0  nil  1  
[2025/05/30 18:25:40 702] tts        657  TTS_MSG_GETAUDIO  0  
[2025/05/30 18:25:40 702] tts        485  get audio|use local  
[2025/05/30 18:25:40 703] tts        527  0  nil  1  
[2025/05/30 18:25:40 703] tts        657  TTS_MSG_GETAUDIO  0  
[2025/05/30 18:25:40 703] tts        485  get audio|use local  
[2025/05/30 18:25:40 703] tts        527  0  nil  1  
[2025/05/30 18:25:40 704] tts        657  TTS_MSG_GETAUDIO  0  
[2025/05/30 18:25:40 704] tts        485  get audio|use local  
[2025/05/30 18:25:40 704] tts        527  0  nil  1  
[2025/05/30 18:25:40 705] tts        657  TTS_MSG_GETAUDIO  0  
[2025/05/30 18:25:40 706] tts        485  get audio|use local  
[2025/05/30 18:25:40 706] tts        527  0  nil  1  
[2025/05/30 18:25:40 707] tts        657  TTS_MSG_GETAUDIO  0  
[2025/05/30 18:25:40 707] tts        485  get audio|use local  
[2025/05/30 18:25:40 707] tts        527  0  nil  1  
[2025/05/30 18:25:40 708] tts        657  TTS_MSG_GETAUDIO  0  
[2025/05/30 18:25:40 709] tts        485  get audio|use local  
[2025/05/30 18:25:40 709] tts        527  0  nil  1  
[2025/05/30 18:25:40 710] tts        657  TTS_MSG_GETAUDIO  0  
[2025/05/30 18:25:40 710] tts        485  get audio|use local  
[2025/05/30 18:25:40 710] tts        527  0  nil  1  
[2025/05/30 18:25:40 711] tts        657  TTS_MSG_GETAUDIO  0  
[2025/05/30 18:25:40 712] tts        485  get audio|use local  
[2025/05/30 18:25:40 712] tts        527  0  nil  1  
[2025/05/30 18:25:40 713] tts        657  TTS_MSG_GETAUDIO  0  
[2025/05/30 18:25:40 713] tts        485  get audio|use local  
[2025/05/30 18:25:40 713] tts        527  0  nil  1  
[2025/05/30 18:25:40 714] tts        657  TTS_MSG_GETAUDIO  0  
[2025/05/30 18:25:40 714] tts        485  get audio|use local  
[2025/05/30 18:25:40 714] tts        527  0  nil  1  
[2025/05/30 18:25:40 715] tts        657  TTS_MSG_GETAUDIO  0  
[2025/05/30 18:25:40 715] tts        485  get audio|use local  
[2025/05/30 18:25:40 715] tts        527  0  nil  1  
[2025/05/30 18:25:40 716] tts        657  TTS_MSG_GETAUDIO  0  
[2025/05/30 18:25:40 716] tts        485  get audio|use local  
[2025/05/30 18:25:40 716] tts        527  0  nil  1  
[2025/05/30 18:25:40 719] tts        657  TTS_MSG_GETAUDIO  0  
[2025/05/30 18:25:40 719] tts        485  get audio|use local  
[2025/05/30 18:25:40 719] tts        527  0  nil  1  
[2025/05/30 18:25:40 720] tts        657  TTS_MSG_GETAUDIO  0  
[2025/05/30 18:25:40 720] tts        485  get audio|use local  
[2025/05/30 18:25:40 721] tts        527  0  nil  1  
[2025/05/30 18:25:40 721] tts        657  TTS_MSG_GETAUDIO  0  
[2025/05/30 18:25:40 721] tts        485  get audio|use local  
[2025/05/30 18:25:40 722] tts        527  0  nil  1  
[2025/05/30 18:25:40 722] tts        657  TTS_MSG_GETAUDIO  0  
[2025/05/30 18:25:40 723] tts        485  get audio|use local  
[2025/05/30 18:25:40 723] tts        527  0  nil  1  
[2025/05/30 18:25:40 724] tts        657  TTS_MSG_GETAUDIO  0  
[2025/05/30 18:25:40 724] tts        485  get audio|use local  
[2025/05/30 18:25:40 724] tts        527  0  nil  1  
[2025/05/30 18:25:40 724] tts        657  TTS_MSG_GETAUDIO  0  
[2025/05/30 18:25:40 724] tts        485  get audio|use local  
[2025/05/30 18:25:40 725] tts        527  0  nil  1  
[2025/05/30 18:25:40 726] tts        657  TTS_MSG_GETAUDIO  0  
[2025/05/30 18:25:40 726] tts        485  get audio|use local  
[2025/05/30 18:25:40 726] tts        527  0  nil  1  
[2025/05/30 18:25:40 727] tts        657  TTS_MSG_GETAUDIO  0  
[2025/05/30 18:25:40 727] tts        485  get audio|use local  
[2025/05/30 18:25:40 727] tts        527  0  nil  1  
[2025/05/30 18:25:40 728] tts        657  TTS_MSG_GETAUDIO  0  
[2025/05/30 18:25:40 728] tts        485  get audio|use local  
[2025/05/30 18:25:40 728] tts        527  0  nil  1  
[2025/05/30 18:25:40 729] tts        657  TTS_MSG_GETAUDIO  0  
[2025/05/30 18:25:40 729] tts        485  get audio|use local  
[2025/05/30 18:25:40 729] tts        527  0  nil  1  
[2025/05/30 18:25:40 730] tts        657  TTS_MSG_GETAUDIO  0  
[2025/05/30 18:25:40 730] tts        485  get audio|use local  
[2025/05/30 18:25:40 730] tts        527  0  nil  1  
[2025/05/30 18:25:40 734] tts        657  TTS_MSG_GETAUDIO  0  
[2025/05/30 18:25:40 734] tts        485  get audio|use local  
[2025/05/30 18:25:40 734] tts        527  0  nil  1  
[2025/05/30 18:25:40 735] tts        657  TTS_MSG_GETAUDIO  0  
[2025/05/30 18:25:40 735] tts        485  get audio|use local  
[2025/05/30 18:25:40 735] tts        527  0  nil  1  
[2025/05/30 18:25:40 735] tts        657  TTS_MSG_GETAUDIO  0  
[2025/05/30 18:25:40 735] tts        485  get audio|use local  
[2025/05/30 18:25:40 736] tts        527  0  nil  1  
[2025/05/30 18:25:40 737] tts        657  TTS_MSG_GETAUDIO  0  
[2025/05/30 18:25:40 737] tts        485  get audio|use local  
[2025/05/30 18:25:40 737] tts        527  0  nil  1  
[2025/05/30 18:25:40 738] tts        657  TTS_MSG_GETAUDIO  0  
[2025/05/30 18:25:40 738] tts        485  get audio|use local  
[2025/05/30 18:25:40 738] tts        527  0  nil  1  
[2025/05/30 18:25:40 739] tts        657  TTS_MSG_GETAUDIO  0  
[2025/05/30 18:25:40 739] tts        485  get audio|use local  
[2025/05/30 18:25:40 740] tts        527  0  nil  1  
[2025/05/30 18:25:40 740] tts        657  TTS_MSG_GETAUDIO  0  
[2025/05/30 18:25:40 740] tts        485  get audio|use local  
[2025/05/30 18:25:40 740] tts        527  0  nil  1  
[2025/05/30 18:25:40 741] tts        657  TTS_MSG_GETAUDIO  0  
[2025/05/30 18:25:40 741] tts        485  get audio|use local  
[2025/05/30 18:25:40 741] tts        527  0  nil  1  
[2025/05/30 18:25:40 742] tts        657  TTS_MSG_GETAUDIO  0  
[2025/05/30 18:25:40 742] tts        485  get audio|use local  
[2025/05/30 18:25:40 742] tts        527  0  nil  1  
[2025/05/30 18:25:40 743] tts        657  TTS_MSG_GETAUDIO  0  
[2025/05/30 18:25:40 743] tts        485  get audio|use local  
[2025/05/30 18:25:40 744] tts        527  0  nil  1  
[2025/05/30 18:25:40 744] tts        657  TTS_MSG_GETAUDIO  0  
[2025/05/30 18:25:40 745] tts        485  get audio|use local  
[2025/05/30 18:25:40 745] tts        527  0  nil  1  
[2025/05/30 18:25:40 746] tts        657  TTS_MSG_GETAUDIO  0  
[2025/05/30 18:25:40 746] tts        485  get audio|use local  
[2025/05/30 18:25:40 746] tts        527  0  nil  1  
[2025/05/30 18:25:40 747] tts        657  TTS_MSG_GETAUDIO  0  
[2025/05/30 18:25:40 747] tts        485  get audio|use local  
[2025/05/30 18:25:40 748] tts        527  0  nil  1  
[2025/05/30 18:25:40 749] tts        657  TTS_MSG_GETAUDIO  0  
[2025/05/30 18:25:40 749] tts        485  get audio|use local  
[2025/05/30 18:25:40 749] tts        527  0  nil  1  
[2025/05/30 18:25:40 750] tts        657  TTS_MSG_GETAUDIO  0  
[2025/05/30 18:25:40 750] tts        485  get audio|use local  
[2025/05/30 18:25:40 750] tts        527  0  nil  1  
[2025/05/30 18:25:40 751] tts        657  TTS_MSG_GETAUDIO  0  
[2025/05/30 18:25:40 751] tts        485  get audio|use local  
[2025/05/30 18:25:40 751] tts        527  0  nil  1  
[2025/05/30 18:25:40 752] tts        657  TTS_MSG_GETAUDIO  0  
[2025/05/30 18:25:40 752] tts        485  get audio|use local  
[2025/05/30 18:25:40 753] tts        527  0  nil  1  
[2025/05/30 18:25:40 754] tts        657  TTS_MSG_GETAUDIO  0  
[2025/05/30 18:25:40 754] tts        485  get audio|use local  
[2025/05/30 18:25:40 754] tts        527  0  nil  1  
[2025/05/30 18:25:40 756] tts        657  TTS_MSG_GETAUDIO  0  
[2025/05/30 18:25:40 756] tts        485  get audio|use local  
[2025/05/30 18:25:40 757] tts        527  0  nil  1  
[2025/05/30 18:25:40 758] tts        657  TTS_MSG_GETAUDIO  0  
[2025/05/30 18:25:40 759] tts        485  get audio|use local  
[2025/05/30 18:25:40 759] tts        527  0  nil  1  
[2025/05/30 18:25:40 759] tts        657  TTS_MSG_GETAUDIO  0  
[2025/05/30 18:25:40 760] tts        485  get audio|use local  
[2025/05/30 18:25:40 760] tts        527  0  nil  1  
[2025/05/30 18:25:40 760] tts        657  TTS_MSG_GETAUDIO  0  
[2025/05/30 18:25:40 760] tts        485  get audio|use local  
[2025/05/30 18:25:40 760] tts        527  0  nil  1  
[2025/05/30 18:25:40 761] tts        657  TTS_MSG_GETAUDIO  0  
[2025/05/30 18:25:40 761] tts        485  get audio|use local  
[2025/05/30 18:25:40 761] tts        527  0  nil  1  
[2025/05/30 18:25:40 762] tts        657  TTS_MSG_GETAUDIO  0  
[2025/05/30 18:25:40 762] tts        485  get audio|use local  
[2025/05/30 18:25:40 762] tts        527  0  nil  1  
[2025/05/30 18:25:40 763] tts        657  TTS_MSG_GETAUDIO  0  
[2025/05/30 18:25:40 764] tts        485  get audio|use local  
[2025/05/30 18:25:40 764] tts        527  0  nil  1  
[2025/05/30 18:25:40 766] tts        657  TTS_MSG_GETAUDIO  0  
[2025/05/30 18:25:40 766] tts        485  get audio|use local  
[2025/05/30 18:25:40 766] tts        527  0  nil  1  
[2025/05/30 18:25:40 767] tts        657  TTS_MSG_GETAUDIO  0  
[2025/05/30 18:25:40 767] tts        485  get audio|use local  
[2025/05/30 18:25:40 767] tts        527  0  nil  1  
[2025/05/30 18:25:40 768] tts        657  TTS_MSG_GETAUDIO  0  
[2025/05/30 18:25:40 768] tts        485  get audio|use local  
[2025/05/30 18:25:40 768] tts        527  0  nil  1  
[2025/05/30 18:25:40 777] tts        657  TTS_MSG_GETAUDIO  0  
[2025/05/30 18:25:40 777] tts        485  get audio|use local  
[2025/05/30 18:25:40 777] tts        527  0  nil  1  
[2025/05/30 18:25:40 778] tts        657  TTS_MSG_GETAUDIO  0  
[2025/05/30 18:25:40 779] tts        485  get audio|use local  
[2025/05/30 18:25:40 780] tts        527  0  nil  1  
[2025/05/30 18:25:40 781] tts        299  TTS_LOCAL_CB_BEGIN  
[2025/05/30 18:25:40 783] tts        657  TTS_MSG_GETAUDIO  0  
[2025/05/30 18:25:40 783] tts        485  get audio|use local  
[2025/05/30 18:25:40 783] tts        527  0  nil  1  
[2025/05/30 18:25:40 786] tts        657  TTS_MSG_GETAUDIO  0  
[2025/05/30 18:25:40 786] tts        485  get audio|use local  
[2025/05/30 18:25:40 786] tts        527  0  nil  1  
[2025/05/30 18:25:40 787] tts        657  TTS_MSG_GETAUDIO  0  
[2025/05/30 18:25:40 787] tts        485  get audio|use local  
[2025/05/30 18:25:40 787] tts        527  0  nil  1  
[2025/05/30 18:25:40 787] tts        657  TTS_MSG_GETAUDIO  0  
[2025/05/30 18:25:40 788] tts        485  get audio|use local  
[2025/05/30 18:25:40 788] tts        527  0  nil  1  
[2025/05/30 18:25:40 788] tts        657  TTS_MSG_GETAUDIO  0  
[2025/05/30 18:25:40 788] tts        485  get audio|use local  
[2025/05/30 18:25:40 788] tts        527  0  nil  1  
[2025/05/30 18:25:40 789] tts        657  TTS_MSG_GETAUDIO  0  
[2025/05/30 18:25:40 790] tts        485  get audio|use local  
[2025/05/30 18:25:40 790] tts        527  0  nil  1  
[2025/05/30 18:25:40 791] tts        657  TTS_MSG_GETAUDIO  0  
[2025/05/30 18:25:40 791] tts        485  get audio|use local  
[2025/05/30 18:25:40 791] tts        527  0  nil  1  
[2025/05/30 18:25:40 792] tts        657  TTS_MSG_GETAUDIO  0  
[2025/05/30 18:25:40 792] tts        485  get audio|use local  
[2025/05/30 18:25:40 792] tts        527  0  nil  1  
[2025/05/30 18:25:40 794] tts        657  TTS_MSG_GETAUDIO  0  
[2025/05/30 18:25:40 795] tts        485  get audio|use local  
[2025/05/30 18:25:40 795] tts        527  0  nil  1  
[2025/05/30 18:25:40 796] tts        657  TTS_MSG_GETAUDIO  0  
[2025/05/30 18:25:40 796] tts        485  get audio|use local  
[2025/05/30 18:25:40 796] tts        527  0  nil  1  
[2025/05/30 18:25:40 796] tts        657  TTS_MSG_GETAUDIO  0  
[2025/05/30 18:25:40 797] tts        485  get audio|use local  
[2025/05/30 18:25:40 797] tts        527  0  nil  1  
[2025/05/30 18:25:40 797] tts        657  TTS_MSG_GETAUDIO  0  
[2025/05/30 18:25:40 798] tts        485  get audio|use local  
[2025/05/30 18:25:40 798] tts        527  0  nil  1  
[2025/05/30 18:25:40 798] tts        657  TTS_MSG_GETAUDIO  0  
[2025/05/30 18:25:40 799] tts        485  get audio|use local  
[2025/05/30 18:25:40 799] tts        527  0  nil  1  
[2025/05/30 18:25:40 799] tts        657  TTS_MSG_GETAUDIO  0  
[2025/05/30 18:25:40 799] tts        485  get audio|use local  
[2025/05/30 18:25:40 799] tts        527  0  nil  1  
[2025/05/30 18:25:40 800] tts        657  TTS_MSG_GETAUDIO  0  
[2025/05/30 18:25:40 801] tts        485  get audio|use local  
[2025/05/30 18:25:40 801] tts        527  0  nil  1  
[2025/05/30 18:25:40 801] tts        657  TTS_MSG_GETAUDIO  0  
[2025/05/30 18:25:40 801] tts        485  get audio|use local  
[2025/05/30 18:25:40 801] tts        527  0  nil  1  
[2025/05/30 18:25:40 802] tts        657  TTS_MSG_GETAUDIO  0  
[2025/05/30 18:25:40 802] tts        485  get audio|use local  
[2025/05/30 18:25:40 802] tts        527  0  nil  1  
[2025/05/30 18:25:40 803] tts        657  TTS_MSG_GETAUDIO  0  
[2025/05/30 18:25:40 803] tts        485  get audio|use local  
[2025/05/30 18:25:40 803] tts        527  0  nil  1  
[2025/05/30 18:25:40 803] tts        657  TTS_MSG_GETAUDIO  0  
[2025/05/30 18:25:40 804] tts        485  get audio|use local  
[2025/05/30 18:25:40 804] tts        527  0  nil  1  
[2025/05/30 18:25:40 804] tts        657  TTS_MSG_GETAUDIO  0  
[2025/05/30 18:25:40 804] tts        485  get audio|use local  
[2025/05/30 18:25:40 804] tts        527  0  nil  1  
[2025/05/30 18:25:40 805] tts        657  TTS_MSG_GETAUDIO  0  
[2025/05/30 18:25:40 805] tts        485  get audio|use local  
[2025/05/30 18:25:40 805] tts        527  0  nil  1  
[2025/05/30 18:25:40 806] tts        657  TTS_MSG_GETAUDIO  0  
[2025/05/30 18:25:40 806] tts        485  get audio|use local  
[2025/05/30 18:25:40 806] tts        527  0  nil  1  
[2025/05/30 18:25:40 807] tts        657  TTS_MSG_GETAUDIO  0  
[2025/05/30 18:25:40 807] tts        485  get audio|use local  
[2025/05/30 18:25:40 807] tts        527  0  nil  1  
[2025/05/30 18:25:40 807] tts        657  TTS_MSG_GETAUDIO  0  
[2025/05/30 18:25:40 807] tts        485  get audio|use local  
[2025/05/30 18:25:40 807] tts        527  0  nil  1  
[2025/05/30 18:25:40 808] tts        657  TTS_MSG_GETAUDIO  0  
[2025/05/30 18:25:40 808] tts        485  get audio|use local  
[2025/05/30 18:25:40 809] tts        527  0  nil  1  
[2025/05/30 18:25:40 810] tts        657  TTS_MSG_GETAUDIO  0  
[2025/05/30 18:25:40 810] tts        485  get audio|use local  
[2025/05/30 18:25:40 810] tts        527  0  nil  1  
[2025/05/30 18:25:40 813] tts        657  TTS_MSG_GETAUDIO  0  
[2025/05/30 18:25:40 814] tts        485  get audio|use local  
[2025/05/30 18:25:40 814] tts        498  local audiolen:  2042  ,ced:  16  
[2025/05/30 18:25:40 814] tts        527  0  udata(88070f28) 1  
[2025/05/30 18:25:40 815] tts        657  TTS_MSG_GETAUDIO  0  
[2025/05/30 18:25:40 815] tts        485  get audio|use local  
[2025/05/30 18:25:40 815] tts        498  local audiolen:  2016  ,ced:  16  
[2025/05/30 18:25:40 816] tts        527  0  udata(88071138) 1  
[2025/05/30 18:25:40 817] tts        657  TTS_MSG_GETAUDIO  0  
[2025/05/30 18:25:40 818] tts        485  get audio|use local  
[2025/05/30 18:25:40 818] tts        498  local audiolen:  1970  ,ced:  16  
[2025/05/30 18:25:40 818] tts        527  0  udata(88087d68) 1  
[2025/05/30 18:25:40 819] tts        657  TTS_MSG_GETAUDIO  0  
[2025/05/30 18:25:40 819] tts        485  get audio|use local  
[2025/05/30 18:25:40 819] tts        498  local audiolen:  1900  ,ced:  16  
[2025/05/30 18:25:40 819] tts        527  0  udata(88087c98) 1  
[2025/05/30 18:25:40 820] tts        657  TTS_MSG_GETAUDIO  0  
[2025/05/30 18:25:40 821] tts        485  get audio|use local  
[2025/05/30 18:25:40 821] tts        498  local audiolen:  1972  ,ced:  16  
[2025/05/30 18:25:40 821] tts        527  0  udata(880880f8) 1  
[2025/05/30 18:25:40 822] tts        657  TTS_MSG_GETAUDIO  0  
[2025/05/30 18:25:40 822] tts        485  get audio|use local  
[2025/05/30 18:25:40 822] tts        498  local audiolen:  1982  ,ced:  16  
[2025/05/30 18:25:40 822] tts        527  0  udata(88088248) 1  
[2025/05/30 18:25:40 824] tts        657  TTS_MSG_GETAUDIO  0  
[2025/05/30 18:25:40 824] tts        485  get audio|use local  
[2025/05/30 18:25:40 824] tts        498  local audiolen:  2046  ,ced:  16  
[2025/05/30 18:25:40 824] tts        527  0  udata(8807cb58) 1  
[2025/05/30 18:25:40 825] tts        657  TTS_MSG_GETAUDIO  0  
[2025/05/30 18:25:40 825] tts        485  get audio|use local  
[2025/05/30 18:25:40 825] tts        498  local audiolen:  1970  ,ced:  16  
[2025/05/30 18:25:40 825] tts        527  0  udata(8807cca8) 1  
[2025/05/30 18:25:40 826] tts        657  TTS_MSG_GETAUDIO  0  
[2025/05/30 18:25:40 826] tts        485  get audio|use local  
[2025/05/30 18:25:40 826] tts        498  local audiolen:  1932  ,ced:  16  
[2025/05/30 18:25:40 826] tts        527  0  udata(8807cdf8) 1  
[2025/05/30 18:25:40 827] tts        657  TTS_MSG_GETAUDIO  0  
[2025/05/30 18:25:40 827] tts        485  get audio|use local  
[2025/05/30 18:25:40 828] tts        498  local audiolen:  1994  ,ced:  16  
[2025/05/30 18:25:40 828] tts        527  0  udata(8807cf48) 1  
[2025/05/30 18:25:40 828] tts        657  TTS_MSG_GETAUDIO  0  
[2025/05/30 18:25:40 829] tts        485  get audio|use local  
[2025/05/30 18:25:40 829] tts        498  local audiolen:  2008  ,ced:  16  
[2025/05/30 18:25:40 829] tts        527  0  udata(880875c8) 1  
[2025/05/30 18:25:40 830] tts        657  TTS_MSG_GETAUDIO  0  
[2025/05/30 18:25:40 830] tts        485  get audio|use local  
[2025/05/30 18:25:40 830] tts        498  local audiolen:  1932  ,ced:  16  
[2025/05/30 18:25:40 830] tts        527  0  udata(88087718) 1  
[2025/05/30 18:25:40 832] tts        657  TTS_MSG_GETAUDIO  0  
[2025/05/30 18:25:40 832] tts        485  get audio|use local  
[2025/05/30 18:25:40 832] tts        498  local audiolen:  2044  ,ced:  16  
[2025/05/30 18:25:40 832] tts        527  0  udata(88087868) 1  
[2025/05/30 18:25:40 833] tts        657  TTS_MSG_GETAUDIO  0  
[2025/05/30 18:25:40 833] tts        485  get audio|use local  
[2025/05/30 18:25:40 834] tts        498  local audiolen:  2014  ,ced:  16  
[2025/05/30 18:25:40 834] tts        527  0  udata(880879b8) 1  
[2025/05/30 18:25:40 835] tts        657  TTS_MSG_GETAUDIO  0  
[2025/05/30 18:25:40 835] tts        485  get audio|use local  
[2025/05/30 18:25:40 835] tts        498  local audiolen:  1982  ,ced:  16  
[2025/05/30 18:25:40 835] tts        527  0  udata(88087b08) 1  
[2025/05/30 18:25:40 837] tts        657  TTS_MSG_GETAUDIO  0  
[2025/05/30 18:25:40 837] tts        485  get audio|use local  
[2025/05/30 18:25:40 838] tts        498  local audiolen:  2006  ,ced:  16  
[2025/05/30 18:25:40 838] tts        527  0  udata(8807eb18) 1  
[2025/05/30 18:25:40 838] tts        657  TTS_MSG_GETAUDIO  0  
[2025/05/30 18:25:40 839] tts        485  get audio|use local  
[2025/05/30 18:25:40 839] tts        498  local audiolen:  1964  ,ced:  16  
[2025/05/30 18:25:40 839] tts        527  0  udata(8807eb68) 1  
[2025/05/30 18:25:40 840] tts        657  TTS_MSG_GETAUDIO  0  
[2025/05/30 18:25:40 840] tts        485  get audio|use local  
[2025/05/30 18:25:40 840] tts        498  local audiolen:  2046  ,ced:  16  
[2025/05/30 18:25:40 840] tts        527  0  udata(8807ed68) 1  
[2025/05/30 18:25:40 841] tts        657  TTS_MSG_GETAUDIO  0  
[2025/05/30 18:25:40 842] tts        485  get audio|use local  
[2025/05/30 18:25:40 842] tts        498  local audiolen:  1940  ,ced:  16  
[2025/05/30 18:25:40 842] tts        527  0  udata(8807eeb8) 1  
[2025/05/30 18:25:40 843] tts        657  TTS_MSG_GETAUDIO  0  
[2025/05/30 18:25:40 843] tts        485  get audio|use local  
[2025/05/30 18:25:40 844] tts        498  local audiolen:  2000  ,ced:  16  
[2025/05/30 18:25:40 844] tts        527  0  udata(8807e1d8) 1  
[2025/05/30 18:25:40 844] tts        301  0  0  
[2025/05/30 18:25:40 845] tts        312  TTS_LOCAL_CB_END,  2  
[2025/05/30 18:25:40 845] tts        657  TTS_MSG_GETAUDIO  0  
[2025/05/30 18:25:40 845] tts        485  get audio|use local  
[2025/05/30 18:25:40 846] tts        498  local audiolen:  1940  ,ced:  16  
[2025/05/30 18:25:40 846] tts        527  0  udata(8807e3c8) 1  
[2025/05/30 18:25:40 847] tts        657  TTS_MSG_GETAUDIO  0  
[2025/05/30 18:25:40 847] tts        485  get audio|use local  
[2025/05/30 18:25:40 847] tts        498  local audiolen:  2048  ,ced:  16  
[2025/05/30 18:25:40 847] tts        527  0  udata(8807e418) 1  
[2025/05/30 18:25:40 848] tts        657  TTS_MSG_GETAUDIO  0  
[2025/05/30 18:25:40 848] tts        485  get audio|use local  
[2025/05/30 18:25:40 848] tts        498  local audiolen:  2016  ,ced:  16  
[2025/05/30 18:25:40 848] tts        527  0  udata(8807e468) 1  
[2025/05/30 18:25:40 848] tts        657  TTS_MSG_GETAUDIO  0  
[2025/05/30 18:25:40 848] tts        485  get audio|use local  
[2025/05/30 18:25:40 849] tts        498  local audiolen:  576  ,ced:  16  
[2025/05/30 18:25:40 849] tts        527  0  udata(8807e708) 2  
[2025/05/30 18:25:40 850] tts        660  TTS_MSG_SSE  
[2025/05/30 18:25:40 851] tts        585  sse|use local  
[2025/05/30 18:25:40 855] tts        603  tts exit  
[2025/05/30 18:25:40 855] tts        667  SYS_MSG_UNLOAD  
