============================================================
Time  2025/08/10 19:55:09 302 
============================================================
[2025/08/10 19:55:09 303] tts        676  SYS_MSG_REGCB param0 =  msp_status_cb  param1 =  func(84014a30) 
[2025/08/10 19:55:09 305] config     43   use general cloud  
[2025/08/10 19:55:09 310] tts_cloud  1417 SYS_MSG_REGCB_CLOUD param0 =   msp_status_cb  param1 =  func(84014a30) 
[2025/08/10 19:55:09 310] tts        647  TTS_MSG_SSB  
[2025/08/10 19:55:09 310] tts        375  params =  engine_type = local,voice_name=xiaoyan, text_encoding = UTF8, tts_res_path = fo|res/tts/xiaoyan.jet;fo|res/tts/common.jet, sample_rate = 16000, speed = 50, volume = 80, pitch = 50, rdn = 2  
[2025/08/10 19:55:09 310] tts        412  ssb|use local  
[2025/08/10 19:55:09 310] tts        349  local_session_begin  
[2025/08/10 19:55:09 312] tts        654  TTS_MSG_SYN  0  
[2025/08/10 19:55:09 312] tts        451  synth|use local  
[2025/08/10 19:55:09 313] tts        657  TTS_MSG_GETAUDIO  0  
[2025/08/10 19:55:09 313] tts        485  get audio|use local  
[2025/08/10 19:55:09 313] tts        527  0  nil  1  
[2025/08/10 19:55:09 313] tts        657  TTS_MSG_GETAUDIO  0  
[2025/08/10 19:55:09 314] tts        485  get audio|use local  
[2025/08/10 19:55:09 314] tts        527  0  nil  1  
[2025/08/10 19:55:09 314] tts        657  TTS_MSG_GETAUDIO  0  
[2025/08/10 19:55:09 314] tts        485  get audio|use local  
[2025/08/10 19:55:09 314] tts        527  0  nil  1  
[2025/08/10 19:55:09 314] tts        657  TTS_MSG_GETAUDIO  0  
[2025/08/10 19:55:09 315] tts        485  get audio|use local  
[2025/08/10 19:55:09 315] tts        527  0  nil  1  
[2025/08/10 19:55:09 315] tts        657  TTS_MSG_GETAUDIO  0  
[2025/08/10 19:55:09 315] tts        485  get audio|use local  
[2025/08/10 19:55:09 315] tts        527  0  nil  1  
[2025/08/10 19:55:09 316] tts        657  TTS_MSG_GETAUDIO  0  
[2025/08/10 19:55:09 316] tts        485  get audio|use local  
[2025/08/10 19:55:09 316] tts        527  0  nil  1  
[2025/08/10 19:55:09 316] tts        657  TTS_MSG_GETAUDIO  0  
[2025/08/10 19:55:09 316] tts        485  get audio|use local  
[2025/08/10 19:55:09 316] tts        527  0  nil  1  
[2025/08/10 19:55:09 317] tts        657  TTS_MSG_GETAUDIO  0  
[2025/08/10 19:55:09 317] tts        485  get audio|use local  
[2025/08/10 19:55:09 317] tts        527  0  nil  1  
[2025/08/10 19:55:09 317] tts        657  TTS_MSG_GETAUDIO  0  
[2025/08/10 19:55:09 317] tts        485  get audio|use local  
[2025/08/10 19:55:09 317] tts        527  0  nil  1  
[2025/08/10 19:55:09 318] tts        657  TTS_MSG_GETAUDIO  0  
[2025/08/10 19:55:09 318] tts        485  get audio|use local  
[2025/08/10 19:55:09 318] tts        527  0  nil  1  
[2025/08/10 19:55:09 318] tts        657  TTS_MSG_GETAUDIO  0  
[2025/08/10 19:55:09 318] tts        485  get audio|use local  
[2025/08/10 19:55:09 319] tts        527  0  nil  1  
[2025/08/10 19:55:09 319] tts        657  TTS_MSG_GETAUDIO  0  
[2025/08/10 19:55:09 319] tts        485  get audio|use local  
[2025/08/10 19:55:09 319] tts        527  0  nil  1  
[2025/08/10 19:55:09 319] tts        657  TTS_MSG_GETAUDIO  0  
[2025/08/10 19:55:09 319] tts        485  get audio|use local  
[2025/08/10 19:55:09 320] tts        527  0  nil  1  
[2025/08/10 19:55:09 320] tts        657  TTS_MSG_GETAUDIO  0  
[2025/08/10 19:55:09 320] tts        485  get audio|use local  
[2025/08/10 19:55:09 320] tts        527  0  nil  1  
[2025/08/10 19:55:09 320] tts        657  TTS_MSG_GETAUDIO  0  
[2025/08/10 19:55:09 320] tts        485  get audio|use local  
[2025/08/10 19:55:09 321] tts        527  0  nil  1  
[2025/08/10 19:55:09 321] tts        657  TTS_MSG_GETAUDIO  0  
[2025/08/10 19:55:09 321] tts        485  get audio|use local  
[2025/08/10 19:55:09 321] tts        527  0  nil  1  
[2025/08/10 19:55:09 322] tts        657  TTS_MSG_GETAUDIO  0  
[2025/08/10 19:55:09 322] tts        485  get audio|use local  
[2025/08/10 19:55:09 322] tts        527  0  nil  1  
[2025/08/10 19:55:09 323] tts        657  TTS_MSG_GETAUDIO  0  
[2025/08/10 19:55:09 323] tts        485  get audio|use local  
[2025/08/10 19:55:09 323] tts        527  0  nil  1  
[2025/08/10 19:55:09 323] tts        657  TTS_MSG_GETAUDIO  0  
[2025/08/10 19:55:09 323] tts        485  get audio|use local  
[2025/08/10 19:55:09 323] tts        527  0  nil  1  
[2025/08/10 19:55:09 324] tts        657  TTS_MSG_GETAUDIO  0  
[2025/08/10 19:55:09 324] tts        485  get audio|use local  
[2025/08/10 19:55:09 324] tts        527  0  nil  1  
[2025/08/10 19:55:09 324] tts        657  TTS_MSG_GETAUDIO  0  
[2025/08/10 19:55:09 324] tts        485  get audio|use local  
[2025/08/10 19:55:09 324] tts        527  0  nil  1  
[2025/08/10 19:55:09 325] tts        657  TTS_MSG_GETAUDIO  0  
[2025/08/10 19:55:09 325] tts        485  get audio|use local  
[2025/08/10 19:55:09 325] tts        527  0  nil  1  
[2025/08/10 19:55:09 326] tts        657  TTS_MSG_GETAUDIO  0  
[2025/08/10 19:55:09 326] tts        485  get audio|use local  
[2025/08/10 19:55:09 326] tts        527  0  nil  1  
[2025/08/10 19:55:09 326] tts        657  TTS_MSG_GETAUDIO  0  
[2025/08/10 19:55:09 326] tts        485  get audio|use local  
[2025/08/10 19:55:09 326] tts        527  0  nil  1  
[2025/08/10 19:55:09 327] tts        657  TTS_MSG_GETAUDIO  0  
[2025/08/10 19:55:09 327] tts        485  get audio|use local  
[2025/08/10 19:55:09 327] tts        527  0  nil  1  
[2025/08/10 19:55:09 327] tts        657  TTS_MSG_GETAUDIO  0  
[2025/08/10 19:55:09 327] tts        485  get audio|use local  
[2025/08/10 19:55:09 327] tts        527  0  nil  1  
[2025/08/10 19:55:09 328] tts        657  TTS_MSG_GETAUDIO  0  
[2025/08/10 19:55:09 328] tts        485  get audio|use local  
[2025/08/10 19:55:09 328] tts        527  0  nil  1  
[2025/08/10 19:55:09 328] tts        657  TTS_MSG_GETAUDIO  0  
[2025/08/10 19:55:09 328] tts        485  get audio|use local  
[2025/08/10 19:55:09 328] tts        527  0  nil  1  
[2025/08/10 19:55:09 329] tts        657  TTS_MSG_GETAUDIO  0  
[2025/08/10 19:55:09 329] tts        485  get audio|use local  
[2025/08/10 19:55:09 329] tts        527  0  nil  1  
[2025/08/10 19:55:09 329] tts        657  TTS_MSG_GETAUDIO  0  
[2025/08/10 19:55:09 330] tts        485  get audio|use local  
[2025/08/10 19:55:09 330] tts        527  0  nil  1  
[2025/08/10 19:55:09 330] tts        657  TTS_MSG_GETAUDIO  0  
[2025/08/10 19:55:09 330] tts        485  get audio|use local  
[2025/08/10 19:55:09 330] tts        527  0  nil  1  
[2025/08/10 19:55:09 331] tts        657  TTS_MSG_GETAUDIO  0  
[2025/08/10 19:55:09 331] tts        485  get audio|use local  
[2025/08/10 19:55:09 331] tts        527  0  nil  1  
[2025/08/10 19:55:09 331] tts        657  TTS_MSG_GETAUDIO  0  
[2025/08/10 19:55:09 331] tts        485  get audio|use local  
[2025/08/10 19:55:09 332] tts        527  0  nil  1  
[2025/08/10 19:55:09 332] tts        657  TTS_MSG_GETAUDIO  0  
[2025/08/10 19:55:09 332] tts        485  get audio|use local  
[2025/08/10 19:55:09 332] tts        527  0  nil  1  
[2025/08/10 19:55:09 333] tts        657  TTS_MSG_GETAUDIO  0  
[2025/08/10 19:55:09 333] tts        485  get audio|use local  
[2025/08/10 19:55:09 333] tts        527  0  nil  1  
[2025/08/10 19:55:09 333] tts        657  TTS_MSG_GETAUDIO  0  
[2025/08/10 19:55:09 333] tts        485  get audio|use local  
[2025/08/10 19:55:09 334] tts        527  0  nil  1  
[2025/08/10 19:55:09 334] tts        657  TTS_MSG_GETAUDIO  0  
[2025/08/10 19:55:09 334] tts        485  get audio|use local  
[2025/08/10 19:55:09 334] tts        527  0  nil  1  
[2025/08/10 19:55:09 334] tts        657  TTS_MSG_GETAUDIO  0  
[2025/08/10 19:55:09 335] tts        485  get audio|use local  
[2025/08/10 19:55:09 335] tts        527  0  nil  1  
[2025/08/10 19:55:09 335] tts        657  TTS_MSG_GETAUDIO  0  
[2025/08/10 19:55:09 335] tts        485  get audio|use local  
[2025/08/10 19:55:09 335] tts        527  0  nil  1  
[2025/08/10 19:55:09 336] tts        657  TTS_MSG_GETAUDIO  0  
[2025/08/10 19:55:09 336] tts        485  get audio|use local  
[2025/08/10 19:55:09 336] tts        527  0  nil  1  
[2025/08/10 19:55:09 336] tts        657  TTS_MSG_GETAUDIO  0  
[2025/08/10 19:55:09 336] tts        485  get audio|use local  
[2025/08/10 19:55:09 336] tts        527  0  nil  1  
[2025/08/10 19:55:09 336] tts        657  TTS_MSG_GETAUDIO  0  
[2025/08/10 19:55:09 337] tts        485  get audio|use local  
[2025/08/10 19:55:09 337] tts        527  0  nil  1  
[2025/08/10 19:55:09 337] tts        657  TTS_MSG_GETAUDIO  0  
[2025/08/10 19:55:09 337] tts        485  get audio|use local  
[2025/08/10 19:55:09 337] tts        527  0  nil  1  
[2025/08/10 19:55:09 338] tts        657  TTS_MSG_GETAUDIO  0  
[2025/08/10 19:55:09 338] tts        485  get audio|use local  
[2025/08/10 19:55:09 338] tts        527  0  nil  1  
[2025/08/10 19:55:09 339] tts        657  TTS_MSG_GETAUDIO  0  
[2025/08/10 19:55:09 339] tts        485  get audio|use local  
[2025/08/10 19:55:09 339] tts        527  0  nil  1  
[2025/08/10 19:55:09 339] tts        657  TTS_MSG_GETAUDIO  0  
[2025/08/10 19:55:09 339] tts        485  get audio|use local  
[2025/08/10 19:55:09 339] tts        527  0  nil  1  
[2025/08/10 19:55:09 340] tts        657  TTS_MSG_GETAUDIO  0  
[2025/08/10 19:55:09 340] tts        485  get audio|use local  
[2025/08/10 19:55:09 340] tts        527  0  nil  1  
[2025/08/10 19:55:09 340] tts        657  TTS_MSG_GETAUDIO  0  
[2025/08/10 19:55:09 340] tts        485  get audio|use local  
[2025/08/10 19:55:09 340] tts        527  0  nil  1  
[2025/08/10 19:55:09 341] tts        657  TTS_MSG_GETAUDIO  0  
[2025/08/10 19:55:09 341] tts        485  get audio|use local  
[2025/08/10 19:55:09 341] tts        527  0  nil  1  
[2025/08/10 19:55:09 342] tts        657  TTS_MSG_GETAUDIO  0  
[2025/08/10 19:55:09 342] tts        485  get audio|use local  
[2025/08/10 19:55:09 342] tts        527  0  nil  1  
[2025/08/10 19:55:09 342] tts        657  TTS_MSG_GETAUDIO  0  
[2025/08/10 19:55:09 342] tts        485  get audio|use local  
[2025/08/10 19:55:09 342] tts        527  0  nil  1  
[2025/08/10 19:55:09 343] tts        657  TTS_MSG_GETAUDIO  0  
[2025/08/10 19:55:09 343] tts        485  get audio|use local  
[2025/08/10 19:55:09 343] tts        527  0  nil  1  
[2025/08/10 19:55:09 344] tts        657  TTS_MSG_GETAUDIO  0  
[2025/08/10 19:55:09 344] tts        485  get audio|use local  
[2025/08/10 19:55:09 344] tts        527  0  nil  1  
[2025/08/10 19:55:09 344] tts        657  TTS_MSG_GETAUDIO  0  
[2025/08/10 19:55:09 344] tts        485  get audio|use local  
[2025/08/10 19:55:09 344] tts        527  0  nil  1  
[2025/08/10 19:55:09 345] tts        657  TTS_MSG_GETAUDIO  0  
[2025/08/10 19:55:09 345] tts        485  get audio|use local  
[2025/08/10 19:55:09 345] tts        527  0  nil  1  
[2025/08/10 19:55:09 346] tts        657  TTS_MSG_GETAUDIO  0  
[2025/08/10 19:55:09 346] tts        485  get audio|use local  
[2025/08/10 19:55:09 346] tts        527  0  nil  1  
[2025/08/10 19:55:09 346] tts        657  TTS_MSG_GETAUDIO  0  
[2025/08/10 19:55:09 346] tts        485  get audio|use local  
[2025/08/10 19:55:09 347] tts        527  0  nil  1  
[2025/08/10 19:55:09 347] tts        657  TTS_MSG_GETAUDIO  0  
[2025/08/10 19:55:09 347] tts        485  get audio|use local  
[2025/08/10 19:55:09 347] tts        527  0  nil  1  
[2025/08/10 19:55:09 348] tts        657  TTS_MSG_GETAUDIO  0  
[2025/08/10 19:55:09 348] tts        485  get audio|use local  
[2025/08/10 19:55:09 348] tts        527  0  nil  1  
[2025/08/10 19:55:09 348] tts        657  TTS_MSG_GETAUDIO  0  
[2025/08/10 19:55:09 349] tts        485  get audio|use local  
[2025/08/10 19:55:09 349] tts        527  0  nil  1  
[2025/08/10 19:55:09 350] tts        657  TTS_MSG_GETAUDIO  0  
[2025/08/10 19:55:09 350] tts        485  get audio|use local  
[2025/08/10 19:55:09 350] tts        527  0  nil  1  
[2025/08/10 19:55:09 351] tts        657  TTS_MSG_GETAUDIO  0  
[2025/08/10 19:55:09 351] tts        485  get audio|use local  
[2025/08/10 19:55:09 351] tts        527  0  nil  1  
[2025/08/10 19:55:09 351] tts        657  TTS_MSG_GETAUDIO  0  
[2025/08/10 19:55:09 352] tts        485  get audio|use local  
[2025/08/10 19:55:09 352] tts        527  0  nil  1  
[2025/08/10 19:55:09 352] tts        657  TTS_MSG_GETAUDIO  0  
[2025/08/10 19:55:09 353] tts        485  get audio|use local  
[2025/08/10 19:55:09 353] tts        527  0  nil  1  
[2025/08/10 19:55:09 354] tts        657  TTS_MSG_GETAUDIO  0  
[2025/08/10 19:55:09 354] tts        485  get audio|use local  
[2025/08/10 19:55:09 354] tts        527  0  nil  1  
[2025/08/10 19:55:09 354] tts        299  TTS_LOCAL_CB_BEGIN  
[2025/08/10 19:55:09 354] tts        657  TTS_MSG_GETAUDIO  0  
[2025/08/10 19:55:09 354] tts        485  get audio|use local  
[2025/08/10 19:55:09 354] tts        527  0  nil  1  
[2025/08/10 19:55:09 355] tts        657  TTS_MSG_GETAUDIO  0  
[2025/08/10 19:55:09 355] tts        485  get audio|use local  
[2025/08/10 19:55:09 355] tts        527  0  nil  1  
[2025/08/10 19:55:09 356] tts        657  TTS_MSG_GETAUDIO  0  
[2025/08/10 19:55:09 356] tts        485  get audio|use local  
[2025/08/10 19:55:09 356] tts        527  0  nil  1  
[2025/08/10 19:55:09 356] tts        657  TTS_MSG_GETAUDIO  0  
[2025/08/10 19:55:09 356] tts        485  get audio|use local  
[2025/08/10 19:55:09 356] tts        527  0  nil  1  
[2025/08/10 19:55:09 357] tts        657  TTS_MSG_GETAUDIO  0  
[2025/08/10 19:55:09 357] tts        485  get audio|use local  
[2025/08/10 19:55:09 357] tts        527  0  nil  1  
[2025/08/10 19:55:09 357] tts        657  TTS_MSG_GETAUDIO  0  
[2025/08/10 19:55:09 357] tts        485  get audio|use local  
[2025/08/10 19:55:09 357] tts        527  0  nil  1  
[2025/08/10 19:55:09 358] tts        657  TTS_MSG_GETAUDIO  0  
[2025/08/10 19:55:09 358] tts        485  get audio|use local  
[2025/08/10 19:55:09 358] tts        527  0  nil  1  
[2025/08/10 19:55:09 359] tts        657  TTS_MSG_GETAUDIO  0  
[2025/08/10 19:55:09 359] tts        485  get audio|use local  
[2025/08/10 19:55:09 359] tts        498  local audiolen:  2042  ,ced:  16  
[2025/08/10 19:55:09 360] tts        527  0  udata(8407faa8) 1  
[2025/08/10 19:55:09 360] tts        657  TTS_MSG_GETAUDIO  0  
[2025/08/10 19:55:09 360] tts        485  get audio|use local  
[2025/08/10 19:55:09 360] tts        498  local audiolen:  2016  ,ced:  16  
[2025/08/10 19:55:09 360] tts        527  0  udata(8407fcb8) 1  
[2025/08/10 19:55:09 361] tts        657  TTS_MSG_GETAUDIO  0  
[2025/08/10 19:55:09 361] tts        485  get audio|use local  
[2025/08/10 19:55:09 361] tts        527  0  nil  1  
[2025/08/10 19:55:09 361] tts        657  TTS_MSG_GETAUDIO  0  
[2025/08/10 19:55:09 362] tts        485  get audio|use local  
[2025/08/10 19:55:09 362] tts        527  0  nil  1  
[2025/08/10 19:55:09 363] tts        657  TTS_MSG_GETAUDIO  0  
[2025/08/10 19:55:09 363] tts        485  get audio|use local  
[2025/08/10 19:55:09 363] tts        498  local audiolen:  1970  ,ced:  16  
[2025/08/10 19:55:09 363] tts        527  0  udata(84087ea8) 1  
[2025/08/10 19:55:09 365] tts        657  TTS_MSG_GETAUDIO  0  
[2025/08/10 19:55:09 365] tts        485  get audio|use local  
[2025/08/10 19:55:09 365] tts        498  local audiolen:  1900  ,ced:  16  
[2025/08/10 19:55:09 366] tts        527  0  udata(84088148) 1  
[2025/08/10 19:55:09 366] tts        657  TTS_MSG_GETAUDIO  0  
[2025/08/10 19:55:09 366] tts        485  get audio|use local  
[2025/08/10 19:55:09 366] tts        498  local audiolen:  1972  ,ced:  16  
[2025/08/10 19:55:09 366] tts        527  0  udata(84087ff8) 1  
[2025/08/10 19:55:09 367] tts        657  TTS_MSG_GETAUDIO  0  
[2025/08/10 19:55:09 367] tts        485  get audio|use local  
[2025/08/10 19:55:09 368] tts        498  local audiolen:  1982  ,ced:  16  
[2025/08/10 19:55:09 368] tts        527  0  udata(8407ccd8) 1  
[2025/08/10 19:55:09 368] tts        657  TTS_MSG_GETAUDIO  0  
[2025/08/10 19:55:09 368] tts        485  get audio|use local  
[2025/08/10 19:55:09 369] tts        498  local audiolen:  2046  ,ced:  16  
[2025/08/10 19:55:09 369] tts        527  0  udata(8407cd28) 1  
[2025/08/10 19:55:09 369] tts        657  TTS_MSG_GETAUDIO  0  
[2025/08/10 19:55:09 369] tts        485  get audio|use local  
[2025/08/10 19:55:09 369] tts        498  local audiolen:  1970  ,ced:  16  
[2025/08/10 19:55:09 370] tts        527  0  udata(8407ce78) 1  
[2025/08/10 19:55:09 372] tts        657  TTS_MSG_GETAUDIO  0  
[2025/08/10 19:55:09 372] tts        485  get audio|use local  
[2025/08/10 19:55:09 373] tts        498  local audiolen:  1932  ,ced:  16  
[2025/08/10 19:55:09 373] tts        527  0  udata(8407e868) 1  
[2025/08/10 19:55:09 378] tts        657  TTS_MSG_GETAUDIO  0  
[2025/08/10 19:55:09 378] tts        485  get audio|use local  
[2025/08/10 19:55:09 378] tts        498  local audiolen:  1994  ,ced:  16  
[2025/08/10 19:55:09 379] tts        527  0  udata(8407f8a8) 1  
[2025/08/10 19:55:09 380] tts        657  TTS_MSG_GETAUDIO  0  
[2025/08/10 19:55:09 380] tts        485  get audio|use local  
[2025/08/10 19:55:09 380] tts        498  local audiolen:  2008  ,ced:  16  
[2025/08/10 19:55:09 380] tts        527  0  udata(8407dde8) 1  
[2025/08/10 19:55:09 381] tts        657  TTS_MSG_GETAUDIO  0  
[2025/08/10 19:55:09 382] tts        485  get audio|use local  
[2025/08/10 19:55:09 382] tts        498  local audiolen:  1932  ,ced:  16  
[2025/08/10 19:55:09 382] tts        527  0  udata(8407df38) 1  
[2025/08/10 19:55:09 383] tts        657  TTS_MSG_GETAUDIO  0  
[2025/08/10 19:55:09 383] tts        485  get audio|use local  
[2025/08/10 19:55:09 383] tts        498  local audiolen:  2044  ,ced:  16  
[2025/08/10 19:55:09 383] tts        527  0  udata(8407e088) 1  
[2025/08/10 19:55:09 385] tts        657  TTS_MSG_GETAUDIO  0  
[2025/08/10 19:55:09 385] tts        485  get audio|use local  
[2025/08/10 19:55:09 385] tts        498  local audiolen:  2014  ,ced:  16  
[2025/08/10 19:55:09 385] tts        527  0  udata(8407e1d8) 1  
[2025/08/10 19:55:09 387] tts        301  0  0  
[2025/08/10 19:55:09 387] tts        312  TTS_LOCAL_CB_END,  2  
[2025/08/10 19:55:09 388] tts        657  TTS_MSG_GETAUDIO  0  
[2025/08/10 19:55:09 388] tts        485  get audio|use local  
[2025/08/10 19:55:09 388] tts        498  local audiolen:  1982  ,ced:  16  
[2025/08/10 19:55:09 388] tts        527  0  udata(8407e478) 1  
[2025/08/10 19:55:09 389] tts        657  TTS_MSG_GETAUDIO  0  
[2025/08/10 19:55:09 389] tts        485  get audio|use local  
[2025/08/10 19:55:09 389] tts        498  local audiolen:  2006  ,ced:  16  
[2025/08/10 19:55:09 389] tts        527  0  udata(8407e4c8) 1  
[2025/08/10 19:55:09 390] tts        657  TTS_MSG_GETAUDIO  0  
[2025/08/10 19:55:09 390] tts        485  get audio|use local  
[2025/08/10 19:55:09 390] tts        498  local audiolen:  1964  ,ced:  16  
[2025/08/10 19:55:09 390] tts        527  0  udata(8407f218) 1  
[2025/08/10 19:55:09 391] tts        657  TTS_MSG_GETAUDIO  0  
[2025/08/10 19:55:09 391] tts        485  get audio|use local  
[2025/08/10 19:55:09 391] tts        498  local audiolen:  2046  ,ced:  16  
[2025/08/10 19:55:09 391] tts        527  0  udata(8407f268) 1  
[2025/08/10 19:55:09 392] tts        657  TTS_MSG_GETAUDIO  0  
[2025/08/10 19:55:09 392] tts        485  get audio|use local  
[2025/08/10 19:55:09 392] tts        498  local audiolen:  1940  ,ced:  16  
[2025/08/10 19:55:09 392] tts        527  0  udata(8407f2b8) 1  
[2025/08/10 19:55:09 393] tts        657  TTS_MSG_GETAUDIO  0  
[2025/08/10 19:55:09 393] tts        485  get audio|use local  
[2025/08/10 19:55:09 393] tts        498  local audiolen:  2000  ,ced:  16  
[2025/08/10 19:55:09 393] tts        527  0  udata(8407f308) 1  
[2025/08/10 19:55:09 394] tts        657  TTS_MSG_GETAUDIO  0  
[2025/08/10 19:55:09 394] tts        485  get audio|use local  
[2025/08/10 19:55:09 394] tts        498  local audiolen:  1940  ,ced:  16  
[2025/08/10 19:55:09 394] tts        527  0  udata(8407f358) 1  
[2025/08/10 19:55:09 395] tts        657  TTS_MSG_GETAUDIO  0  
[2025/08/10 19:55:09 395] tts        485  get audio|use local  
[2025/08/10 19:55:09 395] tts        498  local audiolen:  2048  ,ced:  16  
[2025/08/10 19:55:09 396] tts        527  0  udata(8407f3a8) 1  
[2025/08/10 19:55:09 396] tts        657  TTS_MSG_GETAUDIO  0  
[2025/08/10 19:55:09 396] tts        485  get audio|use local  
[2025/08/10 19:55:09 396] tts        498  local audiolen:  2016  ,ced:  16  
[2025/08/10 19:55:09 397] tts        527  0  udata(8407f3f8) 1  
[2025/08/10 19:55:09 397] tts        657  TTS_MSG_GETAUDIO  0  
[2025/08/10 19:55:09 398] tts        485  get audio|use local  
[2025/08/10 19:55:09 398] tts        498  local audiolen:  576  ,ced:  16  
[2025/08/10 19:55:09 398] tts        527  0  udata(8407f698) 2  
[2025/08/10 19:55:09 399] tts        660  TTS_MSG_SSE  
[2025/08/10 19:55:09 400] tts        585  sse|use local  
[2025/08/10 19:55:09 403] tts        603  tts exit  
