============================================================
Time  2025/07/10 16:11:41 324 
============================================================
[2025/07/10 16:11:41 325] tts        676  SYS_MSG_REGCB param0 =  msp_status_cb  param1 =  func(90014a30) 
[2025/07/10 16:11:41 329] config     43   use general cloud  
[2025/07/10 16:11:41 340] tts_cloud  1417 SYS_MSG_REGCB_CLOUD param0 =   msp_status_cb  param1 =  func(90014a30) 
[2025/07/10 16:11:41 340] tts        647  TTS_MSG_SSB  
[2025/07/10 16:11:41 340] tts        375  params =  engine_type = local,voice_name=xiaoyan, text_encoding = UTF8, tts_res_path = fo|res/tts/xiaoyan.jet;fo|res/tts/common.jet, sample_rate = 16000, speed = 50, volume = 80, pitch = 50, rdn = 2  
[2025/07/10 16:11:41 341] tts        412  ssb|use local  
[2025/07/10 16:11:41 341] tts        349  local_session_begin  
[2025/07/10 16:11:41 346] tts        654  TTS_MSG_SYN  0  
[2025/07/10 16:11:41 346] tts        451  synth|use local  
[2025/07/10 16:11:41 348] tts        657  TTS_MSG_GETAUDIO  0  
[2025/07/10 16:11:41 348] tts        485  get audio|use local  
[2025/07/10 16:11:41 348] tts        527  0  nil  1  
[2025/07/10 16:11:41 350] tts        657  TTS_MSG_GETAUDIO  0  
[2025/07/10 16:11:41 350] tts        485  get audio|use local  
[2025/07/10 16:11:41 350] tts        527  0  nil  1  
[2025/07/10 16:11:41 351] tts        657  TTS_MSG_GETAUDIO  0  
[2025/07/10 16:11:41 351] tts        485  get audio|use local  
[2025/07/10 16:11:41 352] tts        527  0  nil  1  
[2025/07/10 16:11:41 352] tts        657  TTS_MSG_GETAUDIO  0  
[2025/07/10 16:11:41 352] tts        485  get audio|use local  
[2025/07/10 16:11:41 353] tts        527  0  nil  1  
[2025/07/10 16:11:41 353] tts        657  TTS_MSG_GETAUDIO  0  
[2025/07/10 16:11:41 354] tts        485  get audio|use local  
[2025/07/10 16:11:41 354] tts        527  0  nil  1  
[2025/07/10 16:11:41 354] tts        657  TTS_MSG_GETAUDIO  0  
[2025/07/10 16:11:41 355] tts        485  get audio|use local  
[2025/07/10 16:11:41 355] tts        527  0  nil  1  
[2025/07/10 16:11:41 356] tts        657  TTS_MSG_GETAUDIO  0  
[2025/07/10 16:11:41 356] tts        485  get audio|use local  
[2025/07/10 16:11:41 356] tts        527  0  nil  1  
[2025/07/10 16:11:41 357] tts        657  TTS_MSG_GETAUDIO  0  
[2025/07/10 16:11:41 357] tts        485  get audio|use local  
[2025/07/10 16:11:41 357] tts        527  0  nil  1  
[2025/07/10 16:11:41 358] tts        657  TTS_MSG_GETAUDIO  0  
[2025/07/10 16:11:41 358] tts        485  get audio|use local  
[2025/07/10 16:11:41 358] tts        527  0  nil  1  
[2025/07/10 16:11:41 359] tts        657  TTS_MSG_GETAUDIO  0  
[2025/07/10 16:11:41 359] tts        485  get audio|use local  
[2025/07/10 16:11:41 359] tts        527  0  nil  1  
[2025/07/10 16:11:41 361] tts        657  TTS_MSG_GETAUDIO  0  
[2025/07/10 16:11:41 361] tts        485  get audio|use local  
[2025/07/10 16:11:41 361] tts        527  0  nil  1  
[2025/07/10 16:11:41 371] tts        657  TTS_MSG_GETAUDIO  0  
[2025/07/10 16:11:41 371] tts        485  get audio|use local  
[2025/07/10 16:11:41 371] tts        527  0  nil  1  
[2025/07/10 16:11:41 373] tts        657  TTS_MSG_GETAUDIO  0  
[2025/07/10 16:11:41 374] tts        485  get audio|use local  
[2025/07/10 16:11:41 374] tts        527  0  nil  1  
[2025/07/10 16:11:41 375] tts        657  TTS_MSG_GETAUDIO  0  
[2025/07/10 16:11:41 375] tts        485  get audio|use local  
[2025/07/10 16:11:41 375] tts        527  0  nil  1  
[2025/07/10 16:11:41 379] tts        657  TTS_MSG_GETAUDIO  0  
[2025/07/10 16:11:41 379] tts        485  get audio|use local  
[2025/07/10 16:11:41 379] tts        527  0  nil  1  
[2025/07/10 16:11:41 380] tts        657  TTS_MSG_GETAUDIO  0  
[2025/07/10 16:11:41 381] tts        485  get audio|use local  
[2025/07/10 16:11:41 381] tts        527  0  nil  1  
[2025/07/10 16:11:41 382] tts        657  TTS_MSG_GETAUDIO  0  
[2025/07/10 16:11:41 382] tts        485  get audio|use local  
[2025/07/10 16:11:41 382] tts        527  0  nil  1  
[2025/07/10 16:11:41 387] tts        657  TTS_MSG_GETAUDIO  0  
[2025/07/10 16:11:41 388] tts        485  get audio|use local  
[2025/07/10 16:11:41 388] tts        527  0  nil  1  
[2025/07/10 16:11:41 389] tts        657  TTS_MSG_GETAUDIO  0  
[2025/07/10 16:11:41 389] tts        485  get audio|use local  
[2025/07/10 16:11:41 389] tts        527  0  nil  1  
[2025/07/10 16:11:41 390] tts        657  TTS_MSG_GETAUDIO  0  
[2025/07/10 16:11:41 390] tts        485  get audio|use local  
[2025/07/10 16:11:41 390] tts        527  0  nil  1  
[2025/07/10 16:11:41 392] tts        657  TTS_MSG_GETAUDIO  0  
[2025/07/10 16:11:41 392] tts        485  get audio|use local  
[2025/07/10 16:11:41 392] tts        527  0  nil  1  
[2025/07/10 16:11:41 393] tts        657  TTS_MSG_GETAUDIO  0  
[2025/07/10 16:11:41 393] tts        485  get audio|use local  
[2025/07/10 16:11:41 393] tts        527  0  nil  1  
[2025/07/10 16:11:41 394] tts        657  TTS_MSG_GETAUDIO  0  
[2025/07/10 16:11:41 394] tts        485  get audio|use local  
[2025/07/10 16:11:41 394] tts        527  0  nil  1  
[2025/07/10 16:11:41 396] tts        657  TTS_MSG_GETAUDIO  0  
[2025/07/10 16:11:41 396] tts        485  get audio|use local  
[2025/07/10 16:11:41 396] tts        527  0  nil  1  
[2025/07/10 16:11:41 397] tts        657  TTS_MSG_GETAUDIO  0  
[2025/07/10 16:11:41 397] tts        485  get audio|use local  
[2025/07/10 16:11:41 397] tts        527  0  nil  1  
[2025/07/10 16:11:41 398] tts        657  TTS_MSG_GETAUDIO  0  
[2025/07/10 16:11:41 398] tts        485  get audio|use local  
[2025/07/10 16:11:41 398] tts        527  0  nil  1  
[2025/07/10 16:11:41 399] tts        657  TTS_MSG_GETAUDIO  0  
[2025/07/10 16:11:41 399] tts        485  get audio|use local  
[2025/07/10 16:11:41 399] tts        527  0  nil  1  
[2025/07/10 16:11:41 400] tts        657  TTS_MSG_GETAUDIO  0  
[2025/07/10 16:11:41 400] tts        485  get audio|use local  
[2025/07/10 16:11:41 400] tts        527  0  nil  1  
[2025/07/10 16:11:41 401] tts        657  TTS_MSG_GETAUDIO  0  
[2025/07/10 16:11:41 401] tts        485  get audio|use local  
[2025/07/10 16:11:41 401] tts        527  0  nil  1  
[2025/07/10 16:11:41 412] tts        657  TTS_MSG_GETAUDIO  0  
[2025/07/10 16:11:41 412] tts        485  get audio|use local  
[2025/07/10 16:11:41 412] tts        527  0  nil  1  
[2025/07/10 16:11:41 413] tts        657  TTS_MSG_GETAUDIO  0  
[2025/07/10 16:11:41 413] tts        485  get audio|use local  
[2025/07/10 16:11:41 413] tts        527  0  nil  1  
[2025/07/10 16:11:41 414] tts        657  TTS_MSG_GETAUDIO  0  
[2025/07/10 16:11:41 414] tts        485  get audio|use local  
[2025/07/10 16:11:41 414] tts        527  0  nil  1  
[2025/07/10 16:11:41 414] tts        657  TTS_MSG_GETAUDIO  0  
[2025/07/10 16:11:41 415] tts        485  get audio|use local  
[2025/07/10 16:11:41 415] tts        527  0  nil  1  
[2025/07/10 16:11:41 415] tts        657  TTS_MSG_GETAUDIO  0  
[2025/07/10 16:11:41 415] tts        485  get audio|use local  
[2025/07/10 16:11:41 416] tts        527  0  nil  1  
[2025/07/10 16:11:41 416] tts        657  TTS_MSG_GETAUDIO  0  
[2025/07/10 16:11:41 416] tts        485  get audio|use local  
[2025/07/10 16:11:41 416] tts        527  0  nil  1  
[2025/07/10 16:11:41 417] tts        657  TTS_MSG_GETAUDIO  0  
[2025/07/10 16:11:41 417] tts        485  get audio|use local  
[2025/07/10 16:11:41 417] tts        527  0  nil  1  
[2025/07/10 16:11:41 418] tts        657  TTS_MSG_GETAUDIO  0  
[2025/07/10 16:11:41 418] tts        485  get audio|use local  
[2025/07/10 16:11:41 418] tts        527  0  nil  1  
[2025/07/10 16:11:41 419] tts        657  TTS_MSG_GETAUDIO  0  
[2025/07/10 16:11:41 419] tts        485  get audio|use local  
[2025/07/10 16:11:41 419] tts        527  0  nil  1  
[2025/07/10 16:11:41 420] tts        657  TTS_MSG_GETAUDIO  0  
[2025/07/10 16:11:41 420] tts        485  get audio|use local  
[2025/07/10 16:11:41 420] tts        527  0  nil  1  
[2025/07/10 16:11:41 421] tts        657  TTS_MSG_GETAUDIO  0  
[2025/07/10 16:11:41 421] tts        485  get audio|use local  
[2025/07/10 16:11:41 421] tts        527  0  nil  1  
[2025/07/10 16:11:41 422] tts        657  TTS_MSG_GETAUDIO  0  
[2025/07/10 16:11:41 422] tts        485  get audio|use local  
[2025/07/10 16:11:41 422] tts        527  0  nil  1  
[2025/07/10 16:11:41 422] tts        657  TTS_MSG_GETAUDIO  0  
[2025/07/10 16:11:41 423] tts        485  get audio|use local  
[2025/07/10 16:11:41 423] tts        527  0  nil  1  
[2025/07/10 16:11:41 423] tts        657  TTS_MSG_GETAUDIO  0  
[2025/07/10 16:11:41 423] tts        485  get audio|use local  
[2025/07/10 16:11:41 424] tts        527  0  nil  1  
[2025/07/10 16:11:41 424] tts        657  TTS_MSG_GETAUDIO  0  
[2025/07/10 16:11:41 424] tts        485  get audio|use local  
[2025/07/10 16:11:41 424] tts        527  0  nil  1  
[2025/07/10 16:11:41 425] tts        657  TTS_MSG_GETAUDIO  0  
[2025/07/10 16:11:41 425] tts        485  get audio|use local  
[2025/07/10 16:11:41 425] tts        527  0  nil  1  
[2025/07/10 16:11:41 426] tts        657  TTS_MSG_GETAUDIO  0  
[2025/07/10 16:11:41 428] tts        485  get audio|use local  
[2025/07/10 16:11:41 428] tts        527  0  nil  1  
[2025/07/10 16:11:41 429] tts        657  TTS_MSG_GETAUDIO  0  
[2025/07/10 16:11:41 429] tts        485  get audio|use local  
[2025/07/10 16:11:41 429] tts        527  0  nil  1  
[2025/07/10 16:11:41 430] tts        657  TTS_MSG_GETAUDIO  0  
[2025/07/10 16:11:41 430] tts        485  get audio|use local  
[2025/07/10 16:11:41 430] tts        527  0  nil  1  
[2025/07/10 16:11:41 431] tts        657  TTS_MSG_GETAUDIO  0  
[2025/07/10 16:11:41 431] tts        485  get audio|use local  
[2025/07/10 16:11:41 431] tts        527  0  nil  1  
[2025/07/10 16:11:41 432] tts        657  TTS_MSG_GETAUDIO  0  
[2025/07/10 16:11:41 432] tts        485  get audio|use local  
[2025/07/10 16:11:41 432] tts        527  0  nil  1  
[2025/07/10 16:11:41 432] tts        657  TTS_MSG_GETAUDIO  0  
[2025/07/10 16:11:41 433] tts        485  get audio|use local  
[2025/07/10 16:11:41 433] tts        527  0  nil  1  
[2025/07/10 16:11:41 434] tts        657  TTS_MSG_GETAUDIO  0  
[2025/07/10 16:11:41 434] tts        485  get audio|use local  
[2025/07/10 16:11:41 434] tts        527  0  nil  1  
[2025/07/10 16:11:41 434] tts        657  TTS_MSG_GETAUDIO  0  
[2025/07/10 16:11:41 434] tts        485  get audio|use local  
[2025/07/10 16:11:41 435] tts        527  0  nil  1  
[2025/07/10 16:11:41 435] tts        657  TTS_MSG_GETAUDIO  0  
[2025/07/10 16:11:41 435] tts        485  get audio|use local  
[2025/07/10 16:11:41 435] tts        527  0  nil  1  
[2025/07/10 16:11:41 436] tts        657  TTS_MSG_GETAUDIO  0  
[2025/07/10 16:11:41 436] tts        485  get audio|use local  
[2025/07/10 16:11:41 436] tts        527  0  nil  1  
[2025/07/10 16:11:41 437] tts        657  TTS_MSG_GETAUDIO  0  
[2025/07/10 16:11:41 437] tts        485  get audio|use local  
[2025/07/10 16:11:41 437] tts        527  0  nil  1  
[2025/07/10 16:11:41 438] tts        657  TTS_MSG_GETAUDIO  0  
[2025/07/10 16:11:41 438] tts        485  get audio|use local  
[2025/07/10 16:11:41 438] tts        527  0  nil  1  
[2025/07/10 16:11:41 439] tts        657  TTS_MSG_GETAUDIO  0  
[2025/07/10 16:11:41 439] tts        485  get audio|use local  
[2025/07/10 16:11:41 439] tts        527  0  nil  1  
[2025/07/10 16:11:41 439] tts        657  TTS_MSG_GETAUDIO  0  
[2025/07/10 16:11:41 439] tts        485  get audio|use local  
[2025/07/10 16:11:41 440] tts        527  0  nil  1  
[2025/07/10 16:11:41 440] tts        657  TTS_MSG_GETAUDIO  0  
[2025/07/10 16:11:41 440] tts        485  get audio|use local  
[2025/07/10 16:11:41 440] tts        527  0  nil  1  
[2025/07/10 16:11:41 441] tts        657  TTS_MSG_GETAUDIO  0  
[2025/07/10 16:11:41 441] tts        485  get audio|use local  
[2025/07/10 16:11:41 441] tts        527  0  nil  1  
[2025/07/10 16:11:41 442] tts        657  TTS_MSG_GETAUDIO  0  
[2025/07/10 16:11:41 442] tts        485  get audio|use local  
[2025/07/10 16:11:41 442] tts        527  0  nil  1  
[2025/07/10 16:11:41 443] tts        657  TTS_MSG_GETAUDIO  0  
[2025/07/10 16:11:41 443] tts        485  get audio|use local  
[2025/07/10 16:11:41 443] tts        527  0  nil  1  
[2025/07/10 16:11:41 444] tts        657  TTS_MSG_GETAUDIO  0  
[2025/07/10 16:11:41 445] tts        485  get audio|use local  
[2025/07/10 16:11:41 445] tts        527  0  nil  1  
[2025/07/10 16:11:41 450] tts        657  TTS_MSG_GETAUDIO  0  
[2025/07/10 16:11:41 450] tts        485  get audio|use local  
[2025/07/10 16:11:41 450] tts        527  0  nil  1  
[2025/07/10 16:11:41 451] tts        657  TTS_MSG_GETAUDIO  0  
[2025/07/10 16:11:41 451] tts        485  get audio|use local  
[2025/07/10 16:11:41 451] tts        527  0  nil  1  
[2025/07/10 16:11:41 464] tts        657  TTS_MSG_GETAUDIO  0  
[2025/07/10 16:11:41 464] tts        485  get audio|use local  
[2025/07/10 16:11:41 465] tts        527  0  nil  1  
[2025/07/10 16:11:41 465] tts        657  TTS_MSG_GETAUDIO  0  
[2025/07/10 16:11:41 465] tts        485  get audio|use local  
[2025/07/10 16:11:41 465] tts        527  0  nil  1  
[2025/07/10 16:11:41 466] tts        657  TTS_MSG_GETAUDIO  0  
[2025/07/10 16:11:41 466] tts        485  get audio|use local  
[2025/07/10 16:11:41 466] tts        527  0  nil  1  
[2025/07/10 16:11:41 467] tts        657  TTS_MSG_GETAUDIO  0  
[2025/07/10 16:11:41 467] tts        485  get audio|use local  
[2025/07/10 16:11:41 467] tts        527  0  nil  1  
[2025/07/10 16:11:41 468] tts        657  TTS_MSG_GETAUDIO  0  
[2025/07/10 16:11:41 468] tts        485  get audio|use local  
[2025/07/10 16:11:41 468] tts        527  0  nil  1  
[2025/07/10 16:11:41 471] tts        657  TTS_MSG_GETAUDIO  0  
[2025/07/10 16:11:41 471] tts        485  get audio|use local  
[2025/07/10 16:11:41 471] tts        527  0  nil  1  
[2025/07/10 16:11:41 474] tts        657  TTS_MSG_GETAUDIO  0  
[2025/07/10 16:11:41 478] tts        485  get audio|use local  
[2025/07/10 16:11:41 480] tts        527  0  nil  1  
[2025/07/10 16:11:41 481] tts        657  TTS_MSG_GETAUDIO  0  
[2025/07/10 16:11:41 481] tts        485  get audio|use local  
[2025/07/10 16:11:41 481] tts        527  0  nil  1  
[2025/07/10 16:11:41 483] tts        657  TTS_MSG_GETAUDIO  0  
[2025/07/10 16:11:41 483] tts        485  get audio|use local  
[2025/07/10 16:11:41 483] tts        527  0  nil  1  
[2025/07/10 16:11:41 484] tts        657  TTS_MSG_GETAUDIO  0  
[2025/07/10 16:11:41 484] tts        485  get audio|use local  
[2025/07/10 16:11:41 484] tts        527  0  nil  1  
[2025/07/10 16:11:41 485] tts        657  TTS_MSG_GETAUDIO  0  
[2025/07/10 16:11:41 486] tts        485  get audio|use local  
[2025/07/10 16:11:41 486] tts        527  0  nil  1  
[2025/07/10 16:11:41 487] tts        657  TTS_MSG_GETAUDIO  0  
[2025/07/10 16:11:41 487] tts        485  get audio|use local  
[2025/07/10 16:11:41 487] tts        527  0  nil  1  
[2025/07/10 16:11:41 488] tts        657  TTS_MSG_GETAUDIO  0  
[2025/07/10 16:11:41 488] tts        485  get audio|use local  
[2025/07/10 16:11:41 488] tts        527  0  nil  1  
[2025/07/10 16:11:41 489] tts        657  TTS_MSG_GETAUDIO  0  
[2025/07/10 16:11:41 490] tts        485  get audio|use local  
[2025/07/10 16:11:41 490] tts        527  0  nil  1  
[2025/07/10 16:11:41 492] tts        657  TTS_MSG_GETAUDIO  0  
[2025/07/10 16:11:41 492] tts        485  get audio|use local  
[2025/07/10 16:11:41 492] tts        527  0  nil  1  
[2025/07/10 16:11:41 505] tts        657  TTS_MSG_GETAUDIO  0  
[2025/07/10 16:11:41 506] tts        485  get audio|use local  
[2025/07/10 16:11:41 506] tts        527  0  nil  1  
[2025/07/10 16:11:41 510] tts        657  TTS_MSG_GETAUDIO  0  
[2025/07/10 16:11:41 511] tts        485  get audio|use local  
[2025/07/10 16:11:41 512] tts        527  0  nil  1  
[2025/07/10 16:11:41 513] tts        657  TTS_MSG_GETAUDIO  0  
[2025/07/10 16:11:41 514] tts        485  get audio|use local  
[2025/07/10 16:11:41 515] tts        527  0  nil  1  
[2025/07/10 16:11:41 517] tts        657  TTS_MSG_GETAUDIO  0  
[2025/07/10 16:11:41 518] tts        485  get audio|use local  
[2025/07/10 16:11:41 518] tts        527  0  nil  1  
[2025/07/10 16:11:41 521] tts        657  TTS_MSG_GETAUDIO  0  
[2025/07/10 16:11:41 522] tts        485  get audio|use local  
[2025/07/10 16:11:41 522] tts        527  0  nil  1  
[2025/07/10 16:11:41 524] tts        657  TTS_MSG_GETAUDIO  0  
[2025/07/10 16:11:41 524] tts        485  get audio|use local  
[2025/07/10 16:11:41 530] tts        527  0  nil  1  
[2025/07/10 16:11:41 535] tts        299  TTS_LOCAL_CB_BEGIN  
[2025/07/10 16:11:41 536] tts        657  TTS_MSG_GETAUDIO  0  
[2025/07/10 16:11:41 536] tts        485  get audio|use local  
[2025/07/10 16:11:41 537] tts        498  local audiolen:  2042  ,ced:  16  
[2025/07/10 16:11:41 537] tts        527  0  udata(9006abc8) 1  
[2025/07/10 16:11:41 547] tts        657  TTS_MSG_GETAUDIO  0  
[2025/07/10 16:11:41 547] tts        485  get audio|use local  
[2025/07/10 16:11:41 547] tts        498  local audiolen:  2016  ,ced:  16  
[2025/07/10 16:11:41 547] tts        527  0  udata(90088188) 1  
[2025/07/10 16:11:41 557] tts        657  TTS_MSG_GETAUDIO  0  
[2025/07/10 16:11:41 557] tts        485  get audio|use local  
[2025/07/10 16:11:41 557] tts        498  local audiolen:  1970  ,ced:  16  
[2025/07/10 16:11:41 558] tts        527  0  udata(900881d8) 1  
[2025/07/10 16:11:41 570] tts        657  TTS_MSG_GETAUDIO  0  
[2025/07/10 16:11:41 570] tts        485  get audio|use local  
[2025/07/10 16:11:41 570] tts        498  local audiolen:  1900  ,ced:  16  
[2025/07/10 16:11:41 571] tts        527  0  udata(90087f58) 1  
[2025/07/10 16:11:41 577] tts        657  TTS_MSG_GETAUDIO  0  
[2025/07/10 16:11:41 577] tts        485  get audio|use local  
[2025/07/10 16:11:41 577] tts        498  local audiolen:  1972  ,ced:  16  
[2025/07/10 16:11:41 578] tts        527  0  udata(9007d268) 1  
[2025/07/10 16:11:41 586] tts        657  TTS_MSG_GETAUDIO  0  
[2025/07/10 16:11:41 586] tts        485  get audio|use local  
[2025/07/10 16:11:41 586] tts        498  local audiolen:  1982  ,ced:  16  
[2025/07/10 16:11:41 586] tts        527  0  udata(900877d8) 1  
[2025/07/10 16:11:41 591] tts        657  TTS_MSG_GETAUDIO  0  
[2025/07/10 16:11:41 591] tts        485  get audio|use local  
[2025/07/10 16:11:41 591] tts        498  local audiolen:  2046  ,ced:  16  
[2025/07/10 16:11:41 591] tts        527  0  udata(90087828) 1  
[2025/07/10 16:11:41 597] tts        657  TTS_MSG_GETAUDIO  0  
[2025/07/10 16:11:41 597] tts        485  get audio|use local  
[2025/07/10 16:11:41 597] tts        498  local audiolen:  1970  ,ced:  16  
[2025/07/10 16:11:41 598] tts        527  0  udata(90087878) 1  
[2025/07/10 16:11:41 599] tts        657  TTS_MSG_GETAUDIO  0  
[2025/07/10 16:11:41 599] tts        485  get audio|use local  
[2025/07/10 16:11:41 599] tts        498  local audiolen:  1932  ,ced:  16  
[2025/07/10 16:11:41 599] tts        527  0  udata(900878c8) 1  
[2025/07/10 16:11:41 600] tts        657  TTS_MSG_GETAUDIO  0  
[2025/07/10 16:11:41 600] tts        485  get audio|use local  
[2025/07/10 16:11:41 601] tts        498  local audiolen:  1996  ,ced:  16  
[2025/07/10 16:11:41 601] tts        527  0  udata(90087918) 1  
[2025/07/10 16:11:41 614] tts        657  TTS_MSG_GETAUDIO  0  
[2025/07/10 16:11:41 614] tts        485  get audio|use local  
[2025/07/10 16:11:41 615] tts        498  local audiolen:  2008  ,ced:  16  
[2025/07/10 16:11:41 615] tts        527  0  udata(90087968) 1  
[2025/07/10 16:11:41 624] tts        657  TTS_MSG_GETAUDIO  0  
[2025/07/10 16:11:41 624] tts        485  get audio|use local  
[2025/07/10 16:11:41 624] tts        498  local audiolen:  1934  ,ced:  16  
[2025/07/10 16:11:41 625] tts        527  0  udata(90087cb8) 1  
[2025/07/10 16:11:41 626] tts        657  TTS_MSG_GETAUDIO  0  
[2025/07/10 16:11:41 626] tts        485  get audio|use local  
[2025/07/10 16:11:41 626] tts        498  local audiolen:  1992  ,ced:  16  
[2025/07/10 16:11:41 627] tts        527  0  udata(90087d08) 1  
[2025/07/10 16:11:41 628] tts        657  TTS_MSG_GETAUDIO  0  
[2025/07/10 16:11:41 628] tts        485  get audio|use local  
[2025/07/10 16:11:41 628] tts        498  local audiolen:  2016  ,ced:  16  
[2025/07/10 16:11:41 629] tts        527  0  udata(90087d58) 1  
[2025/07/10 16:11:41 653] tts        657  TTS_MSG_GETAUDIO  0  
[2025/07/10 16:11:41 653] tts        485  get audio|use local  
[2025/07/10 16:11:41 654] tts        498  local audiolen:  1942  ,ced:  16  
[2025/07/10 16:11:41 654] tts        527  0  udata(90087da8) 1  
[2025/07/10 16:11:41 655] tts        657  TTS_MSG_GETAUDIO  0  
[2025/07/10 16:11:41 655] tts        485  get audio|use local  
[2025/07/10 16:11:41 656] tts        498  local audiolen:  2046  ,ced:  16  
[2025/07/10 16:11:41 656] tts        527  0  udata(90087df8) 1  
[2025/07/10 16:11:41 658] tts        657  TTS_MSG_GETAUDIO  0  
[2025/07/10 16:11:41 658] tts        485  get audio|use local  
[2025/07/10 16:11:41 658] tts        498  local audiolen:  1974  ,ced:  16  
[2025/07/10 16:11:41 658] tts        527  0  udata(90087e48) 1  
[2025/07/10 16:11:41 686] tts        657  TTS_MSG_GETAUDIO  0  
[2025/07/10 16:11:41 687] tts        485  get audio|use local  
[2025/07/10 16:11:41 687] tts        527  0  nil  1  
[2025/07/10 16:11:41 705] tts        301  0  0  
[2025/07/10 16:11:41 705] tts        312  TTS_LOCAL_CB_END,  2  
[2025/07/10 16:11:41 706] tts        657  TTS_MSG_GETAUDIO  0  
[2025/07/10 16:11:41 706] tts        485  get audio|use local  
[2025/07/10 16:11:41 706] tts        498  local audiolen:  2000  ,ced:  16  
[2025/07/10 16:11:41 707] tts        527  0  udata(9007e148) 1  
[2025/07/10 16:11:41 708] tts        657  TTS_MSG_GETAUDIO  0  
[2025/07/10 16:11:41 708] tts        485  get audio|use local  
[2025/07/10 16:11:41 708] tts        498  local audiolen:  2010  ,ced:  16  
[2025/07/10 16:11:41 708] tts        527  0  udata(9007d968) 1  
[2025/07/10 16:11:41 719] tts        657  TTS_MSG_GETAUDIO  0  
[2025/07/10 16:11:41 719] tts        485  get audio|use local  
[2025/07/10 16:11:41 719] tts        498  local audiolen:  1910  ,ced:  16  
[2025/07/10 16:11:41 720] tts        527  0  udata(9007e198) 1  
[2025/07/10 16:11:41 725] tts        657  TTS_MSG_GETAUDIO  0  
[2025/07/10 16:11:41 725] tts        485  get audio|use local  
[2025/07/10 16:11:41 730] tts        498  local audiolen:  1982  ,ced:  16  
[2025/07/10 16:11:41 730] tts        527  0  udata(9007d9b8) 1  
[2025/07/10 16:11:41 733] tts        657  TTS_MSG_GETAUDIO  0  
[2025/07/10 16:11:41 733] tts        485  get audio|use local  
[2025/07/10 16:11:41 734] tts        498  local audiolen:  1852  ,ced:  16  
[2025/07/10 16:11:41 734] tts        527  0  udata(9007da08) 1  
[2025/07/10 16:11:41 741] tts        657  TTS_MSG_GETAUDIO  0  
[2025/07/10 16:11:41 741] tts        485  get audio|use local  
[2025/07/10 16:11:41 742] tts        498  local audiolen:  1974  ,ced:  16  
[2025/07/10 16:11:41 751] tts        527  0  udata(9007da58) 1  
[2025/07/10 16:11:41 754] tts        657  TTS_MSG_GETAUDIO  0  
[2025/07/10 16:11:41 754] tts        485  get audio|use local  
[2025/07/10 16:11:41 754] tts        498  local audiolen:  960  ,ced:  16  
[2025/07/10 16:11:41 754] tts        527  0  udata(9007de78) 2  
[2025/07/10 16:11:41 756] tts        660  TTS_MSG_SSE  
[2025/07/10 16:11:41 759] tts        585  sse|use local  
[2025/07/10 16:11:41 773] tts        603  tts exit  
