============================================================
Time  2025/08/10 20:33:19 214 
============================================================
[2025/08/10 20:33:19 214] tts        676  SYS_MSG_REGCB param0 =  msp_status_cb  param1 =  func(8c014a30) 
[2025/08/10 20:33:19 217] config     43   use general cloud  
[2025/08/10 20:33:19 222] tts_cloud  1417 SYS_MSG_REGCB_CLOUD param0 =   msp_status_cb  param1 =  func(8c014a30) 
[2025/08/10 20:33:19 223] tts        647  TTS_MSG_SSB  
[2025/08/10 20:33:19 223] tts        375  params =  engine_type = local,voice_name=xiaoyan, text_encoding = UTF8, tts_res_path = fo|res/tts/xiaoyan.jet;fo|res/tts/common.jet, sample_rate = 16000, speed = 50, volume = 80, pitch = 50, rdn = 2  
[2025/08/10 20:33:19 223] tts        412  ssb|use local  
[2025/08/10 20:33:19 223] tts        349  local_session_begin  
[2025/08/10 20:33:19 227] tts        654  TTS_MSG_SYN  0  
[2025/08/10 20:33:19 227] tts        451  synth|use local  
[2025/08/10 20:33:19 229] tts        657  TTS_MSG_GETAUDIO  0  
[2025/08/10 20:33:19 229] tts        485  get audio|use local  
[2025/08/10 20:33:19 229] tts        527  0  nil  1  
[2025/08/10 20:33:19 230] tts        657  TTS_MSG_GETAUDIO  0  
[2025/08/10 20:33:19 231] tts        485  get audio|use local  
[2025/08/10 20:33:19 231] tts        527  0  nil  1  
[2025/08/10 20:33:19 232] tts        657  TTS_MSG_GETAUDIO  0  
[2025/08/10 20:33:19 232] tts        485  get audio|use local  
[2025/08/10 20:33:19 232] tts        527  0  nil  1  
[2025/08/10 20:33:19 236] tts        657  TTS_MSG_GETAUDIO  0  
[2025/08/10 20:33:19 236] tts        485  get audio|use local  
[2025/08/10 20:33:19 236] tts        527  0  nil  1  
[2025/08/10 20:33:19 237] tts        657  TTS_MSG_GETAUDIO  0  
[2025/08/10 20:33:19 237] tts        485  get audio|use local  
[2025/08/10 20:33:19 237] tts        527  0  nil  1  
[2025/08/10 20:33:19 238] tts        657  TTS_MSG_GETAUDIO  0  
[2025/08/10 20:33:19 238] tts        485  get audio|use local  
[2025/08/10 20:33:19 238] tts        527  0  nil  1  
[2025/08/10 20:33:19 239] tts        657  TTS_MSG_GETAUDIO  0  
[2025/08/10 20:33:19 239] tts        485  get audio|use local  
[2025/08/10 20:33:19 239] tts        527  0  nil  1  
[2025/08/10 20:33:19 240] tts        657  TTS_MSG_GETAUDIO  0  
[2025/08/10 20:33:19 240] tts        485  get audio|use local  
[2025/08/10 20:33:19 241] tts        527  0  nil  1  
[2025/08/10 20:33:19 243] tts        657  TTS_MSG_GETAUDIO  0  
[2025/08/10 20:33:19 243] tts        485  get audio|use local  
[2025/08/10 20:33:19 243] tts        527  0  nil  1  
[2025/08/10 20:33:19 244] tts        657  TTS_MSG_GETAUDIO  0  
[2025/08/10 20:33:19 244] tts        485  get audio|use local  
[2025/08/10 20:33:19 245] tts        527  0  nil  1  
[2025/08/10 20:33:19 246] tts        657  TTS_MSG_GETAUDIO  0  
[2025/08/10 20:33:19 246] tts        485  get audio|use local  
[2025/08/10 20:33:19 246] tts        527  0  nil  1  
[2025/08/10 20:33:19 247] tts        657  TTS_MSG_GETAUDIO  0  
[2025/08/10 20:33:19 247] tts        485  get audio|use local  
[2025/08/10 20:33:19 247] tts        527  0  nil  1  
[2025/08/10 20:33:19 248] tts        657  TTS_MSG_GETAUDIO  0  
[2025/08/10 20:33:19 249] tts        485  get audio|use local  
[2025/08/10 20:33:19 249] tts        527  0  nil  1  
[2025/08/10 20:33:19 250] tts        657  TTS_MSG_GETAUDIO  0  
[2025/08/10 20:33:19 250] tts        485  get audio|use local  
[2025/08/10 20:33:19 250] tts        527  0  nil  1  
[2025/08/10 20:33:19 251] tts        657  TTS_MSG_GETAUDIO  0  
[2025/08/10 20:33:19 251] tts        485  get audio|use local  
[2025/08/10 20:33:19 251] tts        527  0  nil  1  
[2025/08/10 20:33:19 252] tts        657  TTS_MSG_GETAUDIO  0  
[2025/08/10 20:33:19 252] tts        485  get audio|use local  
[2025/08/10 20:33:19 252] tts        527  0  nil  1  
[2025/08/10 20:33:19 253] tts        657  TTS_MSG_GETAUDIO  0  
[2025/08/10 20:33:19 253] tts        485  get audio|use local  
[2025/08/10 20:33:19 253] tts        527  0  nil  1  
[2025/08/10 20:33:19 254] tts        657  TTS_MSG_GETAUDIO  0  
[2025/08/10 20:33:19 254] tts        485  get audio|use local  
[2025/08/10 20:33:19 254] tts        527  0  nil  1  
[2025/08/10 20:33:19 255] tts        657  TTS_MSG_GETAUDIO  0  
[2025/08/10 20:33:19 255] tts        485  get audio|use local  
[2025/08/10 20:33:19 255] tts        527  0  nil  1  
[2025/08/10 20:33:19 256] tts        657  TTS_MSG_GETAUDIO  0  
[2025/08/10 20:33:19 256] tts        485  get audio|use local  
[2025/08/10 20:33:19 256] tts        527  0  nil  1  
[2025/08/10 20:33:19 256] tts        657  TTS_MSG_GETAUDIO  0  
[2025/08/10 20:33:19 257] tts        485  get audio|use local  
[2025/08/10 20:33:19 257] tts        527  0  nil  1  
[2025/08/10 20:33:19 257] tts        657  TTS_MSG_GETAUDIO  0  
[2025/08/10 20:33:19 257] tts        485  get audio|use local  
[2025/08/10 20:33:19 258] tts        527  0  nil  1  
[2025/08/10 20:33:19 258] tts        657  TTS_MSG_GETAUDIO  0  
[2025/08/10 20:33:19 259] tts        485  get audio|use local  
[2025/08/10 20:33:19 259] tts        527  0  nil  1  
[2025/08/10 20:33:19 260] tts        657  TTS_MSG_GETAUDIO  0  
[2025/08/10 20:33:19 260] tts        485  get audio|use local  
[2025/08/10 20:33:19 260] tts        527  0  nil  1  
[2025/08/10 20:33:19 261] tts        657  TTS_MSG_GETAUDIO  0  
[2025/08/10 20:33:19 261] tts        485  get audio|use local  
[2025/08/10 20:33:19 261] tts        527  0  nil  1  
[2025/08/10 20:33:19 262] tts        657  TTS_MSG_GETAUDIO  0  
[2025/08/10 20:33:19 262] tts        485  get audio|use local  
[2025/08/10 20:33:19 262] tts        527  0  nil  1  
[2025/08/10 20:33:19 263] tts        657  TTS_MSG_GETAUDIO  0  
[2025/08/10 20:33:19 263] tts        485  get audio|use local  
[2025/08/10 20:33:19 263] tts        527  0  nil  1  
[2025/08/10 20:33:19 264] tts        657  TTS_MSG_GETAUDIO  0  
[2025/08/10 20:33:19 264] tts        485  get audio|use local  
[2025/08/10 20:33:19 264] tts        527  0  nil  1  
[2025/08/10 20:33:19 265] tts        657  TTS_MSG_GETAUDIO  0  
[2025/08/10 20:33:19 266] tts        485  get audio|use local  
[2025/08/10 20:33:19 266] tts        527  0  nil  1  
[2025/08/10 20:33:19 266] tts        657  TTS_MSG_GETAUDIO  0  
[2025/08/10 20:33:19 267] tts        485  get audio|use local  
[2025/08/10 20:33:19 267] tts        527  0  nil  1  
[2025/08/10 20:33:19 267] tts        657  TTS_MSG_GETAUDIO  0  
[2025/08/10 20:33:19 267] tts        485  get audio|use local  
[2025/08/10 20:33:19 268] tts        527  0  nil  1  
[2025/08/10 20:33:19 269] tts        657  TTS_MSG_GETAUDIO  0  
[2025/08/10 20:33:19 269] tts        485  get audio|use local  
[2025/08/10 20:33:19 269] tts        527  0  nil  1  
[2025/08/10 20:33:19 270] tts        657  TTS_MSG_GETAUDIO  0  
[2025/08/10 20:33:19 270] tts        485  get audio|use local  
[2025/08/10 20:33:19 270] tts        527  0  nil  1  
[2025/08/10 20:33:19 270] tts        657  TTS_MSG_GETAUDIO  0  
[2025/08/10 20:33:19 271] tts        485  get audio|use local  
[2025/08/10 20:33:19 271] tts        527  0  nil  1  
[2025/08/10 20:33:19 271] tts        657  TTS_MSG_GETAUDIO  0  
[2025/08/10 20:33:19 272] tts        485  get audio|use local  
[2025/08/10 20:33:19 272] tts        527  0  nil  1  
[2025/08/10 20:33:19 273] tts        657  TTS_MSG_GETAUDIO  0  
[2025/08/10 20:33:19 273] tts        485  get audio|use local  
[2025/08/10 20:33:19 273] tts        527  0  nil  1  
[2025/08/10 20:33:19 274] tts        657  TTS_MSG_GETAUDIO  0  
[2025/08/10 20:33:19 274] tts        485  get audio|use local  
[2025/08/10 20:33:19 274] tts        527  0  nil  1  
[2025/08/10 20:33:19 275] tts        657  TTS_MSG_GETAUDIO  0  
[2025/08/10 20:33:19 275] tts        485  get audio|use local  
[2025/08/10 20:33:19 275] tts        527  0  nil  1  
[2025/08/10 20:33:19 276] tts        657  TTS_MSG_GETAUDIO  0  
[2025/08/10 20:33:19 276] tts        485  get audio|use local  
[2025/08/10 20:33:19 276] tts        527  0  nil  1  
[2025/08/10 20:33:19 277] tts        657  TTS_MSG_GETAUDIO  0  
[2025/08/10 20:33:19 277] tts        485  get audio|use local  
[2025/08/10 20:33:19 277] tts        527  0  nil  1  
[2025/08/10 20:33:19 278] tts        657  TTS_MSG_GETAUDIO  0  
[2025/08/10 20:33:19 278] tts        485  get audio|use local  
[2025/08/10 20:33:19 278] tts        527  0  nil  1  
[2025/08/10 20:33:19 279] tts        657  TTS_MSG_GETAUDIO  0  
[2025/08/10 20:33:19 279] tts        485  get audio|use local  
[2025/08/10 20:33:19 279] tts        527  0  nil  1  
[2025/08/10 20:33:19 280] tts        657  TTS_MSG_GETAUDIO  0  
[2025/08/10 20:33:19 280] tts        485  get audio|use local  
[2025/08/10 20:33:19 280] tts        527  0  nil  1  
[2025/08/10 20:33:19 281] tts        657  TTS_MSG_GETAUDIO  0  
[2025/08/10 20:33:19 281] tts        485  get audio|use local  
[2025/08/10 20:33:19 281] tts        527  0  nil  1  
[2025/08/10 20:33:19 282] tts        657  TTS_MSG_GETAUDIO  0  
[2025/08/10 20:33:19 282] tts        485  get audio|use local  
[2025/08/10 20:33:19 282] tts        527  0  nil  1  
[2025/08/10 20:33:19 283] tts        657  TTS_MSG_GETAUDIO  0  
[2025/08/10 20:33:19 283] tts        485  get audio|use local  
[2025/08/10 20:33:19 283] tts        527  0  nil  1  
[2025/08/10 20:33:19 284] tts        657  TTS_MSG_GETAUDIO  0  
[2025/08/10 20:33:19 284] tts        485  get audio|use local  
[2025/08/10 20:33:19 284] tts        527  0  nil  1  
[2025/08/10 20:33:19 285] tts        657  TTS_MSG_GETAUDIO  0  
[2025/08/10 20:33:19 285] tts        485  get audio|use local  
[2025/08/10 20:33:19 285] tts        527  0  nil  1  
[2025/08/10 20:33:19 286] tts        657  TTS_MSG_GETAUDIO  0  
[2025/08/10 20:33:19 286] tts        485  get audio|use local  
[2025/08/10 20:33:19 286] tts        527  0  nil  1  
[2025/08/10 20:33:19 287] tts        657  TTS_MSG_GETAUDIO  0  
[2025/08/10 20:33:19 287] tts        485  get audio|use local  
[2025/08/10 20:33:19 287] tts        527  0  nil  1  
[2025/08/10 20:33:19 288] tts        657  TTS_MSG_GETAUDIO  0  
[2025/08/10 20:33:19 288] tts        485  get audio|use local  
[2025/08/10 20:33:19 289] tts        527  0  nil  1  
[2025/08/10 20:33:19 290] tts        657  TTS_MSG_GETAUDIO  0  
[2025/08/10 20:33:19 290] tts        485  get audio|use local  
[2025/08/10 20:33:19 290] tts        527  0  nil  1  
[2025/08/10 20:33:19 291] tts        657  TTS_MSG_GETAUDIO  0  
[2025/08/10 20:33:19 291] tts        485  get audio|use local  
[2025/08/10 20:33:19 291] tts        527  0  nil  1  
[2025/08/10 20:33:19 292] tts        657  TTS_MSG_GETAUDIO  0  
[2025/08/10 20:33:19 292] tts        485  get audio|use local  
[2025/08/10 20:33:19 293] tts        527  0  nil  1  
[2025/08/10 20:33:19 294] tts        657  TTS_MSG_GETAUDIO  0  
[2025/08/10 20:33:19 294] tts        485  get audio|use local  
[2025/08/10 20:33:19 295] tts        527  0  nil  1  
[2025/08/10 20:33:19 296] tts        657  TTS_MSG_GETAUDIO  0  
[2025/08/10 20:33:19 304] tts        485  get audio|use local  
[2025/08/10 20:33:19 305] tts        527  0  nil  1  
[2025/08/10 20:33:19 313] tts        657  TTS_MSG_GETAUDIO  0  
[2025/08/10 20:33:19 313] tts        485  get audio|use local  
[2025/08/10 20:33:19 314] tts        527  0  nil  1  
[2025/08/10 20:33:19 314] tts        657  TTS_MSG_GETAUDIO  0  
[2025/08/10 20:33:19 314] tts        485  get audio|use local  
[2025/08/10 20:33:19 315] tts        527  0  nil  1  
[2025/08/10 20:33:19 316] tts        657  TTS_MSG_GETAUDIO  0  
[2025/08/10 20:33:19 316] tts        485  get audio|use local  
[2025/08/10 20:33:19 316] tts        527  0  nil  1  
[2025/08/10 20:33:19 317] tts        657  TTS_MSG_GETAUDIO  0  
[2025/08/10 20:33:19 317] tts        485  get audio|use local  
[2025/08/10 20:33:19 317] tts        527  0  nil  1  
[2025/08/10 20:33:19 318] tts        657  TTS_MSG_GETAUDIO  0  
[2025/08/10 20:33:19 318] tts        485  get audio|use local  
[2025/08/10 20:33:19 318] tts        527  0  nil  1  
[2025/08/10 20:33:19 319] tts        657  TTS_MSG_GETAUDIO  0  
[2025/08/10 20:33:19 319] tts        485  get audio|use local  
[2025/08/10 20:33:19 319] tts        527  0  nil  1  
[2025/08/10 20:33:19 320] tts        657  TTS_MSG_GETAUDIO  0  
[2025/08/10 20:33:19 320] tts        485  get audio|use local  
[2025/08/10 20:33:19 321] tts        527  0  nil  1  
[2025/08/10 20:33:19 321] tts        657  TTS_MSG_GETAUDIO  0  
[2025/08/10 20:33:19 322] tts        485  get audio|use local  
[2025/08/10 20:33:19 322] tts        527  0  nil  1  
[2025/08/10 20:33:19 323] tts        657  TTS_MSG_GETAUDIO  0  
[2025/08/10 20:33:19 323] tts        485  get audio|use local  
[2025/08/10 20:33:19 323] tts        527  0  nil  1  
[2025/08/10 20:33:19 324] tts        657  TTS_MSG_GETAUDIO  0  
[2025/08/10 20:33:19 324] tts        485  get audio|use local  
[2025/08/10 20:33:19 324] tts        527  0  nil  1  
[2025/08/10 20:33:19 325] tts        657  TTS_MSG_GETAUDIO  0  
[2025/08/10 20:33:19 326] tts        485  get audio|use local  
[2025/08/10 20:33:19 326] tts        527  0  nil  1  
[2025/08/10 20:33:19 326] tts        657  TTS_MSG_GETAUDIO  0  
[2025/08/10 20:33:19 327] tts        485  get audio|use local  
[2025/08/10 20:33:19 327] tts        527  0  nil  1  
[2025/08/10 20:33:19 327] tts        657  TTS_MSG_GETAUDIO  0  
[2025/08/10 20:33:19 328] tts        485  get audio|use local  
[2025/08/10 20:33:19 328] tts        527  0  nil  1  
[2025/08/10 20:33:19 329] tts        657  TTS_MSG_GETAUDIO  0  
[2025/08/10 20:33:19 329] tts        485  get audio|use local  
[2025/08/10 20:33:19 329] tts        527  0  nil  1  
[2025/08/10 20:33:19 329] tts        657  TTS_MSG_GETAUDIO  0  
[2025/08/10 20:33:19 329] tts        485  get audio|use local  
[2025/08/10 20:33:19 330] tts        527  0  nil  1  
[2025/08/10 20:33:19 331] tts        657  TTS_MSG_GETAUDIO  0  
[2025/08/10 20:33:19 331] tts        485  get audio|use local  
[2025/08/10 20:33:19 331] tts        527  0  nil  1  
[2025/08/10 20:33:19 333] tts        657  TTS_MSG_GETAUDIO  0  
[2025/08/10 20:33:19 333] tts        485  get audio|use local  
[2025/08/10 20:33:19 333] tts        527  0  nil  1  
[2025/08/10 20:33:19 334] tts        299  TTS_LOCAL_CB_BEGIN  
[2025/08/10 20:33:19 336] tts        657  TTS_MSG_GETAUDIO  0  
[2025/08/10 20:33:19 336] tts        485  get audio|use local  
[2025/08/10 20:33:19 336] tts        498  local audiolen:  2042  ,ced:  30  
[2025/08/10 20:33:19 336] tts        527  0  udata(8c0881f8) 1  
[2025/08/10 20:33:19 340] tts        657  TTS_MSG_GETAUDIO  0  
[2025/08/10 20:33:19 340] tts        485  get audio|use local  
[2025/08/10 20:33:19 340] tts        498  local audiolen:  2016  ,ced:  30  
[2025/08/10 20:33:19 340] tts        527  0  udata(8c07dee8) 1  
[2025/08/10 20:33:19 343] tts        657  TTS_MSG_GETAUDIO  0  
[2025/08/10 20:33:19 343] tts        485  get audio|use local  
[2025/08/10 20:33:19 343] tts        498  local audiolen:  2018  ,ced:  30  
[2025/08/10 20:33:19 343] tts        527  0  udata(8c07cce8) 1  
[2025/08/10 20:33:19 346] tts        657  TTS_MSG_GETAUDIO  0  
[2025/08/10 20:33:19 346] tts        485  get audio|use local  
[2025/08/10 20:33:19 346] tts        498  local audiolen:  2018  ,ced:  30  
[2025/08/10 20:33:19 346] tts        527  0  udata(8c07ce38) 1  
[2025/08/10 20:33:19 349] tts        657  TTS_MSG_GETAUDIO  0  
[2025/08/10 20:33:19 349] tts        485  get audio|use local  
[2025/08/10 20:33:19 349] tts        498  local audiolen:  2034  ,ced:  30  
[2025/08/10 20:33:19 350] tts        527  0  udata(8c07f888) 1  
[2025/08/10 20:33:19 352] tts        657  TTS_MSG_GETAUDIO  0  
[2025/08/10 20:33:19 352] tts        485  get audio|use local  
[2025/08/10 20:33:19 352] tts        498  local audiolen:  2046  ,ced:  30  
[2025/08/10 20:33:19 353] tts        527  0  udata(8c07d0e8) 1  
[2025/08/10 20:33:19 355] tts        657  TTS_MSG_GETAUDIO  0  
[2025/08/10 20:33:19 355] tts        485  get audio|use local  
[2025/08/10 20:33:19 356] tts        498  local audiolen:  1962  ,ced:  30  
[2025/08/10 20:33:19 356] tts        527  0  udata(8c0881a8) 1  
[2025/08/10 20:33:19 360] tts        657  TTS_MSG_GETAUDIO  0  
[2025/08/10 20:33:19 360] tts        485  get audio|use local  
[2025/08/10 20:33:19 361] tts        498  local audiolen:  2014  ,ced:  30  
[2025/08/10 20:33:19 361] tts        527  0  udata(8c07f388) 1  
[2025/08/10 20:33:19 363] tts        657  TTS_MSG_GETAUDIO  0  
[2025/08/10 20:33:19 363] tts        485  get audio|use local  
[2025/08/10 20:33:19 363] tts        498  local audiolen:  1936  ,ced:  30  
[2025/08/10 20:33:19 365] tts        527  0  udata(8c07f4d8) 1  
[2025/08/10 20:33:19 368] tts        657  TTS_MSG_GETAUDIO  0  
[2025/08/10 20:33:19 369] tts        485  get audio|use local  
[2025/08/10 20:33:19 369] tts        498  local audiolen:  2010  ,ced:  30  
[2025/08/10 20:33:19 369] tts        527  0  udata(8c0879e8) 1  
[2025/08/10 20:33:19 374] tts        657  TTS_MSG_GETAUDIO  0  
[2025/08/10 20:33:19 374] tts        485  get audio|use local  
[2025/08/10 20:33:19 374] tts        498  local audiolen:  1894  ,ced:  30  
[2025/08/10 20:33:19 374] tts        527  0  udata(8c022a38) 1  
[2025/08/10 20:33:19 376] tts        657  TTS_MSG_GETAUDIO  0  
[2025/08/10 20:33:19 376] tts        485  get audio|use local  
[2025/08/10 20:33:19 377] tts        498  local audiolen:  1930  ,ced:  30  
[2025/08/10 20:33:19 377] tts        527  0  udata(8c022fb8) 1  
[2025/08/10 20:33:19 378] tts        657  TTS_MSG_GETAUDIO  0  
[2025/08/10 20:33:19 378] tts        485  get audio|use local  
[2025/08/10 20:33:19 378] tts        498  local audiolen:  2006  ,ced:  30  
[2025/08/10 20:33:19 378] tts        527  0  udata(8c023108) 1  
[2025/08/10 20:33:19 380] tts        657  TTS_MSG_GETAUDIO  0  
[2025/08/10 20:33:19 380] tts        485  get audio|use local  
[2025/08/10 20:33:19 380] tts        498  local audiolen:  2016  ,ced:  30  
[2025/08/10 20:33:19 380] tts        527  0  udata(8c023258) 1  
[2025/08/10 20:33:19 381] tts        657  TTS_MSG_GETAUDIO  0  
[2025/08/10 20:33:19 381] tts        485  get audio|use local  
[2025/08/10 20:33:19 381] tts        498  local audiolen:  2016  ,ced:  30  
[2025/08/10 20:33:19 381] tts        527  0  udata(8c0232a8) 1  
[2025/08/10 20:33:19 384] tts        657  TTS_MSG_GETAUDIO  0  
[2025/08/10 20:33:19 384] tts        485  get audio|use local  
[2025/08/10 20:33:19 384] tts        498  local audiolen:  1946  ,ced:  30  
[2025/08/10 20:33:19 384] tts        527  0  udata(8c07cbe8) 1  
[2025/08/10 20:33:19 386] tts        657  TTS_MSG_GETAUDIO  0  
[2025/08/10 20:33:19 386] tts        485  get audio|use local  
[2025/08/10 20:33:19 386] tts        498  local audiolen:  1954  ,ced:  30  
[2025/08/10 20:33:19 386] tts        527  0  udata(8c0233f8) 1  
[2025/08/10 20:33:19 388] tts        657  TTS_MSG_GETAUDIO  0  
[2025/08/10 20:33:19 388] tts        485  get audio|use local  
[2025/08/10 20:33:19 388] tts        498  local audiolen:  1978  ,ced:  30  
[2025/08/10 20:33:19 389] tts        527  0  udata(8c023548) 1  
[2025/08/10 20:33:19 390] tts        301  0  0  
[2025/08/10 20:33:19 390] tts        312  TTS_LOCAL_CB_END,  2  
[2025/08/10 20:33:19 391] tts        657  TTS_MSG_GETAUDIO  0  
[2025/08/10 20:33:19 391] tts        485  get audio|use local  
[2025/08/10 20:33:19 391] tts        498  local audiolen:  2014  ,ced:  30  
[2025/08/10 20:33:19 391] tts        527  0  udata(8c0225b8) 1  
[2025/08/10 20:33:19 392] tts        657  TTS_MSG_GETAUDIO  0  
[2025/08/10 20:33:19 392] tts        485  get audio|use local  
[2025/08/10 20:33:19 393] tts        498  local audiolen:  1966  ,ced:  30  
[2025/08/10 20:33:19 393] tts        527  0  udata(8c022608) 1  
[2025/08/10 20:33:19 394] tts        657  TTS_MSG_GETAUDIO  0  
[2025/08/10 20:33:19 394] tts        485  get audio|use local  
[2025/08/10 20:33:19 394] tts        498  local audiolen:  2004  ,ced:  30  
[2025/08/10 20:33:19 394] tts        527  0  udata(8c022658) 1  
[2025/08/10 20:33:19 395] tts        657  TTS_MSG_GETAUDIO  0  
[2025/08/10 20:33:19 396] tts        485  get audio|use local  
[2025/08/10 20:33:19 396] tts        498  local audiolen:  2016  ,ced:  30  
[2025/08/10 20:33:19 396] tts        527  0  udata(8c0226a8) 1  
[2025/08/10 20:33:19 397] tts        657  TTS_MSG_GETAUDIO  0  
[2025/08/10 20:33:19 397] tts        485  get audio|use local  
[2025/08/10 20:33:19 397] tts        498  local audiolen:  2006  ,ced:  30  
[2025/08/10 20:33:19 397] tts        527  0  udata(8c0226f8) 1  
[2025/08/10 20:33:19 398] tts        657  TTS_MSG_GETAUDIO  0  
[2025/08/10 20:33:19 398] tts        485  get audio|use local  
[2025/08/10 20:33:19 398] tts        498  local audiolen:  2028  ,ced:  30  
[2025/08/10 20:33:19 398] tts        527  0  udata(8c022748) 1  
[2025/08/10 20:33:19 399] tts        657  TTS_MSG_GETAUDIO  0  
[2025/08/10 20:33:19 399] tts        485  get audio|use local  
[2025/08/10 20:33:19 399] tts        498  local audiolen:  2006  ,ced:  30  
[2025/08/10 20:33:19 399] tts        527  0  udata(8c022798) 1  
[2025/08/10 20:33:19 400] tts        657  TTS_MSG_GETAUDIO  0  
[2025/08/10 20:33:19 401] tts        485  get audio|use local  
[2025/08/10 20:33:19 401] tts        498  local audiolen:  1986  ,ced:  30  
[2025/08/10 20:33:19 401] tts        527  0  udata(8c0227e8) 1  
[2025/08/10 20:33:19 402] tts        657  TTS_MSG_GETAUDIO  0  
[2025/08/10 20:33:19 402] tts        485  get audio|use local  
[2025/08/10 20:33:19 402] tts        498  local audiolen:  2048  ,ced:  30  
[2025/08/10 20:33:19 402] tts        527  0  udata(8c022838) 1  
[2025/08/10 20:33:19 403] tts        657  TTS_MSG_GETAUDIO  0  
[2025/08/10 20:33:19 403] tts        485  get audio|use local  
[2025/08/10 20:33:19 404] tts        498  local audiolen:  1938  ,ced:  30  
[2025/08/10 20:33:19 404] tts        527  0  udata(8c022888) 1  
[2025/08/10 20:33:19 404] tts        657  TTS_MSG_GETAUDIO  0  
[2025/08/10 20:33:19 405] tts        485  get audio|use local  
[2025/08/10 20:33:19 405] tts        498  local audiolen:  2010  ,ced:  30  
[2025/08/10 20:33:19 406] tts        527  0  udata(8c0228d8) 1  
[2025/08/10 20:33:19 440] tts        657  TTS_MSG_GETAUDIO  0  
[2025/08/10 20:33:19 440] tts        485  get audio|use local  
[2025/08/10 20:33:19 440] tts        498  local audiolen:  2008  ,ced:  30  
[2025/08/10 20:33:19 440] tts        527  0  udata(8c022928) 1  
[2025/08/10 20:33:19 441] tts        657  TTS_MSG_GETAUDIO  0  
[2025/08/10 20:33:19 441] tts        485  get audio|use local  
[2025/08/10 20:33:19 441] tts        498  local audiolen:  1986  ,ced:  30  
[2025/08/10 20:33:19 441] tts        527  0  udata(8c022978) 1  
[2025/08/10 20:33:19 445] tts        657  TTS_MSG_GETAUDIO  0  
[2025/08/10 20:33:19 446] tts        485  get audio|use local  
[2025/08/10 20:33:19 447] tts        498  local audiolen:  2028  ,ced:  30  
[2025/08/10 20:33:19 447] tts        527  0  udata(8c0229c8) 1  
[2025/08/10 20:33:19 454] tts        657  TTS_MSG_GETAUDIO  0  
[2025/08/10 20:33:19 455] tts        485  get audio|use local  
[2025/08/10 20:33:19 455] tts        498  local audiolen:  2008  ,ced:  30  
[2025/08/10 20:33:19 455] tts        527  0  udata(8c07e6e8) 1  
[2025/08/10 20:33:19 456] tts        657  TTS_MSG_GETAUDIO  0  
[2025/08/10 20:33:19 457] tts        485  get audio|use local  
[2025/08/10 20:33:19 460] tts        498  local audiolen:  2036  ,ced:  30  
[2025/08/10 20:33:19 460] tts        527  0  udata(8c07e738) 1  
[2025/08/10 20:33:19 461] tts        657  TTS_MSG_GETAUDIO  0  
[2025/08/10 20:33:19 461] tts        485  get audio|use local  
[2025/08/10 20:33:19 461] tts        498  local audiolen:  2016  ,ced:  30  
[2025/08/10 20:33:19 461] tts        527  0  udata(8c07e788) 1  
[2025/08/10 20:33:19 462] tts        657  TTS_MSG_GETAUDIO  0  
[2025/08/10 20:33:19 462] tts        485  get audio|use local  
[2025/08/10 20:33:19 463] tts        498  local audiolen:  2016  ,ced:  30  
[2025/08/10 20:33:19 463] tts        527  0  udata(8c07e7d8) 1  
[2025/08/10 20:33:19 465] tts        657  TTS_MSG_GETAUDIO  0  
[2025/08/10 20:33:19 465] tts        485  get audio|use local  
[2025/08/10 20:33:19 465] tts        498  local audiolen:  2016  ,ced:  30  
[2025/08/10 20:33:19 465] tts        527  0  udata(8c07e828) 1  
[2025/08/10 20:33:19 466] tts        657  TTS_MSG_GETAUDIO  0  
[2025/08/10 20:33:19 466] tts        485  get audio|use local  
[2025/08/10 20:33:19 466] tts        498  local audiolen:  1920  ,ced:  30  
[2025/08/10 20:33:19 466] tts        527  0  udata(8c07e878) 1  
[2025/08/10 20:33:19 468] tts        657  TTS_MSG_GETAUDIO  0  
[2025/08/10 20:33:19 468] tts        485  get audio|use local  
[2025/08/10 20:33:19 469] tts        498  local audiolen:  1908  ,ced:  30  
[2025/08/10 20:33:19 469] tts        527  0  udata(8c07db48) 1  
[2025/08/10 20:33:19 471] tts        657  TTS_MSG_GETAUDIO  0  
[2025/08/10 20:33:19 471] tts        485  get audio|use local  
[2025/08/10 20:33:19 471] tts        498  local audiolen:  1948  ,ced:  30  
[2025/08/10 20:33:19 471] tts        527  0  udata(8c07e8c8) 1  
[2025/08/10 20:33:19 473] tts        657  TTS_MSG_GETAUDIO  0  
[2025/08/10 20:33:19 473] tts        485  get audio|use local  
[2025/08/10 20:33:19 473] tts        498  local audiolen:  1894  ,ced:  30  
[2025/08/10 20:33:19 474] tts        527  0  udata(8c07e918) 1  
[2025/08/10 20:33:19 479] tts        657  TTS_MSG_GETAUDIO  0  
[2025/08/10 20:33:19 480] tts        485  get audio|use local  
[2025/08/10 20:33:19 481] tts        498  local audiolen:  2012  ,ced:  30  
[2025/08/10 20:33:19 481] tts        527  0  udata(8c06abc8) 1  
[2025/08/10 20:33:19 482] tts        657  TTS_MSG_GETAUDIO  0  
[2025/08/10 20:33:19 482] tts        485  get audio|use local  
[2025/08/10 20:33:19 482] tts        498  local audiolen:  2016  ,ced:  30  
[2025/08/10 20:33:19 482] tts        527  0  udata(8c07e968) 1  
[2025/08/10 20:33:19 483] tts        657  TTS_MSG_GETAUDIO  0  
[2025/08/10 20:33:19 483] tts        485  get audio|use local  
[2025/08/10 20:33:19 483] tts        498  local audiolen:  2032  ,ced:  30  
[2025/08/10 20:33:19 484] tts        527  0  udata(8c07e9b8) 1  
[2025/08/10 20:33:19 484] tts        657  TTS_MSG_GETAUDIO  0  
[2025/08/10 20:33:19 485] tts        485  get audio|use local  
[2025/08/10 20:33:19 485] tts        498  local audiolen:  1304  ,ced:  30  
[2025/08/10 20:33:19 485] tts        527  0  udata(8c024e58) 2  
[2025/08/10 20:33:19 486] tts        660  TTS_MSG_SSE  
[2025/08/10 20:33:19 488] tts        585  sse|use local  
[2025/08/10 20:33:19 495] tts        603  tts exit  
[2025/08/10 20:33:19 496] tts        667  SYS_MSG_UNLOAD  
