============================================================
Time  2025/08/10 19:59:46 414 
============================================================
[2025/08/10 19:59:46 414] tts        676  SYS_MSG_REGCB param0 =  msp_status_cb  param1 =  func(70014a30) 
[2025/08/10 19:59:46 418] config     43   use general cloud  
[2025/08/10 19:59:46 426] tts_cloud  1417 SYS_MSG_REGCB_CLOUD param0 =   msp_status_cb  param1 =  func(70014a30) 
[2025/08/10 19:59:46 426] tts        647  TTS_MSG_SSB  
[2025/08/10 19:59:46 426] tts        375  params =  engine_type = local,voice_name=xiaoyan, text_encoding = UTF8, tts_res_path = fo|res/tts/xiaoyan.jet;fo|res/tts/common.jet, sample_rate = 16000, speed = 50, volume = 80, pitch = 50, rdn = 2  
[2025/08/10 19:59:46 427] tts        412  ssb|use local  
[2025/08/10 19:59:46 427] tts        349  local_session_begin  
[2025/08/10 19:59:46 438] tts        654  TTS_MSG_SYN  0  
[2025/08/10 19:59:46 438] tts        451  synth|use local  
[2025/08/10 19:59:46 440] tts        657  TTS_MSG_GETAUDIO  0  
[2025/08/10 19:59:46 440] tts        485  get audio|use local  
[2025/08/10 19:59:46 440] tts        527  0  nil  1  
[2025/08/10 19:59:46 441] tts        657  TTS_MSG_GETAUDIO  0  
[2025/08/10 19:59:46 442] tts        485  get audio|use local  
[2025/08/10 19:59:46 442] tts        527  0  nil  1  
[2025/08/10 19:59:46 443] tts        657  TTS_MSG_GETAUDIO  0  
[2025/08/10 19:59:46 443] tts        485  get audio|use local  
[2025/08/10 19:59:46 443] tts        527  0  nil  1  
[2025/08/10 19:59:46 445] tts        657  TTS_MSG_GETAUDIO  0  
[2025/08/10 19:59:46 445] tts        485  get audio|use local  
[2025/08/10 19:59:46 445] tts        527  0  nil  1  
[2025/08/10 19:59:46 448] tts        657  TTS_MSG_GETAUDIO  0  
[2025/08/10 19:59:46 449] tts        485  get audio|use local  
[2025/08/10 19:59:46 449] tts        527  0  nil  1  
[2025/08/10 19:59:46 450] tts        657  TTS_MSG_GETAUDIO  0  
[2025/08/10 19:59:46 450] tts        485  get audio|use local  
[2025/08/10 19:59:46 450] tts        527  0  nil  1  
[2025/08/10 19:59:46 452] tts        657  TTS_MSG_GETAUDIO  0  
[2025/08/10 19:59:46 452] tts        485  get audio|use local  
[2025/08/10 19:59:46 452] tts        527  0  nil  1  
[2025/08/10 19:59:46 453] tts        657  TTS_MSG_GETAUDIO  0  
[2025/08/10 19:59:46 453] tts        485  get audio|use local  
[2025/08/10 19:59:46 453] tts        527  0  nil  1  
[2025/08/10 19:59:46 454] tts        657  TTS_MSG_GETAUDIO  0  
[2025/08/10 19:59:46 455] tts        485  get audio|use local  
[2025/08/10 19:59:46 455] tts        527  0  nil  1  
[2025/08/10 19:59:46 456] tts        657  TTS_MSG_GETAUDIO  0  
[2025/08/10 19:59:46 456] tts        485  get audio|use local  
[2025/08/10 19:59:46 456] tts        527  0  nil  1  
[2025/08/10 19:59:46 457] tts        657  TTS_MSG_GETAUDIO  0  
[2025/08/10 19:59:46 457] tts        485  get audio|use local  
[2025/08/10 19:59:46 458] tts        527  0  nil  1  
[2025/08/10 19:59:46 459] tts        657  TTS_MSG_GETAUDIO  0  
[2025/08/10 19:59:46 459] tts        485  get audio|use local  
[2025/08/10 19:59:46 459] tts        527  0  nil  1  
[2025/08/10 19:59:46 460] tts        657  TTS_MSG_GETAUDIO  0  
[2025/08/10 19:59:46 460] tts        485  get audio|use local  
[2025/08/10 19:59:46 460] tts        527  0  nil  1  
[2025/08/10 19:59:46 461] tts        657  TTS_MSG_GETAUDIO  0  
[2025/08/10 19:59:46 461] tts        485  get audio|use local  
[2025/08/10 19:59:46 461] tts        527  0  nil  1  
[2025/08/10 19:59:46 463] tts        657  TTS_MSG_GETAUDIO  0  
[2025/08/10 19:59:46 463] tts        485  get audio|use local  
[2025/08/10 19:59:46 463] tts        527  0  nil  1  
[2025/08/10 19:59:46 464] tts        657  TTS_MSG_GETAUDIO  0  
[2025/08/10 19:59:46 464] tts        485  get audio|use local  
[2025/08/10 19:59:46 464] tts        527  0  nil  1  
[2025/08/10 19:59:46 465] tts        657  TTS_MSG_GETAUDIO  0  
[2025/08/10 19:59:46 465] tts        485  get audio|use local  
[2025/08/10 19:59:46 465] tts        527  0  nil  1  
[2025/08/10 19:59:46 466] tts        657  TTS_MSG_GETAUDIO  0  
[2025/08/10 19:59:46 466] tts        485  get audio|use local  
[2025/08/10 19:59:46 467] tts        527  0  nil  1  
[2025/08/10 19:59:46 467] tts        657  TTS_MSG_GETAUDIO  0  
[2025/08/10 19:59:46 467] tts        485  get audio|use local  
[2025/08/10 19:59:46 467] tts        527  0  nil  1  
[2025/08/10 19:59:46 468] tts        657  TTS_MSG_GETAUDIO  0  
[2025/08/10 19:59:46 468] tts        485  get audio|use local  
[2025/08/10 19:59:46 468] tts        527  0  nil  1  
[2025/08/10 19:59:46 469] tts        657  TTS_MSG_GETAUDIO  0  
[2025/08/10 19:59:46 469] tts        485  get audio|use local  
[2025/08/10 19:59:46 469] tts        527  0  nil  1  
[2025/08/10 19:59:46 471] tts        657  TTS_MSG_GETAUDIO  0  
[2025/08/10 19:59:46 471] tts        485  get audio|use local  
[2025/08/10 19:59:46 472] tts        527  0  nil  1  
[2025/08/10 19:59:46 473] tts        657  TTS_MSG_GETAUDIO  0  
[2025/08/10 19:59:46 473] tts        485  get audio|use local  
[2025/08/10 19:59:46 473] tts        527  0  nil  1  
[2025/08/10 19:59:46 474] tts        657  TTS_MSG_GETAUDIO  0  
[2025/08/10 19:59:46 475] tts        485  get audio|use local  
[2025/08/10 19:59:46 475] tts        527  0  nil  1  
[2025/08/10 19:59:46 475] tts        657  TTS_MSG_GETAUDIO  0  
[2025/08/10 19:59:46 475] tts        485  get audio|use local  
[2025/08/10 19:59:46 476] tts        527  0  nil  1  
[2025/08/10 19:59:46 477] tts        657  TTS_MSG_GETAUDIO  0  
[2025/08/10 19:59:46 477] tts        485  get audio|use local  
[2025/08/10 19:59:46 477] tts        527  0  nil  1  
[2025/08/10 19:59:46 478] tts        657  TTS_MSG_GETAUDIO  0  
[2025/08/10 19:59:46 478] tts        485  get audio|use local  
[2025/08/10 19:59:46 478] tts        527  0  nil  1  
[2025/08/10 19:59:46 479] tts        657  TTS_MSG_GETAUDIO  0  
[2025/08/10 19:59:46 479] tts        485  get audio|use local  
[2025/08/10 19:59:46 479] tts        527  0  nil  1  
[2025/08/10 19:59:46 480] tts        657  TTS_MSG_GETAUDIO  0  
[2025/08/10 19:59:46 480] tts        485  get audio|use local  
[2025/08/10 19:59:46 481] tts        527  0  nil  1  
[2025/08/10 19:59:46 482] tts        657  TTS_MSG_GETAUDIO  0  
[2025/08/10 19:59:46 482] tts        485  get audio|use local  
[2025/08/10 19:59:46 482] tts        527  0  nil  1  
[2025/08/10 19:59:46 483] tts        657  TTS_MSG_GETAUDIO  0  
[2025/08/10 19:59:46 483] tts        485  get audio|use local  
[2025/08/10 19:59:46 483] tts        527  0  nil  1  
[2025/08/10 19:59:46 484] tts        657  TTS_MSG_GETAUDIO  0  
[2025/08/10 19:59:46 484] tts        485  get audio|use local  
[2025/08/10 19:59:46 484] tts        527  0  nil  1  
[2025/08/10 19:59:46 485] tts        657  TTS_MSG_GETAUDIO  0  
[2025/08/10 19:59:46 485] tts        485  get audio|use local  
[2025/08/10 19:59:46 485] tts        527  0  nil  1  
[2025/08/10 19:59:46 486] tts        657  TTS_MSG_GETAUDIO  0  
[2025/08/10 19:59:46 486] tts        485  get audio|use local  
[2025/08/10 19:59:46 486] tts        527  0  nil  1  
[2025/08/10 19:59:46 487] tts        657  TTS_MSG_GETAUDIO  0  
[2025/08/10 19:59:46 488] tts        485  get audio|use local  
[2025/08/10 19:59:46 488] tts        527  0  nil  1  
[2025/08/10 19:59:46 489] tts        657  TTS_MSG_GETAUDIO  0  
[2025/08/10 19:59:46 489] tts        485  get audio|use local  
[2025/08/10 19:59:46 489] tts        527  0  nil  1  
[2025/08/10 19:59:46 490] tts        657  TTS_MSG_GETAUDIO  0  
[2025/08/10 19:59:46 490] tts        485  get audio|use local  
[2025/08/10 19:59:46 490] tts        527  0  nil  1  
[2025/08/10 19:59:46 491] tts        657  TTS_MSG_GETAUDIO  0  
[2025/08/10 19:59:46 491] tts        485  get audio|use local  
[2025/08/10 19:59:46 491] tts        527  0  nil  1  
[2025/08/10 19:59:46 492] tts        657  TTS_MSG_GETAUDIO  0  
[2025/08/10 19:59:46 492] tts        485  get audio|use local  
[2025/08/10 19:59:46 493] tts        527  0  nil  1  
[2025/08/10 19:59:46 493] tts        657  TTS_MSG_GETAUDIO  0  
[2025/08/10 19:59:46 494] tts        485  get audio|use local  
[2025/08/10 19:59:46 494] tts        527  0  nil  1  
[2025/08/10 19:59:46 495] tts        657  TTS_MSG_GETAUDIO  0  
[2025/08/10 19:59:46 495] tts        485  get audio|use local  
[2025/08/10 19:59:46 495] tts        527  0  nil  1  
[2025/08/10 19:59:46 496] tts        657  TTS_MSG_GETAUDIO  0  
[2025/08/10 19:59:46 496] tts        485  get audio|use local  
[2025/08/10 19:59:46 496] tts        527  0  nil  1  
[2025/08/10 19:59:46 498] tts        657  TTS_MSG_GETAUDIO  0  
[2025/08/10 19:59:46 498] tts        485  get audio|use local  
[2025/08/10 19:59:46 498] tts        527  0  nil  1  
[2025/08/10 19:59:46 499] tts        657  TTS_MSG_GETAUDIO  0  
[2025/08/10 19:59:46 499] tts        485  get audio|use local  
[2025/08/10 19:59:46 499] tts        527  0  nil  1  
[2025/08/10 19:59:46 500] tts        657  TTS_MSG_GETAUDIO  0  
[2025/08/10 19:59:46 500] tts        485  get audio|use local  
[2025/08/10 19:59:46 500] tts        527  0  nil  1  
[2025/08/10 19:59:46 501] tts        657  TTS_MSG_GETAUDIO  0  
[2025/08/10 19:59:46 501] tts        485  get audio|use local  
[2025/08/10 19:59:46 502] tts        527  0  nil  1  
[2025/08/10 19:59:46 503] tts        657  TTS_MSG_GETAUDIO  0  
[2025/08/10 19:59:46 503] tts        485  get audio|use local  
[2025/08/10 19:59:46 503] tts        527  0  nil  1  
[2025/08/10 19:59:46 504] tts        657  TTS_MSG_GETAUDIO  0  
[2025/08/10 19:59:46 505] tts        485  get audio|use local  
[2025/08/10 19:59:46 505] tts        527  0  nil  1  
[2025/08/10 19:59:46 506] tts        657  TTS_MSG_GETAUDIO  0  
[2025/08/10 19:59:46 506] tts        485  get audio|use local  
[2025/08/10 19:59:46 506] tts        527  0  nil  1  
[2025/08/10 19:59:46 507] tts        657  TTS_MSG_GETAUDIO  0  
[2025/08/10 19:59:46 507] tts        485  get audio|use local  
[2025/08/10 19:59:46 507] tts        527  0  nil  1  
[2025/08/10 19:59:46 508] tts        657  TTS_MSG_GETAUDIO  0  
[2025/08/10 19:59:46 508] tts        485  get audio|use local  
[2025/08/10 19:59:46 509] tts        527  0  nil  1  
[2025/08/10 19:59:46 510] tts        299  TTS_LOCAL_CB_BEGIN  
[2025/08/10 19:59:46 510] tts        657  TTS_MSG_GETAUDIO  0  
[2025/08/10 19:59:46 511] tts        485  get audio|use local  
[2025/08/10 19:59:46 511] tts        527  0  nil  1  
[2025/08/10 19:59:46 511] tts        657  TTS_MSG_GETAUDIO  0  
[2025/08/10 19:59:46 511] tts        485  get audio|use local  
[2025/08/10 19:59:46 512] tts        527  0  nil  1  
[2025/08/10 19:59:46 512] tts        657  TTS_MSG_GETAUDIO  0  
[2025/08/10 19:59:46 513] tts        485  get audio|use local  
[2025/08/10 19:59:46 513] tts        527  0  nil  1  
[2025/08/10 19:59:46 514] tts        657  TTS_MSG_GETAUDIO  0  
[2025/08/10 19:59:46 514] tts        485  get audio|use local  
[2025/08/10 19:59:46 514] tts        527  0  nil  1  
[2025/08/10 19:59:46 515] tts        657  TTS_MSG_GETAUDIO  0  
[2025/08/10 19:59:46 515] tts        485  get audio|use local  
[2025/08/10 19:59:46 515] tts        527  0  nil  1  
[2025/08/10 19:59:46 516] tts        657  TTS_MSG_GETAUDIO  0  
[2025/08/10 19:59:46 516] tts        485  get audio|use local  
[2025/08/10 19:59:46 516] tts        527  0  nil  1  
[2025/08/10 19:59:46 517] tts        657  TTS_MSG_GETAUDIO  0  
[2025/08/10 19:59:46 517] tts        485  get audio|use local  
[2025/08/10 19:59:46 517] tts        527  0  nil  1  
[2025/08/10 19:59:46 519] tts        657  TTS_MSG_GETAUDIO  0  
[2025/08/10 19:59:46 519] tts        485  get audio|use local  
[2025/08/10 19:59:46 519] tts        498  local audiolen:  2042  ,ced:  15  
[2025/08/10 19:59:46 519] tts        527  0  udata(7007ef38) 1  
[2025/08/10 19:59:46 521] tts        657  TTS_MSG_GETAUDIO  0  
[2025/08/10 19:59:46 521] tts        485  get audio|use local  
[2025/08/10 19:59:46 521] tts        498  local audiolen:  2016  ,ced:  15  
[2025/08/10 19:59:46 521] tts        527  0  udata(7007f1a8) 1  
[2025/08/10 19:59:46 522] tts        657  TTS_MSG_GETAUDIO  0  
[2025/08/10 19:59:46 522] tts        485  get audio|use local  
[2025/08/10 19:59:46 522] tts        527  0  nil  1  
[2025/08/10 19:59:46 525] tts        657  TTS_MSG_GETAUDIO  0  
[2025/08/10 19:59:46 525] tts        485  get audio|use local  
[2025/08/10 19:59:46 526] tts        498  local audiolen:  1964  ,ced:  15  
[2025/08/10 19:59:46 526] tts        527  0  udata(70087d38) 1  
[2025/08/10 19:59:46 527] tts        657  TTS_MSG_GETAUDIO  0  
[2025/08/10 19:59:46 527] tts        485  get audio|use local  
[2025/08/10 19:59:46 528] tts        498  local audiolen:  1916  ,ced:  15  
[2025/08/10 19:59:46 528] tts        527  0  udata(700873c8) 1  
[2025/08/10 19:59:46 530] tts        657  TTS_MSG_GETAUDIO  0  
[2025/08/10 19:59:46 530] tts        485  get audio|use local  
[2025/08/10 19:59:46 530] tts        498  local audiolen:  2018  ,ced:  15  
[2025/08/10 19:59:46 530] tts        527  0  udata(70087578) 1  
[2025/08/10 19:59:46 532] tts        657  TTS_MSG_GETAUDIO  0  
[2025/08/10 19:59:46 532] tts        485  get audio|use local  
[2025/08/10 19:59:46 532] tts        498  local audiolen:  2008  ,ced:  15  
[2025/08/10 19:59:46 532] tts        527  0  udata(700875c8) 1  
[2025/08/10 19:59:46 537] tts        657  TTS_MSG_GETAUDIO  0  
[2025/08/10 19:59:46 537] tts        485  get audio|use local  
[2025/08/10 19:59:46 537] tts        498  local audiolen:  2046  ,ced:  15  
[2025/08/10 19:59:46 537] tts        527  0  udata(70087b28) 1  
[2025/08/10 19:59:46 539] tts        657  TTS_MSG_GETAUDIO  0  
[2025/08/10 19:59:46 539] tts        485  get audio|use local  
[2025/08/10 19:59:46 539] tts        498  local audiolen:  1972  ,ced:  15  
[2025/08/10 19:59:46 540] tts        527  0  udata(7007d9c8) 1  
[2025/08/10 19:59:46 542] tts        657  TTS_MSG_GETAUDIO  0  
[2025/08/10 19:59:46 542] tts        485  get audio|use local  
[2025/08/10 19:59:46 542] tts        498  local audiolen:  1934  ,ced:  15  
[2025/08/10 19:59:46 542] tts        527  0  udata(7007d8f8) 1  
[2025/08/10 19:59:46 545] tts        657  TTS_MSG_GETAUDIO  0  
[2025/08/10 19:59:46 545] tts        485  get audio|use local  
[2025/08/10 19:59:46 545] tts        498  local audiolen:  2018  ,ced:  15  
[2025/08/10 19:59:46 545] tts        527  0  udata(7007ebb8) 1  
[2025/08/10 19:59:46 546] tts        657  TTS_MSG_GETAUDIO  0  
[2025/08/10 19:59:46 546] tts        485  get audio|use local  
[2025/08/10 19:59:46 546] tts        498  local audiolen:  2040  ,ced:  15  
[2025/08/10 19:59:46 546] tts        527  0  udata(7007ec08) 1  
[2025/08/10 19:59:46 549] tts        657  TTS_MSG_GETAUDIO  0  
[2025/08/10 19:59:46 549] tts        485  get audio|use local  
[2025/08/10 19:59:46 549] tts        498  local audiolen:  1958  ,ced:  15  
[2025/08/10 19:59:46 549] tts        527  0  udata(7007e028) 1  
[2025/08/10 19:59:46 550] tts        657  TTS_MSG_GETAUDIO  0  
[2025/08/10 19:59:46 550] tts        485  get audio|use local  
[2025/08/10 19:59:46 550] tts        498  local audiolen:  1998  ,ced:  15  
[2025/08/10 19:59:46 551] tts        527  0  udata(7007e078) 1  
[2025/08/10 19:59:46 552] tts        657  TTS_MSG_GETAUDIO  0  
[2025/08/10 19:59:46 553] tts        485  get audio|use local  
[2025/08/10 19:59:46 553] tts        498  local audiolen:  2016  ,ced:  15  
[2025/08/10 19:59:46 553] tts        527  0  udata(7007e1c8) 1  
[2025/08/10 19:59:46 556] tts        657  TTS_MSG_GETAUDIO  0  
[2025/08/10 19:59:46 556] tts        485  get audio|use local  
[2025/08/10 19:59:46 556] tts        498  local audiolen:  1932  ,ced:  15  
[2025/08/10 19:59:46 556] tts        527  0  udata(7007eb58) 1  
[2025/08/10 19:59:46 558] tts        657  TTS_MSG_GETAUDIO  0  
[2025/08/10 19:59:46 558] tts        485  get audio|use local  
[2025/08/10 19:59:46 558] tts        498  local audiolen:  2046  ,ced:  15  
[2025/08/10 19:59:46 559] tts        527  0  udata(7007d4b8) 1  
[2025/08/10 19:59:46 559] tts        301  0  0  
[2025/08/10 19:59:46 559] tts        312  TTS_LOCAL_CB_END,  2  
[2025/08/10 19:59:46 560] tts        657  TTS_MSG_GETAUDIO  0  
[2025/08/10 19:59:46 560] tts        485  get audio|use local  
[2025/08/10 19:59:46 560] tts        498  local audiolen:  1964  ,ced:  15  
[2025/08/10 19:59:46 560] tts        527  0  udata(7007d6a8) 1  
[2025/08/10 19:59:46 561] tts        657  TTS_MSG_GETAUDIO  0  
[2025/08/10 19:59:46 561] tts        485  get audio|use local  
[2025/08/10 19:59:46 561] tts        498  local audiolen:  1938  ,ced:  15  
[2025/08/10 19:59:46 561] tts        527  0  udata(7007d6f8) 1  
[2025/08/10 19:59:46 562] tts        657  TTS_MSG_GETAUDIO  0  
[2025/08/10 19:59:46 562] tts        485  get audio|use local  
[2025/08/10 19:59:46 562] tts        498  local audiolen:  1912  ,ced:  15  
[2025/08/10 19:59:46 563] tts        527  0  udata(7007d748) 1  
[2025/08/10 19:59:46 563] tts        657  TTS_MSG_GETAUDIO  0  
[2025/08/10 19:59:46 564] tts        485  get audio|use local  
[2025/08/10 19:59:46 564] tts        498  local audiolen:  2032  ,ced:  15  
[2025/08/10 19:59:46 564] tts        527  0  udata(7007d798) 1  
[2025/08/10 19:59:46 565] tts        657  TTS_MSG_GETAUDIO  0  
[2025/08/10 19:59:46 565] tts        485  get audio|use local  
[2025/08/10 19:59:46 565] tts        498  local audiolen:  2000  ,ced:  15  
[2025/08/10 19:59:46 565] tts        527  0  udata(7007d7e8) 1  
[2025/08/10 19:59:46 566] tts        657  TTS_MSG_GETAUDIO  0  
[2025/08/10 19:59:46 566] tts        485  get audio|use local  
[2025/08/10 19:59:46 567] tts        498  local audiolen:  2014  ,ced:  15  
[2025/08/10 19:59:46 567] tts        527  0  udata(7007d838) 1  
[2025/08/10 19:59:46 570] tts        657  TTS_MSG_GETAUDIO  0  
[2025/08/10 19:59:46 570] tts        485  get audio|use local  
[2025/08/10 19:59:46 571] tts        498  local audiolen:  2016  ,ced:  15  
[2025/08/10 19:59:46 571] tts        527  0  udata(7007d888) 1  
[2025/08/10 19:59:46 572] tts        657  TTS_MSG_GETAUDIO  0  
[2025/08/10 19:59:46 572] tts        485  get audio|use local  
[2025/08/10 19:59:46 572] tts        498  local audiolen:  2016  ,ced:  15  
[2025/08/10 19:59:46 572] tts        527  0  udata(7007e3b8) 1  
[2025/08/10 19:59:46 573] tts        657  TTS_MSG_GETAUDIO  0  
[2025/08/10 19:59:46 574] tts        485  get audio|use local  
[2025/08/10 19:59:46 574] tts        498  local audiolen:  576  ,ced:  15  
[2025/08/10 19:59:46 574] tts        527  0  udata(7007e658) 2  
[2025/08/10 19:59:46 575] tts        660  TTS_MSG_SSE  
[2025/08/10 19:59:46 577] tts        585  sse|use local  
[2025/08/10 19:59:46 580] tts        603  tts exit  
