============================================================
Time  2025/08/10 19:58:31 035 
============================================================
[2025/08/10 19:58:31 035] tts        676  SYS_MSG_REGCB param0 =  msp_status_cb  param1 =  func(60014a30) 
[2025/08/10 19:58:31 041] config     43   use general cloud  
[2025/08/10 19:58:31 056] tts_cloud  1417 SYS_MSG_REGCB_CLOUD param0 =   msp_status_cb  param1 =  func(60014a30) 
[2025/08/10 19:58:31 057] tts        647  TTS_MSG_SSB  
[2025/08/10 19:58:31 057] tts        375  params =  engine_type = local,voice_name=xiaoyan, text_encoding = UTF8, tts_res_path = fo|res/tts/xiaoyan.jet;fo|res/tts/common.jet, sample_rate = 16000, speed = 50, volume = 80, pitch = 50, rdn = 2  
[2025/08/10 19:58:31 057] tts        412  ssb|use local  
[2025/08/10 19:58:31 057] tts        349  local_session_begin  
[2025/08/10 19:58:31 068] tts        654  TTS_MSG_SYN  0  
[2025/08/10 19:58:31 068] tts        451  synth|use local  
[2025/08/10 19:58:31 070] tts        657  TTS_MSG_GETAUDIO  0  
[2025/08/10 19:58:31 070] tts        485  get audio|use local  
[2025/08/10 19:58:31 070] tts        527  0  nil  1  
[2025/08/10 19:58:31 071] tts        657  TTS_MSG_GETAUDIO  0  
[2025/08/10 19:58:31 071] tts        485  get audio|use local  
[2025/08/10 19:58:31 071] tts        527  0  nil  1  
[2025/08/10 19:58:31 071] tts        657  TTS_MSG_GETAUDIO  0  
[2025/08/10 19:58:31 072] tts        485  get audio|use local  
[2025/08/10 19:58:31 072] tts        527  0  nil  1  
[2025/08/10 19:58:31 073] tts        657  TTS_MSG_GETAUDIO  0  
[2025/08/10 19:58:31 073] tts        485  get audio|use local  
[2025/08/10 19:58:31 073] tts        527  0  nil  1  
[2025/08/10 19:58:31 074] tts        657  TTS_MSG_GETAUDIO  0  
[2025/08/10 19:58:31 074] tts        485  get audio|use local  
[2025/08/10 19:58:31 075] tts        527  0  nil  1  
[2025/08/10 19:58:31 075] tts        657  TTS_MSG_GETAUDIO  0  
[2025/08/10 19:58:31 076] tts        485  get audio|use local  
[2025/08/10 19:58:31 076] tts        527  0  nil  1  
[2025/08/10 19:58:31 076] tts        657  TTS_MSG_GETAUDIO  0  
[2025/08/10 19:58:31 076] tts        485  get audio|use local  
[2025/08/10 19:58:31 077] tts        527  0  nil  1  
[2025/08/10 19:58:31 077] tts        657  TTS_MSG_GETAUDIO  0  
[2025/08/10 19:58:31 077] tts        485  get audio|use local  
[2025/08/10 19:58:31 077] tts        527  0  nil  1  
[2025/08/10 19:58:31 078] tts        657  TTS_MSG_GETAUDIO  0  
[2025/08/10 19:58:31 078] tts        485  get audio|use local  
[2025/08/10 19:58:31 078] tts        527  0  nil  1  
[2025/08/10 19:58:31 079] tts        657  TTS_MSG_GETAUDIO  0  
[2025/08/10 19:58:31 079] tts        485  get audio|use local  
[2025/08/10 19:58:31 079] tts        527  0  nil  1  
[2025/08/10 19:58:31 080] tts        657  TTS_MSG_GETAUDIO  0  
[2025/08/10 19:58:31 080] tts        485  get audio|use local  
[2025/08/10 19:58:31 080] tts        527  0  nil  1  
[2025/08/10 19:58:31 081] tts        657  TTS_MSG_GETAUDIO  0  
[2025/08/10 19:58:31 081] tts        485  get audio|use local  
[2025/08/10 19:58:31 081] tts        527  0  nil  1  
[2025/08/10 19:58:31 082] tts        657  TTS_MSG_GETAUDIO  0  
[2025/08/10 19:58:31 082] tts        485  get audio|use local  
[2025/08/10 19:58:31 082] tts        527  0  nil  1  
[2025/08/10 19:58:31 083] tts        657  TTS_MSG_GETAUDIO  0  
[2025/08/10 19:58:31 083] tts        485  get audio|use local  
[2025/08/10 19:58:31 083] tts        527  0  nil  1  
[2025/08/10 19:58:31 083] tts        657  TTS_MSG_GETAUDIO  0  
[2025/08/10 19:58:31 083] tts        485  get audio|use local  
[2025/08/10 19:58:31 084] tts        527  0  nil  1  
[2025/08/10 19:58:31 084] tts        657  TTS_MSG_GETAUDIO  0  
[2025/08/10 19:58:31 084] tts        485  get audio|use local  
[2025/08/10 19:58:31 084] tts        527  0  nil  1  
[2025/08/10 19:58:31 085] tts        657  TTS_MSG_GETAUDIO  0  
[2025/08/10 19:58:31 085] tts        485  get audio|use local  
[2025/08/10 19:58:31 085] tts        527  0  nil  1  
[2025/08/10 19:58:31 086] tts        657  TTS_MSG_GETAUDIO  0  
[2025/08/10 19:58:31 086] tts        485  get audio|use local  
[2025/08/10 19:58:31 086] tts        527  0  nil  1  
[2025/08/10 19:58:31 087] tts        657  TTS_MSG_GETAUDIO  0  
[2025/08/10 19:58:31 087] tts        485  get audio|use local  
[2025/08/10 19:58:31 087] tts        527  0  nil  1  
[2025/08/10 19:58:31 088] tts        657  TTS_MSG_GETAUDIO  0  
[2025/08/10 19:58:31 088] tts        485  get audio|use local  
[2025/08/10 19:58:31 088] tts        527  0  nil  1  
[2025/08/10 19:58:31 089] tts        657  TTS_MSG_GETAUDIO  0  
[2025/08/10 19:58:31 089] tts        485  get audio|use local  
[2025/08/10 19:58:31 089] tts        527  0  nil  1  
[2025/08/10 19:58:31 090] tts        657  TTS_MSG_GETAUDIO  0  
[2025/08/10 19:58:31 090] tts        485  get audio|use local  
[2025/08/10 19:58:31 090] tts        527  0  nil  1  
[2025/08/10 19:58:31 091] tts        657  TTS_MSG_GETAUDIO  0  
[2025/08/10 19:58:31 091] tts        485  get audio|use local  
[2025/08/10 19:58:31 091] tts        527  0  nil  1  
[2025/08/10 19:58:31 092] tts        657  TTS_MSG_GETAUDIO  0  
[2025/08/10 19:58:31 092] tts        485  get audio|use local  
[2025/08/10 19:58:31 092] tts        527  0  nil  1  
[2025/08/10 19:58:31 093] tts        657  TTS_MSG_GETAUDIO  0  
[2025/08/10 19:58:31 093] tts        485  get audio|use local  
[2025/08/10 19:58:31 093] tts        527  0  nil  1  
[2025/08/10 19:58:31 094] tts        657  TTS_MSG_GETAUDIO  0  
[2025/08/10 19:58:31 095] tts        485  get audio|use local  
[2025/08/10 19:58:31 095] tts        527  0  nil  1  
[2025/08/10 19:58:31 096] tts        657  TTS_MSG_GETAUDIO  0  
[2025/08/10 19:58:31 096] tts        485  get audio|use local  
[2025/08/10 19:58:31 096] tts        527  0  nil  1  
[2025/08/10 19:58:31 097] tts        657  TTS_MSG_GETAUDIO  0  
[2025/08/10 19:58:31 097] tts        485  get audio|use local  
[2025/08/10 19:58:31 097] tts        527  0  nil  1  
[2025/08/10 19:58:31 098] tts        657  TTS_MSG_GETAUDIO  0  
[2025/08/10 19:58:31 098] tts        485  get audio|use local  
[2025/08/10 19:58:31 098] tts        527  0  nil  1  
[2025/08/10 19:58:31 099] tts        657  TTS_MSG_GETAUDIO  0  
[2025/08/10 19:58:31 099] tts        485  get audio|use local  
[2025/08/10 19:58:31 100] tts        527  0  nil  1  
[2025/08/10 19:58:31 100] tts        657  TTS_MSG_GETAUDIO  0  
[2025/08/10 19:58:31 101] tts        485  get audio|use local  
[2025/08/10 19:58:31 101] tts        527  0  nil  1  
[2025/08/10 19:58:31 102] tts        657  TTS_MSG_GETAUDIO  0  
[2025/08/10 19:58:31 102] tts        485  get audio|use local  
[2025/08/10 19:58:31 102] tts        527  0  nil  1  
[2025/08/10 19:58:31 102] tts        657  TTS_MSG_GETAUDIO  0  
[2025/08/10 19:58:31 103] tts        485  get audio|use local  
[2025/08/10 19:58:31 103] tts        527  0  nil  1  
[2025/08/10 19:58:31 103] tts        657  TTS_MSG_GETAUDIO  0  
[2025/08/10 19:58:31 104] tts        485  get audio|use local  
[2025/08/10 19:58:31 104] tts        527  0  nil  1  
[2025/08/10 19:58:31 104] tts        657  TTS_MSG_GETAUDIO  0  
[2025/08/10 19:58:31 104] tts        485  get audio|use local  
[2025/08/10 19:58:31 105] tts        527  0  nil  1  
[2025/08/10 19:58:31 105] tts        657  TTS_MSG_GETAUDIO  0  
[2025/08/10 19:58:31 105] tts        485  get audio|use local  
[2025/08/10 19:58:31 106] tts        527  0  nil  1  
[2025/08/10 19:58:31 106] tts        657  TTS_MSG_GETAUDIO  0  
[2025/08/10 19:58:31 106] tts        485  get audio|use local  
[2025/08/10 19:58:31 106] tts        527  0  nil  1  
[2025/08/10 19:58:31 107] tts        657  TTS_MSG_GETAUDIO  0  
[2025/08/10 19:58:31 107] tts        485  get audio|use local  
[2025/08/10 19:58:31 107] tts        527  0  nil  1  
[2025/08/10 19:58:31 108] tts        657  TTS_MSG_GETAUDIO  0  
[2025/08/10 19:58:31 108] tts        485  get audio|use local  
[2025/08/10 19:58:31 108] tts        527  0  nil  1  
[2025/08/10 19:58:31 109] tts        657  TTS_MSG_GETAUDIO  0  
[2025/08/10 19:58:31 109] tts        485  get audio|use local  
[2025/08/10 19:58:31 109] tts        527  0  nil  1  
[2025/08/10 19:58:31 110] tts        657  TTS_MSG_GETAUDIO  0  
[2025/08/10 19:58:31 110] tts        485  get audio|use local  
[2025/08/10 19:58:31 110] tts        527  0  nil  1  
[2025/08/10 19:58:31 111] tts        657  TTS_MSG_GETAUDIO  0  
[2025/08/10 19:58:31 111] tts        485  get audio|use local  
[2025/08/10 19:58:31 111] tts        527  0  nil  1  
[2025/08/10 19:58:31 112] tts        657  TTS_MSG_GETAUDIO  0  
[2025/08/10 19:58:31 112] tts        485  get audio|use local  
[2025/08/10 19:58:31 112] tts        527  0  nil  1  
[2025/08/10 19:58:31 113] tts        657  TTS_MSG_GETAUDIO  0  
[2025/08/10 19:58:31 113] tts        485  get audio|use local  
[2025/08/10 19:58:31 113] tts        527  0  nil  1  
[2025/08/10 19:58:31 114] tts        657  TTS_MSG_GETAUDIO  0  
[2025/08/10 19:58:31 114] tts        485  get audio|use local  
[2025/08/10 19:58:31 115] tts        527  0  nil  1  
[2025/08/10 19:58:31 116] tts        657  TTS_MSG_GETAUDIO  0  
[2025/08/10 19:58:31 116] tts        485  get audio|use local  
[2025/08/10 19:58:31 116] tts        527  0  nil  1  
[2025/08/10 19:58:31 117] tts        657  TTS_MSG_GETAUDIO  0  
[2025/08/10 19:58:31 117] tts        485  get audio|use local  
[2025/08/10 19:58:31 117] tts        527  0  nil  1  
[2025/08/10 19:58:31 118] tts        657  TTS_MSG_GETAUDIO  0  
[2025/08/10 19:58:31 118] tts        485  get audio|use local  
[2025/08/10 19:58:31 118] tts        527  0  nil  1  
[2025/08/10 19:58:31 119] tts        657  TTS_MSG_GETAUDIO  0  
[2025/08/10 19:58:31 119] tts        485  get audio|use local  
[2025/08/10 19:58:31 120] tts        527  0  nil  1  
[2025/08/10 19:58:31 121] tts        657  TTS_MSG_GETAUDIO  0  
[2025/08/10 19:58:31 121] tts        485  get audio|use local  
[2025/08/10 19:58:31 121] tts        527  0  nil  1  
[2025/08/10 19:58:31 122] tts        657  TTS_MSG_GETAUDIO  0  
[2025/08/10 19:58:31 122] tts        485  get audio|use local  
[2025/08/10 19:58:31 122] tts        527  0  nil  1  
[2025/08/10 19:58:31 123] tts        657  TTS_MSG_GETAUDIO  0  
[2025/08/10 19:58:31 123] tts        485  get audio|use local  
[2025/08/10 19:58:31 123] tts        527  0  nil  1  
[2025/08/10 19:58:31 124] tts        657  TTS_MSG_GETAUDIO  0  
[2025/08/10 19:58:31 124] tts        485  get audio|use local  
[2025/08/10 19:58:31 125] tts        527  0  nil  1  
[2025/08/10 19:58:31 125] tts        657  TTS_MSG_GETAUDIO  0  
[2025/08/10 19:58:31 126] tts        485  get audio|use local  
[2025/08/10 19:58:31 126] tts        527  0  nil  1  
[2025/08/10 19:58:31 127] tts        657  TTS_MSG_GETAUDIO  0  
[2025/08/10 19:58:31 127] tts        485  get audio|use local  
[2025/08/10 19:58:31 127] tts        527  0  nil  1  
[2025/08/10 19:58:31 128] tts        657  TTS_MSG_GETAUDIO  0  
[2025/08/10 19:58:31 128] tts        485  get audio|use local  
[2025/08/10 19:58:31 128] tts        527  0  nil  1  
[2025/08/10 19:58:31 129] tts        657  TTS_MSG_GETAUDIO  0  
[2025/08/10 19:58:31 129] tts        485  get audio|use local  
[2025/08/10 19:58:31 129] tts        527  0  nil  1  
[2025/08/10 19:58:31 130] tts        657  TTS_MSG_GETAUDIO  0  
[2025/08/10 19:58:31 130] tts        485  get audio|use local  
[2025/08/10 19:58:31 130] tts        527  0  nil  1  
[2025/08/10 19:58:31 131] tts        657  TTS_MSG_GETAUDIO  0  
[2025/08/10 19:58:31 131] tts        485  get audio|use local  
[2025/08/10 19:58:31 131] tts        527  0  nil  1  
[2025/08/10 19:58:31 132] tts        657  TTS_MSG_GETAUDIO  0  
[2025/08/10 19:58:31 132] tts        485  get audio|use local  
[2025/08/10 19:58:31 133] tts        527  0  nil  1  
[2025/08/10 19:58:31 133] tts        657  TTS_MSG_GETAUDIO  0  
[2025/08/10 19:58:31 133] tts        485  get audio|use local  
[2025/08/10 19:58:31 133] tts        527  0  nil  1  
[2025/08/10 19:58:31 134] tts        657  TTS_MSG_GETAUDIO  0  
[2025/08/10 19:58:31 135] tts        485  get audio|use local  
[2025/08/10 19:58:31 135] tts        527  0  nil  1  
[2025/08/10 19:58:31 136] tts        657  TTS_MSG_GETAUDIO  0  
[2025/08/10 19:58:31 136] tts        485  get audio|use local  
[2025/08/10 19:58:31 136] tts        527  0  nil  1  
[2025/08/10 19:58:31 137] tts        657  TTS_MSG_GETAUDIO  0  
[2025/08/10 19:58:31 137] tts        485  get audio|use local  
[2025/08/10 19:58:31 137] tts        527  0  nil  1  
[2025/08/10 19:58:31 138] tts        657  TTS_MSG_GETAUDIO  0  
[2025/08/10 19:58:31 138] tts        485  get audio|use local  
[2025/08/10 19:58:31 138] tts        527  0  nil  1  
[2025/08/10 19:58:31 139] tts        657  TTS_MSG_GETAUDIO  0  
[2025/08/10 19:58:31 139] tts        485  get audio|use local  
[2025/08/10 19:58:31 140] tts        527  0  nil  1  
[2025/08/10 19:58:31 140] tts        657  TTS_MSG_GETAUDIO  0  
[2025/08/10 19:58:31 140] tts        485  get audio|use local  
[2025/08/10 19:58:31 141] tts        527  0  nil  1  
[2025/08/10 19:58:31 142] tts        657  TTS_MSG_GETAUDIO  0  
[2025/08/10 19:58:31 142] tts        485  get audio|use local  
[2025/08/10 19:58:31 142] tts        527  0  nil  1  
[2025/08/10 19:58:31 143] tts        657  TTS_MSG_GETAUDIO  0  
[2025/08/10 19:58:31 143] tts        485  get audio|use local  
[2025/08/10 19:58:31 144] tts        527  0  nil  1  
[2025/08/10 19:58:31 145] tts        657  TTS_MSG_GETAUDIO  0  
[2025/08/10 19:58:31 145] tts        485  get audio|use local  
[2025/08/10 19:58:31 145] tts        527  0  nil  1  
[2025/08/10 19:58:31 146] tts        657  TTS_MSG_GETAUDIO  0  
[2025/08/10 19:58:31 147] tts        485  get audio|use local  
[2025/08/10 19:58:31 147] tts        527  0  nil  1  
[2025/08/10 19:58:31 148] tts        657  TTS_MSG_GETAUDIO  0  
[2025/08/10 19:58:31 148] tts        485  get audio|use local  
[2025/08/10 19:58:31 148] tts        527  0  nil  1  
[2025/08/10 19:58:31 150] tts        657  TTS_MSG_GETAUDIO  0  
[2025/08/10 19:58:31 150] tts        485  get audio|use local  
[2025/08/10 19:58:31 150] tts        527  0  nil  1  
[2025/08/10 19:58:31 152] tts        657  TTS_MSG_GETAUDIO  0  
[2025/08/10 19:58:31 152] tts        485  get audio|use local  
[2025/08/10 19:58:31 152] tts        527  0  nil  1  
[2025/08/10 19:58:31 153] tts        299  TTS_LOCAL_CB_BEGIN  
[2025/08/10 19:58:31 153] tts        657  TTS_MSG_GETAUDIO  0  
[2025/08/10 19:58:31 153] tts        485  get audio|use local  
[2025/08/10 19:58:31 154] tts        527  0  nil  1  
[2025/08/10 19:58:31 154] tts        657  TTS_MSG_GETAUDIO  0  
[2025/08/10 19:58:31 155] tts        485  get audio|use local  
[2025/08/10 19:58:31 155] tts        527  0  nil  1  
[2025/08/10 19:58:31 156] tts        657  TTS_MSG_GETAUDIO  0  
[2025/08/10 19:58:31 156] tts        485  get audio|use local  
[2025/08/10 19:58:31 156] tts        527  0  nil  1  
[2025/08/10 19:58:31 157] tts        657  TTS_MSG_GETAUDIO  0  
[2025/08/10 19:58:31 157] tts        485  get audio|use local  
[2025/08/10 19:58:31 157] tts        527  0  nil  1  
[2025/08/10 19:58:31 158] tts        657  TTS_MSG_GETAUDIO  0  
[2025/08/10 19:58:31 158] tts        485  get audio|use local  
[2025/08/10 19:58:31 158] tts        527  0  nil  1  
[2025/08/10 19:58:31 161] tts        657  TTS_MSG_GETAUDIO  0  
[2025/08/10 19:58:31 161] tts        485  get audio|use local  
[2025/08/10 19:58:31 161] tts        498  local audiolen:  2042  ,ced:  16  
[2025/08/10 19:58:31 161] tts        527  0  udata(60070df8) 1  
[2025/08/10 19:58:31 162] tts        657  TTS_MSG_GETAUDIO  0  
[2025/08/10 19:58:31 162] tts        485  get audio|use local  
[2025/08/10 19:58:31 162] tts        498  local audiolen:  2016  ,ced:  16  
[2025/08/10 19:58:31 162] tts        527  0  udata(60071068) 1  
[2025/08/10 19:58:31 164] tts        657  TTS_MSG_GETAUDIO  0  
[2025/08/10 19:58:31 164] tts        485  get audio|use local  
[2025/08/10 19:58:31 164] tts        527  0  nil  1  
[2025/08/10 19:58:31 166] tts        657  TTS_MSG_GETAUDIO  0  
[2025/08/10 19:58:31 166] tts        485  get audio|use local  
[2025/08/10 19:58:31 166] tts        498  local audiolen:  1970  ,ced:  16  
[2025/08/10 19:58:31 166] tts        527  0  udata(60087e38) 1  
[2025/08/10 19:58:31 167] tts        657  TTS_MSG_GETAUDIO  0  
[2025/08/10 19:58:31 168] tts        485  get audio|use local  
[2025/08/10 19:58:31 168] tts        498  local audiolen:  1900  ,ced:  16  
[2025/08/10 19:58:31 168] tts        527  0  udata(60087de8) 1  
[2025/08/10 19:58:31 169] tts        657  TTS_MSG_GETAUDIO  0  
[2025/08/10 19:58:31 169] tts        485  get audio|use local  
[2025/08/10 19:58:31 169] tts        498  local audiolen:  1972  ,ced:  16  
[2025/08/10 19:58:31 170] tts        527  0  udata(60088118) 1  
[2025/08/10 19:58:31 171] tts        657  TTS_MSG_GETAUDIO  0  
[2025/08/10 19:58:31 171] tts        485  get audio|use local  
[2025/08/10 19:58:31 171] tts        498  local audiolen:  1982  ,ced:  16  
[2025/08/10 19:58:31 171] tts        527  0  udata(60088168) 1  
[2025/08/10 19:58:31 172] tts        657  TTS_MSG_GETAUDIO  0  
[2025/08/10 19:58:31 172] tts        485  get audio|use local  
[2025/08/10 19:58:31 173] tts        498  local audiolen:  2046  ,ced:  16  
[2025/08/10 19:58:31 173] tts        527  0  udata(60088258) 1  
[2025/08/10 19:58:31 174] tts        657  TTS_MSG_GETAUDIO  0  
[2025/08/10 19:58:31 174] tts        485  get audio|use local  
[2025/08/10 19:58:31 174] tts        498  local audiolen:  1970  ,ced:  16  
[2025/08/10 19:58:31 174] tts        527  0  udata(600876c8) 1  
[2025/08/10 19:58:31 175] tts        657  TTS_MSG_GETAUDIO  0  
[2025/08/10 19:58:31 175] tts        485  get audio|use local  
[2025/08/10 19:58:31 175] tts        527  0  nil  1  
[2025/08/10 19:58:31 177] tts        657  TTS_MSG_GETAUDIO  0  
[2025/08/10 19:58:31 177] tts        485  get audio|use local  
[2025/08/10 19:58:31 178] tts        498  local audiolen:  1932  ,ced:  16  
[2025/08/10 19:58:31 178] tts        527  0  udata(60087a28) 1  
[2025/08/10 19:58:31 182] tts        657  TTS_MSG_GETAUDIO  0  
[2025/08/10 19:58:31 182] tts        485  get audio|use local  
[2025/08/10 19:58:31 182] tts        498  local audiolen:  1994  ,ced:  16  
[2025/08/10 19:58:31 183] tts        527  0  udata(60087c78) 1  
[2025/08/10 19:58:31 186] tts        657  TTS_MSG_GETAUDIO  0  
[2025/08/10 19:58:31 186] tts        485  get audio|use local  
[2025/08/10 19:58:31 186] tts        498  local audiolen:  2008  ,ced:  16  
[2025/08/10 19:58:31 186] tts        527  0  udata(6007d4e8) 1  
[2025/08/10 19:58:31 187] tts        657  TTS_MSG_GETAUDIO  0  
[2025/08/10 19:58:31 188] tts        485  get audio|use local  
[2025/08/10 19:58:31 188] tts        498  local audiolen:  1932  ,ced:  16  
[2025/08/10 19:58:31 188] tts        527  0  udata(6007d538) 1  
[2025/08/10 19:58:31 190] tts        657  TTS_MSG_GETAUDIO  0  
[2025/08/10 19:58:31 190] tts        485  get audio|use local  
[2025/08/10 19:58:31 191] tts        498  local audiolen:  2044  ,ced:  16  
[2025/08/10 19:58:31 191] tts        527  0  udata(6007ef08) 1  
[2025/08/10 19:58:31 193] tts        657  TTS_MSG_GETAUDIO  0  
[2025/08/10 19:58:31 193] tts        485  get audio|use local  
[2025/08/10 19:58:31 193] tts        498  local audiolen:  2014  ,ced:  16  
[2025/08/10 19:58:31 193] tts        527  0  udata(6007f058) 1  
[2025/08/10 19:58:31 194] tts        657  TTS_MSG_GETAUDIO  0  
[2025/08/10 19:58:31 194] tts        485  get audio|use local  
[2025/08/10 19:58:31 195] tts        498  local audiolen:  1982  ,ced:  16  
[2025/08/10 19:58:31 195] tts        527  0  udata(6007d848) 1  
[2025/08/10 19:58:31 198] tts        657  TTS_MSG_GETAUDIO  0  
[2025/08/10 19:58:31 198] tts        485  get audio|use local  
[2025/08/10 19:58:31 198] tts        498  local audiolen:  2006  ,ced:  16  
[2025/08/10 19:58:31 199] tts        527  0  udata(6007d898) 1  
[2025/08/10 19:58:31 201] tts        657  TTS_MSG_GETAUDIO  0  
[2025/08/10 19:58:31 202] tts        485  get audio|use local  
[2025/08/10 19:58:31 204] tts        498  local audiolen:  1964  ,ced:  16  
[2025/08/10 19:58:31 204] tts        527  0  udata(6007dbe8) 1  
[2025/08/10 19:58:31 209] tts        657  TTS_MSG_GETAUDIO  0  
[2025/08/10 19:58:31 210] tts        485  get audio|use local  
[2025/08/10 19:58:31 210] tts        498  local audiolen:  2046  ,ced:  16  
[2025/08/10 19:58:31 211] tts        527  0  udata(6007e838) 1  
[2025/08/10 19:58:31 213] tts        301  0  0  
[2025/08/10 19:58:31 213] tts        312  TTS_LOCAL_CB_END,  2  
[2025/08/10 19:58:31 214] tts        657  TTS_MSG_GETAUDIO  0  
[2025/08/10 19:58:31 214] tts        485  get audio|use local  
[2025/08/10 19:58:31 214] tts        498  local audiolen:  1940  ,ced:  16  
[2025/08/10 19:58:31 215] tts        527  0  udata(6007ea28) 1  
[2025/08/10 19:58:31 215] tts        657  TTS_MSG_GETAUDIO  0  
[2025/08/10 19:58:31 216] tts        485  get audio|use local  
[2025/08/10 19:58:31 216] tts        498  local audiolen:  2000  ,ced:  16  
[2025/08/10 19:58:31 216] tts        527  0  udata(6007ea78) 1  
[2025/08/10 19:58:31 217] tts        657  TTS_MSG_GETAUDIO  0  
[2025/08/10 19:58:31 217] tts        485  get audio|use local  
[2025/08/10 19:58:31 217] tts        498  local audiolen:  1940  ,ced:  16  
[2025/08/10 19:58:31 217] tts        527  0  udata(6007eac8) 1  
[2025/08/10 19:58:31 219] tts        657  TTS_MSG_GETAUDIO  0  
[2025/08/10 19:58:31 219] tts        485  get audio|use local  
[2025/08/10 19:58:31 219] tts        498  local audiolen:  2048  ,ced:  16  
[2025/08/10 19:58:31 219] tts        527  0  udata(6007eb18) 1  
[2025/08/10 19:58:31 220] tts        657  TTS_MSG_GETAUDIO  0  
[2025/08/10 19:58:31 220] tts        485  get audio|use local  
[2025/08/10 19:58:31 220] tts        498  local audiolen:  2016  ,ced:  16  
[2025/08/10 19:58:31 220] tts        527  0  udata(6007eb68) 1  
[2025/08/10 19:58:31 221] tts        657  TTS_MSG_GETAUDIO  0  
[2025/08/10 19:58:31 221] tts        485  get audio|use local  
[2025/08/10 19:58:31 222] tts        498  local audiolen:  576  ,ced:  16  
[2025/08/10 19:58:31 222] tts        527  0  udata(6007e018) 2  
[2025/08/10 19:58:31 223] tts        660  TTS_MSG_SSE  
[2025/08/10 19:58:31 225] tts        585  sse|use local  
[2025/08/10 19:58:31 230] tts        603  tts exit  
