============================================================
Time  2023/09/06 15:23:36 932 
============================================================
[2023/09/06 15:23:36 932] lgi        644  SYS_MSG_LOAD  
[2023/09/06 15:23:36 935] lgi        666  SYS_MSG_REGCB  msp_status_cb  func(64053250) 
[2023/09/06 15:23:36 936] lgi        292  LGI_MSG_INIT  
[2023/09/06 15:23:36 936] lgi        299  lgi  lgi_  268436457  1587021943  
[2023/09/06 15:23:36 936] lgi        332  lgi params:  appid = 5e7d9f3e  
[2023/09/06 15:23:36 936] lgi        346  auth_time_str=  2023/09/06 15:23:36  
[2023/09/06 15:23:36 936] lgi        352  auth_appid=  5e7d9f3e  
[2023/09/06 15:23:36 936] lgi        363  token:  nil  
[2023/09/06 15:23:36 937] lgi        436  msc cver : 5.0.38.1195  
[2023/09/06 15:23:36 937] lgi        479  ns_enable=  1  
[2023/09/06 15:23:36 937] lgi        491  prot_ver=1  
[2023/09/06 15:23:36 937] lgi        502  prot_type=tcp  
[2023/09/06 15:23:36 938] lgi        653  SYS_MSG_UNLOAD  go bg!  
[2023/09/06 15:23:40 707] lgi        657  SYS_MSG_SHUTDOWN  
============================================================
Time  2023/09/06 15:23:50 488 
============================================================
[2023/09/06 15:23:50 488] lgi        644  SYS_MSG_LOAD  
[2023/09/06 15:23:50 490] lgi        666  SYS_MSG_REGCB  msp_status_cb  func(70013820) 
[2023/09/06 15:23:50 491] lgi        292  LGI_MSG_INIT  
[2023/09/06 15:23:50 491] lgi        299  lgi  lgi_  268436457  1587021943  
[2023/09/06 15:23:50 491] lgi        332  lgi params:  appid = 5e7d9f3e  
[2023/09/06 15:23:50 492] lgi        346  auth_time_str=  2023/09/06 15:23:50  
[2023/09/06 15:23:50 492] lgi        352  auth_appid=  5e7d9f3e  
[2023/09/06 15:23:50 492] lgi        363  token:  nil  
[2023/09/06 15:23:50 492] lgi        436  msc cver : 5.0.38.1195  
[2023/09/06 15:23:50 492] lgi        479  ns_enable=  1  
[2023/09/06 15:23:50 492] lgi        491  prot_ver=1  
[2023/09/06 15:23:50 492] lgi        502  prot_type=tcp  
[2023/09/06 15:23:50 499] lgi        653  SYS_MSG_UNLOAD  go bg!  
[2023/09/06 15:23:54 244] lgi        657  SYS_MSG_SHUTDOWN  
============================================================
Time  2023/09/06 15:40:27 232 
============================================================
[2023/09/06 15:40:27 233] lgi        644  SYS_MSG_LOAD  
[2023/09/06 15:40:27 236] lgi        666  SYS_MSG_REGCB  msp_status_cb  func(70013820) 
[2023/09/06 15:40:27 236] lgi        292  LGI_MSG_INIT  
[2023/09/06 15:40:27 237] lgi        299  lgi  lgi_  268436457  1587021943  
[2023/09/06 15:40:27 237] lgi        332  lgi params:  appid = 5e7d9f3e  
[2023/09/06 15:40:27 237] lgi        346  auth_time_str=  2023/09/06 15:40:27  
[2023/09/06 15:40:27 237] lgi        352  auth_appid=  5e7d9f3e  
[2023/09/06 15:40:27 237] lgi        363  token:  nil  
[2023/09/06 15:40:27 238] lgi        436  msc cver : 5.0.38.1195  
[2023/09/06 15:40:27 238] lgi        479  ns_enable=  1  
[2023/09/06 15:40:27 238] lgi        491  prot_ver=1  
[2023/09/06 15:40:27 238] lgi        502  prot_type=tcp  
[2023/09/06 15:40:27 239] lgi        653  SYS_MSG_UNLOAD  go bg!  
[2023/09/06 15:40:30 997] lgi        657  SYS_MSG_SHUTDOWN  
============================================================
Time  2023/09/06 15:40:42 719 
============================================================
[2023/09/06 15:40:42 719] lgi        644  SYS_MSG_LOAD  
[2023/09/06 15:40:42 722] lgi        666  SYS_MSG_REGCB  msp_status_cb  func(70053280) 
[2023/09/06 15:40:42 723] lgi        292  LGI_MSG_INIT  
[2023/09/06 15:40:42 723] lgi        299  lgi  lgi_  268436457  1587021943  
[2023/09/06 15:40:42 723] lgi        332  lgi params:  appid = 5e7d9f3e  
[2023/09/06 15:40:42 723] lgi        346  auth_time_str=  2023/09/06 15:40:42  
[2023/09/06 15:40:42 723] lgi        352  auth_appid=  5e7d9f3e  
[2023/09/06 15:40:42 723] lgi        363  token:  nil  
[2023/09/06 15:40:42 724] lgi        436  msc cver : 5.0.38.1195  
[2023/09/06 15:40:42 724] lgi        479  ns_enable=  1  
[2023/09/06 15:40:42 724] lgi        491  prot_ver=1  
[2023/09/06 15:40:42 724] lgi        502  prot_type=tcp  
[2023/09/06 15:40:42 725] lgi        653  SYS_MSG_UNLOAD  go bg!  
[2023/09/06 15:40:46 428] lgi        657  SYS_MSG_SHUTDOWN  
============================================================
Time  2023/09/06 15:40:51 905 
============================================================
[2023/09/06 15:40:51 905] lgi        644  SYS_MSG_LOAD  
[2023/09/06 15:40:51 908] lgi        666  SYS_MSG_REGCB  msp_status_cb  func(74053250) 
[2023/09/06 15:40:51 909] lgi        292  LGI_MSG_INIT  
[2023/09/06 15:40:51 909] lgi        299  lgi  lgi_  268436457  1587021943  
[2023/09/06 15:40:51 910] lgi        332  lgi params:  appid = 5e7d9f3e  
[2023/09/06 15:40:51 910] lgi        346  auth_time_str=  2023/09/06 15:40:51  
[2023/09/06 15:40:51 910] lgi        352  auth_appid=  5e7d9f3e  
[2023/09/06 15:40:51 910] lgi        363  token:  nil  
[2023/09/06 15:40:51 910] lgi        436  msc cver : 5.0.38.1195  
[2023/09/06 15:40:51 911] lgi        479  ns_enable=  1  
[2023/09/06 15:40:51 911] lgi        491  prot_ver=1  
[2023/09/06 15:40:51 911] lgi        502  prot_type=tcp  
[2023/09/06 15:40:51 912] lgi        653  SYS_MSG_UNLOAD  go bg!  
[2023/09/06 15:40:55 627] lgi        657  SYS_MSG_SHUTDOWN  
============================================================
Time  2023/09/06 15:41:03 340 
============================================================
[2023/09/06 15:41:03 340] lgi        644  SYS_MSG_LOAD  
[2023/09/06 15:41:03 343] lgi        666  SYS_MSG_REGCB  msp_status_cb  func(84013640) 
[2023/09/06 15:41:03 343] lgi        292  LGI_MSG_INIT  
[2023/09/06 15:41:03 344] lgi        299  lgi  lgi_  268436457  1587021943  
[2023/09/06 15:41:03 344] lgi        332  lgi params:  appid = 5e7d9f3e  
[2023/09/06 15:41:03 344] lgi        346  auth_time_str=  2023/09/06 15:41:03  
[2023/09/06 15:41:03 344] lgi        352  auth_appid=  5e7d9f3e  
[2023/09/06 15:41:03 344] lgi        363  token:  nil  
[2023/09/06 15:41:03 345] lgi        436  msc cver : 5.0.38.1195  
[2023/09/06 15:41:03 345] lgi        479  ns_enable=  1  
[2023/09/06 15:41:03 345] lgi        491  prot_ver=1  
[2023/09/06 15:41:03 345] lgi        502  prot_type=tcp  
[2023/09/06 15:41:03 346] lgi        653  SYS_MSG_UNLOAD  go bg!  
[2023/09/06 15:41:07 070] lgi        657  SYS_MSG_SHUTDOWN  
============================================================
Time  2023/09/06 15:41:28 278 
============================================================
[2023/09/06 15:41:28 278] lgi        644  SYS_MSG_LOAD  
[2023/09/06 15:41:28 282] lgi        666  SYS_MSG_REGCB  msp_status_cb  func(90053070) 
[2023/09/06 15:41:28 283] lgi        292  LGI_MSG_INIT  
[2023/09/06 15:41:28 284] lgi        299  lgi  lgi_  268436457  1587021943  
[2023/09/06 15:41:28 284] lgi        332  lgi params:  appid = 5e7d9f3e  
[2023/09/06 15:41:28 285] lgi        346  auth_time_str=  2023/09/06 15:41:28  
[2023/09/06 15:41:28 285] lgi        352  auth_appid=  5e7d9f3e  
[2023/09/06 15:41:28 285] lgi        363  token:  nil  
[2023/09/06 15:41:28 285] lgi        436  msc cver : 5.0.38.1195  
[2023/09/06 15:41:28 285] lgi        479  ns_enable=  1  
[2023/09/06 15:41:28 285] lgi        491  prot_ver=1  
[2023/09/06 15:41:28 285] lgi        502  prot_type=tcp  
[2023/09/06 15:41:28 286] lgi        653  SYS_MSG_UNLOAD  go bg!  
[2023/09/06 15:41:32 036] lgi        657  SYS_MSG_SHUTDOWN  
============================================================
Time  2023/09/06 15:42:16 388 
============================================================
[2023/09/06 15:42:16 388] lgi        644  SYS_MSG_LOAD  
[2023/09/06 15:42:16 392] lgi        666  SYS_MSG_REGCB  msp_status_cb  func(78053250) 
[2023/09/06 15:42:16 392] lgi        292  LGI_MSG_INIT  
[2023/09/06 15:42:16 392] lgi        299  lgi  lgi_  268436457  1587021943  
[2023/09/06 15:42:16 393] lgi        332  lgi params:  appid = 5e7d9f3e  
[2023/09/06 15:42:16 393] lgi        346  auth_time_str=  2023/09/06 15:42:16  
[2023/09/06 15:42:16 393] lgi        352  auth_appid=  5e7d9f3e  
[2023/09/06 15:42:16 393] lgi        363  token:  nil  
[2023/09/06 15:42:16 393] lgi        436  msc cver : 5.0.38.1195  
[2023/09/06 15:42:16 393] lgi        479  ns_enable=  1  
[2023/09/06 15:42:16 393] lgi        491  prot_ver=1  
[2023/09/06 15:42:16 393] lgi        502  prot_type=tcp  
[2023/09/06 15:42:16 394] lgi        653  SYS_MSG_UNLOAD  go bg!  
[2023/09/06 15:42:20 125] lgi        657  SYS_MSG_SHUTDOWN  
============================================================
Time  2023/09/06 15:46:54 640 
============================================================
[2023/09/06 15:46:54 640] lgi        644  SYS_MSG_LOAD  
[2023/09/06 15:46:54 644] lgi        666  SYS_MSG_REGCB  msp_status_cb  func(60013640) 
[2023/09/06 15:46:54 645] lgi        292  LGI_MSG_INIT  
[2023/09/06 15:46:54 645] lgi        299  lgi  lgi_  268436457  1587021943  
[2023/09/06 15:46:54 645] lgi        332  lgi params:  appid = 5e7d9f3e  
[2023/09/06 15:46:54 646] lgi        346  auth_time_str=  2023/09/06 15:46:54  
[2023/09/06 15:46:54 646] lgi        352  auth_appid=  5e7d9f3e  
[2023/09/06 15:46:54 646] lgi        363  token:  nil  
[2023/09/06 15:46:54 646] lgi        436  msc cver : 5.0.38.1195  
[2023/09/06 15:46:54 646] lgi        479  ns_enable=  1  
[2023/09/06 15:46:54 646] lgi        491  prot_ver=1  
[2023/09/06 15:46:54 647] lgi        502  prot_type=tcp  
[2023/09/06 15:46:54 647] lgi        653  SYS_MSG_UNLOAD  go bg!  
[2023/09/06 15:46:58 358] lgi        657  SYS_MSG_SHUTDOWN  
============================================================
Time  2023/09/06 15:48:07 970 
============================================================
[2023/09/06 15:48:07 970] lgi        644  SYS_MSG_LOAD  
[2023/09/06 15:48:07 973] lgi        666  SYS_MSG_REGCB  msp_status_cb  func(88013640) 
[2023/09/06 15:48:07 974] lgi        292  LGI_MSG_INIT  
[2023/09/06 15:48:07 974] lgi        299  lgi  lgi_  268436457  1587021943  
[2023/09/06 15:48:07 975] lgi        332  lgi params:  appid = 5e7d9f3e  
[2023/09/06 15:48:07 975] lgi        346  auth_time_str=  2023/09/06 15:48:07  
[2023/09/06 15:48:07 975] lgi        352  auth_appid=  5e7d9f3e  
[2023/09/06 15:48:07 975] lgi        363  token:  nil  
[2023/09/06 15:48:07 975] lgi        436  msc cver : 5.0.38.1195  
[2023/09/06 15:48:07 976] lgi        479  ns_enable=  1  
[2023/09/06 15:48:07 976] lgi        491  prot_ver=1  
[2023/09/06 15:48:07 976] lgi        502  prot_type=tcp  
[2023/09/06 15:48:07 977] lgi        653  SYS_MSG_UNLOAD  go bg!  
[2023/09/06 15:48:11 682] lgi        657  SYS_MSG_SHUTDOWN  
============================================================
Time  2023/09/06 15:52:19 339 
============================================================
[2023/09/06 15:52:19 339] lgi        644  SYS_MSG_LOAD  
[2023/09/06 15:52:19 342] lgi        666  SYS_MSG_REGCB  msp_status_cb  func(5c053070) 
[2023/09/06 15:52:19 342] lgi        292  LGI_MSG_INIT  
[2023/09/06 15:52:19 343] lgi        299  lgi  lgi_  268436457  1587021943  
[2023/09/06 15:52:19 343] lgi        332  lgi params:  appid = 5e7d9f3e  
[2023/09/06 15:52:19 343] lgi        346  auth_time_str=  2023/09/06 15:52:19  
[2023/09/06 15:52:19 343] lgi        352  auth_appid=  5e7d9f3e  
[2023/09/06 15:52:19 343] lgi        363  token:  nil  
[2023/09/06 15:52:19 343] lgi        436  msc cver : 5.0.38.1195  
[2023/09/06 15:52:19 344] lgi        479  ns_enable=  1  
[2023/09/06 15:52:19 344] lgi        491  prot_ver=1  
[2023/09/06 15:52:19 344] lgi        502  prot_type=tcp  
[2023/09/06 15:52:19 345] lgi        653  SYS_MSG_UNLOAD  go bg!  
[2023/09/06 15:52:23 054] lgi        657  SYS_MSG_SHUTDOWN  
============================================================
Time  2023/09/06 15:52:29 678 
============================================================
[2023/09/06 15:52:29 679] lgi        644  SYS_MSG_LOAD  
[2023/09/06 15:52:29 682] lgi        666  SYS_MSG_REGCB  msp_status_cb  func(74053250) 
[2023/09/06 15:52:29 683] lgi        292  LGI_MSG_INIT  
[2023/09/06 15:52:29 683] lgi        299  lgi  lgi_  268436457  1587021943  
[2023/09/06 15:52:29 683] lgi        332  lgi params:  appid = 5e7d9f3e  
[2023/09/06 15:52:29 683] lgi        346  auth_time_str=  2023/09/06 15:52:29  
[2023/09/06 15:52:29 683] lgi        352  auth_appid=  5e7d9f3e  
[2023/09/06 15:52:29 684] lgi        363  token:  nil  
[2023/09/06 15:52:29 684] lgi        436  msc cver : 5.0.38.1195  
[2023/09/06 15:52:29 684] lgi        479  ns_enable=  1  
[2023/09/06 15:52:29 684] lgi        491  prot_ver=1  
[2023/09/06 15:52:29 684] lgi        502  prot_type=tcp  
[2023/09/06 15:52:29 685] lgi        653  SYS_MSG_UNLOAD  go bg!  
[2023/09/06 15:52:33 440] lgi        657  SYS_MSG_SHUTDOWN  
============================================================
Time  2023/09/06 15:52:37 694 
============================================================
[2023/09/06 15:52:37 694] lgi        644  SYS_MSG_LOAD  
[2023/09/06 15:52:37 699] lgi        666  SYS_MSG_REGCB  msp_status_cb  func(70053250) 
[2023/09/06 15:52:37 700] lgi        292  LGI_MSG_INIT  
[2023/09/06 15:52:37 700] lgi        299  lgi  lgi_  268436457  1587021943  
[2023/09/06 15:52:37 700] lgi        332  lgi params:  appid = 5e7d9f3e  
[2023/09/06 15:52:37 701] lgi        346  auth_time_str=  2023/09/06 15:52:37  
[2023/09/06 15:52:37 701] lgi        352  auth_appid=  5e7d9f3e  
[2023/09/06 15:52:37 701] lgi        363  token:  nil  
[2023/09/06 15:52:37 701] lgi        436  msc cver : 5.0.38.1195  
[2023/09/06 15:52:37 701] lgi        479  ns_enable=  1  
[2023/09/06 15:52:37 702] lgi        491  prot_ver=1  
[2023/09/06 15:52:37 702] lgi        502  prot_type=tcp  
[2023/09/06 15:52:37 703] lgi        653  SYS_MSG_UNLOAD  go bg!  
[2023/09/06 15:52:41 464] lgi        657  SYS_MSG_SHUTDOWN  
============================================================
Time  2023/09/06 15:54:28 291 
============================================================
[2023/09/06 15:54:28 291] lgi        644  SYS_MSG_LOAD  
[2023/09/06 15:54:28 295] lgi        666  SYS_MSG_REGCB  msp_status_cb  func(64053250) 
[2023/09/06 15:54:28 296] lgi        292  LGI_MSG_INIT  
[2023/09/06 15:54:28 296] lgi        299  lgi  lgi_  268436457  1587021943  
[2023/09/06 15:54:28 296] lgi        332  lgi params:  appid = 5e7d9f3e  
[2023/09/06 15:54:28 297] lgi        346  auth_time_str=  2023/09/06 15:54:28  
[2023/09/06 15:54:28 297] lgi        352  auth_appid=  5e7d9f3e  
[2023/09/06 15:54:28 297] lgi        363  token:  nil  
[2023/09/06 15:54:28 297] lgi        436  msc cver : 5.0.38.1195  
[2023/09/06 15:54:28 297] lgi        479  ns_enable=  1  
[2023/09/06 15:54:28 297] lgi        491  prot_ver=1  
[2023/09/06 15:54:28 297] lgi        502  prot_type=tcp  
[2023/09/06 15:54:28 298] lgi        653  SYS_MSG_UNLOAD  go bg!  
[2023/09/06 15:54:32 048] lgi        657  SYS_MSG_SHUTDOWN  
============================================================
Time  2023/09/06 15:54:39 082 
============================================================
[2023/09/06 15:54:39 082] lgi        644  SYS_MSG_LOAD  
[2023/09/06 15:54:39 084] lgi        666  SYS_MSG_REGCB  msp_status_cb  func(88053250) 
[2023/09/06 15:54:39 085] lgi        292  LGI_MSG_INIT  
[2023/09/06 15:54:39 085] lgi        299  lgi  lgi_  268436457  1587021943  
[2023/09/06 15:54:39 085] lgi        332  lgi params:  appid = 5e7d9f3e  
[2023/09/06 15:54:39 085] lgi        346  auth_time_str=  2023/09/06 15:54:39  
[2023/09/06 15:54:39 086] lgi        352  auth_appid=  5e7d9f3e  
[2023/09/06 15:54:39 086] lgi        363  token:  nil  
[2023/09/06 15:54:39 086] lgi        436  msc cver : 5.0.38.1195  
[2023/09/06 15:54:39 086] lgi        479  ns_enable=  1  
[2023/09/06 15:54:39 086] lgi        491  prot_ver=1  
[2023/09/06 15:54:39 086] lgi        502  prot_type=tcp  
[2023/09/06 15:54:39 087] lgi        653  SYS_MSG_UNLOAD  go bg!  
[2023/09/06 15:54:42 789] lgi        657  SYS_MSG_SHUTDOWN  
============================================================
Time  2023/09/06 15:55:02 346 
============================================================
[2023/09/06 15:55:02 347] lgi        644  SYS_MSG_LOAD  
[2023/09/06 15:55:02 350] lgi        666  SYS_MSG_REGCB  msp_status_cb  func(80053250) 
[2023/09/06 15:55:02 351] lgi        292  LGI_MSG_INIT  
[2023/09/06 15:55:02 351] lgi        299  lgi  lgi_  268436457  1587021943  
[2023/09/06 15:55:02 352] lgi        332  lgi params:  appid = 5e7d9f3e  
[2023/09/06 15:55:02 352] lgi        346  auth_time_str=  2023/09/06 15:55:02  
[2023/09/06 15:55:02 352] lgi        352  auth_appid=  5e7d9f3e  
[2023/09/06 15:55:02 352] lgi        363  token:  nil  
[2023/09/06 15:55:02 352] lgi        436  msc cver : 5.0.38.1195  
[2023/09/06 15:55:02 352] lgi        479  ns_enable=  1  
[2023/09/06 15:55:02 353] lgi        491  prot_ver=1  
[2023/09/06 15:55:02 353] lgi        502  prot_type=tcp  
[2023/09/06 15:55:02 354] lgi        653  SYS_MSG_UNLOAD  go bg!  
[2023/09/06 15:55:06 096] lgi        657  SYS_MSG_SHUTDOWN  
============================================================
Time  2023/09/06 15:56:08 936 
============================================================
[2023/09/06 15:56:08 936] lgi        644  SYS_MSG_LOAD  
[2023/09/06 15:56:08 941] lgi        666  SYS_MSG_REGCB  msp_status_cb  func(7c013820) 
[2023/09/06 15:56:08 941] lgi        292  LGI_MSG_INIT  
[2023/09/06 15:56:08 941] lgi        299  lgi  lgi_  268436457  1587021943  
[2023/09/06 15:56:08 942] lgi        332  lgi params:  appid = 5e7d9f3e  
[2023/09/06 15:56:08 942] lgi        346  auth_time_str=  2023/09/06 15:56:08  
[2023/09/06 15:56:08 942] lgi        352  auth_appid=  5e7d9f3e  
[2023/09/06 15:56:08 942] lgi        363  token:  nil  
[2023/09/06 15:56:08 942] lgi        436  msc cver : 5.0.38.1195  
[2023/09/06 15:56:08 942] lgi        479  ns_enable=  1  
[2023/09/06 15:56:08 943] lgi        491  prot_ver=1  
[2023/09/06 15:56:08 943] lgi        502  prot_type=tcp  
[2023/09/06 15:56:08 943] lgi        653  SYS_MSG_UNLOAD  go bg!  
[2023/09/06 15:56:12 622] lgi        657  SYS_MSG_SHUTDOWN  
============================================================
Time  2023/09/06 15:56:15 232 
============================================================
[2023/09/06 15:56:15 232] lgi        644  SYS_MSG_LOAD  
[2023/09/06 15:56:15 234] lgi        666  SYS_MSG_REGCB  msp_status_cb  func(70053250) 
[2023/09/06 15:56:15 235] lgi        292  LGI_MSG_INIT  
[2023/09/06 15:56:15 235] lgi        299  lgi  lgi_  268436457  1587021943  
[2023/09/06 15:56:15 235] lgi        332  lgi params:  appid = 5e7d9f3e  
[2023/09/06 15:56:15 236] lgi        346  auth_time_str=  2023/09/06 15:56:15  
[2023/09/06 15:56:15 236] lgi        352  auth_appid=  5e7d9f3e  
[2023/09/06 15:56:15 236] lgi        363  token:  nil  
[2023/09/06 15:56:15 236] lgi        436  msc cver : 5.0.38.1195  
[2023/09/06 15:56:15 236] lgi        479  ns_enable=  1  
[2023/09/06 15:56:15 236] lgi        491  prot_ver=1  
[2023/09/06 15:56:15 236] lgi        502  prot_type=tcp  
[2023/09/06 15:56:15 237] lgi        653  SYS_MSG_UNLOAD  go bg!  
[2023/09/06 15:56:18 958] lgi        657  SYS_MSG_SHUTDOWN  
============================================================
Time  2023/09/06 15:59:22 168 
============================================================
[2023/09/06 15:59:22 168] lgi        644  SYS_MSG_LOAD  
[2023/09/06 15:59:22 171] lgi        666  SYS_MSG_REGCB  msp_status_cb  func(60053250) 
[2023/09/06 15:59:22 171] lgi        292  LGI_MSG_INIT  
[2023/09/06 15:59:22 172] lgi        299  lgi  lgi_  268436457  1587021943  
[2023/09/06 15:59:22 172] lgi        332  lgi params:  appid = 5e7d9f3e  
[2023/09/06 15:59:22 172] lgi        346  auth_time_str=  2023/09/06 15:59:22  
[2023/09/06 15:59:22 172] lgi        352  auth_appid=  5e7d9f3e  
[2023/09/06 15:59:22 172] lgi        363  token:  nil  
[2023/09/06 15:59:22 172] lgi        436  msc cver : 5.0.38.1195  
[2023/09/06 15:59:22 173] lgi        479  ns_enable=  1  
[2023/09/06 15:59:22 173] lgi        491  prot_ver=1  
[2023/09/06 15:59:22 173] lgi        502  prot_type=tcp  
[2023/09/06 15:59:22 174] lgi        653  SYS_MSG_UNLOAD  go bg!  
[2023/09/06 15:59:25 959] lgi        657  SYS_MSG_SHUTDOWN  
============================================================
Time  2023/09/06 15:59:26 007 
============================================================
[2023/09/06 15:59:26 007] lgi        644  SYS_MSG_LOAD  
[2023/09/06 15:59:26 009] lgi        666  SYS_MSG_REGCB  msp_status_cb  func(60013640) 
[2023/09/06 15:59:26 009] lgi        292  LGI_MSG_INIT  
[2023/09/06 15:59:26 009] lgi        299  lgi  lgi_  268436457  1587021943  
[2023/09/06 15:59:26 009] lgi        332  lgi params:  appid = 5e7d9f3e  
[2023/09/06 15:59:26 010] lgi        346  auth_time_str=  2023/09/06 15:59:26  
[2023/09/06 15:59:26 010] lgi        352  auth_appid=  5e7d9f3e  
[2023/09/06 15:59:26 010] lgi        363  token:  nil  
[2023/09/06 15:59:26 010] lgi        436  msc cver : 5.0.38.1195  
[2023/09/06 15:59:26 010] lgi        479  ns_enable=  1  
[2023/09/06 15:59:26 010] lgi        491  prot_ver=1  
[2023/09/06 15:59:26 010] lgi        502  prot_type=tcp  
[2023/09/06 15:59:26 011] lgi        653  SYS_MSG_UNLOAD  go bg!  
[2023/09/06 15:59:29 710] lgi        657  SYS_MSG_SHUTDOWN  
============================================================
Time  2023/09/06 15:59:29 808 
============================================================
[2023/09/06 15:59:29 808] lgi        644  SYS_MSG_LOAD  
[2023/09/06 15:59:29 811] lgi        666  SYS_MSG_REGCB  msp_status_cb  func(70053250) 
[2023/09/06 15:59:29 811] lgi        292  LGI_MSG_INIT  
[2023/09/06 15:59:29 811] lgi        299  lgi  lgi_  268436457  1587021943  
[2023/09/06 15:59:29 812] lgi        332  lgi params:  appid = 5e7d9f3e  
[2023/09/06 15:59:29 812] lgi        346  auth_time_str=  2023/09/06 15:59:29  
[2023/09/06 15:59:29 812] lgi        352  auth_appid=  5e7d9f3e  
[2023/09/06 15:59:29 812] lgi        363  token:  nil  
[2023/09/06 15:59:29 812] lgi        436  msc cver : 5.0.38.1195  
[2023/09/06 15:59:29 812] lgi        479  ns_enable=  1  
[2023/09/06 15:59:29 812] lgi        491  prot_ver=1  
[2023/09/06 15:59:29 813] lgi        502  prot_type=tcp  
[2023/09/06 15:59:29 813] lgi        653  SYS_MSG_UNLOAD  go bg!  
[2023/09/06 15:59:33 515] lgi        657  SYS_MSG_SHUTDOWN  
============================================================
Time  2023/09/06 15:59:33 652 
============================================================
[2023/09/06 15:59:33 652] lgi        644  SYS_MSG_LOAD  
[2023/09/06 15:59:33 656] lgi        666  SYS_MSG_REGCB  msp_status_cb  func(7c053250) 
[2023/09/06 15:59:33 657] lgi        292  LGI_MSG_INIT  
[2023/09/06 15:59:33 657] lgi        299  lgi  lgi_  268436457  1587021943  
[2023/09/06 15:59:33 657] lgi        332  lgi params:  appid = 5e7d9f3e  
[2023/09/06 15:59:33 658] lgi        346  auth_time_str=  2023/09/06 15:59:33  
[2023/09/06 15:59:33 658] lgi        352  auth_appid=  5e7d9f3e  
[2023/09/06 15:59:33 658] lgi        363  token:  nil  
[2023/09/06 15:59:33 658] lgi        436  msc cver : 5.0.38.1195  
[2023/09/06 15:59:33 658] lgi        479  ns_enable=  1  
[2023/09/06 15:59:33 658] lgi        491  prot_ver=1  
[2023/09/06 15:59:33 658] lgi        502  prot_type=tcp  
[2023/09/06 15:59:33 659] lgi        653  SYS_MSG_UNLOAD  go bg!  
[2023/09/06 15:59:37 378] lgi        657  SYS_MSG_SHUTDOWN  
============================================================
Time  2023/09/06 15:59:37 500 
============================================================
[2023/09/06 15:59:37 500] lgi        644  SYS_MSG_LOAD  
[2023/09/06 15:59:37 503] lgi        666  SYS_MSG_REGCB  msp_status_cb  func(7c053250) 
[2023/09/06 15:59:37 503] lgi        292  LGI_MSG_INIT  
[2023/09/06 15:59:37 503] lgi        299  lgi  lgi_  268436457  1587021943  
[2023/09/06 15:59:37 504] lgi        332  lgi params:  appid = 5e7d9f3e  
[2023/09/06 15:59:37 504] lgi        346  auth_time_str=  2023/09/06 15:59:37  
[2023/09/06 15:59:37 504] lgi        352  auth_appid=  5e7d9f3e  
[2023/09/06 15:59:37 504] lgi        363  token:  nil  
[2023/09/06 15:59:37 504] lgi        436  msc cver : 5.0.38.1195  
[2023/09/06 15:59:37 504] lgi        479  ns_enable=  1  
[2023/09/06 15:59:37 505] lgi        491  prot_ver=1  
[2023/09/06 15:59:37 505] lgi        502  prot_type=tcp  
[2023/09/06 15:59:37 505] lgi        653  SYS_MSG_UNLOAD  go bg!  
[2023/09/06 15:59:41 201] lgi        657  SYS_MSG_SHUTDOWN  
============================================================
Time  2023/09/06 15:59:41 319 
============================================================
[2023/09/06 15:59:41 319] lgi        644  SYS_MSG_LOAD  
[2023/09/06 15:59:41 322] lgi        666  SYS_MSG_REGCB  msp_status_cb  func(8c013820) 
[2023/09/06 15:59:41 322] lgi        292  LGI_MSG_INIT  
[2023/09/06 15:59:41 322] lgi        299  lgi  lgi_  268436457  1587021943  
[2023/09/06 15:59:41 323] lgi        332  lgi params:  appid = 5e7d9f3e  
[2023/09/06 15:59:41 323] lgi        346  auth_time_str=  2023/09/06 15:59:41  
[2023/09/06 15:59:41 323] lgi        352  auth_appid=  5e7d9f3e  
[2023/09/06 15:59:41 323] lgi        363  token:  nil  
[2023/09/06 15:59:41 323] lgi        436  msc cver : 5.0.38.1195  
[2023/09/06 15:59:41 323] lgi        479  ns_enable=  1  
[2023/09/06 15:59:41 323] lgi        491  prot_ver=1  
[2023/09/06 15:59:41 323] lgi        502  prot_type=tcp  
[2023/09/06 15:59:41 324] lgi        653  SYS_MSG_UNLOAD  go bg!  
[2023/09/06 15:59:45 136] lgi        657  SYS_MSG_SHUTDOWN  
============================================================
Time  2023/09/06 15:59:45 256 
============================================================
[2023/09/06 15:59:45 256] lgi        644  SYS_MSG_LOAD  
[2023/09/06 15:59:45 259] lgi        666  SYS_MSG_REGCB  msp_status_cb  func(64053250) 
[2023/09/06 15:59:45 260] lgi        292  LGI_MSG_INIT  
[2023/09/06 15:59:45 260] lgi        299  lgi  lgi_  268436457  1587021943  
[2023/09/06 15:59:45 261] lgi        332  lgi params:  appid = 5e7d9f3e  
[2023/09/06 15:59:45 261] lgi        346  auth_time_str=  2023/09/06 15:59:45  
[2023/09/06 15:59:45 261] lgi        352  auth_appid=  5e7d9f3e  
[2023/09/06 15:59:45 261] lgi        363  token:  nil  
[2023/09/06 15:59:45 261] lgi        436  msc cver : 5.0.38.1195  
[2023/09/06 15:59:45 262] lgi        479  ns_enable=  1  
[2023/09/06 15:59:45 262] lgi        491  prot_ver=1  
[2023/09/06 15:59:45 262] lgi        502  prot_type=tcp  
[2023/09/06 15:59:45 263] lgi        653  SYS_MSG_UNLOAD  go bg!  
[2023/09/06 15:59:49 077] lgi        657  SYS_MSG_SHUTDOWN  
============================================================
Time  2023/09/06 15:59:49 178 
============================================================
[2023/09/06 15:59:49 178] lgi        644  SYS_MSG_LOAD  
[2023/09/06 15:59:49 182] lgi        666  SYS_MSG_REGCB  msp_status_cb  func(60053280) 
[2023/09/06 15:59:49 182] lgi        292  LGI_MSG_INIT  
[2023/09/06 15:59:49 183] lgi        299  lgi  lgi_  268436457  1587021943  
[2023/09/06 15:59:49 183] lgi        332  lgi params:  appid = 5e7d9f3e  
[2023/09/06 15:59:49 183] lgi        346  auth_time_str=  2023/09/06 15:59:49  
[2023/09/06 15:59:49 183] lgi        352  auth_appid=  5e7d9f3e  
[2023/09/06 15:59:49 184] lgi        363  token:  nil  
[2023/09/06 15:59:49 184] lgi        436  msc cver : 5.0.38.1195  
[2023/09/06 15:59:49 184] lgi        479  ns_enable=  1  
[2023/09/06 15:59:49 184] lgi        491  prot_ver=1  
[2023/09/06 15:59:49 184] lgi        502  prot_type=tcp  
[2023/09/06 15:59:49 185] lgi        653  SYS_MSG_UNLOAD  go bg!  
[2023/09/06 15:59:52 834] lgi        657  SYS_MSG_SHUTDOWN  
============================================================
Time  2023/09/06 15:59:52 917 
============================================================
[2023/09/06 15:59:52 917] lgi        644  SYS_MSG_LOAD  
[2023/09/06 15:59:52 921] lgi        666  SYS_MSG_REGCB  msp_status_cb  func(5c053070) 
[2023/09/06 15:59:52 921] lgi        292  LGI_MSG_INIT  
[2023/09/06 15:59:52 922] lgi        299  lgi  lgi_  268436457  1587021943  
[2023/09/06 15:59:52 922] lgi        332  lgi params:  appid = 5e7d9f3e  
[2023/09/06 15:59:52 922] lgi        346  auth_time_str=  2023/09/06 15:59:52  
[2023/09/06 15:59:52 922] lgi        352  auth_appid=  5e7d9f3e  
[2023/09/06 15:59:52 923] lgi        363  token:  nil  
[2023/09/06 15:59:52 923] lgi        436  msc cver : 5.0.38.1195  
[2023/09/06 15:59:52 923] lgi        479  ns_enable=  1  
[2023/09/06 15:59:52 923] lgi        491  prot_ver=1  
[2023/09/06 15:59:52 923] lgi        502  prot_type=tcp  
[2023/09/06 15:59:52 924] lgi        653  SYS_MSG_UNLOAD  go bg!  
[2023/09/06 15:59:56 673] lgi        657  SYS_MSG_SHUTDOWN  
============================================================
Time  2023/09/06 15:59:56 733 
============================================================
[2023/09/06 15:59:56 733] lgi        644  SYS_MSG_LOAD  
[2023/09/06 15:59:56 737] lgi        666  SYS_MSG_REGCB  msp_status_cb  func(54053250) 
[2023/09/06 15:59:56 738] lgi        292  LGI_MSG_INIT  
[2023/09/06 15:59:56 738] lgi        299  lgi  lgi_  268436457  1587021943  
[2023/09/06 15:59:56 738] lgi        332  lgi params:  appid = 5e7d9f3e  
[2023/09/06 15:59:56 738] lgi        346  auth_time_str=  2023/09/06 15:59:56  
[2023/09/06 15:59:56 739] lgi        352  auth_appid=  5e7d9f3e  
[2023/09/06 15:59:56 739] lgi        363  token:  nil  
[2023/09/06 15:59:56 739] lgi        436  msc cver : 5.0.38.1195  
[2023/09/06 15:59:56 739] lgi        479  ns_enable=  1  
[2023/09/06 15:59:56 739] lgi        491  prot_ver=1  
[2023/09/06 15:59:56 739] lgi        502  prot_type=tcp  
[2023/09/06 15:59:56 740] lgi        653  SYS_MSG_UNLOAD  go bg!  
[2023/09/06 16:00:00 563] lgi        657  SYS_MSG_SHUTDOWN  
============================================================
Time  2023/09/06 16:00:00 664 
============================================================
[2023/09/06 16:00:00 664] lgi        644  SYS_MSG_LOAD  
[2023/09/06 16:00:00 668] lgi        666  SYS_MSG_REGCB  msp_status_cb  func(84053250) 
[2023/09/06 16:00:00 669] lgi        292  LGI_MSG_INIT  
[2023/09/06 16:00:00 669] lgi        299  lgi  lgi_  268436457  1587021943  
[2023/09/06 16:00:00 669] lgi        332  lgi params:  appid = 5e7d9f3e  
[2023/09/06 16:00:00 670] lgi        346  auth_time_str=  2023/09/06 16:00:00  
[2023/09/06 16:00:00 670] lgi        352  auth_appid=  5e7d9f3e  
[2023/09/06 16:00:00 670] lgi        363  token:  nil  
[2023/09/06 16:00:00 670] lgi        436  msc cver : 5.0.38.1195  
[2023/09/06 16:00:00 670] lgi        479  ns_enable=  1  
[2023/09/06 16:00:00 670] lgi        491  prot_ver=1  
[2023/09/06 16:00:00 671] lgi        502  prot_type=tcp  
[2023/09/06 16:00:00 671] lgi        653  SYS_MSG_UNLOAD  go bg!  
[2023/09/06 16:00:04 459] lgi        657  SYS_MSG_SHUTDOWN  
============================================================
Time  2023/09/06 16:00:04 540 
============================================================
[2023/09/06 16:00:04 540] lgi        644  SYS_MSG_LOAD  
[2023/09/06 16:00:04 543] lgi        666  SYS_MSG_REGCB  msp_status_cb  func(68013640) 
[2023/09/06 16:00:04 544] lgi        292  LGI_MSG_INIT  
[2023/09/06 16:00:04 544] lgi        299  lgi  lgi_  268436457  1587021943  
[2023/09/06 16:00:04 545] lgi        332  lgi params:  appid = 5e7d9f3e  
[2023/09/06 16:00:04 545] lgi        346  auth_time_str=  2023/09/06 16:00:04  
[2023/09/06 16:00:04 545] lgi        352  auth_appid=  5e7d9f3e  
[2023/09/06 16:00:04 545] lgi        363  token:  nil  
[2023/09/06 16:00:04 545] lgi        436  msc cver : 5.0.38.1195  
[2023/09/06 16:00:04 546] lgi        479  ns_enable=  1  
[2023/09/06 16:00:04 546] lgi        491  prot_ver=1  
[2023/09/06 16:00:04 546] lgi        502  prot_type=tcp  
[2023/09/06 16:00:04 547] lgi        653  SYS_MSG_UNLOAD  go bg!  
[2023/09/06 16:00:08 289] lgi        657  SYS_MSG_SHUTDOWN  
============================================================
Time  2023/09/06 16:00:08 370 
============================================================
[2023/09/06 16:00:08 370] lgi        644  SYS_MSG_LOAD  
[2023/09/06 16:00:08 373] lgi        666  SYS_MSG_REGCB  msp_status_cb  func(78053070) 
[2023/09/06 16:00:08 373] lgi        292  LGI_MSG_INIT  
[2023/09/06 16:00:08 373] lgi        299  lgi  lgi_  268436457  1587021943  
[2023/09/06 16:00:08 374] lgi        332  lgi params:  appid = 5e7d9f3e  
[2023/09/06 16:00:08 374] lgi        346  auth_time_str=  2023/09/06 16:00:08  
[2023/09/06 16:00:08 374] lgi        352  auth_appid=  5e7d9f3e  
[2023/09/06 16:00:08 374] lgi        363  token:  nil  
[2023/09/06 16:00:08 374] lgi        436  msc cver : 5.0.38.1195  
[2023/09/06 16:00:08 374] lgi        479  ns_enable=  1  
[2023/09/06 16:00:08 374] lgi        491  prot_ver=1  
[2023/09/06 16:00:08 374] lgi        502  prot_type=tcp  
[2023/09/06 16:00:08 375] lgi        653  SYS_MSG_UNLOAD  go bg!  
[2023/09/06 16:00:12 107] lgi        657  SYS_MSG_SHUTDOWN  
============================================================
Time  2023/09/06 16:00:12 246 
============================================================
[2023/09/06 16:00:12 246] lgi        644  SYS_MSG_LOAD  
[2023/09/06 16:00:12 250] lgi        666  SYS_MSG_REGCB  msp_status_cb  func(84053070) 
[2023/09/06 16:00:12 251] lgi        292  LGI_MSG_INIT  
[2023/09/06 16:00:12 251] lgi        299  lgi  lgi_  268436457  1587021943  
[2023/09/06 16:00:12 251] lgi        332  lgi params:  appid = 5e7d9f3e  
[2023/09/06 16:00:12 251] lgi        346  auth_time_str=  2023/09/06 16:00:12  
[2023/09/06 16:00:12 252] lgi        352  auth_appid=  5e7d9f3e  
[2023/09/06 16:00:12 252] lgi        363  token:  nil  
[2023/09/06 16:00:12 252] lgi        436  msc cver : 5.0.38.1195  
[2023/09/06 16:00:12 252] lgi        479  ns_enable=  1  
[2023/09/06 16:00:12 252] lgi        491  prot_ver=1  
[2023/09/06 16:00:12 253] lgi        502  prot_type=tcp  
[2023/09/06 16:00:12 253] lgi        653  SYS_MSG_UNLOAD  go bg!  
[2023/09/06 16:00:15 958] lgi        657  SYS_MSG_SHUTDOWN  
============================================================
Time  2023/09/06 16:00:16 063 
============================================================
[2023/09/06 16:00:16 063] lgi        644  SYS_MSG_LOAD  
[2023/09/06 16:00:16 066] lgi        666  SYS_MSG_REGCB  msp_status_cb  func(8c053250) 
[2023/09/06 16:00:16 066] lgi        292  LGI_MSG_INIT  
[2023/09/06 16:00:16 066] lgi        299  lgi  lgi_  268436457  1587021943  
[2023/09/06 16:00:16 067] lgi        332  lgi params:  appid = 5e7d9f3e  
[2023/09/06 16:00:16 067] lgi        346  auth_time_str=  2023/09/06 16:00:16  
[2023/09/06 16:00:16 067] lgi        352  auth_appid=  5e7d9f3e  
[2023/09/06 16:00:16 067] lgi        363  token:  nil  
[2023/09/06 16:00:16 067] lgi        436  msc cver : 5.0.38.1195  
[2023/09/06 16:00:16 067] lgi        479  ns_enable=  1  
[2023/09/06 16:00:16 067] lgi        491  prot_ver=1  
[2023/09/06 16:00:16 067] lgi        502  prot_type=tcp  
[2023/09/06 16:00:16 068] lgi        653  SYS_MSG_UNLOAD  go bg!  
[2023/09/06 16:00:19 870] lgi        657  SYS_MSG_SHUTDOWN  
============================================================
Time  2023/09/06 16:00:20 013 
============================================================
[2023/09/06 16:00:20 013] lgi        644  SYS_MSG_LOAD  
[2023/09/06 16:00:20 017] lgi        666  SYS_MSG_REGCB  msp_status_cb  func(68053250) 
[2023/09/06 16:00:20 017] lgi        292  LGI_MSG_INIT  
[2023/09/06 16:00:20 018] lgi        299  lgi  lgi_  268436457  1587021943  
[2023/09/06 16:00:20 018] lgi        332  lgi params:  appid = 5e7d9f3e  
[2023/09/06 16:00:20 018] lgi        346  auth_time_str=  2023/09/06 16:00:19  
[2023/09/06 16:00:20 018] lgi        352  auth_appid=  5e7d9f3e  
[2023/09/06 16:00:20 019] lgi        363  token:  nil  
[2023/09/06 16:00:20 019] lgi        436  msc cver : 5.0.38.1195  
[2023/09/06 16:00:20 019] lgi        479  ns_enable=  1  
[2023/09/06 16:00:20 019] lgi        491  prot_ver=1  
[2023/09/06 16:00:20 019] lgi        502  prot_type=tcp  
[2023/09/06 16:00:20 020] lgi        653  SYS_MSG_UNLOAD  go bg!  
[2023/09/06 16:00:23 746] lgi        657  SYS_MSG_SHUTDOWN  
============================================================
Time  2023/09/06 16:00:23 816 
============================================================
[2023/09/06 16:00:23 816] lgi        644  SYS_MSG_LOAD  
[2023/09/06 16:00:23 818] lgi        666  SYS_MSG_REGCB  msp_status_cb  func(64053280) 
[2023/09/06 16:00:23 819] lgi        292  LGI_MSG_INIT  
[2023/09/06 16:00:23 819] lgi        299  lgi  lgi_  268436457  1587021943  
[2023/09/06 16:00:23 819] lgi        332  lgi params:  appid = 5e7d9f3e  
[2023/09/06 16:00:23 820] lgi        346  auth_time_str=  2023/09/06 16:00:23  
[2023/09/06 16:00:23 820] lgi        352  auth_appid=  5e7d9f3e  
[2023/09/06 16:00:23 820] lgi        363  token:  nil  
[2023/09/06 16:00:23 820] lgi        436  msc cver : 5.0.38.1195  
[2023/09/06 16:00:23 820] lgi        479  ns_enable=  1  
[2023/09/06 16:00:23 820] lgi        491  prot_ver=1  
[2023/09/06 16:00:23 820] lgi        502  prot_type=tcp  
[2023/09/06 16:00:23 822] lgi        653  SYS_MSG_UNLOAD  go bg!  
[2023/09/06 16:00:27 596] lgi        657  SYS_MSG_SHUTDOWN  
============================================================
Time  2023/09/06 16:00:27 675 
============================================================
[2023/09/06 16:00:27 675] lgi        644  SYS_MSG_LOAD  
[2023/09/06 16:00:27 679] lgi        666  SYS_MSG_REGCB  msp_status_cb  func(78053250) 
[2023/09/06 16:00:27 679] lgi        292  LGI_MSG_INIT  
[2023/09/06 16:00:27 679] lgi        299  lgi  lgi_  268436457  1587021943  
[2023/09/06 16:00:27 680] lgi        332  lgi params:  appid = 5e7d9f3e  
[2023/09/06 16:00:27 680] lgi        346  auth_time_str=  2023/09/06 16:00:27  
[2023/09/06 16:00:27 680] lgi        352  auth_appid=  5e7d9f3e  
[2023/09/06 16:00:27 680] lgi        363  token:  nil  
[2023/09/06 16:00:27 680] lgi        436  msc cver : 5.0.38.1195  
[2023/09/06 16:00:27 680] lgi        479  ns_enable=  1  
[2023/09/06 16:00:27 680] lgi        491  prot_ver=1  
[2023/09/06 16:00:27 680] lgi        502  prot_type=tcp  
[2023/09/06 16:00:27 682] lgi        653  SYS_MSG_UNLOAD  go bg!  
[2023/09/06 16:00:31 390] lgi        657  SYS_MSG_SHUTDOWN  
============================================================
Time  2023/09/06 16:01:59 615 
============================================================
[2023/09/06 16:01:59 615] lgi        644  SYS_MSG_LOAD  
[2023/09/06 16:01:59 618] lgi        666  SYS_MSG_REGCB  msp_status_cb  func(5c053070) 
[2023/09/06 16:01:59 618] lgi        292  LGI_MSG_INIT  
[2023/09/06 16:01:59 618] lgi        299  lgi  lgi_  268436457  1587021943  
[2023/09/06 16:01:59 619] lgi        332  lgi params:  appid = 5e7d9f3e  
[2023/09/06 16:01:59 619] lgi        346  auth_time_str=  2023/09/06 16:01:59  
[2023/09/06 16:01:59 619] lgi        352  auth_appid=  5e7d9f3e  
[2023/09/06 16:01:59 619] lgi        363  token:  nil  
[2023/09/06 16:01:59 619] lgi        436  msc cver : 5.0.38.1195  
[2023/09/06 16:01:59 619] lgi        479  ns_enable=  1  
[2023/09/06 16:01:59 619] lgi        491  prot_ver=1  
[2023/09/06 16:01:59 620] lgi        502  prot_type=tcp  
[2023/09/06 16:01:59 620] lgi        653  SYS_MSG_UNLOAD  go bg!  
[2023/09/06 16:02:03 443] lgi        657  SYS_MSG_SHUTDOWN  
============================================================
Time  2023/09/06 16:02:04 424 
============================================================
[2023/09/06 16:02:04 424] lgi        644  SYS_MSG_LOAD  
[2023/09/06 16:02:04 429] lgi        666  SYS_MSG_REGCB  msp_status_cb  func(88053250) 
[2023/09/06 16:02:04 429] lgi        292  LGI_MSG_INIT  
[2023/09/06 16:02:04 430] lgi        299  lgi  lgi_  268436457  1587021943  
[2023/09/06 16:02:04 430] lgi        332  lgi params:  appid = 5e7d9f3e  
[2023/09/06 16:02:04 430] lgi        346  auth_time_str=  2023/09/06 16:02:04  
[2023/09/06 16:02:04 431] lgi        352  auth_appid=  5e7d9f3e  
[2023/09/06 16:02:04 431] lgi        363  token:  nil  
[2023/09/06 16:02:04 431] lgi        436  msc cver : 5.0.38.1195  
[2023/09/06 16:02:04 431] lgi        479  ns_enable=  1  
[2023/09/06 16:02:04 431] lgi        491  prot_ver=1  
[2023/09/06 16:02:04 432] lgi        502  prot_type=tcp  
[2023/09/06 16:02:04 433] lgi        653  SYS_MSG_UNLOAD  go bg!  
[2023/09/06 16:02:08 155] lgi        657  SYS_MSG_SHUTDOWN  
============================================================
Time  2023/09/06 16:02:08 229 
============================================================
[2023/09/06 16:02:08 229] lgi        644  SYS_MSG_LOAD  
[2023/09/06 16:02:08 231] lgi        666  SYS_MSG_REGCB  msp_status_cb  func(8c013640) 
[2023/09/06 16:02:08 232] lgi        292  LGI_MSG_INIT  
[2023/09/06 16:02:08 232] lgi        299  lgi  lgi_  268436457  1587021943  
[2023/09/06 16:02:08 232] lgi        332  lgi params:  appid = 5e7d9f3e  
[2023/09/06 16:02:08 232] lgi        346  auth_time_str=  2023/09/06 16:02:08  
[2023/09/06 16:02:08 232] lgi        352  auth_appid=  5e7d9f3e  
[2023/09/06 16:02:08 233] lgi        363  token:  nil  
[2023/09/06 16:02:08 233] lgi        436  msc cver : 5.0.38.1195  
[2023/09/06 16:02:08 233] lgi        479  ns_enable=  1  
[2023/09/06 16:02:08 233] lgi        491  prot_ver=1  
[2023/09/06 16:02:08 233] lgi        502  prot_type=tcp  
[2023/09/06 16:02:08 234] lgi        653  SYS_MSG_UNLOAD  go bg!  
[2023/09/06 16:02:12 113] lgi        657  SYS_MSG_SHUTDOWN  
============================================================
Time  2023/09/06 16:02:12 240 
============================================================
[2023/09/06 16:02:12 240] lgi        644  SYS_MSG_LOAD  
[2023/09/06 16:02:12 246] lgi        666  SYS_MSG_REGCB  msp_status_cb  func(64053070) 
[2023/09/06 16:02:12 247] lgi        292  LGI_MSG_INIT  
[2023/09/06 16:02:12 248] lgi        299  lgi  lgi_  268436457  1587021943  
[2023/09/06 16:02:12 248] lgi        332  lgi params:  appid = 5e7d9f3e  
[2023/09/06 16:02:12 248] lgi        346  auth_time_str=  2023/09/06 16:02:12  
[2023/09/06 16:02:12 249] lgi        352  auth_appid=  5e7d9f3e  
[2023/09/06 16:02:12 249] lgi        363  token:  nil  
[2023/09/06 16:02:12 249] lgi        436  msc cver : 5.0.38.1195  
[2023/09/06 16:02:12 250] lgi        479  ns_enable=  1  
[2023/09/06 16:02:12 250] lgi        491  prot_ver=1  
[2023/09/06 16:02:12 250] lgi        502  prot_type=tcp  
[2023/09/06 16:02:12 252] lgi        653  SYS_MSG_UNLOAD  go bg!  
[2023/09/06 16:02:15 951] lgi        657  SYS_MSG_SHUTDOWN  
============================================================
Time  2023/09/06 16:02:16 019 
============================================================
[2023/09/06 16:02:16 019] lgi        644  SYS_MSG_LOAD  
[2023/09/06 16:02:16 022] lgi        666  SYS_MSG_REGCB  msp_status_cb  func(64053250) 
[2023/09/06 16:02:16 022] lgi        292  LGI_MSG_INIT  
[2023/09/06 16:02:16 022] lgi        299  lgi  lgi_  268436457  1587021943  
[2023/09/06 16:02:16 023] lgi        332  lgi params:  appid = 5e7d9f3e  
[2023/09/06 16:02:16 023] lgi        346  auth_time_str=  2023/09/06 16:02:16  
[2023/09/06 16:02:16 023] lgi        352  auth_appid=  5e7d9f3e  
[2023/09/06 16:02:16 023] lgi        363  token:  nil  
[2023/09/06 16:02:16 023] lgi        436  msc cver : 5.0.38.1195  
[2023/09/06 16:02:16 023] lgi        479  ns_enable=  1  
[2023/09/06 16:02:16 023] lgi        491  prot_ver=1  
[2023/09/06 16:02:16 023] lgi        502  prot_type=tcp  
[2023/09/06 16:02:16 024] lgi        653  SYS_MSG_UNLOAD  go bg!  
[2023/09/06 16:02:19 623] lgi        657  SYS_MSG_SHUTDOWN  
============================================================
Time  2023/09/06 16:05:19 441 
============================================================
[2023/09/06 16:05:19 441] lgi        644  SYS_MSG_LOAD  
[2023/09/06 16:05:19 444] lgi        666  SYS_MSG_REGCB  msp_status_cb  func(5c053250) 
[2023/09/06 16:05:19 445] lgi        292  LGI_MSG_INIT  
[2023/09/06 16:05:19 445] lgi        299  lgi  lgi_  268436457  1587021943  
[2023/09/06 16:05:19 445] lgi        332  lgi params:  appid = 5e7d9f3e  
[2023/09/06 16:05:19 445] lgi        346  auth_time_str=  2023/09/06 16:05:19  
[2023/09/06 16:05:19 445] lgi        352  auth_appid=  5e7d9f3e  
[2023/09/06 16:05:19 446] lgi        363  token:  nil  
[2023/09/06 16:05:19 446] lgi        436  msc cver : 5.0.38.1195  
[2023/09/06 16:05:19 446] lgi        479  ns_enable=  1  
[2023/09/06 16:05:19 446] lgi        491  prot_ver=1  
[2023/09/06 16:05:19 446] lgi        502  prot_type=tcp  
[2023/09/06 16:05:19 447] lgi        653  SYS_MSG_UNLOAD  go bg!  
[2023/09/06 16:05:23 169] lgi        657  SYS_MSG_SHUTDOWN  
============================================================
Time  2023/09/06 16:05:23 275 
============================================================
[2023/09/06 16:05:23 276] lgi        644  SYS_MSG_LOAD  
[2023/09/06 16:05:23 281] lgi        666  SYS_MSG_REGCB  msp_status_cb  func(68053250) 
[2023/09/06 16:05:23 282] lgi        292  LGI_MSG_INIT  
[2023/09/06 16:05:23 283] lgi        299  lgi  lgi_  268436457  1587021943  
[2023/09/06 16:05:23 284] lgi        332  lgi params:  appid = 5e7d9f3e  
[2023/09/06 16:05:23 284] lgi        346  auth_time_str=  2023/09/06 16:05:23  
[2023/09/06 16:05:23 284] lgi        352  auth_appid=  5e7d9f3e  
[2023/09/06 16:05:23 284] lgi        363  token:  nil  
[2023/09/06 16:05:23 284] lgi        436  msc cver : 5.0.38.1195  
[2023/09/06 16:05:23 285] lgi        479  ns_enable=  1  
[2023/09/06 16:05:23 285] lgi        491  prot_ver=1  
[2023/09/06 16:05:23 285] lgi        502  prot_type=tcp  
[2023/09/06 16:05:23 286] lgi        653  SYS_MSG_UNLOAD  go bg!  
[2023/09/06 16:05:27 020] lgi        657  SYS_MSG_SHUTDOWN  
============================================================
Time  2023/09/06 16:05:27 124 
============================================================
[2023/09/06 16:05:27 124] lgi        644  SYS_MSG_LOAD  
[2023/09/06 16:05:27 129] lgi        666  SYS_MSG_REGCB  msp_status_cb  func(6c053070) 
[2023/09/06 16:05:27 129] lgi        292  LGI_MSG_INIT  
[2023/09/06 16:05:27 130] lgi        299  lgi  lgi_  268436457  1587021943  
[2023/09/06 16:05:27 130] lgi        332  lgi params:  appid = 5e7d9f3e  
[2023/09/06 16:05:27 130] lgi        346  auth_time_str=  2023/09/06 16:05:27  
[2023/09/06 16:05:27 131] lgi        352  auth_appid=  5e7d9f3e  
[2023/09/06 16:05:27 131] lgi        363  token:  nil  
[2023/09/06 16:05:27 131] lgi        436  msc cver : 5.0.38.1195  
[2023/09/06 16:05:27 131] lgi        479  ns_enable=  1  
[2023/09/06 16:05:27 131] lgi        491  prot_ver=1  
[2023/09/06 16:05:27 131] lgi        502  prot_type=tcp  
[2023/09/06 16:05:27 132] lgi        653  SYS_MSG_UNLOAD  go bg!  
[2023/09/06 16:05:30 931] lgi        657  SYS_MSG_SHUTDOWN  
============================================================
Time  2023/09/06 16:05:31 046 
============================================================
[2023/09/06 16:05:31 046] lgi        644  SYS_MSG_LOAD  
[2023/09/06 16:05:31 051] lgi        666  SYS_MSG_REGCB  msp_status_cb  func(88013820) 
[2023/09/06 16:05:31 051] lgi        292  LGI_MSG_INIT  
[2023/09/06 16:05:31 052] lgi        299  lgi  lgi_  268436457  1587021943  
[2023/09/06 16:05:31 052] lgi        332  lgi params:  appid = 5e7d9f3e  
[2023/09/06 16:05:31 052] lgi        346  auth_time_str=  2023/09/06 16:05:31  
[2023/09/06 16:05:31 052] lgi        352  auth_appid=  5e7d9f3e  
[2023/09/06 16:05:31 053] lgi        363  token:  nil  
[2023/09/06 16:05:31 053] lgi        436  msc cver : 5.0.38.1195  
[2023/09/06 16:05:31 053] lgi        479  ns_enable=  1  
[2023/09/06 16:05:31 053] lgi        491  prot_ver=1  
[2023/09/06 16:05:31 053] lgi        502  prot_type=tcp  
[2023/09/06 16:05:31 054] lgi        653  SYS_MSG_UNLOAD  go bg!  
[2023/09/06 16:05:34 751] lgi        657  SYS_MSG_SHUTDOWN  
============================================================
Time  2023/09/06 16:05:34 801 
============================================================
[2023/09/06 16:05:34 801] lgi        644  SYS_MSG_LOAD  
[2023/09/06 16:05:34 802] lgi        666  SYS_MSG_REGCB  msp_status_cb  func(78013640) 
[2023/09/06 16:05:34 802] lgi        292  LGI_MSG_INIT  
[2023/09/06 16:05:34 803] lgi        299  lgi  lgi_  268436457  1587021943  
[2023/09/06 16:05:34 803] lgi        332  lgi params:  appid = 5e7d9f3e  
[2023/09/06 16:05:34 803] lgi        346  auth_time_str=  2023/09/06 16:05:34  
[2023/09/06 16:05:34 803] lgi        352  auth_appid=  5e7d9f3e  
[2023/09/06 16:05:34 803] lgi        363  token:  nil  
[2023/09/06 16:05:34 803] lgi        436  msc cver : 5.0.38.1195  
[2023/09/06 16:05:34 803] lgi        479  ns_enable=  1  
[2023/09/06 16:05:34 803] lgi        491  prot_ver=1  
[2023/09/06 16:05:34 803] lgi        502  prot_type=tcp  
[2023/09/06 16:05:34 804] lgi        653  SYS_MSG_UNLOAD  go bg!  
[2023/09/06 16:05:38 533] lgi        657  SYS_MSG_SHUTDOWN  
============================================================
Time  2023/09/06 16:05:38 644 
============================================================
[2023/09/06 16:05:38 644] lgi        644  SYS_MSG_LOAD  
[2023/09/06 16:05:38 647] lgi        666  SYS_MSG_REGCB  msp_status_cb  func(5c013640) 
[2023/09/06 16:05:38 648] lgi        292  LGI_MSG_INIT  
[2023/09/06 16:05:38 648] lgi        299  lgi  lgi_  268436457  1587021943  
[2023/09/06 16:05:38 649] lgi        332  lgi params:  appid = 5e7d9f3e  
[2023/09/06 16:05:38 649] lgi        346  auth_time_str=  2023/09/06 16:05:38  
[2023/09/06 16:05:38 649] lgi        352  auth_appid=  5e7d9f3e  
[2023/09/06 16:05:38 649] lgi        363  token:  nil  
[2023/09/06 16:05:38 649] lgi        436  msc cver : 5.0.38.1195  
[2023/09/06 16:05:38 650] lgi        479  ns_enable=  1  
[2023/09/06 16:05:38 650] lgi        491  prot_ver=1  
[2023/09/06 16:05:38 650] lgi        502  prot_type=tcp  
[2023/09/06 16:05:38 651] lgi        653  SYS_MSG_UNLOAD  go bg!  
[2023/09/06 16:05:42 543] lgi        657  SYS_MSG_SHUTDOWN  
