============================================================
Time  2023/09/06 15:41:03 382 
============================================================
[2023/09/06 15:41:03 382] isr_local  2168 os_type is:  Linux  
[2023/09/06 15:41:03 382] isr_local  2177 SYS_MSG_LOAD_LOCAL  
[2023/09/06 15:41:03 383] isr_local  2206 SYS_MSG_REGCB_LOCAL| param0 =  msp_status_cb  
[2023/09/06 15:41:03 383] isr_local  2265 last gc at  1693986063  
[2023/09/06 15:41:03 383] isr_local  2206 SYS_MSG_REGCB_LOCAL| param0 =  build_grm_cb  
[2023/09/06 15:41:03 383] isr_local  2265 last gc at  1693986063  
[2023/09/06 15:41:03 384] isr_local  2219 ASR_LOCAL_MSG_BUILD_GRM  
[2023/09/06 15:41:03 384] isr_local  1860 grm_init | params:  engine_type = local, 		asr_res_path = fo|res/asr/common.jet, sample_rate = 16000, 		grm_build_path = res/asr/GrmBuilld,   
[2023/09/06 15:41:03 384] isr_local  803  engine_type  :  local  
[2023/09/06 15:41:03 384] isr_local  803  asr_res_path  :  fo|res/asr/common.jet  
[2023/09/06 15:41:03 385] isr_local  803  sample_rate  :  16000  
[2023/09/06 15:41:03 385] isr_local  803  grm_build_path  :  res/asr/GrmBuilld  
[2023/09/06 15:41:03 386] isr_local  1000 file count =   1  
[2023/09/06 15:41:03 386] isr_local  923  file open type is:   fo  
[2023/09/06 15:41:03 386] isr_local  956  res/asr/common.jet  0  0  
[2023/09/06 15:41:03 386] isr_local  1018 speech_plus_setting  0  
[2023/09/06 15:41:03 387] isr_local  1031 2  nil  res/asr/common.jet  0  0  
[2023/09/06 15:41:03 387] isr_local  1033 res_ver  2  
[2023/09/06 15:41:03 387] isr_local  1034 res 5  62dd61c88201165be2937d82ec3543bf  
[2023/09/06 15:41:03 387] isr_local  1035 res_new_old_mark  v5pp  
[2023/09/06 15:41:03 387] isr_local  1036 res_usr_name  ""  
[2023/09/06 15:41:03 387] isr_local  1037 res_expires    
[2023/09/06 15:41:03 387] isr_local  1038 err  0  
[2023/09/06 15:41:03 388] isr_local  1054 lgi appid 5  62dd61c88201165be2937d82ec3543bf  
[2023/09/06 15:41:03 388] isr_local  1065 res_expires is null  
[2023/09/06 15:41:03 389] isr_local  1601 proc_retcode_grm | errorcode =  0  
[2023/09/06 15:41:03 438] isr_local  1979 grammar id:call  
[2023/09/06 15:41:03 439] isr_local  1593 onGrmLocalServiceCb  0  call  
