============================================================
Time  2023/09/06 15:23:40 530 
============================================================
[2023/09/06 15:23:40 530] waiter     120  waiter loaded!  
[2023/09/06 15:23:40 530] network    627  redns  def  open.xf-yun.com  
[2023/09/06 15:23:40 530] network    263  gethostbyname  open.xf-yun.com  redns1  
[2023/09/06 15:23:40 530] waiter     196  last gc at  1693985020  
============================================================
Time  2023/09/06 15:40:30 858 
============================================================
[2023/09/06 15:40:30 858] waiter     120  waiter loaded!  
[2023/09/06 15:40:30 860] network    627  redns  def  open.xf-yun.com  
[2023/09/06 15:40:30 860] network    263  gethostbyname  open.xf-yun.com  redns1  
[2023/09/06 15:40:30 861] waiter     196  last gc at  1693986030  
============================================================
Time  2023/09/06 15:40:46 331 
============================================================
[2023/09/06 15:40:46 331] waiter     120  waiter loaded!  
[2023/09/06 15:40:46 334] network    627  redns  def  open.xf-yun.com  
[2023/09/06 15:40:46 335] network    263  gethostbyname  open.xf-yun.com  redns1  
[2023/09/06 15:40:46 335] waiter     196  last gc at  1693986046  
============================================================
Time  2023/09/06 15:42:19 981 
============================================================
[2023/09/06 15:42:19 981] waiter     120  waiter loaded!  
[2023/09/06 15:42:19 982] network    627  redns  def  open.xf-yun.com  
[2023/09/06 15:42:19 982] network    263  gethostbyname  open.xf-yun.com  redns1  
[2023/09/06 15:42:19 982] waiter     196  last gc at  1693986139  
============================================================
Time  2023/09/06 15:48:11 560 
============================================================
[2023/09/06 15:48:11 560] waiter     120  waiter loaded!  
[2023/09/06 15:48:11 560] network    627  redns  def  open.xf-yun.com  
[2023/09/06 15:48:11 560] network    263  gethostbyname  open.xf-yun.com  redns1  
[2023/09/06 15:48:11 560] waiter     196  last gc at  1693986491  
============================================================
Time  2023/09/06 15:52:22 912 
============================================================
[2023/09/06 15:52:22 912] waiter     120  waiter loaded!  
[2023/09/06 15:52:22 912] network    627  redns  def  open.xf-yun.com  
[2023/09/06 15:52:22 912] network    263  gethostbyname  open.xf-yun.com  redns1  
[2023/09/06 15:52:22 912] waiter     196  last gc at  1693986742  
============================================================
Time  2023/09/06 15:52:41 285 
============================================================
[2023/09/06 15:52:41 285] waiter     120  waiter loaded!  
[2023/09/06 15:52:41 286] network    627  redns  def  open.xf-yun.com  
[2023/09/06 15:52:41 286] network    263  gethostbyname  open.xf-yun.com  redns1  
[2023/09/06 15:52:41 286] waiter     196  last gc at  1693986761  
============================================================
Time  2023/09/06 15:54:31 883 
============================================================
[2023/09/06 15:54:31 883] waiter     120  waiter loaded!  
[2023/09/06 15:54:31 887] network    627  redns  def  open.xf-yun.com  
[2023/09/06 15:54:31 888] network    263  gethostbyname  open.xf-yun.com  redns1  
[2023/09/06 15:54:31 890] waiter     196  last gc at  1693986871  
============================================================
Time  2023/09/06 15:54:42 669 
============================================================
[2023/09/06 15:54:42 669] waiter     120  waiter loaded!  
[2023/09/06 15:54:42 669] network    627  redns  def  open.xf-yun.com  
[2023/09/06 15:54:42 669] network    263  gethostbyname  open.xf-yun.com  redns1  
[2023/09/06 15:54:42 669] waiter     196  last gc at  1693986882  
============================================================
Time  2023/09/06 15:56:12 486 
============================================================
[2023/09/06 15:56:12 486] waiter     120  waiter loaded!  
[2023/09/06 15:56:12 487] network    627  redns  def  open.xf-yun.com  
[2023/09/06 15:56:12 487] network    263  gethostbyname  open.xf-yun.com  redns1  
[2023/09/06 15:56:12 487] waiter     196  last gc at  1693986972  
============================================================
Time  2023/09/06 15:59:25 816 
============================================================
[2023/09/06 15:59:25 816] waiter     120  waiter loaded!  
[2023/09/06 15:59:25 819] network    627  redns  def  open.xf-yun.com  
[2023/09/06 15:59:25 820] network    263  gethostbyname  open.xf-yun.com  redns1  
[2023/09/06 15:59:25 820] waiter     196  last gc at  1693987165  
============================================================
Time  2023/09/06 16:05:22 983 
============================================================
[2023/09/06 16:05:22 983] waiter     120  waiter loaded!  
[2023/09/06 16:05:22 984] network    627  redns  def  open.xf-yun.com  
[2023/09/06 16:05:22 985] network    263  gethostbyname  open.xf-yun.com  redns1  
[2023/09/06 16:05:22 985] waiter     196  last gc at  1693987522  
